{
  "row": "W-GAME-05",
  "status": "PASS",
  "startedUtc": "2026-10-07T07:24:55.111336+00:00",
  "recorded": true,
  "player": "~/wkspace/gc-studio/p4.2i/.evidence/P42iPlayer/player/Hollowmere.x86_64",
  "executableSha256": "aeaf13e291886fbd5a99b7dbd7c113b8ee13ed462a419a4d31a8ecbc3241ac70",
  "revision": "cb5e2aa20263209df2dea4ee17aa23c50daec0e0",
  "servicesChanged": false,
  "phases": [
    {
      "name": "save-quit",
      "command": [
        "~/wkspace/gc-studio/p4.2i/.evidence/P42iPlayer/player/Hollowmere.x86_64",
        "-screen-fullscreen",
        "1",
        "-screen-width",
        "1920",
        "-screen-height",
        "1080",
        "-autoplay",
        "~/wkspace/gc-studio/p4.2i/.evidence/P42iLifecycle/save-quit.autoplay",
        "-saveDir",
        "~/wkspace/gc-studio/p4.2i/.evidence/P42iLifecycle/saves",
        "-frameLog",
        "~/wkspace/gc-studio/p4.2i/.evidence/P42iLifecycle/save-quit-frames.csv",
        "-logFile",
        "~/wkspace/gc-studio/p4.2i/.evidence/P42iLifecycle/save-quit-player.log"
      ],
      "startedUtc": "2026-10-07T07:24:57.112294+00:00",
      "pid": 1737898,
      "exitCode": 0,
      "finishedUtc": "2026-10-07T07:28:21.151967+00:00"
    },
    {
      "name": "load-ending-restart",
      "command": [
        "~/wkspace/gc-studio/p4.2i/.evidence/P42iPlayer/player/Hollowmere.x86_64",
        "-screen-fullscreen",
        "1",
        "-screen-width",
        "1920",
        "-screen-height",
        "1080",
        "-autoplay",
        "~/wkspace/gc-studio/p4.2i/.evidence/P42iLifecycle/load-ending-restart.autoplay",
        "-saveDir",
        "~/wkspace/gc-studio/p4.2i/.evidence/P42iLifecycle/saves",
        "-frameLog",
        "~/wkspace/gc-studio/p4.2i/.evidence/P42iLifecycle/load-ending-restart-frames.csv",
        "-logFile",
        "~/wkspace/gc-studio/p4.2i/.evidence/P42iLifecycle/load-ending-restart-player.log"
      ],
      "startedUtc": "2026-10-07T07:28:23.152723+00:00",
      "pid": 1746387,
      "exitCode": 0,
      "finishedUtc": "2026-10-07T07:30:38.678218+00:00"
    }
  ],
  "failure": "",
  "recordCommand": [
    "ffmpeg",
    "-hide_banner",
    "-nostdin",
    "-loglevel",
    "warning",
    "-n",
    "-f",
    "x11grab",
    "-draw_mouse",
    "0",
    "-framerate",
    "30",
    "-video_size",
    "1920x1080",
    "-thread_queue_size",
    "1024",
    "-i",
    ":1.0",
    "-f",
    "pulse",
    "-thread_queue_size",
    "1024",
    "-i",
    "@DEFAULT_MONITOR@",
    "-c:v",
    "libx264",
    "-preset",
    "veryfast",
    "-crf",
    "23",
    "-pix_fmt",
    "yuv420p",
    "-c:a",
    "aac",
    "-b:a",
    "128k",
    "-movflags",
    "+faststart",
    "~/wkspace/gc-studio/p4.2i/.evidence/P42iLifecycle/playthrough.mp4"
  ],
  "recorderExit": 255,
  "finishedUtc": "2026-10-07T07:30:40.907723+00:00"
}
