[2026-10-07T18:32:30.329Z][INFO] Command-line: ~/Unity/Hub/Editor/6000.0.75f1/Editor/Data/Resources/PackageManager/Server/UnityPackageManager -s 3784381 -ipc -ipc-path /tmp/Unity-Upm-3784381.sock -l 2 --log-file ~/wkspace/gc-studio/p4.2k/artifacts/studio/verification/W-UI-02/p42k-fence-20261007T183229.565380Z/upm.log
[2026-10-07T18:32:30.338Z][INFO] IPC server started (IPC path=/tmp/Unity-Upm-3784381.sock).
[2026-10-07T18:32:30.338Z][INFO] Hint: To connect to this UPM instance, launch Unity with the command-line parameter -upmIpcPath Upm-3784381.
[2026-10-07T18:32:31.086Z][INFO] project:add-dependency <-- Request received
params: {
  "packageId": "com.unity.toolchain.linux-x86_64"
}
[2026-10-07T18:32:50.889Z][INFO] project:add-dependency --> 200 (19803 ms)
[2026-10-07T18:32:51.212Z][INFO] project:list-packages <-- Request received
params: {}
[2026-10-07T18:32:51.283Z][INFO] project:list-packages <-- Request received
params: {}
[2026-10-07T18:32:51.297Z][INFO] project:list-packages <-- Request received
params: {}
[2026-10-07T18:32:51.306Z][INFO] config:project:get-registries <-- Request received
params: {}
[2026-10-07T18:32:51.331Z][INFO] config:project:get-registries --> 200 (25 ms)
[2026-10-07T18:32:52.431Z][INFO] project:list-packages --> 200 (1219 ms)
[2026-10-07T18:32:52.705Z][INFO] project:list-packages --> 200 (1422 ms)
[2026-10-07T18:32:53.865Z][INFO] project:list-packages --> 200 (2568 ms)
[2026-10-07T18:32:54.437Z][INFO] project:list-packages <-- Request received
params: {}
[2026-10-07T18:32:54.801Z][INFO] project:list-packages --> 200 (364 ms)
[2026-10-07T18:32:58.009Z][INFO] project:list-packages <-- Request received
params: {}
[2026-10-07T18:32:58.020Z][INFO] project:list-packages <-- Request received
params: {}
[2026-10-07T18:32:58.029Z][INFO] config:project:get-registries <-- Request received
params: {}
[2026-10-07T18:32:58.052Z][INFO] config:project:get-registries --> 200 (23 ms)
[2026-10-07T18:32:59.082Z][INFO] project:list-packages --> 200 (1073 ms)
[2026-10-07T18:32:59.132Z][INFO] project:list-packages --> 200 (1112 ms)
[2026-10-07T18:33:01.555Z][INFO] project:list-packages <-- Request received
params: {}
[2026-10-07T18:33:01.566Z][INFO] project:list-packages <-- Request received
params: {}
[2026-10-07T18:33:02.550Z][INFO] project:list-packages --> 200 (995 ms)
[2026-10-07T18:33:02.679Z][INFO] project:list-packages --> 200 (1113 ms)
[2026-10-07T18:33:17.447Z][INFO] Received shutdown request (SIGINT), shutting down Unity Package Manager
