[2026-10-07T13:25:50.709Z][INFO] Command-line: ~/Unity/Hub/Editor/6000.0.75f1/Editor/Data/Resources/PackageManager/Server/UnityPackageManager -s 2836686 -ipc -ipc-path /tmp/Unity-Upm-2836686.sock -l 2 --log-file ~/wkspace/gc-studio/p4.2j/artifacts/studio/verification/W-REC-03/p42j-region-cancel-20261007T132549.533079Z/upm.log
[2026-10-07T13:25:50.720Z][INFO] IPC server started (IPC path=/tmp/Unity-Upm-2836686.sock).
[2026-10-07T13:25:50.721Z][INFO] Hint: To connect to this UPM instance, launch Unity with the command-line parameter -upmIpcPath Upm-2836686.
[2026-10-07T13:25:51.891Z][INFO] project:add-dependency <-- Request received
params: {
  "packageId": "com.unity.toolchain.linux-x86_64"
}
[2026-10-07T13:26:33.546Z][INFO] project:add-dependency --> 200 (41655 ms)
[2026-10-07T13:26:33.776Z][INFO] project:list-packages <-- Request received
params: {}
[2026-10-07T13:26:33.847Z][INFO] project:list-packages <-- Request received
params: {}
[2026-10-07T13:26:33.861Z][INFO] project:list-packages <-- Request received
params: {}
[2026-10-07T13:26:33.870Z][INFO] config:project:get-registries <-- Request received
params: {}
[2026-10-07T13:26:33.899Z][INFO] config:project:get-registries --> 200 (29 ms)
[2026-10-07T13:26:34.676Z][INFO] project:list-packages --> 200 (900 ms)
[2026-10-07T13:26:34.813Z][INFO] project:list-packages --> 200 (965 ms)
[2026-10-07T13:26:36.879Z][INFO] project:list-packages <-- Request received
params: {}
[2026-10-07T13:26:37.284Z][INFO] project:list-packages --> 200 (405 ms)
[2026-10-07T13:26:40.229Z][INFO] project:list-packages <-- Request received
params: {}
[2026-10-07T13:26:40.239Z][INFO] project:list-packages <-- Request received
params: {}
[2026-10-07T13:26:40.249Z][INFO] config:project:get-registries <-- Request received
params: {}
[2026-10-07T13:26:40.292Z][INFO] config:project:get-registries --> 200 (43 ms)
[2026-10-07T13:26:40.947Z][INFO] project:list-packages --> 200 (708 ms)
[2026-10-07T13:26:44.847Z][INFO] project:list-packages <-- Request received
params: {}
[2026-10-07T13:26:44.858Z][INFO] project:list-packages <-- Request received
params: {}
[2026-10-07T13:26:45.216Z][INFO] project:list-packages --> 200 (369 ms)
[2026-10-07T13:26:47.571Z][INFO] project:list-packages <-- Request received
params: {}
[2026-10-07T13:26:47.980Z][INFO] project:list-packages --> 200 (409 ms)
[2026-10-07T13:26:48.098Z][INFO] project:list-packages <-- Request received
params: {}
[2026-10-07T13:26:48.110Z][INFO] project:list-packages <-- Request received
params: {}
[2026-10-07T13:26:48.123Z][INFO] config:project:get-registries <-- Request received
params: {}
[2026-10-07T13:26:48.136Z][INFO] config:project:get-registries --> 200 (13 ms)
[2026-10-07T13:26:48.546Z][INFO] project:list-packages --> 200 (436 ms)
[2026-10-07T13:26:54.974Z][INFO] Received shutdown request (SIGINT), shutting down Unity Package Manager
