# gamecore.benchmark.trace/1
# label=gc023-world-observations
# frames=67
frame ordinal=0 epoch=1 step=0 sections=5 live-leases=9
frame ordinal=0 epoch=1 step=0 sections=5 stage-us=186;stage-samples=2;live-leases=9
frame ordinal=0 epoch=1 step=0 sections=5 stage-us=189;stage-samples=4;live-leases=9
frame ordinal=0 epoch=1 step=0 sections=5 stage-us=189;stage-samples=6;live-leases=9
frame ordinal=0 epoch=1 step=0 sections=5 stage-us=190;stage-samples=8;live-leases=9
frame ordinal=0 epoch=1 step=0 sections=5 stage-us=191;stage-samples=10;live-leases=9
frame ordinal=0 epoch=1 step=0 sections=5 stage-us=192;stage-samples=12;live-leases=9
frame ordinal=0 epoch=1 step=0 sections=5 stage-us=193;stage-samples=14;live-leases=9
frame ordinal=0 epoch=1 step=0 sections=5 stage-us=194;stage-samples=16;live-leases=9
frame ordinal=0 epoch=1 step=0 sections=5 stage-us=194;stage-samples=18;live-leases=9
frame ordinal=0 epoch=1 step=0 sections=5 stage-us=195;stage-samples=20;live-leases=9
frame ordinal=0 epoch=1 step=0 sections=5 stage-us=196;stage-samples=22;live-leases=9
frame ordinal=0 epoch=1 step=0 sections=5 stage-us=198;stage-samples=24;live-leases=9
frame ordinal=0 epoch=1 step=0 sections=5 stage-us=199;stage-samples=26;live-leases=9
frame ordinal=0 epoch=1 step=0 sections=5 stage-us=200;stage-samples=28;live-leases=9
frame ordinal=0 epoch=1 step=0 sections=5 stage-us=200;stage-samples=30;live-leases=9
frame ordinal=0 epoch=1 step=0 sections=5 stage-us=201;stage-samples=32;live-leases=9
frame ordinal=0 epoch=1 step=0 sections=5 stage-us=201;stage-samples=34;live-leases=9
frame ordinal=0 epoch=1 step=0 sections=5 stage-us=203;stage-samples=36;live-leases=9
frame ordinal=0 epoch=1 step=0 sections=5 stage-us=205;stage-samples=38;live-leases=9
frame ordinal=0 epoch=1 step=0 sections=5 stage-us=205;stage-samples=40;live-leases=9
frame ordinal=0 epoch=1 step=0 sections=5 stage-us=206;stage-samples=42;live-leases=9
frame ordinal=0 epoch=1 step=0 sections=5 stage-us=207;stage-samples=44;live-leases=9
frame ordinal=0 epoch=1 step=0 sections=5 stage-us=208;stage-samples=46;live-leases=9
frame ordinal=0 epoch=1 step=0 sections=5 stage-us=209;stage-samples=48;live-leases=9
frame ordinal=0 epoch=1 step=0 sections=5 stage-us=210;stage-samples=50;live-leases=9
frame ordinal=0 epoch=1 step=0 sections=5 stage-us=210;stage-samples=52;live-leases=9
frame ordinal=0 epoch=1 step=0 sections=5 stage-us=211;stage-samples=54;live-leases=9
frame ordinal=0 epoch=1 step=0 sections=5 stage-us=211;stage-samples=56;live-leases=9
frame ordinal=0 epoch=1 step=0 sections=5 stage-us=212;stage-samples=58;live-leases=9
frame ordinal=0 epoch=1 step=0 sections=5 stage-us=214;stage-samples=60;live-leases=9
frame ordinal=0 epoch=1 step=0 sections=5 stage-us=215;stage-samples=62;live-leases=9
frame ordinal=0 epoch=1 step=0 sections=5 stage-us=217;stage-samples=64;live-leases=9
frame ordinal=0 epoch=1 step=0 sections=5 stage-us=219;stage-samples=66;live-leases=9
frame ordinal=0 epoch=1 step=0 sections=5 stage-us=221;stage-samples=68;live-leases=9
frame ordinal=0 epoch=1 step=0 sections=5 stage-us=222;stage-samples=70;live-leases=9
frame ordinal=0 epoch=1 step=0 sections=5 stage-us=223;stage-samples=72;live-leases=9
frame ordinal=0 epoch=1 step=0 sections=5 stage-us=224;stage-samples=74;live-leases=9
frame ordinal=0 epoch=1 step=0 sections=5 stage-us=225;stage-samples=76;live-leases=9
frame ordinal=0 epoch=1 step=0 sections=5 stage-us=226;stage-samples=78;live-leases=9
frame ordinal=0 epoch=1 step=0 sections=5 stage-us=227;stage-samples=80;live-leases=9
frame ordinal=0 epoch=1 step=0 sections=5 stage-us=227;stage-samples=82;live-leases=9
frame ordinal=0 epoch=1 step=0 sections=5 stage-us=227;stage-samples=84;live-leases=9
frame ordinal=0 epoch=1 step=0 sections=5 stage-us=228;stage-samples=86;live-leases=9
frame ordinal=0 epoch=1 step=0 sections=5 stage-us=228;stage-samples=88;live-leases=9
frame ordinal=0 epoch=1 step=0 sections=5 stage-us=228;stage-samples=90;live-leases=9
frame ordinal=0 epoch=1 step=0 sections=5 stage-us=229;stage-samples=92;live-leases=9
frame ordinal=0 epoch=1 step=0 sections=5 stage-us=230;stage-samples=94;live-leases=9
frame ordinal=0 epoch=1 step=0 sections=5 stage-us=231;stage-samples=96;live-leases=9
frame ordinal=0 epoch=1 step=0 sections=5 stage-us=232;stage-samples=98;live-leases=9
frame ordinal=0 epoch=1 step=0 sections=5 stage-us=233;stage-samples=100;live-leases=9
frame ordinal=0 epoch=1 step=0 sections=5 stage-us=234;stage-samples=102;live-leases=9
frame ordinal=0 epoch=1 step=0 sections=5 stage-us=236;stage-samples=104;live-leases=9
frame ordinal=0 epoch=1 step=0 sections=5 stage-us=237;stage-samples=106;live-leases=9
frame ordinal=0 epoch=1 step=0 sections=5 stage-us=239;stage-samples=108;live-leases=9
frame ordinal=0 epoch=1 step=0 sections=5 stage-us=239;stage-samples=110;live-leases=9
frame ordinal=0 epoch=1 step=0 sections=5 stage-us=240;stage-samples=112;live-leases=9
frame ordinal=0 epoch=1 step=0 sections=5 stage-us=242;stage-samples=114;live-leases=9
frame ordinal=0 epoch=1 step=0 sections=5 stage-us=244;stage-samples=116;live-leases=9
frame ordinal=0 epoch=1 step=0 sections=5 stage-us=245;stage-samples=118;live-leases=9
frame ordinal=0 epoch=1 step=0 sections=5 stage-us=247;stage-samples=120;live-leases=9
frame ordinal=0 epoch=1 step=0 sections=5 stage-us=249;stage-samples=122;live-leases=9
frame ordinal=0 epoch=1 step=0 sections=5 stage-us=250;stage-samples=124;live-leases=9
frame ordinal=0 epoch=1 step=0 sections=5 stage-us=252;stage-samples=126;live-leases=9
frame ordinal=0 epoch=1 step=0 sections=5 stage-us=254;stage-samples=128;live-leases=9
frame ordinal=0 epoch=1 step=0 sections=5 stage-us=254;stage-samples=128;live-leases=9
frame ordinal=0 epoch=1 step=1 sections=5 steps-advanced=1;stage-us=420;stage-samples=133;job-wait-samples=1;live-leases=9
summary frames=67 chain=75dbba68a200b8ff78d70dd4495e165f7a44125ecb8d7755556c68816ed85b34
