[2026-10-06T17:09:46.006Z][INFO] Command-line: ~/Unity/Hub/Editor/6000.0.75f1/Editor/Data/Resources/PackageManager/Server/UnityPackageManager -s 3219283 -ipc -ipc-path /tmp/Unity-Upm-3219283.sock -l 2 --log-file ~/wkspace/gc-studio/p4.2f/artifacts/studio/verification/W-MECH-01/p42f-stage-review-20261006T170945.223444Z/upm.log
[2026-10-06T17:09:46.013Z][INFO] IPC server started (IPC path=/tmp/Unity-Upm-3219283.sock).
[2026-10-06T17:09:46.013Z][INFO] Hint: To connect to this UPM instance, launch Unity with the command-line parameter -upmIpcPath Upm-3219283.
[2026-10-06T17:09:47.041Z][INFO] project:add-dependency <-- Request received
params: {
  "packageId": "com.unity.toolchain.linux-x86_64"
}
[2026-10-06T17:10:14.827Z][INFO] project:add-dependency --> 200 (27786 ms)
[2026-10-06T17:10:15.109Z][INFO] project:list-packages <-- Request received
params: {}
[2026-10-06T17:10:15.172Z][INFO] project:list-packages <-- Request received
params: {}
[2026-10-06T17:10:15.183Z][INFO] project:list-packages <-- Request received
params: {}
[2026-10-06T17:10:15.193Z][INFO] config:project:get-registries <-- Request received
params: {}
[2026-10-06T17:10:15.218Z][INFO] config:project:get-registries --> 200 (25 ms)
[2026-10-06T17:10:16.125Z][INFO] project:list-packages --> 200 (1016 ms)
[2026-10-06T17:10:16.401Z][INFO] project:list-packages --> 200 (1229 ms)
[2026-10-06T17:10:17.820Z][INFO] project:list-packages <-- Request received
params: {}
[2026-10-06T17:10:18.137Z][INFO] project:list-packages --> 200 (317 ms)
[2026-10-06T17:10:18.202Z][INFO] project:list-packages --> 200 (3019 ms)
[2026-10-06T17:10:20.784Z][INFO] project:list-packages <-- Request received
params: {}
[2026-10-06T17:10:20.794Z][INFO] project:list-packages <-- Request received
params: {}
[2026-10-06T17:10:20.808Z][INFO] config:project:get-registries <-- Request received
params: {}
[2026-10-06T17:10:20.821Z][INFO] config:project:get-registries --> 200 (14 ms)
[2026-10-06T17:10:21.300Z][INFO] project:list-packages --> 200 (506 ms)
[2026-10-06T17:10:24.212Z][INFO] project:list-packages <-- Request received
params: {}
[2026-10-06T17:10:24.223Z][INFO] project:list-packages <-- Request received
params: {}
[2026-10-06T17:10:24.797Z][INFO] project:list-packages --> 200 (585 ms)
[2026-10-06T17:10:28.502Z][INFO] project:list-packages --> 200 (4279 ms)
[2026-10-06T17:10:28.503Z][INFO] project:list-packages --> 200 (7719 ms)
[2026-10-06T17:10:32.138Z][INFO] project:list-packages <-- Request received
params: {}
[2026-10-06T17:10:32.481Z][INFO] project:list-packages --> 200 (343 ms)
[2026-10-06T17:10:32.614Z][INFO] config:project:get-registries <-- Request received
params: {}
[2026-10-06T17:10:32.621Z][INFO] config:project:get-registries --> 200 (7 ms)
[2026-10-06T17:10:41.195Z][INFO] project:resolve-packages <-- Request received
params: {}
[2026-10-06T17:10:58.243Z][WARN] Requested version [3.1.3] for package [com.unity.serialization] overridden by minimum version [3.1.5].
[2026-10-06T17:10:58.243Z][WARN] Requested version [1.23.1] for package [com.unity.scriptablebuildpipeline] overridden by minimum version [2.6.1].
[2026-10-06T17:10:58.243Z][WARN] Requested version [3.0.3] for package [com.unity.test-framework.performance] overridden by minimum version [3.4.0].
[2026-10-06T17:10:58.272Z][INFO] project:resolve-packages --> 200 (17077 ms)
[2026-10-06T17:10:58.341Z][INFO] config:project:get-registries <-- Request received
params: {}
[2026-10-06T17:10:58.345Z][INFO] config:project:get-registries --> 200 (4 ms)
[2026-10-06T17:10:58.351Z][INFO] project:list-packages <-- Request received
params: {}
[2026-10-06T17:10:58.681Z][INFO] project:list-packages --> 200 (330 ms)
[2026-10-06T17:11:08.504Z][INFO] project:list-packages <-- Request received
params: {}
[2026-10-06T17:11:08.843Z][INFO] project:list-packages --> 200 (339 ms)
[2026-10-06T17:11:08.979Z][INFO] project:list-packages <-- Request received
params: {}
[2026-10-06T17:11:08.989Z][INFO] config:project:get-registries <-- Request received
params: {}
[2026-10-06T17:11:09.004Z][INFO] config:project:get-registries --> 200 (15 ms)
[2026-10-06T17:11:09.297Z][INFO] project:list-packages --> 200 (318 ms)
[2026-10-06T17:12:13.502Z][INFO] project:resolve-packages <-- Request received
params: {}
[2026-10-06T17:12:37.065Z][WARN] Requested version [3.1.3] for package [com.unity.serialization] overridden by minimum version [3.1.5].
[2026-10-06T17:12:37.065Z][WARN] Requested version [1.23.1] for package [com.unity.scriptablebuildpipeline] overridden by minimum version [2.6.1].
[2026-10-06T17:12:37.065Z][WARN] Requested version [3.0.3] for package [com.unity.test-framework.performance] overridden by minimum version [3.4.0].
[2026-10-06T17:12:37.077Z][INFO] project:resolve-packages --> 200 (23576 ms)
[2026-10-06T17:12:37.154Z][INFO] config:project:get-registries <-- Request received
params: {}
[2026-10-06T17:12:37.160Z][INFO] config:project:get-registries --> 200 (6 ms)
[2026-10-06T17:12:37.164Z][INFO] project:list-packages <-- Request received
params: {}
[2026-10-06T17:12:37.708Z][INFO] project:list-packages --> 200 (544 ms)
[2026-10-06T17:12:44.322Z][INFO] project:list-packages <-- Request received
params: {}
[2026-10-06T17:12:44.720Z][INFO] project:list-packages --> 200 (398 ms)
[2026-10-06T17:12:44.879Z][INFO] project:list-packages <-- Request received
params: {}
[2026-10-06T17:12:44.889Z][INFO] config:project:get-registries <-- Request received
params: {}
[2026-10-06T17:12:44.906Z][INFO] config:project:get-registries --> 200 (17 ms)
[2026-10-06T17:12:45.264Z][INFO] project:list-packages --> 200 (385 ms)
[2026-10-06T17:12:51.168Z][INFO] Received shutdown request (SIGINT), shutting down Unity Package Manager
