{
  "row": "W-GAME-01",
  "status": "BLOCKED",
  "requestIds": [],
  "taskIds": [],
  "ownerDefinition": "Owner 2026-10-07: VSync OFF defines B-FRAME; ON is informational",
  "captureOverhead": "All four P3.1d routes are recorded using R7-C ffmpeg settings; the runner's historical 'No video/screen capture' provenance line does not describe these wrapped runs.",
  "profiles": {
    "vsync0": {
      "status": "BLOCKED",
      "observations": [
        {
          "run": 1,
          "status": "BLOCKED"
        },
        {
          "run": 2,
          "status": "BLOCKED"
        }
      ]
    },
    "vsync1": {
      "status": "BLOCKED",
      "observations": [
        {
          "run": 1,
          "status": "BLOCKED"
        },
        {
          "run": 2,
          "status": "BLOCKED"
        }
      ]
    }
  },
  "revision": "cb5e2aa20263209df2dea4ee17aa23c50daec0e0",
  "harnessRevision": "cb5e2aa20263209df2dea4ee17aa23c50daec0e0",
  "buildExit": 0,
  "observation": "Build completed; graphical qualification not run"
}
