<?xml version="1.0" encoding="utf-8"?>
<TestRun id="6d0504e3-8915-4a2f-b0dc-90d592937d18" name="@worlesenric 2026-09-25 06:35:12" xmlns="http://microsoft.com/schemas/VisualStudio/TeamTest/2010">
  <Times creation="2026-09-25T06:35:12.0211612+08:00" queuing="2026-09-25T06:35:12.0211612+08:00" start="2026-09-25T06:35:11.6307660+08:00" finish="2026-09-25T06:35:12.0397470+08:00" />
  <TestSettings name="default" id="242b7089-86c8-4f4d-8bbc-f3d3b4a8b4c6">
    <Deployment runDeploymentRoot="_worlesenric_2026-09-25_06_35_12" />
  </TestSettings>
  <Results>
    <UnitTestResult executionId="63644056-ad8f-4641-bb5d-a7b502efd6e6" testId="af493c6d-8e0c-b6b1-4b5a-cf06780ce96f" testName="ShuffledInsertionOrdersProduceIdenticalCanonicalOutput" computerName="worlesenric" duration="00:00:00.0003550" startTime="2026-09-25T06:35:11.9682730+08:00" endTime="2026-09-25T06:35:11.9686280+08:00" testType="13cdc9d9-ddb5-4fa4-a97d-d965ccfc6d4b" outcome="Passed" testListId="8c84fa94-04c1-424b-9868-57a2d4851a1d" relativeResultsDirectory="63644056-ad8f-4641-bb5d-a7b502efd6e6" />
    <UnitTestResult executionId="a4cc356f-2255-4c39-be27-75ab3dbab447" testId="da0c4d64-65e6-733e-f028-8bd456ecebc2" testName="CaseIdentifiersAreUniqueAcrossFiles" computerName="worlesenric" duration="00:00:00.0003579" startTime="2026-09-25T06:35:11.9532528+08:00" endTime="2026-09-25T06:35:11.9536107+08:00" testType="13cdc9d9-ddb5-4fa4-a97d-d965ccfc6d4b" outcome="Passed" testListId="8c84fa94-04c1-424b-9868-57a2d4851a1d" relativeResultsDirectory="a4cc356f-2255-4c39-be27-75ab3dbab447" />
    <UnitTestResult executionId="886cad19-dd52-421a-916d-e1e1a6455831" testId="ee782fa7-6d41-c97b-54fd-d672d9d3f005" testName="EveryDocumentedKindAndRequirementIsExercised" computerName="worlesenric" duration="00:00:00.0003150" startTime="2026-09-25T06:35:11.9577636+08:00" endTime="2026-09-25T06:35:11.9580785+08:00" testType="13cdc9d9-ddb5-4fa4-a97d-d965ccfc6d4b" outcome="Passed" testListId="8c84fa94-04c1-424b-9868-57a2d4851a1d" relativeResultsDirectory="886cad19-dd52-421a-916d-e1e1a6455831" />
    <UnitTestResult executionId="f512c014-bc71-4065-a5cb-8e4bcbe9b7fe" testId="95a97975-ec92-0a22-cf14-3aae83f3ac17" testName="EveryCaseExecutesAndMatchesItsExpectation" computerName="worlesenric" duration="00:00:00.0006620" startTime="2026-09-25T06:35:11.9570915+08:00" endTime="2026-09-25T06:35:11.9577537+08:00" testType="13cdc9d9-ddb5-4fa4-a97d-d965ccfc6d4b" outcome="Passed" testListId="8c84fa94-04c1-424b-9868-57a2d4851a1d" relativeResultsDirectory="f512c014-bc71-4065-a5cb-8e4bcbe9b7fe" />
    <UnitTestResult executionId="a1ae4ee3-8799-4db7-9302-b8c47db5ffb4" testId="e265e2d3-8d4d-b4c0-97d5-3cabc1feb4d4" testName="SeamCodecAgreesWithOracleCanonicalBytes" computerName="worlesenric" duration="00:00:00.0018620" startTime="2026-09-25T06:35:11.9663971+08:00" endTime="2026-09-25T06:35:11.9682587+08:00" testType="13cdc9d9-ddb5-4fa4-a97d-d965ccfc6d4b" outcome="Passed" testListId="8c84fa94-04c1-424b-9868-57a2d4851a1d" relativeResultsDirectory="a1ae4ee3-8799-4db7-9302-b8c47db5ffb4" />
    <UnitTestResult executionId="31dc7f72-5430-48b1-8be5-16ca07999cdb" testId="e676a311-23ee-3aaa-9c06-1983b5811a1d" testName="OracleDistinguishesValidFromInvalidOutcomes" computerName="worlesenric" duration="00:00:00.0005190" startTime="2026-09-25T06:35:11.9619850+08:00" endTime="2026-09-25T06:35:11.9625038+08:00" testType="13cdc9d9-ddb5-4fa4-a97d-d965ccfc6d4b" outcome="Passed" testListId="8c84fa94-04c1-424b-9868-57a2d4851a1d" relativeResultsDirectory="31dc7f72-5430-48b1-8be5-16ca07999cdb" />
    <UnitTestResult executionId="a85eb6ee-5c20-4419-bc4e-4695a0023705" testId="918a3040-2407-3152-fa9f-699909b89e74" testName="ResultDocumentRoundTripsAndIsWrittenToTheDocumentedPath" computerName="worlesenric" duration="00:00:00.0038630" startTime="2026-09-25T06:35:11.9625186+08:00" endTime="2026-09-25T06:35:11.9663816+08:00" testType="13cdc9d9-ddb5-4fa4-a97d-d965ccfc6d4b" outcome="Passed" testListId="8c84fa94-04c1-424b-9868-57a2d4851a1d" relativeResultsDirectory="a85eb6ee-5c20-4419-bc4e-4695a0023705" />
    <UnitTestResult executionId="49821d6c-afe5-48bf-af64-d67127413f0c" testId="c592da61-3c23-8daf-5360-366904c98fe4" testName="FixtureLoaderRejectsMalformedCasesAndRunnerBlocksUnknownKinds" computerName="worlesenric" duration="00:00:00.0038870" startTime="2026-09-25T06:35:11.9580873+08:00" endTime="2026-09-25T06:35:11.9619743+08:00" testType="13cdc9d9-ddb5-4fa4-a97d-d965ccfc6d4b" outcome="Passed" testListId="8c84fa94-04c1-424b-9868-57a2d4851a1d" relativeResultsDirectory="49821d6c-afe5-48bf-af64-d67127413f0c" />
    <UnitTestResult executionId="a762a81c-a076-44d9-a894-b4b2c50ea99d" testId="3339d259-2a0e-3cba-32b7-06e388c15c75" testName="CaseDirectoryContainsFixtureFiles" computerName="worlesenric" duration="00:00:00.0023900" startTime="2026-09-25T06:35:11.9501642+08:00" endTime="2026-09-25T06:35:11.9525071+08:00" testType="13cdc9d9-ddb5-4fa4-a97d-d965ccfc6d4b" outcome="Passed" testListId="8c84fa94-04c1-424b-9868-57a2d4851a1d" relativeResultsDirectory="a762a81c-a076-44d9-a894-b4b2c50ea99d" />
    <UnitTestResult executionId="bfcda633-9dad-4152-82a4-958a3c13e674" testId="3a82b389-0295-d219-1bb3-746fb978023e" testName="CounterOracleRefusesOverflowForEveryCounter" computerName="worlesenric" duration="00:00:00.0034550" startTime="2026-09-25T06:35:11.9536259+08:00" endTime="2026-09-25T06:35:11.9570807+08:00" testType="13cdc9d9-ddb5-4fa4-a97d-d965ccfc6d4b" outcome="Passed" testListId="8c84fa94-04c1-424b-9868-57a2d4851a1d" relativeResultsDirectory="bfcda633-9dad-4152-82a4-958a3c13e674" />
  </Results>
  <TestDefinitions>
    <UnitTest name="ShuffledInsertionOrdersProduceIdenticalCanonicalOutput" storage="/home/worlesenric/wkspace/gc-wt/gc-004/dotnet/tests/gamecore.protocolfixtures.tests/bin/release/net8.0/gamecore.protocolfixtures.tests.dll" id="af493c6d-8e0c-b6b1-4b5a-cf06780ce96f">
      <Execution id="63644056-ad8f-4641-bb5d-a7b502efd6e6" />
      <TestMethod codeBase="/home/worlesenric/wkspace/gc-wt/gc-004/dotnet/tests/GameCore.ProtocolFixtures.Tests/bin/Release/net8.0/GameCore.ProtocolFixtures.Tests.dll" adapterTypeName="executor://nunit3testexecutor/" className="GameCore.ProtocolFixtures.Tests.ProtocolFixtureTests" name="ShuffledInsertionOrdersProduceIdenticalCanonicalOutput" />
    </UnitTest>
    <UnitTest name="CaseDirectoryContainsFixtureFiles" storage="/home/worlesenric/wkspace/gc-wt/gc-004/dotnet/tests/gamecore.protocolfixtures.tests/bin/release/net8.0/gamecore.protocolfixtures.tests.dll" id="3339d259-2a0e-3cba-32b7-06e388c15c75">
      <Execution id="a762a81c-a076-44d9-a894-b4b2c50ea99d" />
      <TestMethod codeBase="/home/worlesenric/wkspace/gc-wt/gc-004/dotnet/tests/GameCore.ProtocolFixtures.Tests/bin/Release/net8.0/GameCore.ProtocolFixtures.Tests.dll" adapterTypeName="executor://nunit3testexecutor/" className="GameCore.ProtocolFixtures.Tests.ProtocolFixtureTests" name="CaseDirectoryContainsFixtureFiles" />
    </UnitTest>
    <UnitTest name="OracleDistinguishesValidFromInvalidOutcomes" storage="/home/worlesenric/wkspace/gc-wt/gc-004/dotnet/tests/gamecore.protocolfixtures.tests/bin/release/net8.0/gamecore.protocolfixtures.tests.dll" id="e676a311-23ee-3aaa-9c06-1983b5811a1d">
      <Execution id="31dc7f72-5430-48b1-8be5-16ca07999cdb" />
      <TestMethod codeBase="/home/worlesenric/wkspace/gc-wt/gc-004/dotnet/tests/GameCore.ProtocolFixtures.Tests/bin/Release/net8.0/GameCore.ProtocolFixtures.Tests.dll" adapterTypeName="executor://nunit3testexecutor/" className="GameCore.ProtocolFixtures.Tests.ProtocolFixtureTests" name="OracleDistinguishesValidFromInvalidOutcomes" />
    </UnitTest>
    <UnitTest name="CaseIdentifiersAreUniqueAcrossFiles" storage="/home/worlesenric/wkspace/gc-wt/gc-004/dotnet/tests/gamecore.protocolfixtures.tests/bin/release/net8.0/gamecore.protocolfixtures.tests.dll" id="da0c4d64-65e6-733e-f028-8bd456ecebc2">
      <Execution id="a4cc356f-2255-4c39-be27-75ab3dbab447" />
      <TestMethod codeBase="/home/worlesenric/wkspace/gc-wt/gc-004/dotnet/tests/GameCore.ProtocolFixtures.Tests/bin/Release/net8.0/GameCore.ProtocolFixtures.Tests.dll" adapterTypeName="executor://nunit3testexecutor/" className="GameCore.ProtocolFixtures.Tests.ProtocolFixtureTests" name="CaseIdentifiersAreUniqueAcrossFiles" />
    </UnitTest>
    <UnitTest name="FixtureLoaderRejectsMalformedCasesAndRunnerBlocksUnknownKinds" storage="/home/worlesenric/wkspace/gc-wt/gc-004/dotnet/tests/gamecore.protocolfixtures.tests/bin/release/net8.0/gamecore.protocolfixtures.tests.dll" id="c592da61-3c23-8daf-5360-366904c98fe4">
      <Execution id="49821d6c-afe5-48bf-af64-d67127413f0c" />
      <TestMethod codeBase="/home/worlesenric/wkspace/gc-wt/gc-004/dotnet/tests/GameCore.ProtocolFixtures.Tests/bin/Release/net8.0/GameCore.ProtocolFixtures.Tests.dll" adapterTypeName="executor://nunit3testexecutor/" className="GameCore.ProtocolFixtures.Tests.ProtocolFixtureTests" name="FixtureLoaderRejectsMalformedCasesAndRunnerBlocksUnknownKinds" />
    </UnitTest>
    <UnitTest name="EveryCaseExecutesAndMatchesItsExpectation" storage="/home/worlesenric/wkspace/gc-wt/gc-004/dotnet/tests/gamecore.protocolfixtures.tests/bin/release/net8.0/gamecore.protocolfixtures.tests.dll" id="95a97975-ec92-0a22-cf14-3aae83f3ac17">
      <Execution id="f512c014-bc71-4065-a5cb-8e4bcbe9b7fe" />
      <TestMethod codeBase="/home/worlesenric/wkspace/gc-wt/gc-004/dotnet/tests/GameCore.ProtocolFixtures.Tests/bin/Release/net8.0/GameCore.ProtocolFixtures.Tests.dll" adapterTypeName="executor://nunit3testexecutor/" className="GameCore.ProtocolFixtures.Tests.ProtocolFixtureTests" name="EveryCaseExecutesAndMatchesItsExpectation" />
    </UnitTest>
    <UnitTest name="EveryDocumentedKindAndRequirementIsExercised" storage="/home/worlesenric/wkspace/gc-wt/gc-004/dotnet/tests/gamecore.protocolfixtures.tests/bin/release/net8.0/gamecore.protocolfixtures.tests.dll" id="ee782fa7-6d41-c97b-54fd-d672d9d3f005">
      <Execution id="886cad19-dd52-421a-916d-e1e1a6455831" />
      <TestMethod codeBase="/home/worlesenric/wkspace/gc-wt/gc-004/dotnet/tests/GameCore.ProtocolFixtures.Tests/bin/Release/net8.0/GameCore.ProtocolFixtures.Tests.dll" adapterTypeName="executor://nunit3testexecutor/" className="GameCore.ProtocolFixtures.Tests.ProtocolFixtureTests" name="EveryDocumentedKindAndRequirementIsExercised" />
    </UnitTest>
    <UnitTest name="CounterOracleRefusesOverflowForEveryCounter" storage="/home/worlesenric/wkspace/gc-wt/gc-004/dotnet/tests/gamecore.protocolfixtures.tests/bin/release/net8.0/gamecore.protocolfixtures.tests.dll" id="3a82b389-0295-d219-1bb3-746fb978023e">
      <Execution id="bfcda633-9dad-4152-82a4-958a3c13e674" />
      <TestMethod codeBase="/home/worlesenric/wkspace/gc-wt/gc-004/dotnet/tests/GameCore.ProtocolFixtures.Tests/bin/Release/net8.0/GameCore.ProtocolFixtures.Tests.dll" adapterTypeName="executor://nunit3testexecutor/" className="GameCore.ProtocolFixtures.Tests.ProtocolFixtureTests" name="CounterOracleRefusesOverflowForEveryCounter" />
    </UnitTest>
    <UnitTest name="SeamCodecAgreesWithOracleCanonicalBytes" storage="/home/worlesenric/wkspace/gc-wt/gc-004/dotnet/tests/gamecore.protocolfixtures.tests/bin/release/net8.0/gamecore.protocolfixtures.tests.dll" id="e265e2d3-8d4d-b4c0-97d5-3cabc1feb4d4">
      <Execution id="a1ae4ee3-8799-4db7-9302-b8c47db5ffb4" />
      <TestMethod codeBase="/home/worlesenric/wkspace/gc-wt/gc-004/dotnet/tests/GameCore.ProtocolFixtures.Tests/bin/Release/net8.0/GameCore.ProtocolFixtures.Tests.dll" adapterTypeName="executor://nunit3testexecutor/" className="GameCore.ProtocolFixtures.Tests.ProtocolFixtureTests" name="SeamCodecAgreesWithOracleCanonicalBytes" />
    </UnitTest>
    <UnitTest name="ResultDocumentRoundTripsAndIsWrittenToTheDocumentedPath" storage="/home/worlesenric/wkspace/gc-wt/gc-004/dotnet/tests/gamecore.protocolfixtures.tests/bin/release/net8.0/gamecore.protocolfixtures.tests.dll" id="918a3040-2407-3152-fa9f-699909b89e74">
      <Execution id="a85eb6ee-5c20-4419-bc4e-4695a0023705" />
      <TestMethod codeBase="/home/worlesenric/wkspace/gc-wt/gc-004/dotnet/tests/GameCore.ProtocolFixtures.Tests/bin/Release/net8.0/GameCore.ProtocolFixtures.Tests.dll" adapterTypeName="executor://nunit3testexecutor/" className="GameCore.ProtocolFixtures.Tests.ProtocolFixtureTests" name="ResultDocumentRoundTripsAndIsWrittenToTheDocumentedPath" />
    </UnitTest>
  </TestDefinitions>
  <TestEntries>
    <TestEntry testId="af493c6d-8e0c-b6b1-4b5a-cf06780ce96f" executionId="63644056-ad8f-4641-bb5d-a7b502efd6e6" testListId="8c84fa94-04c1-424b-9868-57a2d4851a1d" />
    <TestEntry testId="da0c4d64-65e6-733e-f028-8bd456ecebc2" executionId="a4cc356f-2255-4c39-be27-75ab3dbab447" testListId="8c84fa94-04c1-424b-9868-57a2d4851a1d" />
    <TestEntry testId="ee782fa7-6d41-c97b-54fd-d672d9d3f005" executionId="886cad19-dd52-421a-916d-e1e1a6455831" testListId="8c84fa94-04c1-424b-9868-57a2d4851a1d" />
    <TestEntry testId="95a97975-ec92-0a22-cf14-3aae83f3ac17" executionId="f512c014-bc71-4065-a5cb-8e4bcbe9b7fe" testListId="8c84fa94-04c1-424b-9868-57a2d4851a1d" />
    <TestEntry testId="e265e2d3-8d4d-b4c0-97d5-3cabc1feb4d4" executionId="a1ae4ee3-8799-4db7-9302-b8c47db5ffb4" testListId="8c84fa94-04c1-424b-9868-57a2d4851a1d" />
    <TestEntry testId="e676a311-23ee-3aaa-9c06-1983b5811a1d" executionId="31dc7f72-5430-48b1-8be5-16ca07999cdb" testListId="8c84fa94-04c1-424b-9868-57a2d4851a1d" />
    <TestEntry testId="918a3040-2407-3152-fa9f-699909b89e74" executionId="a85eb6ee-5c20-4419-bc4e-4695a0023705" testListId="8c84fa94-04c1-424b-9868-57a2d4851a1d" />
    <TestEntry testId="c592da61-3c23-8daf-5360-366904c98fe4" executionId="49821d6c-afe5-48bf-af64-d67127413f0c" testListId="8c84fa94-04c1-424b-9868-57a2d4851a1d" />
    <TestEntry testId="3339d259-2a0e-3cba-32b7-06e388c15c75" executionId="a762a81c-a076-44d9-a894-b4b2c50ea99d" testListId="8c84fa94-04c1-424b-9868-57a2d4851a1d" />
    <TestEntry testId="3a82b389-0295-d219-1bb3-746fb978023e" executionId="bfcda633-9dad-4152-82a4-958a3c13e674" testListId="8c84fa94-04c1-424b-9868-57a2d4851a1d" />
  </TestEntries>
  <TestLists>
    <TestList name="Results Not in a List" id="8c84fa94-04c1-424b-9868-57a2d4851a1d" />
    <TestList name="All Loaded Results" id="19431567-8539-422a-85d7-44ee4e166bda" />
  </TestLists>
  <ResultSummary outcome="Completed">
    <Counters total="10" executed="10" passed="10" failed="0" error="0" timeout="0" aborted="0" inconclusive="0" passedButRunAborted="0" notRunnable="0" notExecuted="0" disconnected="0" warning="0" completed="0" inProgress="0" pending="0" />
    <Output>
      <StdOut>NUnit Adapter 4.5.0.0: Test execution started
Running all tests in /home/worlesenric/wkspace/gc-wt/gc-004/dotnet/tests/GameCore.ProtocolFixtures.Tests/bin/Release/net8.0/GameCore.ProtocolFixtures.Tests.dll
   NUnit3TestExecutor discovered 10 of 10 NUnit test cases using Current Discovery mode, Non-Explicit run
NUnit Adapter 4.5.0.0: Test execution complete
</StdOut>
    </Output>
  </ResultSummary>
</TestRun>