[2026-10-07T12:06:42.752Z][INFO] Command-line: ~/Unity/Hub/Editor/6000.0.75f1/Editor/Data/Resources/PackageManager/Server/UnityPackageManager -s 2591017 -ipc -ipc-path /tmp/Unity-Upm-2591017.sock -l 2 --log-file ~/wkspace/gc-studio/p4.2j/artifacts/studio/verification/W-UI-02/p42j-fence-20261007T120642.070128Z/upm.log
[2026-10-07T12:06:42.760Z][INFO] IPC server started (IPC path=/tmp/Unity-Upm-2591017.sock).
[2026-10-07T12:06:42.760Z][INFO] Hint: To connect to this UPM instance, launch Unity with the command-line parameter -upmIpcPath Upm-2591017.
[2026-10-07T12:06:43.447Z][INFO] project:add-dependency <-- Request received
params: {
  "packageId": "com.unity.toolchain.linux-x86_64"
}
[2026-10-07T12:07:13.111Z][INFO] project:add-dependency --> 200 (29663 ms)
[2026-10-07T12:07:13.392Z][INFO] project:list-packages <-- Request received
params: {}
[2026-10-07T12:07:13.444Z][INFO] project:list-packages <-- Request received
params: {}
[2026-10-07T12:07:13.456Z][INFO] project:list-packages <-- Request received
params: {}
[2026-10-07T12:07:13.464Z][INFO] config:project:get-registries <-- Request received
params: {}
[2026-10-07T12:07:13.484Z][INFO] config:project:get-registries --> 200 (20 ms)
[2026-10-07T12:07:14.343Z][INFO] project:list-packages --> 200 (951 ms)
[2026-10-07T12:07:14.532Z][INFO] project:list-packages --> 200 (1088 ms)
[2026-10-07T12:07:16.106Z][INFO] project:list-packages <-- Request received
params: {}
[2026-10-07T12:07:16.424Z][INFO] project:list-packages --> 200 (318 ms)
[2026-10-07T12:07:17.226Z][INFO] project:list-packages --> 200 (3770 ms)
[2026-10-07T12:07:18.938Z][INFO] project:list-packages <-- Request received
params: {}
[2026-10-07T12:07:18.948Z][INFO] project:list-packages <-- Request received
params: {}
[2026-10-07T12:07:18.960Z][INFO] config:project:get-registries <-- Request received
params: {}
[2026-10-07T12:07:18.976Z][INFO] config:project:get-registries --> 200 (16 ms)
[2026-10-07T12:07:19.418Z][INFO] project:list-packages --> 200 (470 ms)
[2026-10-07T12:07:22.651Z][INFO] project:list-packages <-- Request received
params: {}
[2026-10-07T12:07:22.662Z][INFO] project:list-packages <-- Request received
params: {}
[2026-10-07T12:07:23.201Z][INFO] project:list-packages --> 200 (550 ms)
[2026-10-07T12:07:34.392Z][INFO] Received shutdown request (SIGINT), shutting down Unity Package Manager
