<?xml version="1.0" encoding="utf-8"?>
<TestRun id="3bb39140-c42f-4074-a61c-160284cf27de" name="@worlesenric 2026-09-25 14:36:18" xmlns="http://microsoft.com/schemas/VisualStudio/TeamTest/2010">
  <Times creation="2026-09-25T14:36:18.7329426+08:00" queuing="2026-09-25T14:36:18.7329427+08:00" start="2026-09-25T14:36:17.7909950+08:00" finish="2026-09-25T14:36:18.9311605+08:00" />
  <TestSettings name="default" id="f45c26bb-1388-46db-b523-db3d486dc266">
    <Deployment runDeploymentRoot="_worlesenric_2026-09-25_14_36_18" />
  </TestSettings>
  <Results>
    <UnitTestResult executionId="d38cc360-9a1e-4f01-b82c-8fbb5889c28e" testId="29900fe6-3f42-ebe0-d9a4-27e81f885a63" testName="AFreshRowIsAcceptedAndMergedInCanonicalOrder" computerName="worlesenric" duration="00:00:00.0200119" startTime="2026-09-25T14:36:18.5828283+08:00" endTime="2026-09-25T14:36:18.6028412+08:00" testType="13cdc9d9-ddb5-4fa4-a97d-d965ccfc6d4b" outcome="Passed" testListId="8c84fa94-04c1-424b-9868-57a2d4851a1d" relativeResultsDirectory="d38cc360-9a1e-4f01-b82c-8fbb5889c28e" />
    <UnitTestResult executionId="1b36b210-3b47-486b-8613-3f4a500918ce" testId="0e447e52-fa21-55ca-1ab1-ad66eb05a0de" testName="CancellingPendingWorkLeavesSettledRowsUntouched" computerName="worlesenric" duration="00:00:00.0007090" startTime="2026-09-25T14:36:18.7728560+08:00" endTime="2026-09-25T14:36:18.7735652+08:00" testType="13cdc9d9-ddb5-4fa4-a97d-d965ccfc6d4b" outcome="Passed" testListId="8c84fa94-04c1-424b-9868-57a2d4851a1d" relativeResultsDirectory="1b36b210-3b47-486b-8613-3f4a500918ce" />
    <UnitTestResult executionId="cfa9bdec-4245-4eee-a73a-f759e68bf8d0" testId="fde6e721-917d-e762-46aa-84db56e39fa6" testName="AMessageForAnotherOwnerOrProducerIsRefused" computerName="worlesenric" duration="00:00:00.0003320" startTime="2026-09-25T14:36:18.6043473+08:00" endTime="2026-09-25T14:36:18.6046795+08:00" testType="13cdc9d9-ddb5-4fa4-a97d-d965ccfc6d4b" outcome="Passed" testListId="8c84fa94-04c1-424b-9868-57a2d4851a1d" relativeResultsDirectory="cfa9bdec-4245-4eee-a73a-f759e68bf8d0" />
    <UnitTestResult executionId="c3e369c1-fc37-49ec-be12-4876f1e07a1c" testId="5d1aedc4-d23b-8c74-fe8d-3b54ae90eb72" testName="ForeignWorldImagesAreRefusedAtPublication" computerName="worlesenric" duration="00:00:00.0003540" startTime="2026-09-25T14:36:18.7542912+08:00" endTime="2026-09-25T14:36:18.7546458+08:00" testType="13cdc9d9-ddb5-4fa4-a97d-d965ccfc6d4b" outcome="Passed" testListId="8c84fa94-04c1-424b-9868-57a2d4851a1d" relativeResultsDirectory="c3e369c1-fc37-49ec-be12-4876f1e07a1c" />
    <UnitTestResult executionId="00ebb7a0-5822-4b6f-aa66-6fcba5615197" testId="545a557f-f478-224a-556c-fd0f92c9736d" testName="QuarantineRetainsUntilItsUsersEndAndThenAllowsRetirement" computerName="worlesenric" duration="00:00:00.0004890" startTime="2026-09-25T14:36:18.7972185+08:00" endTime="2026-09-25T14:36:18.7977074+08:00" testType="13cdc9d9-ddb5-4fa4-a97d-d965ccfc6d4b" outcome="Passed" testListId="8c84fa94-04c1-424b-9868-57a2d4851a1d" relativeResultsDirectory="00ebb7a0-5822-4b6f-aa66-6fcba5615197" />
    <UnitTestResult executionId="4ae2fd33-c208-494b-8f98-9550081932ae" testId="930e26a3-35da-0cdb-5ff3-5f1754334f16" testName="TerminalResultsDistinguishCommitmentFromRejectionAndCancellation" computerName="worlesenric" duration="00:00:00.0010000" startTime="2026-09-25T14:36:18.7747882+08:00" endTime="2026-09-25T14:36:18.7757885+08:00" testType="13cdc9d9-ddb5-4fa4-a97d-d965ccfc6d4b" outcome="Passed" testListId="8c84fa94-04c1-424b-9868-57a2d4851a1d" relativeResultsDirectory="4ae2fd33-c208-494b-8f98-9550081932ae" />
    <UnitTestResult executionId="0a0aea53-5e99-45e9-978e-800b5997d34e" testId="18be1379-bcdd-61aa-1fb4-92e20afcd72b" testName="TheConsumingOwnerTakesTheSealedBatchInCanonicalOrder" computerName="worlesenric" duration="00:00:00.0004720" startTime="2026-09-25T14:36:18.6147462+08:00" endTime="2026-09-25T14:36:18.6152180+08:00" testType="13cdc9d9-ddb5-4fa4-a97d-d965ccfc6d4b" outcome="Passed" testListId="8c84fa94-04c1-424b-9868-57a2d4851a1d" relativeResultsDirectory="0a0aea53-5e99-45e9-978e-800b5997d34e" />
    <UnitTestResult executionId="b046d608-ffc6-435b-ad90-b0329adcc141" testId="bb0b3d58-6e93-b63d-02b0-1e946f943b8b" testName="ARequestOfAnotherWorldIncarnationIsRefused" computerName="worlesenric" duration="00:00:00.0003590" startTime="2026-09-25T14:36:18.7672789+08:00" endTime="2026-09-25T14:36:18.7676376+08:00" testType="13cdc9d9-ddb5-4fa4-a97d-d965ccfc6d4b" outcome="Passed" testListId="8c84fa94-04c1-424b-9868-57a2d4851a1d" relativeResultsDirectory="b046d608-ffc6-435b-ad90-b0329adcc141" />
    <UnitTestResult executionId="9b103e7b-34ef-45df-86eb-b7cc500d8dc0" testId="99e79709-d35b-a172-666d-92a7bbd197df" testName="ARegisteredReaderDecodesItsSchemaAndAMissIsReported" computerName="worlesenric" duration="00:00:00.0063730" startTime="2026-09-25T14:36:18.6318306+08:00" endTime="2026-09-25T14:36:18.6382039+08:00" testType="13cdc9d9-ddb5-4fa4-a97d-d965ccfc6d4b" outcome="Passed" testListId="8c84fa94-04c1-424b-9868-57a2d4851a1d" relativeResultsDirectory="9b103e7b-34ef-45df-86eb-b7cc500d8dc0" />
    <UnitTestResult executionId="5ef369de-6b44-4ada-bb5d-2ac28beb22a7" testId="c449cf52-45f0-677a-37a0-ef42f9c23ed4" testName="AFullReliableBufferRefusesWithoutMutatingItself" computerName="worlesenric" duration="00:00:00.0004560" startTime="2026-09-25T14:36:18.6031685+08:00" endTime="2026-09-25T14:36:18.6036248+08:00" testType="13cdc9d9-ddb5-4fa4-a97d-d965ccfc6d4b" outcome="Passed" testListId="8c84fa94-04c1-424b-9868-57a2d4851a1d" relativeResultsDirectory="5ef369de-6b44-4ada-bb5d-2ac28beb22a7" />
    <UnitTestResult executionId="b56e2d8c-dd50-4ba9-b30e-474aa262e0f9" testId="4135703b-cedb-85f4-913b-93148909a1fd" testName="MainThreadDisciplineIsExplicitlyCaptured" computerName="worlesenric" duration="00:00:00.0009780" startTime="2026-09-25T14:36:18.7549191+08:00" endTime="2026-09-25T14:36:18.7558974+08:00" testType="13cdc9d9-ddb5-4fa4-a97d-d965ccfc6d4b" outcome="Passed" testListId="8c84fa94-04c1-424b-9868-57a2d4851a1d" relativeResultsDirectory="b56e2d8c-dd50-4ba9-b30e-474aa262e0f9" />
    <UnitTestResult executionId="e86d0bf5-aaf8-4828-90c7-18664a31b219" testId="9b4a2fc1-2d8a-024b-e548-b73a3749a522" testName="StageIndexesOutsideTheDeclaredCountAreRejected" computerName="worlesenric" duration="00:00:00.0002120" startTime="2026-09-25T14:36:18.7421669+08:00" endTime="2026-09-25T14:36:18.7423793+08:00" testType="13cdc9d9-ddb5-4fa4-a97d-d965ccfc6d4b" outcome="Passed" testListId="8c84fa94-04c1-424b-9868-57a2d4851a1d" relativeResultsDirectory="e86d0bf5-aaf8-4828-90c7-18664a31b219" />
    <UnitTestResult executionId="ed7eb3e9-7fde-4677-a086-ca489a1846cf" testId="3c72f170-5caa-fce3-944a-843ab00df853" testName="UnfinishedJobsStayTrackedAndQuarantined" computerName="worlesenric" duration="00:00:00.0009560" startTime="2026-09-25T14:36:18.8109940+08:00" endTime="2026-09-25T14:36:18.8119495+08:00" testType="13cdc9d9-ddb5-4fa4-a97d-d965ccfc6d4b" outcome="Passed" testListId="8c84fa94-04c1-424b-9868-57a2d4851a1d" relativeResultsDirectory="ed7eb3e9-7fde-4677-a086-ca489a1846cf" />
    <UnitTestResult executionId="bd38e564-7e61-42d2-9a78-d6422fe3695d" testId="1f60911d-0ec0-d0fd-779c-57b08ad082a3" testName="WellFormedPlanProjectsOntoTheEpochBoundTable" computerName="worlesenric" duration="00:00:00.0019100" startTime="2026-09-25T14:36:18.7426609+08:00" endTime="2026-09-25T14:36:18.7445709+08:00" testType="13cdc9d9-ddb5-4fa4-a97d-d965ccfc6d4b" outcome="Passed" testListId="8c84fa94-04c1-424b-9868-57a2d4851a1d" relativeResultsDirectory="bd38e564-7e61-42d2-9a78-d6422fe3695d" />
    <UnitTestResult executionId="b1cba600-69d3-460c-9ae0-153b0c7eabb7" testId="bfdc2225-ad86-e34b-6f4c-e2cbfd167029" testName="DeferredStructuralPlaybackIsCanonicalAndWaitsForItsProducer" computerName="worlesenric" duration="00:00:00.0020150" startTime="2026-09-25T14:36:18.6127106+08:00" endTime="2026-09-25T14:36:18.6147251+08:00" testType="13cdc9d9-ddb5-4fa4-a97d-d965ccfc6d4b" outcome="Passed" testListId="8c84fa94-04c1-424b-9868-57a2d4851a1d" relativeResultsDirectory="b1cba600-69d3-460c-9ae0-153b0c7eabb7" />
    <UnitTestResult executionId="ea9cf53e-ab5b-4ae0-a349-d700ad94e6f8" testId="a0423dd7-21d7-4181-80a6-e6609fc70689" testName="TheFixturePayloadWriterRoundTripsThroughThePayloadReader" computerName="worlesenric" duration="00:00:00.0007490" startTime="2026-09-25T14:36:18.6418258+08:00" endTime="2026-09-25T14:36:18.6425747+08:00" testType="13cdc9d9-ddb5-4fa4-a97d-d965ccfc6d4b" outcome="Passed" testListId="8c84fa94-04c1-424b-9868-57a2d4851a1d" relativeResultsDirectory="ea9cf53e-ab5b-4ae0-a349-d700ad94e6f8" />
    <UnitTestResult executionId="406ea945-441f-4322-8ecd-6226930bfa25" testId="34c9ba54-c5dd-8be4-82c8-a009fad9bf0b" testName="FixedStepPauseAddsNoDebtAndPreservesTheAccumulator" computerName="worlesenric" duration="00:00:00.0004030" startTime="2026-09-25T14:36:18.7912585+08:00" endTime="2026-09-25T14:36:18.7916611+08:00" testType="13cdc9d9-ddb5-4fa4-a97d-d965ccfc6d4b" outcome="Passed" testListId="8c84fa94-04c1-424b-9868-57a2d4851a1d" relativeResultsDirectory="406ea945-441f-4322-8ecd-6226930bfa25" />
    <UnitTestResult executionId="ed409e77-0c04-4b1b-8bac-62436033933e" testId="45b65ac6-110a-86f7-06c6-019258709dd0" testName="AFailingDisposerIsQuarantinedWhileOtherCleanupStillRuns" computerName="worlesenric" duration="00:00:00.0048010" startTime="2026-09-25T14:36:18.7920695+08:00" endTime="2026-09-25T14:36:18.7968707+08:00" testType="13cdc9d9-ddb5-4fa4-a97d-d965ccfc6d4b" outcome="Passed" testListId="8c84fa94-04c1-424b-9868-57a2d4851a1d" relativeResultsDirectory="ed409e77-0c04-4b1b-8bac-62436033933e" />
    <UnitTestResult executionId="bc56d269-8d41-4b31-a30f-34f3187adf55" testId="303e6f04-20d7-e46b-e401-41725e6b09fc" testName="FixedStepRejectsABackwardsHostClock" computerName="worlesenric" duration="00:00:00.0002550" startTime="2026-09-25T14:36:18.7916794+08:00" endTime="2026-09-25T14:36:18.7919340+08:00" testType="13cdc9d9-ddb5-4fa4-a97d-d965ccfc6d4b" outcome="Passed" testListId="8c84fa94-04c1-424b-9868-57a2d4851a1d" relativeResultsDirectory="bc56d269-8d41-4b31-a30f-34f3187adf55" />
    <UnitTestResult executionId="630e069a-471b-46e4-9ac9-ff92f515a9f8" testId="3035a382-336b-d9da-a4ed-2f3e7105ec85" testName="FactoriesRejectAnInvalidConfiguration" computerName="worlesenric" duration="00:00:00.0014440" startTime="2026-09-25T14:36:18.7824565+08:00" endTime="2026-09-25T14:36:18.7839000+08:00" testType="13cdc9d9-ddb5-4fa4-a97d-d965ccfc6d4b" outcome="Passed" testListId="8c84fa94-04c1-424b-9868-57a2d4851a1d" relativeResultsDirectory="630e069a-471b-46e4-9ac9-ff92f515a9f8" />
    <UnitTestResult executionId="e448be33-eb61-4713-a9d0-221212c985fd" testId="677b7f47-fe21-ca68-74b4-835b60ab716a" testName="TheInputSealIsMonotonicAndCarriesTheAdmittedPrefix" computerName="worlesenric" duration="00:00:00.0056370" startTime="2026-09-25T14:36:18.6152333+08:00" endTime="2026-09-25T14:36:18.6208700+08:00" testType="13cdc9d9-ddb5-4fa4-a97d-d965ccfc6d4b" outcome="Passed" testListId="8c84fa94-04c1-424b-9868-57a2d4851a1d" relativeResultsDirectory="e448be33-eb61-4713-a9d0-221212c985fd" />
    <UnitTestResult executionId="f8412cd6-e978-469e-8684-67c5e3cfc6b4" testId="42e2aa6d-4924-e333-b7de-502334166dc2" testName="StepFingerprintIsScopedAndDeterministic" computerName="worlesenric" duration="00:00:00.0011440" startTime="2026-09-25T14:36:18.7574487+08:00" endTime="2026-09-25T14:36:18.7585930+08:00" testType="13cdc9d9-ddb5-4fa4-a97d-d965ccfc6d4b" outcome="Passed" testListId="8c84fa94-04c1-424b-9868-57a2d4851a1d" relativeResultsDirectory="f8412cd6-e978-469e-8684-67c5e3cfc6b4" />
    <UnitTestResult executionId="b96c31a9-acbb-49fb-ac2d-430dcaa80b1a" testId="d738f275-76d5-19cd-eea0-f021e2b8ec8d" testName="SnapshotIsOrderedByResourceIdAndReportsQuarantineBytes" computerName="worlesenric" duration="00:00:00.0065620" startTime="2026-09-25T14:36:18.8041002+08:00" endTime="2026-09-25T14:36:18.8106615+08:00" testType="13cdc9d9-ddb5-4fa4-a97d-d965ccfc6d4b" outcome="Passed" testListId="8c84fa94-04c1-424b-9868-57a2d4851a1d" relativeResultsDirectory="b96c31a9-acbb-49fb-ac2d-430dcaa80b1a" />
    <UnitTestResult executionId="9ab03b6c-d623-405a-87c2-635c548c1756" testId="f9417409-5a48-3fc0-0d3c-b30769505858" testName="BoundedResultRetentionTurnsDroppedIdentitiesIntoResultExpired" computerName="worlesenric" duration="00:00:00.0014100" startTime="2026-09-25T14:36:18.7698619+08:00" endTime="2026-09-25T14:36:18.7712722+08:00" testType="13cdc9d9-ddb5-4fa4-a97d-d965ccfc6d4b" outcome="Passed" testListId="8c84fa94-04c1-424b-9868-57a2d4851a1d" relativeResultsDirectory="9ab03b6c-d623-405a-87c2-635c548c1756" />
    <UnitTestResult executionId="3b2e0eae-87f4-4da7-ba6e-301bc7d75245" testId="70461505-793e-9018-a699-fcadcfcfe28c" testName="AFreshAdmissionIsAcceptedAndNotYetCommitted" computerName="worlesenric" duration="00:00:00.0005950" startTime="2026-09-25T14:36:18.7657392+08:00" endTime="2026-09-25T14:36:18.7663344+08:00" testType="13cdc9d9-ddb5-4fa4-a97d-d965ccfc6d4b" outcome="Passed" testListId="8c84fa94-04c1-424b-9868-57a2d4851a1d" relativeResultsDirectory="3b2e0eae-87f4-4da7-ba6e-301bc7d75245" />
    <UnitTestResult executionId="d9cd1b7a-d006-40f8-ae5d-f02717eb7b25" testId="345fa482-df2d-11a0-de55-83c3e03cced8" testName="TheStoreReportsGapsInsteadOfFalseContinuity" computerName="worlesenric" duration="00:00:00.0011130" startTime="2026-09-25T14:36:18.6818497+08:00" endTime="2026-09-25T14:36:18.6829631+08:00" testType="13cdc9d9-ddb5-4fa4-a97d-d965ccfc6d4b" outcome="Passed" testListId="8c84fa94-04c1-424b-9868-57a2d4851a1d" relativeResultsDirectory="d9cd1b7a-d006-40f8-ae5d-f02717eb7b25" />
    <UnitTestResult executionId="3b9b9d90-f3e3-4a7f-b052-a6c9ce1826d4" testId="389608c6-b9a3-153f-efa7-9eadc9be4dfa" testName="EmptyPlanIsAValidNoOp" computerName="worlesenric" duration="00:00:00.0011999" startTime="2026-09-25T14:36:18.7090816+08:00" endTime="2026-09-25T14:36:18.7102817+08:00" testType="13cdc9d9-ddb5-4fa4-a97d-d965ccfc6d4b" outcome="Passed" testListId="8c84fa94-04c1-424b-9868-57a2d4851a1d" relativeResultsDirectory="3b9b9d90-f3e3-4a7f-b052-a6c9ce1826d4" />
    <UnitTestResult executionId="e2b43e2a-6b25-47b0-9842-4acd6195d1c6" testId="18dde1f5-6c2b-6ed2-18c5-e6fcbad2a994" testName="TheCommittedCursorIsAttachedAfterPublication" computerName="worlesenric" duration="00:00:00.0003810" startTime="2026-09-25T14:36:18.7758073+08:00" endTime="2026-09-25T14:36:18.7761880+08:00" testType="13cdc9d9-ddb5-4fa4-a97d-d965ccfc6d4b" outcome="Passed" testListId="8c84fa94-04c1-424b-9868-57a2d4851a1d" relativeResultsDirectory="e2b43e2a-6b25-47b0-9842-4acd6195d1c6" />
    <UnitTestResult executionId="b9cf2d67-542d-48b5-8844-dc4f465f61e0" testId="b2bc21af-2b17-2fff-7397-bf7973d1758b" testName="AnUnconsumedNextStepQueueCarriesForwardWithTerminalCancellations" computerName="worlesenric" duration="00:00:00.0077770" startTime="2026-09-25T14:36:18.6049098+08:00" endTime="2026-09-25T14:36:18.6126868+08:00" testType="13cdc9d9-ddb5-4fa4-a97d-d965ccfc6d4b" outcome="Passed" testListId="8c84fa94-04c1-424b-9868-57a2d4851a1d" relativeResultsDirectory="b9cf2d67-542d-48b5-8844-dc4f465f61e0" />
    <UnitTestResult executionId="6b83e9ce-4751-4545-804f-312f4abe1393" testId="31221740-9a3f-c3af-d481-4e0aecfed033" testName="DuplicateSystemKeysAreRejected" computerName="worlesenric" duration="00:00:00.0070330" startTime="2026-09-25T14:36:18.6949969+08:00" endTime="2026-09-25T14:36:18.7020300+08:00" testType="13cdc9d9-ddb5-4fa4-a97d-d965ccfc6d4b" outcome="Passed" testListId="8c84fa94-04c1-424b-9868-57a2d4851a1d" relativeResultsDirectory="6b83e9ce-4751-4545-804f-312f4abe1393" />
    <UnitTestResult executionId="d9c42ed6-d404-4c6f-9915-6df87a570e2d" testId="2dacbbab-7ca0-5f3b-1370-630a5045bbee" testName="ABoundedStepOutputRefusesInsteadOfGrowing" computerName="worlesenric" duration="00:00:00.0026210" startTime="2026-09-25T14:36:18.6513439+08:00" endTime="2026-09-25T14:36:18.6539648+08:00" testType="13cdc9d9-ddb5-4fa4-a97d-d965ccfc6d4b" outcome="Passed" testListId="8c84fa94-04c1-424b-9868-57a2d4851a1d" relativeResultsDirectory="d9c42ed6-d404-4c6f-9915-6df87a570e2d" />
    <UnitTestResult executionId="2b569164-f45a-4a49-91e9-9800bcbeb4ac" testId="94bb3ca6-8723-a1fc-2486-1ec35ee3c9c3" testName="ForwardOrSelfStageEdgesAreRejected" computerName="worlesenric" duration="00:00:00.0003640" startTime="2026-09-25T14:36:18.7208285+08:00" endTime="2026-09-25T14:36:18.7211931+08:00" testType="13cdc9d9-ddb5-4fa4-a97d-d965ccfc6d4b" outcome="Passed" testListId="8c84fa94-04c1-424b-9868-57a2d4851a1d" relativeResultsDirectory="2b569164-f45a-4a49-91e9-9800bcbeb4ac" />
    <UnitTestResult executionId="cc562309-c126-4ae5-9e0b-873f6e3a8a1a" testId="9fa8b50d-476e-66b5-554b-ad67458320a6" testName="PublishingOneStepExposesExactlyOneImage" computerName="worlesenric" duration="00:00:00.0010420" startTime="2026-09-25T14:36:18.7561448+08:00" endTime="2026-09-25T14:36:18.7571867+08:00" testType="13cdc9d9-ddb5-4fa4-a97d-d965ccfc6d4b" outcome="Passed" testListId="8c84fa94-04c1-424b-9868-57a2d4851a1d" relativeResultsDirectory="cc562309-c126-4ae5-9e0b-873f6e3a8a1a" />
    <UnitTestResult executionId="3b2efd7b-3432-4a58-97c8-9f0254e2bbe7" testId="18d7edfe-b218-3158-ed0d-37146d75e30e" testName="OneBuildProducesCanonicallyOrderedEventsForTheCommittedStep" computerName="worlesenric" duration="00:00:00.0075730" startTime="2026-09-25T14:36:18.6668583+08:00" endTime="2026-09-25T14:36:18.6744315+08:00" testType="13cdc9d9-ddb5-4fa4-a97d-d965ccfc6d4b" outcome="Passed" testListId="8c84fa94-04c1-424b-9868-57a2d4851a1d" relativeResultsDirectory="3b2efd7b-3432-4a58-97c8-9f0254e2bbe7" />
    <UnitTestResult executionId="9a6baf5f-7836-477a-8d23-723a540650bd" testId="2edc501e-8344-75cc-b669-23e1c4271271" testName="IdSequenceIsDeterministicAndNeverWraps" computerName="worlesenric" duration="00:00:00.0018160" startTime="2026-09-25T14:36:18.7249683+08:00" endTime="2026-09-25T14:36:18.7267841+08:00" testType="13cdc9d9-ddb5-4fa4-a97d-d965ccfc6d4b" outcome="Passed" testListId="8c84fa94-04c1-424b-9868-57a2d4851a1d" relativeResultsDirectory="9a6baf5f-7836-477a-8d23-723a540650bd" />
    <UnitTestResult executionId="6e38e9fd-e130-42b4-8869-c1e627f9a9dc" testId="2629c08f-b8f9-daea-1f47-bd4bf0d2e171" testName="ADuplicateRequestKeyReturnsItsRecordedResult" computerName="worlesenric" duration="00:00:00.0062800" startTime="2026-09-25T14:36:18.7591488+08:00" endTime="2026-09-25T14:36:18.7654287+08:00" testType="13cdc9d9-ddb5-4fa4-a97d-d965ccfc6d4b" outcome="Passed" testListId="8c84fa94-04c1-424b-9868-57a2d4851a1d" relativeResultsDirectory="6e38e9fd-e130-42b4-8869-c1e627f9a9dc" />
    <UnitTestResult executionId="525e53fe-60e5-4e9d-979d-365be1d00e80" testId="4a8ec966-8828-ce32-4aa8-653ecc611411" testName="CommandDrivenWorldExecutesZeroStepsWithoutDemand" computerName="worlesenric" duration="00:00:00.0046390" startTime="2026-09-25T14:36:18.7777811+08:00" endTime="2026-09-25T14:36:18.7824197+08:00" testType="13cdc9d9-ddb5-4fa4-a97d-d965ccfc6d4b" outcome="Passed" testListId="8c84fa94-04c1-424b-9868-57a2d4851a1d" relativeResultsDirectory="525e53fe-60e5-4e9d-979d-365be1d00e80" />
    <UnitTestResult executionId="c727fef2-878d-4155-9d8f-ad256705ad78" testId="fba13f16-c359-3fec-94e8-1950c7d07975" testName="ALossyBufferDropsAndCountsInsteadOfRefusing" computerName="worlesenric" duration="00:00:00.0002340" startTime="2026-09-25T14:36:18.6038957+08:00" endTime="2026-09-25T14:36:18.6041301+08:00" testType="13cdc9d9-ddb5-4fa4-a97d-d965ccfc6d4b" outcome="Passed" testListId="8c84fa94-04c1-424b-9868-57a2d4851a1d" relativeResultsDirectory="c727fef2-878d-4155-9d8f-ad256705ad78" />
    <UnitTestResult executionId="519552d4-e990-42f0-a141-5ab87053eb35" testId="9c0ff751-66bb-e594-c04e-268872da12e1" testName="ADeclaredLifetimePairAndDuplicateIdentityReject" computerName="worlesenric" duration="00:00:00.0003890" startTime="2026-09-25T14:36:18.5623796+08:00" endTime="2026-09-25T14:36:18.5627687+08:00" testType="13cdc9d9-ddb5-4fa4-a97d-d965ccfc6d4b" outcome="Passed" testListId="8c84fa94-04c1-424b-9868-57a2d4851a1d" relativeResultsDirectory="519552d4-e990-42f0-a141-5ab87053eb35" />
    <UnitTestResult executionId="7a0dd3e0-87ec-478d-8df4-6f569343c419" testId="c49c61d2-2d4a-20c5-9f6b-c58d124c54e7" testName="ADeclaredDeferredBufferRefusesAnUndeclaredProducerAndOverflow" computerName="worlesenric" duration="00:00:00.0108580" startTime="2026-09-25T14:36:18.5414155+08:00" endTime="2026-09-25T14:36:18.5522184+08:00" testType="13cdc9d9-ddb5-4fa4-a97d-d965ccfc6d4b" outcome="Passed" testListId="8c84fa94-04c1-424b-9868-57a2d4851a1d" relativeResultsDirectory="7a0dd3e0-87ec-478d-8df4-6f569343c419" />
    <UnitTestResult executionId="ec87b126-8a8d-4b72-a62c-4023da5fb641" testId="9b68467e-4c59-5308-7184-4397751bb0c8" testName="UnknownResourcesAndJobsAreRefusedInsteadOfInvented" computerName="worlesenric" duration="00:00:00.0002330" startTime="2026-09-25T14:36:18.8121793+08:00" endTime="2026-09-25T14:36:18.8124121+08:00" testType="13cdc9d9-ddb5-4fa4-a97d-d965ccfc6d4b" outcome="Passed" testListId="8c84fa94-04c1-424b-9868-57a2d4851a1d" relativeResultsDirectory="ec87b126-8a8d-4b72-a62c-4023da5fb641" />
    <UnitTestResult executionId="06f09ff2-bad5-4392-a9b5-f85333bffa50" testId="43b54bab-a736-4e2a-6785-841b4dda0f6d" testName="NonAscendingDispatchIndicesAreRejected" computerName="worlesenric" duration="00:00:00.0002250" startTime="2026-09-25T14:36:18.7311859+08:00" endTime="2026-09-25T14:36:18.7314109+08:00" testType="13cdc9d9-ddb5-4fa4-a97d-d965ccfc6d4b" outcome="Passed" testListId="8c84fa94-04c1-424b-9868-57a2d4851a1d" relativeResultsDirectory="06f09ff2-bad5-4392-a9b5-f85333bffa50" />
    <UnitTestResult executionId="43774051-1b34-4523-a254-823d7a262d1d" testId="a45bc3d3-78fa-028e-dfa6-3b4b00606051" testName="APublicationFromAnotherWorldIncarnationAndANonIncreasingSequenceAreRefused" computerName="worlesenric" duration="00:00:00.0020540" startTime="2026-09-25T14:36:18.6568608+08:00" endTime="2026-09-25T14:36:18.6589150+08:00" testType="13cdc9d9-ddb5-4fa4-a97d-d965ccfc6d4b" outcome="Passed" testListId="8c84fa94-04c1-424b-9868-57a2d4851a1d" relativeResultsDirectory="43774051-1b34-4523-a254-823d7a262d1d" />
    <UnitTestResult executionId="b4611e89-79ee-4119-b1be-5628c9e528dc" testId="835ddafc-16ed-f669-1bd3-27b5b31a1825" testName="FixedStepAdmitsWholeStepsAndRetainsTheRemainder" computerName="worlesenric" duration="00:00:00.0008710" startTime="2026-09-25T14:36:18.7899243+08:00" endTime="2026-09-25T14:36:18.7907952+08:00" testType="13cdc9d9-ddb5-4fa4-a97d-d965ccfc6d4b" outcome="Passed" testListId="8c84fa94-04c1-424b-9868-57a2d4851a1d" relativeResultsDirectory="b4611e89-79ee-4119-b1be-5628c9e528dc" />
    <UnitTestResult executionId="07d4c916-9e6c-4372-a1a7-89344678c3a6" testId="ffb320f3-6eb7-d529-f4d7-259c2e4eba0c" testName="ResourcesAreDisposedAtMostOnce" computerName="worlesenric" duration="00:00:00.0003520" startTime="2026-09-25T14:36:18.7979797+08:00" endTime="2026-09-25T14:36:18.7983318+08:00" testType="13cdc9d9-ddb5-4fa4-a97d-d965ccfc6d4b" outcome="Passed" testListId="8c84fa94-04c1-424b-9868-57a2d4851a1d" relativeResultsDirectory="07d4c916-9e6c-4372-a1a7-89344678c3a6" />
    <UnitTestResult executionId="0f4b2537-0df3-4c64-811c-1d3cd8c81c20" testId="0d60feda-8f8d-eeaa-6f8a-8de4f9ff0377" testName="CommandDrivenWorldAdmitsDemandUpToItsPerPumpLimit" computerName="worlesenric" duration="00:00:00.0005450" startTime="2026-09-25T14:36:18.7772181+08:00" endTime="2026-09-25T14:36:18.7777634+08:00" testType="13cdc9d9-ddb5-4fa4-a97d-d965ccfc6d4b" outcome="Passed" testListId="8c84fa94-04c1-424b-9868-57a2d4851a1d" relativeResultsDirectory="0f4b2537-0df3-4c64-811c-1d3cd8c81c20" />
    <UnitTestResult executionId="29bff058-95d8-468d-b6ee-f62b7e89b234" testId="a3367e58-2964-a6e9-4c83-cfc3ac2694cd" testName="AnOutOfOrderIssuerSequenceIsRefused" computerName="worlesenric" duration="00:00:00.0003840" startTime="2026-09-25T14:36:18.7666438+08:00" endTime="2026-09-25T14:36:18.7670274+08:00" testType="13cdc9d9-ddb5-4fa4-a97d-d965ccfc6d4b" outcome="Passed" testListId="8c84fa94-04c1-424b-9868-57a2d4851a1d" relativeResultsDirectory="29bff058-95d8-468d-b6ee-f62b7e89b234" />
    <UnitTestResult executionId="7a79f82e-c2a8-4ff9-9935-9951a49e34cb" testId="5c2a0741-ab45-75bd-2057-9da21ccfae53" testName="CapacityBackpressureRecordsNothing" computerName="worlesenric" duration="00:00:00.0004190" startTime="2026-09-25T14:36:18.7735861+08:00" endTime="2026-09-25T14:36:18.7740051+08:00" testType="13cdc9d9-ddb5-4fa4-a97d-d965ccfc6d4b" outcome="Passed" testListId="8c84fa94-04c1-424b-9868-57a2d4851a1d" relativeResultsDirectory="7a79f82e-c2a8-4ff9-9935-9951a49e34cb" />
    <UnitTestResult executionId="c3aec348-d245-4ff5-bd9f-5b6fda4ae0b8" testId="3ece3464-5e86-6076-b40f-bd3051d58713" testName="ASubscriberFailureIsCountedAndCannotUndoTheCommit" computerName="worlesenric" duration="00:00:00.0012280" startTime="2026-09-25T14:36:18.7510152+08:00" endTime="2026-09-25T14:36:18.7522428+08:00" testType="13cdc9d9-ddb5-4fa4-a97d-d965ccfc6d4b" outcome="Passed" testListId="8c84fa94-04c1-424b-9868-57a2d4851a1d" relativeResultsDirectory="c3aec348-d245-4ff5-bd9f-5b6fda4ae0b8" />
    <UnitTestResult executionId="834ad504-00db-487b-83e1-73f1786a7bc6" testId="2cf167a4-55da-f7bf-e162-eac7df9407ff" testName="UndrainedReliableRowsFailTheCommitValidation" computerName="worlesenric" duration="00:00:00.0031060" startTime="2026-09-25T14:36:18.6208928+08:00" endTime="2026-09-25T14:36:18.6239988+08:00" testType="13cdc9d9-ddb5-4fa4-a97d-d965ccfc6d4b" outcome="Passed" testListId="8c84fa94-04c1-424b-9868-57a2d4851a1d" relativeResultsDirectory="834ad504-00db-487b-83e1-73f1786a7bc6" />
    <UnitTestResult executionId="527cd7b8-36d1-49dd-b6b1-8ec2c062ccfa" testId="7801e172-5739-17c2-5030-2be659a5df9a" testName="PendingRowsAreReportedInCanonicalAdmissionOrder" computerName="worlesenric" duration="00:00:00.0007500" startTime="2026-09-25T14:36:18.7740204+08:00" endTime="2026-09-25T14:36:18.7747699+08:00" testType="13cdc9d9-ddb5-4fa4-a97d-d965ccfc6d4b" outcome="Passed" testListId="8c84fa94-04c1-424b-9868-57a2d4851a1d" relativeResultsDirectory="527cd7b8-36d1-49dd-b6b1-8ec2c062ccfa" />
    <UnitTestResult executionId="48a78b8f-f411-458f-b311-a4993938b67d" testId="4d8779a6-a796-88ce-c981-a94903018e41" testName="AcquireReportsAcquiredExpiredForeignWorldAndBackpressure" computerName="worlesenric" duration="00:00:00.0048650" startTime="2026-09-25T14:36:18.7452259+08:00" endTime="2026-09-25T14:36:18.7500908+08:00" testType="13cdc9d9-ddb5-4fa4-a97d-d965ccfc6d4b" outcome="Passed" testListId="8c84fa94-04c1-424b-9868-57a2d4851a1d" relativeResultsDirectory="48a78b8f-f411-458f-b311-a4993938b67d" />
    <UnitTestResult executionId="98a916b5-40ed-4fba-ba8e-3235fc808d0b" testId="8545c1a9-bb07-e490-9a1c-17237ed1f88c" testName="AReusedKeyWithDifferentInputIsAnIdempotencyConflict" computerName="worlesenric" duration="00:00:00.0003289" startTime="2026-09-25T14:36:18.7684551+08:00" endTime="2026-09-25T14:36:18.7687843+08:00" testType="13cdc9d9-ddb5-4fa4-a97d-d965ccfc6d4b" outcome="Passed" testListId="8c84fa94-04c1-424b-9868-57a2d4851a1d" relativeResultsDirectory="98a916b5-40ed-4fba-ba8e-3235fc808d0b" />
    <UnitTestResult executionId="d93fcb12-0f70-46a1-a4db-86e3fd728c55" testId="10e55d40-0090-581f-bc4b-35d4694553fd" testName="FixedStepCatchUpIsBoundedAndDebtIsNeverDropped" computerName="worlesenric" duration="00:00:00.0003680" startTime="2026-09-25T14:36:18.7908699+08:00" endTime="2026-09-25T14:36:18.7912378+08:00" testType="13cdc9d9-ddb5-4fa4-a97d-d965ccfc6d4b" outcome="Passed" testListId="8c84fa94-04c1-424b-9868-57a2d4851a1d" relativeResultsDirectory="d93fcb12-0f70-46a1-a4db-86e3fd728c55" />
    <UnitTestResult executionId="2f62ec40-d558-4d4d-85a0-e4412ee51c39" testId="d7cc144d-d7ae-f5d8-3a71-1a938f56653e" testName="ProducerWithoutItsConsumerStageFailsDrainValidation" computerName="worlesenric" duration="00:00:00.0015790" startTime="2026-09-25T14:36:18.7389663+08:00" endTime="2026-09-25T14:36:18.7405461+08:00" testType="13cdc9d9-ddb5-4fa4-a97d-d965ccfc6d4b" outcome="Passed" testListId="8c84fa94-04c1-424b-9868-57a2d4851a1d" relativeResultsDirectory="2f62ec40-d558-4d4d-85a0-e4412ee51c39" />
    <UnitTestResult executionId="cf8328a3-4956-4418-87f5-a8d676021250" testId="691059e2-f9dc-4cd1-a419-0abca7f245dc" testName="ARepeatedPageReadIsCountedAsARedelivery" computerName="worlesenric" duration="00:00:00.0018780" startTime="2026-09-25T14:36:18.6618634+08:00" endTime="2026-09-25T14:36:18.6637412+08:00" testType="13cdc9d9-ddb5-4fa4-a97d-d965ccfc6d4b" outcome="Passed" testListId="8c84fa94-04c1-424b-9868-57a2d4851a1d" relativeResultsDirectory="cf8328a3-4956-4418-87f5-a8d676021250" />
    <UnitTestResult executionId="f2b545c6-6e10-4f08-915b-28d4e6369179" testId="dbe80e58-16b3-d0e0-9403-8df159a4ea37" testName="UnknownAndRetiredRoutesAndSchemaMismatchesAreRefused" computerName="worlesenric" duration="00:00:00.0008670" startTime="2026-09-25T14:36:18.7762046+08:00" endTime="2026-09-25T14:36:18.7770713+08:00" testType="13cdc9d9-ddb5-4fa4-a97d-d965ccfc6d4b" outcome="Passed" testListId="8c84fa94-04c1-424b-9868-57a2d4851a1d" relativeResultsDirectory="f2b545c6-6e10-4f08-915b-28d4e6369179" />
    <UnitTestResult executionId="19bcdf72-0b11-4226-9aa1-ad7814580b63" testId="2873c9c4-989d-7e04-6f99-7a10e9e110b5" testName="RetirementRunsFromDependentsTowardDependencies" computerName="worlesenric" duration="00:00:00.0005310" startTime="2026-09-25T14:36:18.8011864+08:00" endTime="2026-09-25T14:36:18.8017182+08:00" testType="13cdc9d9-ddb5-4fa4-a97d-d965ccfc6d4b" outcome="Passed" testListId="8c84fa94-04c1-424b-9868-57a2d4851a1d" relativeResultsDirectory="19bcdf72-0b11-4226-9aa1-ad7814580b63" />
  </Results>
  <TestDefinitions>
    <UnitTest name="FixedStepRejectsABackwardsHostClock" storage="/home/worlesenric/wkspace/gc-wt/gc-013/dotnet/tests/gamecore.execution.tests/bin/release/net8.0/gamecore.execution.tests.dll" id="303e6f04-20d7-e46b-e401-41725e6b09fc">
      <Execution id="bc56d269-8d41-4b31-a30f-34f3187adf55" />
      <TestMethod codeBase="/home/worlesenric/wkspace/gc-wt/gc-013/dotnet/tests/GameCore.Execution.Tests/bin/Release/net8.0/GameCore.Execution.Tests.dll" adapterTypeName="executor://nunit3testexecutor/" className="GameCore.Execution.Tests.TemporalAccumulatorTests" name="FixedStepRejectsABackwardsHostClock" />
    </UnitTest>
    <UnitTest name="ForeignWorldImagesAreRefusedAtPublication" storage="/home/worlesenric/wkspace/gc-wt/gc-013/dotnet/tests/gamecore.execution.tests/bin/release/net8.0/gamecore.execution.tests.dll" id="5d1aedc4-d23b-8c74-fe8d-3b54ae90eb72">
      <Execution id="c3e369c1-fc37-49ec-be12-4876f1e07a1c" />
      <TestMethod codeBase="/home/worlesenric/wkspace/gc-wt/gc-013/dotnet/tests/GameCore.Execution.Tests/bin/Release/net8.0/GameCore.Execution.Tests.dll" adapterTypeName="executor://nunit3testexecutor/" className="GameCore.Execution.Tests.PublicationBoundaryTests" name="ForeignWorldImagesAreRefusedAtPublication" />
    </UnitTest>
    <UnitTest name="UnknownAndRetiredRoutesAndSchemaMismatchesAreRefused" storage="/home/worlesenric/wkspace/gc-wt/gc-013/dotnet/tests/gamecore.execution.tests/bin/release/net8.0/gamecore.execution.tests.dll" id="dbe80e58-16b3-d0e0-9403-8df159a4ea37">
      <Execution id="f2b545c6-6e10-4f08-915b-28d4e6369179" />
      <TestMethod codeBase="/home/worlesenric/wkspace/gc-wt/gc-013/dotnet/tests/GameCore.Execution.Tests/bin/Release/net8.0/GameCore.Execution.Tests.dll" adapterTypeName="executor://nunit3testexecutor/" className="GameCore.Execution.Tests.RequestLedgerTests" name="UnknownAndRetiredRoutesAndSchemaMismatchesAreRefused" />
    </UnitTest>
    <UnitTest name="APublicationFromAnotherWorldIncarnationAndANonIncreasingSequenceAreRefused" storage="/home/worlesenric/wkspace/gc-wt/gc-013/dotnet/tests/gamecore.execution.tests/bin/release/net8.0/gamecore.execution.tests.dll" id="a45bc3d3-78fa-028e-dfa6-3b4b00606051">
      <Execution id="43774051-1b34-4523-a254-823d7a262d1d" />
      <TestMethod codeBase="/home/worlesenric/wkspace/gc-wt/gc-013/dotnet/tests/GameCore.Execution.Tests/bin/Release/net8.0/GameCore.Execution.Tests.dll" adapterTypeName="executor://nunit3testexecutor/" className="GameCore.Execution.Tests.CommittedEventStoreTests" name="APublicationFromAnotherWorldIncarnationAndANonIncreasingSequenceAreRefused" />
    </UnitTest>
    <UnitTest name="FixedStepCatchUpIsBoundedAndDebtIsNeverDropped" storage="/home/worlesenric/wkspace/gc-wt/gc-013/dotnet/tests/gamecore.execution.tests/bin/release/net8.0/gamecore.execution.tests.dll" id="10e55d40-0090-581f-bc4b-35d4694553fd">
      <Execution id="d93fcb12-0f70-46a1-a4db-86e3fd728c55" />
      <TestMethod codeBase="/home/worlesenric/wkspace/gc-wt/gc-013/dotnet/tests/GameCore.Execution.Tests/bin/Release/net8.0/GameCore.Execution.Tests.dll" adapterTypeName="executor://nunit3testexecutor/" className="GameCore.Execution.Tests.TemporalAccumulatorTests" name="FixedStepCatchUpIsBoundedAndDebtIsNeverDropped" />
    </UnitTest>
    <UnitTest name="StepFingerprintIsScopedAndDeterministic" storage="/home/worlesenric/wkspace/gc-wt/gc-013/dotnet/tests/gamecore.execution.tests/bin/release/net8.0/gamecore.execution.tests.dll" id="42e2aa6d-4924-e333-b7de-502334166dc2">
      <Execution id="f8412cd6-e978-469e-8684-67c5e3cfc6b4" />
      <TestMethod codeBase="/home/worlesenric/wkspace/gc-wt/gc-013/dotnet/tests/GameCore.Execution.Tests/bin/Release/net8.0/GameCore.Execution.Tests.dll" adapterTypeName="executor://nunit3testexecutor/" className="GameCore.Execution.Tests.PublicationBoundaryTests" name="StepFingerprintIsScopedAndDeterministic" />
    </UnitTest>
    <UnitTest name="StageIndexesOutsideTheDeclaredCountAreRejected" storage="/home/worlesenric/wkspace/gc-wt/gc-013/dotnet/tests/gamecore.execution.tests/bin/release/net8.0/gamecore.execution.tests.dll" id="9b4a2fc1-2d8a-024b-e548-b73a3749a522">
      <Execution id="e86d0bf5-aaf8-4828-90c7-18664a31b219" />
      <TestMethod codeBase="/home/worlesenric/wkspace/gc-wt/gc-013/dotnet/tests/GameCore.Execution.Tests/bin/Release/net8.0/GameCore.Execution.Tests.dll" adapterTypeName="executor://nunit3testexecutor/" className="GameCore.Execution.Tests.GuardedDispatchPlanTests" name="StageIndexesOutsideTheDeclaredCountAreRejected" />
    </UnitTest>
    <UnitTest name="TheConsumingOwnerTakesTheSealedBatchInCanonicalOrder" storage="/home/worlesenric/wkspace/gc-wt/gc-013/dotnet/tests/gamecore.execution.tests/bin/release/net8.0/gamecore.execution.tests.dll" id="18be1379-bcdd-61aa-1fb4-92e20afcd72b">
      <Execution id="0a0aea53-5e99-45e9-978e-800b5997d34e" />
      <TestMethod codeBase="/home/worlesenric/wkspace/gc-wt/gc-013/dotnet/tests/GameCore.Execution.Tests/bin/Release/net8.0/GameCore.Execution.Tests.dll" adapterTypeName="executor://nunit3testexecutor/" className="GameCore.Execution.Tests.BoundedMessageBufferTests" name="TheConsumingOwnerTakesTheSealedBatchInCanonicalOrder" />
    </UnitTest>
    <UnitTest name="UndrainedReliableRowsFailTheCommitValidation" storage="/home/worlesenric/wkspace/gc-wt/gc-013/dotnet/tests/gamecore.execution.tests/bin/release/net8.0/gamecore.execution.tests.dll" id="2cf167a4-55da-f7bf-e162-eac7df9407ff">
      <Execution id="834ad504-00db-487b-83e1-73f1786a7bc6" />
      <TestMethod codeBase="/home/worlesenric/wkspace/gc-wt/gc-013/dotnet/tests/GameCore.Execution.Tests/bin/Release/net8.0/GameCore.Execution.Tests.dll" adapterTypeName="executor://nunit3testexecutor/" className="GameCore.Execution.Tests.BoundedMessageBufferTests" name="UndrainedReliableRowsFailTheCommitValidation" />
    </UnitTest>
    <UnitTest name="UnfinishedJobsStayTrackedAndQuarantined" storage="/home/worlesenric/wkspace/gc-wt/gc-013/dotnet/tests/gamecore.execution.tests/bin/release/net8.0/gamecore.execution.tests.dll" id="3c72f170-5caa-fce3-944a-843ab00df853">
      <Execution id="ed7eb3e9-7fde-4677-a086-ca489a1846cf" />
      <TestMethod codeBase="/home/worlesenric/wkspace/gc-wt/gc-013/dotnet/tests/GameCore.Execution.Tests/bin/Release/net8.0/GameCore.Execution.Tests.dll" adapterTypeName="executor://nunit3testexecutor/" className="GameCore.Execution.Tests.WorldResourceLedgerTests" name="UnfinishedJobsStayTrackedAndQuarantined" />
    </UnitTest>
    <UnitTest name="CommandDrivenWorldExecutesZeroStepsWithoutDemand" storage="/home/worlesenric/wkspace/gc-wt/gc-013/dotnet/tests/gamecore.execution.tests/bin/release/net8.0/gamecore.execution.tests.dll" id="4a8ec966-8828-ce32-4aa8-653ecc611411">
      <Execution id="525e53fe-60e5-4e9d-979d-365be1d00e80" />
      <TestMethod codeBase="/home/worlesenric/wkspace/gc-wt/gc-013/dotnet/tests/GameCore.Execution.Tests/bin/Release/net8.0/GameCore.Execution.Tests.dll" adapterTypeName="executor://nunit3testexecutor/" className="GameCore.Execution.Tests.TemporalAccumulatorTests" name="CommandDrivenWorldExecutesZeroStepsWithoutDemand" />
    </UnitTest>
    <UnitTest name="PublishingOneStepExposesExactlyOneImage" storage="/home/worlesenric/wkspace/gc-wt/gc-013/dotnet/tests/gamecore.execution.tests/bin/release/net8.0/gamecore.execution.tests.dll" id="9fa8b50d-476e-66b5-554b-ad67458320a6">
      <Execution id="cc562309-c126-4ae5-9e0b-873f6e3a8a1a" />
      <TestMethod codeBase="/home/worlesenric/wkspace/gc-wt/gc-013/dotnet/tests/GameCore.Execution.Tests/bin/Release/net8.0/GameCore.Execution.Tests.dll" adapterTypeName="executor://nunit3testexecutor/" className="GameCore.Execution.Tests.PublicationBoundaryTests" name="PublishingOneStepExposesExactlyOneImage" />
    </UnitTest>
    <UnitTest name="TheFixturePayloadWriterRoundTripsThroughThePayloadReader" storage="/home/worlesenric/wkspace/gc-wt/gc-013/dotnet/tests/gamecore.execution.tests/bin/release/net8.0/gamecore.execution.tests.dll" id="a0423dd7-21d7-4181-80a6-e6609fc70689">
      <Execution id="ea9cf53e-ab5b-4ae0-a349-d700ad94e6f8" />
      <TestMethod codeBase="/home/worlesenric/wkspace/gc-wt/gc-013/dotnet/tests/GameCore.Execution.Tests/bin/Release/net8.0/GameCore.Execution.Tests.dll" adapterTypeName="executor://nunit3testexecutor/" className="GameCore.Execution.Tests.CommandPayloadReaderTests" name="TheFixturePayloadWriterRoundTripsThroughThePayloadReader" />
    </UnitTest>
    <UnitTest name="AFailingDisposerIsQuarantinedWhileOtherCleanupStillRuns" storage="/home/worlesenric/wkspace/gc-wt/gc-013/dotnet/tests/gamecore.execution.tests/bin/release/net8.0/gamecore.execution.tests.dll" id="45b65ac6-110a-86f7-06c6-019258709dd0">
      <Execution id="ed409e77-0c04-4b1b-8bac-62436033933e" />
      <TestMethod codeBase="/home/worlesenric/wkspace/gc-wt/gc-013/dotnet/tests/GameCore.Execution.Tests/bin/Release/net8.0/GameCore.Execution.Tests.dll" adapterTypeName="executor://nunit3testexecutor/" className="GameCore.Execution.Tests.WorldResourceLedgerTests" name="AFailingDisposerIsQuarantinedWhileOtherCleanupStillRuns" />
    </UnitTest>
    <UnitTest name="OneBuildProducesCanonicallyOrderedEventsForTheCommittedStep" storage="/home/worlesenric/wkspace/gc-wt/gc-013/dotnet/tests/gamecore.execution.tests/bin/release/net8.0/gamecore.execution.tests.dll" id="18d7edfe-b218-3158-ed0d-37146d75e30e">
      <Execution id="3b2efd7b-3432-4a58-97c8-9f0254e2bbe7" />
      <TestMethod codeBase="/home/worlesenric/wkspace/gc-wt/gc-013/dotnet/tests/GameCore.Execution.Tests/bin/Release/net8.0/GameCore.Execution.Tests.dll" adapterTypeName="executor://nunit3testexecutor/" className="GameCore.Execution.Tests.CommittedEventStoreTests" name="OneBuildProducesCanonicallyOrderedEventsForTheCommittedStep" />
    </UnitTest>
    <UnitTest name="RetirementRunsFromDependentsTowardDependencies" storage="/home/worlesenric/wkspace/gc-wt/gc-013/dotnet/tests/gamecore.execution.tests/bin/release/net8.0/gamecore.execution.tests.dll" id="2873c9c4-989d-7e04-6f99-7a10e9e110b5">
      <Execution id="19bcdf72-0b11-4226-9aa1-ad7814580b63" />
      <TestMethod codeBase="/home/worlesenric/wkspace/gc-wt/gc-013/dotnet/tests/GameCore.Execution.Tests/bin/Release/net8.0/GameCore.Execution.Tests.dll" adapterTypeName="executor://nunit3testexecutor/" className="GameCore.Execution.Tests.WorldResourceLedgerTests" name="RetirementRunsFromDependentsTowardDependencies" />
    </UnitTest>
    <UnitTest name="AcquireReportsAcquiredExpiredForeignWorldAndBackpressure" storage="/home/worlesenric/wkspace/gc-wt/gc-013/dotnet/tests/gamecore.execution.tests/bin/release/net8.0/gamecore.execution.tests.dll" id="4d8779a6-a796-88ce-c981-a94903018e41">
      <Execution id="48a78b8f-f411-458f-b311-a4993938b67d" />
      <TestMethod codeBase="/home/worlesenric/wkspace/gc-wt/gc-013/dotnet/tests/GameCore.Execution.Tests/bin/Release/net8.0/GameCore.Execution.Tests.dll" adapterTypeName="executor://nunit3testexecutor/" className="GameCore.Execution.Tests.PublicationBoundaryTests" name="AcquireReportsAcquiredExpiredForeignWorldAndBackpressure" />
    </UnitTest>
    <UnitTest name="FixedStepPauseAddsNoDebtAndPreservesTheAccumulator" storage="/home/worlesenric/wkspace/gc-wt/gc-013/dotnet/tests/gamecore.execution.tests/bin/release/net8.0/gamecore.execution.tests.dll" id="34c9ba54-c5dd-8be4-82c8-a009fad9bf0b">
      <Execution id="406ea945-441f-4322-8ecd-6226930bfa25" />
      <TestMethod codeBase="/home/worlesenric/wkspace/gc-wt/gc-013/dotnet/tests/GameCore.Execution.Tests/bin/Release/net8.0/GameCore.Execution.Tests.dll" adapterTypeName="executor://nunit3testexecutor/" className="GameCore.Execution.Tests.TemporalAccumulatorTests" name="FixedStepPauseAddsNoDebtAndPreservesTheAccumulator" />
    </UnitTest>
    <UnitTest name="EmptyPlanIsAValidNoOp" storage="/home/worlesenric/wkspace/gc-wt/gc-013/dotnet/tests/gamecore.execution.tests/bin/release/net8.0/gamecore.execution.tests.dll" id="389608c6-b9a3-153f-efa7-9eadc9be4dfa">
      <Execution id="3b9b9d90-f3e3-4a7f-b052-a6c9ce1826d4" />
      <TestMethod codeBase="/home/worlesenric/wkspace/gc-wt/gc-013/dotnet/tests/GameCore.Execution.Tests/bin/Release/net8.0/GameCore.Execution.Tests.dll" adapterTypeName="executor://nunit3testexecutor/" className="GameCore.Execution.Tests.GuardedDispatchPlanTests" name="EmptyPlanIsAValidNoOp" />
    </UnitTest>
    <UnitTest name="FactoriesRejectAnInvalidConfiguration" storage="/home/worlesenric/wkspace/gc-wt/gc-013/dotnet/tests/gamecore.execution.tests/bin/release/net8.0/gamecore.execution.tests.dll" id="3035a382-336b-d9da-a4ed-2f3e7105ec85">
      <Execution id="630e069a-471b-46e4-9ac9-ff92f515a9f8" />
      <TestMethod codeBase="/home/worlesenric/wkspace/gc-wt/gc-013/dotnet/tests/GameCore.Execution.Tests/bin/Release/net8.0/GameCore.Execution.Tests.dll" adapterTypeName="executor://nunit3testexecutor/" className="GameCore.Execution.Tests.TemporalAccumulatorTests" name="FactoriesRejectAnInvalidConfiguration" />
    </UnitTest>
    <UnitTest name="CommandDrivenWorldAdmitsDemandUpToItsPerPumpLimit" storage="/home/worlesenric/wkspace/gc-wt/gc-013/dotnet/tests/gamecore.execution.tests/bin/release/net8.0/gamecore.execution.tests.dll" id="0d60feda-8f8d-eeaa-6f8a-8de4f9ff0377">
      <Execution id="0f4b2537-0df3-4c64-811c-1d3cd8c81c20" />
      <TestMethod codeBase="/home/worlesenric/wkspace/gc-wt/gc-013/dotnet/tests/GameCore.Execution.Tests/bin/Release/net8.0/GameCore.Execution.Tests.dll" adapterTypeName="executor://nunit3testexecutor/" className="GameCore.Execution.Tests.TemporalAccumulatorTests" name="CommandDrivenWorldAdmitsDemandUpToItsPerPumpLimit" />
    </UnitTest>
    <UnitTest name="TheStoreReportsGapsInsteadOfFalseContinuity" storage="/home/worlesenric/wkspace/gc-wt/gc-013/dotnet/tests/gamecore.execution.tests/bin/release/net8.0/gamecore.execution.tests.dll" id="345fa482-df2d-11a0-de55-83c3e03cced8">
      <Execution id="d9cd1b7a-d006-40f8-ae5d-f02717eb7b25" />
      <TestMethod codeBase="/home/worlesenric/wkspace/gc-wt/gc-013/dotnet/tests/GameCore.Execution.Tests/bin/Release/net8.0/GameCore.Execution.Tests.dll" adapterTypeName="executor://nunit3testexecutor/" className="GameCore.Execution.Tests.CommittedEventStoreTests" name="TheStoreReportsGapsInsteadOfFalseContinuity" />
    </UnitTest>
    <UnitTest name="ASubscriberFailureIsCountedAndCannotUndoTheCommit" storage="/home/worlesenric/wkspace/gc-wt/gc-013/dotnet/tests/gamecore.execution.tests/bin/release/net8.0/gamecore.execution.tests.dll" id="3ece3464-5e86-6076-b40f-bd3051d58713">
      <Execution id="c3aec348-d245-4ff5-bd9f-5b6fda4ae0b8" />
      <TestMethod codeBase="/home/worlesenric/wkspace/gc-wt/gc-013/dotnet/tests/GameCore.Execution.Tests/bin/Release/net8.0/GameCore.Execution.Tests.dll" adapterTypeName="executor://nunit3testexecutor/" className="GameCore.Execution.Tests.PublicationBoundaryTests" name="ASubscriberFailureIsCountedAndCannotUndoTheCommit" />
    </UnitTest>
    <UnitTest name="NonAscendingDispatchIndicesAreRejected" storage="/home/worlesenric/wkspace/gc-wt/gc-013/dotnet/tests/gamecore.execution.tests/bin/release/net8.0/gamecore.execution.tests.dll" id="43b54bab-a736-4e2a-6785-841b4dda0f6d">
      <Execution id="06f09ff2-bad5-4392-a9b5-f85333bffa50" />
      <TestMethod codeBase="/home/worlesenric/wkspace/gc-wt/gc-013/dotnet/tests/GameCore.Execution.Tests/bin/Release/net8.0/GameCore.Execution.Tests.dll" adapterTypeName="executor://nunit3testexecutor/" className="GameCore.Execution.Tests.GuardedDispatchPlanTests" name="NonAscendingDispatchIndicesAreRejected" />
    </UnitTest>
    <UnitTest name="AFreshRowIsAcceptedAndMergedInCanonicalOrder" storage="/home/worlesenric/wkspace/gc-wt/gc-013/dotnet/tests/gamecore.execution.tests/bin/release/net8.0/gamecore.execution.tests.dll" id="29900fe6-3f42-ebe0-d9a4-27e81f885a63">
      <Execution id="d38cc360-9a1e-4f01-b82c-8fbb5889c28e" />
      <TestMethod codeBase="/home/worlesenric/wkspace/gc-wt/gc-013/dotnet/tests/GameCore.Execution.Tests/bin/Release/net8.0/GameCore.Execution.Tests.dll" adapterTypeName="executor://nunit3testexecutor/" className="GameCore.Execution.Tests.BoundedMessageBufferTests" name="AFreshRowIsAcceptedAndMergedInCanonicalOrder" />
    </UnitTest>
    <UnitTest name="ForwardOrSelfStageEdgesAreRejected" storage="/home/worlesenric/wkspace/gc-wt/gc-013/dotnet/tests/gamecore.execution.tests/bin/release/net8.0/gamecore.execution.tests.dll" id="94bb3ca6-8723-a1fc-2486-1ec35ee3c9c3">
      <Execution id="2b569164-f45a-4a49-91e9-9800bcbeb4ac" />
      <TestMethod codeBase="/home/worlesenric/wkspace/gc-wt/gc-013/dotnet/tests/GameCore.Execution.Tests/bin/Release/net8.0/GameCore.Execution.Tests.dll" adapterTypeName="executor://nunit3testexecutor/" className="GameCore.Execution.Tests.GuardedDispatchPlanTests" name="ForwardOrSelfStageEdgesAreRejected" />
    </UnitTest>
    <UnitTest name="BoundedResultRetentionTurnsDroppedIdentitiesIntoResultExpired" storage="/home/worlesenric/wkspace/gc-wt/gc-013/dotnet/tests/gamecore.execution.tests/bin/release/net8.0/gamecore.execution.tests.dll" id="f9417409-5a48-3fc0-0d3c-b30769505858">
      <Execution id="9ab03b6c-d623-405a-87c2-635c548c1756" />
      <TestMethod codeBase="/home/worlesenric/wkspace/gc-wt/gc-013/dotnet/tests/GameCore.Execution.Tests/bin/Release/net8.0/GameCore.Execution.Tests.dll" adapterTypeName="executor://nunit3testexecutor/" className="GameCore.Execution.Tests.RequestLedgerTests" name="BoundedResultRetentionTurnsDroppedIdentitiesIntoResultExpired" />
    </UnitTest>
    <UnitTest name="IdSequenceIsDeterministicAndNeverWraps" storage="/home/worlesenric/wkspace/gc-wt/gc-013/dotnet/tests/gamecore.execution.tests/bin/release/net8.0/gamecore.execution.tests.dll" id="2edc501e-8344-75cc-b669-23e1c4271271">
      <Execution id="9a6baf5f-7836-477a-8d23-723a540650bd" />
      <TestMethod codeBase="/home/worlesenric/wkspace/gc-wt/gc-013/dotnet/tests/GameCore.Execution.Tests/bin/Release/net8.0/GameCore.Execution.Tests.dll" adapterTypeName="executor://nunit3testexecutor/" className="GameCore.Execution.Tests.GuardedDispatchPlanTests" name="IdSequenceIsDeterministicAndNeverWraps" />
    </UnitTest>
    <UnitTest name="AFreshAdmissionIsAcceptedAndNotYetCommitted" storage="/home/worlesenric/wkspace/gc-wt/gc-013/dotnet/tests/gamecore.execution.tests/bin/release/net8.0/gamecore.execution.tests.dll" id="70461505-793e-9018-a699-fcadcfcfe28c">
      <Execution id="3b2e0eae-87f4-4da7-ba6e-301bc7d75245" />
      <TestMethod codeBase="/home/worlesenric/wkspace/gc-wt/gc-013/dotnet/tests/GameCore.Execution.Tests/bin/Release/net8.0/GameCore.Execution.Tests.dll" adapterTypeName="executor://nunit3testexecutor/" className="GameCore.Execution.Tests.RequestLedgerTests" name="AFreshAdmissionIsAcceptedAndNotYetCommitted" />
    </UnitTest>
    <UnitTest name="ARegisteredReaderDecodesItsSchemaAndAMissIsReported" storage="/home/worlesenric/wkspace/gc-wt/gc-013/dotnet/tests/gamecore.execution.tests/bin/release/net8.0/gamecore.execution.tests.dll" id="99e79709-d35b-a172-666d-92a7bbd197df">
      <Execution id="9b103e7b-34ef-45df-86eb-b7cc500d8dc0" />
      <TestMethod codeBase="/home/worlesenric/wkspace/gc-wt/gc-013/dotnet/tests/GameCore.Execution.Tests/bin/Release/net8.0/GameCore.Execution.Tests.dll" adapterTypeName="executor://nunit3testexecutor/" className="GameCore.Execution.Tests.CommandPayloadReaderTests" name="ARegisteredReaderDecodesItsSchemaAndAMissIsReported" />
    </UnitTest>
    <UnitTest name="TheCommittedCursorIsAttachedAfterPublication" storage="/home/worlesenric/wkspace/gc-wt/gc-013/dotnet/tests/gamecore.execution.tests/bin/release/net8.0/gamecore.execution.tests.dll" id="18dde1f5-6c2b-6ed2-18c5-e6fcbad2a994">
      <Execution id="e2b43e2a-6b25-47b0-9842-4acd6195d1c6" />
      <TestMethod codeBase="/home/worlesenric/wkspace/gc-wt/gc-013/dotnet/tests/GameCore.Execution.Tests/bin/Release/net8.0/GameCore.Execution.Tests.dll" adapterTypeName="executor://nunit3testexecutor/" className="GameCore.Execution.Tests.RequestLedgerTests" name="TheCommittedCursorIsAttachedAfterPublication" />
    </UnitTest>
    <UnitTest name="ProducerWithoutItsConsumerStageFailsDrainValidation" storage="/home/worlesenric/wkspace/gc-wt/gc-013/dotnet/tests/gamecore.execution.tests/bin/release/net8.0/gamecore.execution.tests.dll" id="d7cc144d-d7ae-f5d8-3a71-1a938f56653e">
      <Execution id="2f62ec40-d558-4d4d-85a0-e4412ee51c39" />
      <TestMethod codeBase="/home/worlesenric/wkspace/gc-wt/gc-013/dotnet/tests/GameCore.Execution.Tests/bin/Release/net8.0/GameCore.Execution.Tests.dll" adapterTypeName="executor://nunit3testexecutor/" className="GameCore.Execution.Tests.GuardedDispatchPlanTests" name="ProducerWithoutItsConsumerStageFailsDrainValidation" />
    </UnitTest>
    <UnitTest name="AnUnconsumedNextStepQueueCarriesForwardWithTerminalCancellations" storage="/home/worlesenric/wkspace/gc-wt/gc-013/dotnet/tests/gamecore.execution.tests/bin/release/net8.0/gamecore.execution.tests.dll" id="b2bc21af-2b17-2fff-7397-bf7973d1758b">
      <Execution id="b9cf2d67-542d-48b5-8844-dc4f465f61e0" />
      <TestMethod codeBase="/home/worlesenric/wkspace/gc-wt/gc-013/dotnet/tests/GameCore.Execution.Tests/bin/Release/net8.0/GameCore.Execution.Tests.dll" adapterTypeName="executor://nunit3testexecutor/" className="GameCore.Execution.Tests.BoundedMessageBufferTests" name="AnUnconsumedNextStepQueueCarriesForwardWithTerminalCancellations" />
    </UnitTest>
    <UnitTest name="DeferredStructuralPlaybackIsCanonicalAndWaitsForItsProducer" storage="/home/worlesenric/wkspace/gc-wt/gc-013/dotnet/tests/gamecore.execution.tests/bin/release/net8.0/gamecore.execution.tests.dll" id="bfdc2225-ad86-e34b-6f4c-e2cbfd167029">
      <Execution id="b1cba600-69d3-460c-9ae0-153b0c7eabb7" />
      <TestMethod codeBase="/home/worlesenric/wkspace/gc-wt/gc-013/dotnet/tests/GameCore.Execution.Tests/bin/Release/net8.0/GameCore.Execution.Tests.dll" adapterTypeName="executor://nunit3testexecutor/" className="GameCore.Execution.Tests.BoundedMessageBufferTests" name="DeferredStructuralPlaybackIsCanonicalAndWaitsForItsProducer" />
    </UnitTest>
    <UnitTest name="ResourcesAreDisposedAtMostOnce" storage="/home/worlesenric/wkspace/gc-wt/gc-013/dotnet/tests/gamecore.execution.tests/bin/release/net8.0/gamecore.execution.tests.dll" id="ffb320f3-6eb7-d529-f4d7-259c2e4eba0c">
      <Execution id="07d4c916-9e6c-4372-a1a7-89344678c3a6" />
      <TestMethod codeBase="/home/worlesenric/wkspace/gc-wt/gc-013/dotnet/tests/GameCore.Execution.Tests/bin/Release/net8.0/GameCore.Execution.Tests.dll" adapterTypeName="executor://nunit3testexecutor/" className="GameCore.Execution.Tests.WorldResourceLedgerTests" name="ResourcesAreDisposedAtMostOnce" />
    </UnitTest>
    <UnitTest name="AMessageForAnotherOwnerOrProducerIsRefused" storage="/home/worlesenric/wkspace/gc-wt/gc-013/dotnet/tests/gamecore.execution.tests/bin/release/net8.0/gamecore.execution.tests.dll" id="fde6e721-917d-e762-46aa-84db56e39fa6">
      <Execution id="cfa9bdec-4245-4eee-a73a-f759e68bf8d0" />
      <TestMethod codeBase="/home/worlesenric/wkspace/gc-wt/gc-013/dotnet/tests/GameCore.Execution.Tests/bin/Release/net8.0/GameCore.Execution.Tests.dll" adapterTypeName="executor://nunit3testexecutor/" className="GameCore.Execution.Tests.BoundedMessageBufferTests" name="AMessageForAnotherOwnerOrProducerIsRefused" />
    </UnitTest>
    <UnitTest name="ARepeatedPageReadIsCountedAsARedelivery" storage="/home/worlesenric/wkspace/gc-wt/gc-013/dotnet/tests/gamecore.execution.tests/bin/release/net8.0/gamecore.execution.tests.dll" id="691059e2-f9dc-4cd1-a419-0abca7f245dc">
      <Execution id="cf8328a3-4956-4418-87f5-a8d676021250" />
      <TestMethod codeBase="/home/worlesenric/wkspace/gc-wt/gc-013/dotnet/tests/GameCore.Execution.Tests/bin/Release/net8.0/GameCore.Execution.Tests.dll" adapterTypeName="executor://nunit3testexecutor/" className="GameCore.Execution.Tests.CommittedEventStoreTests" name="ARepeatedPageReadIsCountedAsARedelivery" />
    </UnitTest>
    <UnitTest name="QuarantineRetainsUntilItsUsersEndAndThenAllowsRetirement" storage="/home/worlesenric/wkspace/gc-wt/gc-013/dotnet/tests/gamecore.execution.tests/bin/release/net8.0/gamecore.execution.tests.dll" id="545a557f-f478-224a-556c-fd0f92c9736d">
      <Execution id="00ebb7a0-5822-4b6f-aa66-6fcba5615197" />
      <TestMethod codeBase="/home/worlesenric/wkspace/gc-wt/gc-013/dotnet/tests/GameCore.Execution.Tests/bin/Release/net8.0/GameCore.Execution.Tests.dll" adapterTypeName="executor://nunit3testexecutor/" className="GameCore.Execution.Tests.WorldResourceLedgerTests" name="QuarantineRetainsUntilItsUsersEndAndThenAllowsRetirement" />
    </UnitTest>
    <UnitTest name="AFullReliableBufferRefusesWithoutMutatingItself" storage="/home/worlesenric/wkspace/gc-wt/gc-013/dotnet/tests/gamecore.execution.tests/bin/release/net8.0/gamecore.execution.tests.dll" id="c449cf52-45f0-677a-37a0-ef42f9c23ed4">
      <Execution id="5ef369de-6b44-4ada-bb5d-2ac28beb22a7" />
      <TestMethod codeBase="/home/worlesenric/wkspace/gc-wt/gc-013/dotnet/tests/GameCore.Execution.Tests/bin/Release/net8.0/GameCore.Execution.Tests.dll" adapterTypeName="executor://nunit3testexecutor/" className="GameCore.Execution.Tests.BoundedMessageBufferTests" name="AFullReliableBufferRefusesWithoutMutatingItself" />
    </UnitTest>
    <UnitTest name="ABoundedStepOutputRefusesInsteadOfGrowing" storage="/home/worlesenric/wkspace/gc-wt/gc-013/dotnet/tests/gamecore.execution.tests/bin/release/net8.0/gamecore.execution.tests.dll" id="2dacbbab-7ca0-5f3b-1370-630a5045bbee">
      <Execution id="d9c42ed6-d404-4c6f-9915-6df87a570e2d" />
      <TestMethod codeBase="/home/worlesenric/wkspace/gc-wt/gc-013/dotnet/tests/GameCore.Execution.Tests/bin/Release/net8.0/GameCore.Execution.Tests.dll" adapterTypeName="executor://nunit3testexecutor/" className="GameCore.Execution.Tests.CommittedEventStoreTests" name="ABoundedStepOutputRefusesInsteadOfGrowing" />
    </UnitTest>
    <UnitTest name="ADeclaredLifetimePairAndDuplicateIdentityReject" storage="/home/worlesenric/wkspace/gc-wt/gc-013/dotnet/tests/gamecore.execution.tests/bin/release/net8.0/gamecore.execution.tests.dll" id="9c0ff751-66bb-e594-c04e-268872da12e1">
      <Execution id="519552d4-e990-42f0-a141-5ab87053eb35" />
      <TestMethod codeBase="/home/worlesenric/wkspace/gc-wt/gc-013/dotnet/tests/GameCore.Execution.Tests/bin/Release/net8.0/GameCore.Execution.Tests.dll" adapterTypeName="executor://nunit3testexecutor/" className="GameCore.Execution.Tests.BoundedMessageBufferTests" name="ADeclaredLifetimePairAndDuplicateIdentityReject" />
    </UnitTest>
    <UnitTest name="DuplicateSystemKeysAreRejected" storage="/home/worlesenric/wkspace/gc-wt/gc-013/dotnet/tests/gamecore.execution.tests/bin/release/net8.0/gamecore.execution.tests.dll" id="31221740-9a3f-c3af-d481-4e0aecfed033">
      <Execution id="6b83e9ce-4751-4545-804f-312f4abe1393" />
      <TestMethod codeBase="/home/worlesenric/wkspace/gc-wt/gc-013/dotnet/tests/GameCore.Execution.Tests/bin/Release/net8.0/GameCore.Execution.Tests.dll" adapterTypeName="executor://nunit3testexecutor/" className="GameCore.Execution.Tests.GuardedDispatchPlanTests" name="DuplicateSystemKeysAreRejected" />
    </UnitTest>
    <UnitTest name="UnknownResourcesAndJobsAreRefusedInsteadOfInvented" storage="/home/worlesenric/wkspace/gc-wt/gc-013/dotnet/tests/gamecore.execution.tests/bin/release/net8.0/gamecore.execution.tests.dll" id="9b68467e-4c59-5308-7184-4397751bb0c8">
      <Execution id="ec87b126-8a8d-4b72-a62c-4023da5fb641" />
      <TestMethod codeBase="/home/worlesenric/wkspace/gc-wt/gc-013/dotnet/tests/GameCore.Execution.Tests/bin/Release/net8.0/GameCore.Execution.Tests.dll" adapterTypeName="executor://nunit3testexecutor/" className="GameCore.Execution.Tests.WorldResourceLedgerTests" name="UnknownResourcesAndJobsAreRefusedInsteadOfInvented" />
    </UnitTest>
    <UnitTest name="PendingRowsAreReportedInCanonicalAdmissionOrder" storage="/home/worlesenric/wkspace/gc-wt/gc-013/dotnet/tests/gamecore.execution.tests/bin/release/net8.0/gamecore.execution.tests.dll" id="7801e172-5739-17c2-5030-2be659a5df9a">
      <Execution id="527cd7b8-36d1-49dd-b6b1-8ec2c062ccfa" />
      <TestMethod codeBase="/home/worlesenric/wkspace/gc-wt/gc-013/dotnet/tests/GameCore.Execution.Tests/bin/Release/net8.0/GameCore.Execution.Tests.dll" adapterTypeName="executor://nunit3testexecutor/" className="GameCore.Execution.Tests.RequestLedgerTests" name="PendingRowsAreReportedInCanonicalAdmissionOrder" />
    </UnitTest>
    <UnitTest name="CancellingPendingWorkLeavesSettledRowsUntouched" storage="/home/worlesenric/wkspace/gc-wt/gc-013/dotnet/tests/gamecore.execution.tests/bin/release/net8.0/gamecore.execution.tests.dll" id="0e447e52-fa21-55ca-1ab1-ad66eb05a0de">
      <Execution id="1b36b210-3b47-486b-8613-3f4a500918ce" />
      <TestMethod codeBase="/home/worlesenric/wkspace/gc-wt/gc-013/dotnet/tests/GameCore.Execution.Tests/bin/Release/net8.0/GameCore.Execution.Tests.dll" adapterTypeName="executor://nunit3testexecutor/" className="GameCore.Execution.Tests.RequestLedgerTests" name="CancellingPendingWorkLeavesSettledRowsUntouched" />
    </UnitTest>
    <UnitTest name="ARequestOfAnotherWorldIncarnationIsRefused" storage="/home/worlesenric/wkspace/gc-wt/gc-013/dotnet/tests/gamecore.execution.tests/bin/release/net8.0/gamecore.execution.tests.dll" id="bb0b3d58-6e93-b63d-02b0-1e946f943b8b">
      <Execution id="b046d608-ffc6-435b-ad90-b0329adcc141" />
      <TestMethod codeBase="/home/worlesenric/wkspace/gc-wt/gc-013/dotnet/tests/GameCore.Execution.Tests/bin/Release/net8.0/GameCore.Execution.Tests.dll" adapterTypeName="executor://nunit3testexecutor/" className="GameCore.Execution.Tests.RequestLedgerTests" name="ARequestOfAnotherWorldIncarnationIsRefused" />
    </UnitTest>
    <UnitTest name="TheInputSealIsMonotonicAndCarriesTheAdmittedPrefix" storage="/home/worlesenric/wkspace/gc-wt/gc-013/dotnet/tests/gamecore.execution.tests/bin/release/net8.0/gamecore.execution.tests.dll" id="677b7f47-fe21-ca68-74b4-835b60ab716a">
      <Execution id="e448be33-eb61-4713-a9d0-221212c985fd" />
      <TestMethod codeBase="/home/worlesenric/wkspace/gc-wt/gc-013/dotnet/tests/GameCore.Execution.Tests/bin/Release/net8.0/GameCore.Execution.Tests.dll" adapterTypeName="executor://nunit3testexecutor/" className="GameCore.Execution.Tests.BoundedMessageBufferTests" name="TheInputSealIsMonotonicAndCarriesTheAdmittedPrefix" />
    </UnitTest>
    <UnitTest name="ADuplicateRequestKeyReturnsItsRecordedResult" storage="/home/worlesenric/wkspace/gc-wt/gc-013/dotnet/tests/gamecore.execution.tests/bin/release/net8.0/gamecore.execution.tests.dll" id="2629c08f-b8f9-daea-1f47-bd4bf0d2e171">
      <Execution id="6e38e9fd-e130-42b4-8869-c1e627f9a9dc" />
      <TestMethod codeBase="/home/worlesenric/wkspace/gc-wt/gc-013/dotnet/tests/GameCore.Execution.Tests/bin/Release/net8.0/GameCore.Execution.Tests.dll" adapterTypeName="executor://nunit3testexecutor/" className="GameCore.Execution.Tests.RequestLedgerTests" name="ADuplicateRequestKeyReturnsItsRecordedResult" />
    </UnitTest>
    <UnitTest name="AReusedKeyWithDifferentInputIsAnIdempotencyConflict" storage="/home/worlesenric/wkspace/gc-wt/gc-013/dotnet/tests/gamecore.execution.tests/bin/release/net8.0/gamecore.execution.tests.dll" id="8545c1a9-bb07-e490-9a1c-17237ed1f88c">
      <Execution id="98a916b5-40ed-4fba-ba8e-3235fc808d0b" />
      <TestMethod codeBase="/home/worlesenric/wkspace/gc-wt/gc-013/dotnet/tests/GameCore.Execution.Tests/bin/Release/net8.0/GameCore.Execution.Tests.dll" adapterTypeName="executor://nunit3testexecutor/" className="GameCore.Execution.Tests.RequestLedgerTests" name="AReusedKeyWithDifferentInputIsAnIdempotencyConflict" />
    </UnitTest>
    <UnitTest name="ADeclaredDeferredBufferRefusesAnUndeclaredProducerAndOverflow" storage="/home/worlesenric/wkspace/gc-wt/gc-013/dotnet/tests/gamecore.execution.tests/bin/release/net8.0/gamecore.execution.tests.dll" id="c49c61d2-2d4a-20c5-9f6b-c58d124c54e7">
      <Execution id="7a0dd3e0-87ec-478d-8df4-6f569343c419" />
      <TestMethod codeBase="/home/worlesenric/wkspace/gc-wt/gc-013/dotnet/tests/GameCore.Execution.Tests/bin/Release/net8.0/GameCore.Execution.Tests.dll" adapterTypeName="executor://nunit3testexecutor/" className="GameCore.Execution.Tests.BoundedMessageBufferTests" name="ADeclaredDeferredBufferRefusesAnUndeclaredProducerAndOverflow" />
    </UnitTest>
    <UnitTest name="WellFormedPlanProjectsOntoTheEpochBoundTable" storage="/home/worlesenric/wkspace/gc-wt/gc-013/dotnet/tests/gamecore.execution.tests/bin/release/net8.0/gamecore.execution.tests.dll" id="1f60911d-0ec0-d0fd-779c-57b08ad082a3">
      <Execution id="bd38e564-7e61-42d2-9a78-d6422fe3695d" />
      <TestMethod codeBase="/home/worlesenric/wkspace/gc-wt/gc-013/dotnet/tests/GameCore.Execution.Tests/bin/Release/net8.0/GameCore.Execution.Tests.dll" adapterTypeName="executor://nunit3testexecutor/" className="GameCore.Execution.Tests.GuardedDispatchPlanTests" name="WellFormedPlanProjectsOntoTheEpochBoundTable" />
    </UnitTest>
    <UnitTest name="FixedStepAdmitsWholeStepsAndRetainsTheRemainder" storage="/home/worlesenric/wkspace/gc-wt/gc-013/dotnet/tests/gamecore.execution.tests/bin/release/net8.0/gamecore.execution.tests.dll" id="835ddafc-16ed-f669-1bd3-27b5b31a1825">
      <Execution id="b4611e89-79ee-4119-b1be-5628c9e528dc" />
      <TestMethod codeBase="/home/worlesenric/wkspace/gc-wt/gc-013/dotnet/tests/GameCore.Execution.Tests/bin/Release/net8.0/GameCore.Execution.Tests.dll" adapterTypeName="executor://nunit3testexecutor/" className="GameCore.Execution.Tests.TemporalAccumulatorTests" name="FixedStepAdmitsWholeStepsAndRetainsTheRemainder" />
    </UnitTest>
    <UnitTest name="CapacityBackpressureRecordsNothing" storage="/home/worlesenric/wkspace/gc-wt/gc-013/dotnet/tests/gamecore.execution.tests/bin/release/net8.0/gamecore.execution.tests.dll" id="5c2a0741-ab45-75bd-2057-9da21ccfae53">
      <Execution id="7a79f82e-c2a8-4ff9-9935-9951a49e34cb" />
      <TestMethod codeBase="/home/worlesenric/wkspace/gc-wt/gc-013/dotnet/tests/GameCore.Execution.Tests/bin/Release/net8.0/GameCore.Execution.Tests.dll" adapterTypeName="executor://nunit3testexecutor/" className="GameCore.Execution.Tests.RequestLedgerTests" name="CapacityBackpressureRecordsNothing" />
    </UnitTest>
    <UnitTest name="AnOutOfOrderIssuerSequenceIsRefused" storage="/home/worlesenric/wkspace/gc-wt/gc-013/dotnet/tests/gamecore.execution.tests/bin/release/net8.0/gamecore.execution.tests.dll" id="a3367e58-2964-a6e9-4c83-cfc3ac2694cd">
      <Execution id="29bff058-95d8-468d-b6ee-f62b7e89b234" />
      <TestMethod codeBase="/home/worlesenric/wkspace/gc-wt/gc-013/dotnet/tests/GameCore.Execution.Tests/bin/Release/net8.0/GameCore.Execution.Tests.dll" adapterTypeName="executor://nunit3testexecutor/" className="GameCore.Execution.Tests.RequestLedgerTests" name="AnOutOfOrderIssuerSequenceIsRefused" />
    </UnitTest>
    <UnitTest name="ALossyBufferDropsAndCountsInsteadOfRefusing" storage="/home/worlesenric/wkspace/gc-wt/gc-013/dotnet/tests/gamecore.execution.tests/bin/release/net8.0/gamecore.execution.tests.dll" id="fba13f16-c359-3fec-94e8-1950c7d07975">
      <Execution id="c727fef2-878d-4155-9d8f-ad256705ad78" />
      <TestMethod codeBase="/home/worlesenric/wkspace/gc-wt/gc-013/dotnet/tests/GameCore.Execution.Tests/bin/Release/net8.0/GameCore.Execution.Tests.dll" adapterTypeName="executor://nunit3testexecutor/" className="GameCore.Execution.Tests.BoundedMessageBufferTests" name="ALossyBufferDropsAndCountsInsteadOfRefusing" />
    </UnitTest>
    <UnitTest name="SnapshotIsOrderedByResourceIdAndReportsQuarantineBytes" storage="/home/worlesenric/wkspace/gc-wt/gc-013/dotnet/tests/gamecore.execution.tests/bin/release/net8.0/gamecore.execution.tests.dll" id="d738f275-76d5-19cd-eea0-f021e2b8ec8d">
      <Execution id="b96c31a9-acbb-49fb-ac2d-430dcaa80b1a" />
      <TestMethod codeBase="/home/worlesenric/wkspace/gc-wt/gc-013/dotnet/tests/GameCore.Execution.Tests/bin/Release/net8.0/GameCore.Execution.Tests.dll" adapterTypeName="executor://nunit3testexecutor/" className="GameCore.Execution.Tests.WorldResourceLedgerTests" name="SnapshotIsOrderedByResourceIdAndReportsQuarantineBytes" />
    </UnitTest>
    <UnitTest name="TerminalResultsDistinguishCommitmentFromRejectionAndCancellation" storage="/home/worlesenric/wkspace/gc-wt/gc-013/dotnet/tests/gamecore.execution.tests/bin/release/net8.0/gamecore.execution.tests.dll" id="930e26a3-35da-0cdb-5ff3-5f1754334f16">
      <Execution id="4ae2fd33-c208-494b-8f98-9550081932ae" />
      <TestMethod codeBase="/home/worlesenric/wkspace/gc-wt/gc-013/dotnet/tests/GameCore.Execution.Tests/bin/Release/net8.0/GameCore.Execution.Tests.dll" adapterTypeName="executor://nunit3testexecutor/" className="GameCore.Execution.Tests.RequestLedgerTests" name="TerminalResultsDistinguishCommitmentFromRejectionAndCancellation" />
    </UnitTest>
    <UnitTest name="MainThreadDisciplineIsExplicitlyCaptured" storage="/home/worlesenric/wkspace/gc-wt/gc-013/dotnet/tests/gamecore.execution.tests/bin/release/net8.0/gamecore.execution.tests.dll" id="4135703b-cedb-85f4-913b-93148909a1fd">
      <Execution id="b56e2d8c-dd50-4ba9-b30e-474aa262e0f9" />
      <TestMethod codeBase="/home/worlesenric/wkspace/gc-wt/gc-013/dotnet/tests/GameCore.Execution.Tests/bin/Release/net8.0/GameCore.Execution.Tests.dll" adapterTypeName="executor://nunit3testexecutor/" className="GameCore.Execution.Tests.PublicationBoundaryTests" name="MainThreadDisciplineIsExplicitlyCaptured" />
    </UnitTest>
  </TestDefinitions>
  <TestEntries>
    <TestEntry testId="29900fe6-3f42-ebe0-d9a4-27e81f885a63" executionId="d38cc360-9a1e-4f01-b82c-8fbb5889c28e" testListId="8c84fa94-04c1-424b-9868-57a2d4851a1d" />
    <TestEntry testId="0e447e52-fa21-55ca-1ab1-ad66eb05a0de" executionId="1b36b210-3b47-486b-8613-3f4a500918ce" testListId="8c84fa94-04c1-424b-9868-57a2d4851a1d" />
    <TestEntry testId="fde6e721-917d-e762-46aa-84db56e39fa6" executionId="cfa9bdec-4245-4eee-a73a-f759e68bf8d0" testListId="8c84fa94-04c1-424b-9868-57a2d4851a1d" />
    <TestEntry testId="5d1aedc4-d23b-8c74-fe8d-3b54ae90eb72" executionId="c3e369c1-fc37-49ec-be12-4876f1e07a1c" testListId="8c84fa94-04c1-424b-9868-57a2d4851a1d" />
    <TestEntry testId="545a557f-f478-224a-556c-fd0f92c9736d" executionId="00ebb7a0-5822-4b6f-aa66-6fcba5615197" testListId="8c84fa94-04c1-424b-9868-57a2d4851a1d" />
    <TestEntry testId="930e26a3-35da-0cdb-5ff3-5f1754334f16" executionId="4ae2fd33-c208-494b-8f98-9550081932ae" testListId="8c84fa94-04c1-424b-9868-57a2d4851a1d" />
    <TestEntry testId="18be1379-bcdd-61aa-1fb4-92e20afcd72b" executionId="0a0aea53-5e99-45e9-978e-800b5997d34e" testListId="8c84fa94-04c1-424b-9868-57a2d4851a1d" />
    <TestEntry testId="bb0b3d58-6e93-b63d-02b0-1e946f943b8b" executionId="b046d608-ffc6-435b-ad90-b0329adcc141" testListId="8c84fa94-04c1-424b-9868-57a2d4851a1d" />
    <TestEntry testId="99e79709-d35b-a172-666d-92a7bbd197df" executionId="9b103e7b-34ef-45df-86eb-b7cc500d8dc0" testListId="8c84fa94-04c1-424b-9868-57a2d4851a1d" />
    <TestEntry testId="c449cf52-45f0-677a-37a0-ef42f9c23ed4" executionId="5ef369de-6b44-4ada-bb5d-2ac28beb22a7" testListId="8c84fa94-04c1-424b-9868-57a2d4851a1d" />
    <TestEntry testId="4135703b-cedb-85f4-913b-93148909a1fd" executionId="b56e2d8c-dd50-4ba9-b30e-474aa262e0f9" testListId="8c84fa94-04c1-424b-9868-57a2d4851a1d" />
    <TestEntry testId="9b4a2fc1-2d8a-024b-e548-b73a3749a522" executionId="e86d0bf5-aaf8-4828-90c7-18664a31b219" testListId="8c84fa94-04c1-424b-9868-57a2d4851a1d" />
    <TestEntry testId="3c72f170-5caa-fce3-944a-843ab00df853" executionId="ed7eb3e9-7fde-4677-a086-ca489a1846cf" testListId="8c84fa94-04c1-424b-9868-57a2d4851a1d" />
    <TestEntry testId="1f60911d-0ec0-d0fd-779c-57b08ad082a3" executionId="bd38e564-7e61-42d2-9a78-d6422fe3695d" testListId="8c84fa94-04c1-424b-9868-57a2d4851a1d" />
    <TestEntry testId="bfdc2225-ad86-e34b-6f4c-e2cbfd167029" executionId="b1cba600-69d3-460c-9ae0-153b0c7eabb7" testListId="8c84fa94-04c1-424b-9868-57a2d4851a1d" />
    <TestEntry testId="a0423dd7-21d7-4181-80a6-e6609fc70689" executionId="ea9cf53e-ab5b-4ae0-a349-d700ad94e6f8" testListId="8c84fa94-04c1-424b-9868-57a2d4851a1d" />
    <TestEntry testId="34c9ba54-c5dd-8be4-82c8-a009fad9bf0b" executionId="406ea945-441f-4322-8ecd-6226930bfa25" testListId="8c84fa94-04c1-424b-9868-57a2d4851a1d" />
    <TestEntry testId="45b65ac6-110a-86f7-06c6-019258709dd0" executionId="ed409e77-0c04-4b1b-8bac-62436033933e" testListId="8c84fa94-04c1-424b-9868-57a2d4851a1d" />
    <TestEntry testId="303e6f04-20d7-e46b-e401-41725e6b09fc" executionId="bc56d269-8d41-4b31-a30f-34f3187adf55" testListId="8c84fa94-04c1-424b-9868-57a2d4851a1d" />
    <TestEntry testId="3035a382-336b-d9da-a4ed-2f3e7105ec85" executionId="630e069a-471b-46e4-9ac9-ff92f515a9f8" testListId="8c84fa94-04c1-424b-9868-57a2d4851a1d" />
    <TestEntry testId="677b7f47-fe21-ca68-74b4-835b60ab716a" executionId="e448be33-eb61-4713-a9d0-221212c985fd" testListId="8c84fa94-04c1-424b-9868-57a2d4851a1d" />
    <TestEntry testId="42e2aa6d-4924-e333-b7de-502334166dc2" executionId="f8412cd6-e978-469e-8684-67c5e3cfc6b4" testListId="8c84fa94-04c1-424b-9868-57a2d4851a1d" />
    <TestEntry testId="d738f275-76d5-19cd-eea0-f021e2b8ec8d" executionId="b96c31a9-acbb-49fb-ac2d-430dcaa80b1a" testListId="8c84fa94-04c1-424b-9868-57a2d4851a1d" />
    <TestEntry testId="f9417409-5a48-3fc0-0d3c-b30769505858" executionId="9ab03b6c-d623-405a-87c2-635c548c1756" testListId="8c84fa94-04c1-424b-9868-57a2d4851a1d" />
    <TestEntry testId="70461505-793e-9018-a699-fcadcfcfe28c" executionId="3b2e0eae-87f4-4da7-ba6e-301bc7d75245" testListId="8c84fa94-04c1-424b-9868-57a2d4851a1d" />
    <TestEntry testId="345fa482-df2d-11a0-de55-83c3e03cced8" executionId="d9cd1b7a-d006-40f8-ae5d-f02717eb7b25" testListId="8c84fa94-04c1-424b-9868-57a2d4851a1d" />
    <TestEntry testId="389608c6-b9a3-153f-efa7-9eadc9be4dfa" executionId="3b9b9d90-f3e3-4a7f-b052-a6c9ce1826d4" testListId="8c84fa94-04c1-424b-9868-57a2d4851a1d" />
    <TestEntry testId="18dde1f5-6c2b-6ed2-18c5-e6fcbad2a994" executionId="e2b43e2a-6b25-47b0-9842-4acd6195d1c6" testListId="8c84fa94-04c1-424b-9868-57a2d4851a1d" />
    <TestEntry testId="b2bc21af-2b17-2fff-7397-bf7973d1758b" executionId="b9cf2d67-542d-48b5-8844-dc4f465f61e0" testListId="8c84fa94-04c1-424b-9868-57a2d4851a1d" />
    <TestEntry testId="31221740-9a3f-c3af-d481-4e0aecfed033" executionId="6b83e9ce-4751-4545-804f-312f4abe1393" testListId="8c84fa94-04c1-424b-9868-57a2d4851a1d" />
    <TestEntry testId="2dacbbab-7ca0-5f3b-1370-630a5045bbee" executionId="d9c42ed6-d404-4c6f-9915-6df87a570e2d" testListId="8c84fa94-04c1-424b-9868-57a2d4851a1d" />
    <TestEntry testId="94bb3ca6-8723-a1fc-2486-1ec35ee3c9c3" executionId="2b569164-f45a-4a49-91e9-9800bcbeb4ac" testListId="8c84fa94-04c1-424b-9868-57a2d4851a1d" />
    <TestEntry testId="9fa8b50d-476e-66b5-554b-ad67458320a6" executionId="cc562309-c126-4ae5-9e0b-873f6e3a8a1a" testListId="8c84fa94-04c1-424b-9868-57a2d4851a1d" />
    <TestEntry testId="18d7edfe-b218-3158-ed0d-37146d75e30e" executionId="3b2efd7b-3432-4a58-97c8-9f0254e2bbe7" testListId="8c84fa94-04c1-424b-9868-57a2d4851a1d" />
    <TestEntry testId="2edc501e-8344-75cc-b669-23e1c4271271" executionId="9a6baf5f-7836-477a-8d23-723a540650bd" testListId="8c84fa94-04c1-424b-9868-57a2d4851a1d" />
    <TestEntry testId="2629c08f-b8f9-daea-1f47-bd4bf0d2e171" executionId="6e38e9fd-e130-42b4-8869-c1e627f9a9dc" testListId="8c84fa94-04c1-424b-9868-57a2d4851a1d" />
    <TestEntry testId="4a8ec966-8828-ce32-4aa8-653ecc611411" executionId="525e53fe-60e5-4e9d-979d-365be1d00e80" testListId="8c84fa94-04c1-424b-9868-57a2d4851a1d" />
    <TestEntry testId="fba13f16-c359-3fec-94e8-1950c7d07975" executionId="c727fef2-878d-4155-9d8f-ad256705ad78" testListId="8c84fa94-04c1-424b-9868-57a2d4851a1d" />
    <TestEntry testId="9c0ff751-66bb-e594-c04e-268872da12e1" executionId="519552d4-e990-42f0-a141-5ab87053eb35" testListId="8c84fa94-04c1-424b-9868-57a2d4851a1d" />
    <TestEntry testId="c49c61d2-2d4a-20c5-9f6b-c58d124c54e7" executionId="7a0dd3e0-87ec-478d-8df4-6f569343c419" testListId="8c84fa94-04c1-424b-9868-57a2d4851a1d" />
    <TestEntry testId="9b68467e-4c59-5308-7184-4397751bb0c8" executionId="ec87b126-8a8d-4b72-a62c-4023da5fb641" testListId="8c84fa94-04c1-424b-9868-57a2d4851a1d" />
    <TestEntry testId="43b54bab-a736-4e2a-6785-841b4dda0f6d" executionId="06f09ff2-bad5-4392-a9b5-f85333bffa50" testListId="8c84fa94-04c1-424b-9868-57a2d4851a1d" />
    <TestEntry testId="a45bc3d3-78fa-028e-dfa6-3b4b00606051" executionId="43774051-1b34-4523-a254-823d7a262d1d" testListId="8c84fa94-04c1-424b-9868-57a2d4851a1d" />
    <TestEntry testId="835ddafc-16ed-f669-1bd3-27b5b31a1825" executionId="b4611e89-79ee-4119-b1be-5628c9e528dc" testListId="8c84fa94-04c1-424b-9868-57a2d4851a1d" />
    <TestEntry testId="ffb320f3-6eb7-d529-f4d7-259c2e4eba0c" executionId="07d4c916-9e6c-4372-a1a7-89344678c3a6" testListId="8c84fa94-04c1-424b-9868-57a2d4851a1d" />
    <TestEntry testId="0d60feda-8f8d-eeaa-6f8a-8de4f9ff0377" executionId="0f4b2537-0df3-4c64-811c-1d3cd8c81c20" testListId="8c84fa94-04c1-424b-9868-57a2d4851a1d" />
    <TestEntry testId="a3367e58-2964-a6e9-4c83-cfc3ac2694cd" executionId="29bff058-95d8-468d-b6ee-f62b7e89b234" testListId="8c84fa94-04c1-424b-9868-57a2d4851a1d" />
    <TestEntry testId="5c2a0741-ab45-75bd-2057-9da21ccfae53" executionId="7a79f82e-c2a8-4ff9-9935-9951a49e34cb" testListId="8c84fa94-04c1-424b-9868-57a2d4851a1d" />
    <TestEntry testId="3ece3464-5e86-6076-b40f-bd3051d58713" executionId="c3aec348-d245-4ff5-bd9f-5b6fda4ae0b8" testListId="8c84fa94-04c1-424b-9868-57a2d4851a1d" />
    <TestEntry testId="2cf167a4-55da-f7bf-e162-eac7df9407ff" executionId="834ad504-00db-487b-83e1-73f1786a7bc6" testListId="8c84fa94-04c1-424b-9868-57a2d4851a1d" />
    <TestEntry testId="7801e172-5739-17c2-5030-2be659a5df9a" executionId="527cd7b8-36d1-49dd-b6b1-8ec2c062ccfa" testListId="8c84fa94-04c1-424b-9868-57a2d4851a1d" />
    <TestEntry testId="4d8779a6-a796-88ce-c981-a94903018e41" executionId="48a78b8f-f411-458f-b311-a4993938b67d" testListId="8c84fa94-04c1-424b-9868-57a2d4851a1d" />
    <TestEntry testId="8545c1a9-bb07-e490-9a1c-17237ed1f88c" executionId="98a916b5-40ed-4fba-ba8e-3235fc808d0b" testListId="8c84fa94-04c1-424b-9868-57a2d4851a1d" />
    <TestEntry testId="10e55d40-0090-581f-bc4b-35d4694553fd" executionId="d93fcb12-0f70-46a1-a4db-86e3fd728c55" testListId="8c84fa94-04c1-424b-9868-57a2d4851a1d" />
    <TestEntry testId="d7cc144d-d7ae-f5d8-3a71-1a938f56653e" executionId="2f62ec40-d558-4d4d-85a0-e4412ee51c39" testListId="8c84fa94-04c1-424b-9868-57a2d4851a1d" />
    <TestEntry testId="691059e2-f9dc-4cd1-a419-0abca7f245dc" executionId="cf8328a3-4956-4418-87f5-a8d676021250" testListId="8c84fa94-04c1-424b-9868-57a2d4851a1d" />
    <TestEntry testId="dbe80e58-16b3-d0e0-9403-8df159a4ea37" executionId="f2b545c6-6e10-4f08-915b-28d4e6369179" testListId="8c84fa94-04c1-424b-9868-57a2d4851a1d" />
    <TestEntry testId="2873c9c4-989d-7e04-6f99-7a10e9e110b5" executionId="19bcdf72-0b11-4226-9aa1-ad7814580b63" testListId="8c84fa94-04c1-424b-9868-57a2d4851a1d" />
  </TestEntries>
  <TestLists>
    <TestList name="Results Not in a List" id="8c84fa94-04c1-424b-9868-57a2d4851a1d" />
    <TestList name="All Loaded Results" id="19431567-8539-422a-85d7-44ee4e166bda" />
  </TestLists>
  <ResultSummary outcome="Completed">
    <Counters total="58" executed="58" passed="58" failed="0" error="0" timeout="0" aborted="0" inconclusive="0" passedButRunAborted="0" notRunnable="0" notExecuted="0" disconnected="0" warning="0" completed="0" inProgress="0" pending="0" />
    <Output>
      <StdOut>NUnit Adapter 4.5.0.0: Test execution started
Running all tests in /home/worlesenric/wkspace/gc-wt/gc-013/dotnet/tests/GameCore.Execution.Tests/bin/Release/net8.0/GameCore.Execution.Tests.dll
   NUnit3TestExecutor discovered 58 of 58 NUnit test cases using Current Discovery mode, Non-Explicit run
NUnit Adapter 4.5.0.0: Test execution complete
</StdOut>
    </Output>
  </ResultSummary>
</TestRun>