[2026-10-06T19:39:08.950Z][INFO] Command-line: ~/Unity/Hub/Editor/6000.0.75f1/Editor/Data/Resources/PackageManager/Server/UnityPackageManager -s 3732787 -ipc -ipc-path /tmp/Unity-Upm-3732787.sock -l 2 --log-file ~/wkspace/gc-studio/p4.2g/artifacts/studio/verification/W-AI-02/p42g-npc-view-20261006T193908.376967Z/upm.log
[2026-10-06T19:39:08.955Z][INFO] IPC server started (IPC path=/tmp/Unity-Upm-3732787.sock).
[2026-10-06T19:39:08.955Z][INFO] Hint: To connect to this UPM instance, launch Unity with the command-line parameter -upmIpcPath Upm-3732787.
[2026-10-06T19:39:09.789Z][INFO] project:add-dependency <-- Request received
params: {
  "packageId": "com.unity.toolchain.linux-x86_64"
}
[2026-10-06T19:39:28.963Z][INFO] project:add-dependency --> 200 (19174 ms)
[2026-10-06T19:39:29.248Z][INFO] project:list-packages <-- Request received
params: {}
[2026-10-06T19:39:29.300Z][INFO] project:list-packages <-- Request received
params: {}
[2026-10-06T19:39:29.309Z][INFO] project:list-packages <-- Request received
params: {}
[2026-10-06T19:39:29.320Z][INFO] config:project:get-registries <-- Request received
params: {}
[2026-10-06T19:39:29.348Z][INFO] config:project:get-registries --> 200 (28 ms)
[2026-10-06T19:39:30.114Z][INFO] project:list-packages --> 200 (866 ms)
[2026-10-06T19:39:30.416Z][INFO] project:list-packages --> 200 (1116 ms)
[2026-10-06T19:39:31.582Z][INFO] project:list-packages --> 200 (2273 ms)
[2026-10-06T19:39:33.972Z][INFO] project:list-packages <-- Request received
params: {}
[2026-10-06T19:39:34.331Z][INFO] project:list-packages --> 200 (359 ms)
[2026-10-06T19:39:37.006Z][INFO] project:list-packages <-- Request received
params: {}
[2026-10-06T19:39:37.016Z][INFO] project:list-packages <-- Request received
params: {}
[2026-10-06T19:39:37.026Z][INFO] config:project:get-registries <-- Request received
params: {}
[2026-10-06T19:39:37.051Z][INFO] config:project:get-registries --> 200 (25 ms)
[2026-10-06T19:39:37.909Z][INFO] project:list-packages --> 200 (903 ms)
[2026-10-06T19:39:37.971Z][INFO] project:list-packages --> 200 (955 ms)
[2026-10-06T19:39:40.151Z][INFO] project:list-packages <-- Request received
params: {}
[2026-10-06T19:39:40.162Z][INFO] project:list-packages <-- Request received
params: {}
[2026-10-06T19:39:41.112Z][INFO] project:list-packages --> 200 (961 ms)
[2026-10-06T19:39:41.225Z][INFO] project:list-packages --> 200 (1063 ms)
[2026-10-06T19:39:46.663Z][INFO] project:list-packages <-- Request received
params: {}
[2026-10-06T19:39:47.027Z][INFO] project:list-packages --> 200 (363 ms)
[2026-10-06T19:39:47.239Z][INFO] config:project:get-registries <-- Request received
params: {}
[2026-10-06T19:39:47.243Z][INFO] config:project:get-registries --> 200 (4 ms)
[2026-10-06T19:39:55.208Z][INFO] Received shutdown request (SIGINT), shutting down Unity Package Manager
