[2026-10-07T19:21:15.722Z][INFO] Command-line: ~/Unity/Hub/Editor/6000.0.75f1/Editor/Data/Resources/PackageManager/Server/UnityPackageManager -s 3934369 -ipc -ipc-path /tmp/Unity-Upm-3934369.sock -l 2 --log-file ~/wkspace/gc-studio/p4.2k/artifacts/studio/verification/W-ETOS-05/p42k-cancel-20261007T192114.982259Z/upm.log
[2026-10-07T19:21:15.729Z][INFO] IPC server started (IPC path=/tmp/Unity-Upm-3934369.sock).
[2026-10-07T19:21:15.729Z][INFO] Hint: To connect to this UPM instance, launch Unity with the command-line parameter -upmIpcPath Upm-3934369.
[2026-10-07T19:21:16.447Z][INFO] project:add-dependency <-- Request received
params: {
  "packageId": "com.unity.toolchain.linux-x86_64"
}
[2026-10-07T19:21:34.941Z][INFO] project:add-dependency --> 200 (18494 ms)
[2026-10-07T19:21:35.348Z][INFO] project:list-packages <-- Request received
params: {}
[2026-10-07T19:21:35.429Z][INFO] project:list-packages <-- Request received
params: {}
[2026-10-07T19:21:35.440Z][INFO] project:list-packages <-- Request received
params: {}
[2026-10-07T19:21:35.458Z][INFO] config:project:get-registries <-- Request received
params: {}
[2026-10-07T19:21:35.504Z][INFO] config:project:get-registries --> 200 (46 ms)
[2026-10-07T19:21:36.850Z][INFO] project:list-packages --> 200 (1502 ms)
[2026-10-07T19:21:37.246Z][INFO] project:list-packages --> 200 (1817 ms)
[2026-10-07T19:21:38.642Z][INFO] project:list-packages --> 200 (3202 ms)
[2026-10-07T19:21:39.673Z][INFO] project:list-packages <-- Request received
params: {}
[2026-10-07T19:21:40.189Z][INFO] project:list-packages --> 200 (516 ms)
[2026-10-07T19:21:43.813Z][INFO] project:list-packages <-- Request received
params: {}
[2026-10-07T19:21:43.824Z][INFO] project:list-packages <-- Request received
params: {}
[2026-10-07T19:21:43.835Z][INFO] config:project:get-registries <-- Request received
params: {}
[2026-10-07T19:21:43.862Z][INFO] config:project:get-registries --> 200 (27 ms)
[2026-10-07T19:21:44.976Z][INFO] project:list-packages --> 200 (1163 ms)
[2026-10-07T19:21:44.978Z][INFO] project:list-packages --> 200 (1154 ms)
[2026-10-07T19:21:48.260Z][INFO] project:list-packages <-- Request received
params: {}
[2026-10-07T19:21:48.272Z][INFO] project:list-packages <-- Request received
params: {}
[2026-10-07T19:21:49.007Z][INFO] project:list-packages --> 200 (747 ms)
[2026-10-07T19:22:06.705Z][INFO] Received shutdown request (SIGINT), shutting down Unity Package Manager
