Unity Editor version:    6000.0.75f1 (26349cd2a5c8)
Branch:                  6000.0/staging
Build type:              Release
Batch mode:              YES
System name:             Linux
Distro version:          #31~24.04.1-Ubuntu SMP PREEMPT_DYNAMIC Mon Aug 10 09:38:02 UTC 2
Kernel version:          7.0.0-31-generic
Architecture:            x86_64
Available memory:        31897 MB
[Licensing::Module] Trying to connect to existing licensing client channel...
Initialize udev device monitor.
[Licensing::IpcConnector] Successfully connected to: "LicenseClient-worlesenric" at "2026-09-25T05:00:29.603068Z"
[SignatureVerifier] Application signature verification not supported on this platform.

COMMAND LINE ARGUMENTS:
/home/worlesenric/Unity/Hub/Editor/6000.0.75f1/Editor/Unity
-batchmode
-nographics
-quit
-projectPath
/home/worlesenric/wkspace/gc-wt/w3-gate/unity/GameCore.Validation
-logFile
/home/worlesenric/wkspace/gc-wt/w3-gate/artifacts/w3-gate/unity/resolve.log
Successfully changed project path to: /home/worlesenric/wkspace/gc-wt/w3-gate/unity/GameCore.Validation

(process:3373825): Gtk-CRITICAL **: 13:00:29.604: gtk_label_set_text: assertion 'GTK_IS_LABEL (label)' failed

(process:3373825): Gtk-CRITICAL **: 13:00:29.604: gtk_label_set_text: assertion 'GTK_IS_LABEL (label)' failed
/home/worlesenric/wkspace/gc-wt/w3-gate/unity/GameCore.Validation
[Licensing::Client] Handshaking with LicensingClient:
  Version:                 1.18.3+d7ffd15
  Session Id:              74d2b6a48a7c4b31910f3273e88a42ac
  Correlation Id:          a4aac8f8da2bbfc2169791db8bc4c264
  External correlation Id: 8515312233057463300
  Machine Id:              jd93gYTNlAg1qIhTY9iII/nAhSo=
[Licensing::Module] Successfully connected to LicensingClient on channel: "LicenseClient-worlesenric" (connect: 0.00s, validation: 0.00s, handshake: 0.00s)
[Licensing::IpcConnector] Successfully connected to: "LicenseClient-worlesenric-notifications" at "2026-09-25T05:00:29.605082Z"
[Licensing::Module] Error: Access token is unavailable; failed to update
[UnityMemory] Configuration Parameters - Can be set up in boot.config
    "memorysetup-bucket-allocator-granularity=16"
    "memorysetup-bucket-allocator-bucket-count=8"
    "memorysetup-bucket-allocator-block-size=33554432"
    "memorysetup-bucket-allocator-block-count=8"
    "memorysetup-main-allocator-block-size=16777216"
    "memorysetup-thread-allocator-block-size=16777216"
    "memorysetup-gfx-main-allocator-block-size=16777216"
    "memorysetup-gfx-thread-allocator-block-size=16777216"
    "memorysetup-cache-allocator-block-size=4194304"
    "memorysetup-typetree-allocator-block-size=2097152"
    "memorysetup-profiler-bucket-allocator-granularity=16"
    "memorysetup-profiler-bucket-allocator-bucket-count=8"
    "memorysetup-profiler-bucket-allocator-block-size=33554432"
    "memorysetup-profiler-bucket-allocator-block-count=8"
    "memorysetup-profiler-allocator-block-size=16777216"
    "memorysetup-profiler-editor-allocator-block-size=1048576"
    "memorysetup-temp-allocator-size-main=16777216"
    "memorysetup-job-temp-allocator-block-size=2097152"
    "memorysetup-job-temp-allocator-block-size-background=1048576"
    "memorysetup-job-temp-allocator-reduction-small-platforms=262144"
    "memorysetup-allocator-temp-initial-block-size-main=262144"
    "memorysetup-allocator-temp-initial-block-size-worker=262144"
    "memorysetup-temp-allocator-size-background-worker=32768"
    "memorysetup-temp-allocator-size-job-worker=262144"
    "memorysetup-temp-allocator-size-preload-manager=33554432"
    "memorysetup-temp-allocator-size-nav-mesh-worker=65536"
    "memorysetup-temp-allocator-size-audio-worker=65536"
    "memorysetup-temp-allocator-size-cloud-worker=32768"
    "memorysetup-temp-allocator-size-gi-baking-worker=262144"
    "memorysetup-temp-allocator-size-gi-baking-worker=262144"
    "memorysetup-temp-allocator-size-gi-baking-worker=262144"
    "memorysetup-temp-allocator-size-gi-baking-worker=262144"
    "memorysetup-temp-allocator-size-gi-baking-worker=262144"
    "memorysetup-temp-allocator-size-gfx=262144"
Player connection [129676344972608]  Target information:

Player connection [129676344972608]  * "[IP] 192.168.0.21 [Port] 55504 [Flags] 2 [Guid] 2203393429 [EditorId] 2203393429 [Version] 1048832 [Id] LinuxEditor(16,192.168.0.21) [Debug] 1 [PackageName] LinuxEditor [ProjectName] Editor" 

Player connection [129676344972608]  * "[IP] 100.66.195.58 [Port] 55504 [Flags] 2 [Guid] 2203393429 [EditorId] 2203393429 [Version] 1048832 [Id] LinuxEditor(16,192.168.0.21) [Debug] 1 [PackageName] LinuxEditor [ProjectName] Editor" 

Player connection [129676344972608]  * "[IP] 172.18.0.1 [Port] 55504 [Flags] 2 [Guid] 2203393429 [EditorId] 2203393429 [Version] 1048832 [Id] LinuxEditor(16,192.168.0.21) [Debug] 1 [PackageName] LinuxEditor [ProjectName] Editor" 

Player connection [129676344972608]  * "[IP] 172.17.0.1 [Port] 55504 [Flags] 2 [Guid] 2203393429 [EditorId] 2203393429 [Version] 1048832 [Id] LinuxEditor(16,192.168.0.21) [Debug] 1 [PackageName] LinuxEditor [ProjectName] Editor" 

Player connection [129676344972608]  * "[IP] 10.42.0.0 [Port] 55504 [Flags] 2 [Guid] 2203393429 [EditorId] 2203393429 [Version] 1048832 [Id] LinuxEditor(16,192.168.0.21) [Debug] 1 [PackageName] LinuxEditor [ProjectName] Editor" 

Player connection [129676344972608]  * "[IP] 10.42.0.1 [Port] 55504 [Flags] 2 [Guid] 2203393429 [EditorId] 2203393429 [Version] 1048832 [Id] LinuxEditor(16,192.168.0.21) [Debug] 1 [PackageName] LinuxEditor [ProjectName] Editor" 

[Licensing::Client] Successfully resolved entitlement details
[Licensing::Module] License group:
  Id: 1375999166540-UnityPersXXXX
  Product: Unity Personal
  Type: Assigned
  Expiration: Unlimited
[Licensing::Client] Successfully updated license, isAsync: True, time: 0.00
Player connection [129676344972608] Host joined multi-casting on [225.0.0.222:54997]...
Player connection [129676344972608] Host joined alternative multi-casting on [225.0.0.222:34997]...
[Licensing::Client] Successfully resolved entitlement details
[Licensing::Module] Licensing Background thread has ended after 0.01s
Input System module state changed to: Initialized.
[Physics::Module] Initialized fallback backend.
[Physics::Module] Id: 0xdecafbad
[Package Manager] Connected to IPC stream "Upm-3373825" after 0.1 seconds.
Library Redirect Path: Library/
[Physics::Module] Selected backend.
[Physics::Module] Name: PhysX
[Physics::Module] Id: 0xf2b8ea05
[Physics::Module] SDK Version: 4.1.2
[Physics::Module] Integration Version: 1.0.0
[Physics::Module] Threading Mode: Multi-Threaded
Artifact Garbage Collection - Removed 2 unused hashed content filesRefreshing native plugins compatible for Editor in 0.11 ms, found 0 plugins.
Preloading 0 native plugins for Editor in 0.00 ms.
Initialize engine version: 6000.0.75f1 (26349cd2a5c8)
[Subsystems] Discovering subsystems at path /home/worlesenric/Unity/Hub/Editor/6000.0.75f1/Editor/Data/Resources/UnitySubsystems
[Subsystems] Discovering subsystems at path /home/worlesenric/wkspace/gc-wt/w3-gate/unity/GameCore.Validation/Assets
Forcing GfxDevice: Null
GfxDevice: creating device client; kGfxThreadingModeNonThreaded
NullGfxDevice:
    Version:  NULL 1.0 [1.0]
    Renderer: Null Device
    Vendor:   Unity Technologies
Initialize mono
Mono path[0] = '/home/worlesenric/Unity/Hub/Editor/6000.0.75f1/Editor/Data/Managed'
Mono path[1] = '/home/worlesenric/Unity/Hub/Editor/6000.0.75f1/Editor/Data/MonoBleedingEdge/lib/mono/unityjit-linux'
Mono config path = '/home/worlesenric/Unity/Hub/Editor/6000.0.75f1/Editor/Data/MonoBleedingEdge/etc'
Using monoOptions --debugger-agent=transport=dt_socket,embedding=1,server=y,suspend=n,address=127.0.0.1:56825
Using cacheserver namespaces - metadata:defaultmetadata, artifacts:defaultartifacts
Using cacheserver namespaces - metadata:defaultmetadata, artifacts:defaultartifacts
ImportWorker Server TCP listen port: 0
AcceleratorClientConnectionCallback - disconnected - :0
Begin MonoManager ReloadAssembly
Registering precompiled unity dll's ...
Register platform support module: /home/worlesenric/Unity/Hub/Editor/6000.0.75f1/Editor/Data/PlaybackEngines/MacStandaloneSupport/UnityEditor.OSXStandalone.Extensions.dll
Register platform support module: /home/worlesenric/Unity/Hub/Editor/6000.0.75f1/Editor/Data/PlaybackEngines/LinuxStandaloneSupport/UnityEditor.LinuxStandalone.Extensions.dll
Registered in 0.000954 seconds.
- Loaded All Assemblies, in  0.228 seconds
Native extension for LinuxStandalone target not found
Package Manager log level set to [2]
[Licensing::Client] Successfully resolved entitlement details
Native extension for OSXStandalone target not found
Mono: successfully reloaded assembly
- Finished resetting the current domain, in  6.812 seconds
Domain Reload Profiling: 7040ms
	BeginReloadAssembly (65ms)
		ExecutionOrderSort (0ms)
		DisableScriptedObjects (0ms)
		BackupInstance (0ms)
		ReleaseScriptingObjects (0ms)
		CreateAndSetChildDomain (1ms)
	RebuildCommonClasses (24ms)
	RebuildNativeTypeToScriptingClass (5ms)
	initialDomainReloadingComplete (36ms)
	LoadAllAssembliesAndSetupDomain (98ms)
		LoadAssemblies (66ms)
		RebuildTransferFunctionScriptingTraits (0ms)
		AnalyzeDomain (95ms)
			TypeCache.Refresh (94ms)
				TypeCache.ScanAssembly (85ms)
			BuildScriptInfoCaches (0ms)
			ResolveRequiredComponents (0ms)
	FinalizeReload (6812ms)
		ReleaseScriptCaches (0ms)
		RebuildScriptCaches (0ms)
		SetupLoadedEditorAssemblies (6788ms)
			LogAssemblyErrors (0ms)
			InitializePlatformSupportModulesInManaged (6618ms)
			SetLoadedEditorAssemblies (4ms)
			BeforeProcessingInitializeOnLoad (41ms)
			ProcessInitializeOnLoadAttributes (89ms)
			ProcessInitializeOnLoadMethodAttributes (36ms)
			AfterProcessingInitializeOnLoad (0ms)
			EditorAssembliesLoaded (0ms)
		ExecutionOrderSort2 (0ms)
		AwakeInstancesAfterBackupRestoration (0ms)
[Licensing::Client] Successfully resolved entitlement details
Application.AssetDatabase Initial Refresh Start
[Package Manager] Restoring resolved packages state from cache
[Licensing::Client] Successfully resolved entitlement details
[Package Manager] Registered 36 packages:
  Packages from [https://packages.unity.com]:
    com.unity.burst@1.8.28 (location: /home/worlesenric/wkspace/gc-wt/w3-gate/unity/GameCore.Validation/Library/PackageCache/com.unity.burst@07790c2d06d9)
    com.unity.collections@2.6.6 (location: /home/worlesenric/wkspace/gc-wt/w3-gate/unity/GameCore.Validation/Library/PackageCache/com.unity.collections@9796e5ee0d9e)
    com.unity.entities@1.4.6 (location: /home/worlesenric/wkspace/gc-wt/w3-gate/unity/GameCore.Validation/Library/PackageCache/com.unity.entities@e90944159b94)
    com.unity.mathematics@1.3.2 (location: /home/worlesenric/wkspace/gc-wt/w3-gate/unity/GameCore.Validation/Library/PackageCache/com.unity.mathematics@8017b507cc74)
    com.unity.test-framework.performance@3.0.3 (location: /home/worlesenric/wkspace/gc-wt/w3-gate/unity/GameCore.Validation/Library/PackageCache/com.unity.test-framework.performance@fb0dc592af8b)
    com.unity.toolchain.linux-x86_64@2.0.11 (location: /home/worlesenric/wkspace/gc-wt/w3-gate/unity/GameCore.Validation/Library/PackageCache/com.unity.toolchain.linux-x86_64@53b88ff74b51)
    com.unity.sysroot@2.0.10 (location: /home/worlesenric/wkspace/gc-wt/w3-gate/unity/GameCore.Validation/Library/PackageCache/com.unity.sysroot@7bbbb9339c14)
    com.unity.sysroot.linux-x86_64@2.0.9 (location: /home/worlesenric/wkspace/gc-wt/w3-gate/unity/GameCore.Validation/Library/PackageCache/com.unity.sysroot.linux-x86_64@1998d1c7730e)
    com.unity.serialization@3.1.5 (location: /home/worlesenric/wkspace/gc-wt/w3-gate/unity/GameCore.Validation/Library/PackageCache/com.unity.serialization@c463b52e88d7)
    com.unity.profiling.core@1.0.3 (location: /home/worlesenric/wkspace/gc-wt/w3-gate/unity/GameCore.Validation/Library/PackageCache/com.unity.profiling.core@8a49f7027d06)
    com.unity.nuget.mono-cecil@1.11.6 (location: /home/worlesenric/wkspace/gc-wt/w3-gate/unity/GameCore.Validation/Library/PackageCache/com.unity.nuget.mono-cecil@ecb9724e46ff)
    com.unity.scriptablebuildpipeline@2.6.1 (location: /home/worlesenric/wkspace/gc-wt/w3-gate/unity/GameCore.Validation/Library/PackageCache/com.unity.scriptablebuildpipeline@36e3b5898ee2)
  Built-in packages:
    com.unity.modules.assetbundle@1.0.0 (location: /home/worlesenric/wkspace/gc-wt/w3-gate/unity/GameCore.Validation/Library/PackageCache/com.unity.modules.assetbundle)
    com.unity.modules.audio@1.0.0 (location: /home/worlesenric/wkspace/gc-wt/w3-gate/unity/GameCore.Validation/Library/PackageCache/com.unity.modules.audio)
    com.unity.modules.imageconversion@1.0.0 (location: /home/worlesenric/wkspace/gc-wt/w3-gate/unity/GameCore.Validation/Library/PackageCache/com.unity.modules.imageconversion)
    com.unity.modules.imgui@1.0.0 (location: /home/worlesenric/wkspace/gc-wt/w3-gate/unity/GameCore.Validation/Library/PackageCache/com.unity.modules.imgui)
    com.unity.modules.jsonserialize@1.0.0 (location: /home/worlesenric/wkspace/gc-wt/w3-gate/unity/GameCore.Validation/Library/PackageCache/com.unity.modules.jsonserialize)
    com.unity.modules.physics@1.0.0 (location: /home/worlesenric/wkspace/gc-wt/w3-gate/unity/GameCore.Validation/Library/PackageCache/com.unity.modules.physics)
    com.unity.modules.ui@1.0.0 (location: /home/worlesenric/wkspace/gc-wt/w3-gate/unity/GameCore.Validation/Library/PackageCache/com.unity.modules.ui)
    com.unity.modules.uielements@1.0.0 (location: /home/worlesenric/wkspace/gc-wt/w3-gate/unity/GameCore.Validation/Library/PackageCache/com.unity.modules.uielements)
    com.unity.modules.unityanalytics@1.0.0 (location: /home/worlesenric/wkspace/gc-wt/w3-gate/unity/GameCore.Validation/Library/PackageCache/com.unity.modules.unityanalytics)
    com.unity.modules.unitywebrequest@1.0.0 (location: /home/worlesenric/wkspace/gc-wt/w3-gate/unity/GameCore.Validation/Library/PackageCache/com.unity.modules.unitywebrequest)
    com.unity.test-framework@1.6.0 (location: /home/worlesenric/wkspace/gc-wt/w3-gate/unity/GameCore.Validation/Library/PackageCache/com.unity.test-framework@bd52b1c23814)
    com.unity.ext.nunit@2.0.5 (location: /home/worlesenric/wkspace/gc-wt/w3-gate/unity/GameCore.Validation/Library/PackageCache/com.unity.ext.nunit@b16e6d09cd93)
    com.unity.modules.hierarchycore@1.0.0 (location: /home/worlesenric/wkspace/gc-wt/w3-gate/unity/GameCore.Validation/Library/PackageCache/com.unity.modules.hierarchycore)
  Local packages:
    com.gamecore.composition@file:/home/worlesenric/wkspace/gc-wt/w3-gate/Packages/com.gamecore.composition (location: /home/worlesenric/wkspace/gc-wt/w3-gate/Packages/com.gamecore.composition)
    com.gamecore.contracts@file:/home/worlesenric/wkspace/gc-wt/w3-gate/Packages/com.gamecore.contracts (location: /home/worlesenric/wkspace/gc-wt/w3-gate/Packages/com.gamecore.contracts)
    com.gamecore.content.compiler@file:/home/worlesenric/wkspace/gc-wt/w3-gate/Packages/com.gamecore.content.compiler (location: /home/worlesenric/wkspace/gc-wt/w3-gate/Packages/com.gamecore.content.compiler)
    com.gamecore.derivation@file:/home/worlesenric/wkspace/gc-wt/w3-gate/Packages/com.gamecore.derivation (location: /home/worlesenric/wkspace/gc-wt/w3-gate/Packages/com.gamecore.derivation)
    com.gamecore.gameplay.cards@file:/home/worlesenric/wkspace/gc-wt/w3-gate/Packages/com.gamecore.gameplay.cards (location: /home/worlesenric/wkspace/gc-wt/w3-gate/Packages/com.gamecore.gameplay.cards)
    com.gamecore.gameplay.narrative@file:/home/worlesenric/wkspace/gc-wt/w3-gate/Packages/com.gamecore.gameplay.narrative (location: /home/worlesenric/wkspace/gc-wt/w3-gate/Packages/com.gamecore.gameplay.narrative)
    com.gamecore.planning@file:/home/worlesenric/wkspace/gc-wt/w3-gate/Packages/com.gamecore.planning (location: /home/worlesenric/wkspace/gc-wt/w3-gate/Packages/com.gamecore.planning)
    com.gamecore.rules.cards@file:/home/worlesenric/wkspace/gc-wt/w3-gate/Packages/com.gamecore.rules.cards (location: /home/worlesenric/wkspace/gc-wt/w3-gate/Packages/com.gamecore.rules.cards)
    com.gamecore.rules.narrative@file:/home/worlesenric/wkspace/gc-wt/w3-gate/Packages/com.gamecore.rules.narrative (location: /home/worlesenric/wkspace/gc-wt/w3-gate/Packages/com.gamecore.rules.narrative)
    com.gamecore.unity.adapters@file:/home/worlesenric/wkspace/gc-wt/w3-gate/Packages/com.gamecore.unity.adapters (location: /home/worlesenric/wkspace/gc-wt/w3-gate/Packages/com.gamecore.unity.adapters)
    com.gamecore.unity.runtime@file:/home/worlesenric/wkspace/gc-wt/w3-gate/Packages/com.gamecore.unity.runtime (location: /home/worlesenric/wkspace/gc-wt/w3-gate/Packages/com.gamecore.unity.runtime)
[Subsystems] No new subsystems found in resolved package list.
[Package Manager] Done registering packages in 0.00 seconds
Assembly reference Packages/com.unity.entities/Unity.Scenes.Editor/Internals/Properties/Unity.Properties.Internals.asmref has no target assembly definition
Assembly reference Packages/com.unity.entities/Unity.Scenes.Editor/Internals/Properties/Unity.Properties.Internals.asmref has no target assembly definition
[ScriptCompilation] Requested script compilation because: Assetdatabase observed changes in script compilation related files
[40m[32minfo[39m[22m[49m: Microsoft.Hosting.Lifetime[14]
      Now listening on: http://unix:/tmp/ilpp.sock-131aa09a618a90e96650c9fc090882cb
[40m[32minfo[39m[22m[49m: Microsoft.Hosting.Lifetime[0]
      Application started. Press Ctrl+C to shut down.
[40m[32minfo[39m[22m[49m: Microsoft.Hosting.Lifetime[0]
      Hosting environment: Production
[40m[32minfo[39m[22m[49m: Microsoft.Hosting.Lifetime[0]
      Content root path: /home/worlesenric/wkspace/gc-wt/w3-gate/unity/GameCore.Validation/
[40m[32minfo[39m[22m[49m: Microsoft.AspNetCore.Hosting.Diagnostics[1]
      Request starting HTTP/2 POST http://ilpp/UnityILPP.PostProcessing/Ping application/grpc -
[40m[32minfo[39m[22m[49m: Microsoft.AspNetCore.Routing.EndpointMiddleware[0]
      Executing endpoint 'gRPC - /UnityILPP.PostProcessing/Ping'
[40m[32minfo[39m[22m[49m: Microsoft.AspNetCore.Routing.EndpointMiddleware[1]
      Executed endpoint 'gRPC - /UnityILPP.PostProcessing/Ping'
[40m[32minfo[39m[22m[49m: Microsoft.AspNetCore.Hosting.Diagnostics[2]
      Request finished HTTP/2 POST http://ilpp/UnityILPP.PostProcessing/Ping application/grpc - - 200 - application/grpc 27.9670ms
Starting: /home/worlesenric/Unity/Hub/Editor/6000.0.75f1/Editor/Data/bee_backend --ipc --defer-dag-verification --dagfile="Library/Bee/2400b0aE.dag" --continue-on-failure --profile="Library/Bee/backend1.traceevents" ScriptAssemblies
WorkingDir: /home/worlesenric/wkspace/gc-wt/w3-gate/unity/GameCore.Validation
[40m[32minfo[39m[22m[49m: Microsoft.AspNetCore.Hosting.Diagnostics[1]
      Request starting HTTP/2 POST http://ilpp/UnityILPP.PostProcessing/ConfigurePostProcessors application/grpc -
[40m[32minfo[39m[22m[49m: Microsoft.AspNetCore.Routing.EndpointMiddleware[0]
      Executing endpoint 'gRPC - /UnityILPP.PostProcessing/ConfigurePostProcessors'
[40m[1m[33mwarn[39m[22m[49m: Unity.ILPP.Runner.PostProcessingAssemblyLoadContext[0]
      Assembly system.runtime.interopservices.windowsruntime has duplicate hint path. Ignoring "/home/worlesenric/Unity/Hub/Editor/6000.0.75f1/Editor/Data/UnityReferenceAssemblies/unity-4.8-api/Facades/System.Runtime.InteropServices.WindowsRuntime.dll" in favor of "/home/worlesenric/Unity/Hub/Editor/6000.0.75f1/Editor/Data/NetStandard/Extensions/2.0.0/System.Runtime.InteropServices.WindowsRuntime.dll"
[40m[1m[33mwarn[39m[22m[49m: Unity.ILPP.Runner.PostProcessingAssemblyLoadContext[0]
      Assembly system.componentmodel.composition has duplicate hint path. Ignoring "/home/worlesenric/Unity/Hub/Editor/6000.0.75f1/Editor/Data/UnityReferenceAssemblies/unity-4.8-api/System.ComponentModel.Composition.dll" in favor of "/home/worlesenric/Unity/Hub/Editor/6000.0.75f1/Editor/Data/NetStandard/compat/2.1.0/shims/netfx/System.ComponentModel.Composition.dll"
[40m[32minfo[39m[22m[49m: Unity.ILPP.Runner.PostProcessingAssemblyLoadContext[0]
      Resolved Unity.Burst.Cecil, Version=0.11.4.0, Culture=neutral, PublicKeyToken=50cebf1cceb9d05e with Library/PackageCache/com.unity.burst@07790c2d06d9/Unity.Burst.CodeGen/Unity.Burst.Cecil.dll
[40m[32minfo[39m[22m[49m: Unity.ILPP.Runner.PostProcessingAssemblyLoadContext[0]
      Resolved Mono.Cecil, Version=0.11.5.0, Culture=neutral, PublicKeyToken=50cebf1cceb9d05e with Library/PackageCache/com.unity.nuget.mono-cecil@ecb9724e46ff/Mono.Cecil.dll
[40m[32minfo[39m[22m[49m: Unity.ILPP.Runner.PostProcessingAssemblyLoadContext[0]
      Resolved Unity.Entities, Version=0.0.0.0, Culture=neutral, PublicKeyToken=null with Library/Bee/artifacts/2400b0aE.dag/Unity.Entities.dll
[40m[32minfo[39m[22m[49m: Microsoft.AspNetCore.Routing.EndpointMiddleware[1]
      Executed endpoint 'gRPC - /UnityILPP.PostProcessing/ConfigurePostProcessors'
[40m[32minfo[39m[22m[49m: Microsoft.AspNetCore.Hosting.Diagnostics[2]
      Request finished HTTP/2 POST http://ilpp/UnityILPP.PostProcessing/ConfigurePostProcessors application/grpc - - 200 - application/grpc 27.4399ms
DisplayProgressbar: Compiling Scripts
[40m[32minfo[39m[22m[49m: Microsoft.AspNetCore.Hosting.Diagnostics[1]
      Request starting HTTP/2 POST http://ilpp/UnityILPP.PostProcessing/PostProcessAssembly application/grpc -
[40m[32minfo[39m[22m[49m: Microsoft.AspNetCore.Routing.EndpointMiddleware[0]
      Executing endpoint 'gRPC - /UnityILPP.PostProcessing/PostProcessAssembly'
[40m[32minfo[39m[22m[49m: Microsoft.AspNetCore.Hosting.Diagnostics[1]
      Request starting HTTP/2 POST http://ilpp/UnityILPP.PostProcessing/PostProcessAssembly application/grpc -
[40m[32minfo[39m[22m[49m: Microsoft.AspNetCore.Hosting.Diagnostics[1]
      Request starting HTTP/2 POST http://ilpp/UnityILPP.PostProcessing/PostProcessAssembly application/grpc -
[40m[32minfo[39m[22m[49m: Microsoft.AspNetCore.Routing.EndpointMiddleware[0]
      Executing endpoint 'gRPC - /UnityILPP.PostProcessing/PostProcessAssembly'
[40m[32minfo[39m[22m[49m: Microsoft.AspNetCore.Routing.EndpointMiddleware[0]
      Executing endpoint 'gRPC - /UnityILPP.PostProcessing/PostProcessAssembly'
[40m[32minfo[39m[22m[49m: Microsoft.AspNetCore.Hosting.Diagnostics[1]
      Request starting HTTP/2 POST http://ilpp/UnityILPP.PostProcessing/PostProcessAssembly application/grpc -
[40m[32minfo[39m[22m[49m: Microsoft.AspNetCore.Routing.EndpointMiddleware[0]
      Executing endpoint 'gRPC - /UnityILPP.PostProcessing/PostProcessAssembly'
[40m[32minfo[39m[22m[49m: Microsoft.AspNetCore.Hosting.Diagnostics[1]
      Request starting HTTP/2 POST http://ilpp/UnityILPP.PostProcessing/PostProcessAssembly application/grpc -
[40m[32minfo[39m[22m[49m: Microsoft.AspNetCore.Routing.EndpointMiddleware[0]
      Executing endpoint 'gRPC - /UnityILPP.PostProcessing/PostProcessAssembly'
[40m[32minfo[39m[22m[49m: Microsoft.AspNetCore.Hosting.Diagnostics[1]
      Request starting HTTP/2 POST http://ilpp/UnityILPP.PostProcessing/PostProcessAssembly application/grpc -
[40m[32minfo[39m[22m[49m: Microsoft.AspNetCore.Routing.EndpointMiddleware[0]
      Executing endpoint 'gRPC - /UnityILPP.PostProcessing/PostProcessAssembly'
[40m[32minfo[39m[22m[49m: Microsoft.AspNetCore.Hosting.Diagnostics[1]
      Request starting HTTP/2 POST http://ilpp/UnityILPP.PostProcessing/PostProcessAssembly application/grpc -
[40m[32minfo[39m[22m[49m: Microsoft.AspNetCore.Routing.EndpointMiddleware[0]
      Executing endpoint 'gRPC - /UnityILPP.PostProcessing/PostProcessAssembly'
[40m[32minfo[39m[22m[49m: Unity.ILPP.Runner.PostProcessingPipeline[0]
      Processing assembly Library/Bee/artifacts/2400b0aE.dag/GameCore.Gameplay.Narrative.Fixtures.dll, with 124 defines and 238 references
[40m[32minfo[39m[22m[49m: Unity.ILPP.Runner.PostProcessingPipeline[0]
      Processing assembly Library/Bee/artifacts/2400b0aE.dag/GameCore.Cards.Tests.dll, with 122 defines and 269 references
[40m[32minfo[39m[22m[49m: Unity.ILPP.Runner.PostProcessingPipeline[0]
      Processing assembly Library/Bee/artifacts/2400b0aE.dag/GameCore.Validation.ProbeHost.dll, with 124 defines and 244 references
[40m[32minfo[39m[22m[49m: Unity.ILPP.Runner.PostProcessingPipeline[0]
      Processing assembly Library/Bee/artifacts/2400b0aE.dag/GameCore.W3Gate.Tests.dll, with 122 defines and 272 references
[40m[32minfo[39m[22m[49m: Unity.ILPP.Runner.PostProcessingPipeline[0]
      Processing assembly Library/Bee/artifacts/2400b0aE.dag/GameCore.W1Gate.Tests.dll, with 122 defines and 263 references
[40m[32minfo[39m[22m[49m: Unity.ILPP.Runner.PostProcessingPipeline[0]
      Processing assembly Library/Bee/artifacts/2400b0aE.dag/GameCore.Narrative.Tests.dll, with 122 defines and 268 references
[40m[32minfo[39m[22m[49m: Unity.ILPP.Runner.PostProcessingPipeline[0]
      Processing assembly Library/Bee/artifacts/2400b0aE.dag/GameCore.W2Gate.Tests.dll, with 122 defines and 265 references
[40m[32minfo[39m[22m[49m: Unity.ILPP.Runner.PostProcessingPipeline[0]
      processors: Unity.Entities.CodeGen.EntitiesILPostProcessors, Unity.Jobs.CodeGen.JobsILPostProcessor, zzzUnity.Burst.CodeGen.BurstILPostProcessor
[40m[32minfo[39m[22m[49m: Unity.ILPP.Runner.PostProcessingPipeline[0]
      processors: Unity.Entities.CodeGen.EntitiesILPostProcessors, Unity.Jobs.CodeGen.JobsILPostProcessor, zzzUnity.Burst.CodeGen.BurstILPostProcessor
[40m[32minfo[39m[22m[49m: Unity.ILPP.Runner.PostProcessingPipeline[0]
      processors: Unity.Entities.CodeGen.EntitiesILPostProcessors, Unity.Jobs.CodeGen.JobsILPostProcessor, zzzUnity.Burst.CodeGen.BurstILPostProcessor
[40m[32minfo[39m[22m[49m: Unity.ILPP.Runner.PostProcessingPipeline[0]
      processors: Unity.Entities.CodeGen.EntitiesILPostProcessors, Unity.Jobs.CodeGen.JobsILPostProcessor, zzzUnity.Burst.CodeGen.BurstILPostProcessor
[40m[32minfo[39m[22m[49m: Unity.ILPP.Runner.PostProcessingPipeline[0]
      processors: Unity.Entities.CodeGen.EntitiesILPostProcessors, Unity.Jobs.CodeGen.JobsILPostProcessor, zzzUnity.Burst.CodeGen.BurstILPostProcessor
[40m[32minfo[39m[22m[49m: Unity.ILPP.Runner.PostProcessingPipeline[0]
      processors: Unity.Entities.CodeGen.EntitiesILPostProcessors, Unity.Jobs.CodeGen.JobsILPostProcessor, zzzUnity.Burst.CodeGen.BurstILPostProcessor
[40m[32minfo[39m[22m[49m: Unity.ILPP.Runner.PostProcessingPipeline[0]
      processors: Unity.Entities.CodeGen.EntitiesILPostProcessors, Unity.Jobs.CodeGen.JobsILPostProcessor, zzzUnity.Burst.CodeGen.BurstILPostProcessor
[40m[32minfo[39m[22m[49m: Unity.ILPP.Runner.PostProcessingPipeline[0]
      running Unity.Entities.CodeGen.EntitiesILPostProcessors
[40m[32minfo[39m[22m[49m: Unity.ILPP.Runner.PostProcessingPipeline[0]
      running Unity.Entities.CodeGen.EntitiesILPostProcessors
[40m[32minfo[39m[22m[49m: Unity.ILPP.Runner.PostProcessingPipeline[0]
      running Unity.Entities.CodeGen.EntitiesILPostProcessors
[40m[32minfo[39m[22m[49m: Unity.ILPP.Runner.PostProcessingPipeline[0]
      running Unity.Entities.CodeGen.EntitiesILPostProcessors
[40m[32minfo[39m[22m[49m: Unity.ILPP.Runner.PostProcessingPipeline[0]
      running Unity.Entities.CodeGen.EntitiesILPostProcessors
[40m[32minfo[39m[22m[49m: Unity.ILPP.Runner.PostProcessingPipeline[0]
      running Unity.Entities.CodeGen.EntitiesILPostProcessors
[40m[32minfo[39m[22m[49m: Unity.ILPP.Runner.PostProcessingPipeline[0]
      running Unity.Entities.CodeGen.EntitiesILPostProcessors
[40m[32minfo[39m[22m[49m: Unity.ILPP.Runner.PostProcessingAssemblyLoadContext[0]
      Resolved Mono.Cecil.Rocks, Version=0.11.5.0, Culture=neutral, PublicKeyToken=50cebf1cceb9d05e with Library/PackageCache/com.unity.nuget.mono-cecil@ecb9724e46ff/Mono.Cecil.Rocks.dll
[40m[32minfo[39m[22m[49m: Unity.ILPP.Runner.PostProcessingAssemblyLoadContext[0]
      Resolved UnityEngine.CoreModule, Version=0.0.0.0, Culture=neutral, PublicKeyToken=null with /home/worlesenric/Unity/Hub/Editor/6000.0.75f1/Editor/Data/Managed/UnityEngine/UnityEngine.CoreModule.dll
[40m[32minfo[39m[22m[49m: Unity.ILPP.Runner.PostProcessingAssemblyLoadContext[0]
      Resolved Unity.Collections, Version=0.0.0.0, Culture=neutral, PublicKeyToken=null with Library/Bee/artifacts/2400b0aE.dag/Unity.Collections.dll
[40m[32minfo[39m[22m[49m: Unity.ILPP.Runner.PostProcessingAssemblyLoadContext[0]
      Resolved Unity.Burst, Version=0.0.0.0, Culture=neutral, PublicKeyToken=null with Library/Bee/artifacts/2400b0aE.dag/Unity.Burst.dll
[40m[32minfo[39m[22m[49m: Unity.ILPP.Runner.PostProcessingAssemblyLoadContext[0]
      Resolved Unity.Cecil.Awesome, Version=1.0.0.0, Culture=neutral, PublicKeyToken=null with Library/PackageCache/com.unity.entities@e90944159b94/Unity.Entities.CodeGen/Unity.Cecil.Awesome.dll
  - EILPP : GameCore.Cards.Tests : : 178ms (~157ms)
  - EILPP : GameCore.Validation.ProbeHost : : 178ms (~157ms)
    - EILPP : GameCore.Cards.Tests : GetAllComponentTypes: 1ms 
    - EILPP : GameCore.Validation.ProbeHost : GetAllComponentTypes: 1ms 
    - EILPP : GameCore.Validation.ProbeHost : Cloner: 1ms 
    - EILPP : GameCore.Validation.ProbeHost : ComponentDataPP: 13ms 
    - EILPP : GameCore.Validation.ProbeHost : StaticTypeRegistryPostProcessor: 6ms 
    - EILPP : GameCore.Cards.Tests : Cloner: 1ms 
  - EILPP : GameCore.W2Gate.Tests : : 178ms (~157ms)
    - EILPP : GameCore.Cards.Tests : ComponentDataPP: 13ms 
    - EILPP : GameCore.W2Gate.Tests : GetAllComponentTypes: 1ms 
    - EILPP : GameCore.Cards.Tests : StaticTypeRegistryPostProcessor: 6ms 
    - EILPP : GameCore.W2Gate.Tests : Cloner: 1ms 
    - EILPP : GameCore.W2Gate.Tests : ComponentDataPP: 13ms 
  - EILPP : GameCore.Narrative.Tests : : 178ms (~157ms)
    - EILPP : GameCore.W2Gate.Tests : StaticTypeRegistryPostProcessor: 6ms 
    - EILPP : GameCore.Narrative.Tests : GetAllComponentTypes: 1ms 
  - EILPP : GameCore.W3Gate.Tests : : 178ms (~157ms)
    - EILPP : GameCore.Narrative.Tests : Cloner: 1ms 
    - EILPP : GameCore.W3Gate.Tests : GetAllComponentTypes: 1ms 
    - EILPP : GameCore.Narrative.Tests : ComponentDataPP: 13ms 
    - EILPP : GameCore.W3Gate.Tests : Cloner: 1ms 
    - EILPP : GameCore.W3Gate.Tests : ComponentDataPP: 13ms 
    - EILPP : GameCore.W3Gate.Tests : StaticTypeRegistryPostProcessor: 6ms 
    - EILPP : GameCore.Narrative.Tests : StaticTypeRegistryPostProcessor: 6ms 
  - EILPP : GameCore.W1Gate.Tests : : 178ms (~157ms)
    - EILPP : GameCore.W1Gate.Tests : GetAllComponentTypes: 1ms 
    - EILPP : GameCore.W1Gate.Tests : Cloner: 1ms 
    - EILPP : GameCore.W1Gate.Tests : ComponentDataPP: 13ms 
    - EILPP : GameCore.W1Gate.Tests : StaticTypeRegistryPostProcessor: 6ms 
[40m[32minfo[39m[22m[49m: Unity.ILPP.Runner.PostProcessingPipeline[0]
      running Unity.Jobs.CodeGen.JobsILPostProcessor
[40m[32minfo[39m[22m[49m: Unity.ILPP.Runner.PostProcessingPipeline[0]
      running Unity.Jobs.CodeGen.JobsILPostProcessor
[40m[32minfo[39m[22m[49m: Unity.ILPP.Runner.PostProcessingPipeline[0]
      running Unity.Jobs.CodeGen.JobsILPostProcessor
[40m[32minfo[39m[22m[49m: Unity.ILPP.Runner.PostProcessingPipeline[0]
      running Unity.Jobs.CodeGen.JobsILPostProcessor
[40m[32minfo[39m[22m[49m: Unity.ILPP.Runner.PostProcessingPipeline[0]
      running Unity.Jobs.CodeGen.JobsILPostProcessor
[40m[32minfo[39m[22m[49m: Unity.ILPP.Runner.PostProcessingPipeline[0]
      running Unity.Jobs.CodeGen.JobsILPostProcessor
[40m[32minfo[39m[22m[49m: Unity.ILPP.Runner.PostProcessingAssemblyLoadContext[0]
      Resolved UnityEditor.CoreModule, Version=0.0.0.0, Culture=neutral, PublicKeyToken=null with /home/worlesenric/Unity/Hub/Editor/6000.0.75f1/Editor/Data/Managed/UnityEngine/UnityEditor.CoreModule.dll
[40m[32minfo[39m[22m[49m: Unity.ILPP.Runner.PostProcessingPipeline[0]
      running zzzUnity.Burst.CodeGen.BurstILPostProcessor
[40m[32minfo[39m[22m[49m: Unity.ILPP.Runner.PostProcessingPipeline[0]
      running zzzUnity.Burst.CodeGen.BurstILPostProcessor
[40m[32minfo[39m[22m[49m: Unity.ILPP.Runner.PostProcessingPipeline[0]
      running zzzUnity.Burst.CodeGen.BurstILPostProcessor
[40m[32minfo[39m[22m[49m: Unity.ILPP.Runner.PostProcessingPipeline[0]
      running zzzUnity.Burst.CodeGen.BurstILPostProcessor
[40m[32minfo[39m[22m[49m: Unity.ILPP.Runner.PostProcessingPipeline[0]
      running zzzUnity.Burst.CodeGen.BurstILPostProcessor
[40m[32minfo[39m[22m[49m: Microsoft.AspNetCore.Routing.EndpointMiddleware[1]
      Executed endpoint 'gRPC - /UnityILPP.PostProcessing/PostProcessAssembly'
[40m[32minfo[39m[22m[49m: Microsoft.AspNetCore.Routing.EndpointMiddleware[1]
      Executed endpoint 'gRPC - /UnityILPP.PostProcessing/PostProcessAssembly'
[40m[32minfo[39m[22m[49m: Microsoft.AspNetCore.Routing.EndpointMiddleware[1]
      Executed endpoint 'gRPC - /UnityILPP.PostProcessing/PostProcessAssembly'
[40m[32minfo[39m[22m[49m: Microsoft.AspNetCore.Routing.EndpointMiddleware[1]
      Executed endpoint 'gRPC - /UnityILPP.PostProcessing/PostProcessAssembly'
[40m[32minfo[39m[22m[49m: Microsoft.AspNetCore.Routing.EndpointMiddleware[1]
      Executed endpoint 'gRPC - /UnityILPP.PostProcessing/PostProcessAssembly'
[40m[32minfo[39m[22m[49m: Microsoft.AspNetCore.Hosting.Diagnostics[2]
      Request finished HTTP/2 POST http://ilpp/UnityILPP.PostProcessing/PostProcessAssembly application/grpc - - 200 - application/grpc 229.7354ms
[40m[32minfo[39m[22m[49m: Microsoft.AspNetCore.Hosting.Diagnostics[2]
      Request finished HTTP/2 POST http://ilpp/UnityILPP.PostProcessing/PostProcessAssembly application/grpc - - 200 - application/grpc 232.2206ms
[40m[32minfo[39m[22m[49m: Microsoft.AspNetCore.Hosting.Diagnostics[2]
      Request finished HTTP/2 POST http://ilpp/UnityILPP.PostProcessing/PostProcessAssembly application/grpc - - 200 - application/grpc 229.6424ms
[40m[32minfo[39m[22m[49m: Microsoft.AspNetCore.Hosting.Diagnostics[2]
      Request finished HTTP/2 POST http://ilpp/UnityILPP.PostProcessing/PostProcessAssembly application/grpc - - 200 - application/grpc 232.2198ms
[40m[32minfo[39m[22m[49m: Microsoft.AspNetCore.Hosting.Diagnostics[2]
      Request finished HTTP/2 POST http://ilpp/UnityILPP.PostProcessing/PostProcessAssembly application/grpc - - 200 - application/grpc 232.2977ms
  - EILPP : GameCore.Gameplay.Narrative.Fixtures : : 320ms (~159ms)
    - EILPP : GameCore.Gameplay.Narrative.Fixtures : GetAllComponentTypes: 1ms 
    - EILPP : GameCore.Gameplay.Narrative.Fixtures : Cloner: 1ms 
    - EILPP : GameCore.Gameplay.Narrative.Fixtures : ComponentDataPP: 11ms 
    - EILPP : GameCore.Gameplay.Narrative.Fixtures : StaticTypeRegistryPostProcessor: 60ms 
    - EILPP : GameCore.Gameplay.Narrative.Fixtures : WriteAssembly: 88ms 
[40m[32minfo[39m[22m[49m: Unity.ILPP.Runner.PostProcessingPipeline[0]
      running zzzUnity.Burst.CodeGen.BurstILPostProcessor
[40m[32minfo[39m[22m[49m: Unity.ILPP.Runner.PostProcessingPipeline[0]
      running Unity.Jobs.CodeGen.JobsILPostProcessor
[40m[32minfo[39m[22m[49m: Unity.ILPP.Runner.PostProcessingPipeline[0]
      running zzzUnity.Burst.CodeGen.BurstILPostProcessor
[40m[32minfo[39m[22m[49m: Unity.ILPP.Runner.PostProcessingAssemblyLoadContext[0]
      Resolved Unity.Burst.Cecil.Rocks, Version=0.11.4.0, Culture=neutral, PublicKeyToken=50cebf1cceb9d05e with Library/PackageCache/com.unity.burst@07790c2d06d9/Unity.Burst.CodeGen/Unity.Burst.Cecil.Rocks.dll
[40m[32minfo[39m[22m[49m: Microsoft.AspNetCore.Routing.EndpointMiddleware[1]
      Executed endpoint 'gRPC - /UnityILPP.PostProcessing/PostProcessAssembly'
[40m[32minfo[39m[22m[49m: Microsoft.AspNetCore.Routing.EndpointMiddleware[1]
      Executed endpoint 'gRPC - /UnityILPP.PostProcessing/PostProcessAssembly'
[40m[32minfo[39m[22m[49m: Microsoft.AspNetCore.Hosting.Diagnostics[2]
      Request finished HTTP/2 POST http://ilpp/UnityILPP.PostProcessing/PostProcessAssembly application/grpc - - 200 - application/grpc 436.9417ms
[40m[32minfo[39m[22m[49m: Microsoft.AspNetCore.Hosting.Diagnostics[2]
      Request finished HTTP/2 POST http://ilpp/UnityILPP.PostProcessing/PostProcessAssembly application/grpc - - 200 - application/grpc 436.6479ms
ExitCode: 0 Duration: 1s519ms
[614/832    0s] ILPP-Configuration Library/ilpp-configuration.nevergeneratedoutput
[804/832    1s] Csc Library/Bee/artifacts/2400b0aE.dag/GameCore.Gameplay.Narrative.Fixtures.dll (+2 others)
[           0s] Csc Library/Bee/artifacts/2400b0aE.dag/GameCore.Gameplay.Narrative.Fixtures.dll (+2 others) [CacheWrite 00000000000000000000000000000004]
[811/832    0s] ILPostProcess Library/Bee/artifacts/2400b0aE.dag/post-processed/GameCore.Narrative.Tests.dll (+pdb)
Processing assembly Library/Bee/artifacts/2400b0aE.dag/GameCore.Narrative.Tests.dll, with 122 defines and 268 references
processors: Unity.Entities.CodeGen.EntitiesILPostProcessors, Unity.Jobs.CodeGen.JobsILPostProcessor, zzzUnity.Burst.CodeGen.BurstILPostProcessor
running Unity.Entities.CodeGen.EntitiesILPostProcessors
running Unity.Jobs.CodeGen.JobsILPostProcessor
running zzzUnity.Burst.CodeGen.BurstILPostProcessor
[812/832    0s] ILPostProcess Library/Bee/artifacts/2400b0aE.dag/post-processed/GameCore.W1Gate.Tests.dll (+pdb)
Processing assembly Library/Bee/artifacts/2400b0aE.dag/GameCore.W1Gate.Tests.dll, with 122 defines and 263 references
processors: Unity.Entities.CodeGen.EntitiesILPostProcessors, Unity.Jobs.CodeGen.JobsILPostProcessor, zzzUnity.Burst.CodeGen.BurstILPostProcessor
running Unity.Entities.CodeGen.EntitiesILPostProcessors
running Unity.Jobs.CodeGen.JobsILPostProcessor
running zzzUnity.Burst.CodeGen.BurstILPostProcessor
[813/832    0s] ILPostProcess Library/Bee/artifacts/2400b0aE.dag/post-processed/GameCore.Cards.Tests.dll (+pdb)
Processing assembly Library/Bee/artifacts/2400b0aE.dag/GameCore.Cards.Tests.dll, with 122 defines and 269 references
processors: Unity.Entities.CodeGen.EntitiesILPostProcessors, Unity.Jobs.CodeGen.JobsILPostProcessor, zzzUnity.Burst.CodeGen.BurstILPostProcessor
running Unity.Entities.CodeGen.EntitiesILPostProcessors
running Unity.Jobs.CodeGen.JobsILPostProcessor
running zzzUnity.Burst.CodeGen.BurstILPostProcessor
[814/832    0s] ILPostProcess Library/Bee/artifacts/2400b0aE.dag/post-processed/GameCore.W3Gate.Tests.dll (+pdb)
Processing assembly Library/Bee/artifacts/2400b0aE.dag/GameCore.W3Gate.Tests.dll, with 122 defines and 272 references
processors: Unity.Entities.CodeGen.EntitiesILPostProcessors, Unity.Jobs.CodeGen.JobsILPostProcessor, zzzUnity.Burst.CodeGen.BurstILPostProcessor
running Unity.Entities.CodeGen.EntitiesILPostProcessors
running Unity.Jobs.CodeGen.JobsILPostProcessor
running zzzUnity.Burst.CodeGen.BurstILPostProcessor
[815/832    0s] ILPostProcess Library/Bee/artifacts/2400b0aE.dag/post-processed/GameCore.W2Gate.Tests.dll (+pdb)
Processing assembly Library/Bee/artifacts/2400b0aE.dag/GameCore.W2Gate.Tests.dll, with 122 defines and 265 references
processors: Unity.Entities.CodeGen.EntitiesILPostProcessors, Unity.Jobs.CodeGen.JobsILPostProcessor, zzzUnity.Burst.CodeGen.BurstILPostProcessor
running Unity.Entities.CodeGen.EntitiesILPostProcessors
running Unity.Jobs.CodeGen.JobsILPostProcessor
running zzzUnity.Burst.CodeGen.BurstILPostProcessor
[826/832    0s] ILPostProcess Library/Bee/artifacts/2400b0aE.dag/post-processed/GameCore.Validation.ProbeHost.dll (+pdb)
Processing assembly Library/Bee/artifacts/2400b0aE.dag/GameCore.Validation.ProbeHost.dll, with 124 defines and 244 references
processors: Unity.Entities.CodeGen.EntitiesILPostProcessors, Unity.Jobs.CodeGen.JobsILPostProcessor, zzzUnity.Burst.CodeGen.BurstILPostProcessor
running Unity.Entities.CodeGen.EntitiesILPostProcessors
running Unity.Jobs.CodeGen.JobsILPostProcessor
running zzzUnity.Burst.CodeGen.BurstILPostProcessor
[827/832    0s] ILPostProcess Library/Bee/artifacts/2400b0aE.dag/post-processed/GameCore.Gameplay.Narrative.Fixtures.dll (+pdb)
Processing assembly Library/Bee/artifacts/2400b0aE.dag/GameCore.Gameplay.Narrative.Fixtures.dll, with 124 defines and 238 references
processors: Unity.Entities.CodeGen.EntitiesILPostProcessors, Unity.Jobs.CodeGen.JobsILPostProcessor, zzzUnity.Burst.CodeGen.BurstILPostProcessor
running Unity.Entities.CodeGen.EntitiesILPostProcessors
running Unity.Jobs.CodeGen.JobsILPostProcessor
running zzzUnity.Burst.CodeGen.BurstILPostProcessor
[830/832    0s] CopyFiles Library/ScriptAssemblies/GameCore.Gameplay.Narrative.Fixtures.pdb
[831/832    0s] CopyFiles Library/ScriptAssemblies/GameCore.Gameplay.Narrative.Fixtures.dll
*** Tundra build success (1.51 seconds), 11 items updated, 832 evaluated
AssetDatabase: script compilation time: 1.831036s
Total cache size 117896055
Total cache size after purge 117896055, took 00:00:00.0344327
Begin MonoManager ReloadAssembly
- Loaded All Assemblies, in  0.360 seconds
Refreshing native plugins compatible for Editor in 0.13 ms, found 1 plugins.
Native extension for LinuxStandalone target not found
Native extension for OSXStandalone target not found
Assembly reference Packages/com.unity.entities/Unity.Scenes.Editor/Internals/Properties/Unity.Properties.Internals.asmref has no target assembly definition
TypeManager.Initialize took: 104ms
Mono: successfully reloaded assembly
- Finished resetting the current domain, in  1.940 seconds
Domain Reload Profiling: 2299ms
	BeginReloadAssembly (100ms)
		ExecutionOrderSort (0ms)
		DisableScriptedObjects (6ms)
		BackupInstance (0ms)
		ReleaseScriptingObjects (0ms)
		CreateAndSetChildDomain (27ms)
	RebuildCommonClasses (23ms)
	RebuildNativeTypeToScriptingClass (5ms)
	initialDomainReloadingComplete (19ms)
	LoadAllAssembliesAndSetupDomain (210ms)
		LoadAssemblies (170ms)
		RebuildTransferFunctionScriptingTraits (0ms)
		AnalyzeDomain (81ms)
			TypeCache.Refresh (61ms)
				TypeCache.ScanAssembly (55ms)
			BuildScriptInfoCaches (19ms)
			ResolveRequiredComponents (0ms)
	FinalizeReload (1940ms)
		ReleaseScriptCaches (0ms)
		RebuildScriptCaches (0ms)
		SetupLoadedEditorAssemblies (1862ms)
			LogAssemblyErrors (0ms)
			InitializePlatformSupportModulesInManaged (33ms)
			SetLoadedEditorAssemblies (3ms)
			BeforeProcessingInitializeOnLoad (90ms)
			ProcessInitializeOnLoadAttributes (1622ms)
			ProcessInitializeOnLoadMethodAttributes (113ms)
			AfterProcessingInitializeOnLoad (2ms)
			EditorAssembliesLoaded (0ms)
		ExecutionOrderSort2 (0ms)
		AwakeInstancesAfterBackupRestoration (4ms)
Refreshing native plugins compatible for Editor in 0.15 ms, found 1 plugins.
Preloading 0 native plugins for Editor in 0.00 ms.
Asset Pipeline Refresh (id=456c3422541297a46acba5325739e48c): Total: 4.681 seconds - Initiated by InitialRefreshV2(ForceSynchronousImport)
	Summary:
		Imports: total=0 (actual=0, local cache=0, cache server=0)
		Asset DB Process Time: managed=0 ms, native=2249 ms
		Asset DB Callback time: managed=212 ms, native=6 ms
		Scripting: domain reloads=1, domain reload time=360 ms, compile time=1832 ms, other=19 ms
		Project Asset Count: scripts=787, non-scripts=702
		Asset File Changes: new=0, changed=1, moved=0, deleted=0
		Scan Filter Count: 1
	InvokeCustomDependenciesCallbacks: 0.002ms
	InvokePackagesCallback: 4.324ms
	ApplyChangesToAssetFolders: 0.679ms
	Scan: 199.992ms
	OnSourceAssetsModified: 0.610ms
	CategorizeAssetsWithTransientArtifact: 11.530ms
	ProcessAssetsWithTransientArtifactChanges: 16.509ms
	CategorizeAssets: 9.653ms
	ImportOutOfDateAssets: 1942.824ms (109.771ms without children)
		CompileScripts: 1832.344ms
		ReloadNativeAssets: 0.000ms
		UnloadImportedAssets: 0.176ms
		EnsureUptoDateAssetsAreRegisteredWithGuidPM: 0.207ms
		InitializingProgressBar: 0.000ms
		PostProcessAllAssetNotificationsAddChangedAssets: 0.000ms
		OnDemandSchedulerStart: 0.326ms
	PostProcessAllAssets: 213.410ms
	Hotreload: 0.769ms
	GatherAllCurrentPrimaryArtifactRevisions: 0.000ms
	UnloadStreamsBegin: 0.187ms
	PersistCurrentRevisions: 0.043ms
	UnloadStreamsEnd: 0.001ms
	GenerateScriptTypeHashes: 1.069ms
	Untracked: 2280.233ms

Application.AssetDatabase Initial Refresh End
Scanning for USB devices : 0.751ms
Initializing Unity extensions:
UpdateMenuTitleForLanguage: 10
[MODES] ModeService[none].Initialize
[MODES] ModeService[none].LoadModes
[MODES] Loading mode Default (0) for mode-current-id-GameCoreProbe
Unloading 4 Unused Serialized files (Serialized files now loaded: 0)
Unloading 2777 unused Assets / (2.0 MB). Loaded Objects now: 3249.
Memory consumption went from 123.8 MB to 121.8 MB.
Total: 7.373882 ms (FindLiveObjects: 0.166085 ms CreateObjectMapping: 0.134955 ms MarkObjects: 5.665905 ms  DeleteObjects: 1.406442 ms)

Batchmode quit successfully invoked - shutting down!
Unloading 1 Unused Serialized files (Serialized files now loaded: 0)
Curl error 42: Callback aborted
Unloading 0 unused Assets / (0 B). Loaded Objects now: 3255.
Memory consumption went from 114.3 MB to 114.3 MB.
Total: 4.813622 ms (FindLiveObjects: 0.127098 ms CreateObjectMapping: 0.089177 ms MarkObjects: 4.592409 ms  DeleteObjects: 0.004217 ms)

[Physics::Module] Cleanup current backned.
[Physics::Module] Id: 0xf2b8ea05
Input System module state changed to: ShutdownInProgress.
Input System polling thread exited.
Input System module state changed to: Shutdown.
[Licensing::IpcConnector] LicenseClient-worlesenric-notifications channel disconnected successfully.
[Licensing::IpcConnector] LicenseClient-worlesenric channel disconnected successfully.
AcceleratorClientConnectionCallback - disconnected - :0
[40m[32minfo[39m[22m[49m: Microsoft.Hosting.Lifetime[0]
      Application is shutting down...
[40m[32minfo[39m[22m[49m: Unity.ILPP.Runner.PostProcessingAssemblyLoadContext[0]
      ALC ILPP context 1 is unloading
Cleanup mono
debugger-agent: Unable to listen on 46
Exiting batchmode successfully now!
