[2026-10-07T04:56:51.174Z][INFO] Command-line: ~/Unity/Hub/Editor/6000.0.75f1/Editor/Data/Resources/PackageManager/Server/UnityPackageManager -s 1299662 -ipc -ipc-path /tmp/Unity-Upm-1299662.sock -l 2 --log-file ~/wkspace/gc-studio/p4.2i/artifacts/studio/verification/W-PERSIST-02/p42i-prefab-prepare-20261007T045650.504079Z/upm.log
[2026-10-07T04:56:51.181Z][INFO] IPC server started (IPC path=/tmp/Unity-Upm-1299662.sock).
[2026-10-07T04:56:51.182Z][INFO] Hint: To connect to this UPM instance, launch Unity with the command-line parameter -upmIpcPath Upm-1299662.
[2026-10-07T04:56:51.934Z][INFO] project:add-dependency <-- Request received
params: {
  "packageId": "com.unity.toolchain.linux-x86_64"
}
[2026-10-07T04:57:27.786Z][INFO] project:add-dependency --> 200 (35852 ms)
[2026-10-07T04:57:27.990Z][INFO] project:list-packages <-- Request received
params: {}
[2026-10-07T04:57:28.031Z][INFO] project:list-packages <-- Request received
params: {}
[2026-10-07T04:57:28.040Z][INFO] project:list-packages <-- Request received
params: {}
[2026-10-07T04:57:28.051Z][INFO] config:project:get-registries <-- Request received
params: {}
[2026-10-07T04:57:28.067Z][INFO] config:project:get-registries --> 200 (16 ms)
[2026-10-07T04:57:28.600Z][INFO] project:list-packages --> 200 (610 ms)
[2026-10-07T04:57:28.680Z][INFO] project:list-packages --> 200 (649 ms)
[2026-10-07T04:57:30.344Z][INFO] project:list-packages <-- Request received
params: {}
[2026-10-07T04:57:30.629Z][INFO] project:list-packages --> 200 (285 ms)
[2026-10-07T04:57:33.105Z][INFO] project:list-packages <-- Request received
params: {}
[2026-10-07T04:57:33.115Z][INFO] project:list-packages <-- Request received
params: {}
[2026-10-07T04:57:33.127Z][INFO] config:project:get-registries <-- Request received
params: {}
[2026-10-07T04:57:33.136Z][INFO] config:project:get-registries --> 200 (9 ms)
[2026-10-07T04:57:33.614Z][INFO] project:list-packages --> 200 (499 ms)
[2026-10-07T04:57:35.225Z][INFO] project:list-packages <-- Request received
params: {}
[2026-10-07T04:57:35.237Z][INFO] project:list-packages <-- Request received
params: {}
[2026-10-07T04:57:35.759Z][INFO] project:list-packages --> 200 (535 ms)
[2026-10-07T04:57:38.705Z][INFO] project:list-packages <-- Request received
params: {}
[2026-10-07T04:57:38.963Z][INFO] project:list-packages --> 200 (258 ms)
[2026-10-07T04:57:39.109Z][INFO] project:list-packages <-- Request received
params: {}
[2026-10-07T04:57:39.121Z][INFO] project:list-packages <-- Request received
params: {}
[2026-10-07T04:57:39.131Z][INFO] config:project:get-registries <-- Request received
params: {}
[2026-10-07T04:57:39.138Z][INFO] config:project:get-registries --> 200 (7 ms)
[2026-10-07T04:57:39.455Z][INFO] project:list-packages --> 200 (334 ms)
[2026-10-07T04:57:49.094Z][INFO] Received shutdown request (SIGINT), shutting down Unity Package Manager
