The selected window backend is (null)
Input System module state changed to: Initialized.
[Physics::Module] Initialized fallback backend.
[Physics::Module] Id: 0xdecafbad
Initialize engine version: 6000.0.75f1 (26349cd2a5c8)
[Subsystems] Discovering subsystems at path ~/wkspace/gc-studio/p4.2/unity/GameCore.Validation/Builds/Linux64/GameCoreProbe_Data/UnitySubsystems
Forcing GfxDevice: Null
GfxDevice: creating device client; kGfxThreadingModeNonThreaded
NullGfxDevice:
    Version:  NULL 1.0 [1.0]
    Renderer: Null Device
    Vendor:   Unity Technologies
[Physics::Module] Selected backend.
[Physics::Module] Name: PhysX
[Physics::Module] Id: 0xf2b8ea05
[Physics::Module] SDK Version: 4.1.2
[Physics::Module] Integration Version: 1.0.0
[Physics::Module] Threading Mode: Multi-Threaded
UnloadTime: 0.123994 ms
[GC001] probe result (Pass, exit 0) written to ~/wkspace/gc-studio/p4.2/artifacts/studio/verification/W-GAME-06/v1-resume-artifacts/toolchain/probe-world-dispatch.json
UnityEngine.DebugLogHandler:Internal_Log(LogType, LogOption, String, Object)
GameCore.Validation.ProbeHost.ProbeRunner:WriteReport(ProbeReport)
GameCore.Validation.ProbeHost.ProbeRunner:Run(ProbeArguments)
GameCore.Validation.ProbeHost.ProbeRunner:Bootstrap()
