# gamecore.benchmark.trace/1
# label=gc023-world-observations
# frames=67
frame ordinal=0 epoch=1 step=0 sections=5 live-leases=9
frame ordinal=0 epoch=1 step=0 sections=5 stage-us=115;stage-samples=2;live-leases=9
frame ordinal=0 epoch=1 step=0 sections=5 stage-us=116;stage-samples=4;live-leases=9
frame ordinal=0 epoch=1 step=0 sections=5 stage-us=118;stage-samples=6;live-leases=9
frame ordinal=0 epoch=1 step=0 sections=5 stage-us=119;stage-samples=8;live-leases=9
frame ordinal=0 epoch=1 step=0 sections=5 stage-us=121;stage-samples=10;live-leases=9
frame ordinal=0 epoch=1 step=0 sections=5 stage-us=122;stage-samples=12;live-leases=9
frame ordinal=0 epoch=1 step=0 sections=5 stage-us=123;stage-samples=14;live-leases=9
frame ordinal=0 epoch=1 step=0 sections=5 stage-us=125;stage-samples=16;live-leases=9
frame ordinal=0 epoch=1 step=0 sections=5 stage-us=127;stage-samples=18;live-leases=9
frame ordinal=0 epoch=1 step=0 sections=5 stage-us=128;stage-samples=20;live-leases=9
frame ordinal=0 epoch=1 step=0 sections=5 stage-us=128;stage-samples=22;live-leases=9
frame ordinal=0 epoch=1 step=0 sections=5 stage-us=129;stage-samples=24;live-leases=9
frame ordinal=0 epoch=1 step=0 sections=5 stage-us=131;stage-samples=26;live-leases=9
frame ordinal=0 epoch=1 step=0 sections=5 stage-us=133;stage-samples=28;live-leases=9
frame ordinal=0 epoch=1 step=0 sections=5 stage-us=135;stage-samples=30;live-leases=9
frame ordinal=0 epoch=1 step=0 sections=5 stage-us=137;stage-samples=32;live-leases=9
frame ordinal=0 epoch=1 step=0 sections=5 stage-us=138;stage-samples=34;live-leases=9
frame ordinal=0 epoch=1 step=0 sections=5 stage-us=139;stage-samples=36;live-leases=9
frame ordinal=0 epoch=1 step=0 sections=5 stage-us=140;stage-samples=38;live-leases=9
frame ordinal=0 epoch=1 step=0 sections=5 stage-us=142;stage-samples=40;live-leases=9
frame ordinal=0 epoch=1 step=0 sections=5 stage-us=143;stage-samples=42;live-leases=9
frame ordinal=0 epoch=1 step=0 sections=5 stage-us=144;stage-samples=44;live-leases=9
frame ordinal=0 epoch=1 step=0 sections=5 stage-us=145;stage-samples=46;live-leases=9
frame ordinal=0 epoch=1 step=0 sections=5 stage-us=147;stage-samples=48;live-leases=9
frame ordinal=0 epoch=1 step=0 sections=5 stage-us=148;stage-samples=50;live-leases=9
frame ordinal=0 epoch=1 step=0 sections=5 stage-us=148;stage-samples=52;live-leases=9
frame ordinal=0 epoch=1 step=0 sections=5 stage-us=150;stage-samples=54;live-leases=9
frame ordinal=0 epoch=1 step=0 sections=5 stage-us=151;stage-samples=56;live-leases=9
frame ordinal=0 epoch=1 step=0 sections=5 stage-us=152;stage-samples=58;live-leases=9
frame ordinal=0 epoch=1 step=0 sections=5 stage-us=153;stage-samples=60;live-leases=9
frame ordinal=0 epoch=1 step=0 sections=5 stage-us=154;stage-samples=62;live-leases=9
frame ordinal=0 epoch=1 step=0 sections=5 stage-us=156;stage-samples=64;live-leases=9
frame ordinal=0 epoch=1 step=0 sections=5 stage-us=157;stage-samples=66;live-leases=9
frame ordinal=0 epoch=1 step=0 sections=5 stage-us=159;stage-samples=68;live-leases=9
frame ordinal=0 epoch=1 step=0 sections=5 stage-us=161;stage-samples=70;live-leases=9
frame ordinal=0 epoch=1 step=0 sections=5 stage-us=162;stage-samples=72;live-leases=9
frame ordinal=0 epoch=1 step=0 sections=5 stage-us=163;stage-samples=74;live-leases=9
frame ordinal=0 epoch=1 step=0 sections=5 stage-us=164;stage-samples=76;live-leases=9
frame ordinal=0 epoch=1 step=0 sections=5 stage-us=166;stage-samples=78;live-leases=9
frame ordinal=0 epoch=1 step=0 sections=5 stage-us=167;stage-samples=80;live-leases=9
frame ordinal=0 epoch=1 step=0 sections=5 stage-us=168;stage-samples=82;live-leases=9
frame ordinal=0 epoch=1 step=0 sections=5 stage-us=169;stage-samples=84;live-leases=9
frame ordinal=0 epoch=1 step=0 sections=5 stage-us=171;stage-samples=86;live-leases=9
frame ordinal=0 epoch=1 step=0 sections=5 stage-us=172;stage-samples=88;live-leases=9
frame ordinal=0 epoch=1 step=0 sections=5 stage-us=174;stage-samples=90;live-leases=9
frame ordinal=0 epoch=1 step=0 sections=5 stage-us=176;stage-samples=92;live-leases=9
frame ordinal=0 epoch=1 step=0 sections=5 stage-us=178;stage-samples=94;live-leases=9
frame ordinal=0 epoch=1 step=0 sections=5 stage-us=179;stage-samples=96;live-leases=9
frame ordinal=0 epoch=1 step=0 sections=5 stage-us=180;stage-samples=98;live-leases=9
frame ordinal=0 epoch=1 step=0 sections=5 stage-us=181;stage-samples=100;live-leases=9
frame ordinal=0 epoch=1 step=0 sections=5 stage-us=182;stage-samples=102;live-leases=9
frame ordinal=0 epoch=1 step=0 sections=5 stage-us=183;stage-samples=104;live-leases=9
frame ordinal=0 epoch=1 step=0 sections=5 stage-us=184;stage-samples=106;live-leases=9
frame ordinal=0 epoch=1 step=0 sections=5 stage-us=186;stage-samples=108;live-leases=9
frame ordinal=0 epoch=1 step=0 sections=5 stage-us=187;stage-samples=110;live-leases=9
frame ordinal=0 epoch=1 step=0 sections=5 stage-us=188;stage-samples=112;live-leases=9
frame ordinal=0 epoch=1 step=0 sections=5 stage-us=188;stage-samples=114;live-leases=9
frame ordinal=0 epoch=1 step=0 sections=5 stage-us=188;stage-samples=116;live-leases=9
frame ordinal=0 epoch=1 step=0 sections=5 stage-us=190;stage-samples=118;live-leases=9
frame ordinal=0 epoch=1 step=0 sections=5 stage-us=191;stage-samples=120;live-leases=9
frame ordinal=0 epoch=1 step=0 sections=5 stage-us=192;stage-samples=122;live-leases=9
frame ordinal=0 epoch=1 step=0 sections=5 stage-us=193;stage-samples=124;live-leases=9
frame ordinal=0 epoch=1 step=0 sections=5 stage-us=194;stage-samples=126;live-leases=9
frame ordinal=0 epoch=1 step=0 sections=5 stage-us=195;stage-samples=128;live-leases=9
frame ordinal=0 epoch=1 step=0 sections=5 stage-us=195;stage-samples=128;live-leases=9
frame ordinal=0 epoch=1 step=1 sections=5 steps-advanced=1;stage-us=300;stage-samples=133;job-wait-samples=1;live-leases=9
summary frames=67 chain=b5de765528c08d2fb76a33e1184f62341905dbffe84c0b4a12d383beeef2f103
