[2026-10-06T17:13:24.555Z][INFO] Command-line: ~/Unity/Hub/Editor/6000.0.75f1/Editor/Data/Resources/PackageManager/Server/UnityPackageManager -s 3229533 -ipc -ipc-path /tmp/Unity-Upm-3229533.sock -l 2 --log-file ~/wkspace/gc-studio/p4.2f/artifacts/studio/verification/W-MECH-01/p42f-stage-review-20261006T171323.900006Z/upm.log
[2026-10-06T17:13:24.562Z][INFO] IPC server started (IPC path=/tmp/Unity-Upm-3229533.sock).
[2026-10-06T17:13:24.562Z][INFO] Hint: To connect to this UPM instance, launch Unity with the command-line parameter -upmIpcPath Upm-3229533.
[2026-10-06T17:13:25.611Z][INFO] project:add-dependency <-- Request received
params: {
  "packageId": "com.unity.toolchain.linux-x86_64"
}
[2026-10-06T17:13:47.849Z][INFO] project:add-dependency --> 200 (22238 ms)
[2026-10-06T17:13:48.149Z][INFO] project:list-packages <-- Request received
params: {}
[2026-10-06T17:13:48.201Z][INFO] project:list-packages <-- Request received
params: {}
[2026-10-06T17:13:48.211Z][INFO] project:list-packages <-- Request received
params: {}
[2026-10-06T17:13:48.222Z][INFO] config:project:get-registries <-- Request received
params: {}
[2026-10-06T17:13:48.244Z][INFO] config:project:get-registries --> 200 (22 ms)
[2026-10-06T17:13:48.921Z][INFO] project:list-packages --> 200 (772 ms)
[2026-10-06T17:13:49.116Z][INFO] project:list-packages --> 200 (915 ms)
[2026-10-06T17:13:50.440Z][INFO] project:list-packages <-- Request received
params: {}
[2026-10-06T17:13:50.735Z][INFO] project:list-packages --> 200 (295 ms)
[2026-10-06T17:13:51.493Z][INFO] project:list-packages --> 200 (3282 ms)
[2026-10-06T17:13:53.010Z][INFO] project:list-packages <-- Request received
params: {}
[2026-10-06T17:13:53.020Z][INFO] project:list-packages <-- Request received
params: {}
[2026-10-06T17:13:53.032Z][INFO] config:project:get-registries <-- Request received
params: {}
[2026-10-06T17:13:53.049Z][INFO] config:project:get-registries --> 200 (17 ms)
[2026-10-06T17:13:53.703Z][INFO] project:list-packages --> 200 (693 ms)
[2026-10-06T17:13:53.741Z][INFO] project:list-packages --> 200 (721 ms)
[2026-10-06T17:13:56.207Z][INFO] project:list-packages <-- Request received
params: {}
[2026-10-06T17:13:56.218Z][INFO] project:list-packages <-- Request received
params: {}
[2026-10-06T17:13:57.018Z][INFO] project:list-packages --> 200 (811 ms)
[2026-10-06T17:13:57.099Z][INFO] project:list-packages --> 200 (880 ms)
[2026-10-06T17:14:05.534Z][INFO] project:list-packages <-- Request received
params: {}
[2026-10-06T17:14:05.909Z][INFO] project:list-packages --> 200 (375 ms)
[2026-10-06T17:14:06.051Z][INFO] config:project:get-registries <-- Request received
params: {}
[2026-10-06T17:14:06.055Z][INFO] config:project:get-registries --> 200 (4 ms)
[2026-10-06T17:14:13.677Z][INFO] project:resolve-packages <-- Request received
params: {}
[2026-10-06T17:14:32.950Z][WARN] Requested version [3.1.3] for package [com.unity.serialization] overridden by minimum version [3.1.5].
[2026-10-06T17:14:32.950Z][WARN] Requested version [1.23.1] for package [com.unity.scriptablebuildpipeline] overridden by minimum version [2.6.1].
[2026-10-06T17:14:32.950Z][WARN] Requested version [3.0.3] for package [com.unity.test-framework.performance] overridden by minimum version [3.4.0].
[2026-10-06T17:14:32.962Z][INFO] project:resolve-packages --> 200 (19286 ms)
[2026-10-06T17:14:33.027Z][INFO] config:project:get-registries <-- Request received
params: {}
[2026-10-06T17:14:33.030Z][INFO] config:project:get-registries --> 200 (4 ms)
[2026-10-06T17:14:33.037Z][INFO] project:list-packages <-- Request received
params: {}
[2026-10-06T17:14:33.532Z][INFO] project:list-packages --> 200 (494 ms)
[2026-10-06T17:14:41.699Z][INFO] project:list-packages <-- Request received
params: {}
[2026-10-06T17:14:42.062Z][INFO] project:list-packages --> 200 (363 ms)
[2026-10-06T17:14:42.204Z][INFO] project:list-packages <-- Request received
params: {}
[2026-10-06T17:14:42.215Z][INFO] config:project:get-registries <-- Request received
params: {}
[2026-10-06T17:14:42.232Z][INFO] config:project:get-registries --> 200 (17 ms)
[2026-10-06T17:14:42.563Z][INFO] project:list-packages --> 200 (359 ms)
[2026-10-06T17:15:46.621Z][INFO] project:resolve-packages <-- Request received
params: {}
[2026-10-06T17:16:08.700Z][WARN] Requested version [3.1.3] for package [com.unity.serialization] overridden by minimum version [3.1.5].
[2026-10-06T17:16:08.700Z][WARN] Requested version [1.23.1] for package [com.unity.scriptablebuildpipeline] overridden by minimum version [2.6.1].
[2026-10-06T17:16:08.700Z][WARN] Requested version [3.0.3] for package [com.unity.test-framework.performance] overridden by minimum version [3.4.0].
[2026-10-06T17:16:08.715Z][INFO] project:resolve-packages --> 200 (22094 ms)
[2026-10-06T17:16:08.789Z][INFO] config:project:get-registries <-- Request received
params: {}
[2026-10-06T17:16:08.792Z][INFO] config:project:get-registries --> 200 (3 ms)
[2026-10-06T17:16:08.799Z][INFO] project:list-packages <-- Request received
params: {}
[2026-10-06T17:16:09.116Z][INFO] project:list-packages --> 200 (317 ms)
[2026-10-06T17:16:14.351Z][INFO] project:list-packages <-- Request received
params: {}
[2026-10-06T17:16:14.617Z][INFO] project:list-packages --> 200 (266 ms)
[2026-10-06T17:16:14.766Z][INFO] project:list-packages <-- Request received
params: {}
[2026-10-06T17:16:14.776Z][INFO] config:project:get-registries <-- Request received
params: {}
[2026-10-06T17:16:14.788Z][INFO] config:project:get-registries --> 200 (12 ms)
[2026-10-06T17:16:15.034Z][INFO] project:list-packages --> 200 (268 ms)
[2026-10-06T17:16:18.992Z][INFO] Received shutdown request (SIGINT), shutting down Unity Package Manager
