[2026-10-07T06:06:31.451Z][INFO] Command-line: ~/Unity/Hub/Editor/6000.0.75f1/Editor/Data/Resources/PackageManager/Server/UnityPackageManager -s 1516806 -ipc -ipc-path /tmp/Unity-Upm-1516806.sock -l 2 --log-file ~/wkspace/gc-studio/p4.2i/artifacts/studio/verification/W-MECH-01/p42i-stage-review-warm-20261007T060630.756770Z/upm.log
[2026-10-07T06:06:31.459Z][INFO] IPC server started (IPC path=/tmp/Unity-Upm-1516806.sock).
[2026-10-07T06:06:31.459Z][INFO] Hint: To connect to this UPM instance, launch Unity with the command-line parameter -upmIpcPath Upm-1516806.
[2026-10-07T06:06:32.356Z][INFO] project:add-dependency <-- Request received
params: {
  "packageId": "com.unity.toolchain.linux-x86_64"
}
[2026-10-07T06:07:01.881Z][INFO] project:add-dependency --> 200 (29525 ms)
[2026-10-07T06:07:02.263Z][INFO] project:list-packages <-- Request received
params: {}
[2026-10-07T06:07:02.364Z][INFO] project:list-packages <-- Request received
params: {}
[2026-10-07T06:07:02.378Z][INFO] project:list-packages <-- Request received
params: {}
[2026-10-07T06:07:02.398Z][INFO] config:project:get-registries <-- Request received
params: {}
[2026-10-07T06:07:02.430Z][INFO] config:project:get-registries --> 200 (31 ms)
[2026-10-07T06:07:03.726Z][INFO] project:list-packages --> 200 (1463 ms)
[2026-10-07T06:07:04.087Z][INFO] project:list-packages --> 200 (1723 ms)
[2026-10-07T06:07:06.010Z][INFO] project:list-packages <-- Request received
params: {}
[2026-10-07T06:07:06.462Z][INFO] project:list-packages --> 200 (452 ms)
[2026-10-07T06:07:06.991Z][INFO] project:list-packages --> 200 (4613 ms)
[2026-10-07T06:07:09.687Z][INFO] project:list-packages <-- Request received
params: {}
[2026-10-07T06:07:09.697Z][INFO] project:list-packages <-- Request received
params: {}
[2026-10-07T06:07:09.769Z][INFO] config:project:get-registries <-- Request received
params: {}
[2026-10-07T06:07:09.779Z][INFO] config:project:get-registries --> 200 (10 ms)
[2026-10-07T06:07:10.366Z][INFO] project:list-packages --> 200 (669 ms)
[2026-10-07T06:07:14.000Z][INFO] project:list-packages <-- Request received
params: {}
[2026-10-07T06:07:14.011Z][INFO] project:list-packages <-- Request received
params: {}
[2026-10-07T06:07:14.719Z][INFO] project:list-packages --> 200 (719 ms)
[2026-10-07T06:07:24.028Z][INFO] project:list-packages <-- Request received
params: {}
[2026-10-07T06:07:24.366Z][INFO] project:list-packages --> 200 (338 ms)
[2026-10-07T06:07:24.523Z][INFO] project:list-packages <-- Request received
params: {}
[2026-10-07T06:07:24.534Z][INFO] config:project:get-registries <-- Request received
params: {}
[2026-10-07T06:07:24.549Z][INFO] config:project:get-registries --> 200 (15 ms)
[2026-10-07T06:07:32.738Z][INFO] project:resolve-packages <-- Request received
params: {}
[2026-10-07T06:07:38.391Z][WARN] Requested version [3.1.3] for package [com.unity.serialization] overridden by minimum version [3.1.5].
[2026-10-07T06:07:38.391Z][WARN] Requested version [1.23.1] for package [com.unity.scriptablebuildpipeline] overridden by minimum version [2.6.1].
[2026-10-07T06:07:38.391Z][WARN] Requested version [3.0.3] for package [com.unity.test-framework.performance] overridden by minimum version [3.4.0].
[2026-10-07T06:07:38.394Z][INFO] project:list-packages --> 200 (24383 ms)
[2026-10-07T06:07:38.399Z][INFO] project:list-packages --> 200 (13876 ms)
[2026-10-07T06:07:38.399Z][INFO] project:list-packages --> 200 (28713 ms)
[2026-10-07T06:07:38.407Z][INFO] project:resolve-packages --> 200 (5669 ms)
[2026-10-07T06:07:38.537Z][INFO] config:project:get-registries <-- Request received
params: {}
[2026-10-07T06:07:38.547Z][INFO] project:list-packages <-- Request received
params: {}
[2026-10-07T06:07:38.561Z][INFO] config:project:get-registries --> 200 (24 ms)
[2026-10-07T06:07:39.033Z][INFO] project:list-packages --> 200 (486 ms)
[2026-10-07T06:07:47.370Z][INFO] project:list-packages <-- Request received
params: {}
[2026-10-07T06:07:47.696Z][INFO] project:list-packages --> 200 (326 ms)
[2026-10-07T06:07:47.867Z][INFO] project:list-packages <-- Request received
params: {}
[2026-10-07T06:07:47.877Z][INFO] project:list-packages <-- Request received
params: {}
[2026-10-07T06:07:47.887Z][INFO] config:project:get-registries <-- Request received
params: {}
[2026-10-07T06:07:47.898Z][INFO] config:project:get-registries --> 200 (11 ms)
[2026-10-07T06:07:48.289Z][INFO] project:list-packages --> 200 (412 ms)
[2026-10-07T06:07:54.463Z][INFO] project:list-packages <-- Request received
params: {}
[2026-10-07T06:07:54.805Z][INFO] project:list-packages --> 200 (342 ms)
[2026-10-07T06:07:54.949Z][INFO] project:list-packages <-- Request received
params: {}
[2026-10-07T06:07:54.961Z][INFO] config:project:get-registries <-- Request received
params: {}
[2026-10-07T06:07:54.974Z][INFO] config:project:get-registries --> 200 (13 ms)
[2026-10-07T06:08:03.952Z][INFO] project:resolve-packages <-- Request received
params: {}
[2026-10-07T06:08:10.271Z][WARN] Failed to read package manifest at ~/wkspace/gc-studio/p4.2i/games/hollowmere/Packages/com.hollowmere.mechanism.pressureplate, package info object may be incomplete
[2026-10-07T06:08:10.272Z][WARN] Failed to read package manifest at ~/wkspace/gc-studio/p4.2i/games/hollowmere/Packages/com.hollowmere.mechanism.pressureplate, package info object may be incomplete
[2026-10-07T06:08:13.096Z][WARN] Requested version [3.1.3] for package [com.unity.serialization] overridden by minimum version [3.1.5].
[2026-10-07T06:08:13.096Z][WARN] Requested version [1.23.1] for package [com.unity.scriptablebuildpipeline] overridden by minimum version [2.6.1].
[2026-10-07T06:08:13.096Z][WARN] Requested version [3.0.3] for package [com.unity.test-framework.performance] overridden by minimum version [3.4.0].
[2026-10-07T06:08:13.098Z][INFO] project:list-packages --> 200 (18149 ms)
[2026-10-07T06:08:13.099Z][INFO] project:list-packages --> 200 (25233 ms)
[2026-10-07T06:08:13.104Z][INFO] project:resolve-packages --> 200 (9152 ms)
[2026-10-07T06:08:13.215Z][INFO] config:project:get-registries <-- Request received
params: {}
[2026-10-07T06:08:13.219Z][INFO] config:project:get-registries --> 200 (4 ms)
[2026-10-07T06:08:13.225Z][INFO] project:list-packages <-- Request received
params: {}
[2026-10-07T06:08:13.739Z][INFO] project:list-packages --> 200 (514 ms)
[2026-10-07T06:08:20.099Z][INFO] project:list-packages <-- Request received
params: {}
[2026-10-07T06:08:20.483Z][INFO] project:list-packages --> 200 (384 ms)
[2026-10-07T06:08:20.676Z][INFO] project:list-packages <-- Request received
params: {}
[2026-10-07T06:08:20.686Z][INFO] project:list-packages <-- Request received
params: {}
[2026-10-07T06:08:20.696Z][INFO] config:project:get-registries <-- Request received
params: {}
[2026-10-07T06:08:20.712Z][INFO] config:project:get-registries --> 200 (16 ms)
[2026-10-07T06:08:21.062Z][INFO] project:list-packages --> 200 (376 ms)
[2026-10-07T06:08:28.742Z][INFO] Received shutdown request (SIGINT), shutting down Unity Package Manager
