[2026-10-08T00:14:29.881Z][INFO] Command-line: ~/Unity/Hub/Editor/6000.0.75f1/Editor/Data/Resources/PackageManager/Server/UnityPackageManager -s 663154 -ipc -ipc-path /tmp/Unity-Upm-663154.sock -l 2 --log-file ~/wkspace/gc-studio/p4.2l/artifacts/studio/verification/W-MECH-01/p42l-stage-submit-warm-20261008T001429.208383Z/upm.log
[2026-10-08T00:14:29.887Z][INFO] IPC server started (IPC path=/tmp/Unity-Upm-663154.sock).
[2026-10-08T00:14:29.888Z][INFO] Hint: To connect to this UPM instance, launch Unity with the command-line parameter -upmIpcPath Upm-663154.
[2026-10-08T00:14:30.667Z][INFO] project:add-dependency <-- Request received
params: {
  "packageId": "com.unity.toolchain.linux-x86_64"
}
[2026-10-08T00:14:51.656Z][INFO] project:add-dependency --> 200 (20989 ms)
[2026-10-08T00:14:52.006Z][INFO] project:list-packages <-- Request received
params: {}
[2026-10-08T00:14:52.078Z][INFO] project:list-packages <-- Request received
params: {}
[2026-10-08T00:14:52.089Z][INFO] project:list-packages <-- Request received
params: {}
[2026-10-08T00:14:52.098Z][INFO] config:project:get-registries <-- Request received
params: {}
[2026-10-08T00:14:52.127Z][INFO] config:project:get-registries --> 200 (28 ms)
[2026-10-08T00:14:53.139Z][INFO] project:list-packages --> 200 (1134 ms)
[2026-10-08T00:14:53.428Z][INFO] project:list-packages --> 200 (1350 ms)
[2026-10-08T00:14:54.550Z][INFO] project:list-packages --> 200 (2461 ms)
[2026-10-08T00:14:54.982Z][INFO] project:list-packages <-- Request received
params: {}
[2026-10-08T00:14:55.349Z][INFO] project:list-packages --> 200 (367 ms)
[2026-10-08T00:14:58.169Z][INFO] project:list-packages <-- Request received
params: {}
[2026-10-08T00:14:58.180Z][INFO] project:list-packages <-- Request received
params: {}
[2026-10-08T00:14:58.189Z][INFO] config:project:get-registries <-- Request received
params: {}
[2026-10-08T00:14:58.214Z][INFO] config:project:get-registries --> 200 (25 ms)
[2026-10-08T00:14:59.102Z][INFO] project:list-packages --> 200 (933 ms)
[2026-10-08T00:14:59.154Z][INFO] project:list-packages --> 200 (974 ms)
[2026-10-08T00:15:03.126Z][INFO] project:list-packages <-- Request received
params: {}
[2026-10-08T00:15:03.138Z][INFO] project:list-packages <-- Request received
params: {}
[2026-10-08T00:15:03.705Z][INFO] project:list-packages --> 200 (580 ms)
[2026-10-08T00:15:08.056Z][INFO] project:list-packages --> 200 (4918 ms)
[2026-10-08T00:15:18.156Z][INFO] Received shutdown request (SIGINT), shutting down Unity Package Manager
