The selected window backend is x11 
Input System module state changed to: Initialized.
Display 0 'U32J59x 31"': 1920x1080 (primary device).
[Physics::Module] Initialized fallback backend.
[Physics::Module] Id: 0xdecafbad
Desktop is 1920 x 1080 @ 60 Hz
Initialize engine version: 6000.0.75f1 (26349cd2a5c8)
[Subsystems] Discovering subsystems at path ~/wkspace/gc-studio/p4.2k/.evidence/P42kPlayer/player/Hollowmere_Data/UnitySubsystems
kGfxThreadingModeClientWorkerNativeJobs is not supported on OpenGL Core. Reverting to kGfxThreadingModeClientWorkerJobs instead.
GfxDevice: creating device client; kGfxThreadingModeClientWorkerJobs
Renderer: NVIDIA GeForce RTX 4060 Ti/PCIe/SSE2
Vendor:   NVIDIA Corporation
Version:  4.5.0 NVIDIA 595.84
GLES:     0
 GL_AMD_multi_draw_indirect GL_AMD_seamless_cubemap_per_texture GL_AMD_vertex_shader_viewport_index GL_AMD_vertex_shader_layer GL_ARB_arrays_of_arrays GL_ARB_base_instance GL_ARB_bindless_texture GL_ARB_blend_func_extended GL_ARB_buffer_storage GL_ARB_clear_buffer_object GL_ARB_clear_texture GL_ARB_clip_control GL_ARB_color_buffer_float GL_ARB_compressed_texture_pixel_storage GL_ARB_conservative_depth GL_ARB_compute_shader GL_ARB_compute_variable_group_size GL_ARB_conditional_render_inverted GL_ARB_copy_buffer GL_ARB_copy_image GL_ARB_cull_distance GL_ARB_debug_output GL_ARB_depth_buffer_float GL_ARB_depth_clamp GL_ARB_depth_texture GL_ARB_derivative_control GL_ARB_direct_state_access GL_ARB_draw_buffers GL_ARB_draw_buffers_blend GL_ARB_draw_indirect GL_ARB_draw_elements_base_vertex GL_ARB_draw_instanced GL_ARB_enhanced_layouts GL_ARB_ES2_compatibility GL_ARB_ES3_compatibility GL_ARB_ES3_1_compatibility GL_ARB_ES3_2_compatibility GL_ARB_explicit_attrib_location GL_ARB_explicit_uniform_location GL_ARB_fragmen
t_coord_conventions GL_ARB_fragment_layer_viewport GL_ARB_fragment_program GL_ARB_fragment_program_shadow GL_ARB_fragment_shader GL_ARB_fragment_shader_interlock GL_ARB_framebuffer_no_attachments GL_ARB_framebuffer_object GL_ARB_framebuffer_sRGB GL_ARB_geometry_shader4 GL_ARB_get_program_binary GL_ARB_get_texture_sub_image GL_ARB_gl_spirv GL_ARB_gpu_shader5 GL_ARB_gpu_shader_fp64 GL_ARB_gpu_shader_int64 GL_ARB_half_float_pixel GL_ARB_half_float_vertex GL_ARB_imaging GL_ARB_indirect_parameters GL_ARB_instanced_arrays GL_ARB_internalformat_query GL_ARB_internalformat_query2 GL_ARB_invalidate_subdata GL_ARB_map_buffer_alignment GL_ARB_map_buffer_range GL_ARB_multi_bind GL_ARB_multi_draw_indirect GL_ARB_multisample GL_ARB_multitexture GL_ARB_occlusion_query GL_ARB_occlusion_query2 GL_ARB_parallel_shader_compile GL_ARB_pipeline_statistics_query GL_ARB_pixel_buffer_object GL_ARB_point_parameters GL_ARB_point_sprite GL_ARB_polygon_offset_clamp GL_ARB_post_depth_coverage GL_ARB_program_interface_query GL_ARB_provoki
ng_vertex GL_ARB_query_buffer_object GL_ARB_robust_buffer_access_behavior GL_ARB_robustness GL_ARB_sample_locations GL_ARB_sample_shading GL_ARB_sampler_objects GL_ARB_seamless_cube_map GL_ARB_seamless_cubemap_per_texture GL_ARB_separate_shader_objects GL_ARB_shader_atomic_counter_ops GL_ARB_shader_atomic_counters GL_ARB_shader_ballot GL_ARB_shader_bit_encoding GL_ARB_shader_clock GL_ARB_shader_draw_parameters GL_ARB_shader_group_vote GL_ARB_shader_image_load_store GL_ARB_shader_image_size GL_ARB_shader_objects GL_ARB_shader_precision GL_ARB_shader_storage_buffer_object GL_ARB_shader_subroutine GL_ARB_shader_texture_image_samples GL_ARB_shader_texture_lod GL_ARB_shading_language_100 GL_ARB_shader_viewport_layer_array GL_ARB_shading_language_420pack GL_ARB_shading_language_include GL_ARB_shading_language_packing GL_ARB_shadow GL_ARB_sparse_buffer GL_ARB_sparse_texture GL_ARB_sparse_texture2 GL_ARB_sparse_texture_clamp GL_ARB_spirv_extensions GL_ARB_stencil_texturing GL_ARB_sync GL_ARB_tessellation_shader GL_A
RB_texture_barrier GL_ARB_texture_border_clamp GL_ARB_texture_buffer_object GL_ARB_texture_buffer_object_rgb32 GL_ARB_texture_buffer_range GL_ARB_texture_compression GL_ARB_texture_compression_bptc GL_ARB_texture_compression_rgtc GL_ARB_texture_cube_map GL_ARB_texture_cube_map_array GL_ARB_texture_env_add GL_ARB_texture_env_combine GL_ARB_texture_env_crossbar GL_ARB_texture_env_dot3 GL_ARB_texture_filter_anisotropic GL_ARB_texture_filter_minmax GL_ARB_texture_float GL_ARB_texture_gather GL_ARB_texture_mirror_clamp_to_edge GL_ARB_texture_mirrored_repeat GL_ARB_texture_multisample GL_ARB_texture_non_power_of_two GL_ARB_texture_query_levels GL_ARB_texture_query_lod GL_ARB_texture_rectangle GL_ARB_texture_rg GL_ARB_texture_rgb10_a2ui GL_ARB_texture_stencil8 GL_ARB_texture_storage GL_ARB_texture_storage_multisample GL_ARB_texture_swizzle GL_ARB_texture_view GL_ARB_timer_query GL_ARB_transform_feedback2 GL_ARB_transform_feedback3 GL_ARB_transform_feedback_instanced GL_ARB_transform_feedback_overflow_query GL_ARB_t
ranspose_matrix GL_ARB_uniform_buffer_object GL_ARB_vertex_array_bgra GL_ARB_vertex_array_object GL_ARB_vertex_attrib_64bit GL_ARB_vertex_attrib_binding GL_ARB_vertex_buffer_object GL_ARB_vertex_program GL_ARB_vertex_shader GL_ARB_vertex_type_10f_11f_11f_rev GL_ARB_vertex_type_2_10_10_10_rev GL_ARB_viewport_array GL_ARB_window_pos GL_ATI_draw_buffers GL_ATI_texture_float GL_ATI_texture_mirror_once GL_S3_s3tc GL_EXT_texture_env_add GL_EXT_abgr GL_EXT_bgra GL_EXT_bindable_uniform GL_EXT_blend_color GL_EXT_blend_equation_separate GL_EXT_blend_func_separate GL_EXT_blend_minmax GL_EXT_blend_subtract GL_EXT_compiled_vertex_array GL_EXT_Cg_shader GL_EXT_depth_bounds_test GL_EXT_direct_state_access GL_EXT_draw_buffers2 GL_EXT_draw_instanced GL_EXT_draw_range_elements GL_EXT_fog_coord GL_EXT_framebuffer_blit GL_EXT_framebuffer_multisample GL_EXTX_framebuffer_mixed_formats GL_EXT_framebuffer_multisample_blit_scaled GL_EXT_framebuffer_object GL_EXT_framebuffer_sRGB GL_EXT_geometry_shader4 GL_EXT_gpu_program_parameters 
GL_EXT_gpu_shader4 GL_EXT_multi_draw_arrays GL_EXT_multiview_texture_multisample GL_EXT_multiview_timer_query GL_EXT_packed_depth_stencil GL_EXT_packed_float GL_EXT_packed_pixels GL_EXT_pixel_buffer_object GL_EXT_point_parameters GL_EXT_polygon_offset_clamp GL_EXT_post_depth_coverage GL_EXT_provoking_vertex GL_EXT_raster_multisample GL_EXT_rescale_normal GL_EXT_secondary_color GL_EXT_separate_shader_objects GL_EXT_separate_specular_color GL_EXT_shader_image_load_formatted GL_EXT_shader_image_load_store GL_EXT_shader_integer_mix GL_EXT_shadow_funcs GL_EXT_sparse_texture2 GL_EXT_stencil_two_side GL_EXT_stencil_wrap GL_EXT_texture3D GL_EXT_texture_array GL_EXT_texture_buffer_object GL_EXT_texture_compression_dxt1 GL_EXT_texture_compression_latc GL_EXT_texture_compression_rgtc GL_EXT_texture_compression_s3tc GL_EXT_texture_cube_map GL_EXT_texture_edge_clamp GL_EXT_texture_env_combine GL_EXT_texture_env_dot3 GL_EXT_texture_filter_anisotropic GL_EXT_texture_filter_minmax GL_EXT_texture_integer GL_EXT_texture_lod G
L_EXT_texture_lod_bias GL_EXT_texture_mirror_clamp GL_EXT_texture_object GL_EXT_texture_shadow_lod GL_EXT_texture_shared_exponent GL_EXT_texture_sRGB GL_EXT_texture_sRGB_R8 GL_EXT_texture_sRGB_decode GL_EXT_texture_storage GL_EXT_texture_swizzle GL_EXT_timer_query GL_EXT_transform_feedback2 GL_EXT_vertex_array GL_EXT_vertex_array_bgra GL_EXT_vertex_attrib_64bit GL_EXT_window_rectangles GL_EXT_x11_sync_object GL_EXT_import_sync_object GL_NV_robustness_video_memory_purge GL_IBM_rasterpos_clip GL_IBM_texture_mirrored_repeat GL_KHR_context_flush_control GL_KHR_debug GL_EXT_memory_object GL_EXT_memory_object_fd GL_NV_memory_object_sparse GL_KHR_parallel_shader_compile GL_KHR_no_error GL_KHR_robust_buffer_access_behavior GL_KHR_robustness GL_EXT_semaphore GL_EXT_semaphore_fd GL_NV_timeline_semaphore GL_KHR_shader_subgroup GL_KTX_buffer_region GL_NV_alpha_to_coverage_dither_control GL_NV_bindless_multi_draw_indirect GL_NV_bindless_multi_draw_indirect_count GL_NV_bindless_texture GL_NV_blend_equation_advanced GL_NV_
blend_equation_advanced_coherent GL_NVX_blend_equation_advanced_multi_draw_buffers GL_NV_blend_minmax_factor GL_NV_blend_square GL_NV_clip_space_w_scaling GL_NV_command_list GL_NV_compute_program5 GL_NV_compute_shader_derivatives GL_NV_conditional_render GL_NV_conservative_raster GL_NV_conservative_raster_dilate GL_NV_conservative_raster_pre_snap GL_NV_conservative_raster_pre_snap_triangles GL_NV_conservative_raster_underestimation GL_NV_copy_depth_to_color GL_NV_copy_image GL_NV_depth_buffer_float GL_NV_depth_clamp GL_NV_draw_texture GL_NV_draw_vulkan_image GL_NV_ES1_1_compatibility GL_NV_ES3_1_compatibility GL_NV_explicit_multisample GL_NV_feature_query GL_NV_fence GL_NV_fill_rectangle GL_NV_float_buffer GL_NV_fog_distance GL_NV_fragment_coverage_to_color GL_NV_fragment_program GL_NV_fragment_program_option GL_NV_fragment_program2 GL_NV_fragment_shader_barycentric GL_NV_fragment_shader_interlock GL_NV_framebuffer_mixed_samples GL_NV_framebuffer_multisample_coverage GL_NV_geometry_shader4 GL_NV_geometry_sha
der_passthrough GL_NV_gpu_program4 GL_NV_internalformat_sample_query GL_NV_gpu_program4_1 GL_NV_gpu_program5 GL_NV_gpu_program5_mem_extended GL_NV_gpu_program_fp64 GL_NV_gpu_program_multiview GL_NV_gpu_shader5 GL_NV_half_float GL_NV_light_max_exponent GL_NV_memory_attachment GL_NV_mesh_shader GL_NV_multisample_coverage GL_NV_multisample_filter_hint GL_NV_occlusion_query GL_NV_packed_depth_stencil GL_NV_parameter_buffer_object GL_NV_parameter_buffer_object2 GL_NV_path_rendering GL_NV_path_rendering_shared_edge GL_NV_pixel_data_range GL_NV_point_sprite GL_NV_primitive_restart GL_NV_primitive_shading_rate GL_NV_query_resource GL_NV_query_resource_tag GL_NV_register_combiners GL_NV_register_combiners2 GL_NV_representative_fragment_test GL_NV_sample_locations GL_NV_sample_mask_override_coverage GL_NV_scissor_exclusive GL_NV_shader_atomic_counters GL_NV_shader_atomic_float GL_NV_shader_atomic_float64 GL_NV_shader_atomic_fp16_vector GL_NV_shader_atomic_int64 GL_NV_shader_buffer_load GL_NV_shader_storage_buffer_obje
ct GL_NV_shader_subgroup_partitioned GL_NV_shader_texture_footprint GL_NV_shading_rate_image GL_NV_stereo_view_rendering GL_NV_texgen_reflection GL_NV_texture_barrier GL_NV_texture_compression_vtc GL_NV_texture_dirty_tile_map GL_NV_texture_env_combine4 GL_NV_texture_multisample GL_NV_texture_rectangle GL_NV_texture_rectangle_compressed GL_NV_texture_shader GL_NV_texture_shader2 GL_NV_texture_shader3 GL_NV_transform_feedback GL_NV_transform_feedback2 GL_NV_uniform_buffer_unified_memory GL_NV_uniform_buffer_std430_layout GL_NV_vdpau_interop GL_NV_vdpau_interop2 GL_NV_vertex_array_range GL_NV_vertex_array_range2 GL_NV_vertex_attrib_integer_64bit GL_NV_vertex_buffer_unified_memory GL_NV_vertex_program GL_NV_vertex_program1_1 GL_NV_vertex_program2 GL_NV_vertex_program2_option GL_NV_vertex_program3 GL_NV_viewport_array2 GL_NV_viewport_swizzle GL_NVX_conditional_render GL_NV_gpu_multicast GL_NVX_progress_fence GL_NVX_gpu_memory_info GL_NVX_nvenc_interop GL_NV_shader_thread_group GL_NV_shader_thread_shuffle GL_KHR_b
lend_equation_advanced GL_KHR_blend_equation_advanced_coherent GL_OVR_multiview GL_OVR_multiview2 GL_SGIS_generate_mipmap GL_SGIS_texture_lod GL_SGIX_depth_texture GL_SGIX_shadow GL_SUN_slice_accum
OPENGL LOG: Creating OpenGL 4.5 graphics device ; Context level  <OpenGL 4.5> ; Context handle 628240952
[Physics::Module] Selected backend.
[Physics::Module] Name: PhysX
[Physics::Module] Id: 0xf2b8ea05
[Physics::Module] SDK Version: 4.1.2
[Physics::Module] Integration Version: 1.0.0
[Physics::Module] Threading Mode: Multi-Threaded
[Hollowmere] registered the application definition at SubsystemRegistration (11 plugins)
UnityEngine.DebugLogHandler:Internal_Log(LogType, LogOption, String, Object)
Hollowmere.Boot.HollowmereApplication:RegisterAtStartup()

Default vsync count 1
requesting resize 1920 x 1080
Using native desktop resolution 1920 x 1080
requesting fullscreen 1920 x 1080 at 0/1 Hz
Desktop is 1920 x 1080 @ 60 Hz
Disable old input system
UnloadTime: 0.294247 ms
[Hollowmere] adopted the application root registered at SubsystemRegistration
UnityEngine.DebugLogHandler:Internal_Log(LogType, LogOption, String, Object)
Hollowmere.Boot.GameBoot:Adopt(HollowmereApplication)
Hollowmere.Boot.GameBoot:Start()

[Hollowmere] frame pacing vsync=0 target=-1
UnityEngine.DebugLogHandler:Internal_Log(LogType, LogOption, String, Object)
Hollowmere.Game.FrameProfile:Configure(GameObject)
Hollowmere.Game.HollowmerePersistentSession:Begin(HollowmereCommandLine)
Hollowmere.Game.HollowmerePersistentSession:Ensure(HollowmereCommandLine)
Hollowmere.Game.HollowmereGame:Start()

[Hollowmere] frame log -> ~/wkspace/gc-studio/p4.2k/.evidence/P42kLifecycleOwned/load-ending-restart-frames.csv
UnityEngine.DebugLogHandler:Internal_Log(LogType, LogOption, String, Object)
Hollowmere.Game.HollowmerePersistentSession:Begin(HollowmereCommandLine)
Hollowmere.Game.HollowmerePersistentSession:Ensure(HollowmereCommandLine)
Hollowmere.Game.HollowmereGame:Start()

RenderGraph is now enabled.
UnityEngine.DebugLogHandler:Internal_Log(LogType, LogOption, String, Object)
UnityEngine.Rendering.Universal.UniversalRenderPipeline:.ctor(UniversalRenderPipelineAsset)
UnityEngine.Rendering.Universal.UniversalRenderPipelineAsset:CreatePipeline()
UnityEngine.Rendering.RenderPipelineAsset:InternalCreatePipeline()
UnityEngine.Rendering.RenderPipelineManager:TryPrepareRenderPipeline(RenderPipelineAsset)
UnityEngine.Rendering.RenderPipelineManager:DoRenderLoop_Internal(RenderPipelineAsset, IntPtr, Object)

[Hollowmere] menu presented frame=3 input=True focus=menu-new
UnityEngine.DebugLogHandler:Internal_Log(LogType, LogOption, String, Object)
Hollowmere.UiAudio.<Warm>d__11:MoveNext()
UnityEngine.SetupCoroutine:InvokeMoveNext(IEnumerator, IntPtr)

[R7-C lifecycle] PASS stage=menu-relaunched menu-relaunched screen=Menu state={"region":"11e8dd95-6622-43d0-8b48-5e17b72f0bb8","position":{"x":0.0,"y":0.0,"z":-12.0},"quest":0,"stage":0,"branch":0,"outcome":0,"lantern":0,"clapper":0,"coins":2,"rumour":0,"gate":0,"shrine":0,"bell":0,"ending":0} attaches=1 restores=0
UnityEngine.DebugLogHandler:Internal_Log(LogType, LogOption, String, Object)
Hollowmere.Game.HollowmereLifecycleAudit:CheckStage(HollowmereGame, String, String&)
Hollowmere.Game.HollowmereConditions:Check(HollowmereGame, String, String&)
Hollowmere.Game.AutoplayRunner:Step(AutoplayCommand)
Hollowmere.Game.AutoplayRunner:Update()

Failed to create agent because it is not close enough to the NavMesh
UnityEngine.GameObject:Internal_AddComponentWithType(Type)
UnityEngine.GameObject:AddComponent()
GameCore.Gameplay.Npc.NavMeshAgentBinder:Steer(NpcRecord, GameObject, Vector3)
GameCore.Gameplay.Npc.NavMeshAgentBinder:Present(ICommittedSlotReader)
GameCore.Gameplay.World.GameplayWorld:Present()
GameCore.Gameplay.World.GameplayPresentationFrame:Present()
GameCore.Unity.App.GameApplicationTimeFrame:Present()
GameCore.Unity.App.GameApplicationPumpCounter:Present()
GameCore.Unity.Adapters.AdapterFrameRegistry:Invoke(IAdapterFrame, Boolean)
GameCore.Unity.Adapters.AdapterFrameRegistry:Present(WorldId)
GameCore.Unity.Adapters.GameCoreApplicationPump:PumpFrame()

[ line 392628088]

Failed to create agent because it is not close enough to the NavMesh
UnityEngine.GameObject:Internal_AddComponentWithType(Type)
UnityEngine.GameObject:AddComponent()
GameCore.Gameplay.Npc.NavMeshAgentBinder:Steer(NpcRecord, GameObject, Vector3)
GameCore.Gameplay.Npc.NavMeshAgentBinder:Present(ICommittedSlotReader)
GameCore.Gameplay.World.GameplayWorld:Present()
GameCore.Gameplay.World.GameplayPresentationFrame:Present()
GameCore.Unity.App.GameApplicationTimeFrame:Present()
GameCore.Unity.App.GameApplicationPumpCounter:Present()
GameCore.Unity.Adapters.AdapterFrameRegistry:Invoke(IAdapterFrame, Boolean)
GameCore.Unity.Adapters.AdapterFrameRegistry:Present(WorldId)
GameCore.Unity.Adapters.GameCoreApplicationPump:PumpFrame()

[ line 392628088]

Failed to create agent because it is not close enough to the NavMesh
UnityEngine.GameObject:Internal_AddComponentWithType(Type)
UnityEngine.GameObject:AddComponent()
GameCore.Gameplay.Npc.NavMeshAgentBinder:Steer(NpcRecord, GameObject, Vector3)
GameCore.Gameplay.Npc.NavMeshAgentBinder:Present(ICommittedSlotReader)
GameCore.Gameplay.World.GameplayWorld:Present()
GameCore.Gameplay.World.GameplayPresentationFrame:Present()
GameCore.Unity.App.GameApplicationTimeFrame:Present()
GameCore.Unity.App.GameApplicationPumpCounter:Present()
GameCore.Unity.Adapters.AdapterFrameRegistry:Invoke(IAdapterFrame, Boolean)
GameCore.Unity.Adapters.AdapterFrameRegistry:Present(WorldId)
GameCore.Unity.Adapters.GameCoreApplicationPump:PumpFrame()

[ line 392628088]

[R7-C lifecycle] PASS stage=loaded loaded screen=Hud state={"region":"7f21b99a-8e74-412f-a1da-5f7d60843080","position":{"x":194.72799682617188,"y":0.0,"z":7.806000232696533},"quest":1,"stage":2,"branch":0,"outcome":0,"lantern":1,"clapper":1,"coins":1,"rumour":1,"gate":1,"shrine":1,"bell":0,"ending":0} attaches=1 restores=1
UnityEngine.DebugLogHandler:Internal_Log(LogType, LogOption, String, Object)
Hollowmere.Game.HollowmereLifecycleAudit:CheckStage(HollowmereGame, String, String&)
Hollowmere.Game.HollowmereConditions:Check(HollowmereGame, String, String&)
Hollowmere.Game.AutoplayRunner:Step(AutoplayCommand)
Hollowmere.Game.AutoplayRunner:Update()

Failed to create agent because it is not close enough to the NavMesh
UnityEngine.AI.NavMesh:AddNavMeshData(NavMeshData, Vector3, Quaternion)
Unity.AI.Navigation.NavMeshSurface:AddData()

[ line 392628376]

Failed to create agent because it is not close enough to the NavMesh
UnityEngine.AI.NavMesh:AddNavMeshData(NavMeshData, Vector3, Quaternion)
Unity.AI.Navigation.NavMeshSurface:AddData()

[ line 392628376]

Unloading 7 Unused Serialized files (Serialized files now loaded: 0)
Unloading 41 unused Assets to reduce memory usage. Loaded Objects now: 3318.
Total: 7.776594 ms (FindLiveObjects: 0.122003 ms CreateObjectMapping: 0.098447 ms MarkObjects: 7.478044 ms  DeleteObjects: 0.077686 ms)

Unloading 0 Unused Serialized files (Serialized files now loaded: 0)
Unloading 0 unused Assets to reduce memory usage. Loaded Objects now: 3318.
Total: 8.713258 ms (FindLiveObjects: 0.129622 ms CreateObjectMapping: 0.077295 ms MarkObjects: 8.496778 ms  DeleteObjects: 0.008847 ms)

[R7-C lifecycle] PASS stage=ending ending screen=Ending state={"region":"1c5a1ae9-bec2-4201-be5f-3ff8bf8e1d18","position":{"x":100.21299743652344,"y":0.0,"z":196.21299743652345},"quest":2,"stage":3,"branch":3,"outcome":3,"lantern":1,"clapper":1,"coins":1,"rumour":1,"gate":1,"shrine":1,"bell":1,"ending":1} attaches=1 restores=1
UnityEngine.DebugLogHandler:Internal_Log(LogType, LogOption, String, Object)
Hollowmere.Game.HollowmereLifecycleAudit:CheckStage(HollowmereGame, String, String&)
Hollowmere.Game.HollowmereConditions:Check(HollowmereGame, String, String&)
Hollowmere.Game.AutoplayRunner:Step(AutoplayCommand)
Hollowmere.Game.AutoplayRunner:Update()

Unloading 2 Unused Serialized files (Serialized files now loaded: 0)
UnloadTime: 1.111397 ms
Unloading 25 unused Assets to reduce memory usage. Loaded Objects now: 2929.
Total: 7.940558 ms (FindLiveObjects: 0.097961 ms CreateObjectMapping: 0.067484 ms MarkObjects: 7.713254 ms  DeleteObjects: 0.061453 ms)

[R7-C lifecycle] PASS stage=restarted restarted screen=Hud state={"region":"11e8dd95-6622-43d0-8b48-5e17b72f0bb8","position":{"x":0.0,"y":0.0,"z":-12.0},"quest":0,"stage":0,"branch":0,"outcome":0,"lantern":0,"clapper":0,"coins":2,"rumour":0,"gate":0,"shrine":0,"bell":0,"ending":0} attaches=2 restores=0
UnityEngine.DebugLogHandler:Internal_Log(LogType, LogOption, String, Object)
Hollowmere.Game.HollowmereLifecycleAudit:CheckStage(HollowmereGame, String, String&)
Hollowmere.Game.HollowmereConditions:Check(HollowmereGame, String, String&)
Hollowmere.Game.AutoplayRunner:Step(AutoplayCommand)
Hollowmere.Game.AutoplayRunner:Update()

[autoplay] script with 52 commands, quitAfterFrames=0 frame=1
[autoplay] 2 waituntil ready timeout 120 frame=4
[autoplay] 2 reached 'ready' after 0.00 s (Running)
[autoplay] 3 waituntil lifecycle menu-relaunched timeout 30 frame=4
[autoplay] 3 reached 'lifecycle menu-relaunched' after 0.00 s (menu-relaunched screen=Menu state={"region":"11e8dd95-6622-43d0-8b48-5e17b72f0bb8","position":{"x":0.0,"y":0.0,"z":-12.0},"quest":0,"stage":0,"branch":0,"outcome":0,"lantern":0,"clapper":0,"coins":2,"rumour":0,"gate":0,"shrine":0,"bell":0,"ending":0} attaches=1 restores=0)
[autoplay] 4 wait 8 frame=4
[autoplay] 5 ui open.load frame=4002
[autoplay] 6 waituntil screen Load timeout 10 frame=4002
[autoplay] 6 reached 'screen Load' after 0.00 s (screen Load)
[autoplay] 7 wait 4 frame=4003
[autoplay] 8 ui load.1 frame=5855
[autoplay] 9 waituntil lifecycle loaded timeout 60 frame=5855
[autoplay] 9 reached 'lifecycle loaded' after 0.15 s (loaded screen=Hud state={"region":"7f21b99a-8e74-412f-a1da-5f7d60843080","position":{"x":194.72799682617188,"y":0.0,"z":7.806000232696533},"quest":1,"stage":2,"branch":0,"outcome":0,"lantern":1,"clapper":1,"coins":1,"rumour":1,"gate":1,"shrine":1,"bell":0,"ending":0} attaches=1 restores=1)
[autoplay] 10 wait 8 frame=5857
[autoplay] 13 walk 190 -6 frame=8711
[autoplay] 13 arrived at (190.31, -5.05) after 5.44 s
[autoplay] 14 walk 192 0 frame=10593
[autoplay] 14 arrived at (191.72, -0.95) after 1.73 s
[autoplay] 15 walk 200 16 frame=11215
[autoplay] 15 arrived at (199.56, 15.12) after 7.19 s
[autoplay] 16 walk 212 19.5 frame=14069
[autoplay] 16 arrived at (211.05, 19.19) after 4.87 s
[autoplay] 17 mark odd frame=16077
[autoplay] 18 approach Odd within 1.8 timeout 40 frame=16077
[autoplay] 18 reached Odd at (219.21, 19.86), 1.80 m, facing 85.43 after 3.28 s
[autoplay] 19 waituntil prompt Odd timeout 15 frame=17304
[autoplay] 19 reached 'prompt Odd' after 0.00 s (prompt Talk to Odd)
[autoplay] 20 interact frame=17304
[autoplay] 21 waituntil dialogue active timeout 10 frame=17304
[autoplay] 21 reached 'dialogue active' after 0.01 s (dialogue active)
[autoplay] 22 wait 8 frame=17306
[autoplay] 23 advance frame=20643
[autoplay] 24 wait 3 frame=20643
[autoplay] 25 choose 0 frame=21860
[autoplay] 26 waituntil region Belfry timeout 30 frame=21860
[autoplay] 26 reached 'region Belfry' after 0.01 s (region Drowned Belfry)
[autoplay] 27 mark belfry frame=21862
[autoplay] 28 wait 8 frame=21862
[autoplay] 29 face 0 frame=25869
[autoplay] 30 approach "Belfry Echo" within 1.8 timeout 30 frame=25869
[autoplay] 30 reached Belfry Echo at (101.04, 189.54), 1.79 m, facing -35.64 after 9.23 s
[autoplay] 31 waituntil prompt Echo timeout 15 frame=30155
[autoplay] 31 reached 'prompt Echo' after 0.00 s (prompt Talk to Belfry Echo)
[autoplay] 32 interact frame=30155
[autoplay] 33 waituntil dialogue active timeout 10 frame=30155
[autoplay] 33 reached 'dialogue active' after 0.00 s (dialogue active)
[autoplay] 34 wait 8 frame=30157
[autoplay] 35 advance frame=34009
[autoplay] 36 wait 4 frame=34009
[autoplay] 37 choose 0 frame=36125
[autoplay] 38 wait 8 frame=36125
[autoplay] 39 advance frame=40516
[autoplay] 40 waituntil dialogue none timeout 10 frame=40516
[autoplay] 40 reached 'dialogue none' after 0.00 s (dialogue none)
[autoplay] 41 approach "Drowned Bell" within 1.8 timeout 30 frame=40517
[autoplay] 41 reached Drowned Bell at (100.21, 196.21), 1.80 m, facing -6.80 after 2.69 s
[autoplay] 42 waituntil prompt bell timeout 15 frame=41839
[autoplay] 42 reached 'prompt bell' after 0.00 s (prompt Ring the bell)
[autoplay] 43 mark ring frame=41839
[autoplay] 44 interact frame=41839
[autoplay] 45 waituntil fact bell_rung == 1 timeout 10 frame=41839
[autoplay] 45 reached 'fact bell_rung == 1' after 0.01 s (fact bell_rung=1)
[autoplay] 46 waituntil lifecycle ending timeout 30 frame=41843
[autoplay] 46 reached 'lifecycle ending' after 3.02 s (ending screen=Ending state={"region":"1c5a1ae9-bec2-4201-be5f-3ff8bf8e1d18","position":{"x":100.21299743652344,"y":0.0,"z":196.21299743652345},"quest":2,"stage":3,"branch":3,"outcome":3,"lantern":1,"clapper":1,"coins":1,"rumour":1,"gate":1,"shrine":1,"bell":1,"ending":1} attaches=1 restores=1)
[autoplay] 47 wait 15 frame=43243
[autoplay] 48 ui restart frame=51368
[autoplay] 50 waituntil lifecycle restarted timeout 120 frame=51368
[autoplay] 50 reached 'lifecycle restarted' after 0.08 s (restarted screen=Hud state={"region":"11e8dd95-6622-43d0-8b48-5e17b72f0bb8","position":{"x":0.0,"y":0.0,"z":-12.0},"quest":0,"stage":0,"branch":0,"outcome":0,"lantern":0,"clapper":0,"coins":2,"rumour":0,"gate":0,"shrine":0,"bell":0,"ending":0} attaches=2 restores=0)
[autoplay] 51 wait 10 frame=51370
[autoplay] 52 ui open.pause frame=56286
[autoplay] 53 waituntil screen Pause timeout 10 frame=56286
[autoplay] 53 reached 'screen Pause' after 0.00 s (screen Pause)
[autoplay] 54 wait 4 frame=56287
[autoplay] 55 ui quit frame=58091
[autoplay] 56 waituntil lifecycle unexpected-surviving-quit timeout 15 frame=58091
UnityEngine.DebugLogHandler:Internal_Log(LogType, LogOption, String, Object)
Hollowmere.Game.FrameLogRecorder:Flush()

[R7-C lifecycle] PASS 
UnityEngine.DebugLogHandler:Internal_Log(LogType, LogOption, String, Object)

[Physics::Module] Cleanup current backned.
[Physics::Module] Id: 0xf2b8ea05
Input System module state changed to: ShutdownInProgress.
Input System polling thread exited.
Input System module state changed to: Shutdown.
