[2026-10-07T19:26:01.251Z][INFO] Command-line: ~/Unity/Hub/Editor/6000.0.75f1/Editor/Data/Resources/PackageManager/Server/UnityPackageManager -s 3948668 -ipc -ipc-path /tmp/Unity-Upm-3948668.sock -l 2 --log-file ~/wkspace/gc-studio/p4.2k/artifacts/studio/verification/W-AI-01/p42k-robe-observed-20261007T192600.540388Z/upm.log
[2026-10-07T19:26:01.258Z][INFO] IPC server started (IPC path=/tmp/Unity-Upm-3948668.sock).
[2026-10-07T19:26:01.258Z][INFO] Hint: To connect to this UPM instance, launch Unity with the command-line parameter -upmIpcPath Upm-3948668.
[2026-10-07T19:26:02.204Z][INFO] project:add-dependency <-- Request received
params: {
  "packageId": "com.unity.toolchain.linux-x86_64"
}
[2026-10-07T19:26:20.964Z][INFO] project:add-dependency --> 200 (18760 ms)
[2026-10-07T19:26:21.276Z][INFO] project:list-packages <-- Request received
params: {}
[2026-10-07T19:26:21.328Z][INFO] project:list-packages <-- Request received
params: {}
[2026-10-07T19:26:21.337Z][INFO] project:list-packages <-- Request received
params: {}
[2026-10-07T19:26:21.349Z][INFO] config:project:get-registries <-- Request received
params: {}
[2026-10-07T19:26:21.390Z][INFO] config:project:get-registries --> 200 (41 ms)
[2026-10-07T19:26:22.114Z][INFO] project:list-packages --> 200 (838 ms)
[2026-10-07T19:26:22.312Z][INFO] project:list-packages --> 200 (984 ms)
[2026-10-07T19:26:23.546Z][INFO] project:list-packages --> 200 (2210 ms)
[2026-10-07T19:26:23.716Z][INFO] project:list-packages <-- Request received
params: {}
[2026-10-07T19:26:24.005Z][INFO] project:list-packages --> 200 (289 ms)
[2026-10-07T19:26:26.679Z][INFO] project:list-packages <-- Request received
params: {}
[2026-10-07T19:26:26.690Z][INFO] project:list-packages <-- Request received
params: {}
[2026-10-07T19:26:26.700Z][INFO] config:project:get-registries <-- Request received
params: {}
[2026-10-07T19:26:26.712Z][INFO] config:project:get-registries --> 200 (12 ms)
[2026-10-07T19:26:27.295Z][INFO] project:list-packages --> 200 (616 ms)
[2026-10-07T19:26:27.338Z][INFO] project:list-packages --> 200 (648 ms)
[2026-10-07T19:26:29.534Z][INFO] project:list-packages <-- Request received
params: {}
[2026-10-07T19:26:29.546Z][INFO] project:list-packages <-- Request received
params: {}
[2026-10-07T19:26:30.321Z][INFO] project:list-packages --> 200 (787 ms)
[2026-10-07T19:26:30.406Z][INFO] project:list-packages --> 200 (860 ms)
[2026-10-07T19:26:41.939Z][INFO] project:list-packages <-- Request received
params: {}
[2026-10-07T19:26:42.269Z][INFO] project:list-packages --> 200 (330 ms)
[2026-10-07T19:26:42.405Z][INFO] config:project:get-registries <-- Request received
params: {}
[2026-10-07T19:26:42.411Z][INFO] config:project:get-registries --> 200 (6 ms)
[2026-10-07T19:27:18.494Z][INFO] project:list-packages <-- Request received
params: {}
[2026-10-07T19:27:18.906Z][INFO] project:list-packages --> 200 (412 ms)
[2026-10-07T19:27:19.082Z][INFO] config:project:get-registries <-- Request received
params: {}
[2026-10-07T19:27:19.085Z][INFO] config:project:get-registries --> 200 (3 ms)
[2026-10-07T19:27:32.250Z][INFO] project:list-packages <-- Request received
params: {}
[2026-10-07T19:27:32.639Z][INFO] project:list-packages --> 200 (389 ms)
[2026-10-07T19:27:32.818Z][INFO] config:project:get-registries <-- Request received
params: {}
[2026-10-07T19:27:32.820Z][INFO] config:project:get-registries --> 200 (3 ms)
[2026-10-07T19:27:47.344Z][INFO] Received shutdown request (SIGINT), shutting down Unity Package Manager
