[2026-10-07T12:52:52.035Z][INFO] Command-line: ~/Unity/Hub/Editor/6000.0.75f1/Editor/Data/Resources/PackageManager/Server/UnityPackageManager -s 2727586 -ipc -ipc-path /tmp/Unity-Upm-2727586.sock -l 2 --log-file ~/wkspace/gc-studio/p4.2j/artifacts/studio/verification/W-AI-06/p42j-reopen-20261007T125251.086788Z/upm.log
[2026-10-07T12:52:52.044Z][INFO] IPC server started (IPC path=/tmp/Unity-Upm-2727586.sock).
[2026-10-07T12:52:52.045Z][INFO] Hint: To connect to this UPM instance, launch Unity with the command-line parameter -upmIpcPath Upm-2727586.
[2026-10-07T12:52:53.176Z][INFO] project:add-dependency <-- Request received
params: {
  "packageId": "com.unity.toolchain.linux-x86_64"
}
[2026-10-07T12:53:18.966Z][INFO] project:add-dependency --> 200 (25790 ms)
[2026-10-07T12:53:19.377Z][INFO] project:list-packages <-- Request received
params: {}
[2026-10-07T12:53:19.479Z][INFO] project:list-packages <-- Request received
params: {}
[2026-10-07T12:53:19.495Z][INFO] project:list-packages <-- Request received
params: {}
[2026-10-07T12:53:19.512Z][INFO] config:project:get-registries <-- Request received
params: {}
[2026-10-07T12:53:19.573Z][INFO] config:project:get-registries --> 200 (60 ms)
[2026-10-07T12:53:21.073Z][INFO] project:list-packages --> 200 (1696 ms)
[2026-10-07T12:53:21.479Z][INFO] project:list-packages --> 200 (2000 ms)
[2026-10-07T12:53:23.651Z][INFO] project:list-packages <-- Request received
params: {}
[2026-10-07T12:53:24.160Z][INFO] project:list-packages --> 200 (508 ms)
[2026-10-07T12:53:24.402Z][INFO] project:list-packages --> 200 (4907 ms)
[2026-10-07T12:53:27.588Z][INFO] project:list-packages <-- Request received
params: {}
[2026-10-07T12:53:27.598Z][INFO] project:list-packages <-- Request received
params: {}
[2026-10-07T12:53:27.610Z][INFO] config:project:get-registries <-- Request received
params: {}
[2026-10-07T12:53:27.631Z][INFO] config:project:get-registries --> 200 (21 ms)
[2026-10-07T12:53:28.274Z][INFO] project:list-packages --> 200 (676 ms)
[2026-10-07T12:53:31.978Z][INFO] project:list-packages <-- Request received
params: {}
[2026-10-07T12:53:31.988Z][INFO] project:list-packages <-- Request received
params: {}
[2026-10-07T12:53:32.437Z][INFO] project:list-packages --> 200 (459 ms)
[2026-10-07T12:53:56.976Z][INFO] project:list-packages --> 200 (29388 ms)
[2026-10-07T12:53:56.977Z][INFO] project:list-packages --> 200 (24989 ms)
[2026-10-07T12:54:10.970Z][INFO] Received shutdown request (SIGINT), shutting down Unity Package Manager
