[2026-10-07T05:32:43.775Z][INFO] Command-line: ~/Unity/Hub/Editor/6000.0.75f1/Editor/Data/Resources/PackageManager/Server/UnityPackageManager -s 1409001 -ipc -ipc-path /tmp/Unity-Upm-1409001.sock -l 2 --log-file ~/wkspace/gc-studio/p4.2i/artifacts/studio/verification/W-AI-02/p42i-npc-view-20261007T053243.153404Z/upm.log
[2026-10-07T05:32:43.781Z][INFO] IPC server started (IPC path=/tmp/Unity-Upm-1409001.sock).
[2026-10-07T05:32:43.781Z][INFO] Hint: To connect to this UPM instance, launch Unity with the command-line parameter -upmIpcPath Upm-1409001.
[2026-10-07T05:32:44.651Z][INFO] project:add-dependency <-- Request received
params: {
  "packageId": "com.unity.toolchain.linux-x86_64"
}
[2026-10-07T05:33:08.687Z][INFO] project:add-dependency --> 200 (24036 ms)
[2026-10-07T05:33:08.938Z][INFO] project:list-packages <-- Request received
params: {}
[2026-10-07T05:33:08.989Z][INFO] project:list-packages <-- Request received
params: {}
[2026-10-07T05:33:09.000Z][INFO] project:list-packages <-- Request received
params: {}
[2026-10-07T05:33:09.009Z][INFO] config:project:get-registries <-- Request received
params: {}
[2026-10-07T05:33:09.039Z][INFO] config:project:get-registries --> 200 (30 ms)
[2026-10-07T05:33:09.948Z][INFO] project:list-packages --> 200 (1009 ms)
[2026-10-07T05:33:10.200Z][INFO] project:list-packages --> 200 (1211 ms)
[2026-10-07T05:33:11.834Z][INFO] project:list-packages <-- Request received
params: {}
[2026-10-07T05:33:12.001Z][INFO] project:list-packages --> 200 (3001 ms)
[2026-10-07T05:33:12.173Z][INFO] project:list-packages --> 200 (339 ms)
[2026-10-07T05:33:14.952Z][INFO] project:list-packages <-- Request received
params: {}
[2026-10-07T05:33:14.962Z][INFO] project:list-packages <-- Request received
params: {}
[2026-10-07T05:33:14.975Z][INFO] config:project:get-registries <-- Request received
params: {}
[2026-10-07T05:33:14.991Z][INFO] config:project:get-registries --> 200 (16 ms)
[2026-10-07T05:33:15.674Z][INFO] project:list-packages --> 200 (722 ms)
[2026-10-07T05:33:15.712Z][INFO] project:list-packages --> 200 (750 ms)
[2026-10-07T05:33:19.039Z][INFO] project:list-packages <-- Request received
params: {}
[2026-10-07T05:33:19.050Z][INFO] project:list-packages <-- Request received
params: {}
[2026-10-07T05:33:19.425Z][INFO] project:list-packages --> 200 (386 ms)
[2026-10-07T05:33:21.751Z][INFO] project:list-packages <-- Request received
params: {}
[2026-10-07T05:33:22.097Z][INFO] project:list-packages --> 200 (346 ms)
[2026-10-07T05:33:22.227Z][INFO] project:list-packages <-- Request received
params: {}
[2026-10-07T05:33:22.238Z][INFO] project:list-packages <-- Request received
params: {}
[2026-10-07T05:33:22.248Z][INFO] config:project:get-registries <-- Request received
params: {}
[2026-10-07T05:33:22.267Z][INFO] config:project:get-registries --> 200 (19 ms)
[2026-10-07T05:33:22.617Z][INFO] project:list-packages --> 200 (379 ms)
[2026-10-07T05:33:35.011Z][INFO] Received shutdown request (SIGINT), shutting down Unity Package Manager
