[2026-10-06T19:26:17.930Z][INFO] Command-line: ~/Unity/Hub/Editor/6000.0.75f1/Editor/Data/Resources/PackageManager/Server/UnityPackageManager -s 3695343 -ipc -ipc-path /tmp/Unity-Upm-3695343.sock -l 2 --log-file ~/wkspace/gc-studio/p4.2g/artifacts/studio/verification/W-MECH-01/p42g-stage-review-negative-20261006T192617.136441Z/upm.log
[2026-10-06T19:26:17.939Z][INFO] IPC server started (IPC path=/tmp/Unity-Upm-3695343.sock).
[2026-10-06T19:26:17.939Z][INFO] Hint: To connect to this UPM instance, launch Unity with the command-line parameter -upmIpcPath Upm-3695343.
[2026-10-06T19:26:18.944Z][INFO] project:add-dependency <-- Request received
params: {
  "packageId": "com.unity.toolchain.linux-x86_64"
}
[2026-10-06T19:26:39.828Z][INFO] project:add-dependency --> 200 (20884 ms)
[2026-10-06T19:26:40.109Z][INFO] project:list-packages <-- Request received
params: {}
[2026-10-06T19:26:40.159Z][INFO] project:list-packages <-- Request received
params: {}
[2026-10-06T19:26:40.170Z][INFO] project:list-packages <-- Request received
params: {}
[2026-10-06T19:26:40.180Z][INFO] config:project:get-registries <-- Request received
params: {}
[2026-10-06T19:26:40.212Z][INFO] config:project:get-registries --> 200 (32 ms)
[2026-10-06T19:26:40.892Z][INFO] project:list-packages --> 200 (783 ms)
[2026-10-06T19:26:41.084Z][INFO] project:list-packages --> 200 (925 ms)
[2026-10-06T19:26:42.417Z][INFO] project:list-packages <-- Request received
params: {}
[2026-10-06T19:26:42.551Z][INFO] project:list-packages --> 200 (2381 ms)
[2026-10-06T19:26:42.706Z][INFO] project:list-packages --> 200 (289 ms)
[2026-10-06T19:26:44.958Z][INFO] project:list-packages <-- Request received
params: {}
[2026-10-06T19:26:44.968Z][INFO] project:list-packages <-- Request received
params: {}
[2026-10-06T19:26:44.979Z][INFO] config:project:get-registries <-- Request received
params: {}
[2026-10-06T19:26:44.996Z][INFO] config:project:get-registries --> 200 (17 ms)
[2026-10-06T19:26:45.696Z][INFO] project:list-packages --> 200 (738 ms)
[2026-10-06T19:26:45.739Z][INFO] project:list-packages --> 200 (771 ms)
[2026-10-06T19:26:48.401Z][INFO] project:list-packages <-- Request received
params: {}
[2026-10-06T19:26:48.411Z][INFO] project:list-packages <-- Request received
params: {}
[2026-10-06T19:26:49.043Z][INFO] project:list-packages --> 200 (642 ms)
[2026-10-06T19:26:49.141Z][INFO] project:list-packages --> 200 (730 ms)
[2026-10-06T19:26:55.974Z][INFO] Received shutdown request (SIGINT), shutting down Unity Package Manager
