[2026-10-07T12:18:07.508Z][INFO] Command-line: ~/Unity/Hub/Editor/6000.0.75f1/Editor/Data/Resources/PackageManager/Server/UnityPackageManager -s 2622784 -ipc -ipc-path /tmp/Unity-Upm-2622784.sock -l 2 --log-file ~/wkspace/gc-studio/p4.2j/artifacts/studio/verification/W-PERSIST-02/p42j-prefab-reopen-20261007T121806.721437Z/upm.log
[2026-10-07T12:18:07.515Z][INFO] IPC server started (IPC path=/tmp/Unity-Upm-2622784.sock).
[2026-10-07T12:18:07.515Z][INFO] Hint: To connect to this UPM instance, launch Unity with the command-line parameter -upmIpcPath Upm-2622784.
[2026-10-07T12:18:08.187Z][INFO] project:add-dependency <-- Request received
params: {
  "packageId": "com.unity.toolchain.linux-x86_64"
}
[2026-10-07T12:18:40.129Z][INFO] project:add-dependency --> 200 (31942 ms)
[2026-10-07T12:18:40.455Z][INFO] project:list-packages <-- Request received
params: {}
[2026-10-07T12:18:40.526Z][INFO] project:list-packages <-- Request received
params: {}
[2026-10-07T12:18:40.540Z][INFO] project:list-packages <-- Request received
params: {}
[2026-10-07T12:18:40.550Z][INFO] config:project:get-registries <-- Request received
params: {}
[2026-10-07T12:18:40.587Z][INFO] config:project:get-registries --> 200 (37 ms)
[2026-10-07T12:18:41.349Z][INFO] project:list-packages --> 200 (894 ms)
[2026-10-07T12:18:41.484Z][INFO] project:list-packages --> 200 (958 ms)
[2026-10-07T12:18:43.789Z][INFO] project:list-packages <-- Request received
params: {}
[2026-10-07T12:18:44.117Z][INFO] project:list-packages --> 200 (3577 ms)
[2026-10-07T12:18:44.153Z][INFO] project:list-packages --> 200 (364 ms)
[2026-10-07T12:18:46.916Z][INFO] project:list-packages <-- Request received
params: {}
[2026-10-07T12:18:46.927Z][INFO] project:list-packages <-- Request received
params: {}
[2026-10-07T12:18:46.936Z][INFO] config:project:get-registries <-- Request received
params: {}
[2026-10-07T12:18:46.965Z][INFO] config:project:get-registries --> 200 (29 ms)
[2026-10-07T12:18:47.522Z][INFO] project:list-packages --> 200 (595 ms)
[2026-10-07T12:18:49.776Z][INFO] project:list-packages <-- Request received
params: {}
[2026-10-07T12:18:49.786Z][INFO] project:list-packages <-- Request received
params: {}
[2026-10-07T12:18:50.734Z][INFO] project:list-packages --> 200 (958 ms)
[2026-10-07T12:18:55.315Z][INFO] project:list-packages <-- Request received
params: {}
[2026-10-07T12:18:55.630Z][INFO] project:list-packages --> 200 (315 ms)
[2026-10-07T12:18:55.801Z][INFO] project:list-packages <-- Request received
params: {}
[2026-10-07T12:18:55.811Z][INFO] project:list-packages <-- Request received
params: {}
[2026-10-07T12:18:55.823Z][INFO] config:project:get-registries <-- Request received
params: {}
[2026-10-07T12:18:55.836Z][INFO] config:project:get-registries --> 200 (13 ms)
[2026-10-07T12:18:56.158Z][INFO] project:list-packages --> 200 (347 ms)
[2026-10-07T12:19:06.607Z][INFO] Received shutdown request (SIGINT), shutting down Unity Package Manager
