[2026-10-07T23:37:00.164Z][INFO] Command-line: ~/Unity/Hub/Editor/6000.0.75f1/Editor/Data/Resources/PackageManager/Server/UnityPackageManager -s 541879 -ipc -ipc-path /tmp/Unity-Upm-541879.sock -l 2 --log-file ~/wkspace/gc-studio/p4.2l/artifacts/studio/verification/W-VOICE-01/p42l-voice-20261007T233657.311356Z/upm.log
[2026-10-07T23:37:00.171Z][INFO] IPC server started (IPC path=/tmp/Unity-Upm-541879.sock).
[2026-10-07T23:37:00.171Z][INFO] Hint: To connect to this UPM instance, launch Unity with the command-line parameter -upmIpcPath Upm-541879.
[2026-10-07T23:37:01.159Z][INFO] project:add-dependency <-- Request received
params: {
  "packageId": "com.unity.toolchain.linux-x86_64"
}
[2026-10-07T23:37:20.641Z][INFO] project:add-dependency --> 200 (19482 ms)
[2026-10-07T23:37:21.022Z][INFO] project:list-packages <-- Request received
params: {}
[2026-10-07T23:37:21.103Z][INFO] project:list-packages <-- Request received
params: {}
[2026-10-07T23:37:21.116Z][INFO] project:list-packages <-- Request received
params: {}
[2026-10-07T23:37:21.127Z][INFO] config:project:get-registries <-- Request received
params: {}
[2026-10-07T23:37:21.155Z][INFO] config:project:get-registries --> 200 (28 ms)
[2026-10-07T23:37:22.557Z][INFO] project:list-packages --> 200 (1535 ms)
[2026-10-07T23:37:22.933Z][INFO] project:list-packages --> 200 (1830 ms)
[2026-10-07T23:37:24.042Z][INFO] project:list-packages --> 200 (2926 ms)
[2026-10-07T23:37:25.051Z][INFO] project:list-packages <-- Request received
params: {}
[2026-10-07T23:37:25.490Z][INFO] project:list-packages --> 200 (439 ms)
[2026-10-07T23:37:28.793Z][INFO] project:list-packages <-- Request received
params: {}
[2026-10-07T23:37:28.804Z][INFO] project:list-packages <-- Request received
params: {}
[2026-10-07T23:37:28.813Z][INFO] config:project:get-registries <-- Request received
params: {}
[2026-10-07T23:37:28.854Z][INFO] config:project:get-registries --> 200 (41 ms)
[2026-10-07T23:37:29.994Z][INFO] project:list-packages --> 200 (1201 ms)
[2026-10-07T23:37:30.072Z][INFO] project:list-packages --> 200 (1267 ms)
[2026-10-07T23:37:32.445Z][INFO] project:list-packages <-- Request received
params: {}
[2026-10-07T23:37:32.458Z][INFO] project:list-packages <-- Request received
params: {}
[2026-10-07T23:37:32.867Z][INFO] project:list-packages --> 200 (422 ms)
[2026-10-07T23:37:46.785Z][INFO] project:list-packages --> 200 (14327 ms)
[2026-10-07T23:39:27.393Z][INFO] Received shutdown request (SIGINT), shutting down Unity Package Manager
