Unity Editor version:    6000.0.75f1 (26349cd2a5c8)
Branch:                  6000.0/staging
Build type:              Release
Batch mode:              YES
System name:             Linux
Distro version:          #31~24.04.1-Ubuntu SMP PREEMPT_DYNAMIC Mon Aug 10 09:38:02 UTC 2
Kernel version:          7.0.0-31-generic
Architecture:            x86_64
Available memory:        31897 MB
[Licensing::Module] Trying to connect to existing licensing client channel...
[Licensing::IpcConnector] Successfully connected to: "LicenseClient-worlesenric" at "2026-10-06T21:51:34.103932Z"
[SignatureVerifier] Application signature verification not supported on this platform.
[Licensing::Client] Handshaking with LicensingClient:
  Version:                 1.17.4+4293ba1
  Session Id:              9799cd27427c45ffa5a0adcc2345c446
  Correlation Id:          70dec6492dd8776ac9455dd9efce7e71
  External correlation Id: 2875808651591858329
  Machine Id:              jd93gYTNlAg1qIhTY9iII/nAhSo=
[Licensing::Module] Successfully connected to LicensingClient on channel: "LicenseClient-worlesenric" (connect: 0.00s, validation: 0.00s, handshake: 0.00s)
[Licensing::IpcConnector] Successfully connected to: "LicenseClient-worlesenric-notifications" at "2026-10-06T21:51:34.104519Z"
[Licensing::Module] Error: Access token is unavailable; failed to update
[Licensing::Client] Successfully resolved entitlement details
[Licensing::Module] License group:
  Id: 1375999166540-UnityPersXXXX
  Product: Unity Personal
  Type: Assigned
  Expiration: Unlimited
[Licensing::Client] Successfully updated license, isAsync: True, time: 0.00
[Licensing::Module] Licensing Background thread has ended after 0.00s
The selected window backend is (null) 
Desktop is 1920 x 1080 @ 60 Hz
Initialize udev device monitor.

COMMAND LINE ARGUMENTS:
/home/worlesenric/Unity/Hub/Editor/6000.0.75f1/Editor/Unity
-batchmode
-projectPath
/home/worlesenric/wkspace/gc-studio/r7-c/games/hollowmere
-logFile
-
-testResults
/home/worlesenric/wkspace/gc-studio/r7-c/artifacts/studio/verification/W-PLUG-11/r7-voice-baseline/results.xml
-runTests
-testPlatform
PlayMode
-testFilter
R7C_WPLUG11_ActualMarenLine
-force-glcore
Successfully changed project path to: /home/worlesenric/wkspace/gc-studio/r7-c/games/hollowmere

(Unity:4179104): Gtk-CRITICAL **: 05:51:34.295: gtk_label_set_text: assertion 'GTK_IS_LABEL (label)' failed

(Unity:4179104): Gtk-CRITICAL **: 05:51:34.296: gtk_label_set_text: assertion 'GTK_IS_LABEL (label)' failed
/home/worlesenric/wkspace/gc-studio/r7-c/games/hollowmere
[UnityMemory] Configuration Parameters - Can be set up in boot.config
"memorysetup-bucket-allocator-granularity=16"
"memorysetup-bucket-allocator-bucket-count=8"
"memorysetup-bucket-allocator-block-size=33554432"
"memorysetup-bucket-allocator-block-count=8"
"memorysetup-main-allocator-block-size=16777216"
"memorysetup-thread-allocator-block-size=16777216"
"memorysetup-gfx-main-allocator-block-size=16777216"
"memorysetup-gfx-thread-allocator-block-size=16777216"
"memorysetup-cache-allocator-block-size=4194304"
"memorysetup-typetree-allocator-block-size=2097152"
"memorysetup-profiler-bucket-allocator-granularity=16"
"memorysetup-profiler-bucket-allocator-bucket-count=8"
"memorysetup-profiler-bucket-allocator-block-size=33554432"
"memorysetup-profiler-bucket-allocator-block-count=8"
"memorysetup-profiler-allocator-block-size=16777216"
"memorysetup-profiler-editor-allocator-block-size=1048576"
"memorysetup-temp-allocator-size-main=16777216"
"memorysetup-job-temp-allocator-block-size=2097152"
"memorysetup-job-temp-allocator-block-size-background=1048576"
"memorysetup-job-temp-allocator-reduction-small-platforms=262144"
"memorysetup-allocator-temp-initial-block-size-main=262144"
"memorysetup-allocator-temp-initial-block-size-worker=262144"
"memorysetup-temp-allocator-size-background-worker=32768"
"memorysetup-temp-allocator-size-job-worker=262144"
"memorysetup-temp-allocator-size-preload-manager=33554432"
"memorysetup-temp-allocator-size-nav-mesh-worker=65536"
"memorysetup-temp-allocator-size-audio-worker=65536"
"memorysetup-temp-allocator-size-cloud-worker=32768"
"memorysetup-temp-allocator-size-gi-baking-worker=262144"
"memorysetup-temp-allocator-size-gi-baking-worker=262144"
"memorysetup-temp-allocator-size-gi-baking-worker=262144"
"memorysetup-temp-allocator-size-gi-baking-worker=262144"
"memorysetup-temp-allocator-size-gi-baking-worker=262144"
"memorysetup-temp-allocator-size-gfx=262144"
Player connection [123814507115840]  Target information:

Player connection [123814507115840]  * "[IP] 192.168.0.21 [Port] 55504 [Flags] 2 [Guid] 4128092862 [EditorId] 4128092862 [Version] 1048832 [Id] LinuxEditor(16,192.168.0.21) [Debug] 1 [PackageName] LinuxEditor [ProjectName] Editor" 

Player connection [123814507115840]  * "[IP] 172.18.0.1 [Port] 55504 [Flags] 2 [Guid] 4128092862 [EditorId] 4128092862 [Version] 1048832 [Id] LinuxEditor(16,192.168.0.21) [Debug] 1 [PackageName] LinuxEditor [ProjectName] Editor" 

Player connection [123814507115840]  * "[IP] 172.17.0.1 [Port] 55504 [Flags] 2 [Guid] 4128092862 [EditorId] 4128092862 [Version] 1048832 [Id] LinuxEditor(16,192.168.0.21) [Debug] 1 [PackageName] LinuxEditor [ProjectName] Editor" 

Player connection [123814507115840]  * "[IP] 10.42.0.0 [Port] 55504 [Flags] 2 [Guid] 4128092862 [EditorId] 4128092862 [Version] 1048832 [Id] LinuxEditor(16,192.168.0.21) [Debug] 1 [PackageName] LinuxEditor [ProjectName] Editor" 

Player connection [123814507115840]  * "[IP] 10.42.0.1 [Port] 55504 [Flags] 2 [Guid] 4128092862 [EditorId] 4128092862 [Version] 1048832 [Id] LinuxEditor(16,192.168.0.21) [Debug] 1 [PackageName] LinuxEditor [ProjectName] Editor" 

Player connection [123814507115840]  * "[IP] 100.66.195.58 [Port] 55504 [Flags] 2 [Guid] 4128092862 [EditorId] 4128092862 [Version] 1048832 [Id] LinuxEditor(16,192.168.0.21) [Debug] 1 [PackageName] LinuxEditor [ProjectName] Editor" 

Player connection [123814507115840]  * "[IP] 172.19.0.1 [Port] 55504 [Flags] 2 [Guid] 4128092862 [EditorId] 4128092862 [Version] 1048832 [Id] LinuxEditor(16,192.168.0.21) [Debug] 1 [PackageName] LinuxEditor [ProjectName] Editor" 

Player connection [123814507115840]  * "[IP] 172.20.0.1 [Port] 55504 [Flags] 2 [Guid] 4128092862 [EditorId] 4128092862 [Version] 1048832 [Id] LinuxEditor(16,192.168.0.21) [Debug] 1 [PackageName] LinuxEditor [ProjectName] Editor" 

Player connection [123814507115840] Host joined multi-casting on [225.0.0.222:54997]...
Player connection [123814507115840] Host joined alternative multi-casting on [225.0.0.222:34997]...
Input System module state changed to: Initialized.
[Physics::Module] Initialized fallback backend.
[Physics::Module] Id: 0xdecafbad
[Package Manager] Connected to IPC stream "Upm-4179104" after 0.2 seconds.
Library Redirect Path: Library/
[Physics::Module] Selected backend.
[Physics::Module] Name: PhysX
[Physics::Module] Id: 0xf2b8ea05
[Physics::Module] SDK Version: 4.1.2
[Physics::Module] Integration Version: 1.0.0
[Physics::Module] Threading Mode: Multi-Threaded
Refreshing native plugins compatible for Editor in 0.16 ms, found 0 plugins.
Preloading 0 native plugins for Editor in 0.00 ms.
Initialize engine version: 6000.0.75f1 (26349cd2a5c8)
[Subsystems] Discovering subsystems at path /home/worlesenric/Unity/Hub/Editor/6000.0.75f1/Editor/Data/Resources/UnitySubsystems
[Subsystems] Discovering subsystems at path /home/worlesenric/wkspace/gc-studio/r7-c/games/hollowmere/Assets
Forcing GfxDevice: OpenGL Core
kGfxThreadingModeNonThreaded is not supported on OpenGL Core. Reverting to kGfxThreadingModeDirect instead.
GfxDevice: creating device client; kGfxThreadingModeDirect
GLX Extensions: GLX_ARB_context_flush_control GLX_ARB_create_context GLX_ARB_create_context_no_error GLX_ARB_create_context_profile GLX_ARB_fbconfig_float GLX_ARB_framebuffer_sRGB GLX_ARB_get_proc_address GLX_ARB_multisample GLX_EXT_create_context_es2_profile GLX_EXT_create_context_es_profile GLX_EXT_fbconfig_packed_float GLX_EXT_framebuffer_sRGB GLX_EXT_no_config_context GLX_EXT_texture_from_pixmap GLX_EXT_visual_info GLX_EXT_visual_rating GLX_MESA_copy_sub_buffer GLX_MESA_gl_interop GLX_MESA_query_renderer GLX_SGIS_multisample GLX_SGIX_fbconfig GLX_SGIX_pbuffer GLX_SGIX_visual_select_group GLX_SGI_make_current_read 
Renderer: llvmpipe (LLVM 20.1.2, 256 bits)
Vendor:   Mesa
Version:  4.5 (Core Profile) Mesa 25.2.8-0ubuntu0.24.04.2
GLES:     0
 GL_3DFX_texture_compression_FXT1 GL_AMD_conservative_depth GL_AMD_draw_buffers_blend GL_AMD_gpu_shader_int64 GL_AMD_multi_draw_indirect GL_AMD_pinned_memory GL_AMD_query_buffer_object GL_AMD_seamless_cubemap_per_texture GL_AMD_shader_stencil_export GL_AMD_shader_trinary_minmax GL_AMD_texture_texture4 GL_AMD_vertex_shader_layer GL_AMD_vertex_shader_viewport_index GL_ANGLE_texture_compression_dxt3 GL_ANGLE_texture_compression_dxt5 GL_ARB_ES2_compatibility GL_ARB_ES3_1_compatibility GL_ARB_ES3_2_compatibility GL_ARB_ES3_compatibility GL_ARB_arrays_of_arrays GL_ARB_base_instance GL_ARB_blend_func_extended GL_ARB_buffer_storage GL_ARB_clear_buffer_object GL_ARB_clear_texture GL_ARB_clip_control GL_ARB_compressed_texture_pixel_storage GL_ARB_compute_shader GL_ARB_conditional_render_inverted GL_ARB_conservative_depth GL_ARB_copy_buffer GL_ARB_copy_image GL_ARB_cull_distance GL_ARB_debug_output GL_ARB_depth_buffer_float GL_ARB_depth_clamp GL_ARB_derivative_control GL_ARB_direct_state_access GL_ARB_draw_buffers GL_A
RB_draw_buffers_blend GL_ARB_draw_elements_base_vertex GL_ARB_draw_indirect GL_ARB_draw_instanced GL_ARB_enhanced_layouts GL_ARB_explicit_attrib_location GL_ARB_explicit_uniform_location GL_ARB_fragment_coord_conventions GL_ARB_fragment_layer_viewport GL_ARB_fragment_shader GL_ARB_framebuffer_no_attachments GL_ARB_framebuffer_object GL_ARB_framebuffer_sRGB GL_ARB_get_program_binary GL_ARB_get_texture_sub_image GL_ARB_gl_spirv GL_ARB_gpu_shader5 GL_ARB_gpu_shader_fp64 GL_ARB_gpu_shader_int64 GL_ARB_half_float_pixel GL_ARB_half_float_vertex GL_ARB_indirect_parameters GL_ARB_instanced_arrays GL_ARB_internalformat_query GL_ARB_internalformat_query2 GL_ARB_invalidate_subdata GL_ARB_map_buffer_alignment GL_ARB_map_buffer_range GL_ARB_multi_bind GL_ARB_multi_draw_indirect GL_ARB_occlusion_query2 GL_ARB_parallel_shader_compile GL_ARB_pipeline_statistics_query GL_ARB_pixel_buffer_object GL_ARB_point_sprite GL_ARB_polygon_offset_clamp GL_ARB_post_depth_coverage GL_ARB_program_interface_query GL_ARB_provoking_vertex GL
_ARB_query_buffer_object GL_ARB_robust_buffer_access_behavior GL_ARB_robustness GL_ARB_sample_shading GL_ARB_sampler_objects GL_ARB_seamless_cube_map GL_ARB_seamless_cubemap_per_texture GL_ARB_separate_shader_objects GL_ARB_shader_atomic_counter_ops GL_ARB_shader_atomic_counters GL_ARB_shader_ballot GL_ARB_shader_bit_encoding GL_ARB_shader_clock GL_ARB_shader_draw_parameters GL_ARB_shader_group_vote GL_ARB_shader_image_load_store GL_ARB_shader_image_size GL_ARB_shader_objects GL_ARB_shader_precision GL_ARB_shader_stencil_export GL_ARB_shader_storage_buffer_object GL_ARB_shader_subroutine GL_ARB_shader_texture_image_samples GL_ARB_shader_texture_lod GL_ARB_shader_viewport_layer_array GL_ARB_shading_language_420pack GL_ARB_shading_language_include GL_ARB_shading_language_packing GL_ARB_spirv_extensions GL_ARB_stencil_texturing GL_ARB_sync GL_ARB_tessellation_shader GL_ARB_texture_barrier GL_ARB_texture_border_clamp GL_ARB_texture_buffer_object GL_ARB_texture_buffer_object_rgb32 GL_ARB_texture_buffer_range GL_A
RB_texture_compression_bptc GL_ARB_texture_compression_rgtc GL_ARB_texture_cube_map_array GL_ARB_texture_filter_anisotropic GL_ARB_texture_filter_minmax GL_ARB_texture_float GL_ARB_texture_gather GL_ARB_texture_mirror_clamp_to_edge GL_ARB_texture_multisample GL_ARB_texture_non_power_of_two GL_ARB_texture_query_levels GL_ARB_texture_query_lod GL_ARB_texture_rectangle GL_ARB_texture_rg GL_ARB_texture_rgb10_a2ui GL_ARB_texture_stencil8 GL_ARB_texture_storage GL_ARB_texture_storage_multisample GL_ARB_texture_swizzle GL_ARB_texture_view GL_ARB_timer_query GL_ARB_transform_feedback2 GL_ARB_transform_feedback3 GL_ARB_transform_feedback_instanced GL_ARB_transform_feedback_overflow_query GL_ARB_uniform_buffer_object GL_ARB_vertex_array_bgra GL_ARB_vertex_array_object GL_ARB_vertex_attrib_64bit GL_ARB_vertex_attrib_binding GL_ARB_vertex_buffer_object GL_ARB_vertex_shader GL_ARB_vertex_type_10f_11f_11f_rev GL_ARB_vertex_type_2_10_10_10_rev GL_ARB_viewport_array GL_ARM_shader_framebuffer_fetch_depth_stencil GL_ATI_blend
_equation_separate GL_ATI_meminfo GL_ATI_texture_float GL_ATI_texture_mirror_once GL_EXT_EGL_image_storage GL_EXT_EGL_image_storage_compression GL_EXT_EGL_sync GL_EXT_abgr GL_EXT_blend_equation_separate GL_EXT_debug_label GL_EXT_draw_buffers2 GL_EXT_draw_instanced GL_EXT_framebuffer_blit GL_EXT_framebuffer_multisample GL_EXT_framebuffer_multisample_blit_scaled GL_EXT_framebuffer_object GL_EXT_framebuffer_sRGB GL_EXT_memory_object GL_EXT_memory_object_fd GL_EXT_packed_depth_stencil GL_EXT_packed_float GL_EXT_pixel_buffer_object GL_EXT_polygon_offset_clamp GL_EXT_provoking_vertex GL_EXT_shader_clock GL_EXT_shader_framebuffer_fetch GL_EXT_shader_framebuffer_fetch_non_coherent GL_EXT_shader_image_load_formatted GL_EXT_shader_integer_mix GL_EXT_texture_array GL_EXT_texture_compression_dxt1 GL_EXT_texture_compression_rgtc GL_EXT_texture_compression_s3tc GL_EXT_texture_filter_anisotropic GL_EXT_texture_filter_minmax GL_EXT_texture_integer GL_EXT_texture_mirror_clamp GL_EXT_texture_sRGB GL_EXT_texture_sRGB_R8 GL_EXT
_texture_sRGB_RG8 GL_EXT_texture_sRGB_decode GL_EXT_texture_shadow_lod GL_EXT_texture_shared_exponent GL_EXT_texture_snorm GL_EXT_texture_storage GL_EXT_texture_swizzle GL_EXT_timer_query GL_EXT_transform_feedback GL_EXT_vertex_array_bgra GL_EXT_vertex_attrib_64bit GL_IBM_multimode_draw_arrays GL_INTEL_shader_atomic_float_minmax GL_KHR_blend_equation_advanced GL_KHR_blend_equation_advanced_coherent GL_KHR_context_flush_control GL_KHR_debug GL_KHR_no_error GL_KHR_parallel_shader_compile GL_KHR_robust_buffer_access_behavior GL_KHR_robustness GL_KHR_texture_compression_astc_ldr GL_KHR_texture_compression_astc_sliced_3d GL_MESA_framebuffer_flip_y GL_MESA_pack_invert GL_MESA_shader_integer_functions GL_MESA_texture_signed_rgba GL_NVX_gpu_memory_info GL_NV_alpha_to_coverage_dither_control GL_NV_conditional_render GL_NV_copy_image GL_NV_depth_clamp GL_NV_packed_depth_stencil GL_NV_shader_atomic_float GL_NV_texture_barrier GL_OES_EGL_image GL_OVR_multiview GL_OVR_multiview2 GL_S3_s3tc
OPENGL LOG: Creating OpenGL 4.5 graphics device ; Context level  <OpenGL 4.5> ; Context handle -59598368
Shader Hidden/ProbeVolume/VoxelizeScene is not supported: GPU does not support conservative rasterization
Initialize mono
Mono path[0] = '/home/worlesenric/Unity/Hub/Editor/6000.0.75f1/Editor/Data/Managed'
Mono path[1] = '/home/worlesenric/Unity/Hub/Editor/6000.0.75f1/Editor/Data/MonoBleedingEdge/lib/mono/unityjit-linux'
Mono config path = '/home/worlesenric/Unity/Hub/Editor/6000.0.75f1/Editor/Data/MonoBleedingEdge/etc'
Using monoOptions --debugger-agent=transport=dt_socket,embedding=1,server=y,suspend=n,address=127.0.0.1:56104
Using cacheserver namespaces - metadata:defaultmetadata, artifacts:defaultartifacts
Using cacheserver namespaces - metadata:defaultmetadata, artifacts:defaultartifacts
ImportWorker Server TCP listen port: 0
AcceleratorClientConnectionCallback - disconnected - :0
Begin MonoManager ReloadAssembly
Registering precompiled unity dll's ...
Register platform support module: /home/worlesenric/Unity/Hub/Editor/6000.0.75f1/Editor/Data/PlaybackEngines/MacStandaloneSupport/UnityEditor.OSXStandalone.Extensions.dll
Register platform support module: /home/worlesenric/Unity/Hub/Editor/6000.0.75f1/Editor/Data/PlaybackEngines/LinuxStandaloneSupport/UnityEditor.LinuxStandalone.Extensions.dll
Registered in 0.001319 seconds.
- Loaded All Assemblies, in  0.294 seconds
Native extension for LinuxStandalone target not found
Package Manager log level set to [2]
[Licensing::Client] Successfully resolved entitlement details
Native extension for OSXStandalone target not found
Mono: successfully reloaded assembly
- Finished resetting the current domain, in 22.560 seconds
Domain Reload Profiling: 22855ms
	BeginReloadAssembly (66ms)
		ExecutionOrderSort (0ms)
		DisableScriptedObjects (0ms)
		BackupInstance (0ms)
		ReleaseScriptingObjects (0ms)
		CreateAndSetChildDomain (1ms)
	RebuildCommonClasses (33ms)
	RebuildNativeTypeToScriptingClass (8ms)
	initialDomainReloadingComplete (50ms)
	LoadAllAssembliesAndSetupDomain (137ms)
		LoadAssemblies (66ms)
		RebuildTransferFunctionScriptingTraits (0ms)
		AnalyzeDomain (134ms)
			TypeCache.Refresh (133ms)
				TypeCache.ScanAssembly (122ms)
			BuildScriptInfoCaches (0ms)
			ResolveRequiredComponents (0ms)
	FinalizeReload (22561ms)
		ReleaseScriptCaches (0ms)
		RebuildScriptCaches (0ms)
		SetupLoadedEditorAssemblies (22523ms)
			LogAssemblyErrors (0ms)
			InitializePlatformSupportModulesInManaged (22295ms)
			SetLoadedEditorAssemblies (4ms)
			BeforeProcessingInitializeOnLoad (44ms)
			ProcessInitializeOnLoadAttributes (111ms)
			ProcessInitializeOnLoadMethodAttributes (69ms)
			AfterProcessingInitializeOnLoad (0ms)
			EditorAssembliesLoaded (0ms)
		ExecutionOrderSort2 (0ms)
		AwakeInstancesAfterBackupRestoration (0ms)
[Licensing::Client] Successfully resolved entitlement details
Application.AssetDatabase Initial Refresh Start
[Package Manager] Restoring resolved packages state from cache
[Licensing::Client] Successfully resolved entitlement details
[Package Manager] Registered 76 packages:
  Packages from [https://packages.unity.com]:
    com.unity.ai.navigation@2.0.12 (location: /home/worlesenric/wkspace/gc-studio/r7-c/games/hollowmere/Library/PackageCache/com.unity.ai.navigation@734c2c4c5591)
    com.unity.burst@1.8.28 (location: /home/worlesenric/wkspace/gc-studio/r7-c/games/hollowmere/Library/PackageCache/com.unity.burst@07790c2d06d9)
    com.unity.collections@2.6.6 (location: /home/worlesenric/wkspace/gc-studio/r7-c/games/hollowmere/Library/PackageCache/com.unity.collections@9796e5ee0d9e)
    com.unity.entities@1.4.6 (location: /home/worlesenric/wkspace/gc-studio/r7-c/games/hollowmere/Library/PackageCache/com.unity.entities@e90944159b94)
    com.unity.inputsystem@1.19.0 (location: /home/worlesenric/wkspace/gc-studio/r7-c/games/hollowmere/Library/PackageCache/com.unity.inputsystem@21a28c3a6c83)
    com.unity.mathematics@1.3.2 (location: /home/worlesenric/wkspace/gc-studio/r7-c/games/hollowmere/Library/PackageCache/com.unity.mathematics@8017b507cc74)
    com.unity.nuget.newtonsoft-json@3.2.1 (location: /home/worlesenric/wkspace/gc-studio/r7-c/games/hollowmere/Library/PackageCache/com.unity.nuget.newtonsoft-json@74deb55db2a0)
    com.unity.toolchain.linux-x86_64@2.0.11 (location: /home/worlesenric/wkspace/gc-studio/r7-c/games/hollowmere/Library/PackageCache/com.unity.toolchain.linux-x86_64@53b88ff74b51)
    com.unity.sysroot@2.0.10 (location: /home/worlesenric/wkspace/gc-studio/r7-c/games/hollowmere/Library/PackageCache/com.unity.sysroot@7bbbb9339c14)
    com.unity.sysroot.linux-x86_64@2.0.9 (location: /home/worlesenric/wkspace/gc-studio/r7-c/games/hollowmere/Library/PackageCache/com.unity.sysroot.linux-x86_64@1998d1c7730e)
    com.unity.serialization@3.1.5 (location: /home/worlesenric/wkspace/gc-studio/r7-c/games/hollowmere/Library/PackageCache/com.unity.serialization@c463b52e88d7)
    com.unity.profiling.core@1.0.3 (location: /home/worlesenric/wkspace/gc-studio/r7-c/games/hollowmere/Library/PackageCache/com.unity.profiling.core@8a49f7027d06)
    com.unity.nuget.mono-cecil@1.11.6 (location: /home/worlesenric/wkspace/gc-studio/r7-c/games/hollowmere/Library/PackageCache/com.unity.nuget.mono-cecil@ecb9724e46ff)
    com.unity.scriptablebuildpipeline@2.6.1 (location: /home/worlesenric/wkspace/gc-studio/r7-c/games/hollowmere/Library/PackageCache/com.unity.scriptablebuildpipeline@36e3b5898ee2)
    com.unity.test-framework.performance@3.4.0 (location: /home/worlesenric/wkspace/gc-studio/r7-c/games/hollowmere/Library/PackageCache/com.unity.test-framework.performance@aa81a99c4a75)
    com.unity.searcher@4.9.3 (location: /home/worlesenric/wkspace/gc-studio/r7-c/games/hollowmere/Library/PackageCache/com.unity.searcher@1e17ce91558d)
  Built-in packages:
    com.unity.modules.ai@1.0.0 (location: /home/worlesenric/wkspace/gc-studio/r7-c/games/hollowmere/Library/PackageCache/com.unity.modules.ai)
    com.unity.modules.animation@1.0.0 (location: /home/worlesenric/wkspace/gc-studio/r7-c/games/hollowmere/Library/PackageCache/com.unity.modules.animation)
    com.unity.modules.audio@1.0.0 (location: /home/worlesenric/wkspace/gc-studio/r7-c/games/hollowmere/Library/PackageCache/com.unity.modules.audio)
    com.unity.modules.imageconversion@1.0.0 (location: /home/worlesenric/wkspace/gc-studio/r7-c/games/hollowmere/Library/PackageCache/com.unity.modules.imageconversion)
    com.unity.modules.imgui@1.0.0 (location: /home/worlesenric/wkspace/gc-studio/r7-c/games/hollowmere/Library/PackageCache/com.unity.modules.imgui)
    com.unity.modules.jsonserialize@1.0.0 (location: /home/worlesenric/wkspace/gc-studio/r7-c/games/hollowmere/Library/PackageCache/com.unity.modules.jsonserialize)
    com.unity.modules.physics@1.0.0 (location: /home/worlesenric/wkspace/gc-studio/r7-c/games/hollowmere/Library/PackageCache/com.unity.modules.physics)
    com.unity.modules.screencapture@1.0.0 (location: /home/worlesenric/wkspace/gc-studio/r7-c/games/hollowmere/Library/PackageCache/com.unity.modules.screencapture)
    com.unity.modules.ui@1.0.0 (location: /home/worlesenric/wkspace/gc-studio/r7-c/games/hollowmere/Library/PackageCache/com.unity.modules.ui)
    com.unity.modules.uielements@1.0.0 (location: /home/worlesenric/wkspace/gc-studio/r7-c/games/hollowmere/Library/PackageCache/com.unity.modules.uielements)
    com.unity.modules.unitywebrequest@1.0.0 (location: /home/worlesenric/wkspace/gc-studio/r7-c/games/hollowmere/Library/PackageCache/com.unity.modules.unitywebrequest)
    com.unity.modules.video@1.0.0 (location: /home/worlesenric/wkspace/gc-studio/r7-c/games/hollowmere/Library/PackageCache/com.unity.modules.video)
    com.unity.render-pipelines.universal@17.0.4 (location: /home/worlesenric/wkspace/gc-studio/r7-c/games/hollowmere/Library/PackageCache/com.unity.render-pipelines.universal@a1a2df1d8dcb)
    com.unity.test-framework@1.6.0 (location: /home/worlesenric/wkspace/gc-studio/r7-c/games/hollowmere/Library/PackageCache/com.unity.test-framework@bd52b1c23814)
    com.unity.ext.nunit@2.0.5 (location: /home/worlesenric/wkspace/gc-studio/r7-c/games/hollowmere/Library/PackageCache/com.unity.ext.nunit@b16e6d09cd93)
    com.unity.render-pipelines.core@17.0.4 (location: /home/worlesenric/wkspace/gc-studio/r7-c/games/hollowmere/Library/PackageCache/com.unity.render-pipelines.core@2fecbe5ecc80)
    com.unity.shadergraph@17.0.4 (location: /home/worlesenric/wkspace/gc-studio/r7-c/games/hollowmere/Library/PackageCache/com.unity.shadergraph@029994c473dc)
    com.unity.render-pipelines.universal-config@17.0.3 (location: /home/worlesenric/wkspace/gc-studio/r7-c/games/hollowmere/Library/PackageCache/com.unity.render-pipelines.universal-config@e48fefd716b5)
    com.unity.modules.hierarchycore@1.0.0 (location: /home/worlesenric/wkspace/gc-studio/r7-c/games/hollowmere/Library/PackageCache/com.unity.modules.hierarchycore)
    com.unity.modules.assetbundle@1.0.0 (location: /home/worlesenric/wkspace/gc-studio/r7-c/games/hollowmere/Library/PackageCache/com.unity.modules.assetbundle)
    com.unity.modules.unityanalytics@1.0.0 (location: /home/worlesenric/wkspace/gc-studio/r7-c/games/hollowmere/Library/PackageCache/com.unity.modules.unityanalytics)
    com.unity.ugui@2.0.0 (location: /home/worlesenric/wkspace/gc-studio/r7-c/games/hollowmere/Library/PackageCache/com.unity.ugui@a477a4a18974)
    com.unity.modules.terrain@1.0.0 (location: /home/worlesenric/wkspace/gc-studio/r7-c/games/hollowmere/Library/PackageCache/com.unity.modules.terrain)
    com.unity.rendering.light-transport@1.0.1 (location: /home/worlesenric/wkspace/gc-studio/r7-c/games/hollowmere/Library/PackageCache/com.unity.rendering.light-transport@fd597d1a9e15)
  Local packages:
    com.gamecore.composition@file:/home/worlesenric/wkspace/gc-studio/r7-c/Packages/com.gamecore.composition (location: /home/worlesenric/wkspace/gc-studio/r7-c/Packages/com.gamecore.composition)
    com.gamecore.content.compiler@file:/home/worlesenric/wkspace/gc-studio/r7-c/Packages/com.gamecore.content.compiler (location: /home/worlesenric/wkspace/gc-studio/r7-c/Packages/com.gamecore.content.compiler)
    com.gamecore.contracts@file:/home/worlesenric/wkspace/gc-studio/r7-c/Packages/com.gamecore.contracts (location: /home/worlesenric/wkspace/gc-studio/r7-c/Packages/com.gamecore.contracts)
    com.gamecore.derivation@file:/home/worlesenric/wkspace/gc-studio/r7-c/Packages/com.gamecore.derivation (location: /home/worlesenric/wkspace/gc-studio/r7-c/Packages/com.gamecore.derivation)
    com.gamecore.gameplay.audio@file:/home/worlesenric/wkspace/gc-studio/r7-c/Packages/com.gamecore.gameplay.audio (location: /home/worlesenric/wkspace/gc-studio/r7-c/Packages/com.gamecore.gameplay.audio)
    com.gamecore.gameplay.cards@file:/home/worlesenric/wkspace/gc-studio/r7-c/Packages/com.gamecore.gameplay.cards (location: /home/worlesenric/wkspace/gc-studio/r7-c/Packages/com.gamecore.gameplay.cards)
    com.gamecore.gameplay.compile@file:/home/worlesenric/wkspace/gc-studio/r7-c/Packages/com.gamecore.gameplay.compile (location: /home/worlesenric/wkspace/gc-studio/r7-c/Packages/com.gamecore.gameplay.compile)
    com.gamecore.gameplay.contracts@file:/home/worlesenric/wkspace/gc-studio/r7-c/Packages/com.gamecore.gameplay.contracts (location: /home/worlesenric/wkspace/gc-studio/r7-c/Packages/com.gamecore.gameplay.contracts)
    com.gamecore.gameplay.dialogue@file:/home/worlesenric/wkspace/gc-studio/r7-c/Packages/com.gamecore.gameplay.dialogue (location: /home/worlesenric/wkspace/gc-studio/r7-c/Packages/com.gamecore.gameplay.dialogue)
    com.gamecore.gameplay.entities@file:/home/worlesenric/wkspace/gc-studio/r7-c/Packages/com.gamecore.gameplay.entities (location: /home/worlesenric/wkspace/gc-studio/r7-c/Packages/com.gamecore.gameplay.entities)
    com.gamecore.gameplay.integration@file:/home/worlesenric/wkspace/gc-studio/r7-c/Packages/com.gamecore.gameplay.integration (location: /home/worlesenric/wkspace/gc-studio/r7-c/Packages/com.gamecore.gameplay.integration)
    com.gamecore.gameplay.interaction@file:/home/worlesenric/wkspace/gc-studio/r7-c/Packages/com.gamecore.gameplay.interaction (location: /home/worlesenric/wkspace/gc-studio/r7-c/Packages/com.gamecore.gameplay.interaction)
    com.gamecore.gameplay.inventory@file:/home/worlesenric/wkspace/gc-studio/r7-c/Packages/com.gamecore.gameplay.inventory (location: /home/worlesenric/wkspace/gc-studio/r7-c/Packages/com.gamecore.gameplay.inventory)
    com.gamecore.gameplay.logic@file:/home/worlesenric/wkspace/gc-studio/r7-c/Packages/com.gamecore.gameplay.logic (location: /home/worlesenric/wkspace/gc-studio/r7-c/Packages/com.gamecore.gameplay.logic)
    com.gamecore.gameplay.narrative@file:/home/worlesenric/wkspace/gc-studio/r7-c/Packages/com.gamecore.gameplay.narrative (location: /home/worlesenric/wkspace/gc-studio/r7-c/Packages/com.gamecore.gameplay.narrative)
    com.gamecore.gameplay.npc@file:/home/worlesenric/wkspace/gc-studio/r7-c/Packages/com.gamecore.gameplay.npc (location: /home/worlesenric/wkspace/gc-studio/r7-c/Packages/com.gamecore.gameplay.npc)
    com.gamecore.gameplay.player@file:/home/worlesenric/wkspace/gc-studio/r7-c/Packages/com.gamecore.gameplay.player (location: /home/worlesenric/wkspace/gc-studio/r7-c/Packages/com.gamecore.gameplay.player)
    com.gamecore.gameplay.quest@file:/home/worlesenric/wkspace/gc-studio/r7-c/Packages/com.gamecore.gameplay.quest (location: /home/worlesenric/wkspace/gc-studio/r7-c/Packages/com.gamecore.gameplay.quest)
    com.gamecore.gameplay.rewards@file:/home/worlesenric/wkspace/gc-studio/r7-c/Packages/com.gamecore.gameplay.rewards (location: /home/worlesenric/wkspace/gc-studio/r7-c/Packages/com.gamecore.gameplay.rewards)
    com.gamecore.gameplay.save@file:/home/worlesenric/wkspace/gc-studio/r7-c/Packages/com.gamecore.gameplay.save (location: /home/worlesenric/wkspace/gc-studio/r7-c/Packages/com.gamecore.gameplay.save)
    com.gamecore.gameplay.traversal@file:/home/worlesenric/wkspace/gc-studio/r7-c/Packages/com.gamecore.gameplay.traversal (location: /home/worlesenric/wkspace/gc-studio/r7-c/Packages/com.gamecore.gameplay.traversal)
    com.gamecore.gameplay.ui@file:/home/worlesenric/wkspace/gc-studio/r7-c/Packages/com.gamecore.gameplay.ui (location: /home/worlesenric/wkspace/gc-studio/r7-c/Packages/com.gamecore.gameplay.ui)
    com.gamecore.gameplay.world@file:/home/worlesenric/wkspace/gc-studio/r7-c/Packages/com.gamecore.gameplay.world (location: /home/worlesenric/wkspace/gc-studio/r7-c/Packages/com.gamecore.gameplay.world)
    com.gamecore.planning@file:/home/worlesenric/wkspace/gc-studio/r7-c/Packages/com.gamecore.planning (location: /home/worlesenric/wkspace/gc-studio/r7-c/Packages/com.gamecore.planning)
    com.gamecore.rules.cards@file:/home/worlesenric/wkspace/gc-studio/r7-c/Packages/com.gamecore.rules.cards (location: /home/worlesenric/wkspace/gc-studio/r7-c/Packages/com.gamecore.rules.cards)
    com.gamecore.rules.gameplay@file:/home/worlesenric/wkspace/gc-studio/r7-c/Packages/com.gamecore.rules.gameplay (location: /home/worlesenric/wkspace/gc-studio/r7-c/Packages/com.gamecore.rules.gameplay)
    com.gamecore.rules.narrative@file:/home/worlesenric/wkspace/gc-studio/r7-c/Packages/com.gamecore.rules.narrative (location: /home/worlesenric/wkspace/gc-studio/r7-c/Packages/com.gamecore.rules.narrative)
    com.gamecore.rules.traversal@file:/home/worlesenric/wkspace/gc-studio/r7-c/Packages/com.gamecore.rules.traversal (location: /home/worlesenric/wkspace/gc-studio/r7-c/Packages/com.gamecore.rules.traversal)
    com.gamecore.studio.core@file:/home/worlesenric/wkspace/gc-studio/r7-c/Packages/com.gamecore.studio.core (location: /home/worlesenric/wkspace/gc-studio/r7-c/Packages/com.gamecore.studio.core)
    com.gamecore.studio.etos@file:/home/worlesenric/wkspace/gc-studio/r7-c/Packages/com.gamecore.studio.etos (location: /home/worlesenric/wkspace/gc-studio/r7-c/Packages/com.gamecore.studio.etos)
    com.gamecore.studio.gameplay@file:/home/worlesenric/wkspace/gc-studio/r7-c/Packages/com.gamecore.studio.gameplay (location: /home/worlesenric/wkspace/gc-studio/r7-c/Packages/com.gamecore.studio.gameplay)
    com.gamecore.studio.ui@file:/home/worlesenric/wkspace/gc-studio/r7-c/Packages/com.gamecore.studio.ui (location: /home/worlesenric/wkspace/gc-studio/r7-c/Packages/com.gamecore.studio.ui)
    com.gamecore.studio.views@file:/home/worlesenric/wkspace/gc-studio/r7-c/Packages/com.gamecore.studio.views (location: /home/worlesenric/wkspace/gc-studio/r7-c/Packages/com.gamecore.studio.views)
    com.gamecore.unity.adapters@file:/home/worlesenric/wkspace/gc-studio/r7-c/Packages/com.gamecore.unity.adapters (location: /home/worlesenric/wkspace/gc-studio/r7-c/Packages/com.gamecore.unity.adapters)
    com.gamecore.unity.app@file:/home/worlesenric/wkspace/gc-studio/r7-c/Packages/com.gamecore.unity.app (location: /home/worlesenric/wkspace/gc-studio/r7-c/Packages/com.gamecore.unity.app)
    com.gamecore.unity.runtime@file:/home/worlesenric/wkspace/gc-studio/r7-c/Packages/com.gamecore.unity.runtime (location: /home/worlesenric/wkspace/gc-studio/r7-c/Packages/com.gamecore.unity.runtime)
[Subsystems] No new subsystems found in resolved package list.
[Package Manager] Done registering packages in 0.01 seconds
A meta data file (.meta) exists but its folder 'Packages/com.gamecore.studio.gameplay/Tests~' can't be found, and has been created. Empty directories cannot be stored in version control, so it's assumed that the meta data file is for an empty directory in version control. When moving or deleting folders outside of Unity, please ensure that the corresponding .meta file is moved or deleted along with it.
Assembly reference Packages/com.unity.entities/Unity.Scenes.Editor/Internals/Properties/Unity.Properties.Internals.asmref has no target assembly definition
Assembly reference Packages/com.unity.entities/Unity.Scenes.Editor/Internals/Properties/Unity.Properties.Internals.asmref has no target assembly definition
[ScriptCompilation] Requested script compilation because: Assembly Definition File(s) changed
[ScriptCompilation] Requested script compilation because: Assetdatabase observed changes in script compilation related files
[40m[32minfo[39m[22m[49m: Microsoft.Hosting.Lifetime[14]
      Now listening on: http://unix:/tmp/ilpp.sock-c5b418cdfdfcc398dd1272b3c4f695f6
[40m[32minfo[39m[22m[49m: Microsoft.Hosting.Lifetime[0]
      Application started. Press Ctrl+C to shut down.
[40m[32minfo[39m[22m[49m: Microsoft.Hosting.Lifetime[0]
      Hosting environment: Production
[40m[32minfo[39m[22m[49m: Microsoft.Hosting.Lifetime[0]
      Content root path: /home/worlesenric/wkspace/gc-studio/r7-c/games/hollowmere/
[40m[32minfo[39m[22m[49m: Microsoft.AspNetCore.Hosting.Diagnostics[1]
      Request starting HTTP/2 POST http://ilpp/UnityILPP.PostProcessing/Ping application/grpc -
[40m[32minfo[39m[22m[49m: Microsoft.AspNetCore.Routing.EndpointMiddleware[0]
      Executing endpoint 'gRPC - /UnityILPP.PostProcessing/Ping'
[40m[32minfo[39m[22m[49m: Microsoft.AspNetCore.Routing.EndpointMiddleware[1]
      Executed endpoint 'gRPC - /UnityILPP.PostProcessing/Ping'
[40m[32minfo[39m[22m[49m: Microsoft.AspNetCore.Hosting.Diagnostics[2]
      Request finished HTTP/2 POST http://ilpp/UnityILPP.PostProcessing/Ping application/grpc - - 200 - application/grpc 48.2917ms
Starting: /home/worlesenric/Unity/Hub/Editor/6000.0.75f1/Editor/Data/bee_backend --ipc --defer-dag-verification --dagfile="Library/Bee/2400b0aE.dag" --continue-on-failure --profile="Library/Bee/backend1.traceevents" ScriptAssemblies
WorkingDir: /home/worlesenric/wkspace/gc-studio/r7-c/games/hollowmere
[40m[32minfo[39m[22m[49m: Microsoft.AspNetCore.Hosting.Diagnostics[1]
      Request starting HTTP/2 POST http://ilpp/UnityILPP.PostProcessing/ConfigurePostProcessors application/grpc -
[40m[32minfo[39m[22m[49m: Microsoft.AspNetCore.Routing.EndpointMiddleware[0]
      Executing endpoint 'gRPC - /UnityILPP.PostProcessing/ConfigurePostProcessors'
[40m[1m[33mwarn[39m[22m[49m: Unity.ILPP.Runner.PostProcessingAssemblyLoadContext[0]
      Assembly system.runtime.interopservices.windowsruntime has duplicate hint path. Ignoring "/home/worlesenric/Unity/Hub/Editor/6000.0.75f1/Editor/Data/UnityReferenceAssemblies/unity-4.8-api/Facades/System.Runtime.InteropServices.WindowsRuntime.dll" in favor of "/home/worlesenric/Unity/Hub/Editor/6000.0.75f1/Editor/Data/NetStandard/Extensions/2.0.0/System.Runtime.InteropServices.WindowsRuntime.dll"
[40m[1m[33mwarn[39m[22m[49m: Unity.ILPP.Runner.PostProcessingAssemblyLoadContext[0]
      Assembly system.componentmodel.composition has duplicate hint path. Ignoring "/home/worlesenric/Unity/Hub/Editor/6000.0.75f1/Editor/Data/UnityReferenceAssemblies/unity-4.8-api/System.ComponentModel.Composition.dll" in favor of "/home/worlesenric/Unity/Hub/Editor/6000.0.75f1/Editor/Data/NetStandard/compat/2.1.0/shims/netfx/System.ComponentModel.Composition.dll"
[40m[32minfo[39m[22m[49m: Unity.ILPP.Runner.PostProcessingAssemblyLoadContext[0]
      Resolved Unity.Burst.Cecil, Version=0.11.4.0, Culture=neutral, PublicKeyToken=50cebf1cceb9d05e with Library/PackageCache/com.unity.burst@07790c2d06d9/Unity.Burst.CodeGen/Unity.Burst.Cecil.dll
[40m[32minfo[39m[22m[49m: Unity.ILPP.Runner.PostProcessingAssemblyLoadContext[0]
      Resolved Mono.Cecil, Version=0.11.5.0, Culture=neutral, PublicKeyToken=50cebf1cceb9d05e with Library/PackageCache/com.unity.nuget.mono-cecil@ecb9724e46ff/Mono.Cecil.dll
[40m[32minfo[39m[22m[49m: Unity.ILPP.Runner.PostProcessingAssemblyLoadContext[0]
      Resolved Unity.Entities, Version=0.0.0.0, Culture=neutral, PublicKeyToken=null with Library/Bee/artifacts/2400b0aE.dag/Unity.Entities.dll
[40m[32minfo[39m[22m[49m: Microsoft.AspNetCore.Routing.EndpointMiddleware[1]
      Executed endpoint 'gRPC - /UnityILPP.PostProcessing/ConfigurePostProcessors'
[40m[32minfo[39m[22m[49m: Microsoft.AspNetCore.Hosting.Diagnostics[2]
      Request finished HTTP/2 POST http://ilpp/UnityILPP.PostProcessing/ConfigurePostProcessors application/grpc - - 200 - application/grpc 48.9706ms
DisplayProgressbar: Compiling Scripts
ExitCode: 4 Duration: 2s245ms
[1375/1953  0s] ILPP-Configuration Library/ilpp-configuration.nevergeneratedoutput
Rebuilding DAG because FileSignature timestamp changed: Library/Bee/2400b0aE-inputdata.json
*** Tundra requires additional run (2.22 seconds), 2 items updated, 1948 evaluated
Starting: /home/worlesenric/Unity/Hub/Editor/6000.0.75f1/Editor/Data/Tools/netcorerun/netcorerun "/home/worlesenric/Unity/Hub/Editor/6000.0.75f1/Editor/Data/Tools/BuildPipeline/ScriptCompilationBuildProgram.exe" "Library/Bee/2400b0aE.dag.json" "Library/Bee/2400b0aE-inputdata.json" "Library/Bee/buildprogram0.traceevents"
WorkingDir: /home/worlesenric/wkspace/gc-studio/r7-c/games/hollowmere
ExitCode: 0 Duration: 2s198ms
Starting: /home/worlesenric/Unity/Hub/Editor/6000.0.75f1/Editor/Data/bee_backend --ipc --defer-dag-verification --dagfile="Library/Bee/2400b0aE.dag" --continue-on-failure --dagfilejson="Library/Bee/2400b0aE.dag.json" --profile="Library/Bee/backend2.traceevents" ScriptAssemblies
WorkingDir: /home/worlesenric/wkspace/gc-studio/r7-c/games/hollowmere
[40m[32minfo[39m[22m[49m: Microsoft.AspNetCore.Hosting.Diagnostics[1]
      Request starting HTTP/2 POST http://ilpp/UnityILPP.PostProcessing/ConfigurePostProcessors application/grpc -
[40m[32minfo[39m[22m[49m: Microsoft.AspNetCore.Routing.EndpointMiddleware[0]
      Executing endpoint 'gRPC - /UnityILPP.PostProcessing/ConfigurePostProcessors'
[40m[32minfo[39m[22m[49m: Unity.ILPP.Runner.PostProcessingAssemblyLoadContext[0]
      Current configuration matches the requested one, skipping
[40m[32minfo[39m[22m[49m: Microsoft.AspNetCore.Routing.EndpointMiddleware[1]
      Executed endpoint 'gRPC - /UnityILPP.PostProcessing/ConfigurePostProcessors'
[40m[32minfo[39m[22m[49m: Microsoft.AspNetCore.Hosting.Diagnostics[2]
      Request finished HTTP/2 POST http://ilpp/UnityILPP.PostProcessing/ConfigurePostProcessors application/grpc - - 200 - application/grpc 1.1060ms
[40m[32minfo[39m[22m[49m: Microsoft.AspNetCore.Hosting.Diagnostics[1]
      Request starting HTTP/2 POST http://ilpp/UnityILPP.PostProcessing/PostProcessAssembly application/grpc -
[40m[32minfo[39m[22m[49m: Microsoft.AspNetCore.Routing.EndpointMiddleware[0]
      Executing endpoint 'gRPC - /UnityILPP.PostProcessing/PostProcessAssembly'
[40m[32minfo[39m[22m[49m: Unity.ILPP.Runner.PostProcessingPipeline[0]
      Processing assembly Library/Bee/artifacts/2400b0aE.dag/Hollowmere.P3_1.PlayMode.Tests.dll, with 124 defines and 250 references
[40m[32minfo[39m[22m[49m: Unity.ILPP.Runner.PostProcessingPipeline[0]
      processors: Unity.Entities.CodeGen.EntitiesILPostProcessors, Unity.Jobs.CodeGen.JobsILPostProcessor, zzzUnity.Burst.CodeGen.BurstILPostProcessor
[40m[32minfo[39m[22m[49m: Unity.ILPP.Runner.PostProcessingPipeline[0]
      running Unity.Entities.CodeGen.EntitiesILPostProcessors
[40m[32minfo[39m[22m[49m: Unity.ILPP.Runner.PostProcessingAssemblyLoadContext[0]
      Resolved Mono.Cecil.Rocks, Version=0.11.5.0, Culture=neutral, PublicKeyToken=50cebf1cceb9d05e with Library/PackageCache/com.unity.nuget.mono-cecil@ecb9724e46ff/Mono.Cecil.Rocks.dll
[40m[32minfo[39m[22m[49m: Unity.ILPP.Runner.PostProcessingAssemblyLoadContext[0]
      Resolved UnityEngine.CoreModule, Version=0.0.0.0, Culture=neutral, PublicKeyToken=null with /home/worlesenric/Unity/Hub/Editor/6000.0.75f1/Editor/Data/Managed/UnityEngine/UnityEngine.CoreModule.dll
[40m[32minfo[39m[22m[49m: Unity.ILPP.Runner.PostProcessingAssemblyLoadContext[0]
      Resolved Unity.Collections, Version=0.0.0.0, Culture=neutral, PublicKeyToken=null with Library/Bee/artifacts/2400b0aE.dag/Unity.Collections.dll
[40m[32minfo[39m[22m[49m: Unity.ILPP.Runner.PostProcessingAssemblyLoadContext[0]
      Resolved Unity.Burst, Version=0.0.0.0, Culture=neutral, PublicKeyToken=null with Library/Bee/artifacts/2400b0aE.dag/Unity.Burst.dll
[40m[32minfo[39m[22m[49m: Unity.ILPP.Runner.PostProcessingAssemblyLoadContext[0]
      Resolved Unity.Cecil.Awesome, Version=1.0.0.0, Culture=neutral, PublicKeyToken=null with Library/PackageCache/com.unity.entities@e90944159b94/Unity.Entities.CodeGen/Unity.Cecil.Awesome.dll
  - EILPP : Hollowmere.P3_1.PlayMode.Tests : : 311ms (~268ms)
    - EILPP : Hollowmere.P3_1.PlayMode.Tests : GetAllComponentTypes: 2ms 
    - EILPP : Hollowmere.P3_1.PlayMode.Tests : Cloner: 3ms 
    - EILPP : Hollowmere.P3_1.PlayMode.Tests : ComponentDataPP: 28ms 
    - EILPP : Hollowmere.P3_1.PlayMode.Tests : StaticTypeRegistryPostProcessor: 10ms 
[40m[32minfo[39m[22m[49m: Unity.ILPP.Runner.PostProcessingPipeline[0]
      running Unity.Jobs.CodeGen.JobsILPostProcessor
[40m[32minfo[39m[22m[49m: Unity.ILPP.Runner.PostProcessingAssemblyLoadContext[0]
      Resolved UnityEditor.CoreModule, Version=0.0.0.0, Culture=neutral, PublicKeyToken=null with /home/worlesenric/Unity/Hub/Editor/6000.0.75f1/Editor/Data/Managed/UnityEngine/UnityEditor.CoreModule.dll
[40m[32minfo[39m[22m[49m: Unity.ILPP.Runner.PostProcessingPipeline[0]
      running zzzUnity.Burst.CodeGen.BurstILPostProcessor
[40m[32minfo[39m[22m[49m: Microsoft.AspNetCore.Routing.EndpointMiddleware[1]
      Executed endpoint 'gRPC - /UnityILPP.PostProcessing/PostProcessAssembly'
[40m[32minfo[39m[22m[49m: Microsoft.AspNetCore.Hosting.Diagnostics[2]
      Request finished HTTP/2 POST http://ilpp/UnityILPP.PostProcessing/PostProcessAssembly application/grpc - - 200 - application/grpc 398.2874ms
ExitCode: 0 Duration: 5s221ms
Finished compiling graph: 1956 nodes, 47613 flattened edges (33445 ToBuild, 394 ToUse), maximum node priority 3611
[1374/1953  0s] WriteText Library/Bee/artifacts/2400b0aE.dag/Hollowmere.P3_1.PlayMode.Tests.rsp
[1375/1953  0s] Csc Library/Bee/artifacts/2400b0aE.dag/Hollowmere.P3_1.PlayMode.Tests.dll (+2 others)
Assets/Hollowmere/Tests/P3_1/PlayMode/FullQuestHeadless.cs(205,29): warning CS8602: Dereference of a possibly null reference.
Assets/Hollowmere/Tests/P3_1/PlayMode/R7VoicePlayback.cs(30,25): warning CS8602: Dereference of a possibly null reference.
[1376/1953  0s] ILPP-Configuration Library/ilpp-configuration.nevergeneratedoutput
[1950/1953  0s] ILPostProcess Library/Bee/artifacts/2400b0aE.dag/post-processed/Hollowmere.P3_1.PlayMode.Tests.dll (+pdb)
Processing assembly Library/Bee/artifacts/2400b0aE.dag/Hollowmere.P3_1.PlayMode.Tests.dll, with 124 defines and 250 references
processors: Unity.Entities.CodeGen.EntitiesILPostProcessors, Unity.Jobs.CodeGen.JobsILPostProcessor, zzzUnity.Burst.CodeGen.BurstILPostProcessor
running Unity.Entities.CodeGen.EntitiesILPostProcessors
running Unity.Jobs.CodeGen.JobsILPostProcessor
running zzzUnity.Burst.CodeGen.BurstILPostProcessor
[1951/1953  0s] CopyFiles Library/ScriptAssemblies/Hollowmere.P3_1.PlayMode.Tests.pdb
[1952/1953  0s] CopyFiles Library/ScriptAssemblies/Hollowmere.P3_1.PlayMode.Tests.dll
*** Tundra build success (5.19 seconds), 6 items updated, 1953 evaluated
Assets/Hollowmere/Tests/P3_1/PlayMode/FullQuestHeadless.cs(205,29): warning CS8602: Dereference of a possibly null reference.
Assets/Hollowmere/Tests/P3_1/PlayMode/R7VoicePlayback.cs(30,25): warning CS8602: Dereference of a possibly null reference.
AssetDatabase: script compilation time: 10.243328s
A meta data file (.meta) exists but its folder 'Packages/com.gamecore.studio.gameplay/Tests~' can't be found, and has been created. Empty directories cannot be stored in version control, so it's assumed that the meta data file is for an empty directory in version control. When moving or deleting folders outside of Unity, please ensure that the corresponding .meta file is moved or deleted along with it.
Begin MonoManager ReloadAssembly
Total cache size 268434538
Total cache size after purge 268434538, took 00:00:00.2716018
Symbol file LoadedFromMemory is not a mono symbol file
- Loaded All Assemblies, in  0.849 seconds
A meta data file (.meta) exists but its folder 'Packages/com.gamecore.studio.gameplay/Tests~' can't be found, and has been created. Empty directories cannot be stored in version control, so it's assumed that the meta data file is for an empty directory in version control. When moving or deleting folders outside of Unity, please ensure that the corresponding .meta file is moved or deleted along with it.
Start importing Assets/Hollowmere/Tests/P3_1/PlayMode/Hollowmere.P3_1.PlayMode.Tests.asmdef using Guid(ba785e6f6f1a81ff1157aac5fe6e887a) (AssemblyDefinitionImporter) -> (artifact id: '2af53bbe0a5ace48fc4195324745759c') in 0.047235761 seconds
Refreshing native plugins compatible for Editor in 0.27 ms, found 1 plugins.
Native extension for LinuxStandalone target not found
Native extension for OSXStandalone target not found
Assembly reference Packages/com.unity.entities/Unity.Scenes.Editor/Internals/Properties/Unity.Properties.Internals.asmref has no target assembly definition
TypeManager.Initialize took: 338ms
Mono: successfully reloaded assembly
- Finished resetting the current domain, in  4.260 seconds
Domain Reload Profiling: 5100ms
	BeginReloadAssembly (176ms)
		ExecutionOrderSort (0ms)
		DisableScriptedObjects (10ms)
		BackupInstance (0ms)
		ReleaseScriptingObjects (0ms)
		CreateAndSetChildDomain (47ms)
	RebuildCommonClasses (40ms)
	RebuildNativeTypeToScriptingClass (9ms)
	initialDomainReloadingComplete (32ms)
	LoadAllAssembliesAndSetupDomain (581ms)
		LoadAssemblies (313ms)
		RebuildTransferFunctionScriptingTraits (0ms)
		AnalyzeDomain (333ms)
			TypeCache.Refresh (225ms)
				TypeCache.ScanAssembly (205ms)
			BuildScriptInfoCaches (95ms)
			ResolveRequiredComponents (11ms)
	FinalizeReload (4261ms)
		ReleaseScriptCaches (0ms)
		RebuildScriptCaches (0ms)
		SetupLoadedEditorAssemblies (4034ms)
			LogAssemblyErrors (0ms)
			InitializePlatformSupportModulesInManaged (95ms)
			SetLoadedEditorAssemblies (15ms)
			BeforeProcessingInitializeOnLoad (196ms)
			ProcessInitializeOnLoadAttributes (3588ms)
			ProcessInitializeOnLoadMethodAttributes (136ms)
			AfterProcessingInitializeOnLoad (3ms)
			EditorAssembliesLoaded (0ms)
		ExecutionOrderSort2 (0ms)
		AwakeInstancesAfterBackupRestoration (6ms)
A meta data file (.meta) exists but its folder 'Packages/com.gamecore.studio.gameplay/Tests~' can't be found, and has been created. Empty directories cannot be stored in version control, so it's assumed that the meta data file is for an empty directory in version control. When moving or deleting folders outside of Unity, please ensure that the corresponding .meta file is moved or deleted along with it.
Refreshing native plugins compatible for Editor in 0.33 ms, found 1 plugins.
Preloading 0 native plugins for Editor in 0.00 ms.
Asset Pipeline Refresh (id=9520300ce59db7fa49999921ff72a19e): Total: 17.071 seconds - Initiated by InitialRefreshV2(ForceSynchronousImport)
	Summary:
		Imports: total=1 (actual=1, local cache=0, cache server=0)
		Asset DB Process Time: managed=4 ms, native=5495 ms
		Asset DB Callback time: managed=380 ms, native=15 ms
		Scripting: domain reloads=1, domain reload time=851 ms, compile time=10245 ms, other=77 ms
		Project Asset Count: scripts=1807, non-scripts=2649
		Asset File Changes: new=0, changed=1, moved=0, deleted=0
		Scan Filter Count: 1
	InvokeCustomDependenciesCallbacks: 0.004ms
	InvokePackagesCallback: 13.914ms
	ApplyChangesToAssetFolders: 0.680ms
	Scan: 845.350ms
	OnSourceAssetsModified: 0.950ms
	CategorizeAssetsWithTransientArtifact: 42.221ms
	ProcessAssetsWithTransientArtifactChanges: 76.267ms
	CategorizeAssets: 52.042ms
	ImportOutOfDateAssets: 4322.980ms (-5978.471ms without children)
		ImportManagerImport: 53.126ms (5.679ms without children)
			ImportInProcess: 47.426ms
			UpdateCategorizedAssets: 0.021ms
		CompileScripts: 10245.029ms
		ReloadNativeAssets: 0.020ms
		UnloadImportedAssets: 1.579ms
		ReloadImportedAssets: 0.000ms
		EnsureUptoDateAssetsAreRegisteredWithGuidPM: 0.953ms
		InitializingProgressBar: 0.000ms
		PostProcessAllAssetNotificationsAddChangedAssets: 0.000ms
		OnDemandSchedulerStart: 0.743ms
	PostProcessAllAssets: 383.558ms
	Hotreload: 1.746ms
	GatherAllCurrentPrimaryArtifactRevisions: 0.000ms
	UnloadStreamsBegin: 2.172ms
	PersistCurrentRevisions: 0.240ms
	UnloadStreamsEnd: 0.001ms
	GenerateScriptTypeHashes: 2.675ms
	Untracked: 11328.393ms

Application.AssetDatabase Initial Refresh End
Scanning for USB devices : 1.267ms
Initializing Unity extensions:
UpdateMenuTitleForLanguage: 10
[MODES] ModeService[none].Initialize
[MODES] ModeService[none].LoadModes
[MODES] Loading mode Default (0) for mode-current-id-Hollowmere
Unloading 16 Unused Serialized files (Serialized files now loaded: 0)
Unloading 6116 unused Assets / (6.9 MB). Loaded Objects now: 6801.
Memory consumption went from 190.0 MB to 183.1 MB.
Total: 17.373184 ms (FindLiveObjects: 0.531012 ms CreateObjectMapping: 0.640783 ms MarkObjects: 11.326455 ms  DeleteObjects: 4.873790 ms)


(Unity:4179104): GLib-GObject-CRITICAL **: 05:52:15.191: g_object_unref: assertion 'G_IS_OBJECT (object)' failed

(Unity:4179104): GLib-GObject-CRITICAL **: 05:52:15.191: g_object_unref: assertion 'G_IS_OBJECT (object)' failed

(Unity:4179104): GLib-GObject-CRITICAL **: 05:52:15.191: g_object_unref: assertion 'G_IS_OBJECT (object)' failed
Disable old input system
[Project] Loading completed in 41.095 seconds
	Project init time: 				40.657 seconds
		Template init time: 		0.000 seconds
		Package Manager init time: 		0.180 seconds
		Asset Database init time: 		0.265 seconds
		Global illumination init time: 	0.003 seconds
		Assemblies load time: 			22.872 seconds
		Unity extensions init time: 	0.010 seconds
		Asset Database refresh time: 	17.071 seconds
	Scene opening time: 			0.242 seconds
##utp:{"type": "ProjectInfo", "version": 2, "phase": "Immediate", "time": 1791323535192, "processId": 4179104, "projectLoad": 41.094650533999996, "projectInit": 40.657098826, "templateInit": 0.0, "packageManagerInit": 0.180229913, "assetDatabaseInit": 0.264977135, "globalIlluminationInit": 0.002841933, "assembliesLoad": 22.871532559, "unityExtensionsInit": 0.009896922, "assetDatabaseRefresh": 17.070571503, "sceneOpening": 0.242475543}
##utp:{"type": "EditorInfo", "version": 2, "phase": "Immediate", "time": 1791323535193, "processId": 4179104, "editorVersion": "6000.0.75f1 (26349cd2a5c8)", "branch": "6000.0/staging", "buildType": "Release", "platform": "Linux"}
A meta data file (.meta) exists but its folder 'Packages/com.gamecore.studio.gameplay/Tests~' can't be found, and has been created. Empty directories cannot be stored in version control, so it's assumed that the meta data file is for an empty directory in version control. When moving or deleting folders outside of Unity, please ensure that the corresponding .meta file is moved or deleted along with it.
A meta data file (.meta) exists but its folder 'Packages/com.gamecore.studio.gameplay/Tests~' can't be found, and has been created. Empty directories cannot be stored in version control, so it's assumed that the meta data file is for an empty directory in version control. When moving or deleting folders outside of Unity, please ensure that the corresponding .meta file is moved or deleted along with it.
Asset Pipeline Refresh (id=58da6fae24a4a54fe8cd947795e2794d): Total: 0.421 seconds - Initiated by RefreshV2(ForceSynchronousImport)
	Summary:
		Imports: total=0 (actual=0, local cache=0, cache server=0)
		Asset DB Process Time: managed=0 ms, native=420 ms
		Asset DB Callback time: managed=0 ms, native=0 ms
		Scripting: domain reloads=0, domain reload time=0 ms, compile time=0 ms, other=0 ms
		Project Asset Count: scripts=1807, non-scripts=2649
		Asset File Changes: new=0, changed=0, moved=0, deleted=0
		Scan Filter Count: 1
	InvokeCustomDependenciesCallbacks: 0.001ms
	InvokePackagesCallback: 2.084ms
	ApplyChangesToAssetFolders: 0.259ms
	Scan: 351.435ms
	OnSourceAssetsModified: 0.002ms
	CategorizeAssetsWithTransientArtifact: 0.003ms
	ProcessAssetsWithTransientArtifactChanges: 0.188ms
	CategorizeAssets: 56.895ms
	ImportOutOfDateAssets: 1.961ms (0.400ms without children)
		CompileScripts: 0.039ms
		ReloadNativeAssets: 0.036ms
		UnloadImportedAssets: 0.141ms
		EnsureUptoDateAssetsAreRegisteredWithGuidPM: 0.726ms
		InitializingProgressBar: 0.000ms
		PostProcessAllAssetNotificationsAddChangedAssets: 0.000ms
		OnDemandSchedulerStart: 0.618ms
	GatherAllCurrentPrimaryArtifactRevisions: 0.191ms
	UnloadStreamsBegin: 0.065ms
	PersistCurrentRevisions: 0.322ms
	UnloadStreamsEnd: 0.002ms
	Untracked: 7.408ms

A meta data file (.meta) exists but its folder 'Packages/com.gamecore.studio.gameplay/Tests~' can't be found, and has been created. Empty directories cannot be stored in version control, so it's assumed that the meta data file is for an empty directory in version control. When moving or deleting folders outside of Unity, please ensure that the corresponding .meta file is moved or deleted along with it.
Asset Pipeline Refresh (id=d5dfa98095c58f4548bf4ecfcaef533b): Total: 0.195 seconds - Initiated by RefreshV2(NoUpdateAssetOptions)
Shader Hidden/ProbeVolume/VoxelizeScene is not supported: GPU does not support conservative rasterization
AutoLocale: current locale expects 'C' but got 'en_US.UTF-8'Launched and connected shader compiler UnityShaderCompiler after 0.03 seconds
Running tests for ExecutionSettings with details:
targetPlatform = 
playerHeartbeatTimeout = 600
filters[0] = 
   Filter with settings:
   testMode = PlayMode
   targetPlatform = 
   testNames = null
   groupNames = R7C_WPLUG11_ActualMarenLine
   categoryNames = null
   assemblyNames = null
ignoreTests = {}
featureFlags = null

UnityEngine.Debug:ExtractStackTraceNoAlloc (byte*,int,string)
UnityEngine.StackTraceUtility:ExtractStackTrace () (at /home/bokken/build/output/unity/unity/Runtime/Export/Scripting/StackTrace.cs:35)
UnityEngine.DebugLogHandler:Internal_Log (UnityEngine.LogType,UnityEngine.LogOption,string,UnityEngine.Object)
UnityEngine.DebugLogHandler:LogFormat (UnityEngine.LogType,UnityEngine.Object,string,object[])
UnityEngine.Logger:Log (UnityEngine.LogType,object)
UnityEngine.Debug:Log (object)
UnityEditor.TestTools.TestRunner.CommandLineTest.Executer:InitializeAndExecuteRun (string[]) (at ./Library/PackageCache/com.unity.test-framework@bd52b1c23814/UnityEditor.TestRunner/CommandLineTest/Executer.cs:53)
UnityEditor.TestTools.TestRunner.CommandLineTest.TestStarter:InitializeAndExecuteRun () (at ./Library/PackageCache/com.unity.test-framework@bd52b1c23814/UnityEditor.TestRunner/CommandLineTest/TestStarter.cs:64)
UnityEditor.EditorApplication:Internal_CallUpdateFunctions () (at /home/bokken/build/output/unity/unity/Editor/Mono/EditorApplication.cs:384)

(Filename: ./Library/PackageCache/com.unity.test-framework@bd52b1c23814/UnityEditor.TestRunner/CommandLineTest/Executer.cs Line: 53)

DisplayProgressbar: Material Upgrader re-import
Start importing Packages/com.unity.render-pipelines.universal/Runtime/Materials/Decal.mat using Guid(31d0dcc6f2dd4e4408d18036a2c93862) (NativeFormatImporter) -> (artifact id: '8f3d32c29394a79b41f28a25b53defe8') in 0.001112854 seconds
Start importing Packages/com.unity.render-pipelines.universal/Runtime/Materials/Lit.mat using Guid(31321ba15b8f8eb4c954353edc038b1d) (NativeFormatImporter) -> (artifact id: '960643f9fe6857c5d72b0d2fd2085c0e') in 0.000601212 seconds
Start importing Assets/Hollowmere/Scenery/Materials/GroundVillage.mat using Guid(713e4a8c856d6875c9df6859f6a4f960) (NativeFormatImporter) -> (artifact id: '8e8a8a3575acbe896ce8b57cf9ab38cd') in 0.000605203 seconds
Start importing Assets/Hollowmere/World/Prefabs/Lantern.mat using Guid(911842b1b2bff39c88a5577d4380b74c) (NativeFormatImporter) -> (artifact id: '1189a75c8e8613e1fd25f0baffdf7c87') in 0.000594278 seconds
Start importing Assets/Hollowmere/Interactables/Prefabs/CausewayGate.mat using Guid(e1273d4abee0663cdb97dec74f5ff31d) (NativeFormatImporter) -> (artifact id: 'd38245b469119e5904a38e035a221d4d') in 0.000593885 seconds
Start importing Assets/Hollowmere/Scenery/Materials/Reed.mat using Guid(2209f72f758962a97822bc22c61ba1d2) (NativeFormatImporter) -> (artifact id: '750f6e096e6cfa91e4be05da2390118f') in 0.000555505 seconds
Start importing Packages/com.unity.render-pipelines.universal/Editor/SceneTemplates/Standard/Materials/Gold.mat using Guid(c2e40fa84d53ccd428f640eac126b1fb) (NativeFormatImporter) -> (artifact id: '9a75d51d1e747d94c5fd36e74b0d88c1') in 0.000580736 seconds
Start importing Assets/Hollowmere/Scenery/Materials/MossStone.mat using Guid(63bdb57a54a47419d8773aa27705ac1d) (NativeFormatImporter) -> (artifact id: '7dff20719302b067f182e280b595e5df') in 0.000551787 seconds
Start importing Assets/Hollowmere/Interactables/Prefabs/WellBucket.mat using Guid(837be9b6dcc2c8e65aab00060bded8fc) (NativeFormatImporter) -> (artifact id: '423d739197c6a127b57bbf3079523e67') in 0.000558786 seconds
Start importing Assets/Hollowmere/Scenery/Materials/Thatch.mat using Guid(e3dcd598da5abcf9fbf9fb1fe11dd238) (NativeFormatImporter) -> (artifact id: '8d7d382d63fef3b824386e654c884ec0') in 0.000556178 seconds
Start importing Packages/com.unity.render-pipelines.universal/Runtime/Materials/SpriteMask-Default.mat using Guid(15d0c3709176029428a0da2f8cecf0b5) (NativeFormatImporter) -> (artifact id: '9b9123c1145efbdb38e316f85cad951e') in 0.000465237 seconds
Start importing Assets/Hollowmere/Scenery/Materials/ShrineGlow.mat using Guid(554bce7dabc8d758e8fff4f11d9fe04d) (NativeFormatImporter) -> (artifact id: '9bcf4f36fcfd4edc66aed7aac3393662') in 0.000540922 seconds
Start importing Assets/Hollowmere/Scenery/Materials/BlackWater.mat using Guid(a50f9ee368d97c86fb2dbc0f180491e6) (NativeFormatImporter) -> (artifact id: '9908b7eb58864d6e48c7525f9a48c218') in 0.00054654 seconds
Start importing Packages/com.unity.render-pipelines.universal/Runtime/Materials/SpatialMappingOcclusion.mat using Guid(b51db210fe78df745a372851b3db949e) (NativeFormatImporter) -> (artifact id: 'e725b235a682e6bf286c10ab07552b74') in 0.000561725 seconds
Start importing Assets/Hollowmere/Scenery/Materials/Bark.mat using Guid(c5881decd396e19dc85d4745df923580) (NativeFormatImporter) -> (artifact id: '4ca0c3913b740a495c4839533aa55e18') in 0.000571353 seconds
Start importing Packages/com.unity.render-pipelines.universal/Editor/SceneTemplates/Standard/Materials/Ground.mat using Guid(761d8e1f988ed2345a28312145c79c6e) (NativeFormatImporter) -> (artifact id: '97be10e07c1f855859a62635d45b8539') in 0.000584729 seconds
Start importing Assets/Hollowmere/World/Prefabs/Crate.mat using Guid(28346a61812b63be2b91a3f072f4ac60) (NativeFormatImporter) -> (artifact id: '9d74e66a6f26e5e612fb92c405a7463b') in 0.000549159 seconds
Start importing Packages/com.unity.render-pipelines.universal/Runtime/Materials/FullscreenInvertColors.mat using Guid(78a08787ca30045abb69f6f7dd878e09) (NativeFormatImporter) -> (artifact id: 'ee24d1240c4d3093a35a8ce9cd6a6123') in 0.001023875 seconds
Start importing Packages/com.unity.render-pipelines.universal/Runtime/Materials/SpatialMappingWireframe.mat using Guid(9875a245ac49007498213638a307faa1) (NativeFormatImporter) -> (artifact id: '40a3a03ad30c23572795ee7951b74454') in 0.000551166 seconds
Start importing Packages/com.unity.render-pipelines.universal/Runtime/Materials/ParticlesUnlit.mat using Guid(e823cd5b5d27c0f4b8256e7c12ee3e6d) (NativeFormatImporter) -> (artifact id: 'aa862bff269d59d834f13819255630e6') in 0.000508933 seconds
Start importing Assets/Hollowmere/Scenery/Materials/Cloth.mat using Guid(59d591d89c6969fb8ac5ae64a174d032) (NativeFormatImporter) -> (artifact id: 'ce2a7ffa3d789f66f6b8125cad84313f') in 0.000537948 seconds
Start importing Packages/com.unity.render-pipelines.universal/Runtime/Materials/TerrainLit.mat using Guid(594ea882c5a793440b60ff72d896021e) (NativeFormatImporter) -> (artifact id: '32c0756065a4c99773d8b19abfdb7370') in 0.000503412 seconds
Start importing Assets/Hollowmere/World/Prefabs/Traveller.mat using Guid(695cafc4cebe0be4683c45c1e428a8d1) (NativeFormatImporter) -> (artifact id: '9b7da67280074084b8dbe69179ae9e08') in 0.000559972 seconds
Start importing Packages/com.unity.render-pipelines.universal/Runtime/Materials/Sprite-Lit-Default.mat using Guid(a97c105638bdf8b4a8650670310a4cd3) (NativeFormatImporter) -> (artifact id: 'b2cd4e4a5173cb188e255112e4a6b285') in 0.000439649 seconds
Start importing Assets/Hollowmere/Scenery/Materials/Bronze.mat using Guid(f9267e7c7f3858a14b2cfa7d1290c7b4) (NativeFormatImporter) -> (artifact id: '9ba1f274c1e4be21a68c24f3f5ca63da') in 0.00054554 seconds
Start importing Packages/com.unity.render-pipelines.universal/Editor/SceneTemplates/Standard/Materials/White.mat using Guid(f96821bbefeea864b9b418af4b8615ac) (NativeFormatImporter) -> (artifact id: 'b0a10ce88eba78cadb227317064359ad') in 0.000557314 seconds
Start importing Packages/com.unity.render-pipelines.universal/Runtime/Materials/SimpleLit.mat using Guid(6a1143ee683302f4aa628c052723efc1) (NativeFormatImporter) -> (artifact id: '4e947c4ad6c49ec8c3dbccd89f2ba9c5') in 0.000541987 seconds
Start importing Assets/Hollowmere/Scenery/Materials/Leaves.mat using Guid(9a635606b8e14ca43b0f5d8d8420903f) (NativeFormatImporter) -> (artifact id: '369124a2a052d970839d238b15d313ae') in 0.000542058 seconds
Start importing Assets/Hollowmere/Scenery/Materials/LanternGlow.mat using Guid(9ad989929e3f6abf0939545b2ac6d29c) (NativeFormatImporter) -> (artifact id: 'aa797f76b84657e8986ea776daec4c35') in 0.000544637 seconds
Start importing Assets/Hollowmere/World/Prefabs/Reed.mat using Guid(ea9ec61735f711a46a411ddbf2fb0835) (NativeFormatImporter) -> (artifact id: '05ffedc826e5082cba6374b28117dceb') in 0.00053505 seconds
Start importing Assets/Hollowmere/World/Prefabs/Stone.mat using Guid(0bbb6a2ec62dbd6ed99c9b2d5e8fda27) (NativeFormatImporter) -> (artifact id: '0a7c37d53cf442810a25da33197eeb4b') in 0.000527506 seconds
Start importing Assets/Hollowmere/Scenery/Materials/GroundBelfry.mat using Guid(8bb53dd8bab3b475bbda1320015ea2f0) (NativeFormatImporter) -> (artifact id: '7b76881adca40df080d4d1fefc820c14') in 0.00053404 seconds
Start importing Assets/Hollowmere/Scenery/Materials/Cobble.mat using Guid(cbeca43ae13579776b757e82404e62ec) (NativeFormatImporter) -> (artifact id: '98a4fd518a5e8f1a29dae894b6a9fa48') in 0.000543075 seconds
Start importing Assets/Hollowmere/Scenery/Materials/GroundMarsh.mat using Guid(eb73391a1a25ca478a6a0195766dd3d3) (NativeFormatImporter) -> (artifact id: '1ada639a8dc4ed1028f377fb942505ab') in 0.000530112 seconds
Start importing Assets/Hollowmere/Scenery/Materials/Plaster.mat using Guid(2ce0e9a342a4df461b3ef8fc8f5c687b) (NativeFormatImporter) -> (artifact id: 'ecf084c9fe40c85ebf17681d77f570bc') in 0.000531543 seconds
Start importing Assets/Hollowmere/Scenery/Materials/Water.mat using Guid(4c360173c4bb7adc3b7daa94c2cf5a70) (NativeFormatImporter) -> (artifact id: 'b61ba6cdc9e8abf7717c4165aaa72bc1') in 0.000547679 seconds
Start importing Assets/Hollowmere/Scenery/Materials/Timber.mat using Guid(3d3223d30e9f476bebc6b5a69364b197) (NativeFormatImporter) -> (artifact id: '667f4c1c8011f2140e175fd42f6c4458') in 0.000518456 seconds
Start importing Assets/Hollowmere/Npcs/Prefabs/NpcCapsule.mat using Guid(6db5381322a108024b1b8a91e0405e12) (NativeFormatImporter) -> (artifact id: 'ea77e7c2fe06713b0c0706a8a9af1cba') in 0.000555033 seconds
Start importing Packages/com.unity.render-pipelines.universal/Runtime/Materials/Sprite-Unlit-Default.mat using Guid(9dfc825aed78fcd4ba02077103263b40) (NativeFormatImporter) -> (artifact id: '3535407266e63a704ebed07394e8e29d') in 0.000439996 seconds
Start importing Assets/Hollowmere/World/Prefabs/Signpost.mat using Guid(ad46b0c010e025b1ba7850de65835bb8) (NativeFormatImporter) -> (artifact id: '9a629eeaf2b1aa04aafd0c2a63d91dc4') in 0.000516511 seconds
Start importing Assets/Hollowmere/Scenery/Materials/Planks.mat using Guid(4f16c6b7dc318c98c84ac4ee8b4c7941) (NativeFormatImporter) -> (artifact id: '32a698a0560c6e385b28d7b08a583061') in 0.000518355 seconds
Start importing Packages/com.unity.render-pipelines.universal/Editor/SceneTemplates/Standard/Materials/Black.mat using Guid(4f1ef37ae953c484bbc5d5e4049147e5) (NativeFormatImporter) -> (artifact id: 'c073248664ba5268b69bc9cf80293393') in 0.000551177 seconds
Start importing Assets/Hollowmere/World/Prefabs/Bell.mat using Guid(5f4092027bf0baedaa554561a3810e7c) (NativeFormatImporter) -> (artifact id: '6297ada650afc4aed2fcdc63d4528fb6') in 0.001201728 seconds
Start importing Assets/Hollowmere/Scenery/Materials/Stone.mat using Guid(9fa5037e7fefc39bfaa0b68144e64ef4) (NativeFormatImporter) -> (artifact id: 'a38a9a417d67ab6163981f3d2fb24b66') in 0.000521121 seconds
Start importing Packages/com.unity.searcher/Editor/Resources/FlatSkin/Font/Roboto-Black.ttf using Guid(1062c701058745940ae5dca6219c64c8) (TrueTypeFontImporter) -> (artifact id: '3d2ca9ae18e896f9e515bb462bac0909') in 0.003127712 seconds
Start importing Packages/com.unity.searcher/Editor/Resources/FlatSkin/Font/Roboto-Regular.ttf using Guid(30dc370b164eefc43b95744fc796dad0) (TrueTypeFontImporter) -> (artifact id: '7832638d633eff303fcf3ed8f8c85e78') in 0.000850915 seconds
Start importing Packages/com.unity.searcher/Editor/Resources/FlatSkin/Font/Roboto-ThinItalic.ttf using Guid(b2ea3b3f1765e544b9eb5bd1a93a91ce) (TrueTypeFontImporter) -> (artifact id: '4f6c2aa7215fb21f189270f0bbe3b50e') in 0.000838843 seconds
Start importing Packages/com.unity.render-pipelines.core/Runtime/Debugging/Prefabs/Fonts/PerfectDOSVGA437.ttf using Guid(74a5091d8707f334b9a5c31ef71a64ba) (TrueTypeFontImporter) -> (artifact id: 'b1e2b4726236af250e8a9e0edefa19ad') in 0.000683358 seconds
Start importing Packages/com.unity.searcher/Editor/Resources/FlatSkin/Font/Roboto-Medium.ttf using Guid(a51a3aebb43ac044989270407476b208) (TrueTypeFontImporter) -> (artifact id: 'e7322fcc653770ceff992dbaffdc342c') in 0.000843775 seconds
Start importing Packages/com.unity.searcher/Editor/Resources/FlatSkin/Font/Roboto-Bold.ttf using Guid(3750c318f40cab44a97d3a81beaefeb3) (TrueTypeFontImporter) -> (artifact id: '111caa903ed7225ec6078e61ef9fb671') in 0.000802666 seconds
Start importing Packages/com.unity.searcher/Editor/Resources/FlatSkin/Font/Roboto-Italic.ttf using Guid(c839255fc8f6b4b4d90bf8c1af9f9bd1) (TrueTypeFontImporter) -> (artifact id: '8fb74d7c7a155d1ca255c69a209f86ab') in 0.000844182 seconds
Start importing Packages/com.unity.searcher/Editor/Resources/FlatSkin/Font/Roboto-Thin.ttf using Guid(19a9abb883540be48b75b951a927ae03) (TrueTypeFontImporter) -> (artifact id: 'b0f726bd0974874e2c0598b808b85eed') in 0.000842964 seconds
Start importing Packages/com.unity.searcher/Editor/Resources/FlatSkin/Font/Roboto-MediumItalic.ttf using Guid(d93c1bc57fdf1ac4dad1bf04fac05464) (TrueTypeFontImporter) -> (artifact id: 'e37e57e9981fdfe39977ebf001f95a35') in 0.00080994 seconds
Start importing Packages/com.unity.searcher/Editor/Resources/FlatSkin/Font/Roboto-BlackItalic.ttf using Guid(f95147a9bab9fe649b8070170fa7ebd2) (TrueTypeFontImporter) -> (artifact id: '7352c0e7207c5b52e94f2677e4fad37a') in 0.000790965 seconds
Start importing Packages/com.unity.searcher/Editor/Resources/FlatSkin/Font/Roboto-Light.ttf using Guid(2a29e27936eb547458f646f71125b264) (TrueTypeFontImporter) -> (artifact id: '030c3049eebc0c442f157756287951d7') in 0.000750321 seconds
Start importing Packages/com.unity.searcher/Editor/Resources/FlatSkin/Font/Roboto-LightItalic.ttf using Guid(5e63515167650a541b309ba3bfd4db3d) (TrueTypeFontImporter) -> (artifact id: '2acb95d6e05d7756b0e095214c4bf8e6') in 0.000782447 seconds
Start importing Packages/com.unity.searcher/Editor/Resources/FlatSkin/Font/Roboto-BoldItalic.ttf using Guid(dfb97a9307a577a41bcacba34b9a7e32) (TrueTypeFontImporter) -> (artifact id: '51a36f17beac0bd54da540106340b9d8') in 0.000800771 seconds
Start importing Packages/com.unity.render-pipelines.universal/Runtime/Materials/ArnoldStandardSurface/ArnoldStandardSurfaceTransparent.shadergraph using Guid(30fa68ce467463643a86b839ca0eb195) (ScriptedImporter) -> (artifact id: '8fc0ff3f85a90c5130bf3270e7243190') in 0.33703716 seconds
Start importing Packages/com.unity.render-pipelines.universal/Shaders/AutodeskInteractive/AutodeskInteractiveMasked.shadergraph using Guid(80aa867ac363ac043847b06ad71604cd) (ScriptedImporter) -> (artifact id: '1710ad3feff674f0fdd404dca67d30af') in 0.10447434 seconds
Start importing Packages/com.unity.render-pipelines.universal/Shaders/2D/VFXSpriteLit.shadergraph using Guid(24a73dccd7b6fad4798be282f96a21f4) (ScriptedImporter) -> (artifact id: '5c800554f4918d2481e16be201c8c76e') in 0.086620963 seconds
Start importing Packages/com.unity.render-pipelines.universal/Runtime/Materials/PhysicalMaterial3DsMax/PhysicalMaterial3DsMax.shadergraph using Guid(44245ab89240f51459a5077d7145c452) (ScriptedImporter) -> (artifact id: '07436cb67b88c78c816edac04e26a215') in 0.089337867 seconds
Start importing Packages/com.unity.render-pipelines.universal/Runtime/Materials/ArnoldStandardSurface/ArnoldStandardSurface.shadergraph using Guid(3739e562a03fc0b4982d8aa66cc50865) (ScriptedImporter) -> (artifact id: '2da4cada6b181800187a91f1f3d6c72a') in 0.085677641 seconds
Start importing Packages/com.unity.render-pipelines.universal/Shaders/2D/VFXSpriteUnlit.shadergraph using Guid(d7288f66e4fb0634c9afef98c31b722a) (ScriptedImporter) -> (artifact id: 'f857dd8b113cb04ea68882fc5378ac39') in 0.048984651 seconds
Start importing Packages/com.unity.render-pipelines.universal/Shaders/Nature/SpeedTree8_PBRLit.shadergraph using Guid(9920c1f1781549a46ba081a2a15a16ec) (ScriptedImporter) -> (artifact id: '0e262520feb8c53edda491304a51ecd9') in 0.905214185 seconds
Start importing Packages/com.unity.render-pipelines.universal/Runtime/Materials/PhysicalMaterial3DsMax/PhysicalMaterial3DsMaxTransparent.shadergraph using Guid(1a207e3bee00db44b940e6f362a8e148) (ScriptedImporter) -> (artifact id: '324b0866b974ffc32393ff8c001a69ec') in 0.097663237 seconds
Start importing Packages/com.unity.render-pipelines.universal/Shaders/Decal.shadergraph using Guid(9b4e681081e2b4c469111bb649e2f7ee) (ScriptedImporter) -> (artifact id: '6acad91e000775ea9efb37a2bfba7973') in 0.089480283 seconds
Start importing Packages/com.unity.render-pipelines.universal/Shaders/Nature/SpeedTree9_URP.shadergraph using Guid(cbd3e1cc4ae141c42a30e33b4d666a61) (ScriptedImporter) -> (artifact id: 'b7b91e002f57a0067e0e06cdcce3ba6e') in 0.746602391 seconds
Start importing Packages/com.unity.render-pipelines.universal/Shaders/FullscreenInvertColors.shadergraph using Guid(fb6390f650ca44a5ba3246d8dda47927) (ScriptedImporter) -> (artifact id: '7a53917a475e82f1e66f413fdc68f9d8') in 0.044926872 seconds
Start importing Packages/com.unity.render-pipelines.universal/Shaders/AutodeskInteractive/AutodeskInteractiveTransparent.shadergraph using Guid(5c81372d981403744adbdda4433c9c11) (ScriptedImporter) -> (artifact id: '96d27a6638f6898a0494ad4dd56ac7b8') in 0.091835125 seconds
Start importing Packages/com.unity.render-pipelines.universal/Shaders/AutodeskInteractive/AutodeskInteractive.shadergraph using Guid(0e9d5a909a1f7e84882a534d0d11e49f) (ScriptedImporter) -> (artifact id: 'bb1d157d4f06a2a75f92ef82e7b2fd4c') in 0.094155658 seconds
Start importing Assets/Hollowmere/UI/Theme/HollowmereTheme.tss using Guid(90e0f2de55b54915a87cde66f14e0b4a) (ScriptedImporter) -> (artifact id: 'f580981d8f0316befd780a9e709ed224') in 0.040185928 seconds
Shader Hidden/ProbeVolume/VoxelizeScene is not supported: GPU does not support conservative rasterization
Refreshing native plugins compatible for Editor in 0.24 ms, found 1 plugins.
Preloading 0 native plugins for Editor in 0.00 ms.
Asset Pipeline Refresh (id=a37644aad0edb7f2f9ca849691b95f38): Total: 3.226 seconds - Initiated by StopAssetImportingV2(NoUpdateAssetOptions)
	Summary:
		Imports: total=71 (actual=71, local cache=0, cache server=0)
		Asset DB Process Time: managed=2 ms, native=2979 ms
		Asset DB Callback time: managed=20 ms, native=224 ms
		Scripting: domain reloads=0, domain reload time=0 ms, compile time=0 ms, other=0 ms
		Project Asset Count: scripts=1807, non-scripts=2649
		Asset File Changes: new=0, changed=0, moved=0, deleted=0
		Scan Filter Count: 106
	InvokeCustomDependenciesCallbacks: 0.001ms
	InvokePackagesCallback: 0.000ms
	ApplyChangesToAssetFolders: 0.128ms
	Scan: 6.308ms
	OnSourceAssetsModified: 0.000ms
	CategorizeAssetsWithTransientArtifact: 0.053ms
	ProcessAssetsWithTransientArtifactChanges: 0.210ms
	CategorizeAssets: 1.166ms
	ImportOutOfDateAssets: 2970.370ms (-6.732ms without children)
		ImportManagerImport: 2968.158ms (57.784ms without children)
			ImportInProcess: 2907.904ms
			UpdateCategorizedAssets: 2.470ms
		ReloadNativeAssets: 0.020ms
		UnloadImportedAssets: 1.051ms
		ReloadImportedAssets: 6.982ms
		EnsureUptoDateAssetsAreRegisteredWithGuidPM: 0.499ms
		InitializingProgressBar: 0.004ms
		PostProcessAllAssetNotificationsAddChangedAssets: 0.000ms
		OnDemandSchedulerStart: 0.388ms
	PostProcessAllAssets: 244.246ms
	Hotreload: 0.486ms
	GatherAllCurrentPrimaryArtifactRevisions: 0.217ms
	UnloadStreamsBegin: 0.002ms
	PersistCurrentRevisions: 0.176ms
	UnloadStreamsEnd: 0.033ms
	Untracked: 3.082ms

[UnityConnectServicesConfig] config is NOT valid, switching to default
Created GICache directory at /home/worlesenric/.cache/unity3d/GiCache. Took: 0.001s, timestamps: [41.110 - 41.112]
Unloading 114 Unused Serialized files (Serialized files now loaded: 0)
Unloading 189 unused Assets / (3.4 MB). Loaded Objects now: 6864.
Memory consumption went from 271.7 MB to 268.4 MB.
Total: 14.183228 ms (FindLiveObjects: 0.235680 ms CreateObjectMapping: 0.169777 ms MarkObjects: 12.875926 ms  DeleteObjects: 0.900802 ms)

Start importing Assets/InitTestScene027a2643-0f4b-4447-804a-3b4d25af2993.unity using Guid(4636afe4f7d2e7436b53648adcd86844) (DefaultImporter) -> (artifact id: '8c194375157fffceb5a19fcdffbca161') in 0.00069274 seconds
Refreshing native plugins compatible for Editor in 0.21 ms, found 1 plugins.
Preloading 0 native plugins for Editor in 0.00 ms.
Asset Pipeline Refresh (id=96b67d6ae09a00f779885fb6b7198a12): Total: 0.021 seconds - Initiated by StopAssetImportingV2(NoUpdateAssetOptions)
Executing IPrebuildSetup for: Unity.PerformanceTesting.Editor.TestRunBuilder.
UnityEngine.Debug:ExtractStackTraceNoAlloc (byte*,int,string)
UnityEngine.StackTraceUtility:ExtractStackTrace () (at /home/bokken/build/output/unity/unity/Runtime/Export/Scripting/StackTrace.cs:35)
UnityEngine.DebugLogHandler:Internal_Log (UnityEngine.LogType,UnityEngine.LogOption,string,UnityEngine.Object)
UnityEngine.DebugLogHandler:LogFormat (UnityEngine.LogType,UnityEngine.Object,string,object[])
UnityEngine.Logger:Log (UnityEngine.LogType,object)
UnityEngine.Debug:Log (object)
UnityEditor.TestTools.TestRunner.TestRun.Tasks.BuildActionTaskBase`1/<ExecuteMethods>d__8<UnityEngine.TestTools.IPrebuildSetup>:MoveNext () (at ./Library/PackageCache/com.unity.test-framework@bd52b1c23814/UnityEditor.TestRunner/TestRun/Tasks/BuildActionTaskBase.cs:48)
UnityEditor.TestTools.TestRunner.TestRun.Tasks.BuildActionTaskBase`1/<Execute>d__7<UnityEngine.TestTools.IPrebuildSetup>:MoveNext () (at ./Library/PackageCache/com.unity.test-framework@bd52b1c23814/UnityEditor.TestRunner/TestRun/Tasks/BuildActionTaskBase.cs:34)
UnityEditor.TestTools.TestRunner.TestRun.TestJobRunner:ExecuteStep () (at ./Library/PackageCache/com.unity.test-framework@bd52b1c23814/UnityEditor.TestRunner/TestRun/TestJobRunner.cs:173)
UnityEditor.TestTools.TestRunner.TestRun.TestJobRunner:ExecuteCallback () (at ./Library/PackageCache/com.unity.test-framework@bd52b1c23814/UnityEditor.TestRunner/TestRun/TestJobRunner.cs:108)
UnityEditor.EditorApplication:Internal_CallUpdateFunctions () (at /home/bokken/build/output/unity/unity/Editor/Mono/EditorApplication.cs:384)

(Filename: ./Library/PackageCache/com.unity.test-framework@bd52b1c23814/UnityEditor.TestRunner/TestRun/Tasks/BuildActionTaskBase.cs Line: 48)

Reloading assemblies for play mode.
Reloading assemblies after forced synchronous recompile.
Begin MonoManager ReloadAssembly
Symbol file LoadedFromMemory is not a mono symbol file
- Loaded All Assemblies, in  0.711 seconds
Refreshing native plugins compatible for Editor in 0.25 ms, found 1 plugins.
Native extension for LinuxStandalone target not found
Native extension for OSXStandalone target not found
Assembly reference Packages/com.unity.entities/Unity.Scenes.Editor/Internals/Properties/Unity.Properties.Internals.asmref has no target assembly definition
TypeManager.Initialize took: 128ms
Mono: successfully reloaded assembly
[MODES] ModeService[none].Initialize
[MODES] ModeService[none].LoadModes
- Finished resetting the current domain, in  1.425 seconds
Domain Reload Profiling: 2131ms
	BeginReloadAssembly (411ms)
		ExecutionOrderSort (0ms)
		DisableScriptedObjects (13ms)
		BackupInstance (0ms)
		ReleaseScriptingObjects (0ms)
		CreateAndSetChildDomain (296ms)
	RebuildCommonClasses (35ms)
	RebuildNativeTypeToScriptingClass (9ms)
	initialDomainReloadingComplete (27ms)
	LoadAllAssembliesAndSetupDomain (224ms)
		LoadAssemblies (90ms)
		RebuildTransferFunctionScriptingTraits (0ms)
		AnalyzeDomain (182ms)
			TypeCache.Refresh (7ms)
				TypeCache.ScanAssembly (0ms)
			BuildScriptInfoCaches (162ms)
			ResolveRequiredComponents (11ms)
	FinalizeReload (1425ms)
		ReleaseScriptCaches (0ms)
		RebuildScriptCaches (0ms)
		SetupLoadedEditorAssemblies (1029ms)
			LogAssemblyErrors (0ms)
			InitializePlatformSupportModulesInManaged (104ms)
			SetLoadedEditorAssemblies (8ms)
			BeforeProcessingInitializeOnLoad (164ms)
			ProcessInitializeOnLoadAttributes (531ms)
			ProcessInitializeOnLoadMethodAttributes (218ms)
			AfterProcessingInitializeOnLoad (3ms)
			EditorAssembliesLoaded (0ms)
		ExecutionOrderSort2 (0ms)
		AwakeInstancesAfterBackupRestoration (32ms)
Asset Pipeline Refresh (id=5539236bcaf3bb2d285979f5ed4e04d1): Total: 2.263 seconds - Initiated by StopAssetImportingV2(ForceSynchronousImport | ForceDomainReload)
	Summary:
		Imports: total=0 (actual=0, local cache=0, cache server=0)
		Asset DB Process Time: managed=0 ms, native=1516 ms
		Asset DB Callback time: managed=23 ms, native=0 ms
		Scripting: domain reloads=1, domain reload time=721 ms, compile time=1 ms, other=0 ms
		Project Asset Count: scripts=1807, non-scripts=2650
		Asset File Changes: new=0, changed=0, moved=0, deleted=0
		Scan Filter Count: 0
	InvokeCustomDependenciesCallbacks: 0.002ms
	InvokePackagesCallback: 2.504ms
	ApplyChangesToAssetFolders: 0.398ms
	Scan: 0.001ms
	OnSourceAssetsModified: 0.001ms
	CategorizeAssetsWithTransientArtifact: 0.004ms
	ProcessAssetsWithTransientArtifactChanges: 3.446ms
	CategorizeAssets: 49.968ms
	ImportOutOfDateAssets: 1430.618ms (1424.616ms without children)
		CompileScripts: 1.184ms
		CollectScriptTypesHashes: 2.843ms
		ReloadNativeAssets: 0.797ms
		UnloadImportedAssets: 0.043ms
		EnsureUptoDateAssetsAreRegisteredWithGuidPM: 0.734ms
		InitializingProgressBar: 0.000ms
		PostProcessAllAssetNotificationsAddChangedAssets: 0.000ms
		OnDemandSchedulerStart: 0.400ms
	PostProcessAllAssets: 23.216ms
	GatherAllCurrentPrimaryArtifactRevisions: 0.179ms
	UnloadStreamsBegin: 0.059ms
	PersistCurrentRevisions: 0.175ms
	UnloadStreamsEnd: 0.001ms
	GenerateScriptTypeHashes: 4.044ms
	Untracked: 752.462ms

Loaded scene 'Temp/__Backupscenes/0.backup'
	Deserialize:            0.963 ms
	Integration:            354.798 ms
	Integration of assets:  0.001 ms
	Thread Wait Time:       0.006 ms
	Total Operation Time:   355.769 ms
Unloading 245 Unused Serialized files (Serialized files now loaded: 0)
UnloadTime: 0.048588 ms
Loaded scene 'Assets/Hollowmere/Boot/Boot.unity'
	Deserialize:            47.913 ms
	Integration:            190.169 ms
	Integration of assets:  3.261 ms
	Thread Wait Time:       0.205 ms
	Total Operation Time:   241.548 ms
Refreshing native plugins compatible for Editor in 0.24 ms, found 1 plugins.
Preloading 0 native plugins for Editor in 0.00 ms.
Unloading 24 unused Assets / (256.7 KB). Loaded Objects now: 7633.
Memory consumption went from 436.3 MB to 436.0 MB.
Total: 16.683150 ms (FindLiveObjects: 0.301646 ms CreateObjectMapping: 0.243297 ms MarkObjects: 14.883890 ms  DeleteObjects: 1.253279 ms)

Loaded scene 'Assets/Hollowmere/Regions/ThornwickVillage.unity'
	Deserialize:            10.163 ms
	Integration:            38.357 ms
	Integration of assets:  0.344 ms
	Thread Wait Time:       15.963 ms
	Total Operation Time:   64.827 ms
Saving results to: /home/worlesenric/.config/unity3d/GameCore/Hollowmere/TestResults.xml
Saving results to: /home/worlesenric/wkspace/gc-studio/r7-c/artifacts/studio/verification/W-PLUG-11/r7-voice-baseline/results.xml
Unloading 91 Unused Serialized files (Serialized files now loaded: 0)
Loaded scene 'Temp/__Backupscenes/0.backup'
	Deserialize:            0.433 ms
	Integration:            235.154 ms
	Integration of assets:  0.001 ms
	Thread Wait Time:       0.016 ms
	Total Operation Time:   235.604 ms
Unloading 38 unused Assets / (38.9 KB). Loaded Objects now: 7537.
Memory consumption went from 357.5 MB to 357.5 MB.
Total: 18.423625 ms (FindLiveObjects: 0.290303 ms CreateObjectMapping: 0.215408 ms MarkObjects: 17.621296 ms  DeleteObjects: 0.295717 ms)

Executing IPostBuildCleanup for: Unity.PerformanceTesting.Editor.TestRunBuilder.
UnityEngine.Debug:ExtractStackTraceNoAlloc (byte*,int,string)
UnityEngine.StackTraceUtility:ExtractStackTrace () (at /home/bokken/build/output/unity/unity/Runtime/Export/Scripting/StackTrace.cs:35)
UnityEngine.DebugLogHandler:Internal_Log (UnityEngine.LogType,UnityEngine.LogOption,string,UnityEngine.Object)
UnityEngine.DebugLogHandler:LogFormat (UnityEngine.LogType,UnityEngine.Object,string,object[])
UnityEngine.Logger:Log (UnityEngine.LogType,object)
UnityEngine.Debug:Log (object)
UnityEditor.TestTools.TestRunner.TestRun.Tasks.BuildActionTaskBase`1/<ExecuteMethods>d__8<UnityEngine.TestTools.IPostBuildCleanup>:MoveNext () (at ./Library/PackageCache/com.unity.test-framework@bd52b1c23814/UnityEditor.TestRunner/TestRun/Tasks/BuildActionTaskBase.cs:48)
UnityEditor.TestTools.TestRunner.TestRun.Tasks.BuildActionTaskBase`1/<Execute>d__7<UnityEngine.TestTools.IPostBuildCleanup>:MoveNext () (at ./Library/PackageCache/com.unity.test-framework@bd52b1c23814/UnityEditor.TestRunner/TestRun/Tasks/BuildActionTaskBase.cs:34)
UnityEditor.TestTools.TestRunner.TestRun.TestJobRunner:ExecuteStep () (at ./Library/PackageCache/com.unity.test-framework@bd52b1c23814/UnityEditor.TestRunner/TestRun/TestJobRunner.cs:173)
UnityEditor.TestTools.TestRunner.TestRun.TestJobRunner:ExecuteCallback () (at ./Library/PackageCache/com.unity.test-framework@bd52b1c23814/UnityEditor.TestRunner/TestRun/TestJobRunner.cs:108)
UnityEditor.EditorApplication:Internal_CallUpdateFunctions () (at /home/bokken/build/output/unity/unity/Editor/Mono/EditorApplication.cs:384)

(Filename: ./Library/PackageCache/com.unity.test-framework@bd52b1c23814/UnityEditor.TestRunner/TestRun/Tasks/BuildActionTaskBase.cs Line: 48)

Unloading 0 Unused Serialized files (Serialized files now loaded: 0)
Unloading 0 unused Assets / (0 B). Loaded Objects now: 7542.
Memory consumption went from 353.8 MB to 353.8 MB.
Total: 18.116613 ms (FindLiveObjects: 0.255288 ms CreateObjectMapping: 0.171232 ms MarkObjects: 17.676468 ms  DeleteObjects: 0.012503 ms)

Refreshing native plugins compatible for Editor in 0.26 ms, found 1 plugins.
Preloading 0 native plugins for Editor in 0.00 ms.
Asset Pipeline Refresh (id=fe0fd4394ea249a9397d401a5aeec3ca): Total: 0.071 seconds - Initiated by StopAssetImportingV2(NoUpdateAssetOptions)
DisplayProgressbar: Undo
Test run completed. Exiting with code 2 (Failed). One or more tests failed.
UnityEngine.Debug:ExtractStackTraceNoAlloc (byte*,int,string)
UnityEngine.StackTraceUtility:ExtractStackTrace () (at /home/bokken/build/output/unity/unity/Runtime/Export/Scripting/StackTrace.cs:35)
UnityEngine.DebugLogHandler:Internal_Log (UnityEngine.LogType,UnityEngine.LogOption,string,UnityEngine.Object)
UnityEngine.DebugLogHandler:LogFormat (UnityEngine.LogType,UnityEngine.Object,string,object[])
UnityEngine.Logger:Log (UnityEngine.LogType,object)
UnityEngine.Debug:Log (object)
UnityEditor.TestTools.TestRunner.CommandLineTest.Executer:ExitApplication (UnityEditor.TestTools.TestRunner.CommandLineTest.Executer/ReturnCodes,string) (at ./Library/PackageCache/com.unity.test-framework@bd52b1c23814/UnityEditor.TestRunner/CommandLineTest/Executer.cs:81)
UnityEditor.TestTools.TestRunner.CommandLineTest.Executer:ExitIfRunIsCompleted () (at ./Library/PackageCache/com.unity.test-framework@bd52b1c23814/UnityEditor.TestRunner/CommandLineTest/Executer.cs:74)
UnityEditor.EditorApplication:Internal_CallUpdateFunctions () (at /home/bokken/build/output/unity/unity/Editor/Mono/EditorApplication.cs:384)

(Filename: ./Library/PackageCache/com.unity.test-framework@bd52b1c23814/UnityEditor.TestRunner/CommandLineTest/Executer.cs Line: 81)

Unloading 0 Unused Serialized files (Serialized files now loaded: 0)
Unloading 4 unused Assets / (0 B). Loaded Objects now: 7543.
Memory consumption went from 371.7 MB to 371.7 MB.
Total: 14.619869 ms (FindLiveObjects: 0.267869 ms CreateObjectMapping: 0.115106 ms MarkObjects: 14.212453 ms  DeleteObjects: 0.023712 ms)

[Physics::Module] Cleanup current backned.
[Physics::Module] Id: 0xf2b8ea05
Input System module state changed to: ShutdownInProgress.
Input System polling thread exited.
Input System module state changed to: Shutdown.
[Licensing::IpcConnector] LicenseClient-worlesenric-notifications channel disconnected successfully.
[Licensing::IpcConnector] LicenseClient-worlesenric channel disconnected successfully.
AcceleratorClientConnectionCallback - disconnected - :0
[40m[32minfo[39m[22m[49m: Microsoft.Hosting.Lifetime[0]
      Application is shutting down...
[40m[32minfo[39m[22m[49m: Unity.ILPP.Runner.PostProcessingAssemblyLoadContext[0]
      ALC ILPP context 1 is unloading
Cleanup mono
debugger-agent: Unable to listen on 54
[Package Manager] Server process was shutdown
Checking for leaked weakptr:
  Found no leaked weakptrs.
##utp:{"type": "MemoryLeaks", "version": 2, "phase": "Immediate", "time": 1791323548866, "processId": 4179104, "allocatedMemory": 16190795, "memoryLabels": [{"Default": 13965}, {"Permanent": 16147}, {"Thread": 1084616}, {"Manager": 3081329}, {"VertexData": 8}, {"Geometry": 408}, {"VFX": -104}, {"Texture": 296}, {"Shader": 79875}, {"Material": 24}, {"GfxDevice": 36048}, {"Animation": 456}, {"Audio": 4032}, {"Font": 1782565}, {"FreeType": 63500}, {"FontEngine": 320}, {"Physics": 2081}, {"Serialization": 376}, {"Input": 26752}, {"JobScheduler": 33024}, {"TextLib": 160}, {"Mono": 32}, {"MonoCode": 96}, {"ScriptingNativeRuntime": 155096}, {"BaseObject": 1622832}, {"Resource": 1032}, {"Renderer": 2928}, {"Transform": 4678}, {"File": 12516}, {"WebCam": 80}, {"Culling": 32}, {"Terrain": 11298}, {"Wind": 24}, {"String": 13029}, {"DynamicArray": 106333}, {"HashMap": 126847}, {"Utility": 2665104}, {"PoolAlloc": 4112}, {"AI": 72}, {"TypeTree": 5005}, {"ScriptManager": 512}, {"RuntimeInitializeOnLoadManager": 64}, {"SpriteAtlas": 112}, {"GI": 7448}, {"Director": 8208}, {"WebRequest": 808}, {"VR": 45689}, {"SceneManager": 528}, {"Video": 64}, {"LazyScriptCache": 32}, {"NativeArray": 1080}, {"Camera": 17}, {"Secure": 265}, {"SerializationCache": 1576}, {"APIUpdating": 10320}, {"Subsystems": 336}, {"VirtualTexturing": 57552}, {"StaticSafetyDebugInfo": 278528}, {"Analytics": 256}, {"Hierarchy": 832}, {"CoreStats": 12456}, {"Identifiers": 12384}, {"Gui": 112}, {"EditorUtility": 36757}, {"VersionControl": 4}, {"Undo": 979}, {"AssetDatabase": 4716698}, {"EditorGi": 328}, {"UnityConnect": 24816}, {"Upm": 1852}, {"DrivenProperties": 72}, {"LocalIPC": 210}, {"ProfilerEditor": 9746}, {"CoreBusinessMetrics": 2378}, {"Licensing": 688}, {"AssetReference": 32}, {"IPCStream": 32}]}
