test_r3_d14_templates_prices_and_apply_diff (test_install.Installer.test_r3_d14_templates_prices_and_apply_diff) ... ok
test_r3_d15_copy_is_immutable_atomic_switch_and_rollback (test_install.Installer.test_r3_d15_copy_is_immutable_atomic_switch_and_rollback) ... ok
test_r3_d24_register_preserves_config_and_matches_client_identity (test_install.Installer.test_r3_d24_register_preserves_config_and_matches_client_identity) ... ok

----------------------------------------------------------------------
Ran 3 tests in 1.243s

OK
healthy: 0.1.0-b3bb10554403b0c2; previous release retained: /tmp/tmpfusns37o/build-clone
healthy: 0.1.0-ab08e3559633fe5b; previous release retained: 0.1.0-b3bb10554403b0c2
unchanged: release 0.1.0-ab08e3559633fe5b (checksums verified)
healthy: 0.1.0-ab08e3559633fe5b; previous release retained: 0.1.0-ab08e3559633fe5b
--- /tmp/tmp4vl31hdj/agents/gamecore-studio/state/config.toml
+++ /tmp/tmp4vl31hdj/agents/gamecore-studio/state/config.toml
@@ -11,10 +11,10 @@
 # Copy the required keys into the companion state directory's config.toml.
 # This is an example only; no installed service configuration is changed by R2-F.
 [stage]
-confinement = "docker"
-docker_image = "gamecore-stage:6000.0.75f1-v1"
-# Degraded environments can explicitly choose confinement = "host".
-# There is no automatic fallback. Admission UI must warn for host verdicts.
+"command" = "~/wkspace/gc-studio/p4.2/studio/stage/stage.sh"
+"confinement" = "docker"
+"docker_image" = "gamecore-stage:6000.0.75f1-v1"

 [stage.projects]
-# "<stable SHA-256 project id>" = "/absolute/path/to/Unity/project"
+"d89efa7d8bdcfc368adf46a0c59a32ff1582ec1b55cfc9e5571390c15bd77ddf" = "/tmp/tmp4vl31hdj/project space"
+

registered d89efa7d8bdcfc368adf46a0c59a32ff1582ec1b55cfc9e5571390c15bd77ddf -> /tmp/tmp4vl31hdj/project space
registered d89efa7d8bdcfc368adf46a0c59a32ff1582ec1b55cfc9e5571390c15bd77ddf -> /tmp/tmp4vl31hdj/project space
--- /tmp/tmp4vl31hdj/agents/gamecore-studio/state/config.toml
+++ /tmp/tmp4vl31hdj/agents/gamecore-studio/state/config.toml
@@ -16,5 +16,6 @@
 "docker_image" = "gamecore-stage:6000.0.75f1-v1"

 [stage.projects]
+"bbbbbbbbbbbbbbbbbbbbbbbbbbbbbbbbbbbbbbbbbbbbbbbbbbbbbbbbbbbbbbbb" = "/tmp/tmp4vl31hdj/second"
 "d89efa7d8bdcfc368adf46a0c59a32ff1582ec1b55cfc9e5571390c15bd77ddf" = "/tmp/tmp4vl31hdj/project space"


registered bbbbbbbbbbbbbbbbbbbbbbbbbbbbbbbbbbbbbbbbbbbbbbbbbbbbbbbbbbbbbbbb -> /tmp/tmp4vl31hdj/second
