[2026-10-08T00:25:29.629Z][INFO] Command-line: ~/Unity/Hub/Editor/6000.0.75f1/Editor/Data/Resources/PackageManager/Server/UnityPackageManager -s 711476 -ipc -ipc-path /tmp/Unity-Upm-711476.sock -l 2 --log-file ~/wkspace/gc-studio/p4.2l/artifacts/studio/verification/W-DOC-02/p42l-lever-literal-review-20261008T002528.602047Z/upm.log
[2026-10-08T00:25:29.640Z][INFO] IPC server started (IPC path=/tmp/Unity-Upm-711476.sock).
[2026-10-08T00:25:29.640Z][INFO] Hint: To connect to this UPM instance, launch Unity with the command-line parameter -upmIpcPath Upm-711476.
[2026-10-08T00:25:30.780Z][INFO] project:add-dependency <-- Request received
params: {
  "packageId": "com.unity.toolchain.linux-x86_64"
}
[2026-10-08T00:25:51.009Z][INFO] project:add-dependency --> 200 (20230 ms)
[2026-10-08T00:25:51.339Z][INFO] project:list-packages <-- Request received
params: {}
[2026-10-08T00:25:51.401Z][INFO] project:list-packages <-- Request received
params: {}
[2026-10-08T00:25:51.412Z][INFO] project:list-packages <-- Request received
params: {}
[2026-10-08T00:25:51.421Z][INFO] config:project:get-registries <-- Request received
params: {}
[2026-10-08T00:25:51.446Z][INFO] config:project:get-registries --> 200 (25 ms)
[2026-10-08T00:25:52.383Z][INFO] project:list-packages --> 200 (1044 ms)
[2026-10-08T00:25:52.641Z][INFO] project:list-packages --> 200 (1240 ms)
[2026-10-08T00:25:53.810Z][INFO] project:list-packages --> 200 (2398 ms)
[2026-10-08T00:25:54.187Z][INFO] project:list-packages <-- Request received
params: {}
[2026-10-08T00:25:54.506Z][INFO] project:list-packages --> 200 (319 ms)
[2026-10-08T00:25:57.287Z][INFO] project:list-packages <-- Request received
params: {}
[2026-10-08T00:25:57.297Z][INFO] project:list-packages <-- Request received
params: {}
[2026-10-08T00:25:57.318Z][INFO] config:project:get-registries <-- Request received
params: {}
[2026-10-08T00:25:57.336Z][INFO] config:project:get-registries --> 200 (17 ms)
[2026-10-08T00:25:58.052Z][INFO] project:list-packages --> 200 (766 ms)
[2026-10-08T00:25:58.111Z][INFO] project:list-packages --> 200 (814 ms)
[2026-10-08T00:26:00.680Z][INFO] project:list-packages <-- Request received
params: {}
[2026-10-08T00:26:00.691Z][INFO] project:list-packages <-- Request received
params: {}
[2026-10-08T00:26:01.274Z][INFO] project:list-packages --> 200 (594 ms)
[2026-10-08T00:26:01.302Z][INFO] project:list-packages --> 200 (611 ms)
[2026-10-08T00:26:04.598Z][INFO] project:list-packages <-- Request received
params: {}
[2026-10-08T00:26:04.863Z][INFO] project:list-packages --> 200 (265 ms)
[2026-10-08T00:26:04.992Z][INFO] project:list-packages <-- Request received
params: {}
[2026-10-08T00:26:05.002Z][INFO] project:list-packages <-- Request received
params: {}
[2026-10-08T00:26:05.013Z][INFO] config:project:get-registries <-- Request received
params: {}
[2026-10-08T00:26:05.022Z][INFO] config:project:get-registries --> 200 (9 ms)
[2026-10-08T00:26:05.267Z][INFO] project:list-packages --> 200 (265 ms)
[2026-10-08T00:26:16.454Z][INFO] project:resolve-packages <-- Request received
params: {}
[2026-10-08T00:26:24.924Z][WARN] Requested version [3.1.3] for package [com.unity.serialization] overridden by minimum version [3.1.5].
[2026-10-08T00:26:24.924Z][WARN] Requested version [1.23.1] for package [com.unity.scriptablebuildpipeline] overridden by minimum version [2.6.1].
[2026-10-08T00:26:24.924Z][WARN] Requested version [3.0.3] for package [com.unity.test-framework.performance] overridden by minimum version [3.4.0].
[2026-10-08T00:26:24.930Z][INFO] project:list-packages --> 200 (19938 ms)
[2026-10-08T00:26:24.959Z][INFO] project:resolve-packages --> 200 (8505 ms)
[2026-10-08T00:26:25.025Z][INFO] config:project:get-registries <-- Request received
params: {}
[2026-10-08T00:26:25.028Z][INFO] config:project:get-registries --> 200 (3 ms)
[2026-10-08T00:26:25.037Z][INFO] project:list-packages <-- Request received
params: {}
[2026-10-08T00:26:25.365Z][INFO] project:list-packages --> 200 (328 ms)
[2026-10-08T00:26:33.518Z][INFO] project:list-packages <-- Request received
params: {}
[2026-10-08T00:26:33.794Z][INFO] project:list-packages --> 200 (276 ms)
[2026-10-08T00:26:33.943Z][INFO] project:list-packages <-- Request received
params: {}
[2026-10-08T00:26:33.953Z][INFO] project:list-packages <-- Request received
params: {}
[2026-10-08T00:26:33.965Z][INFO] config:project:get-registries <-- Request received
params: {}
[2026-10-08T00:26:33.986Z][INFO] config:project:get-registries --> 200 (21 ms)
[2026-10-08T00:26:34.531Z][INFO] project:list-packages --> 200 (578 ms)
[2026-10-08T00:26:35.932Z][INFO] project:list-packages --> 200 (1989 ms)
[2026-10-08T00:26:39.680Z][INFO] project:list-packages <-- Request received
params: {}
[2026-10-08T00:26:40.026Z][INFO] project:list-packages --> 200 (346 ms)
[2026-10-08T00:26:40.166Z][INFO] config:project:get-registries <-- Request received
params: {}
[2026-10-08T00:26:40.170Z][INFO] config:project:get-registries --> 200 (4 ms)
[2026-10-08T00:26:54.668Z][INFO] project:resolve-packages <-- Request received
params: {}
[2026-10-08T00:27:14.873Z][WARN] Requested version [3.1.3] for package [com.unity.serialization] overridden by minimum version [3.1.5].
[2026-10-08T00:27:14.873Z][WARN] Requested version [1.23.1] for package [com.unity.scriptablebuildpipeline] overridden by minimum version [2.6.1].
[2026-10-08T00:27:14.873Z][WARN] Requested version [3.0.3] for package [com.unity.test-framework.performance] overridden by minimum version [3.4.0].
[2026-10-08T00:27:14.884Z][INFO] project:resolve-packages --> 200 (20216 ms)
[2026-10-08T00:27:14.948Z][INFO] config:project:get-registries <-- Request received
params: {}
[2026-10-08T00:27:14.957Z][INFO] config:project:get-registries --> 200 (9 ms)
[2026-10-08T00:27:14.961Z][INFO] project:list-packages <-- Request received
params: {}
[2026-10-08T00:27:15.844Z][INFO] project:list-packages --> 200 (884 ms)
[2026-10-08T00:27:25.303Z][INFO] project:list-packages <-- Request received
params: {}
[2026-10-08T00:27:25.752Z][INFO] project:list-packages --> 200 (449 ms)
[2026-10-08T00:27:25.972Z][INFO] project:list-packages <-- Request received
params: {}
[2026-10-08T00:27:25.982Z][INFO] config:project:get-registries <-- Request received
params: {}
[2026-10-08T00:27:25.999Z][INFO] config:project:get-registries --> 200 (17 ms)
[2026-10-08T00:27:26.413Z][INFO] project:list-packages --> 200 (441 ms)
[2026-10-08T00:27:32.522Z][INFO] Received shutdown request (SIGINT), shutting down Unity Package Manager
