[2026-10-07T12:07:35.548Z][INFO] Command-line: ~/Unity/Hub/Editor/6000.0.75f1/Editor/Data/Resources/PackageManager/Server/UnityPackageManager -s 2593541 -ipc -ipc-path /tmp/Unity-Upm-2593541.sock -l 2 --log-file ~/wkspace/gc-studio/p4.2j/artifacts/studio/verification/W-UI-03/p42j-lantern-20261007T120734.848863Z/upm.log
[2026-10-07T12:07:35.553Z][INFO] IPC server started (IPC path=/tmp/Unity-Upm-2593541.sock).
[2026-10-07T12:07:35.553Z][INFO] Hint: To connect to this UPM instance, launch Unity with the command-line parameter -upmIpcPath Upm-2593541.
[2026-10-07T12:07:36.197Z][INFO] project:add-dependency <-- Request received
params: {
  "packageId": "com.unity.toolchain.linux-x86_64"
}
[2026-10-07T12:08:05.309Z][INFO] project:add-dependency --> 200 (29112 ms)
[2026-10-07T12:08:05.557Z][INFO] project:list-packages <-- Request received
params: {}
[2026-10-07T12:08:05.609Z][INFO] project:list-packages <-- Request received
params: {}
[2026-10-07T12:08:05.618Z][INFO] project:list-packages <-- Request received
params: {}
[2026-10-07T12:08:05.628Z][INFO] config:project:get-registries <-- Request received
params: {}
[2026-10-07T12:08:05.671Z][INFO] config:project:get-registries --> 200 (43 ms)
[2026-10-07T12:08:06.538Z][INFO] project:list-packages --> 200 (981 ms)
[2026-10-07T12:08:06.773Z][INFO] project:list-packages --> 200 (1165 ms)
[2026-10-07T12:08:08.269Z][INFO] project:list-packages <-- Request received
params: {}
[2026-10-07T12:08:08.617Z][INFO] project:list-packages --> 200 (348 ms)
[2026-10-07T12:08:09.549Z][INFO] project:list-packages --> 200 (3931 ms)
[2026-10-07T12:08:11.319Z][INFO] project:list-packages <-- Request received
params: {}
[2026-10-07T12:08:11.329Z][INFO] project:list-packages <-- Request received
params: {}
[2026-10-07T12:08:11.340Z][INFO] config:project:get-registries <-- Request received
params: {}
[2026-10-07T12:08:11.361Z][INFO] config:project:get-registries --> 200 (21 ms)
[2026-10-07T12:08:11.846Z][INFO] project:list-packages --> 200 (517 ms)
[2026-10-07T12:08:13.828Z][INFO] project:list-packages <-- Request received
params: {}
[2026-10-07T12:08:13.842Z][INFO] project:list-packages <-- Request received
params: {}
[2026-10-07T12:08:14.576Z][INFO] project:list-packages --> 200 (748 ms)
[2026-10-07T12:08:26.645Z][INFO] Received shutdown request (SIGINT), shutting down Unity Package Manager
