<?xml version="1.0" encoding="utf-8"?>
<TestRun id="d171b83d-6381-4b3b-b77b-36c72c144756" name="@worlesenric 2026-09-26 08:34:55" xmlns="http://microsoft.com/schemas/VisualStudio/TeamTest/2010">
  <Times creation="2026-09-26T08:34:55.5619546+08:00" queuing="2026-09-26T08:34:55.5619546+08:00" start="2026-09-26T08:34:53.3119868+08:00" finish="2026-09-26T08:34:55.6063906+08:00" />
  <TestSettings name="default" id="9ac250a2-492d-4c50-939e-3b081f1b87c9">
    <Deployment runDeploymentRoot="_worlesenric_2026-09-26_08_34_55" />
  </TestSettings>
  <Results>
    <UnitTestResult executionId="2ed9b83c-168e-4e46-a49b-0ff3b4e89716" testId="519a552f-32a6-4257-fa11-72fdcf4dc9de" testName="SetScoreDeltaAddsTheEffectiveBonusAndNeverWraps" computerName="worlesenric" duration="00:00:00.0006910" startTime="2026-09-26T08:34:55.4922759+08:00" endTime="2026-09-26T08:34:55.4929667+08:00" testType="13cdc9d9-ddb5-4fa4-a97d-d965ccfc6d4b" outcome="Passed" testListId="8c84fa94-04c1-424b-9868-57a2d4851a1d" relativeResultsDirectory="2ed9b83c-168e-4e46-a49b-0ff3b4e89716" />
    <UnitTestResult executionId="05669ddf-c749-4b4c-af9a-bbb7fc0f66da" testId="ae904a00-c94e-4814-d2a7-96f6c7b2f93f" testName="TransferCommitsRemoveThenAddThenAdvance" computerName="worlesenric" duration="00:00:00.0004740" startTime="2026-09-26T08:34:55.4991542+08:00" endTime="2026-09-26T08:34:55.4996284+08:00" testType="13cdc9d9-ddb5-4fa4-a97d-d965ccfc6d4b" outcome="Passed" testListId="8c84fa94-04c1-424b-9868-57a2d4851a1d" relativeResultsDirectory="05669ddf-c749-4b4c-af9a-bbb7fc0f66da" />
    <UnitTestResult executionId="75ca5c6d-ee32-4280-aab9-704dece48457" testId="c91a7a90-7f22-6a86-4603-af8f26b20c9d" testName="AMalformedSetIsReportedBeforeTheTurnViolation" computerName="worlesenric" duration="00:00:00.0015730" startTime="2026-09-26T08:34:55.4653908+08:00" endTime="2026-09-26T08:34:55.4669632+08:00" testType="13cdc9d9-ddb5-4fa4-a97d-d965ccfc6d4b" outcome="Passed" testListId="8c84fa94-04c1-424b-9868-57a2d4851a1d" relativeResultsDirectory="75ca5c6d-ee32-4280-aab9-704dece48457" />
    <UnitTestResult executionId="c5f6479d-be3d-4e2d-86bc-9791316e5fa3" testId="ff51cdde-eb71-e72d-af96-01bb17b37104" testName="ContestRejectionsAreReportedInOrder" computerName="worlesenric" duration="00:00:00.0004410" startTime="2026-09-26T08:34:55.4816516+08:00" endTime="2026-09-26T08:34:55.4820923+08:00" testType="13cdc9d9-ddb5-4fa4-a97d-d965ccfc6d4b" outcome="Passed" testListId="8c84fa94-04c1-424b-9868-57a2d4851a1d" relativeResultsDirectory="c5f6479d-be3d-4e2d-86bc-9791316e5fa3" />
    <UnitTestResult executionId="baffaa12-18f4-4bd0-a9c8-b0db86b88105" testId="9adef63f-c360-f752-76a7-e14d6cd25dc7" testName="TryReduceBonusFoldsTheContributionsInAscendingIndexOrder" computerName="worlesenric" duration="00:00:00.0007260" startTime="2026-09-26T08:34:55.4996419+08:00" endTime="2026-09-26T08:34:55.5003678+08:00" testType="13cdc9d9-ddb5-4fa4-a97d-d965ccfc6d4b" outcome="Passed" testListId="8c84fa94-04c1-424b-9868-57a2d4851a1d" relativeResultsDirectory="baffaa12-18f4-4bd0-a9c8-b0db86b88105" />
    <UnitTestResult executionId="a9df18d6-194a-430c-b4e2-d3bf1511d6f3" testId="7c434f2a-1b10-74e0-400f-92915459aa10" testName="EveryRejectedSettlementWritesNothing" computerName="worlesenric" duration="00:00:00.0025440" startTime="2026-09-26T08:34:55.4859009+08:00" endTime="2026-09-26T08:34:55.4884444+08:00" testType="13cdc9d9-ddb5-4fa4-a97d-d965ccfc6d4b" outcome="Passed" testListId="8c84fa94-04c1-424b-9868-57a2d4851a1d" relativeResultsDirectory="a9df18d6-194a-430c-b4e2-d3bf1511d6f3" />
    <UnitTestResult executionId="0106852e-0b8d-477e-a147-d6d4f1509f7d" testId="ccdc1d9e-e387-2864-866e-b68fad7ed8aa" testName="DerivedStableIdentitiesMatchTheContractAndSlotDerivations" computerName="worlesenric" duration="00:00:00.0071190" startTime="2026-09-26T08:34:55.4424164+08:00" endTime="2026-09-26T08:34:55.4495348+08:00" testType="13cdc9d9-ddb5-4fa4-a97d-d965ccfc6d4b" outcome="Passed" testListId="8c84fa94-04c1-424b-9868-57a2d4851a1d" relativeResultsDirectory="0106852e-0b8d-477e-a147-d6d4f1509f7d" />
    <UnitTestResult executionId="c9f415bb-5230-4956-9e36-c59f637aec6a" testId="c6d576f9-0715-758d-504d-e37239a8782e" testName="TheContestWinnerIsTheSmallestSeatThenTheSmallestSequence" computerName="worlesenric" duration="00:00:00.0004110" startTime="2026-09-26T08:34:55.4957667+08:00" endTime="2026-09-26T08:34:55.4961779+08:00" testType="13cdc9d9-ddb5-4fa4-a97d-d965ccfc6d4b" outcome="Passed" testListId="8c84fa94-04c1-424b-9868-57a2d4851a1d" relativeResultsDirectory="c9f415bb-5230-4956-9e36-c59f637aec6a" />
    <UnitTestResult executionId="41b519ca-61d5-4329-a2fd-b348e5c54d60" testId="2c0569f4-5ee7-f3c0-f602-c80155892da9" testName="ContestResolutionIsIndependentOfCandidateOrder" computerName="worlesenric" duration="00:00:00.0037690" startTime="2026-09-26T08:34:55.4821102+08:00" endTime="2026-09-26T08:34:55.4858786+08:00" testType="13cdc9d9-ddb5-4fa4-a97d-d965ccfc6d4b" outcome="Passed" testListId="8c84fa94-04c1-424b-9868-57a2d4851a1d" relativeResultsDirectory="41b519ca-61d5-4329-a2fd-b348e5c54d60" />
    <UnitTestResult executionId="214b21bd-8532-4259-8329-4d12a587c69a" testId="1e073206-7bbe-c476-5a97-a74fbb9a7f62" testName="VersionedReferencesCarryTheirVersionAndTheFirstRevision" computerName="worlesenric" duration="00:00:00.0037470" startTime="2026-09-26T08:34:55.4547155+08:00" endTime="2026-09-26T08:34:55.4584618+08:00" testType="13cdc9d9-ddb5-4fa4-a97d-d965ccfc6d4b" outcome="Passed" testListId="8c84fa94-04c1-424b-9868-57a2d4851a1d" relativeResultsDirectory="214b21bd-8532-4259-8329-4d12a587c69a" />
    <UnitTestResult executionId="5f40ab35-85b3-4b38-a886-ac232f9ac2e3" testId="eb1d00e8-3f5a-6e94-af5b-e262b6fde077" testName="DocumentedBonusValuesAndStratumAreUnchanged" computerName="worlesenric" duration="00:00:00.0019400" startTime="2026-09-26T08:34:55.4497351+08:00" endTime="2026-09-26T08:34:55.4516745+08:00" testType="13cdc9d9-ddb5-4fa4-a97d-d965ccfc6d4b" outcome="Passed" testListId="8c84fa94-04c1-424b-9868-57a2d4851a1d" relativeResultsDirectory="5f40ab35-85b3-4b38-a886-ac232f9ac2e3" />
    <UnitTestResult executionId="39710131-0969-45af-a1a0-ebd96ceca5ec" testId="f5e87bae-7c1d-c948-ada3-208533d624d7" testName="TheEmptyWriteSetIsCanonicalAndBounded" computerName="worlesenric" duration="00:00:00.0009650" startTime="2026-09-26T08:34:55.4963615+08:00" endTime="2026-09-26T08:34:55.4973261+08:00" testType="13cdc9d9-ddb5-4fa4-a97d-d965ccfc6d4b" outcome="Passed" testListId="8c84fa94-04c1-424b-9868-57a2d4851a1d" relativeResultsDirectory="39710131-0969-45af-a1a0-ebd96ceca5ec" />
    <UnitTestResult executionId="94b678c9-b5b9-4e32-ad73-71b4dd0372d8" testId="81d9775d-fafb-4492-c4a9-db15a201f522" testName="TheTableVersionIsCheckedBeforeEverythingElse" computerName="worlesenric" duration="00:00:00.0002180" startTime="2026-09-26T08:34:55.4989172+08:00" endTime="2026-09-26T08:34:55.4991355+08:00" testType="13cdc9d9-ddb5-4fa4-a97d-d965ccfc6d4b" outcome="Passed" testListId="8c84fa94-04c1-424b-9868-57a2d4851a1d" relativeResultsDirectory="94b678c9-b5b9-4e32-ad73-71b4dd0372d8" />
    <UnitTestResult executionId="2daa21c4-743f-4b9f-a1d8-c391ea9b8126" testId="af25eb29-465a-ffa4-3298-3d34cff67abe" testName="TheAlwaysPredicateReportsItsKeyAndNameAndAcceptsEveryTarget" computerName="worlesenric" duration="00:00:00.0003230" startTime="2026-09-26T08:34:55.4950425+08:00" endTime="2026-09-26T08:34:55.4953650+08:00" testType="13cdc9d9-ddb5-4fa4-a97d-d965ccfc6d4b" outcome="Passed" testListId="8c84fa94-04c1-424b-9868-57a2d4851a1d" relativeResultsDirectory="2daa21c4-743f-4b9f-a1d8-c391ea9b8126" />
    <UnitTestResult executionId="765b3e9c-b2b2-4241-a7bb-3372f709c66e" testId="92d02aab-b8f7-7ef6-1793-83543221d144" testName="IdMatchesTheIndependentlyComputedSha256Derivation" computerName="worlesenric" duration="00:00:00.0006050" startTime="2026-09-26T08:34:55.4516977+08:00" endTime="2026-09-26T08:34:55.4523021+08:00" testType="13cdc9d9-ddb5-4fa4-a97d-d965ccfc6d4b" outcome="Passed" testListId="8c84fa94-04c1-424b-9868-57a2d4851a1d" relativeResultsDirectory="765b3e9c-b2b2-4241-a7bb-3372f709c66e" />
    <UnitTestResult executionId="d7a1e748-d5a9-44d5-929f-d3727b665e53" testId="9ea90c2f-3d98-451a-1d0e-4ae62c25e5fb" testName="TheBoundedCandidateCheckPrecedesTheCommandRules" computerName="worlesenric" duration="00:00:00.0003660" startTime="2026-09-26T08:34:55.4953850+08:00" endTime="2026-09-26T08:34:55.4957506+08:00" testType="13cdc9d9-ddb5-4fa4-a97d-d965ccfc6d4b" outcome="Passed" testListId="8c84fa94-04c1-424b-9868-57a2d4851a1d" relativeResultsDirectory="d7a1e748-d5a9-44d5-929f-d3727b665e53" />
    <UnitTestResult executionId="fe4f6ba2-e621-4e59-98eb-88dfa0c67267" testId="ee6ecdf7-4840-eabd-7df0-fdca90ac935a" testName="SubmitSetCommitsRemovalsInAscendingCardOrderThenScoreThenAdvance" computerName="worlesenric" duration="00:00:00.0020339" startTime="2026-09-26T08:34:55.4929868+08:00" endTime="2026-09-26T08:34:55.4950210+08:00" testType="13cdc9d9-ddb5-4fa4-a97d-d965ccfc6d4b" outcome="Passed" testListId="8c84fa94-04c1-424b-9868-57a2d4851a1d" relativeResultsDirectory="fe4f6ba2-e621-4e59-98eb-88dfa0c67267" />
    <UnitTestResult executionId="88f806f6-5813-4f26-9eb8-a477dce93a5b" testId="db4d8ecc-8e46-a328-adac-b0c5cf025971" testName="AContestWithoutPairedCandidatesIsRejected" computerName="worlesenric" duration="00:00:00.0040700" startTime="2026-09-26T08:34:55.4612896+08:00" endTime="2026-09-26T08:34:55.4653590+08:00" testType="13cdc9d9-ddb5-4fa4-a97d-d965ccfc6d4b" outcome="Passed" testListId="8c84fa94-04c1-424b-9868-57a2d4851a1d" relativeResultsDirectory="88f806f6-5813-4f26-9eb8-a477dce93a5b" />
    <UnitTestResult executionId="b6ae0738-0f93-470e-a1d8-83ab53b46bad" testId="8a6e0247-5f61-fe0a-3640-6b7f0e3bfdee" testName="TheRegisteredReducerReportsItsKeyAndNameAndDelegates" computerName="worlesenric" duration="00:00:00.0015560" startTime="2026-09-26T08:34:55.4973433+08:00" endTime="2026-09-26T08:34:55.4988991+08:00" testType="13cdc9d9-ddb5-4fa4-a97d-d965ccfc6d4b" outcome="Passed" testListId="8c84fa94-04c1-424b-9868-57a2d4851a1d" relativeResultsDirectory="b6ae0738-0f93-470e-a1d8-83ab53b46bad" />
    <UnitTestResult executionId="b2e33627-3589-462e-aa79-3a893b90170a" testId="d20aa38d-f63e-f0cf-f1ed-d365b54c45c7" testName="TypedWrappersAndTheirRawFactoriesAgree" computerName="worlesenric" duration="00:00:00.0023379" startTime="2026-09-26T08:34:55.4523578+08:00" endTime="2026-09-26T08:34:55.4546950+08:00" testType="13cdc9d9-ddb5-4fa4-a97d-d965ccfc6d4b" outcome="Passed" testListId="8c84fa94-04c1-424b-9868-57a2d4851a1d" relativeResultsDirectory="b2e33627-3589-462e-aa79-3a893b90170a" />
    <UnitTestResult executionId="574e2423-aadd-4701-9754-936e1e13efe7" testId="140d8673-578b-9eef-bed7-670bb9b1a2b5" testName="VocabulariesAreByteIdenticalToTheGc006CardFixture" computerName="worlesenric" duration="00:00:00.0008080" startTime="2026-09-26T08:34:55.4584859+08:00" endTime="2026-09-26T08:34:55.4592941+08:00" testType="13cdc9d9-ddb5-4fa4-a97d-d965ccfc6d4b" outcome="Passed" testListId="8c84fa94-04c1-424b-9868-57a2d4851a1d" relativeResultsDirectory="574e2423-aadd-4701-9754-936e1e13efe7" />
    <UnitTestResult executionId="ddfead87-6a80-4351-a0d1-45178a89ce57" testId="d8679568-559e-a42d-708b-f4f890457899" testName="AProviderInstallationSharesItsInstanceIdentity" computerName="worlesenric" duration="00:00:00.0127810" startTime="2026-09-26T08:34:55.4285213+08:00" endTime="2026-09-26T08:34:55.4412638+08:00" testType="13cdc9d9-ddb5-4fa4-a97d-d965ccfc6d4b" outcome="Passed" testListId="8c84fa94-04c1-424b-9868-57a2d4851a1d" relativeResultsDirectory="ddfead87-6a80-4351-a0d1-45178a89ce57" />
    <UnitTestResult executionId="5de91bbc-2793-4064-bc51-b943d0434306" testId="9de09990-f712-f6fe-6d51-5373284917a8" testName="TheDocumentedBoundsAreUnchanged" computerName="worlesenric" duration="00:00:00.0001550" startTime="2026-09-26T08:34:55.4961939+08:00" endTime="2026-09-26T08:34:55.4963490+08:00" testType="13cdc9d9-ddb5-4fa4-a97d-d965ccfc6d4b" outcome="Passed" testListId="8c84fa94-04c1-424b-9868-57a2d4851a1d" relativeResultsDirectory="5de91bbc-2793-4064-bc51-b943d0434306" />
    <UnitTestResult executionId="9eebd842-13c6-450c-ae40-e5d04cd00e5b" testId="3d864deb-efa9-9780-e717-f62815f16940" testName="ASelfAddressedTransferIsRejectedEvenWhenTheHandIsFull" computerName="worlesenric" duration="00:00:00.0007970" startTime="2026-09-26T08:34:55.4682088+08:00" endTime="2026-09-26T08:34:55.4690061+08:00" testType="13cdc9d9-ddb5-4fa4-a97d-d965ccfc6d4b" outcome="Passed" testListId="8c84fa94-04c1-424b-9868-57a2d4851a1d" relativeResultsDirectory="9eebd842-13c6-450c-ae40-e5d04cd00e5b" />
    <UnitTestResult executionId="dde4b0fd-1008-4a55-aee3-31b8440eb990" testId="0da8ddd5-6def-6ce3-b99f-118776896ef9" testName="ATransferIntoAHandAtCapacityIsAcceptedOnlyBelowTheBound" computerName="worlesenric" duration="00:00:00.0032640" startTime="2026-09-26T08:34:55.4718746+08:00" endTime="2026-09-26T08:34:55.4751387+08:00" testType="13cdc9d9-ddb5-4fa4-a97d-d965ccfc6d4b" outcome="Passed" testListId="8c84fa94-04c1-424b-9868-57a2d4851a1d" relativeResultsDirectory="dde4b0fd-1008-4a55-aee3-31b8440eb990" />
    <UnitTestResult executionId="b11765f5-855e-4e2f-b798-ae8fac652a66" testId="91a2378d-be3a-eab0-d604-6f1aea50c735" testName="CardHandToleratesNullAndReportsMembership" computerName="worlesenric" duration="00:00:00.0064370" startTime="2026-09-26T08:34:55.4751656+08:00" endTime="2026-09-26T08:34:55.4816024+08:00" testType="13cdc9d9-ddb5-4fa4-a97d-d965ccfc6d4b" outcome="Passed" testListId="8c84fa94-04c1-424b-9868-57a2d4851a1d" relativeResultsDirectory="b11765f5-855e-4e2f-b798-ae8fac652a66" />
  </Results>
  <TestDefinitions>
    <UnitTest name="AProviderInstallationSharesItsInstanceIdentity" storage="/home/worlesenric/wkspace/gc-wt/w5-gate/dotnet/tests/gamecore.rules.cards.tests/bin/release/net8.0/gamecore.rules.cards.tests.dll" id="d8679568-559e-a42d-708b-f4f890457899">
      <Execution id="ddfead87-6a80-4351-a0d1-45178a89ce57" />
      <TestMethod codeBase="/home/worlesenric/wkspace/gc-wt/w5-gate/dotnet/tests/GameCore.Rules.Cards.Tests/bin/Release/net8.0/GameCore.Rules.Cards.Tests.dll" adapterTypeName="executor://nunit3testexecutor/" className="GameCore.Rules.Cards.Tests.CardIdentityTests" name="AProviderInstallationSharesItsInstanceIdentity" />
    </UnitTest>
    <UnitTest name="TheContestWinnerIsTheSmallestSeatThenTheSmallestSequence" storage="/home/worlesenric/wkspace/gc-wt/w5-gate/dotnet/tests/gamecore.rules.cards.tests/bin/release/net8.0/gamecore.rules.cards.tests.dll" id="c6d576f9-0715-758d-504d-e37239a8782e">
      <Execution id="c9f415bb-5230-4956-9e36-c59f637aec6a" />
      <TestMethod codeBase="/home/worlesenric/wkspace/gc-wt/w5-gate/dotnet/tests/GameCore.Rules.Cards.Tests/bin/Release/net8.0/GameCore.Rules.Cards.Tests.dll" adapterTypeName="executor://nunit3testexecutor/" className="GameCore.Rules.Cards.Tests.CardRulesTests" name="TheContestWinnerIsTheSmallestSeatThenTheSmallestSequence" />
    </UnitTest>
    <UnitTest name="TransferCommitsRemoveThenAddThenAdvance" storage="/home/worlesenric/wkspace/gc-wt/w5-gate/dotnet/tests/gamecore.rules.cards.tests/bin/release/net8.0/gamecore.rules.cards.tests.dll" id="ae904a00-c94e-4814-d2a7-96f6c7b2f93f">
      <Execution id="05669ddf-c749-4b4c-af9a-bbb7fc0f66da" />
      <TestMethod codeBase="/home/worlesenric/wkspace/gc-wt/w5-gate/dotnet/tests/GameCore.Rules.Cards.Tests/bin/Release/net8.0/GameCore.Rules.Cards.Tests.dll" adapterTypeName="executor://nunit3testexecutor/" className="GameCore.Rules.Cards.Tests.CardRulesTests" name="TransferCommitsRemoveThenAddThenAdvance" />
    </UnitTest>
    <UnitTest name="EveryRejectedSettlementWritesNothing" storage="/home/worlesenric/wkspace/gc-wt/w5-gate/dotnet/tests/gamecore.rules.cards.tests/bin/release/net8.0/gamecore.rules.cards.tests.dll" id="7c434f2a-1b10-74e0-400f-92915459aa10">
      <Execution id="a9df18d6-194a-430c-b4e2-d3bf1511d6f3" />
      <TestMethod codeBase="/home/worlesenric/wkspace/gc-wt/w5-gate/dotnet/tests/GameCore.Rules.Cards.Tests/bin/Release/net8.0/GameCore.Rules.Cards.Tests.dll" adapterTypeName="executor://nunit3testexecutor/" className="GameCore.Rules.Cards.Tests.CardRulesTests" name="EveryRejectedSettlementWritesNothing" />
    </UnitTest>
    <UnitTest name="TypedWrappersAndTheirRawFactoriesAgree" storage="/home/worlesenric/wkspace/gc-wt/w5-gate/dotnet/tests/gamecore.rules.cards.tests/bin/release/net8.0/gamecore.rules.cards.tests.dll" id="d20aa38d-f63e-f0cf-f1ed-d365b54c45c7">
      <Execution id="b2e33627-3589-462e-aa79-3a893b90170a" />
      <TestMethod codeBase="/home/worlesenric/wkspace/gc-wt/w5-gate/dotnet/tests/GameCore.Rules.Cards.Tests/bin/Release/net8.0/GameCore.Rules.Cards.Tests.dll" adapterTypeName="executor://nunit3testexecutor/" className="GameCore.Rules.Cards.Tests.CardIdentityTests" name="TypedWrappersAndTheirRawFactoriesAgree" />
    </UnitTest>
    <UnitTest name="TheBoundedCandidateCheckPrecedesTheCommandRules" storage="/home/worlesenric/wkspace/gc-wt/w5-gate/dotnet/tests/gamecore.rules.cards.tests/bin/release/net8.0/gamecore.rules.cards.tests.dll" id="9ea90c2f-3d98-451a-1d0e-4ae62c25e5fb">
      <Execution id="d7a1e748-d5a9-44d5-929f-d3727b665e53" />
      <TestMethod codeBase="/home/worlesenric/wkspace/gc-wt/w5-gate/dotnet/tests/GameCore.Rules.Cards.Tests/bin/Release/net8.0/GameCore.Rules.Cards.Tests.dll" adapterTypeName="executor://nunit3testexecutor/" className="GameCore.Rules.Cards.Tests.CardRulesTests" name="TheBoundedCandidateCheckPrecedesTheCommandRules" />
    </UnitTest>
    <UnitTest name="ASelfAddressedTransferIsRejectedEvenWhenTheHandIsFull" storage="/home/worlesenric/wkspace/gc-wt/w5-gate/dotnet/tests/gamecore.rules.cards.tests/bin/release/net8.0/gamecore.rules.cards.tests.dll" id="3d864deb-efa9-9780-e717-f62815f16940">
      <Execution id="9eebd842-13c6-450c-ae40-e5d04cd00e5b" />
      <TestMethod codeBase="/home/worlesenric/wkspace/gc-wt/w5-gate/dotnet/tests/GameCore.Rules.Cards.Tests/bin/Release/net8.0/GameCore.Rules.Cards.Tests.dll" adapterTypeName="executor://nunit3testexecutor/" className="GameCore.Rules.Cards.Tests.CardRulesTests" name="ASelfAddressedTransferIsRejectedEvenWhenTheHandIsFull" />
    </UnitTest>
    <UnitTest name="TheEmptyWriteSetIsCanonicalAndBounded" storage="/home/worlesenric/wkspace/gc-wt/w5-gate/dotnet/tests/gamecore.rules.cards.tests/bin/release/net8.0/gamecore.rules.cards.tests.dll" id="f5e87bae-7c1d-c948-ada3-208533d624d7">
      <Execution id="39710131-0969-45af-a1a0-ebd96ceca5ec" />
      <TestMethod codeBase="/home/worlesenric/wkspace/gc-wt/w5-gate/dotnet/tests/GameCore.Rules.Cards.Tests/bin/Release/net8.0/GameCore.Rules.Cards.Tests.dll" adapterTypeName="executor://nunit3testexecutor/" className="GameCore.Rules.Cards.Tests.CardRulesTests" name="TheEmptyWriteSetIsCanonicalAndBounded" />
    </UnitTest>
    <UnitTest name="ATransferIntoAHandAtCapacityIsAcceptedOnlyBelowTheBound" storage="/home/worlesenric/wkspace/gc-wt/w5-gate/dotnet/tests/gamecore.rules.cards.tests/bin/release/net8.0/gamecore.rules.cards.tests.dll" id="0da8ddd5-6def-6ce3-b99f-118776896ef9">
      <Execution id="dde4b0fd-1008-4a55-aee3-31b8440eb990" />
      <TestMethod codeBase="/home/worlesenric/wkspace/gc-wt/w5-gate/dotnet/tests/GameCore.Rules.Cards.Tests/bin/Release/net8.0/GameCore.Rules.Cards.Tests.dll" adapterTypeName="executor://nunit3testexecutor/" className="GameCore.Rules.Cards.Tests.CardRulesTests" name="ATransferIntoAHandAtCapacityIsAcceptedOnlyBelowTheBound" />
    </UnitTest>
    <UnitTest name="SetScoreDeltaAddsTheEffectiveBonusAndNeverWraps" storage="/home/worlesenric/wkspace/gc-wt/w5-gate/dotnet/tests/gamecore.rules.cards.tests/bin/release/net8.0/gamecore.rules.cards.tests.dll" id="519a552f-32a6-4257-fa11-72fdcf4dc9de">
      <Execution id="2ed9b83c-168e-4e46-a49b-0ff3b4e89716" />
      <TestMethod codeBase="/home/worlesenric/wkspace/gc-wt/w5-gate/dotnet/tests/GameCore.Rules.Cards.Tests/bin/Release/net8.0/GameCore.Rules.Cards.Tests.dll" adapterTypeName="executor://nunit3testexecutor/" className="GameCore.Rules.Cards.Tests.CardRulesTests" name="SetScoreDeltaAddsTheEffectiveBonusAndNeverWraps" />
    </UnitTest>
    <UnitTest name="IdMatchesTheIndependentlyComputedSha256Derivation" storage="/home/worlesenric/wkspace/gc-wt/w5-gate/dotnet/tests/gamecore.rules.cards.tests/bin/release/net8.0/gamecore.rules.cards.tests.dll" id="92d02aab-b8f7-7ef6-1793-83543221d144">
      <Execution id="765b3e9c-b2b2-4241-a7bb-3372f709c66e" />
      <TestMethod codeBase="/home/worlesenric/wkspace/gc-wt/w5-gate/dotnet/tests/GameCore.Rules.Cards.Tests/bin/Release/net8.0/GameCore.Rules.Cards.Tests.dll" adapterTypeName="executor://nunit3testexecutor/" className="GameCore.Rules.Cards.Tests.CardIdentityTests" name="IdMatchesTheIndependentlyComputedSha256Derivation" />
    </UnitTest>
    <UnitTest name="DocumentedBonusValuesAndStratumAreUnchanged" storage="/home/worlesenric/wkspace/gc-wt/w5-gate/dotnet/tests/gamecore.rules.cards.tests/bin/release/net8.0/gamecore.rules.cards.tests.dll" id="eb1d00e8-3f5a-6e94-af5b-e262b6fde077">
      <Execution id="5f40ab35-85b3-4b38-a886-ac232f9ac2e3" />
      <TestMethod codeBase="/home/worlesenric/wkspace/gc-wt/w5-gate/dotnet/tests/GameCore.Rules.Cards.Tests/bin/Release/net8.0/GameCore.Rules.Cards.Tests.dll" adapterTypeName="executor://nunit3testexecutor/" className="GameCore.Rules.Cards.Tests.CardIdentityTests" name="DocumentedBonusValuesAndStratumAreUnchanged" />
    </UnitTest>
    <UnitTest name="VersionedReferencesCarryTheirVersionAndTheFirstRevision" storage="/home/worlesenric/wkspace/gc-wt/w5-gate/dotnet/tests/gamecore.rules.cards.tests/bin/release/net8.0/gamecore.rules.cards.tests.dll" id="1e073206-7bbe-c476-5a97-a74fbb9a7f62">
      <Execution id="214b21bd-8532-4259-8329-4d12a587c69a" />
      <TestMethod codeBase="/home/worlesenric/wkspace/gc-wt/w5-gate/dotnet/tests/GameCore.Rules.Cards.Tests/bin/Release/net8.0/GameCore.Rules.Cards.Tests.dll" adapterTypeName="executor://nunit3testexecutor/" className="GameCore.Rules.Cards.Tests.CardIdentityTests" name="VersionedReferencesCarryTheirVersionAndTheFirstRevision" />
    </UnitTest>
    <UnitTest name="TheAlwaysPredicateReportsItsKeyAndNameAndAcceptsEveryTarget" storage="/home/worlesenric/wkspace/gc-wt/w5-gate/dotnet/tests/gamecore.rules.cards.tests/bin/release/net8.0/gamecore.rules.cards.tests.dll" id="af25eb29-465a-ffa4-3298-3d34cff67abe">
      <Execution id="2daa21c4-743f-4b9f-a1d8-c391ea9b8126" />
      <TestMethod codeBase="/home/worlesenric/wkspace/gc-wt/w5-gate/dotnet/tests/GameCore.Rules.Cards.Tests/bin/Release/net8.0/GameCore.Rules.Cards.Tests.dll" adapterTypeName="executor://nunit3testexecutor/" className="GameCore.Rules.Cards.Tests.CardRulesTests" name="TheAlwaysPredicateReportsItsKeyAndNameAndAcceptsEveryTarget" />
    </UnitTest>
    <UnitTest name="TryReduceBonusFoldsTheContributionsInAscendingIndexOrder" storage="/home/worlesenric/wkspace/gc-wt/w5-gate/dotnet/tests/gamecore.rules.cards.tests/bin/release/net8.0/gamecore.rules.cards.tests.dll" id="9adef63f-c360-f752-76a7-e14d6cd25dc7">
      <Execution id="baffaa12-18f4-4bd0-a9c8-b0db86b88105" />
      <TestMethod codeBase="/home/worlesenric/wkspace/gc-wt/w5-gate/dotnet/tests/GameCore.Rules.Cards.Tests/bin/Release/net8.0/GameCore.Rules.Cards.Tests.dll" adapterTypeName="executor://nunit3testexecutor/" className="GameCore.Rules.Cards.Tests.CardRulesTests" name="TryReduceBonusFoldsTheContributionsInAscendingIndexOrder" />
    </UnitTest>
    <UnitTest name="ContestResolutionIsIndependentOfCandidateOrder" storage="/home/worlesenric/wkspace/gc-wt/w5-gate/dotnet/tests/gamecore.rules.cards.tests/bin/release/net8.0/gamecore.rules.cards.tests.dll" id="2c0569f4-5ee7-f3c0-f602-c80155892da9">
      <Execution id="41b519ca-61d5-4329-a2fd-b348e5c54d60" />
      <TestMethod codeBase="/home/worlesenric/wkspace/gc-wt/w5-gate/dotnet/tests/GameCore.Rules.Cards.Tests/bin/Release/net8.0/GameCore.Rules.Cards.Tests.dll" adapterTypeName="executor://nunit3testexecutor/" className="GameCore.Rules.Cards.Tests.CardRulesTests" name="ContestResolutionIsIndependentOfCandidateOrder" />
    </UnitTest>
    <UnitTest name="VocabulariesAreByteIdenticalToTheGc006CardFixture" storage="/home/worlesenric/wkspace/gc-wt/w5-gate/dotnet/tests/gamecore.rules.cards.tests/bin/release/net8.0/gamecore.rules.cards.tests.dll" id="140d8673-578b-9eef-bed7-670bb9b1a2b5">
      <Execution id="574e2423-aadd-4701-9754-936e1e13efe7" />
      <TestMethod codeBase="/home/worlesenric/wkspace/gc-wt/w5-gate/dotnet/tests/GameCore.Rules.Cards.Tests/bin/Release/net8.0/GameCore.Rules.Cards.Tests.dll" adapterTypeName="executor://nunit3testexecutor/" className="GameCore.Rules.Cards.Tests.CardIdentityTests" name="VocabulariesAreByteIdenticalToTheGc006CardFixture" />
    </UnitTest>
    <UnitTest name="AContestWithoutPairedCandidatesIsRejected" storage="/home/worlesenric/wkspace/gc-wt/w5-gate/dotnet/tests/gamecore.rules.cards.tests/bin/release/net8.0/gamecore.rules.cards.tests.dll" id="db4d8ecc-8e46-a328-adac-b0c5cf025971">
      <Execution id="88f806f6-5813-4f26-9eb8-a477dce93a5b" />
      <TestMethod codeBase="/home/worlesenric/wkspace/gc-wt/w5-gate/dotnet/tests/GameCore.Rules.Cards.Tests/bin/Release/net8.0/GameCore.Rules.Cards.Tests.dll" adapterTypeName="executor://nunit3testexecutor/" className="GameCore.Rules.Cards.Tests.CardRulesTests" name="AContestWithoutPairedCandidatesIsRejected" />
    </UnitTest>
    <UnitTest name="ContestRejectionsAreReportedInOrder" storage="/home/worlesenric/wkspace/gc-wt/w5-gate/dotnet/tests/gamecore.rules.cards.tests/bin/release/net8.0/gamecore.rules.cards.tests.dll" id="ff51cdde-eb71-e72d-af96-01bb17b37104">
      <Execution id="c5f6479d-be3d-4e2d-86bc-9791316e5fa3" />
      <TestMethod codeBase="/home/worlesenric/wkspace/gc-wt/w5-gate/dotnet/tests/GameCore.Rules.Cards.Tests/bin/Release/net8.0/GameCore.Rules.Cards.Tests.dll" adapterTypeName="executor://nunit3testexecutor/" className="GameCore.Rules.Cards.Tests.CardRulesTests" name="ContestRejectionsAreReportedInOrder" />
    </UnitTest>
    <UnitTest name="AMalformedSetIsReportedBeforeTheTurnViolation" storage="/home/worlesenric/wkspace/gc-wt/w5-gate/dotnet/tests/gamecore.rules.cards.tests/bin/release/net8.0/gamecore.rules.cards.tests.dll" id="c91a7a90-7f22-6a86-4603-af8f26b20c9d">
      <Execution id="75ca5c6d-ee32-4280-aab9-704dece48457" />
      <TestMethod codeBase="/home/worlesenric/wkspace/gc-wt/w5-gate/dotnet/tests/GameCore.Rules.Cards.Tests/bin/Release/net8.0/GameCore.Rules.Cards.Tests.dll" adapterTypeName="executor://nunit3testexecutor/" className="GameCore.Rules.Cards.Tests.CardRulesTests" name="AMalformedSetIsReportedBeforeTheTurnViolation" />
    </UnitTest>
    <UnitTest name="DerivedStableIdentitiesMatchTheContractAndSlotDerivations" storage="/home/worlesenric/wkspace/gc-wt/w5-gate/dotnet/tests/gamecore.rules.cards.tests/bin/release/net8.0/gamecore.rules.cards.tests.dll" id="ccdc1d9e-e387-2864-866e-b68fad7ed8aa">
      <Execution id="0106852e-0b8d-477e-a147-d6d4f1509f7d" />
      <TestMethod codeBase="/home/worlesenric/wkspace/gc-wt/w5-gate/dotnet/tests/GameCore.Rules.Cards.Tests/bin/Release/net8.0/GameCore.Rules.Cards.Tests.dll" adapterTypeName="executor://nunit3testexecutor/" className="GameCore.Rules.Cards.Tests.CardIdentityTests" name="DerivedStableIdentitiesMatchTheContractAndSlotDerivations" />
    </UnitTest>
    <UnitTest name="TheTableVersionIsCheckedBeforeEverythingElse" storage="/home/worlesenric/wkspace/gc-wt/w5-gate/dotnet/tests/gamecore.rules.cards.tests/bin/release/net8.0/gamecore.rules.cards.tests.dll" id="81d9775d-fafb-4492-c4a9-db15a201f522">
      <Execution id="94b678c9-b5b9-4e32-ad73-71b4dd0372d8" />
      <TestMethod codeBase="/home/worlesenric/wkspace/gc-wt/w5-gate/dotnet/tests/GameCore.Rules.Cards.Tests/bin/Release/net8.0/GameCore.Rules.Cards.Tests.dll" adapterTypeName="executor://nunit3testexecutor/" className="GameCore.Rules.Cards.Tests.CardRulesTests" name="TheTableVersionIsCheckedBeforeEverythingElse" />
    </UnitTest>
    <UnitTest name="SubmitSetCommitsRemovalsInAscendingCardOrderThenScoreThenAdvance" storage="/home/worlesenric/wkspace/gc-wt/w5-gate/dotnet/tests/gamecore.rules.cards.tests/bin/release/net8.0/gamecore.rules.cards.tests.dll" id="ee6ecdf7-4840-eabd-7df0-fdca90ac935a">
      <Execution id="fe4f6ba2-e621-4e59-98eb-88dfa0c67267" />
      <TestMethod codeBase="/home/worlesenric/wkspace/gc-wt/w5-gate/dotnet/tests/GameCore.Rules.Cards.Tests/bin/Release/net8.0/GameCore.Rules.Cards.Tests.dll" adapterTypeName="executor://nunit3testexecutor/" className="GameCore.Rules.Cards.Tests.CardRulesTests" name="SubmitSetCommitsRemovalsInAscendingCardOrderThenScoreThenAdvance" />
    </UnitTest>
    <UnitTest name="CardHandToleratesNullAndReportsMembership" storage="/home/worlesenric/wkspace/gc-wt/w5-gate/dotnet/tests/gamecore.rules.cards.tests/bin/release/net8.0/gamecore.rules.cards.tests.dll" id="91a2378d-be3a-eab0-d604-6f1aea50c735">
      <Execution id="b11765f5-855e-4e2f-b798-ae8fac652a66" />
      <TestMethod codeBase="/home/worlesenric/wkspace/gc-wt/w5-gate/dotnet/tests/GameCore.Rules.Cards.Tests/bin/Release/net8.0/GameCore.Rules.Cards.Tests.dll" adapterTypeName="executor://nunit3testexecutor/" className="GameCore.Rules.Cards.Tests.CardRulesTests" name="CardHandToleratesNullAndReportsMembership" />
    </UnitTest>
    <UnitTest name="TheDocumentedBoundsAreUnchanged" storage="/home/worlesenric/wkspace/gc-wt/w5-gate/dotnet/tests/gamecore.rules.cards.tests/bin/release/net8.0/gamecore.rules.cards.tests.dll" id="9de09990-f712-f6fe-6d51-5373284917a8">
      <Execution id="5de91bbc-2793-4064-bc51-b943d0434306" />
      <TestMethod codeBase="/home/worlesenric/wkspace/gc-wt/w5-gate/dotnet/tests/GameCore.Rules.Cards.Tests/bin/Release/net8.0/GameCore.Rules.Cards.Tests.dll" adapterTypeName="executor://nunit3testexecutor/" className="GameCore.Rules.Cards.Tests.CardRulesTests" name="TheDocumentedBoundsAreUnchanged" />
    </UnitTest>
    <UnitTest name="TheRegisteredReducerReportsItsKeyAndNameAndDelegates" storage="/home/worlesenric/wkspace/gc-wt/w5-gate/dotnet/tests/gamecore.rules.cards.tests/bin/release/net8.0/gamecore.rules.cards.tests.dll" id="8a6e0247-5f61-fe0a-3640-6b7f0e3bfdee">
      <Execution id="b6ae0738-0f93-470e-a1d8-83ab53b46bad" />
      <TestMethod codeBase="/home/worlesenric/wkspace/gc-wt/w5-gate/dotnet/tests/GameCore.Rules.Cards.Tests/bin/Release/net8.0/GameCore.Rules.Cards.Tests.dll" adapterTypeName="executor://nunit3testexecutor/" className="GameCore.Rules.Cards.Tests.CardRulesTests" name="TheRegisteredReducerReportsItsKeyAndNameAndDelegates" />
    </UnitTest>
  </TestDefinitions>
  <TestEntries>
    <TestEntry testId="519a552f-32a6-4257-fa11-72fdcf4dc9de" executionId="2ed9b83c-168e-4e46-a49b-0ff3b4e89716" testListId="8c84fa94-04c1-424b-9868-57a2d4851a1d" />
    <TestEntry testId="ae904a00-c94e-4814-d2a7-96f6c7b2f93f" executionId="05669ddf-c749-4b4c-af9a-bbb7fc0f66da" testListId="8c84fa94-04c1-424b-9868-57a2d4851a1d" />
    <TestEntry testId="c91a7a90-7f22-6a86-4603-af8f26b20c9d" executionId="75ca5c6d-ee32-4280-aab9-704dece48457" testListId="8c84fa94-04c1-424b-9868-57a2d4851a1d" />
    <TestEntry testId="ff51cdde-eb71-e72d-af96-01bb17b37104" executionId="c5f6479d-be3d-4e2d-86bc-9791316e5fa3" testListId="8c84fa94-04c1-424b-9868-57a2d4851a1d" />
    <TestEntry testId="9adef63f-c360-f752-76a7-e14d6cd25dc7" executionId="baffaa12-18f4-4bd0-a9c8-b0db86b88105" testListId="8c84fa94-04c1-424b-9868-57a2d4851a1d" />
    <TestEntry testId="7c434f2a-1b10-74e0-400f-92915459aa10" executionId="a9df18d6-194a-430c-b4e2-d3bf1511d6f3" testListId="8c84fa94-04c1-424b-9868-57a2d4851a1d" />
    <TestEntry testId="ccdc1d9e-e387-2864-866e-b68fad7ed8aa" executionId="0106852e-0b8d-477e-a147-d6d4f1509f7d" testListId="8c84fa94-04c1-424b-9868-57a2d4851a1d" />
    <TestEntry testId="c6d576f9-0715-758d-504d-e37239a8782e" executionId="c9f415bb-5230-4956-9e36-c59f637aec6a" testListId="8c84fa94-04c1-424b-9868-57a2d4851a1d" />
    <TestEntry testId="2c0569f4-5ee7-f3c0-f602-c80155892da9" executionId="41b519ca-61d5-4329-a2fd-b348e5c54d60" testListId="8c84fa94-04c1-424b-9868-57a2d4851a1d" />
    <TestEntry testId="1e073206-7bbe-c476-5a97-a74fbb9a7f62" executionId="214b21bd-8532-4259-8329-4d12a587c69a" testListId="8c84fa94-04c1-424b-9868-57a2d4851a1d" />
    <TestEntry testId="eb1d00e8-3f5a-6e94-af5b-e262b6fde077" executionId="5f40ab35-85b3-4b38-a886-ac232f9ac2e3" testListId="8c84fa94-04c1-424b-9868-57a2d4851a1d" />
    <TestEntry testId="f5e87bae-7c1d-c948-ada3-208533d624d7" executionId="39710131-0969-45af-a1a0-ebd96ceca5ec" testListId="8c84fa94-04c1-424b-9868-57a2d4851a1d" />
    <TestEntry testId="81d9775d-fafb-4492-c4a9-db15a201f522" executionId="94b678c9-b5b9-4e32-ad73-71b4dd0372d8" testListId="8c84fa94-04c1-424b-9868-57a2d4851a1d" />
    <TestEntry testId="af25eb29-465a-ffa4-3298-3d34cff67abe" executionId="2daa21c4-743f-4b9f-a1d8-c391ea9b8126" testListId="8c84fa94-04c1-424b-9868-57a2d4851a1d" />
    <TestEntry testId="92d02aab-b8f7-7ef6-1793-83543221d144" executionId="765b3e9c-b2b2-4241-a7bb-3372f709c66e" testListId="8c84fa94-04c1-424b-9868-57a2d4851a1d" />
    <TestEntry testId="9ea90c2f-3d98-451a-1d0e-4ae62c25e5fb" executionId="d7a1e748-d5a9-44d5-929f-d3727b665e53" testListId="8c84fa94-04c1-424b-9868-57a2d4851a1d" />
    <TestEntry testId="ee6ecdf7-4840-eabd-7df0-fdca90ac935a" executionId="fe4f6ba2-e621-4e59-98eb-88dfa0c67267" testListId="8c84fa94-04c1-424b-9868-57a2d4851a1d" />
    <TestEntry testId="db4d8ecc-8e46-a328-adac-b0c5cf025971" executionId="88f806f6-5813-4f26-9eb8-a477dce93a5b" testListId="8c84fa94-04c1-424b-9868-57a2d4851a1d" />
    <TestEntry testId="8a6e0247-5f61-fe0a-3640-6b7f0e3bfdee" executionId="b6ae0738-0f93-470e-a1d8-83ab53b46bad" testListId="8c84fa94-04c1-424b-9868-57a2d4851a1d" />
    <TestEntry testId="d20aa38d-f63e-f0cf-f1ed-d365b54c45c7" executionId="b2e33627-3589-462e-aa79-3a893b90170a" testListId="8c84fa94-04c1-424b-9868-57a2d4851a1d" />
    <TestEntry testId="140d8673-578b-9eef-bed7-670bb9b1a2b5" executionId="574e2423-aadd-4701-9754-936e1e13efe7" testListId="8c84fa94-04c1-424b-9868-57a2d4851a1d" />
    <TestEntry testId="d8679568-559e-a42d-708b-f4f890457899" executionId="ddfead87-6a80-4351-a0d1-45178a89ce57" testListId="8c84fa94-04c1-424b-9868-57a2d4851a1d" />
    <TestEntry testId="9de09990-f712-f6fe-6d51-5373284917a8" executionId="5de91bbc-2793-4064-bc51-b943d0434306" testListId="8c84fa94-04c1-424b-9868-57a2d4851a1d" />
    <TestEntry testId="3d864deb-efa9-9780-e717-f62815f16940" executionId="9eebd842-13c6-450c-ae40-e5d04cd00e5b" testListId="8c84fa94-04c1-424b-9868-57a2d4851a1d" />
    <TestEntry testId="0da8ddd5-6def-6ce3-b99f-118776896ef9" executionId="dde4b0fd-1008-4a55-aee3-31b8440eb990" testListId="8c84fa94-04c1-424b-9868-57a2d4851a1d" />
    <TestEntry testId="91a2378d-be3a-eab0-d604-6f1aea50c735" executionId="b11765f5-855e-4e2f-b798-ae8fac652a66" testListId="8c84fa94-04c1-424b-9868-57a2d4851a1d" />
  </TestEntries>
  <TestLists>
    <TestList name="Results Not in a List" id="8c84fa94-04c1-424b-9868-57a2d4851a1d" />
    <TestList name="All Loaded Results" id="19431567-8539-422a-85d7-44ee4e166bda" />
  </TestLists>
  <ResultSummary outcome="Completed">
    <Counters total="26" executed="26" passed="26" failed="0" error="0" timeout="0" aborted="0" inconclusive="0" passedButRunAborted="0" notRunnable="0" notExecuted="0" disconnected="0" warning="0" completed="0" inProgress="0" pending="0" />
    <Output>
      <StdOut>NUnit Adapter 4.5.0.0: Test execution started
Running all tests in /home/worlesenric/wkspace/gc-wt/w5-gate/dotnet/tests/GameCore.Rules.Cards.Tests/bin/Release/net8.0/GameCore.Rules.Cards.Tests.dll
   NUnit3TestExecutor discovered 26 of 26 NUnit test cases using Current Discovery mode, Non-Explicit run
NUnit Adapter 4.5.0.0: Test execution complete
</StdOut>
    </Output>
  </ResultSummary>
</TestRun>