Unhandled Exception: System.InvalidOperationException: Can't find file /tmp/ilpp.sock-bfd053e472b96fb671f003ff85738975
   at System.Runtime.ExceptionServices.ExceptionDispatchInfo.Throw() + 0x1c
   at System.Runtime.ExceptionServices.ExceptionDispatchInfo.Throw() + 0x1c
   at System.Runtime.ExceptionServices.ExceptionDispatchInfo.Throw() + 0x1c
Connectivity with IL Post Processor runner cannot be established yet. Retrying.Unhandled Exception: System.InvalidOperationException: Can't find file /tmp/ilpp.sock-bfd053e472b96fb671f003ff85738975
   at System.Runtime.ExceptionServices.ExceptionDispatchInfo.Throw() + 0x1c
   at System.Runtime.ExceptionServices.ExceptionDispatchInfo.Throw() + 0x1c
   at System.Runtime.ExceptionServices.ExceptionDispatchInfo.Throw() + 0x1c
Connectivity with IL Post Processor runner cannot be established yet. Retrying.Unhandled Exception: System.InvalidOperationException: Can't find file /tmp/ilpp.sock-bfd053e472b96fb671f003ff85738975
   at System.Runtime.ExceptionServices.ExceptionDispatchInfo.Throw() + 0x1c
   at System.Runtime.ExceptionServices.ExceptionDispatchInfo.Throw() + 0x1c
   at System.Runtime.ExceptionServices.ExceptionDispatchInfo.Throw() + 0x1c
Connectivity with IL Post Processor runner cannot be established yet. Retrying.Unhandled Exception: System.InvalidOperationException: Can't find file /tmp/ilpp.sock-bfd053e472b96fb671f003ff85738975
   at System.Runtime.ExceptionServices.ExceptionDispatchInfo.Throw() + 0x1c
   at System.Runtime.ExceptionServices.ExceptionDispatchInfo.Throw() + 0x1c
   at System.Runtime.ExceptionServices.ExceptionDispatchInfo.Throw() + 0x1c
Connectivity with IL Post Processor runner cannot be established yet. Retrying.Unhandled Exception: System.InvalidOperationException: Can't find file /tmp/ilpp.sock-bfd053e472b96fb671f003ff85738975
   at System.Runtime.ExceptionServices.ExceptionDispatchInfo.Throw() + 0x1c
   at System.Runtime.ExceptionServices.ExceptionDispatchInfo.Throw() + 0x1c
   at System.Runtime.ExceptionServices.ExceptionDispatchInfo.Throw() + 0x1c
Connectivity with IL Post Processor runner cannot be established yet. Retrying.Unhandled Exception: System.InvalidOperationException: Can't find file /tmp/ilpp.sock-bfd053e472b96fb671f003ff85738975
   at System.Runtime.ExceptionServices.ExceptionDispatchInfo.Throw() + 0x1c
   at System.Runtime.ExceptionServices.ExceptionDispatchInfo.Throw() + 0x1c
   at System.Runtime.ExceptionServices.ExceptionDispatchInfo.Throw() + 0x1c
[P3.2 workflow] {"utc":"2026-10-05T08:12:44.197Z","step":0,"stepName":"","name":"start","caption":"workflow persist started (Unity 6000.0.75f1, batch False)"}
[P3.2 workflow] {"utc":"2026-10-05T08:29:19.292Z","step":0,"stepName":"","name":"start","caption":"workflow persist started (Unity 6000.0.75f1, batch False)"}
[P3.2 workflow] {"utc":"2026-10-05T08:29:30.243Z","step":0,"stepName":"open ThornwickVillage","name":"layout","caption":"Opened Assets/Hollowmere/Regions/ThornwickVillage.unity in the Studio layout (viewport, context, tasks, candidates, history)."}
[P3.2 workflow] {"utc":"2026-10-05T08:30:17.114Z","step":1,"stepName":"open ThornwickVillage","name":"gateway","caption":"timeline subscribed to EtosAgentGateway"}
[P3.2 workflow] {"windows":{"StudioHistoryWindow":"(x:852.00, y:716.00, width:408.00, height:338.00)","StudioCandidatesWindow":"(x:436.00, y:716.00, width:410.00, height:338.00)","StudioTasksWindow":"(x:20.00, y:716.00, width:410.00, height:338.00)","StudioContextWindow":"(x:1272.00, y:69.00, width:628.00, height:985.00)","StudioViewportWindow":"(x:20.00, y:70.00, width:1240.00, height:640.00)"},"utc":"2026-10-05T08:30:33.647Z","step":1,"stepName":"relayout","name":"relayout","caption":"Studio windows placed: {\"StudioHistoryWindow\":\"(x:852.00, y:716.00, width:408.00, height:338.00)\",\"StudioCandidatesWindow\":\"(x:436.00, y:716.00, width:410.00, height:338.00)\",\"StudioTasksWindow\":\"(x:20.00, y:716.00, width:410.00, height:338.00)\",\"StudioContextWindow\":\"(x:1272.00, y:69.00, width:628.00, height:985.00)\",\"StudioViewportWindow\":\"(x:20.00, y:70.00, width:1240.00, height:640.00)\"}"}
[P3.2 workflow] {"gateway":"EtosAgentGateway","connection":"Connected","image":"Live","tts":"Live","voice":"Unknown","describe":"Live","3d":"NotConfigured","companion":"0.1.0","problem":null,"keyframe":"keyframes/001-gateway.png","utc":"2026-10-05T08:30:35.248Z","step":2,"stepName":"wait for the gateway","name":"gateway","caption":"Prompt bar provider chips: {\"gateway\":\"EtosAgentGateway\",\"connection\":\"Connected\",\"image\":\"Live\",\"tts\":\"Live\",\"voice\":\"Unknown\",\"describe\":\"Live\",\"3d\":\"NotConfigured\",\"companion\":\"0.1.0\",\"problem\":null}"}
[P3.2 workflow] {"selection":"Lantern [inventory.item]","keyframe":"keyframes/002-select-asset.png","utc":"2026-10-05T08:30:37.670Z","step":4,"stepName":"select asset Lantern","name":"select-asset","caption":"Selected Lantern [inventory.item] (project asset; the context panel shows its generated inspector and tools)."}
[P3.2 workflow] {"utc":"2026-10-05T08:30:38.734Z","step":5,"stepName":"generate lantern icon","name":"icon-generate","caption":"asset.generate (generate.image) with max_cost_usd 0.25 -> Assets/Hollowmere/Generated/P3_2/lantern_icon.png"}
[P3.2 workflow] {"prompt":"A small inventory icon of an old brass marsh lantern with a warm flame, hand-painted game UI style, centred, plain dark background.","assetPath":"Assets/Hollowmere/Generated/P3_2/lantern_icon.png","maxCostUsd":0.25,"ms":14138,"ok":true,"provider":"echo-images","providerSha256":"0e3bf0b5feeb0c619703b5e41a54319c2a009141b9d219bca532d432d041e111","providerBytes":1484352,"opState":{"state":"succeeded","usage":{"cost_usd":0.0,"input_tokens":33,"output_tokens":515,"quantity":1.0,"unit":"image"}},"refusal":null,"importedSha256":"682883487fa665c38d66c33fc8bbc6dcfb23dd5960e5883eabf3f358ca1e7b08","fileSha256":"682883487fa665c38d66c33fc8bbc6dcfb23dd5960e5883eabf3f358ca1e7b08","journal":"cs_01M45JZRN6FSWM7E54WM0PSJB8","journalState":"Applied","problem":null,"texture":"256x256","keyframe":"keyframes/003-icon-generated.png","utc":"2026-10-05T08:30:53.172Z","step":5,"stepName":"generate lantern icon","name":"icon-generated","caption":"asset.generate (image, max_cost_usd 0.25): True; provider sha256 0e3bf0b5feeb0c619703b5e41a54319c2a009141b9d219bca532d432d041e111; imported Assets/Hollowmere/Generated/P3_2/lantern_icon.png (256x256), journal cs_01M45JZRN6FSWM7E54WM0PSJB8."}
[P3.2 workflow] {"tool":"bind","artifact":"sha256:682883487fa665c38d66c33fc8bbc6dcfb23dd5960e5883eabf3f358ca1e7b08","path":"Assets/Hollowmere/Generated/P3_2/lantern_icon_sprite.png","state":"Applied","outcomes":[{"opId":"op1","status":"Applied","undo":{"inverse":{"operations":[{"opId":"inverse","tool":"set","target":{"kind":"Definition","authoringId":"6bb88144-376c-4507-8429-e78247b14e66","global":"GlobalObjectId_V1-3-fffb111048bcd5d6ea31bc57defa7c6d-11400000-0","assetGuid":"fffb111048bcd5d6ea31bc57defa7c6d","path":"Assets/Hollowmere/Items/Lantern.asset"},"args":{"fields":{"icon":null}},"preconditions":"none"},{"opId":"inverse","tool":"history.deleteAsset","args":{"path":"Assets/Hollowmere/Generated/P3_2/lantern_icon_sprite.png"},"preconditions":"none"}],"assetLevel":true,"after":[{"ref":{"kind":"Definition","authoringId":"6bb88144-376c-4507-8429-e78247b14e66","global":"GlobalObjectId_V1-3-fffb111048bcd5d6ea31bc57defa7c6d-11400000-0","assetGuid":"fffb111048bcd5d6ea31bc57defa7c6d","path":"Assets/Hollowmere/Items/Lantern.asset"},"stamp":"sha256:2813196e7140d884fe96cbd2f1635b744aff571ef9b1c29f92577ce74b319bc7"},{"ref":{"kind":"Asset","global":"GlobalObjectId_V1-1-1ba7403e1f5411c2cb4db7d3586708ce-21300000-0","assetGuid":"1ba7403e1f5411c2cb4db7d3586708ce","path":"Assets/Hollowmere/Generated/P3_2/lantern_icon_sprite.png#lantern_icon_sprite"},"stamp":"sha256:f23c12ae70e489c11d47d00d5a80b2f4f5256d402412e7cfcc2d0dd80db4d0b9"}]}}}],"diagnostics":[],"applyMs":1310.8,"sprite":"lantern_icon_sprite","fileSha256":"682883487fa665c38d66c33fc8bbc6dcfb23dd5960e5883eabf3f358ca1e7b08","keyframe":"keyframes/004-icon-assigned.png","utc":"2026-10-05T08:30:55.804Z","step":6,"stepName":"bind lantern icon","name":"icon-assigned","caption":"`bind` Lantern.icon <- sha256:682883487fa6... imported as Sprite at Assets/Hollowmere/Generated/P3_2/lantern_icon_sprite.png: Applied."}
[P3.2 workflow] {"assetPath":"Assets/Hollowmere/Generated/P3_2/maren_line.wav","ms":30716,"ok":true,"provider":"bailian-tts","sha256":"4bd9b1c650dee7e06ee150cbbaf29de4c7b3e7f57b46bef7c9df5dbdb2395868","mediaType":"audio/wav","fileSha256":"4bd9b1c650dee7e06ee150cbbaf29de4c7b3e7f57b46bef7c9df5dbdb2395868","journal":"cs_01M45K0MRARQB6EM1Q8PRFM6X7","refusal":null,"clip":"5.52 s","keyframe":"keyframes/005-voice-line-tts.png","utc":"2026-10-05T08:31:27.912Z","step":7,"stepName":"tts voice line","name":"voice-line-tts","caption":"TTS voice line through the media gateway (tts op, max_cost_usd 0.10): True; Assets/Hollowmere/Generated/P3_2/maren_line.wav 5.52 s, journal cs_01M45K0MRARQB6EM1Q8PRFM6X7."}
[P3.2 workflow] {"session":"persist","tags":["icon","icon-assign","voice-line"],"paths":["Assets/Hollowmere/Items/Lantern.asset","Assets/Hollowmere/Generated/P3_2/lantern_icon.png","Assets/Hollowmere/Generated/P3_2/lantern_icon_sprite.png","Assets/Hollowmere/Generated/P3_2/maren_line.wav"],"applied":{"icon":{"changeSetId":"cs_01M45JZRN6FSWM7E54WM0PSJB8","state":"Applied"},"icon-assign":{"changeSetId":"cs_01M45JZWRR56EXE2CSZBCZQ4EF","state":"Applied"},"voice-line":{"changeSetId":"cs_01M45K0MRARQB6EM1Q8PRFM6X7","state":"Applied"}},"before":{"Assets/Hollowmere/Items/Lantern.asset":"62610fe8cd7e4cc28a7a4ecfc964f61a7ae1729e0c55203aa5b3466b1576fe2e","Assets/Hollowmere/Generated/P3_2/lantern_icon.png":"missing","Assets/Hollowmere/Generated/P3_2/lantern_icon_sprite.png":"missing","Assets/Hollowmere/Generated/P3_2/maren_line.wav":"missing"},"after":{"Assets/Hollowmere/Items/Lantern.asset":"db8ea5626480a96ae06639a25b85ef2321b8cd199f4155c07c639ebb3c6e5467","Assets/Hollowmere/Generated/P3_2/lantern_icon.png":"682883487fa665c38d66c33fc8bbc6dcfb23dd5960e5883eabf3f358ca1e7b08","Assets/Hollowmere/Generated/P3_2/lantern_icon_sprite.png":"682883487fa665c38d66c33fc8bbc6dcfb23dd5960e5883eabf3f358ca1e7b08","Assets/Hollowmere/Generated/P3_2/maren_line.wav":"4bd9b1c650dee7e06ee150cbbaf29de4c7b3e7f57b46bef7c9df5dbdb2395868"},"savedUtc":"2026-10-05T08:31:29.5209410Z","keyframe":"keyframes/006-persist-saved.png","utc":"2026-10-05T08:31:29.947Z","step":8,"stepName":"save project","name":"persist-saved","caption":"Project saved with three applied journal entries (icon import, bind, voice line) for the W-AI-06 reopen run: {\"icon\":{\"changeSetId\":\"cs_01M45JZRN6FSWM7E54WM0PSJB8\",\"state\":\"Applied\"},\"icon-assign\":{\"changeSetId\":\"cs_01M45JZWRR56EXE2CSZBCZQ4EF\",\"state\":\"Applied\"},\"voice-line\":{\"changeSetId\":\"cs_01M45K0MRARQB6EM1Q8PRFM6X7\",\"state\":\"Applied\"}}"}
[P3.2 workflow] {"utc":"2026-10-05T08:31:31.027Z","step":9,"stepName":"save project","name":"done","caption":"finished"}
