[2026-10-07T17:11:29.908Z][INFO] Command-line: /home/worlesenric/Unity/Hub/Editor/6000.0.75f1/Editor/Data/Resources/PackageManager/Server/UnityPackageManager -s 3510316 -ipc -ipc-path /tmp/Unity-Upm-3510316.sock -l 2 --log-file /home/worlesenric/wkspace/gc-studio/r10-a/artifacts/studio/verification/W-MECH-01/r10-a/verified/cold/config-upm.log
[2026-10-07T17:11:29.915Z][INFO] IPC server started (IPC path=/tmp/Unity-Upm-3510316.sock).
[2026-10-07T17:11:29.916Z][INFO] Hint: To connect to this UPM instance, launch Unity with the command-line parameter -upmIpcPath Upm-3510316.
[2026-10-07T17:11:29.926Z][INFO] project:list-packages <-- Request received
params: {}
[2026-10-07T17:11:29.991Z][INFO] project:list-packages <-- Request received
params: {}
[2026-10-07T17:11:30.000Z][INFO] project:list-packages <-- Request received
params: {}
[2026-10-07T17:11:30.021Z][INFO] config:project:get-registries <-- Request received
params: {}
[2026-10-07T17:11:30.087Z][INFO] config:project:get-registries --> 200 (66 ms)
[2026-10-07T17:11:30.990Z][INFO] project:list-packages --> 200 (1064 ms)
[2026-10-07T17:11:31.055Z][INFO] project:list-packages --> 200 (1064 ms)
[2026-10-07T17:11:33.182Z][INFO] project:list-packages <-- Request received
params: {}
[2026-10-07T17:11:33.591Z][INFO] project:list-packages --> 200 (409 ms)
[2026-10-07T17:11:36.735Z][INFO] project:list-packages <-- Request received
params: {}
[2026-10-07T17:11:36.746Z][INFO] project:list-packages <-- Request received
params: {}
[2026-10-07T17:11:36.756Z][INFO] config:project:get-registries <-- Request received
params: {}
[2026-10-07T17:11:36.779Z][INFO] config:project:get-registries --> 200 (23 ms)
[2026-10-07T17:11:37.430Z][INFO] project:list-packages --> 200 (684 ms)
