[2026-10-06T23:38:51.981Z][INFO] Command-line: ~/Unity/Hub/Editor/6000.0.75f1/Editor/Data/Resources/PackageManager/Server/UnityPackageManager -s 307136 -ipc -ipc-path /tmp/Unity-Upm-307136.sock -l 2 --log-file ~/wkspace/gc-studio/p4.2h/artifacts/studio/verification/W-ETOS-04/p42h-query-20261006T233851.413333Z/upm.log
[2026-10-06T23:38:51.987Z][INFO] IPC server started (IPC path=/tmp/Unity-Upm-307136.sock).
[2026-10-06T23:38:51.987Z][INFO] Hint: To connect to this UPM instance, launch Unity with the command-line parameter -upmIpcPath Upm-307136.
[2026-10-06T23:38:52.832Z][INFO] project:add-dependency <-- Request received
params: {
  "packageId": "com.unity.toolchain.linux-x86_64"
}
[2026-10-06T23:39:12.011Z][INFO] project:add-dependency --> 200 (19179 ms)
[2026-10-06T23:39:12.371Z][INFO] project:list-packages <-- Request received
params: {}
[2026-10-06T23:39:12.454Z][INFO] project:list-packages <-- Request received
params: {}
[2026-10-06T23:39:12.463Z][INFO] project:list-packages <-- Request received
params: {}
[2026-10-06T23:39:12.480Z][INFO] config:project:get-registries <-- Request received
params: {}
[2026-10-06T23:39:12.503Z][INFO] config:project:get-registries --> 200 (24 ms)
[2026-10-06T23:39:13.633Z][INFO] project:list-packages --> 200 (1262 ms)
[2026-10-06T23:39:13.902Z][INFO] project:list-packages --> 200 (1448 ms)
[2026-10-06T23:39:15.055Z][INFO] project:list-packages --> 200 (2592 ms)
[2026-10-06T23:39:15.622Z][INFO] project:list-packages <-- Request received
params: {}
[2026-10-06T23:39:16.043Z][INFO] project:list-packages --> 200 (421 ms)
[2026-10-06T23:39:19.159Z][INFO] project:list-packages <-- Request received
params: {}
[2026-10-06T23:39:19.170Z][INFO] project:list-packages <-- Request received
params: {}
[2026-10-06T23:39:19.180Z][INFO] config:project:get-registries <-- Request received
params: {}
[2026-10-06T23:39:19.209Z][INFO] config:project:get-registries --> 200 (29 ms)
[2026-10-06T23:39:20.324Z][INFO] project:list-packages --> 200 (1166 ms)
[2026-10-06T23:39:20.364Z][INFO] project:list-packages --> 200 (1194 ms)
[2026-10-06T23:39:23.464Z][INFO] project:list-packages <-- Request received
params: {}
[2026-10-06T23:39:23.474Z][INFO] project:list-packages <-- Request received
params: {}
[2026-10-06T23:39:24.584Z][INFO] project:list-packages --> 200 (1120 ms)
[2026-10-06T23:39:24.660Z][INFO] project:list-packages --> 200 (1186 ms)
[2026-10-06T23:40:23.617Z][INFO] Received shutdown request (SIGINT), shutting down Unity Package Manager
