   Compiling proc-macro2 v1.0.107
   Compiling quote v1.0.47
   Compiling unicode-ident v1.0.26
   Compiling libc v0.2.190
    Checking cfg-if v1.0.5
    Checking once_cell v1.21.4
    Checking memchr v2.8.3
   Compiling find-msvc-tools v0.1.14
   Compiling shlex v2.0.1
    Checking itoa v1.0.18
    Checking pin-project-lite v0.2.17
   Compiling version_check v0.9.5
   Compiling serde_core v1.0.229
    Checking stable_deref_trait v1.2.1
    Checking futures-core v0.3.34
    Checking bytes v1.12.1
    Checking smallvec v1.16.2
    Checking log v0.4.34
    Checking futures-sink v0.3.34
    Checking zeroize v1.9.0
   Compiling getrandom v0.3.4
   Compiling zerocopy v0.8.59
    Checking writeable v0.6.4
    Checking slab v0.4.12
    Checking litemap v0.8.3
    Checking tracing-core v0.1.36
    Checking rustls-pki-types v1.15.1
   Compiling cc v1.6.0
    Checking percent-encoding v2.3.2
   Compiling autocfg v1.5.1
    Checking futures-channel v0.3.34
    Checking futures-task v0.3.34
    Checking futures-io v0.3.34
   Compiling serde v1.0.229
    Checking utf8_iter v1.0.4
   Compiling icu_properties_data v2.3.0
    Checking untrusted v0.9.0
    Checking typenum v1.20.1
   Compiling icu_normalizer_data v2.3.0
   Compiling httparse v1.10.1
   Compiling rustls v0.23.45
    Checking tower-service v0.3.3
   Compiling generic-array v0.14.7
    Checking subtle v2.6.1
   Compiling zmij v1.0.23
    Checking try-lock v0.2.5
   Compiling serde_json v1.0.151
    Checking http v1.5.0
    Checking webpki-roots v1.0.9
   Compiling num-traits v0.2.19
    Checking form_urlencoded v1.2.2
    Checking want v0.3.1
    Checking sync_wrapper v1.0.2
    Checking httpdate v1.0.3
    Checking bitflags v2.13.2
    Checking atomic-waker v1.1.2
    Checking cpufeatures v0.2.17
    Checking tower-layer v0.3.3
   Compiling thiserror v2.0.21
    Checking aho-corasick v1.1.5
    Checking base64 v0.23.1
    Checking ipnet v2.12.2
    Checking regex-syntax v0.8.11
   Compiling ref-cast v1.0.27
   Compiling ahash v0.8.12
    Checking ryu v1.0.23
    Checking base64 v0.22.1
   Compiling vcpkg v0.2.15
   Compiling pkg-config v0.3.34
    Checking data-encoding v2.11.1
    Checking lazy_static v1.5.1
    Checking webpki-roots v0.26.11
    Checking foldhash v0.1.5
    Checking borrow-or-share v0.2.4
    Checking bit-vec v0.8.0
    Checking vsimd v0.8.0
    Checking hashbrown v0.15.5
    Checking mime v0.3.17
    Checking winnow v1.0.4
    Checking bit-set v0.8.0
    Checking outref v0.5.2
   Compiling syn v3.0.6
   Compiling syn v2.0.119
    Checking http-body v1.1.0
    Checking uuid v1.27.0
    Checking sharded-slab v0.1.7
    Checking num-integer v0.1.47
    Checking num-complex v0.4.6
    Checking block-buffer v0.10.4
    Checking crypto-common v0.1.7
    Checking tracing-log v0.2.0
    Checking thread_local v1.1.10
    Checking digest v0.10.7
    Checking http-body-util v0.1.5
   Compiling ring v0.17.14
   Compiling libsqlite3-sys v0.35.0
   Compiling getrandom v0.4.3
    Checking num-bigint v0.4.8
    Checking num-iter v0.1.46
    Checking fallible-iterator v0.3.0
    Checking toml_writer v1.1.2+spec-1.1.0
    Checking nu-ansi-term v0.50.3
    Checking fallible-streaming-iterator v0.1.9
    Checking matchit v0.8.4
    Checking sha1 v0.10.7
    Checking serde_path_to_error v0.1.20
    Checking serde_spanned v1.1.1
    Checking toml_parser v1.1.3+spec-1.1.0
    Checking toml_datetime v0.7.5+spec-1.1.0
    Checking sha2 v0.10.9
    Checking uuid-simd v0.8.0
    Checking winnow v0.7.15
   Compiling gamecore-studio v0.1.0 (~/wkspace/gc-studio/p4.2f/studio/agent)
    Checking hex v0.4.3
   Compiling rustix v1.1.5
    Checking num-cmp v0.1.0
    Checking bytecount v0.6.9
    Checking hashlink v0.10.0
    Checking linux-raw-sys v0.12.1
    Checking fastrand v2.5.0
    Checking regex-automata v0.4.18
    Checking errno v0.3.14
    Checking mio v1.2.4
    Checking socket2 v0.6.5
    Checking getrandom v0.2.17
    Checking signal-hook-registry v1.4.8
    Checking num-rational v0.4.2
    Checking rand_core v0.9.5
    Checking num v0.4.3
    Checking fraction v0.15.4
    Checking toml v0.9.12+spec-1.1.0
    Checking ppv-lite86 v0.2.21
    Checking tempfile v3.27.0
    Checking rand_chacha v0.9.0
    Checking rand v0.9.5
    Checking matchers v0.2.0
    Checking fancy-regex v0.14.0
   Compiling tracing-attributes v0.1.31
   Compiling synstructure v0.14.0
    Checking rustls-webpki v0.103.15
   Compiling zerovec-derive v0.11.6
   Compiling displaydoc v0.2.7
   Compiling futures-macro v0.3.34
   Compiling tokio-macros v2.7.2
   Compiling serde_derive v1.0.229
   Compiling thiserror-impl v2.0.21
   Compiling ref-cast-impl v1.0.27
   Compiling zerofrom-derive v0.1.8
   Compiling yoke-derive v0.8.4
    Checking tracing v0.1.44
    Checking axum-core v0.5.6
    Checking tracing-subscriber v0.3.23
    Checking tokio v1.53.2
    Checking futures-util v0.3.34
    Checking zerofrom v0.1.8
    Checking yoke v0.8.3
    Checking zerovec v0.11.8
    Checking zerotrie v0.2.5
    Checking tinystr v0.8.4
    Checking potential_utf v0.1.6
    Checking icu_collections v2.3.0
    Checking icu_locale_core v2.3.0
    Checking icu_provider v2.3.1
    Checking serde_urlencoded v0.7.1
    Checking fluent-uri v0.3.2
    Checking email_address v0.2.9
    Checking icu_normalizer v2.3.0
    Checking icu_properties v2.3.0
    Checking futures-executor v0.3.34
    Checking referencing v0.26.2
    Checking futures v0.3.34
    Checking tungstenite v0.29.0
    Checking idna_adapter v1.2.2
    Checking idna v1.1.0
    Checking url v2.5.8
    Checking jsonschema v0.26.2
    Checking tokio-rustls v0.26.6
    Checking hyper v1.11.1
    Checking tower v0.5.3
    Checking tokio-tungstenite v0.29.0
    Checking tower-http v0.6.11
    Checking hyper-util v0.1.21
    Checking rusqlite v0.37.0
    Checking hyper-rustls v0.27.10
    Checking axum v0.8.9
    Checking reqwest v0.12.28
    Checking etos-sdk v1.0.0 (~/wkspace/gc-studio/p4.2f/studio/agent/vendor/etos-sdk)
    Finished `dev` profile [unoptimized + debuginfo] target(s) in 19.53s
   Compiling cfg-if v1.0.5
   Compiling once_cell v1.21.4
   Compiling memchr v2.8.3
   Compiling itoa v1.0.18
   Compiling pin-project-lite v0.2.17
   Compiling stable_deref_trait v1.2.1
   Compiling bytes v1.12.1
   Compiling futures-core v0.3.34
   Compiling smallvec v1.16.2
   Compiling log v0.4.34
   Compiling futures-sink v0.3.34
   Compiling zeroize v1.9.0
   Compiling libc v0.2.190
   Compiling serde_core v1.0.229
   Compiling futures-io v0.3.34
   Compiling litemap v0.8.3
   Compiling percent-encoding v2.3.2
   Compiling slab v0.4.12
   Compiling zerofrom v0.1.8
   Compiling futures-task v0.3.34
   Compiling writeable v0.6.4
   Compiling zerocopy v0.8.59
   Compiling utf8_iter v1.0.4
   Compiling untrusted v0.9.0
   Compiling futures-channel v0.3.34
   Compiling rustls-pki-types v1.15.1
   Compiling yoke v0.8.3
   Compiling typenum v1.20.1
   Compiling num-traits v0.2.19
   Compiling icu_properties_data v2.3.0
   Compiling icu_normalizer_data v2.3.0
   Compiling tracing-core v0.1.36
   Compiling httparse v1.10.1
   Compiling subtle v2.6.1
   Compiling tower-service v0.3.3
   Compiling try-lock v0.2.5
   Compiling zmij v1.0.23
   Compiling form_urlencoded v1.2.2
   Compiling sync_wrapper v1.0.2
   Compiling bitflags v2.13.2
   Compiling want v0.3.1
   Compiling cpufeatures v0.2.17
   Compiling atomic-waker v1.1.2
   Compiling zerovec v0.11.8
   Compiling zerotrie v0.2.5
   Compiling tower-layer v0.3.3
   Compiling httpdate v1.0.3
   Compiling regex-syntax v0.8.11
   Compiling ipnet v2.12.2
   Compiling base64 v0.23.1
   Compiling thiserror v2.0.21
   Compiling ryu v1.0.23
   Compiling lazy_static v1.5.1
   Compiling data-encoding v2.11.1
   Compiling futures-util v0.3.34
   Compiling webpki-roots v1.0.9
   Compiling aho-corasick v1.1.5
   Compiling base64 v0.22.1
   Compiling webpki-roots v0.26.11
   Compiling http v1.5.0
   Compiling tracing v0.1.44
   Compiling ref-cast v1.0.27
   Compiling borrow-or-share v0.2.4
   Compiling foldhash v0.1.5
   Compiling bit-vec v0.8.0
   Compiling num-integer v0.1.47
   Compiling num-complex v0.4.6
   Compiling hashbrown v0.15.5
   Compiling outref v0.5.2
   Compiling tinystr v0.8.4
   Compiling potential_utf v0.1.6
   Compiling vsimd v0.8.0
   Compiling uuid v1.27.0
   Compiling winnow v1.0.4
   Compiling icu_collections v2.3.0
   Compiling mime v0.3.17
   Compiling libsqlite3-sys v0.35.0
   Compiling errno v0.3.14
   Compiling socket2 v0.6.5
   Compiling mio v1.2.4
   Compiling getrandom v0.3.4
   Compiling signal-hook-registry v1.4.8
   Compiling getrandom v0.2.17
   Compiling icu_locale_core v2.3.0
   Compiling generic-array v0.14.7
   Compiling rand_core v0.9.5
   Compiling num-bigint v0.4.8
   Compiling num-iter v0.1.46
   Compiling bit-set v0.8.0
   Compiling ring v0.17.14
   Compiling toml_parser v1.1.3+spec-1.1.0
   Compiling uuid-simd v0.8.0
   Compiling tracing-log v0.2.0
   Compiling tokio v1.53.2
   Compiling sharded-slab v0.1.7
   Compiling thread_local v1.1.10
   Compiling num-cmp v0.1.0
   Compiling hashlink v0.10.0
   Compiling http-body v1.1.0
   Compiling toml_writer v1.1.2+spec-1.1.0
   Compiling http-body-util v0.1.5
   Compiling nu-ansi-term v0.50.3
   Compiling fallible-iterator v0.3.0
   Compiling fallible-streaming-iterator v0.1.9
   Compiling hex v0.4.3
   Compiling bytecount v0.6.9
   Compiling matchit v0.8.4
   Compiling winnow v0.7.15
   Compiling gamecore-studio v0.1.0 (~/wkspace/gc-studio/p4.2f/studio/agent)
   Compiling axum-core v0.5.6
   Compiling linux-raw-sys v0.12.1
   Compiling getrandom v0.4.3

[Showing lines 1-300 of 790. Use :301 to continue]
