GC-024 host sharing: waited 0s before codegen
GC-024 host sharing: waited 0s before player-build
GC-024 host sharing: waited 0s before positive
GC-024 host sharing: waited 0s before positive
GC-024 host sharing: waited 0s before negative (missing registration)
GC-024 host sharing: waited 0s before negative (missing registration)
GC-024 host sharing: waited 0s before world-dispatch
GC-024 host sharing: waited 0s before world-dispatch
GC-024 host sharing: waited 0s before w1-gate
GC-024 host sharing: waited 0s before w1-gate
GC-024 host sharing: waited 0s before w2-gate
GC-024 host sharing: waited 0s before w2-gate
GC-024 host sharing: waited 0s before w3-gate
GC-024 host sharing: waited 0s before w3-gate
GC-024 host sharing: waited 0s before w4-profile
GC-024 host sharing: waited 0s before w4-profile
GC-024 host sharing: waited 0s before narrative
GC-024 host sharing: waited 0s before narrative
GC-024 host sharing: waited 0s before cards
GC-024 host sharing: waited 0s before cards
GC-024 host sharing: waited 0s before gc013
GC-024 host sharing: waited 0s before gc013
GC-024 host sharing: waited 0s before w4-gate
GC-024 host sharing: waited 0s before w4-gate
GC-024 host sharing: waited 0s before gc017-faults
GC-024 host sharing: waited 0s before gc017-faults
GC-024 host sharing: waited 0s before gc018
GC-024 host sharing: waited 0s before gc018
GC-024 host sharing: waited 0s before gc019
GC-024 host sharing: waited 0s before gc019
GC-024 host sharing: waited 0s before traversal
GC-024 host sharing: waited 0s before traversal
GC-024 host sharing: waited 0s before w5-gate
GC-024 host sharing: waited 0s before w5-gate
GC-024 host sharing: waited 0s before gc021
GC-024 host sharing: waited 0s before gc021
GC-024 host sharing: waited 0s before lifecycle-stress
GC-024 host sharing: waited 0s before lifecycle-stress
GC-024 host sharing: waited 0s before replay
GC-024 host sharing: waited 0s before replay
GC-024 host sharing: waited 0s before w6-gate
GC-024 host sharing: waited 0s before w6-gate
GC-024 host sharing: waited 0s before catalog-coverage
GC-024 host sharing: waited 0s before catalog-coverage
GC-024 host sharing: waited 0s before gc027
GC-024 host sharing: waited 0s before gc027
GC-024 host sharing: waited 0s before conformance
GC-024 host sharing: waited 0s before conformance
GC-024 host sharing: waited 0s before w7-gate
GC-024 host sharing: waited 0s before w7-gate
