[2026-10-06T19:57:23.767Z][INFO] Command-line: ~/Unity/Hub/Editor/6000.0.75f1/Editor/Data/Resources/PackageManager/Server/UnityPackageManager -s 3782799 -ipc -ipc-path /tmp/Unity-Upm-3782799.sock -l 2 --log-file ~/wkspace/gc-studio/p4.2g/artifacts/studio/verification/W-AI-02/p42g-npc-creation-20261006T195723.136865Z/upm.log
[2026-10-06T19:57:23.774Z][INFO] IPC server started (IPC path=/tmp/Unity-Upm-3782799.sock).
[2026-10-06T19:57:23.774Z][INFO] Hint: To connect to this UPM instance, launch Unity with the command-line parameter -upmIpcPath Upm-3782799.
[2026-10-06T19:57:24.681Z][INFO] project:add-dependency <-- Request received
params: {
  "packageId": "com.unity.toolchain.linux-x86_64"
}
[2026-10-06T19:57:43.551Z][INFO] project:add-dependency --> 200 (18870 ms)
[2026-10-06T19:57:43.851Z][INFO] project:list-packages <-- Request received
params: {}
[2026-10-06T19:57:43.892Z][INFO] project:list-packages <-- Request received
params: {}
[2026-10-06T19:57:43.901Z][INFO] project:list-packages <-- Request received
params: {}
[2026-10-06T19:57:43.912Z][INFO] config:project:get-registries <-- Request received
params: {}
[2026-10-06T19:57:43.947Z][INFO] config:project:get-registries --> 200 (35 ms)
[2026-10-06T19:57:44.941Z][INFO] project:list-packages --> 200 (1090 ms)
[2026-10-06T19:57:45.137Z][INFO] project:list-packages --> 200 (1245 ms)
[2026-10-06T19:57:46.478Z][INFO] project:list-packages --> 200 (2577 ms)
[2026-10-06T19:57:49.146Z][INFO] project:list-packages <-- Request received
params: {}
[2026-10-06T19:57:49.496Z][INFO] project:list-packages --> 200 (350 ms)
[2026-10-06T19:57:52.058Z][INFO] project:list-packages <-- Request received
params: {}
[2026-10-06T19:57:52.069Z][INFO] project:list-packages <-- Request received
params: {}
[2026-10-06T19:57:52.079Z][INFO] config:project:get-registries <-- Request received
params: {}
[2026-10-06T19:57:52.105Z][INFO] config:project:get-registries --> 200 (26 ms)
[2026-10-06T19:57:52.948Z][INFO] project:list-packages --> 200 (890 ms)
[2026-10-06T19:57:52.978Z][INFO] project:list-packages --> 200 (909 ms)
[2026-10-06T19:57:55.159Z][INFO] project:list-packages <-- Request received
params: {}
[2026-10-06T19:57:55.170Z][INFO] project:list-packages <-- Request received
params: {}
[2026-10-06T19:57:55.823Z][INFO] project:list-packages --> 200 (664 ms)
[2026-10-06T19:57:55.825Z][INFO] project:list-packages --> 200 (655 ms)
[2026-10-06T20:01:01.973Z][INFO] project:list-packages <-- Request received
params: {}
[2026-10-06T20:01:02.391Z][INFO] project:list-packages --> 200 (418 ms)
[2026-10-06T20:01:02.449Z][INFO] config:project:get-registries <-- Request received
params: {}
[2026-10-06T20:01:02.454Z][INFO] config:project:get-registries --> 200 (5 ms)
[2026-10-06T20:01:07.350Z][INFO] project:list-packages <-- Request received
params: {}
[2026-10-06T20:01:07.668Z][INFO] project:list-packages --> 200 (318 ms)
[2026-10-06T20:01:07.796Z][INFO] config:project:get-registries <-- Request received
params: {}
[2026-10-06T20:01:07.799Z][INFO] config:project:get-registries --> 200 (3 ms)
[2026-10-06T20:01:44.992Z][INFO] Received shutdown request (SIGINT), shutting down Unity Package Manager
