[2026-10-07T13:18:05.594Z][INFO] Command-line: ~/Unity/Hub/Editor/6000.0.75f1/Editor/Data/Resources/PackageManager/Server/UnityPackageManager -s 2810490 -ipc -ipc-path /tmp/Unity-Upm-2810490.sock -l 2 --log-file ~/wkspace/gc-studio/p4.2j/artifacts/studio/verification/W-MECH-01/p42j-stage-submit-warm-20261007T131804.964537Z/upm.log
[2026-10-07T13:18:05.599Z][INFO] IPC server started (IPC path=/tmp/Unity-Upm-2810490.sock).
[2026-10-07T13:18:05.599Z][INFO] Hint: To connect to this UPM instance, launch Unity with the command-line parameter -upmIpcPath Upm-2810490.
[2026-10-07T13:18:06.499Z][INFO] project:add-dependency <-- Request received
params: {
  "packageId": "com.unity.toolchain.linux-x86_64"
}
[2026-10-07T13:18:51.169Z][INFO] project:add-dependency --> 200 (44670 ms)
[2026-10-07T13:18:51.402Z][INFO] project:list-packages <-- Request received
params: {}
[2026-10-07T13:18:51.453Z][INFO] project:list-packages <-- Request received
params: {}
[2026-10-07T13:18:51.465Z][INFO] project:list-packages <-- Request received
params: {}
[2026-10-07T13:18:51.476Z][INFO] config:project:get-registries <-- Request received
params: {}
[2026-10-07T13:18:51.503Z][INFO] config:project:get-registries --> 200 (27 ms)
[2026-10-07T13:18:52.125Z][INFO] project:list-packages --> 200 (723 ms)
[2026-10-07T13:18:52.212Z][INFO] project:list-packages --> 200 (759 ms)
[2026-10-07T13:18:53.979Z][INFO] project:list-packages <-- Request received
params: {}
[2026-10-07T13:18:54.262Z][INFO] project:list-packages --> 200 (283 ms)
[2026-10-07T13:18:56.772Z][INFO] project:list-packages <-- Request received
params: {}
[2026-10-07T13:18:56.782Z][INFO] project:list-packages <-- Request received
params: {}
[2026-10-07T13:18:56.793Z][INFO] config:project:get-registries <-- Request received
params: {}
[2026-10-07T13:18:56.810Z][INFO] config:project:get-registries --> 200 (17 ms)
[2026-10-07T13:18:57.188Z][INFO] project:list-packages --> 200 (406 ms)
[2026-10-07T13:19:00.671Z][INFO] project:list-packages <-- Request received
params: {}
[2026-10-07T13:19:00.682Z][INFO] project:list-packages <-- Request received
params: {}
[2026-10-07T13:19:01.252Z][INFO] project:list-packages --> 200 (581 ms)
[2026-10-07T13:19:07.485Z][INFO] Received shutdown request (SIGINT), shutting down Unity Package Manager
