The selected window backend is x11 
Input System module state changed to: Initialized.
Display 0 'screen': 1920x1080 (primary device).
[Physics::Module] Initialized fallback backend.
[Physics::Module] Id: 0xdecafbad
Desktop is 1920 x 1080 @ 0 Hz
Initialize engine version: 6000.0.75f1 (26349cd2a5c8)
[Subsystems] Discovering subsystems at path /home/worlesenric/wkspace/gc-studio/r10-b/.evidence/R10bPlayer/Hollowmere_Data/UnitySubsystems
Forcing GfxDevice: OpenGL Core
GfxDevice: creating device client; kGfxThreadingModeNonThreaded
Renderer: llvmpipe (LLVM 20.1.2, 256 bits)
Vendor:   Mesa
Version:  4.5 (Core Profile) Mesa 25.2.8-0ubuntu0.24.04.2
GLES:     0
 GL_3DFX_texture_compression_FXT1 GL_AMD_conservative_depth GL_AMD_draw_buffers_blend GL_AMD_gpu_shader_int64 GL_AMD_multi_draw_indirect GL_AMD_pinned_memory GL_AMD_query_buffer_object GL_AMD_seamless_cubemap_per_texture GL_AMD_shader_stencil_export GL_AMD_shader_trinary_minmax GL_AMD_texture_texture4 GL_AMD_vertex_shader_layer GL_AMD_vertex_shader_viewport_index GL_ANGLE_texture_compression_dxt3 GL_ANGLE_texture_compression_dxt5 GL_ARB_ES2_compatibility GL_ARB_ES3_1_compatibility GL_ARB_ES3_2_compatibility GL_ARB_ES3_compatibility GL_ARB_arrays_of_arrays GL_ARB_base_instance GL_ARB_blend_func_extended GL_ARB_buffer_storage GL_ARB_clear_buffer_object GL_ARB_clear_texture GL_ARB_clip_control GL_ARB_compressed_texture_pixel_storage GL_ARB_compute_shader GL_ARB_conditional_render_inverted GL_ARB_conservative_depth GL_ARB_copy_buffer GL_ARB_copy_image GL_ARB_cull_distance GL_ARB_debug_output GL_ARB_depth_buffer_float GL_ARB_depth_clamp GL_ARB_derivative_control GL_ARB_direct_state_access GL_ARB_draw_buffers GL_A
RB_draw_buffers_blend GL_ARB_draw_elements_base_vertex GL_ARB_draw_indirect GL_ARB_draw_instanced GL_ARB_enhanced_layouts GL_ARB_explicit_attrib_location GL_ARB_explicit_uniform_location GL_ARB_fragment_coord_conventions GL_ARB_fragment_layer_viewport GL_ARB_fragment_shader GL_ARB_framebuffer_no_attachments GL_ARB_framebuffer_object GL_ARB_framebuffer_sRGB GL_ARB_get_program_binary GL_ARB_get_texture_sub_image GL_ARB_gl_spirv GL_ARB_gpu_shader5 GL_ARB_gpu_shader_fp64 GL_ARB_gpu_shader_int64 GL_ARB_half_float_pixel GL_ARB_half_float_vertex GL_ARB_indirect_parameters GL_ARB_instanced_arrays GL_ARB_internalformat_query GL_ARB_internalformat_query2 GL_ARB_invalidate_subdata GL_ARB_map_buffer_alignment GL_ARB_map_buffer_range GL_ARB_multi_bind GL_ARB_multi_draw_indirect GL_ARB_occlusion_query2 GL_ARB_parallel_shader_compile GL_ARB_pipeline_statistics_query GL_ARB_pixel_buffer_object GL_ARB_point_sprite GL_ARB_polygon_offset_clamp GL_ARB_post_depth_coverage GL_ARB_program_interface_query GL_ARB_provoking_vertex GL
_ARB_query_buffer_object GL_ARB_robust_buffer_access_behavior GL_ARB_robustness GL_ARB_sample_shading GL_ARB_sampler_objects GL_ARB_seamless_cube_map GL_ARB_seamless_cubemap_per_texture GL_ARB_separate_shader_objects GL_ARB_shader_atomic_counter_ops GL_ARB_shader_atomic_counters GL_ARB_shader_ballot GL_ARB_shader_bit_encoding GL_ARB_shader_clock GL_ARB_shader_draw_parameters GL_ARB_shader_group_vote GL_ARB_shader_image_load_store GL_ARB_shader_image_size GL_ARB_shader_objects GL_ARB_shader_precision GL_ARB_shader_stencil_export GL_ARB_shader_storage_buffer_object GL_ARB_shader_subroutine GL_ARB_shader_texture_image_samples GL_ARB_shader_texture_lod GL_ARB_shader_viewport_layer_array GL_ARB_shading_language_420pack GL_ARB_shading_language_include GL_ARB_shading_language_packing GL_ARB_spirv_extensions GL_ARB_stencil_texturing GL_ARB_sync GL_ARB_tessellation_shader GL_ARB_texture_barrier GL_ARB_texture_border_clamp GL_ARB_texture_buffer_object GL_ARB_texture_buffer_object_rgb32 GL_ARB_texture_buffer_range GL_A
RB_texture_compression_bptc GL_ARB_texture_compression_rgtc GL_ARB_texture_cube_map_array GL_ARB_texture_filter_anisotropic GL_ARB_texture_filter_minmax GL_ARB_texture_float GL_ARB_texture_gather GL_ARB_texture_mirror_clamp_to_edge GL_ARB_texture_multisample GL_ARB_texture_non_power_of_two GL_ARB_texture_query_levels GL_ARB_texture_query_lod GL_ARB_texture_rectangle GL_ARB_texture_rg GL_ARB_texture_rgb10_a2ui GL_ARB_texture_stencil8 GL_ARB_texture_storage GL_ARB_texture_storage_multisample GL_ARB_texture_swizzle GL_ARB_texture_view GL_ARB_timer_query GL_ARB_transform_feedback2 GL_ARB_transform_feedback3 GL_ARB_transform_feedback_instanced GL_ARB_transform_feedback_overflow_query GL_ARB_uniform_buffer_object GL_ARB_vertex_array_bgra GL_ARB_vertex_array_object GL_ARB_vertex_attrib_64bit GL_ARB_vertex_attrib_binding GL_ARB_vertex_buffer_object GL_ARB_vertex_shader GL_ARB_vertex_type_10f_11f_11f_rev GL_ARB_vertex_type_2_10_10_10_rev GL_ARB_viewport_array GL_ARM_shader_framebuffer_fetch_depth_stencil GL_ATI_blend
_equation_separate GL_ATI_meminfo GL_ATI_texture_float GL_ATI_texture_mirror_once GL_EXT_EGL_image_storage GL_EXT_EGL_image_storage_compression GL_EXT_EGL_sync GL_EXT_abgr GL_EXT_blend_equation_separate GL_EXT_debug_label GL_EXT_draw_buffers2 GL_EXT_draw_instanced GL_EXT_framebuffer_blit GL_EXT_framebuffer_multisample GL_EXT_framebuffer_multisample_blit_scaled GL_EXT_framebuffer_object GL_EXT_framebuffer_sRGB GL_EXT_memory_object GL_EXT_memory_object_fd GL_EXT_packed_depth_stencil GL_EXT_packed_float GL_EXT_pixel_buffer_object GL_EXT_polygon_offset_clamp GL_EXT_provoking_vertex GL_EXT_shader_clock GL_EXT_shader_framebuffer_fetch GL_EXT_shader_framebuffer_fetch_non_coherent GL_EXT_shader_image_load_formatted GL_EXT_shader_integer_mix GL_EXT_texture_array GL_EXT_texture_compression_dxt1 GL_EXT_texture_compression_rgtc GL_EXT_texture_compression_s3tc GL_EXT_texture_filter_anisotropic GL_EXT_texture_filter_minmax GL_EXT_texture_integer GL_EXT_texture_mirror_clamp GL_EXT_texture_sRGB GL_EXT_texture_sRGB_R8 GL_EXT
_texture_sRGB_RG8 GL_EXT_texture_sRGB_decode GL_EXT_texture_shadow_lod GL_EXT_texture_shared_exponent GL_EXT_texture_snorm GL_EXT_texture_storage GL_EXT_texture_swizzle GL_EXT_timer_query GL_EXT_transform_feedback GL_EXT_vertex_array_bgra GL_EXT_vertex_attrib_64bit GL_IBM_multimode_draw_arrays GL_INTEL_shader_atomic_float_minmax GL_KHR_blend_equation_advanced GL_KHR_blend_equation_advanced_coherent GL_KHR_context_flush_control GL_KHR_debug GL_KHR_no_error GL_KHR_parallel_shader_compile GL_KHR_robust_buffer_access_behavior GL_KHR_robustness GL_KHR_texture_compression_astc_ldr GL_KHR_texture_compression_astc_sliced_3d GL_MESA_framebuffer_flip_y GL_MESA_pack_invert GL_MESA_shader_integer_functions GL_MESA_texture_signed_rgba GL_NVX_gpu_memory_info GL_NV_alpha_to_coverage_dither_control GL_NV_conditional_render GL_NV_copy_image GL_NV_depth_clamp GL_NV_packed_depth_stencil GL_NV_shader_atomic_float GL_NV_texture_barrier GL_OES_EGL_image GL_OVR_multiview GL_OVR_multiview2 GL_S3_s3tc
OPENGL LOG: Creating OpenGL 4.5 graphics device ; Context level  <OpenGL 4.5> ; Context handle 174117040
[Physics::Module] Selected backend.
[Physics::Module] Name: PhysX
[Physics::Module] Id: 0xf2b8ea05
[Physics::Module] SDK Version: 4.1.2
[Physics::Module] Integration Version: 1.0.0
[Physics::Module] Threading Mode: Multi-Threaded
[Hollowmere] registered the application definition at SubsystemRegistration (11 plugins)
UnityEngine.DebugLogHandler:Internal_Log(LogType, LogOption, String, Object)
Hollowmere.Boot.HollowmereApplication:RegisterAtStartup()

Disable old input system
UnloadTime: 0.848207 ms
[Hollowmere] adopted the application root registered at SubsystemRegistration
UnityEngine.DebugLogHandler:Internal_Log(LogType, LogOption, String, Object)
Hollowmere.Boot.GameBoot:Adopt(HollowmereApplication)
Hollowmere.Boot.GameBoot:Start()

[Hollowmere] frame pacing vsync=0 target=-1
UnityEngine.DebugLogHandler:Internal_Log(LogType, LogOption, String, Object)
Hollowmere.Game.FrameProfile:Configure(GameObject)
Hollowmere.Game.HollowmerePersistentSession:Begin(HollowmereCommandLine)
Hollowmere.Game.HollowmerePersistentSession:Ensure(HollowmereCommandLine)
Hollowmere.Game.HollowmereGame:Start()

[Hollowmere] frame log -> /home/worlesenric/wkspace/gc-studio/r10-b/artifacts/studio/verification/W-GAME-01/r10-b/offscreen/frame-log.csv
UnityEngine.DebugLogHandler:Internal_Log(LogType, LogOption, String, Object)
Hollowmere.Game.HollowmerePersistentSession:Begin(HollowmereCommandLine)
Hollowmere.Game.HollowmerePersistentSession:Ensure(HollowmereCommandLine)
Hollowmere.Game.HollowmereGame:Start()

Unloading 6 Unused Serialized files (Serialized files now loaded: 0)
Unloading 36 unused Assets to reduce memory usage. Loaded Objects now: 2819.
Total: 4.780325 ms (FindLiveObjects: 0.088543 ms CreateObjectMapping: 0.052207 ms MarkObjects: 4.563588 ms  DeleteObjects: 0.075626 ms)

[P3.1b] save capture slot-1 mainThreadMs=34.875
UnityEngine.DebugLogHandler:Internal_Log(LogType, LogOption, String, Object)
Hollowmere.UiAudio.<SaveAndConfirm>d__38:MoveNext()
System.Runtime.CompilerServices.AsyncTaskMethodBuilder`1:Start(TStateMachine&)
Hollowmere.UiAudio.HollowmereUiAudio:SaveAndConfirm(String)
Hollowmere.UiAudio.HollowmereUiAudio:Dispatch(String, Single)
Hollowmere.Game.HollowmerePersistentSession:Dispatch(String, String&)
Hollowmere.Game.AutoplayRunner:Step(AutoplayCommand)
Hollowmere.Game.AutoplayRunner:Update()

Unloading 5 Unused Serialized files (Serialized files now loaded: 0)
Unloading 38 unused Assets to reduce memory usage. Loaded Objects now: 3144.
Total: 4.628856 ms (FindLiveObjects: 0.094935 ms CreateObjectMapping: 0.061017 ms MarkObjects: 4.369904 ms  DeleteObjects: 0.102641 ms)

Unloading 0 Unused Serialized files (Serialized files now loaded: 0)
Unloading 1 unused Assets to reduce memory usage. Loaded Objects now: 3143.
Total: 4.463816 ms (FindLiveObjects: 0.087527 ms CreateObjectMapping: 0.046637 ms MarkObjects: 4.319700 ms  DeleteObjects: 0.009683 ms)

Unloading 2 Unused Serialized files (Serialized files now loaded: 0)
UnloadTime: 17.441905 ms
Unloading 25 unused Assets to reduce memory usage. Loaded Objects now: 2755.
Total: 4.273262 ms (FindLiveObjects: 0.080329 ms CreateObjectMapping: 0.050728 ms MarkObjects: 4.072323 ms  DeleteObjects: 0.069640 ms)

Failed to create agent because it is not close enough to the NavMesh
UnityEngine.GameObject:Internal_AddComponentWithType(Type)
UnityEngine.GameObject:AddComponent()
GameCore.Gameplay.Npc.NavMeshAgentBinder:Steer(NpcRecord, GameObject, Vector3)
GameCore.Gameplay.Npc.NavMeshAgentBinder:Present(ICommittedSlotReader)
GameCore.Gameplay.World.GameplayWorld:Present()
GameCore.Gameplay.World.GameplayPresentationFrame:Present()
GameCore.Unity.App.GameApplicationTimeFrame:Present()
GameCore.Unity.App.GameApplicationPumpCounter:Present()
GameCore.Unity.Adapters.AdapterFrameRegistry:Invoke(IAdapterFrame, Boolean)
GameCore.Unity.Adapters.AdapterFrameRegistry:Present(WorldId)
GameCore.Unity.Adapters.GameCoreApplicationPump:PumpFrame()

[ line 459310728]

Failed to create agent because it is not close enough to the NavMesh
UnityEngine.GameObject:Internal_AddComponentWithType(Type)
UnityEngine.GameObject:AddComponent()
GameCore.Gameplay.Npc.NavMeshAgentBinder:Steer(NpcRecord, GameObject, Vector3)
GameCore.Gameplay.Npc.NavMeshAgentBinder:Present(ICommittedSlotReader)
GameCore.Gameplay.World.GameplayWorld:Present()
GameCore.Gameplay.World.GameplayPresentationFrame:Present()
GameCore.Unity.App.GameApplicationTimeFrame:Present()
GameCore.Unity.App.GameApplicationPumpCounter:Present()
GameCore.Unity.Adapters.AdapterFrameRegistry:Invoke(IAdapterFrame, Boolean)
GameCore.Unity.Adapters.AdapterFrameRegistry:Present(WorldId)
GameCore.Unity.Adapters.GameCoreApplicationPump:PumpFrame()

[ line 459310728]

Failed to create agent because it is not close enough to the NavMesh
UnityEngine.GameObject:Internal_AddComponentWithType(Type)
UnityEngine.GameObject:AddComponent()
GameCore.Gameplay.Npc.NavMeshAgentBinder:Steer(NpcRecord, GameObject, Vector3)
GameCore.Gameplay.Npc.NavMeshAgentBinder:Present(ICommittedSlotReader)
GameCore.Gameplay.World.GameplayWorld:Present()
GameCore.Gameplay.World.GameplayPresentationFrame:Present()
GameCore.Unity.App.GameApplicationTimeFrame:Present()
GameCore.Unity.App.GameApplicationPumpCounter:Present()
GameCore.Unity.Adapters.AdapterFrameRegistry:Invoke(IAdapterFrame, Boolean)
GameCore.Unity.Adapters.AdapterFrameRegistry:Present(WorldId)
GameCore.Unity.Adapters.GameCoreApplicationPump:PumpFrame()

[ line 459310728]

Failed to create agent because it is not close enough to the NavMesh
UnityEngine.AI.NavMesh:AddNavMeshData(NavMeshData, Vector3, Quaternion)
Unity.AI.Navigation.NavMeshSurface:AddData()

[ line 459311016]

Failed to create agent because it is not close enough to the NavMesh
UnityEngine.AI.NavMesh:AddNavMeshData(NavMeshData, Vector3, Quaternion)
Unity.AI.Navigation.NavMeshSurface:AddData()

[ line 459311016]

[autoplay] script with 280 commands, quitAfterFrames=0 frame=1
[autoplay] 9 waituntil ready timeout 120 frame=1
[autoplay] 9 reached 'ready' after 0.00 s (Running)
[autoplay] 10 mark menu frame=1
[autoplay] 11 wait 12 frame=1
[autoplay] 12 ui newgame frame=12389
[autoplay] 13 waituntil ready timeout 120 frame=12389
[autoplay] 13 reached 'ready' after 0.00 s (Running)
[autoplay] 14 mark new-game frame=12389
[autoplay] 15 wait 4 frame=12389
[autoplay] 18 log a look around the square frame=16406
[autoplay] a look around the square
[autoplay] 19 face 30 frame=16406
[autoplay] 20 wait 5 frame=16406
[autoplay] 21 face -40 frame=21476
[autoplay] 22 wait 5 frame=21476
[autoplay] 23 face 160 frame=26491
[autoplay] 24 wait 5 frame=26491
[autoplay] 25 face 0 frame=31711
[autoplay] 26 wait 4 frame=31711
[autoplay] 27 walk -2 -6 frame=35739
[autoplay] 27 arrived at (-1.79, -6.98) after 2.18 s
[autoplay] 28 mark maren frame=37817
[autoplay] 29 approach Maren within 1.8 timeout 40 frame=37817
[autoplay] 29 reached Maren at (-6.33, -7.87), 1.80 m, facing -111.98 after 2.28 s
[autoplay] 30 waituntil prompt Maren timeout 15 frame=40078
[autoplay] 30 reached 'prompt Maren' after 0.00 s (prompt Talk to Maren)
[autoplay] 31 interact frame=40078
[autoplay] 32 waituntil dialogue active timeout 10 frame=40078
[autoplay] 32 reached 'dialogue active' after 0.00 s (dialogue active)
[autoplay] 33 wait 4 frame=40080
[autoplay] 34 advance frame=44247
[autoplay] 35 wait 5 frame=44247
[autoplay] 36 advance frame=48867
[autoplay] 37 wait 3 frame=48867
[autoplay] 38 choose 1 frame=51899
[autoplay] 39 wait 6 frame=51899
[autoplay] 40 advance frame=57563
[autoplay] 41 waituntil dialogue none timeout 10 frame=57563
[autoplay] 41 reached 'dialogue none' after 0.00 s (dialogue none)
[autoplay] 42 waituntil fact heard_rumour >= 1 timeout 10 frame=57564
[autoplay] 42 reached 'fact heard_rumour >= 1' after 0.00 s (fact heard_rumour=1)
[autoplay] 43 wait 2 frame=57564
[autoplay] 45 mark coins frame=59491
[autoplay] 46 approach "Coins (square)" within 1.4 timeout 30 frame=59491
[autoplay] 46 reached Coins (square) at (2.75, -3.64), 1.40 m, facing 63.01 after 4.20 s
[autoplay] 47 waituntil prompt coins timeout 10 frame=63206
[autoplay] 47 reached 'prompt coins' after 0.00 s (prompt Pick up the coins)
[autoplay] 48 interact frame=63206
[autoplay] 49 waituntil item OldCoin >= 5 timeout 10 frame=63206
[autoplay] 49 reached 'item OldCoin >= 5' after 0.01 s (item OldCoin=5)
[autoplay] 50 wait 2 frame=63210
[autoplay] 52 log Pip knows the shrine order frame=64936
[autoplay] Pip knows the shrine order
[autoplay] 53 mark pip frame=64936
[autoplay] 54 approach Pip within 1.8 timeout 60 frame=64936
[autoplay] 54 reached Pip at (5.84, 1.46), 1.79 m, facing -24.85 after 3.38 s
[autoplay] 55 waituntil prompt Pip timeout 15 frame=68080
[autoplay] 55 reached 'prompt Pip' after 0.00 s (prompt Talk to Pip)
[autoplay] 56 interact frame=68080
[autoplay] 57 waituntil dialogue active timeout 10 frame=68080
[autoplay] 57 reached 'dialogue active' after 0.00 s (dialogue active)
[autoplay] 58 wait 5 frame=68082
[autoplay] 59 advance frame=72813
[autoplay] 60 wait 3 frame=72813
[autoplay] 61 choose 1 frame=75527
[autoplay] 62 wait 7 frame=75527
[autoplay] 63 advance frame=82431
[autoplay] 64 waituntil dialogue none timeout 10 frame=82431
[autoplay] 64 reached 'dialogue none' after 0.00 s (dialogue none)
[autoplay] 65 wait 4 frame=82432
[autoplay] 67 mark bram frame=86360
[autoplay] 68 walk 6 -8 frame=86360
[autoplay] 68 arrived at (5.95, -7.01) after 3.40 s
[autoplay] 69 approach Bram within 1.8 timeout 40 frame=87255
[autoplay] 69 reached Bram at (9.85, -11.63), 1.79 m, facing 140.02 after 2.42 s
[autoplay] 70 waituntil prompt Bram timeout 15 frame=87908
[autoplay] 70 reached 'prompt Bram' after 0.00 s (prompt Talk to Bram)
[autoplay] 71 interact frame=87908
[autoplay] 72 waituntil dialogue active timeout 10 frame=87908
[autoplay] 72 reached 'dialogue active' after 0.01 s (dialogue active)
[autoplay] 73 wait 3 frame=87910
[autoplay] 74 advance frame=88947
[autoplay] 75 wait 2 frame=88947
[autoplay] 76 choose 0 frame=89790
[autoplay] 77 wait 3 frame=89790
[autoplay] 78 advance frame=91664
[autoplay] 79 waituntil dialogue none timeout 10 frame=91664
[autoplay] 79 reached 'dialogue none' after 0.00 s (dialogue none)
[autoplay] 80 waituntil item Lantern >= 1 timeout 10 frame=91665
[autoplay] 80 reached 'item Lantern >= 1' after 0.00 s (item Lantern=1)
[autoplay] 81 wait 2 frame=91665
[autoplay] 82 interact frame=93006
[autoplay] 83 waituntil dialogue active timeout 10 frame=93006
[autoplay] 83 reached 'dialogue active' after 0.00 s (dialogue active)
[autoplay] 84 wait 2 frame=93008
[autoplay] 85 advance frame=94303
[autoplay] 86 wait 2 frame=94303
[autoplay] 87 choose 2 frame=95434
[autoplay] 88 wait 3 frame=95434
[autoplay] 89 advance frame=97461
[autoplay] 90 waituntil dialogue none timeout 10 frame=97461
[autoplay] 90 reached 'dialogue none' after 0.00 s (dialogue none)
[autoplay] 91 wait 2 frame=97462
[autoplay] 93 log the healer's garden and the barn on the way out frame=99344
[autoplay] the healer's garden and the barn on the way out
[autoplay] 94 walk 4 -6 frame=99344
[autoplay] 94 arrived at (4.76, -6.65) after 2.63 s
[autoplay] 95 walk 2 6 frame=101639
[autoplay] 95 arrived at (2.24, 5.03) after 5.20 s
[autoplay] 96 walk -6 12 frame=106367
[autoplay] 96 arrived at (-5.30, 11.29) after 5.26 s
[autoplay] 97 face 0 frame=111440
[autoplay] 98 wait 10 frame=111440
[autoplay] 99 face -90 frame=122124
[autoplay] 100 wait 6 frame=122124
[autoplay] 101 walk 2 4 frame=128936
[autoplay] 101 arrived at (1.28, 4.70) after 3.82 s
[autoplay] 102 wait 4 frame=132834
[autoplay] 103 walk 12 1 frame=137284
[autoplay] 103 sidestep right at (4.32, 3.32); ahead: Pip/Body at 0.03 m; Traveller/Body at 0.00 m
[autoplay] 103 arrived at (11.01, 1.10) after 6.71 s
[autoplay] 104 walk 22 0 frame=144305
[autoplay] 104 arrived at (21.04, 0.26) after 4.09 s
[autoplay] 105 face 90 frame=148754
[autoplay] 106 wait 4 frame=148754
[autoplay] 107 log the road east: a last look back at the village frame=153131
[autoplay] the road east: a last look back at the village
[autoplay] 108 face -90 frame=153131
[autoplay] 109 wait 8 frame=153131
[autoplay] 110 face 90 frame=161662
[autoplay] 111 wait 4 frame=161662
[autoplay] 112 mark gate frame=165742
[autoplay] 113 walk 30 0 frame=165742
[autoplay] 113 arrived at (29.03, 0.22) after 3.24 s
[autoplay] 114 walk 166.5 0 timeout 40 frame=169333
[autoplay] 114 crossed a portal to (167.50, 0.00) after 2.04 s
[autoplay] 115 waituntil region Blackmere timeout 30 frame=171626
[autoplay] 115 reached 'region Blackmere' after 0.00 s (region Blackmere Marsh)
[autoplay] 118 mark marsh frame=171626
[autoplay] 119 wait 6 frame=171626
[autoplay] 120 face 45 frame=178005
[autoplay] 121 wait 6 frame=178005
[autoplay] 122 face -60 frame=184660
[autoplay] 123 wait 6 frame=184660
[autoplay] 124 face 90 frame=191043
[autoplay] 125 wait 3 frame=191043
[autoplay] 126 approach Hale within 1.8 timeout 30 frame=194258
[autoplay] 126 reached Hale at (167.50, 2.70), 1.80 m, facing 0.00 after 1.14 s
[autoplay] 127 waituntil prompt Hale timeout 15 frame=195337
[autoplay] 127 reached 'prompt Hale' after 0.00 s (prompt Talk to Hale)
[autoplay] 128 interact frame=195337
[autoplay] 129 waituntil dialogue active timeout 10 frame=195337
[autoplay] 129 reached 'dialogue active' after 0.00 s (dialogue active)
[autoplay] 130 wait 4 frame=195339
[autoplay] 131 advance frame=199071
[autoplay] 132 waituntil dialogue none timeout 10 frame=199071
[autoplay] 132 reached 'dialogue none' after 0.00 s (dialogue none)
[autoplay] 133 waituntil fact gate_open >= 1 timeout 10 frame=199072
[autoplay] 133 reached 'fact gate_open >= 1' after 0.00 s (fact gate_open=1)
[autoplay] 134 wait 4 frame=199072
[autoplay] 135 face 0 frame=201992
[autoplay] 136 wait 6 frame=201992
[autoplay] 137 face 90 frame=204390
[autoplay] 138 wait 3 frame=204390
[autoplay] 139 approach "Causeway Gate" within 1.6 timeout 20 frame=205392
[autoplay] 139 reached Causeway Gate at (168.00, 2.53), 1.59 m, facing 109.39 after 0.21 s
[autoplay] 140 waituntil prompt gate timeout 10 frame=205461
[autoplay] 140 reached 'prompt gate' after 0.00 s (prompt The gate is barred)
[autoplay] 141 interact frame=205461
[autoplay] 142 wait 3 frame=205461
[autoplay] 143 walk 172 2 frame=206606
[autoplay] 143 arrived at (171.02, 2.21) after 1.24 s
[autoplay] 144 walk 180 2 frame=207534
[autoplay] 144 arrived at (179.01, 2.16) after 3.15 s
[autoplay] 145 mark shrine frame=209929
[autoplay] 146 walk 192 -1 frame=209929
[autoplay] 146 arrived at (191.01, -0.85) after 4.93 s
[autoplay] 147 approach "Shrine Lantern West" within 1.6 timeout 30 frame=213773
[autoplay] 147 reached Shrine Lantern West at (197.71, 3.06), 1.60 m, facing 53.77 after 3.24 s
[autoplay] 148 waituntil prompt west timeout 10 frame=216470
[autoplay] 148 reached 'prompt west' after 0.00 s (prompt Light the west shrine lantern)
[autoplay] 149 interact frame=216470
[autoplay] 150 waituntil fact shrine_post_1 >= 1 timeout 10 frame=216470
[autoplay] 150 reached 'fact shrine_post_1 >= 1' after 0.01 s (fact shrine_post_1=1)
[autoplay] 151 wait 3 frame=216474
[autoplay] 152 approach "Shrine Lantern Middle" within 1.6 timeout 30 frame=219238
[autoplay] 152 reached Shrine Lantern Middle at (204.44, 2.34), 1.60 m, facing 102.10 after 2.82 s
[autoplay] 153 waituntil prompt middle timeout 10 frame=222023
[autoplay] 153 reached 'prompt middle' after 0.00 s (prompt Light the middle shrine lantern)
[autoplay] 154 interact frame=222023
[autoplay] 155 waituntil fact shrine_post_2 >= 1 timeout 10 frame=222023
[autoplay] 155 reached 'fact shrine_post_2 >= 1' after 0.00 s (fact shrine_post_2=1)
[autoplay] 156 wait 3 frame=222027
[autoplay] 157 approach "Shrine Lantern East" within 1.6 timeout 30 frame=224844
[autoplay] 157 reached Shrine Lantern East at (211.45, 3.61), 1.60 m, facing 75.85 after 2.99 s
[autoplay] 158 waituntil prompt east timeout 10 frame=227879
[autoplay] 158 reached 'prompt east' after 0.00 s (prompt Light the east shrine lantern)
[autoplay] 159 interact frame=227879
[autoplay] 160 waituntil fact shrine_lit >= 1 timeout 10 frame=227879
[autoplay] 160 reached 'fact shrine_lit >= 1' after 0.01 s (fact shrine_lit=1)
[autoplay] 161 mark shrine-lit frame=227885
[autoplay] 162 wait 12 frame=227885
[autoplay] 163 face 180 frame=240365
[autoplay] 164 wait 8 frame=240365
[autoplay] 165 face 0 frame=248639
[autoplay] 166 wait 6 frame=248639
[autoplay] 168 mark clapper frame=254806
[autoplay] 169 walk 213 -2 frame=254806
[autoplay] 169 arrived at (212.79, -1.03) after 2.00 s
[autoplay] 170 walk 200 -3 frame=256699
[autoplay] 170 arrived at (200.97, -2.75) after 4.96 s
[autoplay] 171 approach "Bell Clapper" within 1.4 timeout 40 frame=262127
[autoplay] 171 reached Bell Clapper at (194.96, 7.98), 1.40 m, facing -43.15 after 4.86 s
[autoplay] 172 waituntil prompt clapper timeout 10 frame=267021
[autoplay] 172 reached 'prompt clapper' after 0.00 s (prompt Lift the bell clapper)
[autoplay] 173 interact frame=267021
[autoplay] 174 waituntil item BellClapper >= 1 timeout 10 frame=267021
[autoplay] 174 reached 'item BellClapper >= 1' after 0.01 s (item BellClapper=1)
[autoplay] 175 wait 2 frame=267025
[autoplay] 176 ui open.pause frame=268714
[autoplay] 177 waituntil screen Pause timeout 10 frame=268714
[autoplay] 177 reached 'screen Pause' after 0.00 s (screen Pause)
[autoplay] 178 wait 1 frame=268715
[autoplay] 179 ui open.save frame=269649
[autoplay] 180 waituntil screen Save timeout 10 frame=269649
[autoplay] 180 reached 'screen Save' after 0.00 s (screen Save)
[autoplay] 181 wait 1 frame=269650
[autoplay] 182 ui save.1 frame=270540
[autoplay] 183 waituntil slot slot-1 timeout 20 frame=270540
[autoplay] 183 reached 'slot slot-1' after 0.01 s (slot slot-1 exists)
[autoplay] 184 mark saved frame=270548
[autoplay] 185 wait 4 frame=270548
[autoplay] 186 ui close frame=274009
[autoplay] 187 wait 1 frame=274009
[autoplay] 188 ui resume frame=274802
[autoplay] 189 waituntil screen Hud timeout 10 frame=274802
[autoplay] 189 reached 'screen Hud' after 0.00 s (screen Hud)
[autoplay] 190 wait 2 frame=274803
[autoplay] 192 log the satchel in the reeds frame=276504
[autoplay] the satchel in the reeds
[autoplay] 193 walk 190 -6 frame=276504
[autoplay] 193 arrived at (190.28, -5.04) after 5.46 s
[autoplay] 194 approach "Drowned Satchel" within 1.4 timeout 30 frame=280576
[autoplay] 194 reached Drowned Satchel at (186.57, -14.72), 1.40 m, facing -155.96 after 4.15 s
[autoplay] 195 waituntil prompt satchel timeout 10 frame=283078
[autoplay] 195 reached 'prompt satchel' after 0.00 s (prompt Search the drowned satchel)
[autoplay] 196 interact frame=283078
[autoplay] 197 wait 4 frame=283078
[autoplay] 199 mark odd frame=286212
[autoplay] 200 walk 192 0 frame=286212
[autoplay] 200 arrived at (191.69, -0.95) after 5.81 s
[autoplay] 201 walk 200 16 frame=290908
[autoplay] 201 arrived at (199.46, 15.16) after 7.63 s
[autoplay] 202 walk 212 19.5 frame=297414
[autoplay] 202 arrived at (211.03, 19.28) after 4.88 s
[autoplay] 203 approach Odd within 1.8 timeout 40 frame=301607
[autoplay] 203 reached Odd at (219.23, 19.69), 1.80 m, facing 79.91 after 3.44 s
[autoplay] 204 waituntil prompt Odd timeout 15 frame=304737
[autoplay] 204 reached 'prompt Odd' after 0.00 s (prompt Talk to Odd)
[autoplay] 205 interact frame=304737
[autoplay] 206 waituntil dialogue active timeout 10 frame=304737
[autoplay] 206 reached 'dialogue active' after 0.00 s (dialogue active)
[autoplay] 207 wait 5 frame=304739
[autoplay] 208 advance frame=308750
[autoplay] 209 wait 3 frame=308750
[autoplay] 210 choose 0 frame=311365
[autoplay] 211 waituntil region Belfry timeout 30 frame=311365
[autoplay] 211 reached 'region Belfry' after 0.00 s (region Drowned Belfry)
[autoplay] 212 wait 4 frame=311367
[autoplay] 215 mark belfry frame=315933
[autoplay] 216 wait 8 frame=315933
[autoplay] 217 face 90 frame=325275
[autoplay] 218 wait 6 frame=325275
[autoplay] 219 face -90 frame=331676
[autoplay] 220 wait 6 frame=331676
[autoplay] 221 face 0 frame=338799
[autoplay] 222 wait 4 frame=338799
[autoplay] 223 approach "Belfry Echo" within 1.8 timeout 30 frame=343226
[autoplay] 223 reached Belfry Echo at (101.22, 189.68), 1.80 m, facing -42.66 after 9.72 s
[autoplay] 224 waituntil prompt Echo timeout 15 frame=354302
[autoplay] 224 reached 'prompt Echo' after 0.00 s (prompt Talk to Belfry Echo)
[autoplay] 225 interact frame=354302
[autoplay] 226 waituntil dialogue active timeout 10 frame=354302
[autoplay] 226 reached 'dialogue active' after 0.00 s (dialogue active)
[autoplay] 227 wait 5 frame=354304
[autoplay] 228 advance frame=360749
[autoplay] 229 wait 4 frame=360749
[autoplay] 230 choose 0 frame=365565
[autoplay] 231 wait 5 frame=365565
[autoplay] 232 advance frame=372066
[autoplay] 233 waituntil dialogue none timeout 10 frame=372066
[autoplay] 233 reached 'dialogue none' after 0.00 s (dialogue none)
[autoplay] 234 approach "Drowned Bell" within 1.8 timeout 30 frame=372067
[autoplay] 234 reached Drowned Bell at (100.46, 196.26), 1.80 m, facing -14.89 after 2.61 s
[autoplay] 235 waituntil prompt bell timeout 15 frame=375073
[autoplay] 235 reached 'prompt bell' after 0.00 s (prompt Ring the bell)
[autoplay] 236 mark ring frame=375073
[autoplay] 237 interact frame=375073
[autoplay] 238 waituntil fact bell_rung >= 1 timeout 10 frame=375073
[autoplay] 238 reached 'fact bell_rung >= 1' after 0.01 s (fact bell_rung=1)
[autoplay] 239 waituntil ending timeout 30 frame=375077
[autoplay] 239 reached 'ending' after 3.01 s (ending True Ending C: The Freed Echo)
[autoplay] 240 mark ending frame=378587
[autoplay] 241 wait 24 frame=378587
[autoplay] 244 ui restart frame=403513
[autoplay] 245 waituntil ready timeout 120 frame=403513
[autoplay] 245 reached 'ready' after 0.00 s (Running)
[autoplay] 246 mark restarted frame=403513
[autoplay] 247 wait 6 frame=403513
[autoplay] 248 log a last look at the square before loading frame=409156
[autoplay] a last look at the square before loading
[autoplay] 249 face 160 frame=409156
[autoplay] 250 wait 5 frame=409156
[autoplay] 251 face 0 frame=414295
[autoplay] 252 wait 4 frame=414295
[autoplay] 253 ui open.pause frame=418272
[autoplay] 254 waituntil screen Pause timeout 10 frame=418272
[autoplay] 254 reached 'screen Pause' after 0.00 s (screen Pause)
[autoplay] 255 wait 1 frame=418273
[autoplay] 256 ui open.load frame=419383
[autoplay] 257 waituntil screen Load timeout 10 frame=419383
[autoplay] 257 reached 'screen Load' after 0.00 s (screen Load)
[autoplay] 258 wait 1 frame=419384
[autoplay] 259 ui load.1 frame=420517
[autoplay] 260 waituntil restored timeout 60 frame=420517
[autoplay] 260 reached 'restored' after 0.09 s (restores 1)
[autoplay] 261 mark loaded frame=420519
[autoplay] 262 wait 6 frame=420519
[autoplay] 263 log a walk on the causeway at dusk frame=426018
[autoplay] a walk on the causeway at dusk
[autoplay] 264 walk 196 0 frame=426018
[autoplay] 264 arrived at (195.80, 0.98) after 2.86 s
[autoplay] 265 face 90 frame=428482
[autoplay] 266 wait 8 frame=428482
[autoplay] 267 walk 192 -1 frame=435915
[autoplay] 267 arrived at (192.86, -0.49) after 1.41 s
[autoplay] 268 wait 5 frame=437063
[autoplay] 269 walk 180 2 frame=441795
[autoplay] 269 arrived at (180.98, 1.82) after 4.70 s
[autoplay] 270 face -90 frame=445761
[autoplay] 271 wait 8 frame=445761
[autoplay] 272 walk 172 2 frame=453052
[autoplay] 272 arrived at (172.99, 1.85) after 3.11 s
[autoplay] 273 wait 5 frame=455705
[autoplay] 274 walk 180 2 frame=460423
[autoplay] 274 arrived at (179.01, 1.87) after 2.31 s
[autoplay] 275 walk 192 -1 frame=462374
[autoplay] 275 arrived at (191.02, -0.79) after 5.06 s
[autoplay] 276 face 0 frame=467031
[autoplay] 277 wait 10 frame=467031
[autoplay] 278 walk 200 16 frame=476183
[autoplay] 278 arrived at (199.41, 15.20) after 7.68 s
[autoplay] 279 wait 6 frame=483012
[autoplay] 280 face 90 frame=488778
[autoplay] 281 wait 10 frame=488778
[autoplay] 282 log back along the causeway to the shrine and the gate frame=497523
[autoplay] back along the causeway to the shrine and the gate
[autoplay] 283 walk 192 0 frame=497523
[autoplay] 283 arrived at (192.52, 0.82) after 6.69 s
[autoplay] 284 wait 4 frame=503260
[autoplay] 285 walk 192 -1 frame=506847
[autoplay] 285 arrived at (192.24, -0.03) after 0.34 s
[autoplay] 286 face 180 frame=507125
[autoplay] 287 wait 10 frame=507125
[autoplay] 288 walk 180 2 frame=516580
[autoplay] 288 arrived at (180.98, 1.80) after 4.78 s
[autoplay] 289 wait 6 frame=520956
[autoplay] 290 walk 172 2 frame=526440
[autoplay] 290 arrived at (172.98, 1.82) after 3.28 s
[autoplay] 291 face 0 frame=529488
[autoplay] 292 wait 10 frame=529488
[autoplay] 293 face 180 frame=538494
[autoplay] 294 wait 8 frame=538494
[autoplay] 295 walk 180 2 frame=545443
[autoplay] 295 arrived at (179.01, 1.85) after 2.51 s
[autoplay] 296 walk 192 -1 frame=547790
[autoplay] 296 arrived at (191.02, -0.81) after 5.00 s
[autoplay] 297 face 90 frame=552319
[autoplay] 298 wait 12 frame=552319
[autoplay] 299 walk 196 0 frame=563254
[autoplay] 299 arrived at (195.03, -0.22) after 1.65 s
[autoplay] 300 face 0 frame=564716
[autoplay] 301 wait 15 frame=564716
[autoplay] 302 mark done frame=577792
[autoplay] 303 quit 0 frame=577792
[autoplay] quit 0 at frame 577792
UnityEngine.DebugLogHandler:Internal_Log(LogType, LogOption, String, Object)
Hollowmere.Game.FrameLogRecorder:Flush()

[Physics::Module] Cleanup current backned.
[Physics::Module] Id: 0xf2b8ea05
Input System module state changed to: ShutdownInProgress.
Input System polling thread exited.
Input System module state changed to: Shutdown.
