[2026-10-07T06:01:49.506Z][INFO] Command-line: ~/Unity/Hub/Editor/6000.0.75f1/Editor/Data/Resources/PackageManager/Server/UnityPackageManager -s 1500597 -ipc -ipc-path /tmp/Unity-Upm-1500597.sock -l 2 --log-file ~/wkspace/gc-studio/p4.2i/artifacts/studio/verification/W-MECH-01/p42i-stage-review-cold-20261007T060148.783190Z/upm.log
[2026-10-07T06:01:49.514Z][INFO] IPC server started (IPC path=/tmp/Unity-Upm-1500597.sock).
[2026-10-07T06:01:49.514Z][INFO] Hint: To connect to this UPM instance, launch Unity with the command-line parameter -upmIpcPath Upm-1500597.
[2026-10-07T06:01:50.457Z][INFO] project:add-dependency <-- Request received
params: {
  "packageId": "com.unity.toolchain.linux-x86_64"
}
[2026-10-07T06:02:28.701Z][INFO] project:add-dependency --> 200 (38244 ms)
[2026-10-07T06:02:28.956Z][INFO] project:list-packages <-- Request received
params: {}
[2026-10-07T06:02:29.027Z][INFO] project:list-packages <-- Request received
params: {}
[2026-10-07T06:02:29.043Z][INFO] project:list-packages <-- Request received
params: {}
[2026-10-07T06:02:29.051Z][INFO] config:project:get-registries <-- Request received
params: {}
[2026-10-07T06:02:29.080Z][INFO] config:project:get-registries --> 200 (29 ms)
[2026-10-07T06:02:29.927Z][INFO] project:list-packages --> 200 (971 ms)
[2026-10-07T06:02:30.075Z][INFO] project:list-packages --> 200 (1048 ms)
[2026-10-07T06:02:32.320Z][INFO] project:list-packages <-- Request received
params: {}
[2026-10-07T06:02:32.736Z][INFO] project:list-packages --> 200 (416 ms)
[2026-10-07T06:02:35.893Z][INFO] project:list-packages <-- Request received
params: {}
[2026-10-07T06:02:35.903Z][INFO] project:list-packages <-- Request received
params: {}
[2026-10-07T06:02:35.914Z][INFO] config:project:get-registries <-- Request received
params: {}
[2026-10-07T06:02:35.931Z][INFO] config:project:get-registries --> 200 (17 ms)
[2026-10-07T06:02:36.443Z][INFO] project:list-packages --> 200 (540 ms)
[2026-10-07T06:02:40.023Z][INFO] project:list-packages <-- Request received
params: {}
[2026-10-07T06:02:40.034Z][INFO] project:list-packages <-- Request received
params: {}
[2026-10-07T06:02:40.687Z][INFO] project:list-packages --> 200 (664 ms)
[2026-10-07T06:02:48.917Z][INFO] project:list-packages <-- Request received
params: {}
[2026-10-07T06:02:49.279Z][INFO] project:list-packages --> 200 (362 ms)
[2026-10-07T06:02:49.463Z][INFO] project:list-packages <-- Request received
params: {}
[2026-10-07T06:02:49.475Z][INFO] config:project:get-registries <-- Request received
params: {}
[2026-10-07T06:02:49.491Z][INFO] config:project:get-registries --> 200 (16 ms)
[2026-10-07T06:02:57.659Z][INFO] project:resolve-packages <-- Request received
params: {}
[2026-10-07T06:03:20.834Z][WARN] Requested version [3.1.3] for package [com.unity.serialization] overridden by minimum version [3.1.5].
[2026-10-07T06:03:20.834Z][WARN] Requested version [1.23.1] for package [com.unity.scriptablebuildpipeline] overridden by minimum version [2.6.1].
[2026-10-07T06:03:20.834Z][WARN] Requested version [3.0.3] for package [com.unity.test-framework.performance] overridden by minimum version [3.4.0].
[2026-10-07T06:03:20.837Z][INFO] project:list-packages --> 200 (51794 ms)
[2026-10-07T06:03:20.841Z][INFO] project:list-packages --> 200 (40807 ms)
[2026-10-07T06:03:20.841Z][INFO] project:list-packages --> 200 (44948 ms)
[2026-10-07T06:03:20.841Z][INFO] project:list-packages --> 200 (31378 ms)
[2026-10-07T06:03:20.847Z][INFO] project:resolve-packages --> 200 (23187 ms)
[2026-10-07T06:03:21.023Z][INFO] config:project:get-registries <-- Request received
params: {}
[2026-10-07T06:03:21.034Z][INFO] config:project:get-registries --> 200 (11 ms)
[2026-10-07T06:03:21.035Z][INFO] project:list-packages <-- Request received
params: {}
[2026-10-07T06:03:21.758Z][INFO] project:list-packages --> 200 (723 ms)
[2026-10-07T06:03:34.575Z][INFO] project:list-packages <-- Request received
params: {}
[2026-10-07T06:03:35.021Z][INFO] project:list-packages --> 200 (446 ms)
[2026-10-07T06:03:35.224Z][INFO] project:list-packages <-- Request received
params: {}
[2026-10-07T06:03:35.236Z][INFO] project:list-packages <-- Request received
params: {}
[2026-10-07T06:03:35.245Z][INFO] config:project:get-registries <-- Request received
params: {}
[2026-10-07T06:03:35.255Z][INFO] config:project:get-registries --> 200 (10 ms)
[2026-10-07T06:03:35.671Z][INFO] project:list-packages --> 200 (435 ms)
[2026-10-07T06:03:42.406Z][INFO] project:list-packages <-- Request received
params: {}
[2026-10-07T06:03:42.806Z][INFO] project:list-packages --> 200 (400 ms)
[2026-10-07T06:03:42.963Z][INFO] project:list-packages <-- Request received
params: {}
[2026-10-07T06:03:42.974Z][INFO] config:project:get-registries <-- Request received
params: {}
[2026-10-07T06:03:42.989Z][INFO] config:project:get-registries --> 200 (15 ms)
[2026-10-07T06:03:51.857Z][INFO] project:resolve-packages <-- Request received
params: {}
[2026-10-07T06:03:56.595Z][WARN] Failed to read package manifest at ~/wkspace/gc-studio/p4.2i/games/hollowmere/Packages/com.hollowmere.mechanism.pressureplate, package info object may be incomplete
[2026-10-07T06:03:56.595Z][WARN] Failed to read package manifest at ~/wkspace/gc-studio/p4.2i/games/hollowmere/Packages/com.hollowmere.mechanism.pressureplate, package info object may be incomplete
[2026-10-07T06:03:58.662Z][WARN] Requested version [3.1.3] for package [com.unity.serialization] overridden by minimum version [3.1.5].
[2026-10-07T06:03:58.662Z][WARN] Requested version [1.23.1] for package [com.unity.scriptablebuildpipeline] overridden by minimum version [2.6.1].
[2026-10-07T06:03:58.662Z][WARN] Requested version [3.0.3] for package [com.unity.test-framework.performance] overridden by minimum version [3.4.0].
[2026-10-07T06:03:58.664Z][INFO] project:list-packages --> 200 (23439 ms)
[2026-10-07T06:03:58.664Z][INFO] project:list-packages --> 200 (15701 ms)
[2026-10-07T06:03:58.669Z][INFO] project:resolve-packages --> 200 (6813 ms)
[2026-10-07T06:03:58.776Z][INFO] config:project:get-registries <-- Request received
params: {}
[2026-10-07T06:03:58.780Z][INFO] config:project:get-registries --> 200 (4 ms)
[2026-10-07T06:03:58.787Z][INFO] project:list-packages <-- Request received
params: {}
[2026-10-07T06:03:59.201Z][INFO] project:list-packages --> 200 (414 ms)
[2026-10-07T06:04:05.141Z][INFO] project:list-packages <-- Request received
params: {}
[2026-10-07T06:04:05.439Z][INFO] project:list-packages --> 200 (298 ms)
[2026-10-07T06:04:05.597Z][INFO] project:list-packages <-- Request received
params: {}
[2026-10-07T06:04:05.610Z][INFO] project:list-packages <-- Request received
params: {}
[2026-10-07T06:04:05.620Z][INFO] config:project:get-registries <-- Request received
params: {}
[2026-10-07T06:04:05.626Z][INFO] config:project:get-registries --> 200 (6 ms)
[2026-10-07T06:04:06.148Z][INFO] project:list-packages --> 200 (551 ms)
[2026-10-07T06:04:06.198Z][INFO] project:list-packages --> 200 (588 ms)
[2026-10-07T06:04:15.168Z][INFO] Received shutdown request (SIGINT), shutting down Unity Package Manager
