[2026-10-07T12:34:15.766Z][INFO] Command-line: ~/Unity/Hub/Editor/6000.0.75f1/Editor/Data/Resources/PackageManager/Server/UnityPackageManager -s 2674340 -ipc -ipc-path /tmp/Unity-Upm-2674340.sock -l 2 --log-file ~/wkspace/gc-studio/p4.2j/artifacts/studio/verification/W-DOC-01/p42j-creator-guide-20261007T123414.950608Z/upm.log
[2026-10-07T12:34:15.773Z][INFO] IPC server started (IPC path=/tmp/Unity-Upm-2674340.sock).
[2026-10-07T12:34:15.773Z][INFO] Hint: To connect to this UPM instance, launch Unity with the command-line parameter -upmIpcPath Upm-2674340.
[2026-10-07T12:34:16.686Z][INFO] project:add-dependency <-- Request received
params: {
  "packageId": "com.unity.toolchain.linux-x86_64"
}
[2026-10-07T12:34:46.025Z][INFO] project:add-dependency --> 200 (29339 ms)
[2026-10-07T12:34:46.492Z][INFO] project:list-packages <-- Request received
params: {}
[2026-10-07T12:34:46.603Z][INFO] project:list-packages <-- Request received
params: {}
[2026-10-07T12:34:46.621Z][INFO] project:list-packages <-- Request received
params: {}
[2026-10-07T12:34:46.643Z][INFO] config:project:get-registries <-- Request received
params: {}
[2026-10-07T12:34:46.672Z][INFO] config:project:get-registries --> 200 (29 ms)
[2026-10-07T12:34:48.270Z][INFO] project:list-packages --> 200 (1779 ms)
[2026-10-07T12:34:48.747Z][INFO] project:list-packages --> 200 (2144 ms)
[2026-10-07T12:34:50.854Z][INFO] project:list-packages --> 200 (4232 ms)
[2026-10-07T12:34:54.912Z][INFO] project:list-packages <-- Request received
params: {}
[2026-10-07T12:34:55.357Z][INFO] project:list-packages --> 200 (445 ms)
[2026-10-07T12:34:58.262Z][INFO] project:list-packages <-- Request received
params: {}
[2026-10-07T12:34:58.273Z][INFO] project:list-packages <-- Request received
params: {}
[2026-10-07T12:34:58.283Z][INFO] config:project:get-registries <-- Request received
params: {}
[2026-10-07T12:34:58.314Z][INFO] config:project:get-registries --> 200 (31 ms)
[2026-10-07T12:34:58.928Z][INFO] project:list-packages --> 200 (655 ms)
[2026-10-07T12:35:01.780Z][INFO] project:list-packages <-- Request received
params: {}
[2026-10-07T12:35:01.790Z][INFO] project:list-packages <-- Request received
params: {}
[2026-10-07T12:35:02.689Z][INFO] project:list-packages --> 200 (909 ms)
[2026-10-07T12:35:27.729Z][INFO] project:list-packages --> 200 (25939 ms)
[2026-10-07T12:35:27.730Z][INFO] project:list-packages --> 200 (29468 ms)
[2026-10-07T12:35:28.023Z][INFO] Received shutdown request (SIGINT), shutting down Unity Package Manager
