[autoplay] script with 280 commands, quitAfterFrames=0 frame=1
[autoplay] 9 waituntil ready timeout 120 frame=4
[autoplay] 9 reached 'ready' after 0.00 s (Running)
[autoplay] 10 mark menu frame=4
[autoplay] 11 wait 12 frame=4
[autoplay] 12 ui newgame frame=724
[autoplay] 13 waituntil ready timeout 120 frame=724
[autoplay] 13 reached 'ready' after 0.00 s (Running)
[autoplay] 14 mark new-game frame=724
[autoplay] 15 wait 4 frame=724
[autoplay] 18 log a look around the square frame=964
[autoplay] a look around the square
[autoplay] 19 face 30 frame=964
[autoplay] 20 wait 5 frame=964
[autoplay] 21 face -40 frame=1265
[autoplay] 22 wait 5 frame=1265
[autoplay] 23 face 160 frame=1565
[autoplay] 24 wait 5 frame=1565
[autoplay] 25 face 0 frame=1865
[autoplay] 26 wait 4 frame=1865
[autoplay] 27 walk -2 -6 frame=2105
[autoplay] 27 arrived at (-1.66, -6.92) after 2.17 s
[autoplay] 28 mark maren frame=2235
[autoplay] 29 approach Maren within 1.8 timeout 40 frame=2235
[autoplay] 29 reached Maren at (-6.56, -7.18), 1.79 m, facing -126.57 after 2.45 s
[autoplay] 30 waituntil prompt Maren timeout 15 frame=2382
[autoplay] 30 reached 'prompt Maren' after 0.00 s (prompt Talk to Maren)
[autoplay] 31 interact frame=2382
[autoplay] 32 waituntil dialogue active timeout 10 frame=2382
[autoplay] 32 reached 'dialogue active' after 0.03 s (dialogue active)
[autoplay] 33 wait 4 frame=2384
[autoplay] 34 advance frame=2625
[autoplay] 35 wait 5 frame=2625
[autoplay] 36 advance frame=2926
[autoplay] 37 wait 3 frame=2926
[autoplay] 38 choose 1 frame=3106
[autoplay] 39 wait 6 frame=3106
[autoplay] 40 advance frame=3467
[autoplay] 41 waituntil dialogue none timeout 10 frame=3467
[autoplay] 41 reached 'dialogue none' after 0.02 s (dialogue none)
[autoplay] 42 waituntil fact heard_rumour >= 1 timeout 10 frame=3468
[autoplay] 42 reached 'fact heard_rumour >= 1' after 0.00 s (fact heard_rumour=1)
[autoplay] 43 wait 2 frame=3468
[autoplay] 45 mark coins frame=3589
[autoplay] 46 approach "Coins (square)" within 1.4 timeout 30 frame=3589
[autoplay] 46 reached Coins (square) at (2.76, -3.58), 1.37 m, facing 64.84 after 4.22 s
[autoplay] 47 waituntil prompt coins timeout 10 frame=3842
[autoplay] 47 reached 'prompt coins' after 0.00 s (prompt Pick up the coins)
[autoplay] 48 interact frame=3842
[autoplay] 49 waituntil item OldCoin >= 5 timeout 10 frame=3842
[autoplay] 49 reached 'item OldCoin >= 5' after 0.07 s (item OldCoin=5)
[autoplay] 50 wait 2 frame=3846
[autoplay] 52 log Pip knows the shrine order frame=3967
[autoplay] Pip knows the shrine order
[autoplay] 53 mark pip frame=3967
[autoplay] 54 approach Pip within 1.8 timeout 60 frame=3967
[autoplay] 54 reached Pip at (8.26, -2.37), 1.78 m, facing 77.98 after 2.25 s
[autoplay] 55 waituntil prompt Pip timeout 15 frame=4102
[autoplay] 55 reached 'prompt Pip' after 0.00 s (prompt Talk to Pip)
[autoplay] 56 interact frame=4102
[autoplay] 57 waituntil dialogue active timeout 10 frame=4102
[autoplay] 57 reached 'dialogue active' after 0.03 s (dialogue active)
[autoplay] 58 wait 5 frame=4104
[autoplay] 59 advance frame=4404
[autoplay] 60 wait 3 frame=4404
[autoplay] 61 choose 1 frame=4584
[autoplay] 62 wait 7 frame=4584
[autoplay] 63 advance frame=5005
[autoplay] 64 waituntil dialogue none timeout 10 frame=5005
[autoplay] 64 reached 'dialogue none' after 0.02 s (dialogue none)
[autoplay] 65 wait 4 frame=5006
[autoplay] 67 mark bram frame=5247
[autoplay] 68 walk 6 -8 frame=5247
[autoplay] 68 arrived at (6.37, -7.09) after 2.03 s
[autoplay] 69 approach Bram within 1.8 timeout 40 frame=5369
[autoplay] 69 reached Bram at (9.91, -11.61), 1.76 m, facing 141.91 after 2.30 s
[autoplay] 70 waituntil prompt Bram timeout 15 frame=5507
[autoplay] 70 reached 'prompt Bram' after 0.00 s (prompt Talk to Bram)
[autoplay] 71 interact frame=5507
[autoplay] 72 waituntil dialogue active timeout 10 frame=5507
[autoplay] 72 reached 'dialogue active' after 0.03 s (dialogue active)
[autoplay] 73 wait 3 frame=5509
[autoplay] 74 advance frame=5690
[autoplay] 75 wait 2 frame=5690
[autoplay] 76 choose 0 frame=5811
[autoplay] 77 wait 3 frame=5811
[autoplay] 78 advance frame=5991
[autoplay] 79 waituntil dialogue none timeout 10 frame=5991
[autoplay] 79 reached 'dialogue none' after 0.02 s (dialogue none)
[autoplay] 80 waituntil item Lantern >= 1 timeout 10 frame=5992
[autoplay] 80 reached 'item Lantern >= 1' after 0.00 s (item Lantern=1)
[autoplay] 81 wait 2 frame=5992
[autoplay] 82 interact frame=6112
[autoplay] 83 waituntil dialogue active timeout 10 frame=6112
[autoplay] 83 reached 'dialogue active' after 0.03 s (dialogue active)
[autoplay] 84 wait 2 frame=6114
[autoplay] 85 advance frame=6234
[autoplay] 86 wait 2 frame=6234
[autoplay] 87 choose 2 frame=6355
[autoplay] 88 wait 3 frame=6355
[autoplay] 89 advance frame=6535
[autoplay] 90 waituntil dialogue none timeout 10 frame=6535
[autoplay] 90 reached 'dialogue none' after 0.02 s (dialogue none)
[autoplay] 91 wait 2 frame=6536
[autoplay] 93 log the healer's garden and the barn on the way out frame=6656
[autoplay] the healer's garden and the barn on the way out
[autoplay] 94 walk 4 -6 frame=6656
[autoplay] 94 arrived at (4.72, -6.68) after 2.87 s
[autoplay] 95 walk 2 6 frame=6828
[autoplay] 95 arrived at (2.27, 5.04) after 5.13 s
[autoplay] 96 walk -6 12 frame=7136
[autoplay] 96 arrived at (-5.33, 11.27) after 5.42 s
[autoplay] 97 face 0 frame=7461
[autoplay] 98 wait 10 frame=7461
[autoplay] 99 face -90 frame=8062
[autoplay] 100 wait 6 frame=8062
[autoplay] 101 walk 2 4 frame=8422
[autoplay] 101 arrived at (1.24, 4.63) after 3.83 s
[autoplay] 102 wait 4 frame=8652
[autoplay] 103 walk 12 1 frame=8893
[autoplay] 103 arrived at (11.12, 1.38) after 4.32 s
[autoplay] 104 walk 22 0 frame=9152
[autoplay] 104 arrived at (21.03, 0.13) after 4.00 s
[autoplay] 105 face 90 frame=9392
[autoplay] 106 wait 4 frame=9392
[autoplay] 107 log the road east: a last look back at the village frame=9632
[autoplay] the road east: a last look back at the village
[autoplay] 108 face -90 frame=9632
[autoplay] 109 wait 8 frame=9632
[autoplay] 110 face 90 frame=10112
[autoplay] 111 wait 4 frame=10112
[autoplay] 112 mark gate frame=10353
[autoplay] 113 walk 30 0 frame=10353
[autoplay] 113 arrived at (29.03, 0.01) after 3.20 s
[autoplay] 114 walk 166.5 0 timeout 40 frame=10545
[autoplay] 114 crossed a portal to (167.50, 0.00) after 2.08 s
[autoplay] 115 waituntil region Blackmere timeout 30 frame=10670
[autoplay] 115 reached 'region Blackmere' after 0.00 s (region Blackmere Marsh)
[autoplay] 118 mark marsh frame=10670
[autoplay] 119 wait 6 frame=10670
[autoplay] 120 face 45 frame=11030
[autoplay] 121 wait 6 frame=11030
[autoplay] 122 face -60 frame=11391
[autoplay] 123 wait 6 frame=11391
[autoplay] 124 face 90 frame=11751
[autoplay] 125 wait 3 frame=11751
[autoplay] 126 approach Hale within 1.8 timeout 30 frame=11932
[autoplay] 126 reached Hale at (167.50, 2.71), 1.79 m, facing -0.03 after 1.08 s
[autoplay] 127 waituntil prompt Hale timeout 15 frame=11997
[autoplay] 127 reached 'prompt Hale' after 0.00 s (prompt Talk to Hale)
[autoplay] 128 interact frame=11997
[autoplay] 129 waituntil dialogue active timeout 10 frame=11997
[autoplay] 129 reached 'dialogue active' after 0.03 s (dialogue active)
[autoplay] 130 wait 4 frame=11999
[autoplay] 131 advance frame=12240
[autoplay] 132 waituntil dialogue none timeout 10 frame=12240
[autoplay] 132 reached 'dialogue none' after 0.02 s (dialogue none)
[autoplay] 133 waituntil fact gate_open >= 1 timeout 10 frame=12241
[autoplay] 133 reached 'fact gate_open >= 1' after 0.00 s (fact gate_open=1)
[autoplay] 134 wait 4 frame=12241
[autoplay] 135 face 0 frame=12482
[autoplay] 136 wait 6 frame=12482
[autoplay] 137 face 90 frame=12842
[autoplay] 138 wait 3 frame=12842
[autoplay] 139 approach "Causeway Gate" within 1.6 timeout 20 frame=13023
[autoplay] 139 reached Causeway Gate at (168.01, 2.53), 1.58 m, facing 109.69 after 0.22 s
[autoplay] 140 waituntil prompt gate timeout 10 frame=13036
[autoplay] 140 reached 'prompt gate' after 0.00 s (prompt The gate is barred)
[autoplay] 141 interact frame=13036
[autoplay] 142 wait 3 frame=13036
[autoplay] 143 walk 172 2 frame=13217
[autoplay] 143 arrived at (171.03, 2.13) after 1.22 s
[autoplay] 144 walk 180 2 frame=13290
[autoplay] 144 arrived at (179.04, 2.01) after 3.20 s
[autoplay] 145 mark shrine frame=13482
[autoplay] 146 walk 192 -1 frame=13482
[autoplay] 146 arrived at (191.04, -0.78) after 4.93 s
[autoplay] 147 approach "Shrine Lantern West" within 1.6 timeout 30 frame=13778
[autoplay] 147 reached Shrine Lantern West at (197.65, 3.19), 1.57 m, facing 58.99 after 3.08 s
[autoplay] 148 waituntil prompt west timeout 10 frame=13963
[autoplay] 148 reached 'prompt west' after 0.00 s (prompt Light the west shrine lantern)
[autoplay] 149 interact frame=13963
[autoplay] 150 waituntil fact shrine_post_1 >= 1 timeout 10 frame=13963
[autoplay] 150 reached 'fact shrine_post_1 >= 1' after 0.07 s (fact shrine_post_1=1)
[autoplay] 151 wait 3 frame=13967
[autoplay] 152 approach "Shrine Lantern Middle" within 1.6 timeout 30 frame=14148
[autoplay] 152 reached Shrine Lantern Middle at (204.43, 2.21), 1.59 m, facing 97.71 after 2.73 s
[autoplay] 153 waituntil prompt middle timeout 10 frame=14312
[autoplay] 153 reached 'prompt middle' after 0.00 s (prompt Light the middle shrine lantern)
[autoplay] 154 interact frame=14312
[autoplay] 155 waituntil fact shrine_post_2 >= 1 timeout 10 frame=14312
[autoplay] 155 reached 'fact shrine_post_2 >= 1' after 0.07 s (fact shrine_post_2=1)
[autoplay] 156 wait 3 frame=14316
[autoplay] 157 approach "Shrine Lantern East" within 1.6 timeout 30 frame=14497
[autoplay] 157 reached Shrine Lantern East at (211.44, 3.70), 1.59 m, facing 79.21 after 2.88 s
[autoplay] 158 waituntil prompt east timeout 10 frame=14670
[autoplay] 158 reached 'prompt east' after 0.00 s (prompt Light the east shrine lantern)
[autoplay] 159 interact frame=14670
[autoplay] 160 waituntil fact shrine_lit >= 1 timeout 10 frame=14670
[autoplay] 160 reached 'fact shrine_lit >= 1' after 0.10 s (fact shrine_lit=1)
[autoplay] 161 mark shrine-lit frame=14676
[autoplay] 162 wait 12 frame=14676
[autoplay] 163 face 180 frame=15397
[autoplay] 164 wait 8 frame=15397
[autoplay] 165 face 0 frame=15877
[autoplay] 166 wait 6 frame=15877
[autoplay] 168 mark clapper frame=16238
[autoplay] 169 walk 213 -2 frame=16238
[autoplay] 169 arrived at (212.74, -1.04) after 1.97 s
[autoplay] 170 walk 200 -3 frame=16356
[autoplay] 170 arrived at (200.96, -2.85) after 4.77 s
[autoplay] 171 approach "Bell Clapper" within 1.4 timeout 40 frame=16642
[autoplay] 171 reached Bell Clapper at (194.70, 7.82), 1.37 m, facing -30.69 after 4.95 s
[autoplay] 172 waituntil prompt clapper timeout 10 frame=16939
[autoplay] 172 reached 'prompt clapper' after 0.00 s (prompt Lift the bell clapper)
[autoplay] 173 interact frame=16939
[autoplay] 174 waituntil item BellClapper >= 1 timeout 10 frame=16939
[autoplay] 174 reached 'item BellClapper >= 1' after 0.07 s (item BellClapper=1)
[autoplay] 175 wait 2 frame=16943
[autoplay] 176 ui open.pause frame=17064
[autoplay] 177 waituntil screen Pause timeout 10 frame=17064
[autoplay] 177 reached 'screen Pause' after 0.02 s (screen Pause)
[autoplay] 178 wait 1 frame=17065
[autoplay] 179 ui open.save frame=17126
[autoplay] 180 waituntil screen Save timeout 10 frame=17126
[autoplay] 180 reached 'screen Save' after 0.02 s (screen Save)
[autoplay] 181 wait 1 frame=17127
[autoplay] 182 ui save.1 frame=17187
[autoplay] 183 waituntil slot slot-1 timeout 20 frame=17187
[autoplay] 183 reached 'slot slot-1' after 0.01 s (slot slot-1 exists)
[autoplay] 184 mark saved frame=17190
[autoplay] 185 wait 4 frame=17190
[autoplay] 186 ui close frame=17431
[autoplay] 187 wait 1 frame=17431
[autoplay] 188 ui resume frame=17491
[autoplay] 189 waituntil screen Hud timeout 10 frame=17491
[autoplay] 189 reached 'screen Hud' after 0.01 s (screen Hud)
[autoplay] 190 wait 2 frame=17492
[autoplay] 192 log the satchel in the reeds frame=17613
[autoplay] the satchel in the reeds
[autoplay] 193 walk 190 -6 frame=17613
[autoplay] 193 arrived at (190.32, -5.07) after 5.45 s
[autoplay] 194 approach "Drowned Satchel" within 1.4 timeout 30 frame=17940
[autoplay] 194 reached Drowned Satchel at (186.51, -14.72), 1.38 m, facing -158.24 after 4.15 s
[autoplay] 195 waituntil prompt satchel timeout 10 frame=18189
[autoplay] 195 reached 'prompt satchel' after 0.00 s (prompt Search the drowned satchel)
[autoplay] 196 interact frame=18189
[autoplay] 197 wait 4 frame=18189
[autoplay] 199 mark odd frame=18429
[autoplay] 200 walk 192 0 frame=18429
[autoplay] 200 arrived at (191.67, -0.90) after 5.90 s
[autoplay] 201 walk 200 16 frame=18783
[autoplay] 201 arrived at (199.57, 15.12) after 7.15 s
[autoplay] 202 walk 212 19.5 frame=19212
[autoplay] 202 arrived at (211.09, 19.19) after 4.88 s
[autoplay] 203 approach Odd within 1.8 timeout 40 frame=19505
[autoplay] 203 reached Odd at (219.23, 19.85), 1.77 m, facing 85.18 after 3.27 s
[autoplay] 204 waituntil prompt Odd timeout 15 frame=19701
[autoplay] 204 reached 'prompt Odd' after 0.00 s (prompt Talk to Odd)
[autoplay] 205 interact frame=19701
[autoplay] 206 waituntil dialogue active timeout 10 frame=19701
[autoplay] 206 reached 'dialogue active' after 0.03 s (dialogue active)
[autoplay] 207 wait 5 frame=19703
[autoplay] 208 advance frame=20003
[autoplay] 209 wait 3 frame=20003
[autoplay] 210 choose 0 frame=20184
[autoplay] 211 waituntil region Belfry timeout 30 frame=20184
[autoplay] 211 reached 'region Belfry' after 0.03 s (region Drowned Belfry)
[autoplay] 212 wait 4 frame=20186
[autoplay] 215 mark belfry frame=20427
[autoplay] 216 wait 8 frame=20427
[autoplay] 217 face 90 frame=20908
[autoplay] 218 wait 6 frame=20908
[autoplay] 219 face -90 frame=21268
[autoplay] 220 wait 6 frame=21268
[autoplay] 221 face 0 frame=21629
[autoplay] 222 wait 4 frame=21629
[autoplay] 223 approach "Belfry Echo" within 1.8 timeout 30 frame=21870
[autoplay] 223 reached Belfry Echo at (101.04, 189.57), 1.77 m, facing -36.00 after 9.20 s
[autoplay] 224 waituntil prompt Echo timeout 15 frame=22422
[autoplay] 224 reached 'prompt Echo' after 0.00 s (prompt Talk to Belfry Echo)
[autoplay] 225 interact frame=22422
[autoplay] 226 waituntil dialogue active timeout 10 frame=22422
[autoplay] 226 reached 'dialogue active' after 0.03 s (dialogue active)
[autoplay] 227 wait 5 frame=22424
[autoplay] 228 advance frame=22725
[autoplay] 229 wait 4 frame=22725
[autoplay] 230 choose 0 frame=22965
[autoplay] 231 wait 5 frame=22965
[autoplay] 232 advance frame=23265
[autoplay] 233 waituntil dialogue none timeout 10 frame=23265
[autoplay] 233 reached 'dialogue none' after 0.02 s (dialogue none)
[autoplay] 234 approach "Drowned Bell" within 1.8 timeout 30 frame=23266
[autoplay] 234 reached Drowned Bell at (100.23, 196.23), 1.79 m, facing -7.48 after 2.68 s
[autoplay] 235 waituntil prompt bell timeout 15 frame=23427
[autoplay] 235 reached 'prompt bell' after 0.00 s (prompt Ring the bell)
[autoplay] 236 mark ring frame=23427
[autoplay] 237 interact frame=23427
[autoplay] 238 waituntil fact bell_rung >= 1 timeout 10 frame=23427
[autoplay] 238 reached 'fact bell_rung >= 1' after 0.07 s (fact bell_rung=1)
[autoplay] 239 waituntil ending timeout 30 frame=23431
[autoplay] 239 reached 'ending' after 3.08 s (ending True Ending C: The Freed Echo)
[autoplay] 240 mark ending frame=23616
[autoplay] 241 wait 24 frame=23616
[autoplay] 244 ui restart frame=25057
[autoplay] 245 waituntil ready timeout 120 frame=25057
[autoplay] 245 reached 'ready' after 0.00 s (Running)
[autoplay] 246 mark restarted frame=25057
[autoplay] 247 wait 6 frame=25057
[autoplay] 248 log a last look at the square before loading frame=25415
[autoplay] a last look at the square before loading
[autoplay] 249 face 160 frame=25415
[autoplay] 250 wait 5 frame=25415
[autoplay] 251 face 0 frame=25715
[autoplay] 252 wait 4 frame=25715
[autoplay] 253 ui open.pause frame=25956
[autoplay] 254 waituntil screen Pause timeout 10 frame=25956
[autoplay] 254 reached 'screen Pause' after 0.02 s (screen Pause)
[autoplay] 255 wait 1 frame=25957
[autoplay] 256 ui open.load frame=26017
[autoplay] 257 waituntil screen Load timeout 10 frame=26017
[autoplay] 257 reached 'screen Load' after 0.02 s (screen Load)
[autoplay] 258 wait 1 frame=26018
[autoplay] 259 ui load.1 frame=26079
[autoplay] 260 waituntil restored timeout 60 frame=26079
[autoplay] 260 reached 'restored' after 0.14 s (restores 1)
[autoplay] 261 mark loaded frame=26081
[autoplay] 262 wait 6 frame=26081
[autoplay] 263 log a walk on the causeway at dusk frame=26443
[autoplay] a walk on the causeway at dusk
[autoplay] 264 walk 196 0 frame=26443
[autoplay] 264 arrived at (195.85, 0.95) after 2.78 s
[autoplay] 265 face 90 frame=26610
[autoplay] 266 wait 8 frame=26610
[autoplay] 267 walk 192 -1 frame=27090
[autoplay] 267 arrived at (192.88, -0.56) after 1.33 s
[autoplay] 268 wait 5 frame=27170
[autoplay] 269 walk 180 2 frame=27471
[autoplay] 269 arrived at (180.98, 1.80) after 4.85 s
[autoplay] 270 face -90 frame=27762
[autoplay] 271 wait 8 frame=27762
[autoplay] 272 walk 172 2 frame=28242
[autoplay] 272 arrived at (172.98, 1.99) after 3.20 s
[autoplay] 273 wait 5 frame=28434
[autoplay] 274 walk 180 2 frame=28735
[autoplay] 274 arrived at (179.02, 1.99) after 2.42 s
[autoplay] 275 walk 192 -1 frame=28880
[autoplay] 275 arrived at (191.04, -0.78) after 4.93 s
[autoplay] 276 face 0 frame=29176
[autoplay] 277 wait 10 frame=29176
[autoplay] 278 walk 200 16 frame=29776
[autoplay] 278 arrived at (199.54, 15.14) after 7.22 s
[autoplay] 279 wait 6 frame=30209
[autoplay] 280 face 90 frame=30570
[autoplay] 281 wait 10 frame=30570
[autoplay] 282 log back along the causeway to the shrine and the gate frame=31170
[autoplay] back along the causeway to the shrine and the gate
[autoplay] 283 walk 192 0 frame=31170
[autoplay] 283 arrived at (192.43, 0.86) after 6.38 s
[autoplay] 284 wait 4 frame=31553
[autoplay] 285 walk 192 -1 frame=31793
[autoplay] 285 arrived at (192.23, -0.03) after 0.37 s
[autoplay] 286 face 180 frame=31815
[autoplay] 287 wait 10 frame=31815
[autoplay] 288 walk 180 2 frame=32415
[autoplay] 288 arrived at (180.95, 1.85) after 4.57 s
[autoplay] 289 wait 6 frame=32689
[autoplay] 290 walk 172 2 frame=33050
[autoplay] 290 arrived at (172.99, 1.99) after 3.18 s
[autoplay] 291 face 0 frame=33241
[autoplay] 292 wait 10 frame=33241
[autoplay] 293 face 180 frame=33842
[autoplay] 294 wait 8 frame=33842
[autoplay] 295 walk 180 2 frame=34323
[autoplay] 295 arrived at (179.04, 1.99) after 2.42 s
[autoplay] 296 walk 192 -1 frame=34468
[autoplay] 296 arrived at (191.06, -0.78) after 4.93 s
[autoplay] 297 face 90 frame=34764
[autoplay] 298 wait 12 frame=34764
[autoplay] 299 walk 196 0 frame=35485
[autoplay] 299 arrived at (195.05, -0.15) after 1.62 s
[autoplay] 300 face 0 frame=35582
[autoplay] 301 wait 15 frame=35582
[autoplay] 302 mark done frame=36483
[autoplay] 303 quit 0 frame=36483
[autoplay] quit 0 at frame 36483
