   Compiling proc-macro2 v1.0.107
   Compiling unicode-ident v1.0.26
   Compiling quote v1.0.47
   Compiling libc v0.2.190
    Checking cfg-if v1.0.5
    Checking once_cell v1.21.4
    Checking memchr v2.8.3
   Compiling shlex v2.0.1
   Compiling find-msvc-tools v0.1.14
    Checking pin-project-lite v0.2.17
    Checking itoa v1.0.18
    Checking stable_deref_trait v1.2.1
   Compiling version_check v0.9.5
   Compiling serde_core v1.0.229
    Checking futures-core v0.3.34
    Checking bytes v1.12.1
    Checking smallvec v1.16.2
    Checking futures-sink v0.3.34
    Checking log v0.4.34
   Compiling getrandom v0.3.4
    Checking zeroize v1.9.0
   Compiling zerocopy v0.8.59
   Compiling serde v1.0.229
    Checking futures-io v0.3.34
    Checking futures-channel v0.3.34
   Compiling cc v1.6.0
    Checking slab v0.4.12
    Checking tracing-core v0.1.36
    Checking rustls-pki-types v1.15.1
    Checking litemap v0.8.3
    Checking writeable v0.6.4
    Checking futures-task v0.3.34
   Compiling autocfg v1.5.1
    Checking percent-encoding v2.3.2
   Compiling icu_properties_data v2.3.0
    Checking typenum v1.20.1
   Compiling icu_normalizer_data v2.3.0
   Compiling generic-array v0.14.7
    Checking untrusted v0.9.0
    Checking utf8_iter v1.0.4
   Compiling httparse v1.10.1
   Compiling rustls v0.23.45
    Checking tower-service v0.3.3
   Compiling zmij v1.0.23
    Checking subtle v2.6.1
   Compiling serde_json v1.0.151
    Checking try-lock v0.2.5
    Checking form_urlencoded v1.2.2
    Checking sync_wrapper v1.0.2
    Checking httpdate v1.0.3
    Checking tower-layer v0.3.3
    Checking want v0.3.1
    Checking bitflags v2.13.2
    Checking atomic-waker v1.1.2
    Checking cpufeatures v0.2.17
    Checking http v1.5.0
   Compiling thiserror v2.0.21
    Checking aho-corasick v1.1.5
   Compiling ref-cast v1.0.27
    Checking base64 v0.23.1
    Checking regex-syntax v0.8.11
    Checking ipnet v2.12.2
   Compiling ahash v0.8.12
    Checking webpki-roots v1.0.9
    Checking base64 v0.22.1
    Checking data-encoding v2.11.1
    Checking ryu v1.0.23
   Compiling num-traits v0.2.19
   Compiling pkg-config v0.3.34
   Compiling vcpkg v0.2.15
    Checking lazy_static v1.5.1
    Checking webpki-roots v0.26.11
    Checking foldhash v0.1.5
    Checking bit-vec v0.8.0
    Checking borrow-or-share v0.2.4
    Checking outref v0.5.2
    Checking mime v0.3.17
    Checking vsimd v0.8.0
    Checking hashbrown v0.15.5
    Checking winnow v1.0.4
    Checking uuid v1.27.0
    Checking bit-set v0.8.0
    Checking sharded-slab v0.1.7
   Compiling syn v3.0.6
   Compiling syn v2.0.119
    Checking tracing-log v0.2.0
    Checking http-body v1.1.0
    Checking thread_local v1.1.10
    Checking toml_parser v1.1.3+spec-1.1.0
   Compiling rustix v1.1.5
    Checking fallible-streaming-iterator v0.1.9
    Checking http-body-util v0.1.5
    Checking errno v0.3.14
    Checking socket2 v0.6.5
    Checking mio v1.2.4
    Checking getrandom v0.2.17
    Checking hashlink v0.10.0
    Checking signal-hook-registry v1.4.8
    Checking uuid-simd v0.8.0
    Checking fallible-iterator v0.3.0
    Checking rand_core v0.9.5
    Checking num-integer v0.1.47
    Checking num-complex v0.4.6
   Compiling gamecore-studio v0.1.0 (~/wkspace/gc-studio/p4.2l/studio/agent)
   Compiling getrandom v0.4.3
    Checking hex v0.4.3
    Checking num-cmp v0.1.0
    Checking nu-ansi-term v0.50.3
    Checking toml_writer v1.1.2+spec-1.1.0
    Checking matchit v0.8.4
    Checking crypto-common v0.1.7
    Checking block-buffer v0.10.4
    Checking bytecount v0.6.9
    Checking winnow v0.7.15
    Checking linux-raw-sys v0.12.1
    Checking fastrand v2.5.0
    Checking digest v0.10.7
    Checking num-bigint v0.4.8
    Checking num-iter v0.1.46
    Checking sha1 v0.10.7
    Checking sha2 v0.10.9
   Compiling ring v0.17.14
   Compiling libsqlite3-sys v0.35.0
    Checking regex-automata v0.4.18
    Checking serde_path_to_error v0.1.20
    Checking serde_spanned v1.1.1
    Checking toml_datetime v0.7.5+spec-1.1.0
    Checking num-rational v0.4.2
    Checking toml v0.9.12+spec-1.1.0
    Checking num v0.4.3
    Checking fraction v0.15.4
    Checking ppv-lite86 v0.2.21
    Checking tempfile v3.27.0
    Checking rand_chacha v0.9.0
    Checking rand v0.9.5
    Checking matchers v0.2.0
    Checking fancy-regex v0.14.0
   Compiling synstructure v0.14.0
   Compiling tracing-attributes v0.1.31
   Compiling zerovec-derive v0.11.6
   Compiling displaydoc v0.2.7
   Compiling tokio-macros v2.7.2
   Compiling futures-macro v0.3.34
   Compiling serde_derive v1.0.229
   Compiling thiserror-impl v2.0.21
   Compiling ref-cast-impl v1.0.27
   Compiling zerofrom-derive v0.1.8
   Compiling yoke-derive v0.8.4
    Checking futures-util v0.3.34
    Checking tokio v1.53.2
    Checking zerofrom v0.1.8
    Checking rustls-webpki v0.103.15
    Checking tracing v0.1.44
    Checking yoke v0.8.3
    Checking zerovec v0.11.8
    Checking zerotrie v0.2.5
    Checking axum-core v0.5.6
    Checking tracing-subscriber v0.3.23
    Checking tinystr v0.8.4
    Checking potential_utf v0.1.6
    Checking icu_collections v2.3.0
    Checking icu_locale_core v2.3.0
    Checking icu_provider v2.3.1
    Checking icu_normalizer v2.3.0
    Checking icu_properties v2.3.0
    Checking serde_urlencoded v0.7.1
    Checking fluent-uri v0.3.2
    Checking email_address v0.2.9
    Checking futures-executor v0.3.34
    Checking futures v0.3.34
    Checking referencing v0.26.2
    Checking idna_adapter v1.2.2
    Checking idna v1.1.0
    Checking url v2.5.8
    Checking jsonschema v0.26.2
    Checking tungstenite v0.29.0
    Checking tokio-rustls v0.26.6
    Checking hyper v1.11.1
    Checking tower v0.5.3
    Checking tokio-tungstenite v0.29.0
    Checking tower-http v0.6.11
    Checking hyper-util v0.1.21
    Checking hyper-rustls v0.27.10
    Checking axum v0.8.9
    Checking reqwest v0.12.28
    Checking rusqlite v0.37.0
    Checking etos-sdk v1.0.0 (~/wkspace/gc-studio/p4.2l/studio/agent/vendor/etos-sdk)
    Finished `dev` profile [unoptimized + debuginfo] target(s) in 20.88s
