[2026-10-07T05:19:21.042Z][INFO] Command-line: ~/Unity/Hub/Editor/6000.0.75f1/Editor/Data/Resources/PackageManager/Server/UnityPackageManager -s 1370294 -ipc -ipc-path /tmp/Unity-Upm-1370294.sock -l 2 --log-file ~/wkspace/gc-studio/p4.2i/artifacts/studio/verification/W-AI-01/p42i-robe-20261007T051920.091468Z/upm.log
[2026-10-07T05:19:21.057Z][INFO] IPC server started (IPC path=/tmp/Unity-Upm-1370294.sock).
[2026-10-07T05:19:21.057Z][INFO] Hint: To connect to this UPM instance, launch Unity with the command-line parameter -upmIpcPath Upm-1370294.
[2026-10-07T05:19:22.156Z][INFO] project:add-dependency <-- Request received
params: {
  "packageId": "com.unity.toolchain.linux-x86_64"
}
[2026-10-07T05:19:47.439Z][INFO] project:add-dependency --> 200 (25284 ms)
[2026-10-07T05:19:47.767Z][INFO] project:list-packages <-- Request received
params: {}
[2026-10-07T05:19:47.859Z][INFO] project:list-packages <-- Request received
params: {}
[2026-10-07T05:19:47.869Z][INFO] project:list-packages <-- Request received
params: {}
[2026-10-07T05:19:47.884Z][INFO] config:project:get-registries <-- Request received
params: {}
[2026-10-07T05:19:47.907Z][INFO] config:project:get-registries --> 200 (24 ms)
[2026-10-07T05:19:49.250Z][INFO] project:list-packages --> 200 (1483 ms)
[2026-10-07T05:19:49.602Z][INFO] project:list-packages --> 200 (1744 ms)
[2026-10-07T05:19:51.359Z][INFO] project:list-packages --> 200 (3490 ms)
[2026-10-07T05:19:51.798Z][INFO] project:list-packages <-- Request received
params: {}
[2026-10-07T05:19:52.311Z][INFO] project:list-packages --> 200 (513 ms)
[2026-10-07T05:19:55.736Z][INFO] project:list-packages <-- Request received
params: {}
[2026-10-07T05:19:55.746Z][INFO] project:list-packages <-- Request received
params: {}
[2026-10-07T05:19:55.757Z][INFO] config:project:get-registries <-- Request received
params: {}
[2026-10-07T05:19:55.777Z][INFO] config:project:get-registries --> 200 (20 ms)
[2026-10-07T05:19:56.344Z][INFO] project:list-packages --> 200 (598 ms)
[2026-10-07T05:20:00.198Z][INFO] project:list-packages <-- Request received
params: {}
[2026-10-07T05:20:00.210Z][INFO] project:list-packages <-- Request received
params: {}
[2026-10-07T05:20:00.992Z][INFO] project:list-packages --> 200 (795 ms)
[2026-10-07T05:20:10.672Z][INFO] project:list-packages <-- Request received
params: {}
[2026-10-07T05:20:10.994Z][INFO] project:list-packages --> 200 (322 ms)
[2026-10-07T05:20:11.148Z][INFO] project:list-packages <-- Request received
params: {}
[2026-10-07T05:20:11.159Z][INFO] config:project:get-registries <-- Request received
params: {}
[2026-10-07T05:20:11.174Z][INFO] config:project:get-registries --> 200 (15 ms)
[2026-10-07T05:20:23.608Z][INFO] project:list-packages --> 200 (27873 ms)
[2026-10-07T05:20:23.610Z][INFO] project:list-packages --> 200 (23400 ms)
[2026-10-07T05:20:23.610Z][INFO] project:list-packages --> 200 (12462 ms)
[2026-10-07T05:20:48.418Z][INFO] project:list-packages <-- Request received
params: {}
[2026-10-07T05:20:48.853Z][INFO] project:list-packages --> 200 (435 ms)
[2026-10-07T05:20:48.955Z][INFO] config:project:get-registries <-- Request received
params: {}
[2026-10-07T05:20:48.960Z][INFO] config:project:get-registries --> 200 (5 ms)
[2026-10-07T05:20:57.467Z][INFO] project:list-packages <-- Request received
params: {}
[2026-10-07T05:20:57.867Z][INFO] project:list-packages --> 200 (400 ms)
[2026-10-07T05:20:58.006Z][INFO] config:project:get-registries <-- Request received
params: {}
[2026-10-07T05:20:58.008Z][INFO] config:project:get-registries --> 200 (2 ms)
[2026-10-07T05:21:14.120Z][INFO] Received shutdown request (SIGINT), shutting down Unity Package Manager
