[2026-10-06T19:29:37.614Z][INFO] Command-line: ~/Unity/Hub/Editor/6000.0.75f1/Editor/Data/Resources/PackageManager/Server/UnityPackageManager -s 3704670 -ipc -ipc-path /tmp/Unity-Upm-3704670.sock -l 2 --log-file ~/wkspace/gc-studio/p4.2g/artifacts/studio/verification/W-AI-02/p42g-npc-20261006T192937.013650Z/upm.log
[2026-10-06T19:29:37.619Z][INFO] IPC server started (IPC path=/tmp/Unity-Upm-3704670.sock).
[2026-10-06T19:29:37.619Z][INFO] Hint: To connect to this UPM instance, launch Unity with the command-line parameter -upmIpcPath Upm-3704670.
[2026-10-06T19:29:38.486Z][INFO] project:add-dependency <-- Request received
params: {
  "packageId": "com.unity.toolchain.linux-x86_64"
}
[2026-10-06T19:29:59.965Z][INFO] project:add-dependency --> 200 (21479 ms)
[2026-10-06T19:30:00.268Z][INFO] project:list-packages <-- Request received
params: {}
[2026-10-06T19:30:00.349Z][INFO] project:list-packages <-- Request received
params: {}
[2026-10-06T19:30:00.360Z][INFO] project:list-packages <-- Request received
params: {}
[2026-10-06T19:30:00.373Z][INFO] config:project:get-registries <-- Request received
params: {}
[2026-10-06T19:30:00.395Z][INFO] config:project:get-registries --> 200 (22 ms)
[2026-10-06T19:30:01.342Z][INFO] project:list-packages --> 200 (1074 ms)
[2026-10-06T19:30:01.618Z][INFO] project:list-packages --> 200 (1269 ms)
[2026-10-06T19:30:02.753Z][INFO] project:list-packages --> 200 (2393 ms)
[2026-10-06T19:30:07.161Z][INFO] project:list-packages <-- Request received
params: {}
[2026-10-06T19:30:07.482Z][INFO] project:list-packages --> 200 (321 ms)
[2026-10-06T19:30:10.205Z][INFO] project:list-packages <-- Request received
params: {}
[2026-10-06T19:30:10.215Z][INFO] project:list-packages <-- Request received
params: {}
[2026-10-06T19:30:10.225Z][INFO] config:project:get-registries <-- Request received
params: {}
[2026-10-06T19:30:10.241Z][INFO] config:project:get-registries --> 200 (16 ms)
[2026-10-06T19:30:10.804Z][INFO] project:list-packages --> 200 (589 ms)
[2026-10-06T19:30:14.121Z][INFO] project:list-packages <-- Request received
params: {}
[2026-10-06T19:30:14.131Z][INFO] project:list-packages <-- Request received
params: {}
[2026-10-06T19:30:14.443Z][INFO] project:list-packages --> 200 (321 ms)
[2026-10-06T19:30:17.138Z][INFO] project:list-packages --> 200 (6933 ms)
[2026-10-06T19:30:25.753Z][INFO] project:list-packages --> 200 (11622 ms)
[2026-10-06T19:32:41.525Z][INFO] Received shutdown request (SIGINT), shutting down Unity Package Manager
