Unity Editor version:    6000.0.75f1 (26349cd2a5c8)
Branch:                  6000.0/staging
Build type:              Release
Batch mode:              YES
System name:             Linux
Distro version:          #31~24.04.1-Ubuntu SMP PREEMPT_DYNAMIC Mon Aug 10 09:38:02 UTC 2
Kernel version:          7.0.0-31-generic
Architecture:            x86_64
Available memory:        31897 MB
[Licensing::Module] Trying to connect to existing licensing client channel...
[Licensing::IpcConnector] Successfully connected to: "LicenseClient-worlesenric" at "2026-09-26T03:12:31.769368Z"
[SignatureVerifier] Application signature verification not supported on this platform.
Initialize udev device monitor.

COMMAND LINE ARGUMENTS:
/home/worlesenric/Unity/Hub/Editor/6000.0.75f1/Editor/Unity
-batchmode
-nographics
-projectPath
/home/worlesenric/wkspace/gc-wt/gc-022/unity/GameCore.Validation
-runTests
-testPlatform
PlayMode
-testResults
/home/worlesenric/wkspace/gc-wt/gc-022/artifacts/gc-022/unity/playmode-results.xml
-logFile
/home/worlesenric/wkspace/gc-wt/gc-022/artifacts/gc-022/unity/playmode.log
Successfully changed project path to: /home/worlesenric/wkspace/gc-wt/gc-022/unity/GameCore.Validation

(process:3853556): Gtk-CRITICAL **: 11:12:31.771: gtk_label_set_text: assertion 'GTK_IS_LABEL (label)' failed

(process:3853556): Gtk-CRITICAL **: 11:12:31.772: gtk_label_set_text: assertion 'GTK_IS_LABEL (label)' failed
/home/worlesenric/wkspace/gc-wt/gc-022/unity/GameCore.Validation
[UnityMemory] Configuration Parameters - Can be set up in boot.config
    "memorysetup-bucket-allocator-granularity=16"
    "memorysetup-bucket-allocator-bucket-count=8"
    "memorysetup-bucket-allocator-block-size=33554432"
    "memorysetup-bucket-allocator-block-count=8"
    "memorysetup-main-allocator-block-size=16777216"
    "memorysetup-thread-allocator-block-size=16777216"
    "memorysetup-gfx-main-allocator-block-size=16777216"
    "memorysetup-gfx-thread-allocator-block-size=16777216"
    "memorysetup-cache-allocator-block-size=4194304"
    "memorysetup-typetree-allocator-block-size=2097152"
    "memorysetup-profiler-bucket-allocator-granularity=16"
    "memorysetup-profiler-bucket-allocator-bucket-count=8"
    "memorysetup-profiler-bucket-allocator-block-size=33554432"
    "memorysetup-profiler-bucket-allocator-block-count=8"
    "memorysetup-profiler-allocator-block-size=16777216"
    "memorysetup-profiler-editor-allocator-block-size=1048576"
    "memorysetup-temp-allocator-size-main=16777216"
    "memorysetup-job-temp-allocator-block-size=2097152"
    "memorysetup-job-temp-allocator-block-size-background=1048576"
    "memorysetup-job-temp-allocator-reduction-small-platforms=262144"
    "memorysetup-allocator-temp-initial-block-size-main=262144"
    "memorysetup-allocator-temp-initial-block-size-worker=262144"
    "memorysetup-temp-allocator-size-background-worker=32768"
    "memorysetup-temp-allocator-size-job-worker=262144"
    "memorysetup-temp-allocator-size-preload-manager=33554432"
    "memorysetup-temp-allocator-size-nav-mesh-worker=65536"
    "memorysetup-temp-allocator-size-audio-worker=65536"
    "memorysetup-temp-allocator-size-cloud-worker=32768"
    "memorysetup-temp-allocator-size-gi-baking-worker=262144"
    "memorysetup-temp-allocator-size-gi-baking-worker=262144"
    "memorysetup-temp-allocator-size-gi-baking-worker=262144"
    "memorysetup-temp-allocator-size-gi-baking-worker=262144"
    "memorysetup-temp-allocator-size-gi-baking-worker=262144"
    "memorysetup-temp-allocator-size-gfx=262144"
Player connection [134979778929984]  Target information:

Player connection [134979778929984]  * "[IP] 192.168.0.21 [Port] 55505 [Flags] 2 [Guid] 1134184283 [EditorId] 1134184283 [Version] 1048832 [Id] LinuxEditor(16,192.168.0.21) [Debug] 1 [PackageName] LinuxEditor [ProjectName] Editor" 

Player connection [134979778929984]  * "[IP] 100.66.195.58 [Port] 55505 [Flags] 2 [Guid] 1134184283 [EditorId] 1134184283 [Version] 1048832 [Id] LinuxEditor(16,192.168.0.21) [Debug] 1 [PackageName] LinuxEditor [ProjectName] Editor" 

Player connection [134979778929984]  * "[IP] 172.18.0.1 [Port] 55505 [Flags] 2 [Guid] 1134184283 [EditorId] 1134184283 [Version] 1048832 [Id] LinuxEditor(16,192.168.0.21) [Debug] 1 [PackageName] LinuxEditor [ProjectName] Editor" 

Player connection [134979778929984]  * "[IP] 172.17.0.1 [Port] 55505 [Flags] 2 [Guid] 1134184283 [EditorId] 1134184283 [Version] 1048832 [Id] LinuxEditor(16,192.168.0.21) [Debug] 1 [PackageName] LinuxEditor [ProjectName] Editor" 

Player connection [134979778929984]  * "[IP] 10.42.0.0 [Port] 55505 [Flags] 2 [Guid] 1134184283 [EditorId] 1134184283 [Version] 1048832 [Id] LinuxEditor(16,192.168.0.21) [Debug] 1 [PackageName] LinuxEditor [ProjectName] Editor" 

Player connection [134979778929984]  * "[IP] 10.42.0.1 [Port] 55505 [Flags] 2 [Guid] 1134184283 [EditorId] 1134184283 [Version] 1048832 [Id] LinuxEditor(16,192.168.0.21) [Debug] 1 [PackageName] LinuxEditor [ProjectName] Editor" 

Player connection [134979778929984] Host joined multi-casting on [225.0.0.222:54997]...
Player connection [134979778929984] Host joined alternative multi-casting on [225.0.0.222:34997]...
[Licensing::Client] Handshaking with LicensingClient:
  Version:                 1.18.3+d7ffd15
  Session Id:              0db5aacbfc20406db109c09d2a29fe86
  Correlation Id:          a4aac8f8da2bbfc2169791db8bc4c264
  External correlation Id: 908042754520055312
  Machine Id:              jd93gYTNlAg1qIhTY9iII/nAhSo=
[Licensing::Module] Successfully connected to LicensingClient on channel: "LicenseClient-worlesenric" (connect: 0.00s, validation: 0.01s, handshake: 0.00s)
[Licensing::IpcConnector] Successfully connected to: "LicenseClient-worlesenric-notifications" at "2026-09-26T03:12:31.782058Z"
[Licensing::Module] Error: Access token is unavailable; failed to update
[Licensing::Client] Successfully resolved entitlement details
[Licensing::Module] License group:
  Id: 1375999166540-UnityPersXXXX
  Product: Unity Personal
  Type: Assigned
  Expiration: Unlimited
[Licensing::Client] Successfully updated license, isAsync: True, time: 0.00
[Licensing::Module] Licensing Background thread has ended after 0.03s
Input System module state changed to: Initialized.
[Physics::Module] Initialized fallback backend.
[Physics::Module] Id: 0xdecafbad
[Package Manager] Connected to IPC stream "Upm-3853556" after 0.2 seconds.
Library Redirect Path: Library/
[Physics::Module] Selected backend.
[Physics::Module] Name: PhysX
[Physics::Module] Id: 0xf2b8ea05
[Physics::Module] SDK Version: 4.1.2
[Physics::Module] Integration Version: 1.0.0
[Physics::Module] Threading Mode: Multi-Threaded
Refreshing native plugins compatible for Editor in 0.11 ms, found 0 plugins.
Preloading 0 native plugins for Editor in 0.00 ms.
Initialize engine version: 6000.0.75f1 (26349cd2a5c8)
[Subsystems] Discovering subsystems at path /home/worlesenric/Unity/Hub/Editor/6000.0.75f1/Editor/Data/Resources/UnitySubsystems
[Subsystems] Discovering subsystems at path /home/worlesenric/wkspace/gc-wt/gc-022/unity/GameCore.Validation/Assets
Forcing GfxDevice: Null
GfxDevice: creating device client; kGfxThreadingModeNonThreaded
NullGfxDevice:
    Version:  NULL 1.0 [1.0]
    Renderer: Null Device
    Vendor:   Unity Technologies
Initialize mono
Mono path[0] = '/home/worlesenric/Unity/Hub/Editor/6000.0.75f1/Editor/Data/Managed'
Mono path[1] = '/home/worlesenric/Unity/Hub/Editor/6000.0.75f1/Editor/Data/MonoBleedingEdge/lib/mono/unityjit-linux'
Mono config path = '/home/worlesenric/Unity/Hub/Editor/6000.0.75f1/Editor/Data/MonoBleedingEdge/etc'
Using monoOptions --debugger-agent=transport=dt_socket,embedding=1,server=y,suspend=n,address=127.0.0.1:56556
Using cacheserver namespaces - metadata:defaultmetadata, artifacts:defaultartifacts
Using cacheserver namespaces - metadata:defaultmetadata, artifacts:defaultartifacts
ImportWorker Server TCP listen port: 0
AcceleratorClientConnectionCallback - disconnected - :0
Begin MonoManager ReloadAssembly
Registering precompiled unity dll's ...
Register platform support module: /home/worlesenric/Unity/Hub/Editor/6000.0.75f1/Editor/Data/PlaybackEngines/MacStandaloneSupport/UnityEditor.OSXStandalone.Extensions.dll
Register platform support module: /home/worlesenric/Unity/Hub/Editor/6000.0.75f1/Editor/Data/PlaybackEngines/LinuxStandaloneSupport/UnityEditor.LinuxStandalone.Extensions.dll
Registered in 0.001941 seconds.
- Loaded All Assemblies, in  0.414 seconds
Native extension for LinuxStandalone target not found
Package Manager log level set to [2]
[Licensing::Client] Successfully resolved entitlement details
Native extension for OSXStandalone target not found
Mono: successfully reloaded assembly
- Finished resetting the current domain, in 10.287 seconds
Domain Reload Profiling: 10701ms
	BeginReloadAssembly (90ms)
		ExecutionOrderSort (0ms)
		DisableScriptedObjects (0ms)
		BackupInstance (0ms)
		ReleaseScriptingObjects (0ms)
		CreateAndSetChildDomain (2ms)
	RebuildCommonClasses (49ms)
	RebuildNativeTypeToScriptingClass (11ms)
	initialDomainReloadingComplete (69ms)
	LoadAllAssembliesAndSetupDomain (196ms)
		LoadAssemblies (88ms)
		RebuildTransferFunctionScriptingTraits (0ms)
		AnalyzeDomain (192ms)
			TypeCache.Refresh (191ms)
				TypeCache.ScanAssembly (175ms)
			BuildScriptInfoCaches (0ms)
			ResolveRequiredComponents (1ms)
	FinalizeReload (10287ms)
		ReleaseScriptCaches (0ms)
		RebuildScriptCaches (0ms)
		SetupLoadedEditorAssemblies (10223ms)
			LogAssemblyErrors (0ms)
			InitializePlatformSupportModulesInManaged (9724ms)
			SetLoadedEditorAssemblies (11ms)
			BeforeProcessingInitializeOnLoad (108ms)
			ProcessInitializeOnLoadAttributes (306ms)
			ProcessInitializeOnLoadMethodAttributes (74ms)
			AfterProcessingInitializeOnLoad (0ms)
			EditorAssembliesLoaded (0ms)
		ExecutionOrderSort2 (0ms)
		AwakeInstancesAfterBackupRestoration (0ms)
[Licensing::Client] Successfully resolved entitlement details
Application.AssetDatabase Initial Refresh Start
[Package Manager] Restoring resolved packages state from cache
[Licensing::Client] Successfully resolved entitlement details
[Package Manager] Registered 37 packages:
  Packages from [https://packages.unity.com]:
    com.unity.burst@1.8.28 (location: /home/worlesenric/wkspace/gc-wt/gc-022/unity/GameCore.Validation/Library/PackageCache/com.unity.burst@07790c2d06d9)
    com.unity.collections@2.6.6 (location: /home/worlesenric/wkspace/gc-wt/gc-022/unity/GameCore.Validation/Library/PackageCache/com.unity.collections@9796e5ee0d9e)
    com.unity.entities@1.4.6 (location: /home/worlesenric/wkspace/gc-wt/gc-022/unity/GameCore.Validation/Library/PackageCache/com.unity.entities@e90944159b94)
    com.unity.mathematics@1.3.2 (location: /home/worlesenric/wkspace/gc-wt/gc-022/unity/GameCore.Validation/Library/PackageCache/com.unity.mathematics@8017b507cc74)
    com.unity.test-framework.performance@3.0.3 (location: /home/worlesenric/wkspace/gc-wt/gc-022/unity/GameCore.Validation/Library/PackageCache/com.unity.test-framework.performance@fb0dc592af8b)
    com.unity.toolchain.linux-x86_64@2.0.11 (location: /home/worlesenric/wkspace/gc-wt/gc-022/unity/GameCore.Validation/Library/PackageCache/com.unity.toolchain.linux-x86_64@53b88ff74b51)
    com.unity.sysroot@2.0.10 (location: /home/worlesenric/wkspace/gc-wt/gc-022/unity/GameCore.Validation/Library/PackageCache/com.unity.sysroot@7bbbb9339c14)
    com.unity.sysroot.linux-x86_64@2.0.9 (location: /home/worlesenric/wkspace/gc-wt/gc-022/unity/GameCore.Validation/Library/PackageCache/com.unity.sysroot.linux-x86_64@1998d1c7730e)
    com.unity.serialization@3.1.5 (location: /home/worlesenric/wkspace/gc-wt/gc-022/unity/GameCore.Validation/Library/PackageCache/com.unity.serialization@c463b52e88d7)
    com.unity.profiling.core@1.0.3 (location: /home/worlesenric/wkspace/gc-wt/gc-022/unity/GameCore.Validation/Library/PackageCache/com.unity.profiling.core@8a49f7027d06)
    com.unity.nuget.mono-cecil@1.11.6 (location: /home/worlesenric/wkspace/gc-wt/gc-022/unity/GameCore.Validation/Library/PackageCache/com.unity.nuget.mono-cecil@ecb9724e46ff)
    com.unity.scriptablebuildpipeline@2.6.1 (location: /home/worlesenric/wkspace/gc-wt/gc-022/unity/GameCore.Validation/Library/PackageCache/com.unity.scriptablebuildpipeline@36e3b5898ee2)
  Built-in packages:
    com.unity.modules.assetbundle@1.0.0 (location: /home/worlesenric/wkspace/gc-wt/gc-022/unity/GameCore.Validation/Library/PackageCache/com.unity.modules.assetbundle)
    com.unity.modules.audio@1.0.0 (location: /home/worlesenric/wkspace/gc-wt/gc-022/unity/GameCore.Validation/Library/PackageCache/com.unity.modules.audio)
    com.unity.modules.imageconversion@1.0.0 (location: /home/worlesenric/wkspace/gc-wt/gc-022/unity/GameCore.Validation/Library/PackageCache/com.unity.modules.imageconversion)
    com.unity.modules.imgui@1.0.0 (location: /home/worlesenric/wkspace/gc-wt/gc-022/unity/GameCore.Validation/Library/PackageCache/com.unity.modules.imgui)
    com.unity.modules.jsonserialize@1.0.0 (location: /home/worlesenric/wkspace/gc-wt/gc-022/unity/GameCore.Validation/Library/PackageCache/com.unity.modules.jsonserialize)
    com.unity.modules.physics@1.0.0 (location: /home/worlesenric/wkspace/gc-wt/gc-022/unity/GameCore.Validation/Library/PackageCache/com.unity.modules.physics)
    com.unity.modules.ui@1.0.0 (location: /home/worlesenric/wkspace/gc-wt/gc-022/unity/GameCore.Validation/Library/PackageCache/com.unity.modules.ui)
    com.unity.modules.uielements@1.0.0 (location: /home/worlesenric/wkspace/gc-wt/gc-022/unity/GameCore.Validation/Library/PackageCache/com.unity.modules.uielements)
    com.unity.modules.unityanalytics@1.0.0 (location: /home/worlesenric/wkspace/gc-wt/gc-022/unity/GameCore.Validation/Library/PackageCache/com.unity.modules.unityanalytics)
    com.unity.modules.unitywebrequest@1.0.0 (location: /home/worlesenric/wkspace/gc-wt/gc-022/unity/GameCore.Validation/Library/PackageCache/com.unity.modules.unitywebrequest)
    com.unity.test-framework@1.6.0 (location: /home/worlesenric/wkspace/gc-wt/gc-022/unity/GameCore.Validation/Library/PackageCache/com.unity.test-framework@bd52b1c23814)
    com.unity.ext.nunit@2.0.5 (location: /home/worlesenric/wkspace/gc-wt/gc-022/unity/GameCore.Validation/Library/PackageCache/com.unity.ext.nunit@b16e6d09cd93)
    com.unity.modules.hierarchycore@1.0.0 (location: /home/worlesenric/wkspace/gc-wt/gc-022/unity/GameCore.Validation/Library/PackageCache/com.unity.modules.hierarchycore)
  Local packages:
    com.gamecore.composition@file:/home/worlesenric/wkspace/gc-wt/gc-022/Packages/com.gamecore.composition (location: /home/worlesenric/wkspace/gc-wt/gc-022/Packages/com.gamecore.composition)
    com.gamecore.contracts@file:/home/worlesenric/wkspace/gc-wt/gc-022/Packages/com.gamecore.contracts (location: /home/worlesenric/wkspace/gc-wt/gc-022/Packages/com.gamecore.contracts)
    com.gamecore.content.compiler@file:/home/worlesenric/wkspace/gc-wt/gc-022/Packages/com.gamecore.content.compiler (location: /home/worlesenric/wkspace/gc-wt/gc-022/Packages/com.gamecore.content.compiler)
    com.gamecore.derivation@file:/home/worlesenric/wkspace/gc-wt/gc-022/Packages/com.gamecore.derivation (location: /home/worlesenric/wkspace/gc-wt/gc-022/Packages/com.gamecore.derivation)
    com.gamecore.fault-qualification@file:/home/worlesenric/wkspace/gc-wt/gc-022/Packages/com.gamecore.fault-qualification (location: /home/worlesenric/wkspace/gc-wt/gc-022/Packages/com.gamecore.fault-qualification)
    com.gamecore.gameplay.cards@file:/home/worlesenric/wkspace/gc-wt/gc-022/Packages/com.gamecore.gameplay.cards (location: /home/worlesenric/wkspace/gc-wt/gc-022/Packages/com.gamecore.gameplay.cards)
    com.gamecore.gameplay.narrative@file:/home/worlesenric/wkspace/gc-wt/gc-022/Packages/com.gamecore.gameplay.narrative (location: /home/worlesenric/wkspace/gc-wt/gc-022/Packages/com.gamecore.gameplay.narrative)
    com.gamecore.planning@file:/home/worlesenric/wkspace/gc-wt/gc-022/Packages/com.gamecore.planning (location: /home/worlesenric/wkspace/gc-wt/gc-022/Packages/com.gamecore.planning)
    com.gamecore.rules.cards@file:/home/worlesenric/wkspace/gc-wt/gc-022/Packages/com.gamecore.rules.cards (location: /home/worlesenric/wkspace/gc-wt/gc-022/Packages/com.gamecore.rules.cards)
    com.gamecore.rules.narrative@file:/home/worlesenric/wkspace/gc-wt/gc-022/Packages/com.gamecore.rules.narrative (location: /home/worlesenric/wkspace/gc-wt/gc-022/Packages/com.gamecore.rules.narrative)
    com.gamecore.unity.adapters@file:/home/worlesenric/wkspace/gc-wt/gc-022/Packages/com.gamecore.unity.adapters (location: /home/worlesenric/wkspace/gc-wt/gc-022/Packages/com.gamecore.unity.adapters)
    com.gamecore.unity.runtime@file:/home/worlesenric/wkspace/gc-wt/gc-022/Packages/com.gamecore.unity.runtime (location: /home/worlesenric/wkspace/gc-wt/gc-022/Packages/com.gamecore.unity.runtime)
[Subsystems] No new subsystems found in resolved package list.
[Package Manager] Done registering packages in 0.00 seconds
Assembly reference Packages/com.unity.entities/Unity.Scenes.Editor/Internals/Properties/Unity.Properties.Internals.asmref has no target assembly definition
Assembly reference Packages/com.unity.entities/Unity.Scenes.Editor/Internals/Properties/Unity.Properties.Internals.asmref has no target assembly definition
[40m[32minfo[39m[22m[49m: Microsoft.Hosting.Lifetime[14]
      Now listening on: http://unix:/tmp/ilpp.sock-56c49db2fe810c5fcf35fa66ad1c9392
[40m[32minfo[39m[22m[49m: Microsoft.Hosting.Lifetime[0]
      Application started. Press Ctrl+C to shut down.
[40m[32minfo[39m[22m[49m: Microsoft.Hosting.Lifetime[0]
      Hosting environment: Production
[40m[32minfo[39m[22m[49m: Microsoft.Hosting.Lifetime[0]
      Content root path: /home/worlesenric/wkspace/gc-wt/gc-022/unity/GameCore.Validation/
[40m[32minfo[39m[22m[49m: Microsoft.AspNetCore.Hosting.Diagnostics[1]
      Request starting HTTP/2 POST http://ilpp/UnityILPP.PostProcessing/Ping application/grpc -
[40m[32minfo[39m[22m[49m: Microsoft.AspNetCore.Routing.EndpointMiddleware[0]
      Executing endpoint 'gRPC - /UnityILPP.PostProcessing/Ping'
[40m[32minfo[39m[22m[49m: Microsoft.AspNetCore.Routing.EndpointMiddleware[1]
      Executed endpoint 'gRPC - /UnityILPP.PostProcessing/Ping'
[40m[32minfo[39m[22m[49m: Microsoft.AspNetCore.Hosting.Diagnostics[2]
      Request finished HTTP/2 POST http://ilpp/UnityILPP.PostProcessing/Ping application/grpc - - 200 - application/grpc 62.3601ms
Starting: /home/worlesenric/Unity/Hub/Editor/6000.0.75f1/Editor/Data/bee_backend --ipc --defer-dag-verification --dagfile="Library/Bee/2400b0aE.dag" --continue-on-failure --profile="Library/Bee/backend1.traceevents" ScriptAssemblies
WorkingDir: /home/worlesenric/wkspace/gc-wt/gc-022/unity/GameCore.Validation
[40m[32minfo[39m[22m[49m: Microsoft.AspNetCore.Hosting.Diagnostics[1]
      Request starting HTTP/2 POST http://ilpp/UnityILPP.PostProcessing/ConfigurePostProcessors application/grpc -
[40m[32minfo[39m[22m[49m: Microsoft.AspNetCore.Routing.EndpointMiddleware[0]
      Executing endpoint 'gRPC - /UnityILPP.PostProcessing/ConfigurePostProcessors'
[40m[1m[33mwarn[39m[22m[49m: Unity.ILPP.Runner.PostProcessingAssemblyLoadContext[0]
      Assembly system.runtime.interopservices.windowsruntime has duplicate hint path. Ignoring "/home/worlesenric/Unity/Hub/Editor/6000.0.75f1/Editor/Data/UnityReferenceAssemblies/unity-4.8-api/Facades/System.Runtime.InteropServices.WindowsRuntime.dll" in favor of "/home/worlesenric/Unity/Hub/Editor/6000.0.75f1/Editor/Data/NetStandard/Extensions/2.0.0/System.Runtime.InteropServices.WindowsRuntime.dll"
[40m[1m[33mwarn[39m[22m[49m: Unity.ILPP.Runner.PostProcessingAssemblyLoadContext[0]
      Assembly system.componentmodel.composition has duplicate hint path. Ignoring "/home/worlesenric/Unity/Hub/Editor/6000.0.75f1/Editor/Data/UnityReferenceAssemblies/unity-4.8-api/System.ComponentModel.Composition.dll" in favor of "/home/worlesenric/Unity/Hub/Editor/6000.0.75f1/Editor/Data/NetStandard/compat/2.1.0/shims/netfx/System.ComponentModel.Composition.dll"
[40m[32minfo[39m[22m[49m: Unity.ILPP.Runner.PostProcessingAssemblyLoadContext[0]
      Resolved Unity.Burst.Cecil, Version=0.11.4.0, Culture=neutral, PublicKeyToken=50cebf1cceb9d05e with Library/PackageCache/com.unity.burst@07790c2d06d9/Unity.Burst.CodeGen/Unity.Burst.Cecil.dll
[40m[32minfo[39m[22m[49m: Unity.ILPP.Runner.PostProcessingAssemblyLoadContext[0]
      Resolved Mono.Cecil, Version=0.11.5.0, Culture=neutral, PublicKeyToken=50cebf1cceb9d05e with Library/PackageCache/com.unity.nuget.mono-cecil@ecb9724e46ff/Mono.Cecil.dll
[40m[32minfo[39m[22m[49m: Unity.ILPP.Runner.PostProcessingAssemblyLoadContext[0]
      Resolved Unity.Entities, Version=0.0.0.0, Culture=neutral, PublicKeyToken=null with Library/Bee/artifacts/2400b0aE.dag/Unity.Entities.dll
[40m[32minfo[39m[22m[49m: Microsoft.AspNetCore.Routing.EndpointMiddleware[1]
      Executed endpoint 'gRPC - /UnityILPP.PostProcessing/ConfigurePostProcessors'
[40m[32minfo[39m[22m[49m: Microsoft.AspNetCore.Hosting.Diagnostics[2]
      Request finished HTTP/2 POST http://ilpp/UnityILPP.PostProcessing/ConfigurePostProcessors application/grpc - - 200 - application/grpc 49.8459ms
DisplayProgressbar: Compiling Scripts
ExitCode: 0 Duration: 0s301ms
[729/994    0s] ILPP-Configuration Library/ilpp-configuration.nevergeneratedoutput
*** Tundra build success (0.27 seconds), 1 items updated, 994 evaluated
AssetDatabase: script compilation time: 1.032915s
Begin MonoManager ReloadAssembly
- Loaded All Assemblies, in  0.839 seconds
Refreshing native plugins compatible for Editor in 0.22 ms, found 1 plugins.
Native extension for LinuxStandalone target not found
Native extension for OSXStandalone target not found
Assembly reference Packages/com.unity.entities/Unity.Scenes.Editor/Internals/Properties/Unity.Properties.Internals.asmref has no target assembly definition
TypeManager.Initialize took: 156ms
Native leak detection mode: EnabledWithStackTrace
UnityEngine.Debug:ExtractStackTraceNoAlloc (byte*,int,string)
UnityEngine.StackTraceUtility:ExtractStackTrace () (at /home/bokken/build/output/unity/unity/Runtime/Export/Scripting/StackTrace.cs:35)
UnityEngine.DebugLogHandler:Internal_Log (UnityEngine.LogType,UnityEngine.LogOption,string,UnityEngine.Object)
UnityEngine.DebugLogHandler:LogFormat (UnityEngine.LogType,UnityEngine.Object,string,object[])
UnityEngine.Logger:Log (UnityEngine.LogType,object)
UnityEngine.Debug:Log (object)
CLILeakDetectionSwitcher:SetLeakDetectionModeFromEnvironment () (at ./Library/PackageCache/com.unity.collections@9796e5ee0d9e/Unity.Collections.Editor/CLILeakDetectionSwitcher.cs:29)
System.Reflection.RuntimeMethodInfo:Invoke (object,System.Reflection.BindingFlags,System.Reflection.Binder,object[],System.Globalization.CultureInfo)
System.Reflection.MethodBase:Invoke (object,object[])
UnityEditor.EditorAssemblies:ProcessInitializeOnLoadMethodAttributes () (at /home/bokken/build/output/unity/unity/Editor/Mono/EditorAssemblies.cs:142)

(Filename: ./Library/PackageCache/com.unity.collections@9796e5ee0d9e/Unity.Collections.Editor/CLILeakDetectionSwitcher.cs Line: 29)

Mono: successfully reloaded assembly
- Finished resetting the current domain, in  3.571 seconds
Domain Reload Profiling: 4406ms
	BeginReloadAssembly (309ms)
		ExecutionOrderSort (0ms)
		DisableScriptedObjects (22ms)
		BackupInstance (0ms)
		ReleaseScriptingObjects (0ms)
		CreateAndSetChildDomain (154ms)
	RebuildCommonClasses (49ms)
	RebuildNativeTypeToScriptingClass (11ms)
	initialDomainReloadingComplete (37ms)
	LoadAllAssembliesAndSetupDomain (429ms)
		LoadAssemblies (326ms)
		RebuildTransferFunctionScriptingTraits (0ms)
		AnalyzeDomain (181ms)
			TypeCache.Refresh (129ms)
				TypeCache.ScanAssembly (118ms)
			BuildScriptInfoCaches (49ms)
			ResolveRequiredComponents (1ms)
	FinalizeReload (3571ms)
		ReleaseScriptCaches (0ms)
		RebuildScriptCaches (0ms)
		SetupLoadedEditorAssemblies (3407ms)
			LogAssemblyErrors (0ms)
			InitializePlatformSupportModulesInManaged (62ms)
			SetLoadedEditorAssemblies (4ms)
			BeforeProcessingInitializeOnLoad (244ms)
			ProcessInitializeOnLoadAttributes (2577ms)
			ProcessInitializeOnLoadMethodAttributes (510ms)
			AfterProcessingInitializeOnLoad (9ms)
			EditorAssembliesLoaded (0ms)
		ExecutionOrderSort2 (0ms)
		AwakeInstancesAfterBackupRestoration (14ms)
Asset Pipeline Refresh (id=ec8a45a040f7af5d2ba11d593ea49aae): Total: 6.289 seconds - Initiated by InitialRefreshV2(ForceSynchronousImport)
	Summary:
		Imports: total=0 (actual=0, local cache=0, cache server=0)
		Asset DB Process Time: managed=0 ms, native=4337 ms
		Asset DB Callback time: managed=20 ms, native=5 ms
		Scripting: domain reloads=1, domain reload time=840 ms, compile time=1035 ms, other=49 ms
		Project Asset Count: scripts=848, non-scripts=703
		Asset File Changes: new=0, changed=0, moved=0, deleted=0
		Scan Filter Count: 1
	InvokeCustomDependenciesCallbacks: 0.003ms
	InvokePackagesCallback: 6.624ms
	ApplyChangesToAssetFolders: 0.306ms
	Scan: 568.117ms
	OnSourceAssetsModified: 0.003ms
	CategorizeAssetsWithTransientArtifact: 25.501ms
	ProcessAssetsWithTransientArtifactChanges: 34.174ms
	CategorizeAssets: 18.720ms
	ImportOutOfDateAssets: 3575.219ms (2539.355ms without children)
		CompileScripts: 1034.690ms
		ReloadNativeAssets: 0.001ms
		UnloadImportedAssets: 0.276ms
		EnsureUptoDateAssetsAreRegisteredWithGuidPM: 0.411ms
		InitializingProgressBar: 0.000ms
		PostProcessAllAssetNotificationsAddChangedAssets: 0.000ms
		OnDemandSchedulerStart: 0.486ms
	PostProcessAllAssets: 20.689ms
	GatherAllCurrentPrimaryArtifactRevisions: 0.000ms
	UnloadStreamsBegin: 0.297ms
	PersistCurrentRevisions: 0.071ms
	UnloadStreamsEnd: 0.001ms
	GenerateScriptTypeHashes: 2.108ms
	Untracked: 2039.251ms

Application.AssetDatabase Initial Refresh End
Scanning for USB devices : 1.467ms
Initializing Unity extensions:
UpdateMenuTitleForLanguage: 10
[MODES] ModeService[none].Initialize
[MODES] ModeService[none].LoadModes
[MODES] Loading mode Default (0) for mode-current-id-GameCoreProbe
Unloading 4 Unused Serialized files (Serialized files now loaded: 0)
Unloading 2944 unused Assets / (1.5 MB). Loaded Objects now: 3416.
Memory consumption went from 108.8 MB to 107.3 MB.
Total: 19.194571 ms (FindLiveObjects: 0.279154 ms CreateObjectMapping: 0.364884 ms MarkObjects: 16.365338 ms  DeleteObjects: 2.183603 ms)

[CoreBusinessMetrics] Unable to add a message to the core business metrics cache. SQLite returned error message "disk I/O error"

(process:3853556): GLib-GObject-CRITICAL **: 11:12:49.621: g_object_unref: assertion 'G_IS_OBJECT (object)' failed

(process:3853556): GLib-GObject-CRITICAL **: 11:12:49.621: g_object_unref: assertion 'G_IS_OBJECT (object)' failed

(process:3853556): GLib-GObject-CRITICAL **: 11:12:49.621: g_object_unref: assertion 'G_IS_OBJECT (object)' failed

(process:3853556): Gtk-CRITICAL **: 11:12:49.621: gtk_widget_destroy: assertion 'GTK_IS_WIDGET (widget)' failed
[Project] Loading completed in 17.965 seconds
	Project init time: 				17.606 seconds
		Template init time: 		0.000 seconds
		Package Manager init time: 		0.201 seconds
		Asset Database init time: 		0.030 seconds
		Global illumination init time: 	0.025 seconds
		Assemblies load time: 			10.721 seconds
		Unity extensions init time: 	0.020 seconds
		Asset Database refresh time: 	6.289 seconds
	Scene opening time: 			0.246 seconds
##utp:{"type":"ProjectInfo","version":2,"phase":"Immediate","time":1790392369622,"processId":3853556,"projectLoad":17.965131522,"projectInit":17.60576572,"templateInit":0.0,"packageManagerInit":0.200678731,"assetDatabaseInit":0.030180176,"globalIlluminationInit":0.025339742,"assembliesLoad":10.721256702,"unityExtensionsInit":0.020371323,"assetDatabaseRefresh":6.28907438,"sceneOpening":0.246425201}
##utp:{"type":"EditorInfo","version":2,"phase":"Immediate","time":1790392369622,"processId":3853556,"editorVersion":"6000.0.75f1 (26349cd2a5c8)","branch":"6000.0/staging","buildType":"Release","platform":"Linux"}
[CoreBusinessMetrics] Unable to add a message to the core business metrics cache. SQLite returned error message "disk I/O error"
[CoreBusinessMetrics] Failed to get row count. SQLite returned error message "disk I/O error"Asset Pipeline Refresh (id=8f993697e60f1b33ea915368e301fbe4): Total: 0.270 seconds - Initiated by RefreshV2(ForceSynchronousImport)
Asset Pipeline Refresh (id=7126ed6df28ffafd0ad81fd112d78ead): Total: 0.225 seconds - Initiated by RefreshV2(NoUpdateAssetOptions)
Running tests for ExecutionSettings with details:
targetPlatform = 
playerHeartbeatTimeout = 600
filters[0] = 
   Filter with settings:
   testMode = PlayMode
   targetPlatform = 
   testNames = null
   groupNames = null
   categoryNames = null
   assemblyNames = null
ignoreTests = {}
featureFlags = null

UnityEngine.Debug:ExtractStackTraceNoAlloc (byte*,int,string)
UnityEngine.StackTraceUtility:ExtractStackTrace () (at /home/bokken/build/output/unity/unity/Runtime/Export/Scripting/StackTrace.cs:35)
UnityEngine.DebugLogHandler:Internal_Log (UnityEngine.LogType,UnityEngine.LogOption,string,UnityEngine.Object)
UnityEngine.DebugLogHandler:LogFormat (UnityEngine.LogType,UnityEngine.Object,string,object[])
UnityEngine.Logger:Log (UnityEngine.LogType,object)
UnityEngine.Debug:Log (object)
UnityEditor.TestTools.TestRunner.CommandLineTest.Executer:InitializeAndExecuteRun (string[]) (at ./Library/PackageCache/com.unity.test-framework@bd52b1c23814/UnityEditor.TestRunner/CommandLineTest/Executer.cs:53)
UnityEditor.TestTools.TestRunner.CommandLineTest.TestStarter:InitializeAndExecuteRun () (at ./Library/PackageCache/com.unity.test-framework@bd52b1c23814/UnityEditor.TestRunner/CommandLineTest/TestStarter.cs:64)
UnityEditor.EditorApplication:Internal_CallUpdateFunctions () (at /home/bokken/build/output/unity/unity/Editor/Mono/EditorApplication.cs:384)

(Filename: ./Library/PackageCache/com.unity.test-framework@bd52b1c23814/UnityEditor.TestRunner/CommandLineTest/Executer.cs Line: 53)

[UnityConnectServicesConfig] config is NOT valid, switching to default
Created GICache directory at /home/worlesenric/.cache/unity3d/GiCache. Took: 0.001s, timestamps: [17.987 - 17.988]
Unloading 0 Unused Serialized files (Serialized files now loaded: 0)
Unloading 1 unused Assets / (0.8 KB). Loaded Objects now: 3451.
Memory consumption went from 103.5 MB to 103.5 MB.
Total: 14.722466 ms (FindLiveObjects: 0.163044 ms CreateObjectMapping: 0.125188 ms MarkObjects: 14.406989 ms  DeleteObjects: 0.025738 ms)

Start importing Assets/InitTestScenecc476550-be93-4e12-8ea2-e24a06961522.unity using Guid(fd6c83d33c07504e28998a9ed75b01d1) (DefaultImporter) -> (artifact id: '10d17631619e4fe40c2d520d1da11b84') in 0.006810943 seconds
Refreshing native plugins compatible for Editor in 0.26 ms, found 1 plugins.
Preloading 0 native plugins for Editor in 0.00 ms.
Asset Pipeline Refresh (id=7f7cc1b2e71472951901806d925dc8ba): Total: 0.197 seconds - Initiated by StopAssetImportingV2(NoUpdateAssetOptions)
Executing IPrebuildSetup for: Unity.PerformanceTesting.Editor.TestRunBuilder.
UnityEngine.Debug:ExtractStackTraceNoAlloc (byte*,int,string)
UnityEngine.StackTraceUtility:ExtractStackTrace () (at /home/bokken/build/output/unity/unity/Runtime/Export/Scripting/StackTrace.cs:35)
UnityEngine.DebugLogHandler:Internal_Log (UnityEngine.LogType,UnityEngine.LogOption,string,UnityEngine.Object)
UnityEngine.DebugLogHandler:LogFormat (UnityEngine.LogType,UnityEngine.Object,string,object[])
UnityEngine.Logger:Log (UnityEngine.LogType,object)
UnityEngine.Debug:Log (object)
UnityEditor.TestTools.TestRunner.TestRun.Tasks.BuildActionTaskBase`1/<ExecuteMethods>d__8<UnityEngine.TestTools.IPrebuildSetup>:MoveNext () (at ./Library/PackageCache/com.unity.test-framework@bd52b1c23814/UnityEditor.TestRunner/TestRun/Tasks/BuildActionTaskBase.cs:48)
UnityEditor.TestTools.TestRunner.TestRun.Tasks.BuildActionTaskBase`1/<Execute>d__7<UnityEngine.TestTools.IPrebuildSetup>:MoveNext () (at ./Library/PackageCache/com.unity.test-framework@bd52b1c23814/UnityEditor.TestRunner/TestRun/Tasks/BuildActionTaskBase.cs:34)
UnityEditor.TestTools.TestRunner.TestRun.TestJobRunner:ExecuteStep () (at ./Library/PackageCache/com.unity.test-framework@bd52b1c23814/UnityEditor.TestRunner/TestRun/TestJobRunner.cs:173)
UnityEditor.TestTools.TestRunner.TestRun.TestJobRunner:ExecuteCallback () (at ./Library/PackageCache/com.unity.test-framework@bd52b1c23814/UnityEditor.TestRunner/TestRun/TestJobRunner.cs:108)
UnityEditor.EditorApplication:Internal_CallUpdateFunctions () (at /home/bokken/build/output/unity/unity/Editor/Mono/EditorApplication.cs:384)

(Filename: ./Library/PackageCache/com.unity.test-framework@bd52b1c23814/UnityEditor.TestRunner/TestRun/Tasks/BuildActionTaskBase.cs Line: 48)

Reloading assemblies for play mode.
Reloading assemblies after forced synchronous recompile.
Begin MonoManager ReloadAssembly
- Loaded All Assemblies, in  0.643 seconds
Refreshing native plugins compatible for Editor in 0.25 ms, found 1 plugins.
Native extension for LinuxStandalone target not found
Native extension for OSXStandalone target not found
Assembly reference Packages/com.unity.entities/Unity.Scenes.Editor/Internals/Properties/Unity.Properties.Internals.asmref has no target assembly definition
TypeManager.Initialize took: 129ms
Native leak detection mode: EnabledWithStackTrace
UnityEngine.Debug:ExtractStackTraceNoAlloc (byte*,int,string)
UnityEngine.StackTraceUtility:ExtractStackTrace () (at /home/bokken/build/output/unity/unity/Runtime/Export/Scripting/StackTrace.cs:35)
UnityEngine.DebugLogHandler:Internal_Log (UnityEngine.LogType,UnityEngine.LogOption,string,UnityEngine.Object)
UnityEngine.DebugLogHandler:LogFormat (UnityEngine.LogType,UnityEngine.Object,string,object[])
UnityEngine.Logger:Log (UnityEngine.LogType,object)
UnityEngine.Debug:Log (object)
CLILeakDetectionSwitcher:SetLeakDetectionModeFromEnvironment () (at ./Library/PackageCache/com.unity.collections@9796e5ee0d9e/Unity.Collections.Editor/CLILeakDetectionSwitcher.cs:29)
System.Reflection.RuntimeMethodInfo:Invoke (object,System.Reflection.BindingFlags,System.Reflection.Binder,object[],System.Globalization.CultureInfo)
System.Reflection.MethodBase:Invoke (object,object[])
UnityEditor.EditorAssemblies:ProcessInitializeOnLoadMethodAttributes () (at /home/bokken/build/output/unity/unity/Editor/Mono/EditorAssemblies.cs:142)

(Filename: ./Library/PackageCache/com.unity.collections@9796e5ee0d9e/Unity.Collections.Editor/CLILeakDetectionSwitcher.cs Line: 29)

Mono: successfully reloaded assembly
[MODES] ModeService[none].Initialize
[MODES] ModeService[none].LoadModes
- Finished resetting the current domain, in  1.473 seconds
Domain Reload Profiling: 2115ms
	BeginReloadAssembly (411ms)
		ExecutionOrderSort (0ms)
		DisableScriptedObjects (24ms)
		BackupInstance (0ms)
		ReleaseScriptingObjects (0ms)
		CreateAndSetChildDomain (287ms)
	RebuildCommonClasses (52ms)
	RebuildNativeTypeToScriptingClass (12ms)
	initialDomainReloadingComplete (34ms)
	LoadAllAssembliesAndSetupDomain (133ms)
		LoadAssemblies (90ms)
		RebuildTransferFunctionScriptingTraits (0ms)
		AnalyzeDomain (110ms)
			TypeCache.Refresh (5ms)
				TypeCache.ScanAssembly (0ms)
			BuildScriptInfoCaches (102ms)
			ResolveRequiredComponents (1ms)
	FinalizeReload (1474ms)
		ReleaseScriptCaches (0ms)
		RebuildScriptCaches (0ms)
		SetupLoadedEditorAssemblies (1110ms)
			LogAssemblyErrors (0ms)
			InitializePlatformSupportModulesInManaged (107ms)
			SetLoadedEditorAssemblies (9ms)
			BeforeProcessingInitializeOnLoad (253ms)
			ProcessInitializeOnLoadAttributes (444ms)
			ProcessInitializeOnLoadMethodAttributes (293ms)
			AfterProcessingInitializeOnLoad (3ms)
			EditorAssembliesLoaded (0ms)
		ExecutionOrderSort2 (0ms)
		AwakeInstancesAfterBackupRestoration (28ms)
Asset Pipeline Refresh (id=59afad4035d08661ba391f4a0f72130e): Total: 2.185 seconds - Initiated by StopAssetImportingV2(ForceSynchronousImport | ForceDomainReload)
	Summary:
		Imports: total=0 (actual=0, local cache=0, cache server=0)
		Asset DB Process Time: managed=0 ms, native=1516 ms
		Asset DB Callback time: managed=13 ms, native=0 ms
		Scripting: domain reloads=1, domain reload time=653 ms, compile time=1 ms, other=0 ms
		Project Asset Count: scripts=848, non-scripts=704
		Asset File Changes: new=0, changed=0, moved=0, deleted=0
		Scan Filter Count: 0
	InvokeCustomDependenciesCallbacks: 0.002ms
	InvokePackagesCallback: 1.220ms
	ApplyChangesToAssetFolders: 0.238ms
	Scan: 0.001ms
	OnSourceAssetsModified: 0.002ms
	CategorizeAssetsWithTransientArtifact: 0.004ms
	ProcessAssetsWithTransientArtifactChanges: 1.831ms
	CategorizeAssets: 13.233ms
	ImportOutOfDateAssets: 1476.498ms (1474.384ms without children)
		CompileScripts: 1.481ms
		CollectScriptTypesHashes: 0.000ms
		ReloadNativeAssets: 0.001ms
		UnloadImportedAssets: 0.002ms
		EnsureUptoDateAssetsAreRegisteredWithGuidPM: 0.319ms
		InitializingProgressBar: 0.000ms
		PostProcessAllAssetNotificationsAddChangedAssets: 0.000ms
		OnDemandSchedulerStart: 0.310ms
	PostProcessAllAssets: 13.645ms
	GatherAllCurrentPrimaryArtifactRevisions: 0.076ms
	UnloadStreamsBegin: 0.002ms
	PersistCurrentRevisions: 0.060ms
	UnloadStreamsEnd: 0.001ms
	GenerateScriptTypeHashes: 1.453ms
	Untracked: 678.624ms

Loaded scene 'Temp/__Backupscenes/0.backup'
	Deserialize:            0.985 ms
	Integration:            454.873 ms
	Integration of assets:  0.003 ms
	Thread Wait Time:       0.817 ms
	Total Operation Time:   456.679 ms
Saving results to: /home/worlesenric/.config/unity3d/GameCore/GameCoreProbe/TestResults.xml
Saving results to: /home/worlesenric/wkspace/gc-wt/gc-022/artifacts/gc-022/unity/playmode-results.xml
Unloading 0 Unused Serialized files (Serialized files now loaded: 0)
Loaded scene 'Temp/__Backupscenes/0.backup'
	Deserialize:            0.563 ms
	Integration:            148.389 ms
	Integration of assets:  0.002 ms
	Thread Wait Time:       0.016 ms
	Total Operation Time:   148.969 ms
Unloading 4 unused Assets / (0.8 KB). Loaded Objects now: 3457.
Memory consumption went from 122.2 MB to 122.2 MB.
Total: 14.996390 ms (FindLiveObjects: 0.157763 ms CreateObjectMapping: 0.122644 ms MarkObjects: 14.675641 ms  DeleteObjects: 0.039321 ms)

Executing IPostBuildCleanup for: Unity.PerformanceTesting.Editor.TestRunBuilder.
UnityEngine.Debug:ExtractStackTraceNoAlloc (byte*,int,string)
UnityEngine.StackTraceUtility:ExtractStackTrace () (at /home/bokken/build/output/unity/unity/Runtime/Export/Scripting/StackTrace.cs:35)
UnityEngine.DebugLogHandler:Internal_Log (UnityEngine.LogType,UnityEngine.LogOption,string,UnityEngine.Object)
UnityEngine.DebugLogHandler:LogFormat (UnityEngine.LogType,UnityEngine.Object,string,object[])
UnityEngine.Logger:Log (UnityEngine.LogType,object)
UnityEngine.Debug:Log (object)
UnityEditor.TestTools.TestRunner.TestRun.Tasks.BuildActionTaskBase`1/<ExecuteMethods>d__8<UnityEngine.TestTools.IPostBuildCleanup>:MoveNext () (at ./Library/PackageCache/com.unity.test-framework@bd52b1c23814/UnityEditor.TestRunner/TestRun/Tasks/BuildActionTaskBase.cs:48)
UnityEditor.TestTools.TestRunner.TestRun.Tasks.BuildActionTaskBase`1/<Execute>d__7<UnityEngine.TestTools.IPostBuildCleanup>:MoveNext () (at ./Library/PackageCache/com.unity.test-framework@bd52b1c23814/UnityEditor.TestRunner/TestRun/Tasks/BuildActionTaskBase.cs:34)
UnityEditor.TestTools.TestRunner.TestRun.TestJobRunner:ExecuteStep () (at ./Library/PackageCache/com.unity.test-framework@bd52b1c23814/UnityEditor.TestRunner/TestRun/TestJobRunner.cs:173)
UnityEditor.TestTools.TestRunner.TestRun.TestJobRunner:ExecuteCallback () (at ./Library/PackageCache/com.unity.test-framework@bd52b1c23814/UnityEditor.TestRunner/TestRun/TestJobRunner.cs:108)
UnityEditor.EditorApplication:Internal_CallUpdateFunctions () (at /home/bokken/build/output/unity/unity/Editor/Mono/EditorApplication.cs:384)

(Filename: ./Library/PackageCache/com.unity.test-framework@bd52b1c23814/UnityEditor.TestRunner/TestRun/Tasks/BuildActionTaskBase.cs Line: 48)

Asset Pipeline Refresh (id=791b14d3f94c140abad2f5b67caf45d9): Total: 0.125 seconds - Initiated by RefreshV2(NoUpdateAssetOptions)
Unloading 0 Unused Serialized files (Serialized files now loaded: 0)
Unloading 1 unused Assets / (0.8 KB). Loaded Objects now: 3462.
Memory consumption went from 122.5 MB to 122.5 MB.
Total: 19.159040 ms (FindLiveObjects: 0.187708 ms CreateObjectMapping: 0.085110 ms MarkObjects: 18.832380 ms  DeleteObjects: 0.052826 ms)

Refreshing native plugins compatible for Editor in 0.26 ms, found 1 plugins.
Preloading 0 native plugins for Editor in 0.00 ms.
Asset Pipeline Refresh (id=65ca8aa9169d0410e9cf9c775afbd450): Total: 0.056 seconds - Initiated by StopAssetImportingV2(NoUpdateAssetOptions)
DisplayProgressbar: Undo
Test run completed. Exiting with code 0 (Ok). Run completed.
UnityEngine.Debug:ExtractStackTraceNoAlloc (byte*,int,string)
UnityEngine.StackTraceUtility:ExtractStackTrace () (at /home/bokken/build/output/unity/unity/Runtime/Export/Scripting/StackTrace.cs:35)
UnityEngine.DebugLogHandler:Internal_Log (UnityEngine.LogType,UnityEngine.LogOption,string,UnityEngine.Object)
UnityEngine.DebugLogHandler:LogFormat (UnityEngine.LogType,UnityEngine.Object,string,object[])
UnityEngine.Logger:Log (UnityEngine.LogType,object)
UnityEngine.Debug:Log (object)
UnityEditor.TestTools.TestRunner.CommandLineTest.Executer:ExitApplication (UnityEditor.TestTools.TestRunner.CommandLineTest.Executer/ReturnCodes,string) (at ./Library/PackageCache/com.unity.test-framework@bd52b1c23814/UnityEditor.TestRunner/CommandLineTest/Executer.cs:81)
UnityEditor.TestTools.TestRunner.CommandLineTest.Executer:ExitIfRunIsCompleted () (at ./Library/PackageCache/com.unity.test-framework@bd52b1c23814/UnityEditor.TestRunner/CommandLineTest/Executer.cs:74)
UnityEditor.EditorApplication:Internal_CallUpdateFunctions () (at /home/bokken/build/output/unity/unity/Editor/Mono/EditorApplication.cs:384)

(Filename: ./Library/PackageCache/com.unity.test-framework@bd52b1c23814/UnityEditor.TestRunner/CommandLineTest/Executer.cs Line: 81)

[CoreBusinessMetrics] Unable to add a message to the core business metrics cache. SQLite returned error message "disk I/O error"
Unloading 0 Unused Serialized files (Serialized files now loaded: 0)
Start importing ProjectSettings/ProjectSettings.asset using Guid(00000000000000004000000000000000) (LibraryAssetImporter) -> (artifact id: '178bf7067d38e3e04409e2d58fbbdb59') in 0.005995221 seconds
Refreshing native plugins compatible for Editor in 0.23 ms, found 1 plugins.
Preloading 0 native plugins for Editor in 0.00 ms.
Asset Pipeline Refresh (id=b5cbb8e743e1550ff953f095b90a2dce): Total: 0.014 seconds - Initiated by StopAssetImportingV2(NoUpdateAssetOptions)
Unloading 4 unused Assets / (0.8 KB). Loaded Objects now: 3462.
Memory consumption went from 121.3 MB to 121.3 MB.
Total: 12.653538 ms (FindLiveObjects: 0.170242 ms CreateObjectMapping: 0.139524 ms MarkObjects: 12.311608 ms  DeleteObjects: 0.031050 ms)

[Physics::Module] Cleanup current backned.
[Physics::Module] Id: 0xf2b8ea05
Input System module state changed to: ShutdownInProgress.
Input System polling thread exited.
Input System module state changed to: Shutdown.
[Licensing::IpcConnector] LicenseClient-worlesenric-notifications channel disconnected successfully.
[Licensing::IpcConnector] LicenseClient-worlesenric channel disconnected successfully.
AcceleratorClientConnectionCallback - disconnected - :0
[40m[32minfo[39m[22m[49m: Microsoft.Hosting.Lifetime[0]
      Application is shutting down...
[40m[32minfo[39m[22m[49m: Unity.ILPP.Runner.PostProcessingAssemblyLoadContext[0]
      ALC ILPP context 1 is unloading
Cleanup mono
debugger-agent: Unable to listen on 42
[Package Manager] Server process was shutdown
Checking for leaked weakptr:
  Found no leaked weakptrs.
##utp:{"type":"MemoryLeaks","version":2,"phase":"Immediate","time":1790392378907,"processId":3853556,"allocatedMemory":11984713,"memoryLabels":[{"Default":13965},{"Permanent":16147},{"Thread":1084616},{"Manager":3074302},{"VertexData":8},{"Geometry":408},{"VFX":-104},{"Texture":296},{"Shader":79299},{"Material":24},{"GfxDevice":35976},{"Animation":456},{"Audio":4032},{"FontEngine":320},{"Physics":2081},{"Serialization":472},{"Input":26752},{"JobScheduler":33024},{"TextLib":160},{"Mono":32},{"ScriptingNativeRuntime":155096},{"BaseObject":1622832},{"Resource":1032},{"Renderer":2928},{"Transform":4678},{"File":828},{"WebCam":80},{"Culling":32},{"Terrain":11298},{"Wind":24},{"String":11466},{"DynamicArray":91560},{"HashMap":78525},{"Utility":2677392},{"PoolAlloc":3872},{"AI":72},{"TypeTree":5005},{"ScriptManager":512},{"RuntimeInitializeOnLoadManager":64},{"SpriteAtlas":112},{"GI":7448},{"Director":8208},{"WebRequest":808},{"VR":45689},{"SceneManager":528},{"Video":64},{"LazyScriptCache":32},{"Camera":17},{"Secure":265},{"SerializationCache":1576},{"APIUpdating":10320},{"Subsystems":336},{"VirtualTexturing":57552},{"StaticSafetyDebugInfo":278528},{"Analytics":256},{"Hierarchy":832},{"CoreStats":12456},{"Identifiers":12384},{"Gui":112},{"EditorUtility":23467},{"VersionControl":4},{"Undo":979},{"AssetDatabase":2442566},{"EditorGi":328},{"UnityConnect":24816},{"Upm":1852},{"DrivenProperties":72},{"LocalIPC":154},{"ProfilerEditor":9746},{"CoreBusinessMetrics":2348},{"Licensing":1232},{"AssetReference":32},{"IPCStream":32}]}
