[2026-10-07T05:40:12.926Z][INFO] Command-line: ~/Unity/Hub/Editor/6000.0.75f1/Editor/Data/Resources/PackageManager/Server/UnityPackageManager -s 1430826 -ipc -ipc-path /tmp/Unity-Upm-1430826.sock -l 2 --log-file ~/wkspace/gc-studio/p4.2i/artifacts/studio/verification/W-EDIT-01/p42i-move-20261007T054012.009656Z/upm.log
[2026-10-07T05:40:12.937Z][INFO] IPC server started (IPC path=/tmp/Unity-Upm-1430826.sock).
[2026-10-07T05:40:12.938Z][INFO] Hint: To connect to this UPM instance, launch Unity with the command-line parameter -upmIpcPath Upm-1430826.
[2026-10-07T05:40:14.115Z][INFO] project:add-dependency <-- Request received
params: {
  "packageId": "com.unity.toolchain.linux-x86_64"
}
[2026-10-07T05:40:40.451Z][INFO] project:add-dependency --> 200 (26337 ms)
[2026-10-07T05:40:40.734Z][INFO] project:list-packages <-- Request received
params: {}
[2026-10-07T05:40:40.806Z][INFO] project:list-packages <-- Request received
params: {}
[2026-10-07T05:40:40.817Z][INFO] project:list-packages <-- Request received
params: {}
[2026-10-07T05:40:40.825Z][INFO] config:project:get-registries <-- Request received
params: {}
[2026-10-07T05:40:40.847Z][INFO] config:project:get-registries --> 200 (22 ms)
[2026-10-07T05:40:41.658Z][INFO] project:list-packages --> 200 (924 ms)
[2026-10-07T05:40:41.873Z][INFO] project:list-packages --> 200 (1067 ms)
[2026-10-07T05:40:43.341Z][INFO] project:list-packages <-- Request received
params: {}
[2026-10-07T05:40:43.380Z][INFO] project:list-packages --> 200 (2563 ms)
[2026-10-07T05:40:43.623Z][INFO] project:list-packages --> 200 (282 ms)
[2026-10-07T05:40:46.122Z][INFO] project:list-packages <-- Request received
params: {}
[2026-10-07T05:40:46.132Z][INFO] project:list-packages <-- Request received
params: {}
[2026-10-07T05:40:46.144Z][INFO] config:project:get-registries <-- Request received
params: {}
[2026-10-07T05:40:46.154Z][INFO] config:project:get-registries --> 200 (10 ms)
[2026-10-07T05:40:46.544Z][INFO] project:list-packages --> 200 (412 ms)
[2026-10-07T05:40:47.563Z][INFO] project:list-packages --> 200 (1441 ms)
[2026-10-07T05:40:49.761Z][INFO] project:list-packages <-- Request received
params: {}
[2026-10-07T05:40:49.772Z][INFO] project:list-packages <-- Request received
params: {}
[2026-10-07T05:40:50.327Z][INFO] project:list-packages --> 200 (566 ms)
[2026-10-07T05:40:59.423Z][INFO] project:list-packages <-- Request received
params: {}
[2026-10-07T05:40:59.861Z][INFO] project:list-packages --> 200 (438 ms)
[2026-10-07T05:41:00.123Z][INFO] project:list-packages <-- Request received
params: {}
[2026-10-07T05:41:00.135Z][INFO] project:list-packages <-- Request received
params: {}
[2026-10-07T05:41:00.145Z][INFO] config:project:get-registries <-- Request received
params: {}
[2026-10-07T05:41:00.172Z][INFO] config:project:get-registries --> 200 (27 ms)
[2026-10-07T05:41:00.806Z][INFO] project:list-packages --> 200 (671 ms)
[2026-10-07T05:41:05.039Z][INFO] project:list-packages --> 200 (15267 ms)
[2026-10-07T05:41:05.040Z][INFO] project:list-packages --> 200 (4917 ms)
[2026-10-07T05:41:56.889Z][INFO] Received shutdown request (SIGINT), shutting down Unity Package Manager
