[2026-10-07T05:29:27.609Z][INFO] Command-line: ~/Unity/Hub/Editor/6000.0.75f1/Editor/Data/Resources/PackageManager/Server/UnityPackageManager -s 1400525 -ipc -ipc-path /tmp/Unity-Upm-1400525.sock -l 2 --log-file ~/wkspace/gc-studio/p4.2i/artifacts/studio/verification/W-AI-06/p42i-reopen-20261007T052926.823205Z/upm.log
[2026-10-07T05:29:27.616Z][INFO] IPC server started (IPC path=/tmp/Unity-Upm-1400525.sock).
[2026-10-07T05:29:27.616Z][INFO] Hint: To connect to this UPM instance, launch Unity with the command-line parameter -upmIpcPath Upm-1400525.
[2026-10-07T05:29:28.585Z][INFO] project:add-dependency <-- Request received
params: {
  "packageId": "com.unity.toolchain.linux-x86_64"
}
[2026-10-07T05:30:49.402Z][ERROR] Error: Cannot connect to 'packages.unity.com' (error code: ECONNRESET). Check your internet connection and verify that your environment firewall policies allow connection to this host name. If your system is behind a proxy, verify your proxy environment variables (HTTP_PROXY and HTTPS_PROXY) are properly set.
[2026-10-07T05:31:13.982Z][INFO] project:add-dependency --> 200 (105397 ms)
[2026-10-07T05:31:14.169Z][INFO] project:list-packages <-- Request received
params: {}
[2026-10-07T05:31:14.220Z][INFO] project:list-packages <-- Request received
params: {}
[2026-10-07T05:31:14.230Z][INFO] project:list-packages <-- Request received
params: {}
[2026-10-07T05:31:14.241Z][INFO] config:project:get-registries <-- Request received
params: {}
[2026-10-07T05:31:14.259Z][INFO] config:project:get-registries --> 200 (18 ms)
[2026-10-07T05:31:14.845Z][INFO] project:list-packages --> 200 (676 ms)
[2026-10-07T05:31:14.954Z][INFO] project:list-packages --> 200 (734 ms)
[2026-10-07T05:31:16.735Z][INFO] project:list-packages <-- Request received
params: {}
[2026-10-07T05:31:17.068Z][INFO] project:list-packages --> 200 (333 ms)
[2026-10-07T05:31:19.659Z][INFO] project:list-packages <-- Request received
params: {}
[2026-10-07T05:31:19.669Z][INFO] project:list-packages <-- Request received
params: {}
[2026-10-07T05:31:19.679Z][INFO] config:project:get-registries <-- Request received
params: {}
[2026-10-07T05:31:19.701Z][INFO] config:project:get-registries --> 200 (22 ms)
[2026-10-07T05:31:20.450Z][INFO] project:list-packages --> 200 (6220 ms)
[2026-10-07T05:31:20.568Z][INFO] project:list-packages --> 200 (909 ms)
[2026-10-07T05:31:20.618Z][INFO] project:list-packages --> 200 (949 ms)
[2026-10-07T05:31:23.141Z][INFO] project:list-packages <-- Request received
params: {}
[2026-10-07T05:31:23.151Z][INFO] project:list-packages <-- Request received
params: {}
[2026-10-07T05:31:23.476Z][INFO] project:list-packages --> 200 (335 ms)
[2026-10-07T05:31:53.265Z][INFO] project:list-packages --> 200 (30114 ms)
[2026-10-07T05:32:00.367Z][INFO] Received shutdown request (SIGINT), shutting down Unity Package Manager
