[2026-10-06T19:16:32.337Z][INFO] Command-line: ~/Unity/Hub/Editor/6000.0.75f1/Editor/Data/Resources/PackageManager/Server/UnityPackageManager -s 3662926 -ipc -ipc-path /tmp/Unity-Upm-3662926.sock -l 2 --log-file ~/wkspace/gc-studio/p4.2g/artifacts/studio/verification/W-MECH-01/p42g-stage-review-20261006T191631.705512Z/upm.log
[2026-10-06T19:16:32.344Z][INFO] IPC server started (IPC path=/tmp/Unity-Upm-3662926.sock).
[2026-10-06T19:16:32.344Z][INFO] Hint: To connect to this UPM instance, launch Unity with the command-line parameter -upmIpcPath Upm-3662926.
[2026-10-06T19:16:33.364Z][INFO] project:add-dependency <-- Request received
params: {
  "packageId": "com.unity.toolchain.linux-x86_64"
}
[2026-10-06T19:16:52.531Z][INFO] project:add-dependency --> 200 (19167 ms)
[2026-10-06T19:16:53.038Z][INFO] project:list-packages <-- Request received
params: {}
[2026-10-06T19:16:53.201Z][INFO] project:list-packages <-- Request received
params: {}
[2026-10-06T19:16:53.223Z][INFO] project:list-packages <-- Request received
params: {}
[2026-10-06T19:16:53.258Z][INFO] config:project:get-registries <-- Request received
params: {}
[2026-10-06T19:16:53.301Z][INFO] config:project:get-registries --> 200 (43 ms)
[2026-10-06T19:16:55.553Z][INFO] project:list-packages --> 200 (2515 ms)
[2026-10-06T19:16:56.107Z][INFO] project:list-packages --> 200 (2905 ms)
[2026-10-06T19:16:57.197Z][INFO] project:list-packages --> 200 (3974 ms)
[2026-10-06T19:16:58.765Z][INFO] project:list-packages <-- Request received
params: {}
[2026-10-06T19:16:59.398Z][INFO] project:list-packages --> 200 (634 ms)
[2026-10-06T19:17:03.138Z][INFO] project:list-packages <-- Request received
params: {}
[2026-10-06T19:17:03.149Z][INFO] project:list-packages <-- Request received
params: {}
[2026-10-06T19:17:03.161Z][INFO] config:project:get-registries <-- Request received
params: {}
[2026-10-06T19:17:03.189Z][INFO] config:project:get-registries --> 200 (29 ms)
[2026-10-06T19:17:04.438Z][INFO] project:list-packages --> 200 (1300 ms)
[2026-10-06T19:17:04.563Z][INFO] project:list-packages --> 200 (1414 ms)
[2026-10-06T19:17:07.841Z][INFO] project:list-packages <-- Request received
params: {}
[2026-10-06T19:17:07.853Z][INFO] project:list-packages <-- Request received
params: {}
[2026-10-06T19:17:08.595Z][INFO] project:list-packages --> 200 (754 ms)
[2026-10-06T19:17:19.962Z][INFO] Received shutdown request (SIGINT), shutting down Unity Package Manager
