[2026-10-08T00:04:18.510Z][INFO] Command-line: ~/Unity/Hub/Editor/6000.0.75f1/Editor/Data/Resources/PackageManager/Server/UnityPackageManager -s 624080 -ipc -ipc-path /tmp/Unity-Upm-624080.sock -l 2 --log-file ~/wkspace/gc-studio/p4.2l/artifacts/studio/verification/W-ETOS-09/p42l-reload-20261008T000417.519147Z/upm.log
[2026-10-08T00:04:18.520Z][INFO] IPC server started (IPC path=/tmp/Unity-Upm-624080.sock).
[2026-10-08T00:04:18.520Z][INFO] Hint: To connect to this UPM instance, launch Unity with the command-line parameter -upmIpcPath Upm-624080.
[2026-10-08T00:04:19.637Z][INFO] project:add-dependency <-- Request received
params: {
  "packageId": "com.unity.toolchain.linux-x86_64"
}
[2026-10-08T00:04:39.235Z][INFO] project:add-dependency --> 200 (19597 ms)
[2026-10-08T00:04:39.661Z][INFO] project:list-packages <-- Request received
params: {}
[2026-10-08T00:04:39.752Z][INFO] project:list-packages <-- Request received
params: {}
[2026-10-08T00:04:39.765Z][INFO] project:list-packages <-- Request received
params: {}
[2026-10-08T00:04:39.787Z][INFO] config:project:get-registries <-- Request received
params: {}
[2026-10-08T00:04:39.845Z][INFO] config:project:get-registries --> 200 (58 ms)
[2026-10-08T00:04:41.489Z][INFO] project:list-packages --> 200 (1828 ms)
[2026-10-08T00:04:41.885Z][INFO] project:list-packages --> 200 (2133 ms)
[2026-10-08T00:04:43.007Z][INFO] project:list-packages --> 200 (3242 ms)
[2026-10-08T00:04:44.263Z][INFO] project:list-packages <-- Request received
params: {}
[2026-10-08T00:04:44.821Z][INFO] project:list-packages --> 200 (558 ms)
[2026-10-08T00:04:48.049Z][INFO] project:list-packages <-- Request received
params: {}
[2026-10-08T00:04:48.059Z][INFO] project:list-packages <-- Request received
params: {}
[2026-10-08T00:04:48.071Z][INFO] config:project:get-registries <-- Request received
params: {}
[2026-10-08T00:04:48.101Z][INFO] config:project:get-registries --> 200 (30 ms)
[2026-10-08T00:04:49.129Z][INFO] project:list-packages --> 200 (1080 ms)
[2026-10-08T00:04:49.196Z][INFO] project:list-packages --> 200 (1137 ms)
[2026-10-08T00:04:52.828Z][INFO] project:list-packages <-- Request received
params: {}
[2026-10-08T00:04:52.840Z][INFO] project:list-packages <-- Request received
params: {}
[2026-10-08T00:04:53.553Z][INFO] project:list-packages --> 200 (726 ms)
[2026-10-08T00:05:07.561Z][INFO] project:list-packages <-- Request received
params: {}
[2026-10-08T00:05:08.017Z][INFO] project:list-packages --> 200 (456 ms)
[2026-10-08T00:05:08.158Z][INFO] project:list-packages <-- Request received
params: {}
[2026-10-08T00:05:08.169Z][INFO] config:project:get-registries <-- Request received
params: {}
[2026-10-08T00:05:08.184Z][INFO] config:project:get-registries --> 200 (15 ms)
[2026-10-08T00:05:10.956Z][INFO] project:list-packages --> 200 (18116 ms)
[2026-10-08T00:05:10.959Z][INFO] project:list-packages --> 200 (2801 ms)
[2026-10-08T00:05:26.174Z][INFO] Received shutdown request (SIGINT), shutting down Unity Package Manager
