# gamecore.benchmark.trace/1
# label=gc023-world-observations
# frames=67
frame ordinal=0 epoch=1 step=0 sections=5 live-leases=9
frame ordinal=0 epoch=1 step=0 sections=5 live-leases=9
frame ordinal=0 epoch=1 step=0 sections=5 live-leases=9
frame ordinal=0 epoch=1 step=0 sections=5 live-leases=9
frame ordinal=0 epoch=1 step=0 sections=5 live-leases=9
frame ordinal=0 epoch=1 step=0 sections=5 live-leases=9
frame ordinal=0 epoch=1 step=0 sections=5 live-leases=9
frame ordinal=0 epoch=1 step=0 sections=5 live-leases=9
frame ordinal=0 epoch=1 step=0 sections=5 live-leases=9
frame ordinal=0 epoch=1 step=0 sections=5 live-leases=9
frame ordinal=0 epoch=1 step=0 sections=5 live-leases=9
frame ordinal=0 epoch=1 step=0 sections=5 live-leases=9
frame ordinal=0 epoch=1 step=0 sections=5 live-leases=9
frame ordinal=0 epoch=1 step=0 sections=5 live-leases=9
frame ordinal=0 epoch=1 step=0 sections=5 live-leases=9
frame ordinal=0 epoch=1 step=0 sections=5 live-leases=9
frame ordinal=0 epoch=1 step=0 sections=5 live-leases=9
frame ordinal=0 epoch=1 step=0 sections=5 live-leases=9
frame ordinal=0 epoch=1 step=0 sections=5 live-leases=9
frame ordinal=0 epoch=1 step=0 sections=5 live-leases=9
frame ordinal=0 epoch=1 step=0 sections=5 live-leases=9
frame ordinal=0 epoch=1 step=0 sections=5 live-leases=9
frame ordinal=0 epoch=1 step=0 sections=5 live-leases=9
frame ordinal=0 epoch=1 step=0 sections=5 live-leases=9
frame ordinal=0 epoch=1 step=0 sections=5 live-leases=9
frame ordinal=0 epoch=1 step=0 sections=5 live-leases=9
frame ordinal=0 epoch=1 step=0 sections=5 live-leases=9
frame ordinal=0 epoch=1 step=0 sections=5 live-leases=9
frame ordinal=0 epoch=1 step=0 sections=5 live-leases=9
frame ordinal=0 epoch=1 step=0 sections=5 live-leases=9
frame ordinal=0 epoch=1 step=0 sections=5 live-leases=9
frame ordinal=0 epoch=1 step=0 sections=5 live-leases=9
frame ordinal=0 epoch=1 step=0 sections=5 live-leases=9
frame ordinal=0 epoch=1 step=0 sections=5 live-leases=9
frame ordinal=0 epoch=1 step=0 sections=5 live-leases=9
frame ordinal=0 epoch=1 step=0 sections=5 live-leases=9
frame ordinal=0 epoch=1 step=0 sections=5 live-leases=9
frame ordinal=0 epoch=1 step=0 sections=5 live-leases=9
frame ordinal=0 epoch=1 step=0 sections=5 live-leases=9
frame ordinal=0 epoch=1 step=0 sections=5 live-leases=9
frame ordinal=0 epoch=1 step=0 sections=5 live-leases=9
frame ordinal=0 epoch=1 step=0 sections=5 live-leases=9
frame ordinal=0 epoch=1 step=0 sections=5 live-leases=9
frame ordinal=0 epoch=1 step=0 sections=5 live-leases=9
frame ordinal=0 epoch=1 step=0 sections=5 live-leases=9
frame ordinal=0 epoch=1 step=0 sections=5 live-leases=9
frame ordinal=0 epoch=1 step=0 sections=5 live-leases=9
frame ordinal=0 epoch=1 step=0 sections=5 live-leases=9
frame ordinal=0 epoch=1 step=0 sections=5 live-leases=9
frame ordinal=0 epoch=1 step=0 sections=5 live-leases=9
frame ordinal=0 epoch=1 step=0 sections=5 live-leases=9
frame ordinal=0 epoch=1 step=0 sections=5 live-leases=9
frame ordinal=0 epoch=1 step=0 sections=5 live-leases=9
frame ordinal=0 epoch=1 step=0 sections=5 live-leases=9
frame ordinal=0 epoch=1 step=0 sections=5 live-leases=9
frame ordinal=0 epoch=1 step=0 sections=5 live-leases=9
frame ordinal=0 epoch=1 step=0 sections=5 live-leases=9
frame ordinal=0 epoch=1 step=0 sections=5 live-leases=9
frame ordinal=0 epoch=1 step=0 sections=5 live-leases=9
frame ordinal=0 epoch=1 step=0 sections=5 live-leases=9
frame ordinal=0 epoch=1 step=0 sections=5 live-leases=9
frame ordinal=0 epoch=1 step=0 sections=5 live-leases=9
frame ordinal=0 epoch=1 step=0 sections=5 live-leases=9
frame ordinal=0 epoch=1 step=0 sections=5 live-leases=9
frame ordinal=0 epoch=1 step=0 sections=5 live-leases=9
frame ordinal=0 epoch=1 step=0 sections=5 live-leases=9
frame ordinal=0 epoch=1 step=1 sections=5 steps-advanced=1;live-leases=9
summary frames=67 chain=31b222880d83348319fbe05e17823643bab1867e62bb053763f7c960a417c0e8
