== GC-003 checks ==
repo      : /home/worlesenric/wkspace/gc-wt/gc-003
dotnet    : /home/worlesenric/.dotnet/dotnet
unity     : <not set: Unity steps skipped>
artifacts : /home/worlesenric/wkspace/gc-wt/gc-003/artifacts/gc-003
-- step 1/5: static host-side checks of the C# sources
checked 63 C# file(s)
ok
-- step 1b/5: verify the committed generated catalog without a C# compiler
unity/GameCore.Validation/Assets/GameCore.Validation/Generated/ProbeCatalog.g.cs: 3 factories, 1 schemas, 1 features, 22579 bytes
file hash and catalog fingerprint both recompute correctly from the generated tables
-- step 1c/5: check the production contract surface against the frozen snapshot
tests/GameCore.ReferenceSeams/api/GameCore.Contracts.api.txt: 221 types (class 89, enum 41, interface 23, struct 68), 41 enums checked against Packages/com.gamecore.contracts/Runtime
3 addition(s) beyond the frozen snapshot (allowed, must be listed in HANDOFF):
  + enum EnvelopeError adds DuplicateField = 17
  + enum EnvelopeError adds MissingRequiredField = 16
  + enum FactoryKind adds Handler = 10
every snapshotted enum and enum value exists in the production sources with the same numeric value
-- step 2/5: documentation validator
Documentation validator self-test passed: 9 isolated positive/negative fixtures.
Game Core documentation validation passed: 14 Markdown documents; local links, anchors, IDs, traceability, task DAG and wave ordering checked.
No Unity builds, gameplay tests, runtime benchmarks, or remote URL checks were executed.
-- step 3/5: dotnet build
  Determining projects to restore...
  All projects are up-to-date for restore.
  GameCore.Contracts -> /home/worlesenric/wkspace/gc-wt/gc-003/dotnet/src/GameCore.Contracts/bin/Release/netstandard2.1/GameCore.Contracts.dll
  GameCore.ApiSnapshot -> /home/worlesenric/wkspace/gc-wt/gc-003/dotnet/tools/GameCore.ApiSnapshot/bin/Release/net8.0/GameCore.ApiSnapshot.dll
  GameCore.Content.Compiler -> /home/worlesenric/wkspace/gc-wt/gc-003/dotnet/src/GameCore.Content.Compiler/bin/Release/netstandard2.1/GameCore.Content.Compiler.dll
  GameCore.ProtocolFixtures.Production -> /home/worlesenric/wkspace/gc-wt/gc-003/dotnet/src/GameCore.ProtocolFixtures.Production/bin/Release/netstandard2.1/GameCore.ProtocolFixtures.Production.dll
  GameCore.ReferenceSeams -> /home/worlesenric/wkspace/gc-wt/gc-003/dotnet/src/GameCore.ReferenceSeams/bin/Release/netstandard2.1/GameCore.ReferenceSeams.dll
  GameCore.Content.Compiler.Tests -> /home/worlesenric/wkspace/gc-wt/gc-003/dotnet/tests/GameCore.Content.Compiler.Tests/bin/Release/net8.0/GameCore.Content.Compiler.Tests.dll
  GameCore.ProtocolFixtures.Production.Tests -> /home/worlesenric/wkspace/gc-wt/gc-003/dotnet/tests/GameCore.ProtocolFixtures.Production.Tests/bin/Release/net8.0/GameCore.ProtocolFixtures.Production.Tests.dll
  GameCore.ProtocolFixtures -> /home/worlesenric/wkspace/gc-wt/gc-003/dotnet/src/GameCore.ProtocolFixtures/bin/Release/netstandard2.1/GameCore.ProtocolFixtures.dll
  GameCore.Contracts.Tests -> /home/worlesenric/wkspace/gc-wt/gc-003/dotnet/tests/GameCore.Contracts.Tests/bin/Release/net8.0/GameCore.Contracts.Tests.dll
  GameCore.ReferenceSeams.Tests -> /home/worlesenric/wkspace/gc-wt/gc-003/dotnet/tests/GameCore.ReferenceSeams.Tests/bin/Release/net8.0/GameCore.ReferenceSeams.Tests.dll
  GameCore.ProtocolFixtures.Tests -> /home/worlesenric/wkspace/gc-wt/gc-003/dotnet/tests/GameCore.ProtocolFixtures.Tests/bin/Release/net8.0/GameCore.ProtocolFixtures.Tests.dll

Build succeeded.
    0 Warning(s)
    0 Error(s)

Time Elapsed 00:00:02.09
-- step 4/5: dotnet test (writes TRX results per test project)
  Determining projects to restore...
  All projects are up-to-date for restore.
  GameCore.Contracts -> /home/worlesenric/wkspace/gc-wt/gc-003/dotnet/src/GameCore.Contracts/bin/Release/netstandard2.1/GameCore.Contracts.dll
  GameCore.ReferenceSeams -> /home/worlesenric/wkspace/gc-wt/gc-003/dotnet/src/GameCore.ReferenceSeams/bin/Release/netstandard2.1/GameCore.ReferenceSeams.dll
  GameCore.ApiSnapshot -> /home/worlesenric/wkspace/gc-wt/gc-003/dotnet/tools/GameCore.ApiSnapshot/bin/Release/net8.0/GameCore.ApiSnapshot.dll
  GameCore.ProtocolFixtures.Production -> /home/worlesenric/wkspace/gc-wt/gc-003/dotnet/src/GameCore.ProtocolFixtures.Production/bin/Release/netstandard2.1/GameCore.ProtocolFixtures.Production.dll
  GameCore.Content.Compiler -> /home/worlesenric/wkspace/gc-wt/gc-003/dotnet/src/GameCore.Content.Compiler/bin/Release/netstandard2.1/GameCore.Content.Compiler.dll
  GameCore.ProtocolFixtures -> /home/worlesenric/wkspace/gc-wt/gc-003/dotnet/src/GameCore.ProtocolFixtures/bin/Release/netstandard2.1/GameCore.ProtocolFixtures.dll
  GameCore.Contracts.Tests -> /home/worlesenric/wkspace/gc-wt/gc-003/dotnet/tests/GameCore.Contracts.Tests/bin/Release/net8.0/GameCore.Contracts.Tests.dll
  GameCore.ReferenceSeams.Tests -> /home/worlesenric/wkspace/gc-wt/gc-003/dotnet/tests/GameCore.ReferenceSeams.Tests/bin/Release/net8.0/GameCore.ReferenceSeams.Tests.dll
Test run for /home/worlesenric/wkspace/gc-wt/gc-003/dotnet/tests/GameCore.Contracts.Tests/bin/Release/net8.0/GameCore.Contracts.Tests.dll (.NETCoreApp,Version=v8.0)
Test run for /home/worlesenric/wkspace/gc-wt/gc-003/dotnet/tests/GameCore.ReferenceSeams.Tests/bin/Release/net8.0/GameCore.ReferenceSeams.Tests.dll (.NETCoreApp,Version=v8.0)
  GameCore.ProtocolFixtures.Production.Tests -> /home/worlesenric/wkspace/gc-wt/gc-003/dotnet/tests/GameCore.ProtocolFixtures.Production.Tests/bin/Release/net8.0/GameCore.ProtocolFixtures.Production.Tests.dll
VSTest version 17.11.1 (x64)

  GameCore.ProtocolFixtures.Tests -> /home/worlesenric/wkspace/gc-wt/gc-003/dotnet/tests/GameCore.ProtocolFixtures.Tests/bin/Release/net8.0/GameCore.ProtocolFixtures.Tests.dll
  GameCore.Content.Compiler.Tests -> /home/worlesenric/wkspace/gc-wt/gc-003/dotnet/tests/GameCore.Content.Compiler.Tests/bin/Release/net8.0/GameCore.Content.Compiler.Tests.dll
VSTest version 17.11.1 (x64)

Test run for /home/worlesenric/wkspace/gc-wt/gc-003/dotnet/tests/GameCore.ProtocolFixtures.Production.Tests/bin/Release/net8.0/GameCore.ProtocolFixtures.Production.Tests.dll (.NETCoreApp,Version=v8.0)
Test run for /home/worlesenric/wkspace/gc-wt/gc-003/dotnet/tests/GameCore.ProtocolFixtures.Tests/bin/Release/net8.0/GameCore.ProtocolFixtures.Tests.dll (.NETCoreApp,Version=v8.0)
Test run for /home/worlesenric/wkspace/gc-wt/gc-003/dotnet/tests/GameCore.Content.Compiler.Tests/bin/Release/net8.0/GameCore.Content.Compiler.Tests.dll (.NETCoreApp,Version=v8.0)
Starting test execution, please wait...
A total of 1 test files matched the specified pattern.
VSTest version 17.11.1 (x64)

VSTest version 17.11.1 (x64)
Starting test execution, please wait...

VSTest version 17.11.1 (x64)

Starting test execution, please wait...
A total of 1 test files matched the specified pattern.
Starting test execution, please wait...
A total of 1 test files matched the specified pattern.
A total of 1 test files matched the specified pattern.
Starting test execution, please wait...
A total of 1 test files matched the specified pattern.
frozen types: 221, production types: 233
removed or changed lines: 0
added lines: 66
+  type header: type class GameCore.Contracts.BoundRegistration<TImplementation>
+  type class GameCore.Contracts.BoundRegistration<TImplementation> :: ctor public BoundRegistration`1(GameCore.Contracts.FactoryKey key, System.String stableName, TImplementation implementation)
+  type class GameCore.Contracts.BoundRegistration<TImplementation> :: property public GameCore.Contracts.FactoryKey Key { get; }
+  type class GameCore.Contracts.BoundRegistration<TImplementation> :: property public System.String StableName { get; }
+  type class GameCore.Contracts.BoundRegistration<TImplementation> :: property public TImplementation Implementation { get; }
+  type class GameCore.Contracts.BoundRegistration<TImplementation> :: method public System.String ToString()
+  type header: type class GameCore.Contracts.CatalogBuildResult
+  type class GameCore.Contracts.CatalogBuildResult :: property public GameCore.Contracts.ImmutableCatalog? Catalog { get; }
+  type class GameCore.Contracts.CatalogBuildResult :: property public System.Boolean Succeeded { get; }
+  type class GameCore.Contracts.CatalogBuildResult :: property public System.Collections.Generic.IReadOnlyList<GameCore.Contracts.Diagnostic> Diagnostics { get; }
+  type class GameCore.Contracts.CatalogBuildResult :: method public System.String Describe()
+  type class GameCore.Contracts.CatalogBuildResult :: method public static GameCore.Contracts.CatalogBuildResult Failure(System.Collections.Generic.IReadOnlyList<GameCore.Contracts.Diagnostic>? diagnostics)
+  type header: type class GameCore.Contracts.CatalogFingerprint [static]
+  type class GameCore.Contracts.CatalogFingerprint [static] :: field public const System.String Scope
+  type class GameCore.Contracts.CatalogFingerprint [static] :: method public static GameCore.Contracts.ContentHash Compute(System.Collections.Generic.IReadOnlyList<GameCore.Contracts.FactoryRegistration>? factories, System.Collections.Generic.IReadOnlyList<GameCore.Contracts.SchemaRegistration>? schemas, System.Collections.Generic.IReadOnlyList<GameCore.Contracts.Id128>? supportedFeatureIds)
+  type enum GameCore.Contracts.EnvelopeError : System.IComparable, System.IConvertible, System.IFormattable, System.ISpanFormattable :: enumvalue public DuplicateField = 17
+  type enum GameCore.Contracts.EnvelopeError : System.IComparable, System.IConvertible, System.IFormattable, System.ISpanFormattable :: enumvalue public MissingRequiredField = 16
+  type class GameCore.Contracts.EnvelopeReader :: method public System.Boolean TrySeekTo(System.Int32 offset)
+  type enum GameCore.Contracts.FactoryKind : System.IComparable, System.IConvertible, System.IFormattable, System.ISpanFormattable :: enumvalue public Handler = 10
+  type header: type class GameCore.Contracts.GeneratedEnvelopeReader [static]
+  type class GameCore.Contracts.GeneratedEnvelopeReader [static] :: method public static System.Boolean TryReadDeclaredFields(System.Byte[] document, GameCore.Contracts.SchemaRef schema, System.Collections.Generic.IReadOnlyList<GameCore.Contracts.Id128> knownFeatureIds, System.Collections.Generic.IReadOnlyList<GameCore.Contracts.GeneratedFieldSlot> declaredSlots, GameCore.Contracts.GeneratedFieldBuffer buffer, out GameCore.Contracts.EnvelopeError error)
+  type header: type class GameCore.Contracts.GeneratedFieldBuffer
+  type class GameCore.Contracts.GeneratedFieldBuffer :: ctor public GeneratedFieldBuffer()
+  type class GameCore.Contracts.GeneratedFieldBuffer :: property public System.Int32 Count { get; }
+  type class GameCore.Contracts.GeneratedFieldBuffer :: method public GameCore.Contracts.EnvelopeField Field(System.Int32 index)
+  type class GameCore.Contracts.GeneratedFieldBuffer :: method public System.Boolean Contains(System.Int32 fieldId)
+  type class GameCore.Contracts.GeneratedFieldBuffer :: method public System.Int32 RecordOffset(System.Int32 index)
+  type header: type struct GameCore.Contracts.GeneratedFieldSlot
+  type struct GameCore.Contracts.GeneratedFieldSlot :: field public readonly GameCore.Contracts.WireType Type
+  type struct GameCore.Contracts.GeneratedFieldSlot :: field public readonly System.Boolean Required
+  type struct GameCore.Contracts.GeneratedFieldSlot :: field public readonly System.Int32 FieldId
+  type struct GameCore.Contracts.GeneratedFieldSlot :: ctor public GeneratedFieldSlot(System.Int32 fieldId, GameCore.Contracts.WireType type, System.Boolean required)
+  type struct GameCore.Contracts.GeneratedFieldSlot :: method public System.String ToString()
+  type header: type class GameCore.Contracts.GeneratedSerializerBase : GameCore.Contracts.ISchemaSerializer
+  type class GameCore.Contracts.GeneratedSerializerBase : GameCore.Contracts.ISchemaSerializer :: property public GameCore.Contracts.FactoryKey Key { get; }
+  type class GameCore.Contracts.GeneratedSerializerBase : GameCore.Contracts.ISchemaSerializer :: property public GameCore.Contracts.SchemaRef Schema { get; }
+  type class GameCore.Contracts.GeneratedSerializerBase : GameCore.Contracts.ISchemaSerializer :: property public System.Collections.Generic.IReadOnlyList<GameCore.Contracts.Id128> KnownFeatureIds { get; }
+  type class GameCore.Contracts.GeneratedSerializerBase : GameCore.Contracts.ISchemaSerializer :: method public System.Boolean TryValidate(System.Byte[] document, out GameCore.Contracts.EnvelopeError error)
+  type header: type interface GameCore.Contracts.ISchemaSerializer
+  type interface GameCore.Contracts.ISchemaSerializer :: property public GameCore.Contracts.FactoryKey Key { get; }
+  type interface GameCore.Contracts.ISchemaSerializer :: property public GameCore.Contracts.SchemaRef Schema { get; }
+  type interface GameCore.Contracts.ISchemaSerializer :: method public System.Boolean TryValidate(System.Byte[] document, out GameCore.Contracts.EnvelopeError error)
+  type header: type class GameCore.Contracts.ImmutableCatalog : GameCore.Contracts.ICatalog
+  type class GameCore.Contracts.ImmutableCatalog : GameCore.Contracts.ICatalog :: property public GameCore.Contracts.ContentHash Fingerprint { get; }
+  type class GameCore.Contracts.ImmutableCatalog : GameCore.Contracts.ICatalog :: property public System.Collections.Generic.IReadOnlyList<GameCore.Contracts.FactoryRegistration> Factories { get; }
+  type class GameCore.Contracts.ImmutableCatalog : GameCore.Contracts.ICatalog :: property public System.Collections.Generic.IReadOnlyList<GameCore.Contracts.ISchemaSerializer> Serializers { get; }
+  type class GameCore.Contracts.ImmutableCatalog : GameCore.Contracts.ICatalog :: property public System.Collections.Generic.IReadOnlyList<GameCore.Contracts.Id128> SupportedFeatureIds { get; }
+  type class GameCore.Contracts.ImmutableCatalog : GameCore.Contracts.ICatalog :: property public System.Collections.Generic.IReadOnlyList<GameCore.Contracts.SchemaRegistration> Schemas { get; }
+  type class GameCore.Contracts.ImmutableCatalog : GameCore.Contracts.ICatalog :: method public GameCore.Contracts.CatalogLookup Lookup(GameCore.Contracts.FactoryKey key)
+  type class GameCore.Contracts.ImmutableCatalog : GameCore.Contracts.ICatalog :: method public GameCore.Contracts.CatalogLookup LookupSchema(GameCore.Contracts.SchemaRef schema)
+  type class GameCore.Contracts.ImmutableCatalog : GameCore.Contracts.ICatalog :: method public System.Boolean SupportsFeature(GameCore.Contracts.Id128 featureId)
+  type class GameCore.Contracts.ImmutableCatalog : GameCore.Contracts.ICatalog :: method public System.Boolean TryGetSerializer(GameCore.Contracts.SchemaRef schema, out GameCore.Contracts.ISchemaSerializer? serializer)
+  type class GameCore.Contracts.ImmutableCatalog : GameCore.Contracts.ICatalog :: method public System.Collections.Generic.IReadOnlyList<GameCore.Contracts.FactoryKey> FactoryKeysInCanonicalOrder()
+  type class GameCore.Contracts.ImmutableCatalog : GameCore.Contracts.ICatalog :: method public static GameCore.Contracts.CatalogBuildResult Build(System.Collections.Generic.IReadOnlyList<GameCore.Contracts.FactoryRegistration>? factories, System.Collections.Generic.IReadOnlyList<GameCore.Contracts.SchemaRegistration>? schemas, System.Collections.Generic.IReadOnlyList<GameCore.Contracts.Id128>? supportedFeatureIds, System.Collections.Generic.IReadOnlyList<GameCore.Contracts.ISchemaSerializer>? serializers)
+  type header: type class GameCore.Contracts.ManifestValidationReport
+  type class GameCore.Contracts.ManifestValidationReport :: property public System.Boolean IsValid { get; }
+  type class GameCore.Contracts.ManifestValidationReport :: property public System.Collections.Generic.IReadOnlyList<GameCore.Contracts.Diagnostic> Diagnostics { get; }
+  type class GameCore.Contracts.ManifestValidationReport :: property public System.Collections.Generic.IReadOnlyList<GameCore.Contracts.PluginTypeId> ValidatedPluginTypes { get; }
+  type class GameCore.Contracts.ManifestValidationReport :: method public System.String Describe()
+  type header: type class GameCore.Contracts.ManifestValidator [static]
+  type class GameCore.Contracts.ManifestValidator [static] :: method public static GameCore.Contracts.ManifestValidationReport Validate(System.Collections.Generic.IReadOnlyList<GameCore.Contracts.PluginManifest>? manifests, GameCore.Contracts.ICatalog catalog, System.Collections.Generic.IReadOnlyList<GameCore.Contracts.Id128>? supportedFeatureIds, GameCore.Contracts.ProtocolVersion protocol)
+  type header: type class GameCore.Contracts.StableNameKeyDerivation [static]
+  type class GameCore.Contracts.StableNameKeyDerivation [static] :: field public const System.String AllowedCharacters
+  type class GameCore.Contracts.StableNameKeyDerivation [static] :: field public const System.String Scope
+  type class GameCore.Contracts.StableNameKeyDerivation [static] :: method public static GameCore.Contracts.Id128 Derive(System.String stableName)
+  type class GameCore.Contracts.StableNameKeyDerivation [static] :: method public static System.Boolean IsCanonicalStableName(System.String? stableName)


Results File: /home/worlesenric/wkspace/gc-wt/gc-003/artifacts/gc-003/trx/_worlesenric_2026-09-25_06_15_01.trx

Passed!  - Failed:     0, Passed:    21, Skipped:     0, Total:    21, Duration: 212 ms - GameCore.ReferenceSeams.Tests.dll (net8.0)
Results File: /home/worlesenric/wkspace/gc-wt/gc-003/artifacts/gc-003/trx/_worlesenric_2026-09-25_06_15_01[1].trx

Passed!  - Failed:     0, Passed:    40, Skipped:     0, Total:    40, Duration: 195 ms - GameCore.Content.Compiler.Tests.dll (net8.0)
Results File: /home/worlesenric/wkspace/gc-wt/gc-003/artifacts/gc-003/trx/_worlesenric_2026-09-25_06_15_01[2].trx

Passed!  - Failed:     0, Passed:    10, Skipped:     0, Total:    10, Duration: 123 ms - GameCore.ProtocolFixtures.Production.Tests.dll (net8.0)
Results File: /home/worlesenric/wkspace/gc-wt/gc-003/artifacts/gc-003/trx/_worlesenric_2026-09-25_06_15_01[3].trx

Passed!  - Failed:     0, Passed:    45, Skipped:     0, Total:    45, Duration: 845 ms - GameCore.Contracts.Tests.dll (net8.0)
Results File: /home/worlesenric/wkspace/gc-wt/gc-003/artifacts/gc-003/trx/_worlesenric_2026-09-25_06_15_01[4].trx

Passed!  - Failed:     0, Passed:    10, Skipped:     0, Total:    10, Duration: 146 ms - GameCore.ProtocolFixtures.Tests.dll (net8.0)
-- step 5/5: Unity steps skipped (set UNITY to run codegen and the IL2CPP probe)
== GC-003 dotnet checks passed ==
