== GC-003 checks ==
repo      : /home/worlesenric/wkspace/gc-wt/gc-003
dotnet    : /home/worlesenric/.dotnet/dotnet
unity     : <not set: Unity steps skipped>
artifacts : /home/worlesenric/wkspace/gc-wt/gc-003/artifacts/gc-003
-- step 1/5: static host-side checks of the C# sources
checked 77 C# file(s)
14 problem(s):
  - dotnet/src/GameCore.Contracts/obj/Release/netstandard2.1/.NETStandard,Version=v2.1.AssemblyAttributes.cs: missing '#nullable enable'
  - dotnet/src/GameCore.Contracts/obj/Release/netstandard2.1/GameCore.Contracts.AssemblyInfo.cs: missing '#nullable enable'
  - dotnet/src/GameCore.Content.Compiler/obj/Release/netstandard2.1/.NETStandard,Version=v2.1.AssemblyAttributes.cs: missing '#nullable enable'
  - dotnet/src/GameCore.Content.Compiler/obj/Release/netstandard2.1/GameCore.Content.Compiler.AssemblyInfo.cs: missing '#nullable enable'
  - dotnet/tests/GameCore.Contracts.Tests/obj/Release/net8.0/.NETCoreApp,Version=v8.0.AssemblyAttributes.cs: missing '#nullable enable'
  - dotnet/tests/GameCore.Contracts.Tests/obj/Release/net8.0/GameCore.Contracts.Tests.AssemblyInfo.cs: missing '#nullable enable'
  - dotnet/tests/GameCore.Content.Compiler.Tests/obj/Release/net8.0/.NETCoreApp,Version=v8.0.AssemblyAttributes.cs: missing '#nullable enable'
  - dotnet/tests/GameCore.Content.Compiler.Tests/obj/Release/net8.0/GameCore.Content.Compiler.Tests.AssemblyInfo.cs: missing '#nullable enable'
  - dotnet/tests/GameCore.ProtocolFixtures.Production.Tests/obj/Release/net8.0/.NETCoreApp,Version=v8.0.AssemblyAttributes.cs: missing '#nullable enable'
  - dotnet/tests/GameCore.ProtocolFixtures.Production.Tests/obj/Release/net8.0/GameCore.ProtocolFixtures.Production.Tests.AssemblyInfo.cs: missing '#nullable enable'
  - dotnet/src/GameCore.ProtocolFixtures.Production/obj/Release/netstandard2.1/.NETStandard,Version=v2.1.AssemblyAttributes.cs: missing '#nullable enable'
  - dotnet/src/GameCore.ProtocolFixtures.Production/obj/Release/netstandard2.1/GameCore.ProtocolFixtures.Production.AssemblyInfo.cs: missing '#nullable enable'
  - dotnet/tools/GameCore.ApiSnapshot/obj/Release/net8.0/.NETCoreApp,Version=v8.0.AssemblyAttributes.cs: missing '#nullable enable'
  - dotnet/tools/GameCore.ApiSnapshot/obj/Release/net8.0/GameCore.ApiSnapshot.AssemblyInfo.cs: missing '#nullable enable'
