[2026-10-06T20:05:13.193Z][INFO] Command-line: ~/Unity/Hub/Editor/6000.0.75f1/Editor/Data/Resources/PackageManager/Server/UnityPackageManager -s 3805263 -ipc -ipc-path /tmp/Unity-Upm-3805263.sock -l 2 --log-file ~/wkspace/gc-studio/p4.2g/artifacts/studio/verification/W-AI-02/p42g-npc-evidence-20261006T200512.485799Z/upm.log
[2026-10-06T20:05:13.199Z][INFO] IPC server started (IPC path=/tmp/Unity-Upm-3805263.sock).
[2026-10-06T20:05:13.199Z][INFO] Hint: To connect to this UPM instance, launch Unity with the command-line parameter -upmIpcPath Upm-3805263.
[2026-10-06T20:05:14.064Z][INFO] project:add-dependency <-- Request received
params: {
  "packageId": "com.unity.toolchain.linux-x86_64"
}
[2026-10-06T20:05:33.673Z][INFO] project:add-dependency --> 200 (19609 ms)
[2026-10-06T20:05:33.983Z][INFO] project:list-packages <-- Request received
params: {}
[2026-10-06T20:05:34.033Z][INFO] project:list-packages <-- Request received
params: {}
[2026-10-06T20:05:34.043Z][INFO] project:list-packages <-- Request received
params: {}
[2026-10-06T20:05:34.053Z][INFO] config:project:get-registries <-- Request received
params: {}
[2026-10-06T20:05:34.083Z][INFO] config:project:get-registries --> 200 (30 ms)
[2026-10-06T20:05:34.768Z][INFO] project:list-packages --> 200 (785 ms)
[2026-10-06T20:05:35.036Z][INFO] project:list-packages --> 200 (1003 ms)
[2026-10-06T20:05:36.185Z][INFO] project:list-packages --> 200 (2142 ms)
[2026-10-06T20:05:39.146Z][INFO] project:list-packages <-- Request received
params: {}
[2026-10-06T20:05:39.511Z][INFO] project:list-packages --> 200 (365 ms)
[2026-10-06T20:05:42.232Z][INFO] project:list-packages <-- Request received
params: {}
[2026-10-06T20:05:42.243Z][INFO] project:list-packages <-- Request received
params: {}
[2026-10-06T20:05:42.276Z][INFO] config:project:get-registries <-- Request received
params: {}
[2026-10-06T20:05:42.288Z][INFO] config:project:get-registries --> 200 (12 ms)
[2026-10-06T20:05:43.116Z][INFO] project:list-packages --> 200 (884 ms)
[2026-10-06T20:05:43.171Z][INFO] project:list-packages --> 200 (928 ms)
[2026-10-06T20:05:45.263Z][INFO] project:list-packages <-- Request received
params: {}
[2026-10-06T20:05:45.276Z][INFO] project:list-packages <-- Request received
params: {}
[2026-10-06T20:05:45.533Z][INFO] project:list-packages --> 200 (270 ms)
[2026-10-06T20:05:59.628Z][INFO] project:list-packages --> 200 (14351 ms)
[2026-10-06T20:09:14.952Z][INFO] Received shutdown request (SIGINT), shutting down Unity Package Manager
