[2026-10-07T13:09:06.706Z][INFO] Command-line: ~/Unity/Hub/Editor/6000.0.75f1/Editor/Data/Resources/PackageManager/Server/UnityPackageManager -s 2776477 -ipc -ipc-path /tmp/Unity-Upm-2776477.sock -l 2 --log-file ~/wkspace/gc-studio/p4.2j/artifacts/studio/verification/W-MECH-01/p42j-stage-submit-cold-20261007T130905.791892Z/upm.log
[2026-10-07T13:09:06.715Z][INFO] IPC server started (IPC path=/tmp/Unity-Upm-2776477.sock).
[2026-10-07T13:09:06.715Z][INFO] Hint: To connect to this UPM instance, launch Unity with the command-line parameter -upmIpcPath Upm-2776477.
[2026-10-07T13:09:07.775Z][INFO] project:add-dependency <-- Request received
params: {
  "packageId": "com.unity.toolchain.linux-x86_64"
}
[2026-10-07T13:09:37.436Z][INFO] project:add-dependency --> 200 (29661 ms)
[2026-10-07T13:09:37.838Z][INFO] project:list-packages <-- Request received
params: {}
[2026-10-07T13:09:37.909Z][INFO] project:list-packages <-- Request received
params: {}
[2026-10-07T13:09:37.921Z][INFO] project:list-packages <-- Request received
params: {}
[2026-10-07T13:09:37.930Z][INFO] config:project:get-registries <-- Request received
params: {}
[2026-10-07T13:09:37.959Z][INFO] config:project:get-registries --> 200 (29 ms)
[2026-10-07T13:09:39.140Z][INFO] project:list-packages --> 200 (1302 ms)
[2026-10-07T13:09:39.512Z][INFO] project:list-packages --> 200 (1603 ms)
[2026-10-07T13:09:42.171Z][INFO] project:list-packages --> 200 (4251 ms)
[2026-10-07T13:09:43.872Z][INFO] project:list-packages <-- Request received
params: {}
[2026-10-07T13:09:44.309Z][INFO] project:list-packages --> 200 (437 ms)
[2026-10-07T13:09:47.536Z][INFO] project:list-packages <-- Request received
params: {}
[2026-10-07T13:09:47.546Z][INFO] project:list-packages <-- Request received
params: {}
[2026-10-07T13:09:47.557Z][INFO] config:project:get-registries <-- Request received
params: {}
[2026-10-07T13:09:47.576Z][INFO] config:project:get-registries --> 200 (19 ms)
[2026-10-07T13:09:48.199Z][INFO] project:list-packages --> 200 (653 ms)
[2026-10-07T13:09:52.191Z][INFO] project:list-packages <-- Request received
params: {}
[2026-10-07T13:09:52.201Z][INFO] project:list-packages <-- Request received
params: {}
[2026-10-07T13:09:52.916Z][INFO] project:list-packages --> 200 (726 ms)
[2026-10-07T13:10:04.135Z][INFO] Received shutdown request (SIGINT), shutting down Unity Package Manager
