[2026-10-07T06:15:48.863Z][INFO] Command-line: ~/Unity/Hub/Editor/6000.0.75f1/Editor/Data/Resources/PackageManager/Server/UnityPackageManager -s 1553271 -ipc -ipc-path /tmp/Unity-Upm-1553271.sock -l 2 --log-file ~/wkspace/gc-studio/p4.2i/artifacts/studio/verification/W-DOC-02/p42i-stage-submit-lever-20261007T061548.119706Z/upm.log
[2026-10-07T06:15:48.871Z][INFO] IPC server started (IPC path=/tmp/Unity-Upm-1553271.sock).
[2026-10-07T06:15:48.871Z][INFO] Hint: To connect to this UPM instance, launch Unity with the command-line parameter -upmIpcPath Upm-1553271.
[2026-10-07T06:15:49.861Z][INFO] project:add-dependency <-- Request received
params: {
  "packageId": "com.unity.toolchain.linux-x86_64"
}
[2026-10-07T06:16:17.124Z][INFO] project:add-dependency --> 200 (27264 ms)
[2026-10-07T06:16:17.401Z][INFO] project:list-packages <-- Request received
params: {}
[2026-10-07T06:16:17.453Z][INFO] project:list-packages <-- Request received
params: {}
[2026-10-07T06:16:17.463Z][INFO] project:list-packages <-- Request received
params: {}
[2026-10-07T06:16:17.473Z][INFO] config:project:get-registries <-- Request received
params: {}
[2026-10-07T06:16:17.495Z][INFO] config:project:get-registries --> 200 (22 ms)
[2026-10-07T06:16:18.558Z][INFO] project:list-packages --> 200 (1157 ms)
[2026-10-07T06:16:18.877Z][INFO] project:list-packages --> 200 (1424 ms)
[2026-10-07T06:16:20.708Z][INFO] project:list-packages <-- Request received
params: {}
[2026-10-07T06:16:20.820Z][INFO] project:list-packages --> 200 (3357 ms)
[2026-10-07T06:16:21.119Z][INFO] project:list-packages --> 200 (411 ms)
[2026-10-07T06:16:24.141Z][INFO] project:list-packages <-- Request received
params: {}
[2026-10-07T06:16:24.152Z][INFO] project:list-packages <-- Request received
params: {}
[2026-10-07T06:16:24.164Z][INFO] config:project:get-registries <-- Request received
params: {}
[2026-10-07T06:16:24.181Z][INFO] config:project:get-registries --> 200 (17 ms)
[2026-10-07T06:16:24.708Z][INFO] project:list-packages --> 200 (556 ms)
[2026-10-07T06:16:28.506Z][INFO] project:list-packages <-- Request received
params: {}
[2026-10-07T06:16:28.517Z][INFO] project:list-packages <-- Request received
params: {}
[2026-10-07T06:16:29.284Z][INFO] project:list-packages --> 200 (778 ms)
[2026-10-07T06:16:38.526Z][INFO] Received shutdown request (SIGINT), shutting down Unity Package Manager
