[2026-10-07T04:55:30.520Z][INFO] Command-line: ~/Unity/Hub/Editor/6000.0.75f1/Editor/Data/Resources/PackageManager/Server/UnityPackageManager -s 1295884 -ipc -ipc-path /tmp/Unity-Upm-1295884.sock -l 2 --log-file ~/wkspace/gc-studio/p4.2i/artifacts/studio/verification/W-EDIT-04/p42i-edit-lifecycle-20261007T045529.763068Z/upm.log
[2026-10-07T04:55:30.528Z][INFO] IPC server started (IPC path=/tmp/Unity-Upm-1295884.sock).
[2026-10-07T04:55:30.528Z][INFO] Hint: To connect to this UPM instance, launch Unity with the command-line parameter -upmIpcPath Upm-1295884.
[2026-10-07T04:55:31.346Z][INFO] project:add-dependency <-- Request received
params: {
  "packageId": "com.unity.toolchain.linux-x86_64"
}
[2026-10-07T04:56:12.764Z][INFO] project:add-dependency --> 200 (41419 ms)
[2026-10-07T04:56:13.186Z][INFO] project:list-packages <-- Request received
params: {}
[2026-10-07T04:56:13.308Z][INFO] project:list-packages <-- Request received
params: {}
[2026-10-07T04:56:13.334Z][INFO] project:list-packages <-- Request received
params: {}
[2026-10-07T04:56:13.344Z][INFO] config:project:get-registries <-- Request received
params: {}
[2026-10-07T04:56:13.416Z][INFO] config:project:get-registries --> 200 (72 ms)
[2026-10-07T04:56:14.724Z][INFO] project:list-packages --> 200 (1538 ms)
[2026-10-07T04:56:14.910Z][INFO] project:list-packages --> 200 (1602 ms)
[2026-10-07T04:56:21.982Z][INFO] project:list-packages <-- Request received
params: {}
[2026-10-07T04:56:22.529Z][INFO] project:list-packages --> 200 (547 ms)
[2026-10-07T04:56:25.363Z][INFO] project:list-packages --> 200 (12030 ms)
[2026-10-07T04:56:26.422Z][INFO] project:list-packages <-- Request received
params: {}
[2026-10-07T04:56:26.433Z][INFO] project:list-packages <-- Request received
params: {}
[2026-10-07T04:56:26.442Z][INFO] config:project:get-registries <-- Request received
params: {}
[2026-10-07T04:56:26.466Z][INFO] config:project:get-registries --> 200 (24 ms)
[2026-10-07T04:56:27.214Z][INFO] project:list-packages --> 200 (781 ms)
[2026-10-07T04:56:29.928Z][INFO] project:list-packages <-- Request received
params: {}
[2026-10-07T04:56:29.940Z][INFO] project:list-packages <-- Request received
params: {}
[2026-10-07T04:56:31.186Z][INFO] project:list-packages --> 200 (1258 ms)
[2026-10-07T04:56:36.676Z][INFO] project:list-packages <-- Request received
params: {}
[2026-10-07T04:56:37.009Z][INFO] project:list-packages --> 200 (333 ms)
[2026-10-07T04:56:37.192Z][INFO] project:list-packages <-- Request received
params: {}
[2026-10-07T04:56:37.203Z][INFO] project:list-packages <-- Request received
params: {}
[2026-10-07T04:56:37.213Z][INFO] config:project:get-registries <-- Request received
params: {}
[2026-10-07T04:56:37.240Z][INFO] config:project:get-registries --> 200 (27 ms)
[2026-10-07T04:56:37.852Z][INFO] project:list-packages --> 200 (650 ms)
[2026-10-07T04:56:38.675Z][INFO] project:list-packages --> 200 (1483 ms)
[2026-10-07T04:56:38.677Z][INFO] project:list-packages --> 200 (8737 ms)
[2026-10-07T04:56:38.679Z][INFO] project:list-packages --> 200 (12257 ms)
[2026-10-07T04:56:50.066Z][INFO] Received shutdown request (SIGINT), shutting down Unity Package Manager
