# gamecore.benchmark.trace/1
# label=gc023-world-observations
# frames=67
frame ordinal=0 epoch=1 step=0 sections=5 live-leases=9
frame ordinal=0 epoch=1 step=0 sections=5 stage-us=77;stage-samples=2;live-leases=9
frame ordinal=0 epoch=1 step=0 sections=5 stage-us=78;stage-samples=4;live-leases=9
frame ordinal=0 epoch=1 step=0 sections=5 stage-us=78;stage-samples=6;live-leases=9
frame ordinal=0 epoch=1 step=0 sections=5 stage-us=78;stage-samples=8;live-leases=9
frame ordinal=0 epoch=1 step=0 sections=5 stage-us=79;stage-samples=10;live-leases=9
frame ordinal=0 epoch=1 step=0 sections=5 stage-us=79;stage-samples=12;live-leases=9
frame ordinal=0 epoch=1 step=0 sections=5 stage-us=80;stage-samples=14;live-leases=9
frame ordinal=0 epoch=1 step=0 sections=5 stage-us=80;stage-samples=16;live-leases=9
frame ordinal=0 epoch=1 step=0 sections=5 stage-us=80;stage-samples=18;live-leases=9
frame ordinal=0 epoch=1 step=0 sections=5 stage-us=80;stage-samples=20;live-leases=9
frame ordinal=0 epoch=1 step=0 sections=5 stage-us=81;stage-samples=22;live-leases=9
frame ordinal=0 epoch=1 step=0 sections=5 stage-us=81;stage-samples=24;live-leases=9
frame ordinal=0 epoch=1 step=0 sections=5 stage-us=83;stage-samples=26;live-leases=9
frame ordinal=0 epoch=1 step=0 sections=5 stage-us=84;stage-samples=28;live-leases=9
frame ordinal=0 epoch=1 step=0 sections=5 stage-us=84;stage-samples=30;live-leases=9
frame ordinal=0 epoch=1 step=0 sections=5 stage-us=85;stage-samples=32;live-leases=9
frame ordinal=0 epoch=1 step=0 sections=5 stage-us=85;stage-samples=34;live-leases=9
frame ordinal=0 epoch=1 step=0 sections=5 stage-us=86;stage-samples=36;live-leases=9
frame ordinal=0 epoch=1 step=0 sections=5 stage-us=87;stage-samples=38;live-leases=9
frame ordinal=0 epoch=1 step=0 sections=5 stage-us=87;stage-samples=40;live-leases=9
frame ordinal=0 epoch=1 step=0 sections=5 stage-us=88;stage-samples=42;live-leases=9
frame ordinal=0 epoch=1 step=0 sections=5 stage-us=88;stage-samples=44;live-leases=9
frame ordinal=0 epoch=1 step=0 sections=5 stage-us=88;stage-samples=46;live-leases=9
frame ordinal=0 epoch=1 step=0 sections=5 stage-us=88;stage-samples=48;live-leases=9
frame ordinal=0 epoch=1 step=0 sections=5 stage-us=88;stage-samples=50;live-leases=9
frame ordinal=0 epoch=1 step=0 sections=5 stage-us=88;stage-samples=52;live-leases=9
frame ordinal=0 epoch=1 step=0 sections=5 stage-us=89;stage-samples=54;live-leases=9
frame ordinal=0 epoch=1 step=0 sections=5 stage-us=89;stage-samples=56;live-leases=9
frame ordinal=0 epoch=1 step=0 sections=5 stage-us=89;stage-samples=58;live-leases=9
frame ordinal=0 epoch=1 step=0 sections=5 stage-us=90;stage-samples=60;live-leases=9
frame ordinal=0 epoch=1 step=0 sections=5 stage-us=91;stage-samples=62;live-leases=9
frame ordinal=0 epoch=1 step=0 sections=5 stage-us=92;stage-samples=64;live-leases=9
frame ordinal=0 epoch=1 step=0 sections=5 stage-us=92;stage-samples=66;live-leases=9
frame ordinal=0 epoch=1 step=0 sections=5 stage-us=93;stage-samples=68;live-leases=9
frame ordinal=0 epoch=1 step=0 sections=5 stage-us=93;stage-samples=70;live-leases=9
frame ordinal=0 epoch=1 step=0 sections=5 stage-us=94;stage-samples=72;live-leases=9
frame ordinal=0 epoch=1 step=0 sections=5 stage-us=95;stage-samples=74;live-leases=9
frame ordinal=0 epoch=1 step=0 sections=5 stage-us=96;stage-samples=76;live-leases=9
frame ordinal=0 epoch=1 step=0 sections=5 stage-us=97;stage-samples=78;live-leases=9
frame ordinal=0 epoch=1 step=0 sections=5 stage-us=98;stage-samples=80;live-leases=9
frame ordinal=0 epoch=1 step=0 sections=5 stage-us=99;stage-samples=82;live-leases=9
frame ordinal=0 epoch=1 step=0 sections=5 stage-us=99;stage-samples=84;live-leases=9
frame ordinal=0 epoch=1 step=0 sections=5 stage-us=100;stage-samples=86;live-leases=9
frame ordinal=0 epoch=1 step=0 sections=5 stage-us=101;stage-samples=88;live-leases=9
frame ordinal=0 epoch=1 step=0 sections=5 stage-us=102;stage-samples=90;live-leases=9
frame ordinal=0 epoch=1 step=0 sections=5 stage-us=103;stage-samples=92;live-leases=9
frame ordinal=0 epoch=1 step=0 sections=5 stage-us=103;stage-samples=94;live-leases=9
frame ordinal=0 epoch=1 step=0 sections=5 stage-us=104;stage-samples=96;live-leases=9
frame ordinal=0 epoch=1 step=0 sections=5 stage-us=105;stage-samples=98;live-leases=9
frame ordinal=0 epoch=1 step=0 sections=5 stage-us=106;stage-samples=100;live-leases=9
frame ordinal=0 epoch=1 step=0 sections=5 stage-us=107;stage-samples=102;live-leases=9
frame ordinal=0 epoch=1 step=0 sections=5 stage-us=107;stage-samples=104;live-leases=9
frame ordinal=0 epoch=1 step=0 sections=5 stage-us=107;stage-samples=106;live-leases=9
frame ordinal=0 epoch=1 step=0 sections=5 stage-us=107;stage-samples=108;live-leases=9
frame ordinal=0 epoch=1 step=0 sections=5 stage-us=108;stage-samples=110;live-leases=9
frame ordinal=0 epoch=1 step=0 sections=5 stage-us=108;stage-samples=112;live-leases=9
frame ordinal=0 epoch=1 step=0 sections=5 stage-us=109;stage-samples=114;live-leases=9
frame ordinal=0 epoch=1 step=0 sections=5 stage-us=109;stage-samples=116;live-leases=9
frame ordinal=0 epoch=1 step=0 sections=5 stage-us=110;stage-samples=118;live-leases=9
frame ordinal=0 epoch=1 step=0 sections=5 stage-us=110;stage-samples=120;live-leases=9
frame ordinal=0 epoch=1 step=0 sections=5 stage-us=110;stage-samples=122;live-leases=9
frame ordinal=0 epoch=1 step=0 sections=5 stage-us=110;stage-samples=124;live-leases=9
frame ordinal=0 epoch=1 step=0 sections=5 stage-us=111;stage-samples=126;live-leases=9
frame ordinal=0 epoch=1 step=0 sections=5 stage-us=111;stage-samples=128;live-leases=9
frame ordinal=0 epoch=1 step=0 sections=5 stage-us=111;stage-samples=128;live-leases=9
frame ordinal=0 epoch=1 step=1 sections=5 steps-advanced=1;stage-us=181;stage-samples=133;job-wait-samples=1;live-leases=9
summary frames=67 chain=66d2144bc5e2e58c2761dce150cedfa1dfbf4f39363607c8d25adc5cf81d0417
