<?xml version="1.0" encoding="utf-8"?>
<TestRun id="ea8fb65e-6793-4e98-b89b-c3097b95a83f" name="@worlesenric 2026-09-26 04:13:51" xmlns="http://microsoft.com/schemas/VisualStudio/TeamTest/2010">
  <Times creation="2026-09-26T04:13:51.1643682+08:00" queuing="2026-09-26T04:13:51.1643683+08:00" start="2026-09-26T04:13:50.1755222+08:00" finish="2026-09-26T04:13:51.2186363+08:00" />
  <TestSettings name="default" id="e1981168-e448-42db-b229-3d63b4a3034c">
    <Deployment runDeploymentRoot="_worlesenric_2026-09-26_04_13_51" />
  </TestSettings>
  <Results>
    <UnitTestResult executionId="159c6e69-256d-4d5f-b579-f968a8b5e5fe" testId="81d9775d-fafb-4492-c4a9-db15a201f522" testName="TheTableVersionIsCheckedBeforeEverythingElse" computerName="worlesenric" duration="00:00:00.0001950" startTime="2026-09-26T04:13:51.1320009+08:00" endTime="2026-09-26T04:13:51.1321957+08:00" testType="13cdc9d9-ddb5-4fa4-a97d-d965ccfc6d4b" outcome="Passed" testListId="8c84fa94-04c1-424b-9868-57a2d4851a1d" relativeResultsDirectory="159c6e69-256d-4d5f-b579-f968a8b5e5fe" />
    <UnitTestResult executionId="4a68310d-85d1-40c8-94e9-e9ce358ce62f" testId="c6d576f9-0715-758d-504d-e37239a8782e" testName="TheContestWinnerIsTheSmallestSeatThenTheSmallestSequence" computerName="worlesenric" duration="00:00:00.0003740" startTime="2026-09-26T04:13:51.1298237+08:00" endTime="2026-09-26T04:13:51.1301975+08:00" testType="13cdc9d9-ddb5-4fa4-a97d-d965ccfc6d4b" outcome="Passed" testListId="8c84fa94-04c1-424b-9868-57a2d4851a1d" relativeResultsDirectory="4a68310d-85d1-40c8-94e9-e9ce358ce62f" />
    <UnitTestResult executionId="779c4948-1ffd-41d1-abce-eac4c2f5e209" testId="8a6e0247-5f61-fe0a-3640-6b7f0e3bfdee" testName="TheRegisteredReducerReportsItsKeyAndNameAndDelegates" computerName="worlesenric" duration="00:00:00.0013560" startTime="2026-09-26T04:13:51.1306258+08:00" endTime="2026-09-26T04:13:51.1319815+08:00" testType="13cdc9d9-ddb5-4fa4-a97d-d965ccfc6d4b" outcome="Passed" testListId="8c84fa94-04c1-424b-9868-57a2d4851a1d" relativeResultsDirectory="779c4948-1ffd-41d1-abce-eac4c2f5e209" />
    <UnitTestResult executionId="61d7f729-90f1-41ce-ad53-8e2abe85e1b2" testId="f5e87bae-7c1d-c948-ada3-208533d624d7" testName="TheEmptyWriteSetIsCanonicalAndBounded" computerName="worlesenric" duration="00:00:00.0002780" startTime="2026-09-26T04:13:51.1303364+08:00" endTime="2026-09-26T04:13:51.1306143+08:00" testType="13cdc9d9-ddb5-4fa4-a97d-d965ccfc6d4b" outcome="Passed" testListId="8c84fa94-04c1-424b-9868-57a2d4851a1d" relativeResultsDirectory="61d7f729-90f1-41ce-ad53-8e2abe85e1b2" />
    <UnitTestResult executionId="cad2d53d-9d80-4ae9-851e-c72dfa183680" testId="7c434f2a-1b10-74e0-400f-92915459aa10" testName="EveryRejectedSettlementWritesNothing" computerName="worlesenric" duration="00:00:00.0021180" startTime="2026-09-26T04:13:51.1189184+08:00" endTime="2026-09-26T04:13:51.1210367+08:00" testType="13cdc9d9-ddb5-4fa4-a97d-d965ccfc6d4b" outcome="Passed" testListId="8c84fa94-04c1-424b-9868-57a2d4851a1d" relativeResultsDirectory="cad2d53d-9d80-4ae9-851e-c72dfa183680" />
    <UnitTestResult executionId="1e776cf8-b354-4e41-92ec-2fb533b6a1d0" testId="9de09990-f712-f6fe-6d51-5373284917a8" testName="TheDocumentedBoundsAreUnchanged" computerName="worlesenric" duration="00:00:00.0001170" startTime="2026-09-26T04:13:51.1302097+08:00" endTime="2026-09-26T04:13:51.1303271+08:00" testType="13cdc9d9-ddb5-4fa4-a97d-d965ccfc6d4b" outcome="Passed" testListId="8c84fa94-04c1-424b-9868-57a2d4851a1d" relativeResultsDirectory="1e776cf8-b354-4e41-92ec-2fb533b6a1d0" />
    <UnitTestResult executionId="643a89bc-783e-4f9c-b2e0-647149544b6a" testId="c91a7a90-7f22-6a86-4603-af8f26b20c9d" testName="AMalformedSetIsReportedBeforeTheTurnViolation" computerName="worlesenric" duration="00:00:00.0025930" startTime="2026-09-26T04:13:51.0638492+08:00" endTime="2026-09-26T04:13:51.0664428+08:00" testType="13cdc9d9-ddb5-4fa4-a97d-d965ccfc6d4b" outcome="Passed" testListId="8c84fa94-04c1-424b-9868-57a2d4851a1d" relativeResultsDirectory="643a89bc-783e-4f9c-b2e0-647149544b6a" />
    <UnitTestResult executionId="2068104e-bed9-4c45-9c8f-dac1ceb77153" testId="eb1d00e8-3f5a-6e94-af5b-e262b6fde077" testName="DocumentedBonusValuesAndStratumAreUnchanged" computerName="worlesenric" duration="00:00:00.0012120" startTime="2026-09-26T04:13:50.9984810+08:00" endTime="2026-09-26T04:13:50.9996937+08:00" testType="13cdc9d9-ddb5-4fa4-a97d-d965ccfc6d4b" outcome="Passed" testListId="8c84fa94-04c1-424b-9868-57a2d4851a1d" relativeResultsDirectory="2068104e-bed9-4c45-9c8f-dac1ceb77153" />
    <UnitTestResult executionId="41aa0eef-ccc2-438c-b6b2-666241881277" testId="ae904a00-c94e-4814-d2a7-96f6c7b2f93f" testName="TransferCommitsRemoveThenAddThenAdvance" computerName="worlesenric" duration="00:00:00.0003940" startTime="2026-09-26T04:13:51.1322108+08:00" endTime="2026-09-26T04:13:51.1326050+08:00" testType="13cdc9d9-ddb5-4fa4-a97d-d965ccfc6d4b" outcome="Passed" testListId="8c84fa94-04c1-424b-9868-57a2d4851a1d" relativeResultsDirectory="41aa0eef-ccc2-438c-b6b2-666241881277" />
    <UnitTestResult executionId="a656f641-c0a5-4d1e-ad8c-2eac311e6d0e" testId="2c0569f4-5ee7-f3c0-f602-c80155892da9" testName="ContestResolutionIsIndependentOfCandidateOrder" computerName="worlesenric" duration="00:00:00.0051940" startTime="2026-09-26T04:13:51.1128332+08:00" endTime="2026-09-26T04:13:51.1180274+08:00" testType="13cdc9d9-ddb5-4fa4-a97d-d965ccfc6d4b" outcome="Passed" testListId="8c84fa94-04c1-424b-9868-57a2d4851a1d" relativeResultsDirectory="a656f641-c0a5-4d1e-ad8c-2eac311e6d0e" />
    <UnitTestResult executionId="9ba6fc0b-192e-42f2-8a77-f8a74087aa50" testId="d20aa38d-f63e-f0cf-f1ed-d365b54c45c7" testName="TypedWrappersAndTheirRawFactoriesAgree" computerName="worlesenric" duration="00:00:00.0023869" startTime="2026-09-26T04:13:51.0200154+08:00" endTime="2026-09-26T04:13:51.0224029+08:00" testType="13cdc9d9-ddb5-4fa4-a97d-d965ccfc6d4b" outcome="Passed" testListId="8c84fa94-04c1-424b-9868-57a2d4851a1d" relativeResultsDirectory="9ba6fc0b-192e-42f2-8a77-f8a74087aa50" />
    <UnitTestResult executionId="0b109ccf-8d4a-4190-8519-98f5e2ea9c1b" testId="519a552f-32a6-4257-fa11-72fdcf4dc9de" testName="SetScoreDeltaAddsTheEffectiveBonusAndNeverWraps" computerName="worlesenric" duration="00:00:00.0006350" startTime="2026-09-26T04:13:51.1267566+08:00" endTime="2026-09-26T04:13:51.1273919+08:00" testType="13cdc9d9-ddb5-4fa4-a97d-d965ccfc6d4b" outcome="Passed" testListId="8c84fa94-04c1-424b-9868-57a2d4851a1d" relativeResultsDirectory="0b109ccf-8d4a-4190-8519-98f5e2ea9c1b" />
    <UnitTestResult executionId="3d5bc660-9555-4a77-9296-1b7bdd7052c0" testId="ff51cdde-eb71-e72d-af96-01bb17b37104" testName="ContestRejectionsAreReportedInOrder" computerName="worlesenric" duration="00:00:00.0003570" startTime="2026-09-26T04:13:51.1058383+08:00" endTime="2026-09-26T04:13:51.1061957+08:00" testType="13cdc9d9-ddb5-4fa4-a97d-d965ccfc6d4b" outcome="Passed" testListId="8c84fa94-04c1-424b-9868-57a2d4851a1d" relativeResultsDirectory="3d5bc660-9555-4a77-9296-1b7bdd7052c0" />
    <UnitTestResult executionId="8a8556ca-a5e5-482c-b263-9a852d1b3884" testId="1e073206-7bbe-c476-5a97-a74fbb9a7f62" testName="VersionedReferencesCarryTheirVersionAndTheFirstRevision" computerName="worlesenric" duration="00:00:00.0043530" startTime="2026-09-26T04:13:51.0298299+08:00" endTime="2026-09-26T04:13:51.0341830+08:00" testType="13cdc9d9-ddb5-4fa4-a97d-d965ccfc6d4b" outcome="Passed" testListId="8c84fa94-04c1-424b-9868-57a2d4851a1d" relativeResultsDirectory="8a8556ca-a5e5-482c-b263-9a852d1b3884" />
    <UnitTestResult executionId="646e77b4-4ede-478d-86b9-8b3b87c275fa" testId="92d02aab-b8f7-7ef6-1793-83543221d144" testName="IdMatchesTheIndependentlyComputedSha256Derivation" computerName="worlesenric" duration="00:00:00.0013360" startTime="2026-09-26T04:13:51.0094756+08:00" endTime="2026-09-26T04:13:51.0108123+08:00" testType="13cdc9d9-ddb5-4fa4-a97d-d965ccfc6d4b" outcome="Passed" testListId="8c84fa94-04c1-424b-9868-57a2d4851a1d" relativeResultsDirectory="646e77b4-4ede-478d-86b9-8b3b87c275fa" />
    <UnitTestResult executionId="2c6d2f4c-edec-44ca-85c6-41e46e0fbce7" testId="db4d8ecc-8e46-a328-adac-b0c5cf025971" testName="AContestWithoutPairedCandidatesIsRejected" computerName="worlesenric" duration="00:00:00.0080230" startTime="2026-09-26T04:13:51.0478886+08:00" endTime="2026-09-26T04:13:51.0559113+08:00" testType="13cdc9d9-ddb5-4fa4-a97d-d965ccfc6d4b" outcome="Passed" testListId="8c84fa94-04c1-424b-9868-57a2d4851a1d" relativeResultsDirectory="2c6d2f4c-edec-44ca-85c6-41e46e0fbce7" />
    <UnitTestResult executionId="b53242ed-fca5-4ea2-9cf9-f074606a111c" testId="0da8ddd5-6def-6ce3-b99f-118776896ef9" testName="ATransferIntoAHandAtCapacityIsAcceptedOnlyBelowTheBound" computerName="worlesenric" duration="00:00:00.0022269" startTime="2026-09-26T04:13:51.0828314+08:00" endTime="2026-09-26T04:13:51.0850582+08:00" testType="13cdc9d9-ddb5-4fa4-a97d-d965ccfc6d4b" outcome="Passed" testListId="8c84fa94-04c1-424b-9868-57a2d4851a1d" relativeResultsDirectory="b53242ed-fca5-4ea2-9cf9-f074606a111c" />
    <UnitTestResult executionId="00a1f463-ce7d-4165-bdad-952526e27b88" testId="3d864deb-efa9-9780-e717-f62815f16940" testName="ASelfAddressedTransferIsRejectedEvenWhenTheHandIsFull" computerName="worlesenric" duration="00:00:00.0011230" startTime="2026-09-26T04:13:51.0707579+08:00" endTime="2026-09-26T04:13:51.0718806+08:00" testType="13cdc9d9-ddb5-4fa4-a97d-d965ccfc6d4b" outcome="Passed" testListId="8c84fa94-04c1-424b-9868-57a2d4851a1d" relativeResultsDirectory="00a1f463-ce7d-4165-bdad-952526e27b88" />
    <UnitTestResult executionId="91e99982-0ae9-4b4f-adef-3be466a389c3" testId="9ea90c2f-3d98-451a-1d0e-4ae62c25e5fb" testName="TheBoundedCandidateCheckPrecedesTheCommandRules" computerName="worlesenric" duration="00:00:00.0002080" startTime="2026-09-26T04:13:51.1295983+08:00" endTime="2026-09-26T04:13:51.1298059+08:00" testType="13cdc9d9-ddb5-4fa4-a97d-d965ccfc6d4b" outcome="Passed" testListId="8c84fa94-04c1-424b-9868-57a2d4851a1d" relativeResultsDirectory="91e99982-0ae9-4b4f-adef-3be466a389c3" />
    <UnitTestResult executionId="ad00d766-0866-4f14-9163-5fae9e00b7c0" testId="140d8673-578b-9eef-bed7-670bb9b1a2b5" testName="VocabulariesAreByteIdenticalToTheGc006CardFixture" computerName="worlesenric" duration="00:00:00.0009810" startTime="2026-09-26T04:13:51.0399983+08:00" endTime="2026-09-26T04:13:51.0409795+08:00" testType="13cdc9d9-ddb5-4fa4-a97d-d965ccfc6d4b" outcome="Passed" testListId="8c84fa94-04c1-424b-9868-57a2d4851a1d" relativeResultsDirectory="ad00d766-0866-4f14-9163-5fae9e00b7c0" />
    <UnitTestResult executionId="00d69a40-6ede-4ca3-bbca-b47e73dc09ee" testId="ccdc1d9e-e387-2864-866e-b68fad7ed8aa" testName="DerivedStableIdentitiesMatchTheContractAndSlotDerivations" computerName="worlesenric" duration="00:00:00.0175570" startTime="2026-09-26T04:13:50.9718277+08:00" endTime="2026-09-26T04:13:50.9893849+08:00" testType="13cdc9d9-ddb5-4fa4-a97d-d965ccfc6d4b" outcome="Passed" testListId="8c84fa94-04c1-424b-9868-57a2d4851a1d" relativeResultsDirectory="00d69a40-6ede-4ca3-bbca-b47e73dc09ee" />
    <UnitTestResult executionId="b116be3b-886b-4d77-b052-d0a7fc2fa887" testId="d8679568-559e-a42d-708b-f4f890457899" testName="AProviderInstallationSharesItsInstanceIdentity" computerName="worlesenric" duration="00:00:00.0309680" startTime="2026-09-26T04:13:50.9358444+08:00" endTime="2026-09-26T04:13:50.9667585+08:00" testType="13cdc9d9-ddb5-4fa4-a97d-d965ccfc6d4b" outcome="Passed" testListId="8c84fa94-04c1-424b-9868-57a2d4851a1d" relativeResultsDirectory="b116be3b-886b-4d77-b052-d0a7fc2fa887" />
    <UnitTestResult executionId="06f59d3d-ac85-43da-a76e-14d227f2ec70" testId="9adef63f-c360-f752-76a7-e14d6cd25dc7" testName="TryReduceBonusFoldsTheContributionsInAscendingIndexOrder" computerName="worlesenric" duration="00:00:00.0004420" startTime="2026-09-26T04:13:51.1326203+08:00" endTime="2026-09-26T04:13:51.1330626+08:00" testType="13cdc9d9-ddb5-4fa4-a97d-d965ccfc6d4b" outcome="Passed" testListId="8c84fa94-04c1-424b-9868-57a2d4851a1d" relativeResultsDirectory="06f59d3d-ac85-43da-a76e-14d227f2ec70" />
    <UnitTestResult executionId="7b364b2b-c257-49c8-889f-6fc602f2eff5" testId="af25eb29-465a-ffa4-3298-3d34cff67abe" testName="TheAlwaysPredicateReportsItsKeyAndNameAndAcceptsEveryTarget" computerName="worlesenric" duration="00:00:00.0002900" startTime="2026-09-26T04:13:51.1292882+08:00" endTime="2026-09-26T04:13:51.1295779+08:00" testType="13cdc9d9-ddb5-4fa4-a97d-d965ccfc6d4b" outcome="Passed" testListId="8c84fa94-04c1-424b-9868-57a2d4851a1d" relativeResultsDirectory="7b364b2b-c257-49c8-889f-6fc602f2eff5" />
    <UnitTestResult executionId="55f95fe9-d64a-4f45-9a6a-772fcd66799f" testId="91a2378d-be3a-eab0-d604-6f1aea50c735" testName="CardHandToleratesNullAndReportsMembership" computerName="worlesenric" duration="00:00:00.0048800" startTime="2026-09-26T04:13:51.0918650+08:00" endTime="2026-09-26T04:13:51.0967449+08:00" testType="13cdc9d9-ddb5-4fa4-a97d-d965ccfc6d4b" outcome="Passed" testListId="8c84fa94-04c1-424b-9868-57a2d4851a1d" relativeResultsDirectory="55f95fe9-d64a-4f45-9a6a-772fcd66799f" />
    <UnitTestResult executionId="583a4df2-9c7f-40aa-b017-da4fda34131e" testId="ee6ecdf7-4840-eabd-7df0-fdca90ac935a" testName="SubmitSetCommitsRemovalsInAscendingCardOrderThenScoreThenAdvance" computerName="worlesenric" duration="00:00:00.0018440" startTime="2026-09-26T04:13:51.1274176+08:00" endTime="2026-09-26T04:13:51.1292614+08:00" testType="13cdc9d9-ddb5-4fa4-a97d-d965ccfc6d4b" outcome="Passed" testListId="8c84fa94-04c1-424b-9868-57a2d4851a1d" relativeResultsDirectory="583a4df2-9c7f-40aa-b017-da4fda34131e" />
  </Results>
  <TestDefinitions>
    <UnitTest name="AProviderInstallationSharesItsInstanceIdentity" storage="/home/worlesenric/wkspace/gc-wt/gc-017/dotnet/tests/gamecore.rules.cards.tests/bin/release/net8.0/gamecore.rules.cards.tests.dll" id="d8679568-559e-a42d-708b-f4f890457899">
      <Execution id="b116be3b-886b-4d77-b052-d0a7fc2fa887" />
      <TestMethod codeBase="/home/worlesenric/wkspace/gc-wt/gc-017/dotnet/tests/GameCore.Rules.Cards.Tests/bin/Release/net8.0/GameCore.Rules.Cards.Tests.dll" adapterTypeName="executor://nunit3testexecutor/" className="GameCore.Rules.Cards.Tests.CardIdentityTests" name="AProviderInstallationSharesItsInstanceIdentity" />
    </UnitTest>
    <UnitTest name="TheContestWinnerIsTheSmallestSeatThenTheSmallestSequence" storage="/home/worlesenric/wkspace/gc-wt/gc-017/dotnet/tests/gamecore.rules.cards.tests/bin/release/net8.0/gamecore.rules.cards.tests.dll" id="c6d576f9-0715-758d-504d-e37239a8782e">
      <Execution id="4a68310d-85d1-40c8-94e9-e9ce358ce62f" />
      <TestMethod codeBase="/home/worlesenric/wkspace/gc-wt/gc-017/dotnet/tests/GameCore.Rules.Cards.Tests/bin/Release/net8.0/GameCore.Rules.Cards.Tests.dll" adapterTypeName="executor://nunit3testexecutor/" className="GameCore.Rules.Cards.Tests.CardRulesTests" name="TheContestWinnerIsTheSmallestSeatThenTheSmallestSequence" />
    </UnitTest>
    <UnitTest name="TransferCommitsRemoveThenAddThenAdvance" storage="/home/worlesenric/wkspace/gc-wt/gc-017/dotnet/tests/gamecore.rules.cards.tests/bin/release/net8.0/gamecore.rules.cards.tests.dll" id="ae904a00-c94e-4814-d2a7-96f6c7b2f93f">
      <Execution id="41aa0eef-ccc2-438c-b6b2-666241881277" />
      <TestMethod codeBase="/home/worlesenric/wkspace/gc-wt/gc-017/dotnet/tests/GameCore.Rules.Cards.Tests/bin/Release/net8.0/GameCore.Rules.Cards.Tests.dll" adapterTypeName="executor://nunit3testexecutor/" className="GameCore.Rules.Cards.Tests.CardRulesTests" name="TransferCommitsRemoveThenAddThenAdvance" />
    </UnitTest>
    <UnitTest name="EveryRejectedSettlementWritesNothing" storage="/home/worlesenric/wkspace/gc-wt/gc-017/dotnet/tests/gamecore.rules.cards.tests/bin/release/net8.0/gamecore.rules.cards.tests.dll" id="7c434f2a-1b10-74e0-400f-92915459aa10">
      <Execution id="cad2d53d-9d80-4ae9-851e-c72dfa183680" />
      <TestMethod codeBase="/home/worlesenric/wkspace/gc-wt/gc-017/dotnet/tests/GameCore.Rules.Cards.Tests/bin/Release/net8.0/GameCore.Rules.Cards.Tests.dll" adapterTypeName="executor://nunit3testexecutor/" className="GameCore.Rules.Cards.Tests.CardRulesTests" name="EveryRejectedSettlementWritesNothing" />
    </UnitTest>
    <UnitTest name="TypedWrappersAndTheirRawFactoriesAgree" storage="/home/worlesenric/wkspace/gc-wt/gc-017/dotnet/tests/gamecore.rules.cards.tests/bin/release/net8.0/gamecore.rules.cards.tests.dll" id="d20aa38d-f63e-f0cf-f1ed-d365b54c45c7">
      <Execution id="9ba6fc0b-192e-42f2-8a77-f8a74087aa50" />
      <TestMethod codeBase="/home/worlesenric/wkspace/gc-wt/gc-017/dotnet/tests/GameCore.Rules.Cards.Tests/bin/Release/net8.0/GameCore.Rules.Cards.Tests.dll" adapterTypeName="executor://nunit3testexecutor/" className="GameCore.Rules.Cards.Tests.CardIdentityTests" name="TypedWrappersAndTheirRawFactoriesAgree" />
    </UnitTest>
    <UnitTest name="TheBoundedCandidateCheckPrecedesTheCommandRules" storage="/home/worlesenric/wkspace/gc-wt/gc-017/dotnet/tests/gamecore.rules.cards.tests/bin/release/net8.0/gamecore.rules.cards.tests.dll" id="9ea90c2f-3d98-451a-1d0e-4ae62c25e5fb">
      <Execution id="91e99982-0ae9-4b4f-adef-3be466a389c3" />
      <TestMethod codeBase="/home/worlesenric/wkspace/gc-wt/gc-017/dotnet/tests/GameCore.Rules.Cards.Tests/bin/Release/net8.0/GameCore.Rules.Cards.Tests.dll" adapterTypeName="executor://nunit3testexecutor/" className="GameCore.Rules.Cards.Tests.CardRulesTests" name="TheBoundedCandidateCheckPrecedesTheCommandRules" />
    </UnitTest>
    <UnitTest name="ASelfAddressedTransferIsRejectedEvenWhenTheHandIsFull" storage="/home/worlesenric/wkspace/gc-wt/gc-017/dotnet/tests/gamecore.rules.cards.tests/bin/release/net8.0/gamecore.rules.cards.tests.dll" id="3d864deb-efa9-9780-e717-f62815f16940">
      <Execution id="00a1f463-ce7d-4165-bdad-952526e27b88" />
      <TestMethod codeBase="/home/worlesenric/wkspace/gc-wt/gc-017/dotnet/tests/GameCore.Rules.Cards.Tests/bin/Release/net8.0/GameCore.Rules.Cards.Tests.dll" adapterTypeName="executor://nunit3testexecutor/" className="GameCore.Rules.Cards.Tests.CardRulesTests" name="ASelfAddressedTransferIsRejectedEvenWhenTheHandIsFull" />
    </UnitTest>
    <UnitTest name="TheEmptyWriteSetIsCanonicalAndBounded" storage="/home/worlesenric/wkspace/gc-wt/gc-017/dotnet/tests/gamecore.rules.cards.tests/bin/release/net8.0/gamecore.rules.cards.tests.dll" id="f5e87bae-7c1d-c948-ada3-208533d624d7">
      <Execution id="61d7f729-90f1-41ce-ad53-8e2abe85e1b2" />
      <TestMethod codeBase="/home/worlesenric/wkspace/gc-wt/gc-017/dotnet/tests/GameCore.Rules.Cards.Tests/bin/Release/net8.0/GameCore.Rules.Cards.Tests.dll" adapterTypeName="executor://nunit3testexecutor/" className="GameCore.Rules.Cards.Tests.CardRulesTests" name="TheEmptyWriteSetIsCanonicalAndBounded" />
    </UnitTest>
    <UnitTest name="ATransferIntoAHandAtCapacityIsAcceptedOnlyBelowTheBound" storage="/home/worlesenric/wkspace/gc-wt/gc-017/dotnet/tests/gamecore.rules.cards.tests/bin/release/net8.0/gamecore.rules.cards.tests.dll" id="0da8ddd5-6def-6ce3-b99f-118776896ef9">
      <Execution id="b53242ed-fca5-4ea2-9cf9-f074606a111c" />
      <TestMethod codeBase="/home/worlesenric/wkspace/gc-wt/gc-017/dotnet/tests/GameCore.Rules.Cards.Tests/bin/Release/net8.0/GameCore.Rules.Cards.Tests.dll" adapterTypeName="executor://nunit3testexecutor/" className="GameCore.Rules.Cards.Tests.CardRulesTests" name="ATransferIntoAHandAtCapacityIsAcceptedOnlyBelowTheBound" />
    </UnitTest>
    <UnitTest name="SetScoreDeltaAddsTheEffectiveBonusAndNeverWraps" storage="/home/worlesenric/wkspace/gc-wt/gc-017/dotnet/tests/gamecore.rules.cards.tests/bin/release/net8.0/gamecore.rules.cards.tests.dll" id="519a552f-32a6-4257-fa11-72fdcf4dc9de">
      <Execution id="0b109ccf-8d4a-4190-8519-98f5e2ea9c1b" />
      <TestMethod codeBase="/home/worlesenric/wkspace/gc-wt/gc-017/dotnet/tests/GameCore.Rules.Cards.Tests/bin/Release/net8.0/GameCore.Rules.Cards.Tests.dll" adapterTypeName="executor://nunit3testexecutor/" className="GameCore.Rules.Cards.Tests.CardRulesTests" name="SetScoreDeltaAddsTheEffectiveBonusAndNeverWraps" />
    </UnitTest>
    <UnitTest name="IdMatchesTheIndependentlyComputedSha256Derivation" storage="/home/worlesenric/wkspace/gc-wt/gc-017/dotnet/tests/gamecore.rules.cards.tests/bin/release/net8.0/gamecore.rules.cards.tests.dll" id="92d02aab-b8f7-7ef6-1793-83543221d144">
      <Execution id="646e77b4-4ede-478d-86b9-8b3b87c275fa" />
      <TestMethod codeBase="/home/worlesenric/wkspace/gc-wt/gc-017/dotnet/tests/GameCore.Rules.Cards.Tests/bin/Release/net8.0/GameCore.Rules.Cards.Tests.dll" adapterTypeName="executor://nunit3testexecutor/" className="GameCore.Rules.Cards.Tests.CardIdentityTests" name="IdMatchesTheIndependentlyComputedSha256Derivation" />
    </UnitTest>
    <UnitTest name="DocumentedBonusValuesAndStratumAreUnchanged" storage="/home/worlesenric/wkspace/gc-wt/gc-017/dotnet/tests/gamecore.rules.cards.tests/bin/release/net8.0/gamecore.rules.cards.tests.dll" id="eb1d00e8-3f5a-6e94-af5b-e262b6fde077">
      <Execution id="2068104e-bed9-4c45-9c8f-dac1ceb77153" />
      <TestMethod codeBase="/home/worlesenric/wkspace/gc-wt/gc-017/dotnet/tests/GameCore.Rules.Cards.Tests/bin/Release/net8.0/GameCore.Rules.Cards.Tests.dll" adapterTypeName="executor://nunit3testexecutor/" className="GameCore.Rules.Cards.Tests.CardIdentityTests" name="DocumentedBonusValuesAndStratumAreUnchanged" />
    </UnitTest>
    <UnitTest name="VersionedReferencesCarryTheirVersionAndTheFirstRevision" storage="/home/worlesenric/wkspace/gc-wt/gc-017/dotnet/tests/gamecore.rules.cards.tests/bin/release/net8.0/gamecore.rules.cards.tests.dll" id="1e073206-7bbe-c476-5a97-a74fbb9a7f62">
      <Execution id="8a8556ca-a5e5-482c-b263-9a852d1b3884" />
      <TestMethod codeBase="/home/worlesenric/wkspace/gc-wt/gc-017/dotnet/tests/GameCore.Rules.Cards.Tests/bin/Release/net8.0/GameCore.Rules.Cards.Tests.dll" adapterTypeName="executor://nunit3testexecutor/" className="GameCore.Rules.Cards.Tests.CardIdentityTests" name="VersionedReferencesCarryTheirVersionAndTheFirstRevision" />
    </UnitTest>
    <UnitTest name="TheAlwaysPredicateReportsItsKeyAndNameAndAcceptsEveryTarget" storage="/home/worlesenric/wkspace/gc-wt/gc-017/dotnet/tests/gamecore.rules.cards.tests/bin/release/net8.0/gamecore.rules.cards.tests.dll" id="af25eb29-465a-ffa4-3298-3d34cff67abe">
      <Execution id="7b364b2b-c257-49c8-889f-6fc602f2eff5" />
      <TestMethod codeBase="/home/worlesenric/wkspace/gc-wt/gc-017/dotnet/tests/GameCore.Rules.Cards.Tests/bin/Release/net8.0/GameCore.Rules.Cards.Tests.dll" adapterTypeName="executor://nunit3testexecutor/" className="GameCore.Rules.Cards.Tests.CardRulesTests" name="TheAlwaysPredicateReportsItsKeyAndNameAndAcceptsEveryTarget" />
    </UnitTest>
    <UnitTest name="TryReduceBonusFoldsTheContributionsInAscendingIndexOrder" storage="/home/worlesenric/wkspace/gc-wt/gc-017/dotnet/tests/gamecore.rules.cards.tests/bin/release/net8.0/gamecore.rules.cards.tests.dll" id="9adef63f-c360-f752-76a7-e14d6cd25dc7">
      <Execution id="06f59d3d-ac85-43da-a76e-14d227f2ec70" />
      <TestMethod codeBase="/home/worlesenric/wkspace/gc-wt/gc-017/dotnet/tests/GameCore.Rules.Cards.Tests/bin/Release/net8.0/GameCore.Rules.Cards.Tests.dll" adapterTypeName="executor://nunit3testexecutor/" className="GameCore.Rules.Cards.Tests.CardRulesTests" name="TryReduceBonusFoldsTheContributionsInAscendingIndexOrder" />
    </UnitTest>
    <UnitTest name="ContestResolutionIsIndependentOfCandidateOrder" storage="/home/worlesenric/wkspace/gc-wt/gc-017/dotnet/tests/gamecore.rules.cards.tests/bin/release/net8.0/gamecore.rules.cards.tests.dll" id="2c0569f4-5ee7-f3c0-f602-c80155892da9">
      <Execution id="a656f641-c0a5-4d1e-ad8c-2eac311e6d0e" />
      <TestMethod codeBase="/home/worlesenric/wkspace/gc-wt/gc-017/dotnet/tests/GameCore.Rules.Cards.Tests/bin/Release/net8.0/GameCore.Rules.Cards.Tests.dll" adapterTypeName="executor://nunit3testexecutor/" className="GameCore.Rules.Cards.Tests.CardRulesTests" name="ContestResolutionIsIndependentOfCandidateOrder" />
    </UnitTest>
    <UnitTest name="VocabulariesAreByteIdenticalToTheGc006CardFixture" storage="/home/worlesenric/wkspace/gc-wt/gc-017/dotnet/tests/gamecore.rules.cards.tests/bin/release/net8.0/gamecore.rules.cards.tests.dll" id="140d8673-578b-9eef-bed7-670bb9b1a2b5">
      <Execution id="ad00d766-0866-4f14-9163-5fae9e00b7c0" />
      <TestMethod codeBase="/home/worlesenric/wkspace/gc-wt/gc-017/dotnet/tests/GameCore.Rules.Cards.Tests/bin/Release/net8.0/GameCore.Rules.Cards.Tests.dll" adapterTypeName="executor://nunit3testexecutor/" className="GameCore.Rules.Cards.Tests.CardIdentityTests" name="VocabulariesAreByteIdenticalToTheGc006CardFixture" />
    </UnitTest>
    <UnitTest name="AContestWithoutPairedCandidatesIsRejected" storage="/home/worlesenric/wkspace/gc-wt/gc-017/dotnet/tests/gamecore.rules.cards.tests/bin/release/net8.0/gamecore.rules.cards.tests.dll" id="db4d8ecc-8e46-a328-adac-b0c5cf025971">
      <Execution id="2c6d2f4c-edec-44ca-85c6-41e46e0fbce7" />
      <TestMethod codeBase="/home/worlesenric/wkspace/gc-wt/gc-017/dotnet/tests/GameCore.Rules.Cards.Tests/bin/Release/net8.0/GameCore.Rules.Cards.Tests.dll" adapterTypeName="executor://nunit3testexecutor/" className="GameCore.Rules.Cards.Tests.CardRulesTests" name="AContestWithoutPairedCandidatesIsRejected" />
    </UnitTest>
    <UnitTest name="ContestRejectionsAreReportedInOrder" storage="/home/worlesenric/wkspace/gc-wt/gc-017/dotnet/tests/gamecore.rules.cards.tests/bin/release/net8.0/gamecore.rules.cards.tests.dll" id="ff51cdde-eb71-e72d-af96-01bb17b37104">
      <Execution id="3d5bc660-9555-4a77-9296-1b7bdd7052c0" />
      <TestMethod codeBase="/home/worlesenric/wkspace/gc-wt/gc-017/dotnet/tests/GameCore.Rules.Cards.Tests/bin/Release/net8.0/GameCore.Rules.Cards.Tests.dll" adapterTypeName="executor://nunit3testexecutor/" className="GameCore.Rules.Cards.Tests.CardRulesTests" name="ContestRejectionsAreReportedInOrder" />
    </UnitTest>
    <UnitTest name="AMalformedSetIsReportedBeforeTheTurnViolation" storage="/home/worlesenric/wkspace/gc-wt/gc-017/dotnet/tests/gamecore.rules.cards.tests/bin/release/net8.0/gamecore.rules.cards.tests.dll" id="c91a7a90-7f22-6a86-4603-af8f26b20c9d">
      <Execution id="643a89bc-783e-4f9c-b2e0-647149544b6a" />
      <TestMethod codeBase="/home/worlesenric/wkspace/gc-wt/gc-017/dotnet/tests/GameCore.Rules.Cards.Tests/bin/Release/net8.0/GameCore.Rules.Cards.Tests.dll" adapterTypeName="executor://nunit3testexecutor/" className="GameCore.Rules.Cards.Tests.CardRulesTests" name="AMalformedSetIsReportedBeforeTheTurnViolation" />
    </UnitTest>
    <UnitTest name="DerivedStableIdentitiesMatchTheContractAndSlotDerivations" storage="/home/worlesenric/wkspace/gc-wt/gc-017/dotnet/tests/gamecore.rules.cards.tests/bin/release/net8.0/gamecore.rules.cards.tests.dll" id="ccdc1d9e-e387-2864-866e-b68fad7ed8aa">
      <Execution id="00d69a40-6ede-4ca3-bbca-b47e73dc09ee" />
      <TestMethod codeBase="/home/worlesenric/wkspace/gc-wt/gc-017/dotnet/tests/GameCore.Rules.Cards.Tests/bin/Release/net8.0/GameCore.Rules.Cards.Tests.dll" adapterTypeName="executor://nunit3testexecutor/" className="GameCore.Rules.Cards.Tests.CardIdentityTests" name="DerivedStableIdentitiesMatchTheContractAndSlotDerivations" />
    </UnitTest>
    <UnitTest name="TheTableVersionIsCheckedBeforeEverythingElse" storage="/home/worlesenric/wkspace/gc-wt/gc-017/dotnet/tests/gamecore.rules.cards.tests/bin/release/net8.0/gamecore.rules.cards.tests.dll" id="81d9775d-fafb-4492-c4a9-db15a201f522">
      <Execution id="159c6e69-256d-4d5f-b579-f968a8b5e5fe" />
      <TestMethod codeBase="/home/worlesenric/wkspace/gc-wt/gc-017/dotnet/tests/GameCore.Rules.Cards.Tests/bin/Release/net8.0/GameCore.Rules.Cards.Tests.dll" adapterTypeName="executor://nunit3testexecutor/" className="GameCore.Rules.Cards.Tests.CardRulesTests" name="TheTableVersionIsCheckedBeforeEverythingElse" />
    </UnitTest>
    <UnitTest name="SubmitSetCommitsRemovalsInAscendingCardOrderThenScoreThenAdvance" storage="/home/worlesenric/wkspace/gc-wt/gc-017/dotnet/tests/gamecore.rules.cards.tests/bin/release/net8.0/gamecore.rules.cards.tests.dll" id="ee6ecdf7-4840-eabd-7df0-fdca90ac935a">
      <Execution id="583a4df2-9c7f-40aa-b017-da4fda34131e" />
      <TestMethod codeBase="/home/worlesenric/wkspace/gc-wt/gc-017/dotnet/tests/GameCore.Rules.Cards.Tests/bin/Release/net8.0/GameCore.Rules.Cards.Tests.dll" adapterTypeName="executor://nunit3testexecutor/" className="GameCore.Rules.Cards.Tests.CardRulesTests" name="SubmitSetCommitsRemovalsInAscendingCardOrderThenScoreThenAdvance" />
    </UnitTest>
    <UnitTest name="CardHandToleratesNullAndReportsMembership" storage="/home/worlesenric/wkspace/gc-wt/gc-017/dotnet/tests/gamecore.rules.cards.tests/bin/release/net8.0/gamecore.rules.cards.tests.dll" id="91a2378d-be3a-eab0-d604-6f1aea50c735">
      <Execution id="55f95fe9-d64a-4f45-9a6a-772fcd66799f" />
      <TestMethod codeBase="/home/worlesenric/wkspace/gc-wt/gc-017/dotnet/tests/GameCore.Rules.Cards.Tests/bin/Release/net8.0/GameCore.Rules.Cards.Tests.dll" adapterTypeName="executor://nunit3testexecutor/" className="GameCore.Rules.Cards.Tests.CardRulesTests" name="CardHandToleratesNullAndReportsMembership" />
    </UnitTest>
    <UnitTest name="TheDocumentedBoundsAreUnchanged" storage="/home/worlesenric/wkspace/gc-wt/gc-017/dotnet/tests/gamecore.rules.cards.tests/bin/release/net8.0/gamecore.rules.cards.tests.dll" id="9de09990-f712-f6fe-6d51-5373284917a8">
      <Execution id="1e776cf8-b354-4e41-92ec-2fb533b6a1d0" />
      <TestMethod codeBase="/home/worlesenric/wkspace/gc-wt/gc-017/dotnet/tests/GameCore.Rules.Cards.Tests/bin/Release/net8.0/GameCore.Rules.Cards.Tests.dll" adapterTypeName="executor://nunit3testexecutor/" className="GameCore.Rules.Cards.Tests.CardRulesTests" name="TheDocumentedBoundsAreUnchanged" />
    </UnitTest>
    <UnitTest name="TheRegisteredReducerReportsItsKeyAndNameAndDelegates" storage="/home/worlesenric/wkspace/gc-wt/gc-017/dotnet/tests/gamecore.rules.cards.tests/bin/release/net8.0/gamecore.rules.cards.tests.dll" id="8a6e0247-5f61-fe0a-3640-6b7f0e3bfdee">
      <Execution id="779c4948-1ffd-41d1-abce-eac4c2f5e209" />
      <TestMethod codeBase="/home/worlesenric/wkspace/gc-wt/gc-017/dotnet/tests/GameCore.Rules.Cards.Tests/bin/Release/net8.0/GameCore.Rules.Cards.Tests.dll" adapterTypeName="executor://nunit3testexecutor/" className="GameCore.Rules.Cards.Tests.CardRulesTests" name="TheRegisteredReducerReportsItsKeyAndNameAndDelegates" />
    </UnitTest>
  </TestDefinitions>
  <TestEntries>
    <TestEntry testId="81d9775d-fafb-4492-c4a9-db15a201f522" executionId="159c6e69-256d-4d5f-b579-f968a8b5e5fe" testListId="8c84fa94-04c1-424b-9868-57a2d4851a1d" />
    <TestEntry testId="c6d576f9-0715-758d-504d-e37239a8782e" executionId="4a68310d-85d1-40c8-94e9-e9ce358ce62f" testListId="8c84fa94-04c1-424b-9868-57a2d4851a1d" />
    <TestEntry testId="8a6e0247-5f61-fe0a-3640-6b7f0e3bfdee" executionId="779c4948-1ffd-41d1-abce-eac4c2f5e209" testListId="8c84fa94-04c1-424b-9868-57a2d4851a1d" />
    <TestEntry testId="f5e87bae-7c1d-c948-ada3-208533d624d7" executionId="61d7f729-90f1-41ce-ad53-8e2abe85e1b2" testListId="8c84fa94-04c1-424b-9868-57a2d4851a1d" />
    <TestEntry testId="7c434f2a-1b10-74e0-400f-92915459aa10" executionId="cad2d53d-9d80-4ae9-851e-c72dfa183680" testListId="8c84fa94-04c1-424b-9868-57a2d4851a1d" />
    <TestEntry testId="9de09990-f712-f6fe-6d51-5373284917a8" executionId="1e776cf8-b354-4e41-92ec-2fb533b6a1d0" testListId="8c84fa94-04c1-424b-9868-57a2d4851a1d" />
    <TestEntry testId="c91a7a90-7f22-6a86-4603-af8f26b20c9d" executionId="643a89bc-783e-4f9c-b2e0-647149544b6a" testListId="8c84fa94-04c1-424b-9868-57a2d4851a1d" />
    <TestEntry testId="eb1d00e8-3f5a-6e94-af5b-e262b6fde077" executionId="2068104e-bed9-4c45-9c8f-dac1ceb77153" testListId="8c84fa94-04c1-424b-9868-57a2d4851a1d" />
    <TestEntry testId="ae904a00-c94e-4814-d2a7-96f6c7b2f93f" executionId="41aa0eef-ccc2-438c-b6b2-666241881277" testListId="8c84fa94-04c1-424b-9868-57a2d4851a1d" />
    <TestEntry testId="2c0569f4-5ee7-f3c0-f602-c80155892da9" executionId="a656f641-c0a5-4d1e-ad8c-2eac311e6d0e" testListId="8c84fa94-04c1-424b-9868-57a2d4851a1d" />
    <TestEntry testId="d20aa38d-f63e-f0cf-f1ed-d365b54c45c7" executionId="9ba6fc0b-192e-42f2-8a77-f8a74087aa50" testListId="8c84fa94-04c1-424b-9868-57a2d4851a1d" />
    <TestEntry testId="519a552f-32a6-4257-fa11-72fdcf4dc9de" executionId="0b109ccf-8d4a-4190-8519-98f5e2ea9c1b" testListId="8c84fa94-04c1-424b-9868-57a2d4851a1d" />
    <TestEntry testId="ff51cdde-eb71-e72d-af96-01bb17b37104" executionId="3d5bc660-9555-4a77-9296-1b7bdd7052c0" testListId="8c84fa94-04c1-424b-9868-57a2d4851a1d" />
    <TestEntry testId="1e073206-7bbe-c476-5a97-a74fbb9a7f62" executionId="8a8556ca-a5e5-482c-b263-9a852d1b3884" testListId="8c84fa94-04c1-424b-9868-57a2d4851a1d" />
    <TestEntry testId="92d02aab-b8f7-7ef6-1793-83543221d144" executionId="646e77b4-4ede-478d-86b9-8b3b87c275fa" testListId="8c84fa94-04c1-424b-9868-57a2d4851a1d" />
    <TestEntry testId="db4d8ecc-8e46-a328-adac-b0c5cf025971" executionId="2c6d2f4c-edec-44ca-85c6-41e46e0fbce7" testListId="8c84fa94-04c1-424b-9868-57a2d4851a1d" />
    <TestEntry testId="0da8ddd5-6def-6ce3-b99f-118776896ef9" executionId="b53242ed-fca5-4ea2-9cf9-f074606a111c" testListId="8c84fa94-04c1-424b-9868-57a2d4851a1d" />
    <TestEntry testId="3d864deb-efa9-9780-e717-f62815f16940" executionId="00a1f463-ce7d-4165-bdad-952526e27b88" testListId="8c84fa94-04c1-424b-9868-57a2d4851a1d" />
    <TestEntry testId="9ea90c2f-3d98-451a-1d0e-4ae62c25e5fb" executionId="91e99982-0ae9-4b4f-adef-3be466a389c3" testListId="8c84fa94-04c1-424b-9868-57a2d4851a1d" />
    <TestEntry testId="140d8673-578b-9eef-bed7-670bb9b1a2b5" executionId="ad00d766-0866-4f14-9163-5fae9e00b7c0" testListId="8c84fa94-04c1-424b-9868-57a2d4851a1d" />
    <TestEntry testId="ccdc1d9e-e387-2864-866e-b68fad7ed8aa" executionId="00d69a40-6ede-4ca3-bbca-b47e73dc09ee" testListId="8c84fa94-04c1-424b-9868-57a2d4851a1d" />
    <TestEntry testId="d8679568-559e-a42d-708b-f4f890457899" executionId="b116be3b-886b-4d77-b052-d0a7fc2fa887" testListId="8c84fa94-04c1-424b-9868-57a2d4851a1d" />
    <TestEntry testId="9adef63f-c360-f752-76a7-e14d6cd25dc7" executionId="06f59d3d-ac85-43da-a76e-14d227f2ec70" testListId="8c84fa94-04c1-424b-9868-57a2d4851a1d" />
    <TestEntry testId="af25eb29-465a-ffa4-3298-3d34cff67abe" executionId="7b364b2b-c257-49c8-889f-6fc602f2eff5" testListId="8c84fa94-04c1-424b-9868-57a2d4851a1d" />
    <TestEntry testId="91a2378d-be3a-eab0-d604-6f1aea50c735" executionId="55f95fe9-d64a-4f45-9a6a-772fcd66799f" testListId="8c84fa94-04c1-424b-9868-57a2d4851a1d" />
    <TestEntry testId="ee6ecdf7-4840-eabd-7df0-fdca90ac935a" executionId="583a4df2-9c7f-40aa-b017-da4fda34131e" testListId="8c84fa94-04c1-424b-9868-57a2d4851a1d" />
  </TestEntries>
  <TestLists>
    <TestList name="Results Not in a List" id="8c84fa94-04c1-424b-9868-57a2d4851a1d" />
    <TestList name="All Loaded Results" id="19431567-8539-422a-85d7-44ee4e166bda" />
  </TestLists>
  <ResultSummary outcome="Completed">
    <Counters total="26" executed="26" passed="26" failed="0" error="0" timeout="0" aborted="0" inconclusive="0" passedButRunAborted="0" notRunnable="0" notExecuted="0" disconnected="0" warning="0" completed="0" inProgress="0" pending="0" />
    <Output>
      <StdOut>NUnit Adapter 4.5.0.0: Test execution started
Running all tests in /home/worlesenric/wkspace/gc-wt/gc-017/dotnet/tests/GameCore.Rules.Cards.Tests/bin/Release/net8.0/GameCore.Rules.Cards.Tests.dll
   NUnit3TestExecutor discovered 26 of 26 NUnit test cases using Current Discovery mode, Non-Explicit run
NUnit Adapter 4.5.0.0: Test execution complete
</StdOut>
    </Output>
  </ResultSummary>
</TestRun>