[2026-10-07T13:12:53.726Z][INFO] Command-line: ~/Unity/Hub/Editor/6000.0.75f1/Editor/Data/Resources/PackageManager/Server/UnityPackageManager -s 2796597 -ipc -ipc-path /tmp/Unity-Upm-2796597.sock -l 2 --log-file ~/wkspace/gc-studio/p4.2j/artifacts/studio/verification/W-MECH-01/p42j-stage-review-cold-20261007T131253.042554Z/upm.log
[2026-10-07T13:12:53.732Z][INFO] IPC server started (IPC path=/tmp/Unity-Upm-2796597.sock).
[2026-10-07T13:12:53.733Z][INFO] Hint: To connect to this UPM instance, launch Unity with the command-line parameter -upmIpcPath Upm-2796597.
[2026-10-07T13:12:54.593Z][INFO] project:add-dependency <-- Request received
params: {
  "packageId": "com.unity.toolchain.linux-x86_64"
}
[2026-10-07T13:14:04.495Z][INFO] project:add-dependency --> 200 (69901 ms)
[2026-10-07T13:14:04.898Z][INFO] project:list-packages <-- Request received
params: {}
[2026-10-07T13:14:05.029Z][INFO] project:list-packages <-- Request received
params: {}
[2026-10-07T13:14:05.042Z][INFO] project:list-packages <-- Request received
params: {}
[2026-10-07T13:14:05.067Z][INFO] config:project:get-registries <-- Request received
params: {}
[2026-10-07T13:14:05.099Z][INFO] config:project:get-registries --> 200 (32 ms)
[2026-10-07T13:14:06.536Z][INFO] project:list-packages --> 200 (1639 ms)
[2026-10-07T13:14:06.758Z][INFO] project:list-packages --> 200 (1729 ms)
[2026-10-07T13:14:09.969Z][INFO] project:list-packages <-- Request received
params: {}
[2026-10-07T13:14:10.602Z][INFO] project:list-packages --> 200 (633 ms)
[2026-10-07T13:14:14.748Z][INFO] project:list-packages <-- Request received
params: {}
[2026-10-07T13:14:14.759Z][INFO] project:list-packages <-- Request received
params: {}
[2026-10-07T13:14:14.774Z][INFO] config:project:get-registries <-- Request received
params: {}
[2026-10-07T13:14:14.810Z][INFO] config:project:get-registries --> 200 (36 ms)
[2026-10-07T13:14:15.677Z][INFO] project:list-packages --> 200 (918 ms)
[2026-10-07T13:14:19.501Z][INFO] project:list-packages <-- Request received
params: {}
[2026-10-07T13:14:19.514Z][INFO] project:list-packages <-- Request received
params: {}
[2026-10-07T13:14:20.241Z][INFO] project:list-packages --> 200 (740 ms)
[2026-10-07T13:14:29.170Z][INFO] project:list-packages <-- Request received
params: {}
[2026-10-07T13:14:29.615Z][INFO] project:list-packages --> 200 (445 ms)
[2026-10-07T13:14:29.787Z][INFO] project:list-packages <-- Request received
params: {}
[2026-10-07T13:14:29.798Z][INFO] config:project:get-registries <-- Request received
params: {}
[2026-10-07T13:14:29.816Z][INFO] config:project:get-registries --> 200 (18 ms)
[2026-10-07T13:14:34.019Z][INFO] project:list-packages --> 200 (19271 ms)
[2026-10-07T13:14:34.022Z][INFO] project:list-packages --> 200 (14509 ms)
[2026-10-07T13:14:34.022Z][INFO] project:list-packages --> 200 (28980 ms)
[2026-10-07T13:14:34.022Z][INFO] project:list-packages --> 200 (4235 ms)
[2026-10-07T13:14:38.372Z][INFO] project:resolve-packages <-- Request received
params: {}
[2026-10-07T13:15:13.788Z][WARN] Requested version [3.1.3] for package [com.unity.serialization] overridden by minimum version [3.1.5].
[2026-10-07T13:15:13.788Z][WARN] Requested version [1.23.1] for package [com.unity.scriptablebuildpipeline] overridden by minimum version [2.6.1].
[2026-10-07T13:15:13.788Z][WARN] Requested version [3.0.3] for package [com.unity.test-framework.performance] overridden by minimum version [3.4.0].
[2026-10-07T13:15:13.798Z][INFO] project:resolve-packages --> 200 (35426 ms)
[2026-10-07T13:15:13.870Z][INFO] config:project:get-registries <-- Request received
params: {}
[2026-10-07T13:15:13.879Z][INFO] config:project:get-registries --> 200 (9 ms)
[2026-10-07T13:15:13.883Z][INFO] project:list-packages <-- Request received
params: {}
[2026-10-07T13:15:14.216Z][INFO] project:list-packages --> 200 (334 ms)
[2026-10-07T13:15:23.390Z][INFO] project:list-packages <-- Request received
params: {}
[2026-10-07T13:15:23.726Z][INFO] project:list-packages --> 200 (336 ms)
[2026-10-07T13:15:23.876Z][INFO] project:list-packages <-- Request received
params: {}
[2026-10-07T13:15:23.887Z][INFO] config:project:get-registries <-- Request received
params: {}
[2026-10-07T13:15:23.902Z][INFO] config:project:get-registries --> 200 (15 ms)
[2026-10-07T13:15:24.215Z][INFO] project:list-packages --> 200 (339 ms)
[2026-10-07T13:15:28.043Z][INFO] project:resolve-packages <-- Request received
params: {}
[2026-10-07T13:16:05.677Z][WARN] Requested version [3.1.3] for package [com.unity.serialization] overridden by minimum version [3.1.5].
[2026-10-07T13:16:05.677Z][WARN] Requested version [1.23.1] for package [com.unity.scriptablebuildpipeline] overridden by minimum version [2.6.1].
[2026-10-07T13:16:05.677Z][WARN] Requested version [3.0.3] for package [com.unity.test-framework.performance] overridden by minimum version [3.4.0].
[2026-10-07T13:16:05.682Z][INFO] project:resolve-packages --> 200 (37639 ms)
[2026-10-07T13:16:05.757Z][INFO] config:project:get-registries <-- Request received
params: {}
[2026-10-07T13:16:05.759Z][INFO] config:project:get-registries --> 200 (3 ms)
[2026-10-07T13:16:05.767Z][INFO] project:list-packages <-- Request received
params: {}
[2026-10-07T13:16:06.171Z][INFO] project:list-packages --> 200 (404 ms)
[2026-10-07T13:16:14.795Z][INFO] project:list-packages <-- Request received
params: {}
[2026-10-07T13:16:15.220Z][INFO] project:list-packages --> 200 (425 ms)
[2026-10-07T13:16:15.443Z][INFO] project:list-packages <-- Request received
params: {}
[2026-10-07T13:16:15.456Z][INFO] config:project:get-registries <-- Request received
params: {}
[2026-10-07T13:16:15.476Z][INFO] config:project:get-registries --> 200 (20 ms)
[2026-10-07T13:16:15.878Z][INFO] project:list-packages --> 200 (435 ms)
[2026-10-07T13:16:21.765Z][INFO] Received shutdown request (SIGINT), shutting down Unity Package Manager
