[2026-10-07T23:20:23.859Z][INFO] Command-line: ~/Unity/Hub/Editor/6000.0.75f1/Editor/Data/Resources/PackageManager/Server/UnityPackageManager -s 487572 -ipc -ipc-path /tmp/Unity-Upm-487572.sock -l 2 --log-file ~/wkspace/gc-studio/p4.2l/artifacts/studio/verification/W-EDIT-04/p42l-edit-lifecycle-20261007T232023.211234Z/upm.log
[2026-10-07T23:20:23.866Z][INFO] IPC server started (IPC path=/tmp/Unity-Upm-487572.sock).
[2026-10-07T23:20:23.866Z][INFO] Hint: To connect to this UPM instance, launch Unity with the command-line parameter -upmIpcPath Upm-487572.
[2026-10-07T23:20:24.543Z][INFO] project:add-dependency <-- Request received
params: {
  "packageId": "com.unity.toolchain.linux-x86_64"
}
[2026-10-07T23:20:47.898Z][INFO] project:add-dependency --> 200 (23355 ms)
[2026-10-07T23:20:48.186Z][INFO] project:list-packages <-- Request received
params: {}
[2026-10-07T23:20:48.238Z][INFO] project:list-packages <-- Request received
params: {}
[2026-10-07T23:20:48.251Z][INFO] project:list-packages <-- Request received
params: {}
[2026-10-07T23:20:48.258Z][INFO] config:project:get-registries <-- Request received
params: {}
[2026-10-07T23:20:48.280Z][INFO] config:project:get-registries --> 200 (21 ms)
[2026-10-07T23:20:49.003Z][INFO] project:list-packages --> 200 (817 ms)
[2026-10-07T23:20:49.214Z][INFO] project:list-packages --> 200 (976 ms)
[2026-10-07T23:20:50.563Z][INFO] project:list-packages --> 200 (2312 ms)
[2026-10-07T23:20:53.291Z][INFO] project:list-packages <-- Request received
params: {}
[2026-10-07T23:20:53.589Z][INFO] project:list-packages --> 200 (298 ms)
[2026-10-07T23:20:56.204Z][INFO] project:list-packages <-- Request received
params: {}
[2026-10-07T23:20:56.214Z][INFO] project:list-packages <-- Request received
params: {}
[2026-10-07T23:20:56.225Z][INFO] config:project:get-registries <-- Request received
params: {}
[2026-10-07T23:20:56.239Z][INFO] config:project:get-registries --> 200 (14 ms)
[2026-10-07T23:20:56.595Z][INFO] project:list-packages --> 200 (381 ms)
[2026-10-07T23:20:58.433Z][INFO] project:list-packages <-- Request received
params: {}
[2026-10-07T23:20:58.444Z][INFO] project:list-packages <-- Request received
params: {}
[2026-10-07T23:20:59.241Z][INFO] project:list-packages --> 200 (808 ms)
[2026-10-07T23:21:01.448Z][INFO] project:list-packages --> 200 (5244 ms)
[2026-10-07T23:21:03.923Z][INFO] project:list-packages <-- Request received
params: {}
[2026-10-07T23:21:04.250Z][INFO] project:list-packages --> 200 (328 ms)
[2026-10-07T23:21:04.388Z][INFO] project:list-packages <-- Request received
params: {}
[2026-10-07T23:21:04.400Z][INFO] project:list-packages <-- Request received
params: {}
[2026-10-07T23:21:04.409Z][INFO] config:project:get-registries <-- Request received
params: {}
[2026-10-07T23:21:04.430Z][INFO] config:project:get-registries --> 200 (21 ms)
[2026-10-07T23:21:04.791Z][INFO] project:list-packages --> 200 (391 ms)
[2026-10-07T23:21:09.564Z][INFO] project:list-packages --> 200 (11120 ms)
[2026-10-07T23:21:09.566Z][INFO] project:list-packages --> 200 (5178 ms)
[2026-10-07T23:21:14.136Z][INFO] Received shutdown request (SIGINT), shutting down Unity Package Manager
