  Determining projects to restore...
  All projects are up-to-date for restore.
  GameCore.ReferenceSeams -> /home/worlesenric/wkspace/game_core/dotnet/src/GameCore.ReferenceSeams/bin/Release/netstandard2.1/GameCore.ReferenceSeams.dll
/home/worlesenric/wkspace/game_core/tests/GameCore.ProtocolFixtures/Oracle/EnvelopeOracle.cs(17,13): error CS0103: The name 'Accepted' does not exist in the current context [/home/worlesenric/wkspace/game_core/dotnet/src/GameCore.ProtocolFixtures/GameCore.ProtocolFixtures.csproj]
/home/worlesenric/wkspace/game_core/tests/GameCore.ProtocolFixtures/Oracle/EnvelopeOracle.cs(18,13): error CS0103: The name 'Code' does not exist in the current context [/home/worlesenric/wkspace/game_core/dotnet/src/GameCore.ProtocolFixtures/GameCore.ProtocolFixtures.csproj]
/home/worlesenric/wkspace/game_core/tests/GameCore.ProtocolFixtures/Oracle/EnvelopeOracle.cs(19,13): error CS0103: The name 'Detail' does not exist in the current context [/home/worlesenric/wkspace/game_core/dotnet/src/GameCore.ProtocolFixtures/GameCore.ProtocolFixtures.csproj]
/home/worlesenric/wkspace/game_core/tests/GameCore.ProtocolFixtures/Fixtures/FixtureRunner.cs(612,27): error CS1061: 'EnvelopeProbe' does not contain a definition for 'Accepted' and no accessible extension method 'Accepted' accepting a first argument of type 'EnvelopeProbe' could be found (are you missing a using directive or an assembly reference?) [/home/worlesenric/wkspace/game_core/dotnet/src/GameCore.ProtocolFixtures/GameCore.ProtocolFixtures.csproj]
/home/worlesenric/wkspace/game_core/tests/GameCore.ProtocolFixtures/Fixtures/FixtureRunner.cs(613,46): error CS1061: 'EnvelopeProbe' does not contain a definition for 'Detail' and no accessible extension method 'Detail' accepting a first argument of type 'EnvelopeProbe' could be found (are you missing a using directive or an assembly reference?) [/home/worlesenric/wkspace/game_core/dotnet/src/GameCore.ProtocolFixtures/GameCore.ProtocolFixtures.csproj]
/home/worlesenric/wkspace/game_core/tests/GameCore.ProtocolFixtures/Fixtures/FixtureRunner.cs(614,48): error CS1061: 'EnvelopeProbe' does not contain a definition for 'Code' and no accessible extension method 'Code' accepting a first argument of type 'EnvelopeProbe' could be found (are you missing a using directive or an assembly reference?) [/home/worlesenric/wkspace/game_core/dotnet/src/GameCore.ProtocolFixtures/GameCore.ProtocolFixtures.csproj]
/home/worlesenric/wkspace/game_core/tests/GameCore.ProtocolFixtures/Fixtures/FixtureRunner.cs(614,61): error CS1061: 'EnvelopeProbe' does not contain a definition for 'Detail' and no accessible extension method 'Detail' accepting a first argument of type 'EnvelopeProbe' could be found (are you missing a using directive or an assembly reference?) [/home/worlesenric/wkspace/game_core/dotnet/src/GameCore.ProtocolFixtures/GameCore.ProtocolFixtures.csproj]
  GameCore.ApiSnapshot -> /home/worlesenric/wkspace/game_core/dotnet/tools/GameCore.ApiSnapshot/bin/Release/net8.0/GameCore.ApiSnapshot.dll

Build FAILED.

/home/worlesenric/wkspace/game_core/tests/GameCore.ProtocolFixtures/Oracle/EnvelopeOracle.cs(17,13): error CS0103: The name 'Accepted' does not exist in the current context [/home/worlesenric/wkspace/game_core/dotnet/src/GameCore.ProtocolFixtures/GameCore.ProtocolFixtures.csproj]
/home/worlesenric/wkspace/game_core/tests/GameCore.ProtocolFixtures/Oracle/EnvelopeOracle.cs(18,13): error CS0103: The name 'Code' does not exist in the current context [/home/worlesenric/wkspace/game_core/dotnet/src/GameCore.ProtocolFixtures/GameCore.ProtocolFixtures.csproj]
/home/worlesenric/wkspace/game_core/tests/GameCore.ProtocolFixtures/Oracle/EnvelopeOracle.cs(19,13): error CS0103: The name 'Detail' does not exist in the current context [/home/worlesenric/wkspace/game_core/dotnet/src/GameCore.ProtocolFixtures/GameCore.ProtocolFixtures.csproj]
/home/worlesenric/wkspace/game_core/tests/GameCore.ProtocolFixtures/Fixtures/FixtureRunner.cs(612,27): error CS1061: 'EnvelopeProbe' does not contain a definition for 'Accepted' and no accessible extension method 'Accepted' accepting a first argument of type 'EnvelopeProbe' could be found (are you missing a using directive or an assembly reference?) [/home/worlesenric/wkspace/game_core/dotnet/src/GameCore.ProtocolFixtures/GameCore.ProtocolFixtures.csproj]
/home/worlesenric/wkspace/game_core/tests/GameCore.ProtocolFixtures/Fixtures/FixtureRunner.cs(613,46): error CS1061: 'EnvelopeProbe' does not contain a definition for 'Detail' and no accessible extension method 'Detail' accepting a first argument of type 'EnvelopeProbe' could be found (are you missing a using directive or an assembly reference?) [/home/worlesenric/wkspace/game_core/dotnet/src/GameCore.ProtocolFixtures/GameCore.ProtocolFixtures.csproj]
/home/worlesenric/wkspace/game_core/tests/GameCore.ProtocolFixtures/Fixtures/FixtureRunner.cs(614,48): error CS1061: 'EnvelopeProbe' does not contain a definition for 'Code' and no accessible extension method 'Code' accepting a first argument of type 'EnvelopeProbe' could be found (are you missing a using directive or an assembly reference?) [/home/worlesenric/wkspace/game_core/dotnet/src/GameCore.ProtocolFixtures/GameCore.ProtocolFixtures.csproj]
/home/worlesenric/wkspace/game_core/tests/GameCore.ProtocolFixtures/Fixtures/FixtureRunner.cs(614,61): error CS1061: 'EnvelopeProbe' does not contain a definition for 'Detail' and no accessible extension method 'Detail' accepting a first argument of type 'EnvelopeProbe' could be found (are you missing a using directive or an assembly reference?) [/home/worlesenric/wkspace/game_core/dotnet/src/GameCore.ProtocolFixtures/GameCore.ProtocolFixtures.csproj]
    0 Warning(s)
    7 Error(s)

Time Elapsed 00:00:01.64
