$ Roslyn semantic analyzer  (exit Some(0), 6806 ms)

Welcome to .NET 8.0!
---------------------
SDK Version: 8.0.131

----------------
Installed an ASP.NET Core HTTPS development certificate.
To trust the certificate, view the instructions: https://aka.ms/dotnet-https-linux

----------------
Write your first app: https://aka.ms/dotnet-hello-world
Find out what's new: https://aka.ms/dotnet-whats-new
Explore documentation: https://aka.ms/dotnet-docs
Report issues and find source on GitHub: https://github.com/dotnet/core
Use 'dotnet --help' to see available commands or visit: https://aka.ms/dotnet-cli
--------------------------------------------------------------------------------------
$ dotnet build Rules.csproj  (exit Some(0), 1903 ms)

Welcome to .NET 8.0!
---------------------
SDK Version: 8.0.131

----------------
Installed an ASP.NET Core HTTPS development certificate.
To trust the certificate, view the instructions: https://aka.ms/dotnet-https-linux

----------------
Write your first app: https://aka.ms/dotnet-hello-world
Find out what's new: https://aka.ms/dotnet-whats-new
Explore documentation: https://aka.ms/dotnet-docs
Report issues and find source on GitHub: https://github.com/dotnet/core
Use 'dotnet --help' to see available commands or visit: https://aka.ms/dotnet-cli
--------------------------------------------------------------------------------------

Build succeeded.
    0 Warning(s)
    0 Error(s)

Time Elapsed 00:00:01.28
$ dotnet test Rules.Tests.csproj  (exit Some(0), 3905 ms)

Welcome to .NET 8.0!
---------------------
SDK Version: 8.0.131

----------------
Installed an ASP.NET Core HTTPS development certificate.
To trust the certificate, view the instructions: https://aka.ms/dotnet-https-linux

----------------
Write your first app: https://aka.ms/dotnet-hello-world
Find out what's new: https://aka.ms/dotnet-whats-new
Explore documentation: https://aka.ms/dotnet-docs
Report issues and find source on GitHub: https://github.com/dotnet/core
Use 'dotnet --help' to see available commands or visit: https://aka.ms/dotnet-cli
--------------------------------------------------------------------------------------
  Determining projects to restore...
  Restored ~/.cache/gamecore-studio/stage/30aaae0a97dbbea82ee3fb01e2d9ed34865e7efc33bc54d3a1c5eb1ae96a2368/cs-01m4byrmq48b5m26jaqbzh37zs/dotnet/Rules.Tests/Rules.Tests.csproj (in 147 ms).
  1 of 2 projects are up-to-date for restore.
  Rules -> ~/.cache/gamecore-studio/stage/30aaae0a97dbbea82ee3fb01e2d9ed34865e7efc33bc54d3a1c5eb1ae96a2368/cs-01m4byrmq48b5m26jaqbzh37zs/dotnet/Rules/bin/Debug/netstandard2.1/Hollowmere.Mechanism.Lever.Rules.dll
  Rules.Tests -> ~/.cache/gamecore-studio/stage/30aaae0a97dbbea82ee3fb01e2d9ed34865e7efc33bc54d3a1c5eb1ae96a2368/cs-01m4byrmq48b5m26jaqbzh37zs/dotnet/Rules.Tests/bin/Debug/net8.0/Hollowmere.Mechanism.Lever.Rules.Tests.dll
Test run for ~/.cache/gamecore-studio/stage/30aaae0a97dbbea82ee3fb01e2d9ed34865e7efc33bc54d3a1c5eb1ae96a2368/cs-01m4byrmq48b5m26jaqbzh37zs/dotnet/Rules.Tests/bin/Debug/net8.0/Hollowmere.Mechanism.Lever.Rules.Tests.dll (.NETCoreApp,Version=v8.0)
Microsoft (R) Test Execution Command Line Tool Version 17.8.0 (x64)
Copyright (c) Microsoft Corporation.  All rights reserved.

Starting test execution, please wait...
A total of 1 test files matched the specified pattern.

Passed!  - Failed:     0, Passed:     6, Skipped:     0, Total:     6, Duration: 13 ms - Hollowmere.Mechanism.Lever.Rules.Tests.dll (net8.0)
