Unity Editor version:    6000.0.75f1 (26349cd2a5c8)
Branch:                  6000.0/staging
Build type:              Release
Batch mode:              YES
System name:             Linux
Distro version:          #31~24.04.1-Ubuntu SMP PREEMPT_DYNAMIC Mon Aug 10 09:38:02 UTC 2
Kernel version:          7.0.0-31-generic
Architecture:            x86_64
Available memory:        31897 MB
[Licensing::Module] Trying to connect to existing licensing client channel...
[Licensing::IpcConnector] Successfully connected to: "LicenseClient-worlesenric" at "2026-10-05T02:28:59.008546Z"
[SignatureVerifier] Application signature verification not supported on this platform.
Initialize udev device monitor.
[Licensing::Client] Handshaking with LicensingClient:
  Version:                 1.17.4+4293ba1
  Session Id:              c9174c028da642638ce1a9f2e767f006
  Correlation Id:          70dec6492dd8776ac9455dd9efce7e71
  External correlation Id: 2371922781584130043
  Machine Id:              jd93gYTNlAg1qIhTY9iII/nAhSo=

COMMAND LINE ARGUMENTS:
/home/worlesenric/Unity/Hub/Editor/6000.0.75f1/Editor/Unity
-batchmode
-nographics
-projectPath
/home/worlesenric/.cache/gamecore-studio/stage/stage-real-plate/project
-logFile
/home/worlesenric/.cache/gamecore-studio/stage/stage-real-plate/out/logs/playmode-20261005T102858-a1.log
-testResults
[Licensing::Module] Successfully connected to LicensingClient on channel: "LicenseClient-worlesenric" (connect: 0.00s, validation: 0.00s, handshake: 0.00s)
[Licensing::IpcConnector] Successfully connected to: "LicenseClient-worlesenric-notifications" at "2026-10-05T02:28:59.01055Z"
[Licensing::Module] Error: Access token is unavailable; failed to update
/home/worlesenric/.cache/gamecore-studio/stage/stage-real-plate/out/playmode.xml
-runTests
-testPlatform
PlayMode
Successfully changed project path to: /home/worlesenric/.cache/gamecore-studio/stage/stage-real-plate/project

(process:3712418): Gtk-CRITICAL **: 10:28:59.011: gtk_label_set_text: assertion 'GTK_IS_LABEL (label)' failed
[Licensing::Client] Successfully resolved entitlement details
[Licensing::Module] License group:
  Id: 1375999166540-UnityPersXXXX
  Product: Unity Personal
  Type: Assigned
  Expiration: Unlimited
[Licensing::Client] Successfully updated license, isAsync: True, time: 0.01
[Licensing::Module] Licensing Background thread has ended after 0.02s

(process:3712418): Gtk-CRITICAL **: 10:28:59.257: gtk_label_set_text: assertion 'GTK_IS_LABEL (label)' failed
/home/worlesenric/.cache/gamecore-studio/stage/stage-real-plate/project
[UnityMemory] Configuration Parameters - Can be set up in boot.config
    "memorysetup-bucket-allocator-granularity=16"
    "memorysetup-bucket-allocator-bucket-count=8"
    "memorysetup-bucket-allocator-block-size=33554432"
    "memorysetup-bucket-allocator-block-count=8"
    "memorysetup-main-allocator-block-size=16777216"
    "memorysetup-thread-allocator-block-size=16777216"
    "memorysetup-gfx-main-allocator-block-size=16777216"
    "memorysetup-gfx-thread-allocator-block-size=16777216"
    "memorysetup-cache-allocator-block-size=4194304"
    "memorysetup-typetree-allocator-block-size=2097152"
    "memorysetup-profiler-bucket-allocator-granularity=16"
    "memorysetup-profiler-bucket-allocator-bucket-count=8"
    "memorysetup-profiler-bucket-allocator-block-size=33554432"
    "memorysetup-profiler-bucket-allocator-block-count=8"
    "memorysetup-profiler-allocator-block-size=16777216"
    "memorysetup-profiler-editor-allocator-block-size=1048576"
    "memorysetup-temp-allocator-size-main=16777216"
    "memorysetup-job-temp-allocator-block-size=2097152"
    "memorysetup-job-temp-allocator-block-size-background=1048576"
    "memorysetup-job-temp-allocator-reduction-small-platforms=262144"
    "memorysetup-allocator-temp-initial-block-size-main=262144"
    "memorysetup-allocator-temp-initial-block-size-worker=262144"
    "memorysetup-temp-allocator-size-background-worker=32768"
    "memorysetup-temp-allocator-size-job-worker=262144"
    "memorysetup-temp-allocator-size-preload-manager=33554432"
    "memorysetup-temp-allocator-size-nav-mesh-worker=65536"
    "memorysetup-temp-allocator-size-audio-worker=65536"
    "memorysetup-temp-allocator-size-cloud-worker=32768"
    "memorysetup-temp-allocator-size-gi-baking-worker=262144"
    "memorysetup-temp-allocator-size-gi-baking-worker=262144"
    "memorysetup-temp-allocator-size-gi-baking-worker=262144"
    "memorysetup-temp-allocator-size-gi-baking-worker=262144"
    "memorysetup-temp-allocator-size-gi-baking-worker=262144"
    "memorysetup-temp-allocator-size-gfx=262144"
Player connection [128253142992192]  Target information:

Player connection [128253142992192]  * "[IP] 192.168.0.21 [Port] 55505 [Flags] 2 [Guid] 810596409 [EditorId] 810596409 [Version] 1048832 [Id] LinuxEditor(16,192.168.0.21) [Debug] 1 [PackageName] LinuxEditor [ProjectName] Editor" 

Player connection [128253142992192]  * "[IP] 172.18.0.1 [Port] 55505 [Flags] 2 [Guid] 810596409 [EditorId] 810596409 [Version] 1048832 [Id] LinuxEditor(16,192.168.0.21) [Debug] 1 [PackageName] LinuxEditor [ProjectName] Editor" 

Player connection [128253142992192]  * "[IP] 172.17.0.1 [Port] 55505 [Flags] 2 [Guid] 810596409 [EditorId] 810596409 [Version] 1048832 [Id] LinuxEditor(16,192.168.0.21) [Debug] 1 [PackageName] LinuxEditor [ProjectName] Editor" 

Player connection [128253142992192]  * "[IP] 10.42.0.0 [Port] 55505 [Flags] 2 [Guid] 810596409 [EditorId] 810596409 [Version] 1048832 [Id] LinuxEditor(16,192.168.0.21) [Debug] 1 [PackageName] LinuxEditor [ProjectName] Editor" 

Player connection [128253142992192]  * "[IP] 10.42.0.1 [Port] 55505 [Flags] 2 [Guid] 810596409 [EditorId] 810596409 [Version] 1048832 [Id] LinuxEditor(16,192.168.0.21) [Debug] 1 [PackageName] LinuxEditor [ProjectName] Editor" 

Player connection [128253142992192]  * "[IP] 100.66.195.58 [Port] 55505 [Flags] 2 [Guid] 810596409 [EditorId] 810596409 [Version] 1048832 [Id] LinuxEditor(16,192.168.0.21) [Debug] 1 [PackageName] LinuxEditor [ProjectName] Editor" 

Player connection [128253142992192]  * "[IP] 172.19.0.1 [Port] 55505 [Flags] 2 [Guid] 810596409 [EditorId] 810596409 [Version] 1048832 [Id] LinuxEditor(16,192.168.0.21) [Debug] 1 [PackageName] LinuxEditor [ProjectName] Editor" 

Player connection [128253142992192]  * "[IP] 172.20.0.1 [Port] 55505 [Flags] 2 [Guid] 810596409 [EditorId] 810596409 [Version] 1048832 [Id] LinuxEditor(16,192.168.0.21) [Debug] 1 [PackageName] LinuxEditor [ProjectName] Editor" 

Player connection [128253142992192] Host joined multi-casting on [225.0.0.222:54997]...
Player connection [128253142992192] Host joined alternative multi-casting on [225.0.0.222:34997]...
Input System module state changed to: Initialized.
[Physics::Module] Initialized fallback backend.
[Physics::Module] Id: 0xdecafbad
[Package Manager] Connected to IPC stream "Upm-3712418" after 0.0 seconds.
Library Redirect Path: Library/
[Physics::Module] Selected backend.
[Physics::Module] Name: PhysX
[Physics::Module] Id: 0xf2b8ea05
[Physics::Module] SDK Version: 4.1.2
[Physics::Module] Integration Version: 1.0.0
[Physics::Module] Threading Mode: Multi-Threaded
Refreshing native plugins compatible for Editor in 0.13 ms, found 0 plugins.
Preloading 0 native plugins for Editor in 0.00 ms.
Initialize engine version: 6000.0.75f1 (26349cd2a5c8)
[Subsystems] Discovering subsystems at path /home/worlesenric/Unity/Hub/Editor/6000.0.75f1/Editor/Data/Resources/UnitySubsystems
[Subsystems] Discovering subsystems at path /home/worlesenric/.cache/gamecore-studio/stage/stage-real-plate/project/Assets
Forcing GfxDevice: Null
GfxDevice: creating device client; kGfxThreadingModeNonThreaded
NullGfxDevice:
    Version:  NULL 1.0 [1.0]
    Renderer: Null Device
    Vendor:   Unity Technologies
Shader Hidden/ProbeVolume/VoxelizeScene is not supported: GPU does not support conservative rasterization
Initialize mono
Mono path[0] = '/home/worlesenric/Unity/Hub/Editor/6000.0.75f1/Editor/Data/Managed'
Mono path[1] = '/home/worlesenric/Unity/Hub/Editor/6000.0.75f1/Editor/Data/MonoBleedingEdge/lib/mono/unityjit-linux'
Mono config path = '/home/worlesenric/Unity/Hub/Editor/6000.0.75f1/Editor/Data/MonoBleedingEdge/etc'
Using monoOptions --debugger-agent=transport=dt_socket,embedding=1,server=y,suspend=n,address=127.0.0.1:56418
Using cacheserver namespaces - metadata:defaultmetadata, artifacts:defaultartifacts
Using cacheserver namespaces - metadata:defaultmetadata, artifacts:defaultartifacts
ImportWorker Server TCP listen port: 0
AcceleratorClientConnectionCallback - disconnected - :0
Begin MonoManager ReloadAssembly
Registering precompiled unity dll's ...
Register platform support module: /home/worlesenric/Unity/Hub/Editor/6000.0.75f1/Editor/Data/PlaybackEngines/MacStandaloneSupport/UnityEditor.OSXStandalone.Extensions.dll
Register platform support module: /home/worlesenric/Unity/Hub/Editor/6000.0.75f1/Editor/Data/PlaybackEngines/LinuxStandaloneSupport/UnityEditor.LinuxStandalone.Extensions.dll
Registered in 0.001056 seconds.
- Loaded All Assemblies, in  0.243 seconds
Native extension for LinuxStandalone target not found
Package Manager log level set to [2]
[Licensing::Client] Successfully resolved entitlement details
Native extension for OSXStandalone target not found
Mono: successfully reloaded assembly
- Finished resetting the current domain, in 14.914 seconds
Domain Reload Profiling: 15158ms
	BeginReloadAssembly (57ms)
		ExecutionOrderSort (0ms)
		DisableScriptedObjects (0ms)
		BackupInstance (0ms)
		ReleaseScriptingObjects (0ms)
		CreateAndSetChildDomain (1ms)
	RebuildCommonClasses (27ms)
	RebuildNativeTypeToScriptingClass (6ms)
	initialDomainReloadingComplete (40ms)
	LoadAllAssembliesAndSetupDomain (114ms)
		LoadAssemblies (57ms)
		RebuildTransferFunctionScriptingTraits (0ms)
		AnalyzeDomain (112ms)
			TypeCache.Refresh (111ms)
				TypeCache.ScanAssembly (101ms)
			BuildScriptInfoCaches (0ms)
			ResolveRequiredComponents (0ms)
	FinalizeReload (14915ms)
		ReleaseScriptCaches (0ms)
		RebuildScriptCaches (0ms)
		SetupLoadedEditorAssemblies (14891ms)
			LogAssemblyErrors (0ms)
			InitializePlatformSupportModulesInManaged (14719ms)
			SetLoadedEditorAssemblies (4ms)
			BeforeProcessingInitializeOnLoad (41ms)
			ProcessInitializeOnLoadAttributes (91ms)
			ProcessInitializeOnLoadMethodAttributes (36ms)
			AfterProcessingInitializeOnLoad (0ms)
			EditorAssembliesLoaded (0ms)
		ExecutionOrderSort2 (0ms)
		AwakeInstancesAfterBackupRestoration (0ms)
[Licensing::Client] Successfully resolved entitlement details
Application.AssetDatabase Initial Refresh Start
[Package Manager] Restoring resolved packages state from cache
[Licensing::Client] Successfully resolved entitlement details
[Package Manager] Registered 62 packages:
  Packages from [https://packages.unity.com]:
    com.unity.ai.navigation@2.0.12 (location: /home/worlesenric/.cache/gamecore-studio/stage/stage-real-plate/project/Library/PackageCache/com.unity.ai.navigation@734c2c4c5591)
    com.unity.burst@1.8.28 (location: /home/worlesenric/.cache/gamecore-studio/stage/stage-real-plate/project/Library/PackageCache/com.unity.burst@07790c2d06d9)
    com.unity.collections@2.6.6 (location: /home/worlesenric/.cache/gamecore-studio/stage/stage-real-plate/project/Library/PackageCache/com.unity.collections@9796e5ee0d9e)
    com.unity.entities@1.4.6 (location: /home/worlesenric/.cache/gamecore-studio/stage/stage-real-plate/project/Library/PackageCache/com.unity.entities@e90944159b94)
    com.unity.inputsystem@1.19.0 (location: /home/worlesenric/.cache/gamecore-studio/stage/stage-real-plate/project/Library/PackageCache/com.unity.inputsystem@21a28c3a6c83)
    com.unity.mathematics@1.3.2 (location: /home/worlesenric/.cache/gamecore-studio/stage/stage-real-plate/project/Library/PackageCache/com.unity.mathematics@8017b507cc74)
    com.unity.nuget.newtonsoft-json@3.2.1 (location: /home/worlesenric/.cache/gamecore-studio/stage/stage-real-plate/project/Library/PackageCache/com.unity.nuget.newtonsoft-json@74deb55db2a0)
    com.unity.toolchain.linux-x86_64@2.0.11 (location: /home/worlesenric/.cache/gamecore-studio/stage/stage-real-plate/project/Library/PackageCache/com.unity.toolchain.linux-x86_64@53b88ff74b51)
    com.unity.sysroot@2.0.10 (location: /home/worlesenric/.cache/gamecore-studio/stage/stage-real-plate/project/Library/PackageCache/com.unity.sysroot@7bbbb9339c14)
    com.unity.sysroot.linux-x86_64@2.0.9 (location: /home/worlesenric/.cache/gamecore-studio/stage/stage-real-plate/project/Library/PackageCache/com.unity.sysroot.linux-x86_64@1998d1c7730e)
    com.unity.serialization@3.1.5 (location: /home/worlesenric/.cache/gamecore-studio/stage/stage-real-plate/project/Library/PackageCache/com.unity.serialization@c463b52e88d7)
    com.unity.profiling.core@1.0.3 (location: /home/worlesenric/.cache/gamecore-studio/stage/stage-real-plate/project/Library/PackageCache/com.unity.profiling.core@8a49f7027d06)
    com.unity.nuget.mono-cecil@1.11.6 (location: /home/worlesenric/.cache/gamecore-studio/stage/stage-real-plate/project/Library/PackageCache/com.unity.nuget.mono-cecil@ecb9724e46ff)
    com.unity.scriptablebuildpipeline@2.6.1 (location: /home/worlesenric/.cache/gamecore-studio/stage/stage-real-plate/project/Library/PackageCache/com.unity.scriptablebuildpipeline@36e3b5898ee2)
    com.unity.test-framework.performance@3.4.0 (location: /home/worlesenric/.cache/gamecore-studio/stage/stage-real-plate/project/Library/PackageCache/com.unity.test-framework.performance@aa81a99c4a75)
    com.unity.searcher@4.9.3 (location: /home/worlesenric/.cache/gamecore-studio/stage/stage-real-plate/project/Library/PackageCache/com.unity.searcher@1e17ce91558d)
  Built-in packages:
    com.unity.modules.ai@1.0.0 (location: /home/worlesenric/.cache/gamecore-studio/stage/stage-real-plate/project/Library/PackageCache/com.unity.modules.ai)
    com.unity.modules.animation@1.0.0 (location: /home/worlesenric/.cache/gamecore-studio/stage/stage-real-plate/project/Library/PackageCache/com.unity.modules.animation)
    com.unity.modules.audio@1.0.0 (location: /home/worlesenric/.cache/gamecore-studio/stage/stage-real-plate/project/Library/PackageCache/com.unity.modules.audio)
    com.unity.modules.imageconversion@1.0.0 (location: /home/worlesenric/.cache/gamecore-studio/stage/stage-real-plate/project/Library/PackageCache/com.unity.modules.imageconversion)
    com.unity.modules.imgui@1.0.0 (location: /home/worlesenric/.cache/gamecore-studio/stage/stage-real-plate/project/Library/PackageCache/com.unity.modules.imgui)
    com.unity.modules.jsonserialize@1.0.0 (location: /home/worlesenric/.cache/gamecore-studio/stage/stage-real-plate/project/Library/PackageCache/com.unity.modules.jsonserialize)
    com.unity.modules.physics@1.0.0 (location: /home/worlesenric/.cache/gamecore-studio/stage/stage-real-plate/project/Library/PackageCache/com.unity.modules.physics)
    com.unity.modules.screencapture@1.0.0 (location: /home/worlesenric/.cache/gamecore-studio/stage/stage-real-plate/project/Library/PackageCache/com.unity.modules.screencapture)
    com.unity.modules.ui@1.0.0 (location: /home/worlesenric/.cache/gamecore-studio/stage/stage-real-plate/project/Library/PackageCache/com.unity.modules.ui)
    com.unity.modules.uielements@1.0.0 (location: /home/worlesenric/.cache/gamecore-studio/stage/stage-real-plate/project/Library/PackageCache/com.unity.modules.uielements)
    com.unity.modules.unitywebrequest@1.0.0 (location: /home/worlesenric/.cache/gamecore-studio/stage/stage-real-plate/project/Library/PackageCache/com.unity.modules.unitywebrequest)
    com.unity.modules.video@1.0.0 (location: /home/worlesenric/.cache/gamecore-studio/stage/stage-real-plate/project/Library/PackageCache/com.unity.modules.video)
    com.unity.render-pipelines.universal@17.0.4 (location: /home/worlesenric/.cache/gamecore-studio/stage/stage-real-plate/project/Library/PackageCache/com.unity.render-pipelines.universal@a1a2df1d8dcb)
    com.unity.test-framework@1.6.0 (location: /home/worlesenric/.cache/gamecore-studio/stage/stage-real-plate/project/Library/PackageCache/com.unity.test-framework@bd52b1c23814)
    com.unity.ext.nunit@2.0.5 (location: /home/worlesenric/.cache/gamecore-studio/stage/stage-real-plate/project/Library/PackageCache/com.unity.ext.nunit@b16e6d09cd93)
    com.unity.render-pipelines.core@17.0.4 (location: /home/worlesenric/.cache/gamecore-studio/stage/stage-real-plate/project/Library/PackageCache/com.unity.render-pipelines.core@2fecbe5ecc80)
    com.unity.shadergraph@17.0.4 (location: /home/worlesenric/.cache/gamecore-studio/stage/stage-real-plate/project/Library/PackageCache/com.unity.shadergraph@029994c473dc)
    com.unity.render-pipelines.universal-config@17.0.3 (location: /home/worlesenric/.cache/gamecore-studio/stage/stage-real-plate/project/Library/PackageCache/com.unity.render-pipelines.universal-config@e48fefd716b5)
    com.unity.modules.hierarchycore@1.0.0 (location: /home/worlesenric/.cache/gamecore-studio/stage/stage-real-plate/project/Library/PackageCache/com.unity.modules.hierarchycore)
    com.unity.modules.assetbundle@1.0.0 (location: /home/worlesenric/.cache/gamecore-studio/stage/stage-real-plate/project/Library/PackageCache/com.unity.modules.assetbundle)
    com.unity.modules.unityanalytics@1.0.0 (location: /home/worlesenric/.cache/gamecore-studio/stage/stage-real-plate/project/Library/PackageCache/com.unity.modules.unityanalytics)
    com.unity.ugui@2.0.0 (location: /home/worlesenric/.cache/gamecore-studio/stage/stage-real-plate/project/Library/PackageCache/com.unity.ugui@a477a4a18974)
    com.unity.modules.terrain@1.0.0 (location: /home/worlesenric/.cache/gamecore-studio/stage/stage-real-plate/project/Library/PackageCache/com.unity.modules.terrain)
    com.unity.rendering.light-transport@1.0.1 (location: /home/worlesenric/.cache/gamecore-studio/stage/stage-real-plate/project/Library/PackageCache/com.unity.rendering.light-transport@fd597d1a9e15)
  Embedded packages:
    com.hollowmere.mechanism.pressureplate@file:/home/worlesenric/.cache/gamecore-studio/stage/stage-real-plate/project/Packages/com.hollowmere.mechanism.pressureplate (location: /home/worlesenric/.cache/gamecore-studio/stage/stage-real-plate/project/Packages/com.hollowmere.mechanism.pressureplate)
  Local packages:
    com.gamecore.composition@file:/home/worlesenric/wkspace/gc-studio/p2.4/Packages/com.gamecore.composition (location: /home/worlesenric/wkspace/gc-studio/p2.4/Packages/com.gamecore.composition)
    com.gamecore.content.compiler@file:/home/worlesenric/wkspace/gc-studio/p2.4/Packages/com.gamecore.content.compiler (location: /home/worlesenric/wkspace/gc-studio/p2.4/Packages/com.gamecore.content.compiler)
    com.gamecore.contracts@file:/home/worlesenric/wkspace/gc-studio/p2.4/Packages/com.gamecore.contracts (location: /home/worlesenric/wkspace/gc-studio/p2.4/Packages/com.gamecore.contracts)
    com.gamecore.derivation@file:/home/worlesenric/wkspace/gc-studio/p2.4/Packages/com.gamecore.derivation (location: /home/worlesenric/wkspace/gc-studio/p2.4/Packages/com.gamecore.derivation)
    com.gamecore.gameplay.cards@file:/home/worlesenric/wkspace/gc-studio/p2.4/Packages/com.gamecore.gameplay.cards (location: /home/worlesenric/wkspace/gc-studio/p2.4/Packages/com.gamecore.gameplay.cards)
    com.gamecore.gameplay.compile@file:/home/worlesenric/wkspace/gc-studio/p2.4/Packages/com.gamecore.gameplay.compile (location: /home/worlesenric/wkspace/gc-studio/p2.4/Packages/com.gamecore.gameplay.compile)
    com.gamecore.gameplay.contracts@file:/home/worlesenric/wkspace/gc-studio/p2.4/Packages/com.gamecore.gameplay.contracts (location: /home/worlesenric/wkspace/gc-studio/p2.4/Packages/com.gamecore.gameplay.contracts)
    com.gamecore.gameplay.entities@file:/home/worlesenric/wkspace/gc-studio/p2.4/Packages/com.gamecore.gameplay.entities (location: /home/worlesenric/wkspace/gc-studio/p2.4/Packages/com.gamecore.gameplay.entities)
    com.gamecore.gameplay.integration@file:/home/worlesenric/wkspace/gc-studio/p2.4/Packages/com.gamecore.gameplay.integration (location: /home/worlesenric/wkspace/gc-studio/p2.4/Packages/com.gamecore.gameplay.integration)
    com.gamecore.gameplay.narrative@file:/home/worlesenric/wkspace/gc-studio/p2.4/Packages/com.gamecore.gameplay.narrative (location: /home/worlesenric/wkspace/gc-studio/p2.4/Packages/com.gamecore.gameplay.narrative)
    com.gamecore.gameplay.rewards@file:/home/worlesenric/wkspace/gc-studio/p2.4/Packages/com.gamecore.gameplay.rewards (location: /home/worlesenric/wkspace/gc-studio/p2.4/Packages/com.gamecore.gameplay.rewards)
    com.gamecore.gameplay.traversal@file:/home/worlesenric/wkspace/gc-studio/p2.4/Packages/com.gamecore.gameplay.traversal (location: /home/worlesenric/wkspace/gc-studio/p2.4/Packages/com.gamecore.gameplay.traversal)
    com.gamecore.gameplay.world@file:/home/worlesenric/wkspace/gc-studio/p2.4/Packages/com.gamecore.gameplay.world (location: /home/worlesenric/wkspace/gc-studio/p2.4/Packages/com.gamecore.gameplay.world)
    com.gamecore.planning@file:/home/worlesenric/wkspace/gc-studio/p2.4/Packages/com.gamecore.planning (location: /home/worlesenric/wkspace/gc-studio/p2.4/Packages/com.gamecore.planning)
    com.gamecore.rules.cards@file:/home/worlesenric/wkspace/gc-studio/p2.4/Packages/com.gamecore.rules.cards (location: /home/worlesenric/wkspace/gc-studio/p2.4/Packages/com.gamecore.rules.cards)
    com.gamecore.rules.gameplay@file:/home/worlesenric/wkspace/gc-studio/p2.4/Packages/com.gamecore.rules.gameplay (location: /home/worlesenric/wkspace/gc-studio/p2.4/Packages/com.gamecore.rules.gameplay)
    com.gamecore.rules.narrative@file:/home/worlesenric/wkspace/gc-studio/p2.4/Packages/com.gamecore.rules.narrative (location: /home/worlesenric/wkspace/gc-studio/p2.4/Packages/com.gamecore.rules.narrative)
    com.gamecore.rules.traversal@file:/home/worlesenric/wkspace/gc-studio/p2.4/Packages/com.gamecore.rules.traversal (location: /home/worlesenric/wkspace/gc-studio/p2.4/Packages/com.gamecore.rules.traversal)
    com.gamecore.unity.adapters@file:/home/worlesenric/wkspace/gc-studio/p2.4/Packages/com.gamecore.unity.adapters (location: /home/worlesenric/wkspace/gc-studio/p2.4/Packages/com.gamecore.unity.adapters)
    com.gamecore.unity.app@file:/home/worlesenric/wkspace/gc-studio/p2.4/Packages/com.gamecore.unity.app (location: /home/worlesenric/wkspace/gc-studio/p2.4/Packages/com.gamecore.unity.app)
    com.gamecore.unity.runtime@file:/home/worlesenric/wkspace/gc-studio/p2.4/Packages/com.gamecore.unity.runtime (location: /home/worlesenric/wkspace/gc-studio/p2.4/Packages/com.gamecore.unity.runtime)
[Subsystems] No new subsystems found in resolved package list.
[Package Manager] Done registering packages in 0.00 seconds
Assembly reference Packages/com.unity.entities/Unity.Scenes.Editor/Internals/Properties/Unity.Properties.Internals.asmref has no target assembly definition
Assembly reference Packages/com.unity.entities/Unity.Scenes.Editor/Internals/Properties/Unity.Properties.Internals.asmref has no target assembly definition
[40m[32minfo[39m[22m[49m: Microsoft.Hosting.Lifetime[14]
      Now listening on: http://unix:/tmp/ilpp.sock-95b117f72b1b083ab02cda7ee6f1dc14
[40m[32minfo[39m[22m[49m: Microsoft.Hosting.Lifetime[0]
      Application started. Press Ctrl+C to shut down.
[40m[32minfo[39m[22m[49m: Microsoft.Hosting.Lifetime[0]
      Hosting environment: Production
[40m[32minfo[39m[22m[49m: Microsoft.Hosting.Lifetime[0]
      Content root path: /home/worlesenric/.cache/gamecore-studio/stage/stage-real-plate/project/
[40m[32minfo[39m[22m[49m: Microsoft.AspNetCore.Hosting.Diagnostics[1]
      Request starting HTTP/2 POST http://ilpp/UnityILPP.PostProcessing/Ping application/grpc -
[40m[32minfo[39m[22m[49m: Microsoft.AspNetCore.Routing.EndpointMiddleware[0]
      Executing endpoint 'gRPC - /UnityILPP.PostProcessing/Ping'
[40m[32minfo[39m[22m[49m: Microsoft.AspNetCore.Routing.EndpointMiddleware[1]
      Executed endpoint 'gRPC - /UnityILPP.PostProcessing/Ping'
[40m[32minfo[39m[22m[49m: Microsoft.AspNetCore.Hosting.Diagnostics[2]
      Request finished HTTP/2 POST http://ilpp/UnityILPP.PostProcessing/Ping application/grpc - - 200 - application/grpc 28.9899ms
Starting: /home/worlesenric/Unity/Hub/Editor/6000.0.75f1/Editor/Data/bee_backend --ipc --defer-dag-verification --dagfile="Library/Bee/2400b0aE.dag" --continue-on-failure --profile="Library/Bee/backend1.traceevents" ScriptAssemblies
WorkingDir: /home/worlesenric/.cache/gamecore-studio/stage/stage-real-plate/project
[40m[32minfo[39m[22m[49m: Microsoft.AspNetCore.Hosting.Diagnostics[1]
      Request starting HTTP/2 POST http://ilpp/UnityILPP.PostProcessing/ConfigurePostProcessors application/grpc -
[40m[32minfo[39m[22m[49m: Microsoft.AspNetCore.Routing.EndpointMiddleware[0]
      Executing endpoint 'gRPC - /UnityILPP.PostProcessing/ConfigurePostProcessors'
[40m[1m[33mwarn[39m[22m[49m: Unity.ILPP.Runner.PostProcessingAssemblyLoadContext[0]
      Assembly system.runtime.interopservices.windowsruntime has duplicate hint path. Ignoring "/home/worlesenric/Unity/Hub/Editor/6000.0.75f1/Editor/Data/UnityReferenceAssemblies/unity-4.8-api/Facades/System.Runtime.InteropServices.WindowsRuntime.dll" in favor of "/home/worlesenric/Unity/Hub/Editor/6000.0.75f1/Editor/Data/NetStandard/Extensions/2.0.0/System.Runtime.InteropServices.WindowsRuntime.dll"
[40m[1m[33mwarn[39m[22m[49m: Unity.ILPP.Runner.PostProcessingAssemblyLoadContext[0]
      Assembly system.componentmodel.composition has duplicate hint path. Ignoring "/home/worlesenric/Unity/Hub/Editor/6000.0.75f1/Editor/Data/UnityReferenceAssemblies/unity-4.8-api/System.ComponentModel.Composition.dll" in favor of "/home/worlesenric/Unity/Hub/Editor/6000.0.75f1/Editor/Data/NetStandard/compat/2.1.0/shims/netfx/System.ComponentModel.Composition.dll"
[40m[32minfo[39m[22m[49m: Unity.ILPP.Runner.PostProcessingAssemblyLoadContext[0]
      Resolved Unity.Burst.Cecil, Version=0.11.4.0, Culture=neutral, PublicKeyToken=50cebf1cceb9d05e with Library/PackageCache/com.unity.burst@07790c2d06d9/Unity.Burst.CodeGen/Unity.Burst.Cecil.dll
[40m[32minfo[39m[22m[49m: Unity.ILPP.Runner.PostProcessingAssemblyLoadContext[0]
      Resolved Mono.Cecil, Version=0.11.5.0, Culture=neutral, PublicKeyToken=50cebf1cceb9d05e with Library/PackageCache/com.unity.nuget.mono-cecil@ecb9724e46ff/Mono.Cecil.dll
[40m[32minfo[39m[22m[49m: Unity.ILPP.Runner.PostProcessingAssemblyLoadContext[0]
      Resolved Unity.Entities, Version=0.0.0.0, Culture=neutral, PublicKeyToken=null with Library/Bee/artifacts/2400b0aE.dag/Unity.Entities.dll
[40m[32minfo[39m[22m[49m: Microsoft.AspNetCore.Routing.EndpointMiddleware[1]
      Executed endpoint 'gRPC - /UnityILPP.PostProcessing/ConfigurePostProcessors'
[40m[32minfo[39m[22m[49m: Microsoft.AspNetCore.Hosting.Diagnostics[2]
      Request finished HTTP/2 POST http://ilpp/UnityILPP.PostProcessing/ConfigurePostProcessors application/grpc - - 200 - application/grpc 44.1722ms
DisplayProgressbar: Compiling Scripts
ExitCode: 0 Duration: 0s178ms
[ 866/1188  0s] ILPP-Configuration Library/ilpp-configuration.nevergeneratedoutput
*** Tundra build success (0.15 seconds), 1 items updated, 1188 evaluated
AssetDatabase: script compilation time: 0.512496s
Begin MonoManager ReloadAssembly
Symbol file LoadedFromMemory is not a mono symbol file
- Loaded All Assemblies, in  0.690 seconds
Refreshing native plugins compatible for Editor in 0.18 ms, found 1 plugins.
Native extension for LinuxStandalone target not found
Native extension for OSXStandalone target not found
Assembly reference Packages/com.unity.entities/Unity.Scenes.Editor/Internals/Properties/Unity.Properties.Internals.asmref has no target assembly definition
TypeManager.Initialize took: 126ms
Mono: successfully reloaded assembly
- Finished resetting the current domain, in  2.557 seconds
Domain Reload Profiling: 3244ms
	BeginReloadAssembly (337ms)
		ExecutionOrderSort (0ms)
		DisableScriptedObjects (16ms)
		BackupInstance (0ms)
		ReleaseScriptingObjects (0ms)
		CreateAndSetChildDomain (256ms)
	RebuildCommonClasses (25ms)
	RebuildNativeTypeToScriptingClass (6ms)
	initialDomainReloadingComplete (21ms)
	LoadAllAssembliesAndSetupDomain (298ms)
		LoadAssemblies (174ms)
		RebuildTransferFunctionScriptingTraits (0ms)
		AnalyzeDomain (164ms)
			TypeCache.Refresh (114ms)
				TypeCache.ScanAssembly (104ms)
			BuildScriptInfoCaches (42ms)
			ResolveRequiredComponents (6ms)
	FinalizeReload (2558ms)
		ReleaseScriptCaches (0ms)
		RebuildScriptCaches (0ms)
		SetupLoadedEditorAssemblies (2404ms)
			LogAssemblyErrors (0ms)
			InitializePlatformSupportModulesInManaged (40ms)
			SetLoadedEditorAssemblies (4ms)
			BeforeProcessingInitializeOnLoad (108ms)
			ProcessInitializeOnLoadAttributes (2120ms)
			ProcessInitializeOnLoadMethodAttributes (129ms)
			AfterProcessingInitializeOnLoad (2ms)
			EditorAssembliesLoaded (0ms)
		ExecutionOrderSort2 (0ms)
		AwakeInstancesAfterBackupRestoration (5ms)
Asset Pipeline Refresh (id=a60253c38bf569e7db20c64183f16fff): Total: 4.389 seconds - Initiated by InitialRefreshV2(ForceSynchronousImport)
	Summary:
		Imports: total=0 (actual=0, local cache=0, cache server=0)
		Asset DB Process Time: managed=0 ms, native=3118 ms
		Asset DB Callback time: managed=21 ms, native=3 ms
		Scripting: domain reloads=1, domain reload time=690 ms, compile time=514 ms, other=41 ms
		Project Asset Count: scripts=1480, non-scripts=2198
		Asset File Changes: new=0, changed=0, moved=0, deleted=0
		Scan Filter Count: 1
	InvokeCustomDependenciesCallbacks: 0.003ms
	InvokePackagesCallback: 4.885ms
	ApplyChangesToAssetFolders: 0.371ms
	Scan: 357.305ms
	OnSourceAssetsModified: 0.003ms
	CategorizeAssetsWithTransientArtifact: 24.969ms
	ProcessAssetsWithTransientArtifactChanges: 43.111ms
	CategorizeAssets: 34.586ms
	ImportOutOfDateAssets: 2563.962ms (2048.036ms without children)
		CompileScripts: 513.714ms
		ReloadNativeAssets: 0.018ms
		UnloadImportedAssets: 1.129ms
		EnsureUptoDateAssetsAreRegisteredWithGuidPM: 0.570ms
		InitializingProgressBar: 0.000ms
		PostProcessAllAssetNotificationsAddChangedAssets: 0.000ms
		OnDemandSchedulerStart: 0.495ms
	PostProcessAllAssets: 21.082ms
	GatherAllCurrentPrimaryArtifactRevisions: 0.000ms
	UnloadStreamsBegin: 1.308ms
	PersistCurrentRevisions: 0.119ms
	UnloadStreamsEnd: 0.001ms
	GenerateScriptTypeHashes: 2.289ms
	Untracked: 1337.495ms

Application.AssetDatabase Initial Refresh End
Scanning for USB devices : 0.872ms
Initializing Unity extensions:
UpdateMenuTitleForLanguage: 10
[MODES] ModeService[none].Initialize
[MODES] ModeService[none].LoadModes
[MODES] Loading mode Default (0) for mode-current-id-Hollowmere
Unloading 16 Unused Serialized files (Serialized files now loaded: 0)
Unloading 5616 unused Assets / (4.1 MB). Loaded Objects now: 6289.
Memory consumption went from 176.4 MB to 172.2 MB.
Total: 12.060131 ms (FindLiveObjects: 0.707927 ms CreateObjectMapping: 0.341572 ms MarkObjects: 7.636870 ms  DeleteObjects: 3.372623 ms)


(process:3712418): GLib-GObject-CRITICAL **: 10:29:19.726: g_object_unref: assertion 'G_IS_OBJECT (object)' failed

(process:3712418): GLib-GObject-CRITICAL **: 10:29:19.726: g_object_unref: assertion 'G_IS_OBJECT (object)' failed

(process:3712418): GLib-GObject-CRITICAL **: 10:29:19.726: g_object_unref: assertion 'G_IS_OBJECT (object)' failed

(process:3712418): Gtk-CRITICAL **: 10:29:19.726: gtk_widget_destroy: assertion 'GTK_IS_WIDGET (widget)' failed
Disable old input system
[Project] Loading completed in 20.979 seconds
	Project init time: 				20.461 seconds
		Template init time: 		0.000 seconds
		Package Manager init time: 		0.000 seconds
		Asset Database init time: 		0.194 seconds
		Global illumination init time: 	0.002 seconds
		Assemblies load time: 			15.168 seconds
		Unity extensions init time: 	0.032 seconds
		Asset Database refresh time: 	4.389 seconds
	Scene opening time: 			0.256 seconds
##utp:{"type":"ProjectInfo","version":2,"phase":"Immediate","time":1791167359726,"processId":3712418,"projectLoad":20.979220766,"projectInit":20.461473173,"templateInit":0.0,"packageManagerInit":0.000233161,"assetDatabaseInit":0.193924558,"globalIlluminationInit":0.002098604,"assembliesLoad":15.167736658,"unityExtensionsInit":0.032277596,"assetDatabaseRefresh":4.389263311,"sceneOpening":0.255645451}
##utp:{"type":"EditorInfo","version":2,"phase":"Immediate","time":1791167359726,"processId":3712418,"editorVersion":"6000.0.75f1 (26349cd2a5c8)","branch":"6000.0/staging","buildType":"Release","platform":"Linux"}
Asset Pipeline Refresh (id=7f6d67d9e030dbda8890329ee96d1727): Total: 0.564 seconds - Initiated by RefreshV2(ForceSynchronousImport)
	Summary:
		Imports: total=0 (actual=0, local cache=0, cache server=0)
		Asset DB Process Time: managed=0 ms, native=563 ms
		Asset DB Callback time: managed=0 ms, native=0 ms
		Scripting: domain reloads=0, domain reload time=0 ms, compile time=0 ms, other=0 ms
		Project Asset Count: scripts=1480, non-scripts=2198
		Asset File Changes: new=0, changed=0, moved=0, deleted=0
		Scan Filter Count: 1
	InvokeCustomDependenciesCallbacks: 0.001ms
	InvokePackagesCallback: 0.932ms
	ApplyChangesToAssetFolders: 0.185ms
	Scan: 252.303ms
	OnSourceAssetsModified: 0.001ms
	CategorizeAssetsWithTransientArtifact: 0.001ms
	ProcessAssetsWithTransientArtifactChanges: 0.113ms
	CategorizeAssets: 24.074ms
	ImportOutOfDateAssets: 0.854ms (0.167ms without children)
		CompileScripts: 0.026ms
		ReloadNativeAssets: 0.020ms
		UnloadImportedAssets: 0.080ms
		EnsureUptoDateAssetsAreRegisteredWithGuidPM: 0.288ms
		InitializingProgressBar: 0.000ms
		PostProcessAllAssetNotificationsAddChangedAssets: 0.000ms
		OnDemandSchedulerStart: 0.274ms
	GatherAllCurrentPrimaryArtifactRevisions: 0.208ms
	UnloadStreamsBegin: 0.049ms
	PersistCurrentRevisions: 0.126ms
	UnloadStreamsEnd: 0.000ms
	Untracked: 285.028ms

Asset Pipeline Refresh (id=1e81f9c6a07fe4b5eb8fdd1b4399e4d6): Total: 0.085 seconds - Initiated by RefreshV2(NoUpdateAssetOptions)
Shader Hidden/ProbeVolume/VoxelizeScene is not supported: GPU does not support conservative rasterization
Running tests for ExecutionSettings with details:
targetPlatform = 
playerHeartbeatTimeout = 600
filters[0] = 
   Filter with settings:
   testMode = PlayMode
   targetPlatform = 
   testNames = null
   groupNames = null
   categoryNames = null
   assemblyNames = null
ignoreTests = {}
featureFlags = null

UnityEngine.Debug:ExtractStackTraceNoAlloc (byte*,int,string)
UnityEngine.StackTraceUtility:ExtractStackTrace () (at /home/bokken/build/output/unity/unity/Runtime/Export/Scripting/StackTrace.cs:35)
UnityEngine.DebugLogHandler:Internal_Log (UnityEngine.LogType,UnityEngine.LogOption,string,UnityEngine.Object)
UnityEngine.DebugLogHandler:LogFormat (UnityEngine.LogType,UnityEngine.Object,string,object[])
UnityEngine.Logger:Log (UnityEngine.LogType,object)
UnityEngine.Debug:Log (object)
UnityEditor.TestTools.TestRunner.CommandLineTest.Executer:InitializeAndExecuteRun (string[]) (at ./Library/PackageCache/com.unity.test-framework@bd52b1c23814/UnityEditor.TestRunner/CommandLineTest/Executer.cs:53)
UnityEditor.TestTools.TestRunner.CommandLineTest.TestStarter:InitializeAndExecuteRun () (at ./Library/PackageCache/com.unity.test-framework@bd52b1c23814/UnityEditor.TestRunner/CommandLineTest/TestStarter.cs:64)
UnityEditor.EditorApplication:Internal_CallUpdateFunctions () (at /home/bokken/build/output/unity/unity/Editor/Mono/EditorApplication.cs:384)

(Filename: ./Library/PackageCache/com.unity.test-framework@bd52b1c23814/UnityEditor.TestRunner/CommandLineTest/Executer.cs Line: 53)

DisplayProgressbar: Material Upgrader re-import
Start importing Packages/com.unity.render-pipelines.universal/Runtime/Materials/Decal.mat using Guid(31d0dcc6f2dd4e4408d18036a2c93862) (NativeFormatImporter) -> (artifact id: '8f3d32c29394a79b41f28a25b53defe8') in 0.004515528 seconds
Start importing Packages/com.unity.render-pipelines.universal/Runtime/Materials/Lit.mat using Guid(31321ba15b8f8eb4c954353edc038b1d) (NativeFormatImporter) -> (artifact id: '960643f9fe6857c5d72b0d2fd2085c0e') in 0.00060819 seconds
Start importing Assets/Hollowmere/World/Prefabs/Lantern.mat using Guid(911842b1b2bff39c88a5577d4380b74c) (NativeFormatImporter) -> (artifact id: '1189a75c8e8613e1fd25f0baffdf7c87') in 0.000684171 seconds
Start importing Packages/com.unity.render-pipelines.universal/Editor/SceneTemplates/Standard/Materials/Gold.mat using Guid(c2e40fa84d53ccd428f640eac126b1fb) (NativeFormatImporter) -> (artifact id: '9a75d51d1e747d94c5fd36e74b0d88c1') in 0.000680005 seconds
Start importing Packages/com.unity.render-pipelines.universal/Runtime/Materials/SpriteMask-Default.mat using Guid(15d0c3709176029428a0da2f8cecf0b5) (NativeFormatImporter) -> (artifact id: '9b9123c1145efbdb38e316f85cad951e') in 0.000515093 seconds
Start importing Packages/com.unity.render-pipelines.universal/Runtime/Materials/SpatialMappingOcclusion.mat using Guid(b51db210fe78df745a372851b3db949e) (NativeFormatImporter) -> (artifact id: 'e725b235a682e6bf286c10ab07552b74') in 0.000617958 seconds
Start importing Packages/com.unity.render-pipelines.universal/Editor/SceneTemplates/Standard/Materials/Ground.mat using Guid(761d8e1f988ed2345a28312145c79c6e) (NativeFormatImporter) -> (artifact id: '97be10e07c1f855859a62635d45b8539') in 0.001423484 seconds
Start importing Assets/Hollowmere/World/Prefabs/Crate.mat using Guid(28346a61812b63be2b91a3f072f4ac60) (NativeFormatImporter) -> (artifact id: '9d74e66a6f26e5e612fb92c405a7463b') in 0.001039477 seconds
Start importing Packages/com.unity.render-pipelines.universal/Runtime/Materials/FullscreenInvertColors.mat using Guid(78a08787ca30045abb69f6f7dd878e09) (NativeFormatImporter) -> (artifact id: 'ee24d1240c4d3093a35a8ce9cd6a6123') in 0.00175511 seconds
Start importing Packages/com.unity.render-pipelines.universal/Runtime/Materials/SpatialMappingWireframe.mat using Guid(9875a245ac49007498213638a307faa1) (NativeFormatImporter) -> (artifact id: '40a3a03ad30c23572795ee7951b74454') in 0.001148354 seconds
Start importing Packages/com.unity.render-pipelines.universal/Runtime/Materials/ParticlesUnlit.mat using Guid(e823cd5b5d27c0f4b8256e7c12ee3e6d) (NativeFormatImporter) -> (artifact id: 'aa862bff269d59d834f13819255630e6') in 0.001078505 seconds
Start importing Packages/com.unity.render-pipelines.universal/Runtime/Materials/TerrainLit.mat using Guid(594ea882c5a793440b60ff72d896021e) (NativeFormatImporter) -> (artifact id: '32c0756065a4c99773d8b19abfdb7370') in 0.001050536 seconds
Start importing Assets/Hollowmere/World/Prefabs/Traveller.mat using Guid(695cafc4cebe0be4683c45c1e428a8d1) (NativeFormatImporter) -> (artifact id: '9b7da67280074084b8dbe69179ae9e08') in 0.000881421 seconds
Start importing Packages/com.unity.render-pipelines.universal/Runtime/Materials/Sprite-Lit-Default.mat using Guid(a97c105638bdf8b4a8650670310a4cd3) (NativeFormatImporter) -> (artifact id: 'b2cd4e4a5173cb188e255112e4a6b285') in 0.000630685 seconds
Start importing Packages/com.unity.render-pipelines.universal/Editor/SceneTemplates/Standard/Materials/White.mat using Guid(f96821bbefeea864b9b418af4b8615ac) (NativeFormatImporter) -> (artifact id: 'b0a10ce88eba78cadb227317064359ad') in 0.000774705 seconds
Start importing Packages/com.unity.render-pipelines.universal/Runtime/Materials/SimpleLit.mat using Guid(6a1143ee683302f4aa628c052723efc1) (NativeFormatImporter) -> (artifact id: '4e947c4ad6c49ec8c3dbccd89f2ba9c5') in 0.000698406 seconds
Start importing Assets/Hollowmere/World/Prefabs/Reed.mat using Guid(ea9ec61735f711a46a411ddbf2fb0835) (NativeFormatImporter) -> (artifact id: '05ffedc826e5082cba6374b28117dceb') in 0.000618292 seconds
Start importing Assets/Hollowmere/World/Prefabs/Stone.mat using Guid(0bbb6a2ec62dbd6ed99c9b2d5e8fda27) (NativeFormatImporter) -> (artifact id: '0a7c37d53cf442810a25da33197eeb4b') in 0.000577123 seconds
Start importing Packages/com.unity.render-pipelines.universal/Runtime/Materials/Sprite-Unlit-Default.mat using Guid(9dfc825aed78fcd4ba02077103263b40) (NativeFormatImporter) -> (artifact id: '3535407266e63a704ebed07394e8e29d') in 0.00043874 seconds
Start importing Assets/Hollowmere/World/Prefabs/Signpost.mat using Guid(ad46b0c010e025b1ba7850de65835bb8) (NativeFormatImporter) -> (artifact id: '9a629eeaf2b1aa04aafd0c2a63d91dc4') in 0.000518011 seconds
Start importing Packages/com.unity.render-pipelines.universal/Editor/SceneTemplates/Standard/Materials/Black.mat using Guid(4f1ef37ae953c484bbc5d5e4049147e5) (NativeFormatImporter) -> (artifact id: 'c073248664ba5268b69bc9cf80293393') in 0.000478636 seconds
Start importing Assets/Hollowmere/World/Prefabs/Bell.mat using Guid(5f4092027bf0baedaa554561a3810e7c) (NativeFormatImporter) -> (artifact id: '6297ada650afc4aed2fcdc63d4528fb6') in 0.000444303 seconds
Start importing Packages/com.unity.searcher/Editor/Resources/FlatSkin/Font/Roboto-Black.ttf using Guid(1062c701058745940ae5dca6219c64c8) (TrueTypeFontImporter) -> (artifact id: '3d2ca9ae18e896f9e515bb462bac0909') in 0.002197269 seconds
Start importing Packages/com.unity.searcher/Editor/Resources/FlatSkin/Font/Roboto-Regular.ttf using Guid(30dc370b164eefc43b95744fc796dad0) (TrueTypeFontImporter) -> (artifact id: '7832638d633eff303fcf3ed8f8c85e78') in 0.000627231 seconds
Start importing Packages/com.unity.searcher/Editor/Resources/FlatSkin/Font/Roboto-ThinItalic.ttf using Guid(b2ea3b3f1765e544b9eb5bd1a93a91ce) (TrueTypeFontImporter) -> (artifact id: '4f6c2aa7215fb21f189270f0bbe3b50e') in 0.000628283 seconds
Start importing Packages/com.unity.render-pipelines.core/Runtime/Debugging/Prefabs/Fonts/PerfectDOSVGA437.ttf using Guid(74a5091d8707f334b9a5c31ef71a64ba) (TrueTypeFontImporter) -> (artifact id: 'b1e2b4726236af250e8a9e0edefa19ad') in 0.000505415 seconds
Start importing Packages/com.unity.searcher/Editor/Resources/FlatSkin/Font/Roboto-Medium.ttf using Guid(a51a3aebb43ac044989270407476b208) (TrueTypeFontImporter) -> (artifact id: 'e7322fcc653770ceff992dbaffdc342c') in 0.000604187 seconds
Start importing Packages/com.unity.searcher/Editor/Resources/FlatSkin/Font/Roboto-Bold.ttf using Guid(3750c318f40cab44a97d3a81beaefeb3) (TrueTypeFontImporter) -> (artifact id: '111caa903ed7225ec6078e61ef9fb671') in 0.001307335 seconds
Start importing Packages/com.unity.searcher/Editor/Resources/FlatSkin/Font/Roboto-Italic.ttf using Guid(c839255fc8f6b4b4d90bf8c1af9f9bd1) (TrueTypeFontImporter) -> (artifact id: '8fb74d7c7a155d1ca255c69a209f86ab') in 0.0006371 seconds
Start importing Packages/com.unity.searcher/Editor/Resources/FlatSkin/Font/Roboto-Thin.ttf using Guid(19a9abb883540be48b75b951a927ae03) (TrueTypeFontImporter) -> (artifact id: 'b0f726bd0974874e2c0598b808b85eed') in 0.000633898 seconds
Start importing Packages/com.unity.searcher/Editor/Resources/FlatSkin/Font/Roboto-MediumItalic.ttf using Guid(d93c1bc57fdf1ac4dad1bf04fac05464) (TrueTypeFontImporter) -> (artifact id: 'e37e57e9981fdfe39977ebf001f95a35') in 0.000651503 seconds
Start importing Packages/com.unity.searcher/Editor/Resources/FlatSkin/Font/Roboto-BlackItalic.ttf using Guid(f95147a9bab9fe649b8070170fa7ebd2) (TrueTypeFontImporter) -> (artifact id: '7352c0e7207c5b52e94f2677e4fad37a') in 0.000579736 seconds
Start importing Packages/com.unity.searcher/Editor/Resources/FlatSkin/Font/Roboto-Light.ttf using Guid(2a29e27936eb547458f646f71125b264) (TrueTypeFontImporter) -> (artifact id: '030c3049eebc0c442f157756287951d7') in 0.000595844 seconds
Start importing Packages/com.unity.searcher/Editor/Resources/FlatSkin/Font/Roboto-LightItalic.ttf using Guid(5e63515167650a541b309ba3bfd4db3d) (TrueTypeFontImporter) -> (artifact id: '2acb95d6e05d7756b0e095214c4bf8e6') in 0.000592961 seconds
Start importing Packages/com.unity.searcher/Editor/Resources/FlatSkin/Font/Roboto-BoldItalic.ttf using Guid(dfb97a9307a577a41bcacba34b9a7e32) (TrueTypeFontImporter) -> (artifact id: '51a36f17beac0bd54da540106340b9d8') in 0.001410698 seconds
Start importing Packages/com.unity.render-pipelines.universal/Runtime/Materials/ArnoldStandardSurface/ArnoldStandardSurfaceTransparent.shadergraph using Guid(30fa68ce467463643a86b839ca0eb195) (ScriptedImporter)Launched and connected shader compiler UnityShaderCompiler after 0.03 seconds
 -> (artifact id: '8fc0ff3f85a90c5130bf3270e7243190') in 0.357346189 seconds
Start importing Packages/com.unity.render-pipelines.universal/Shaders/AutodeskInteractive/AutodeskInteractiveMasked.shadergraph using Guid(80aa867ac363ac043847b06ad71604cd) (ScriptedImporter) -> (artifact id: '1710ad3feff674f0fdd404dca67d30af') in 0.080872695 seconds
Start importing Packages/com.unity.render-pipelines.universal/Shaders/2D/VFXSpriteLit.shadergraph using Guid(24a73dccd7b6fad4798be282f96a21f4) (ScriptedImporter) -> (artifact id: '5c800554f4918d2481e16be201c8c76e') in 0.049730955 seconds
Start importing Packages/com.unity.render-pipelines.universal/Runtime/Materials/PhysicalMaterial3DsMax/PhysicalMaterial3DsMax.shadergraph using Guid(44245ab89240f51459a5077d7145c452) (ScriptedImporter) -> (artifact id: '07436cb67b88c78c816edac04e26a215') in 0.078628486 seconds
Start importing Packages/com.unity.render-pipelines.universal/Runtime/Materials/ArnoldStandardSurface/ArnoldStandardSurface.shadergraph using Guid(3739e562a03fc0b4982d8aa66cc50865) (ScriptedImporter) -> (artifact id: '2da4cada6b181800187a91f1f3d6c72a') in 0.073133448 seconds
Start importing Packages/com.unity.render-pipelines.universal/Shaders/2D/VFXSpriteUnlit.shadergraph using Guid(d7288f66e4fb0634c9afef98c31b722a) (ScriptedImporter) -> (artifact id: 'f857dd8b113cb04ea68882fc5378ac39') in 0.038771202 seconds
Start importing Packages/com.unity.render-pipelines.universal/Shaders/Nature/SpeedTree8_PBRLit.shadergraph using Guid(9920c1f1781549a46ba081a2a15a16ec) (ScriptedImporter) -> (artifact id: '0e262520feb8c53edda491304a51ecd9') in 0.714837179 seconds
Start importing Packages/com.unity.render-pipelines.universal/Runtime/Materials/PhysicalMaterial3DsMax/PhysicalMaterial3DsMaxTransparent.shadergraph using Guid(1a207e3bee00db44b940e6f362a8e148) (ScriptedImporter) -> (artifact id: '324b0866b974ffc32393ff8c001a69ec') in 0.068414173 seconds
Start importing Packages/com.unity.render-pipelines.universal/Shaders/Decal.shadergraph using Guid(9b4e681081e2b4c469111bb649e2f7ee) (ScriptedImporter) -> (artifact id: '6acad91e000775ea9efb37a2bfba7973') in 0.05760939 seconds
Start importing Packages/com.unity.render-pipelines.universal/Shaders/Nature/SpeedTree9_URP.shadergraph using Guid(cbd3e1cc4ae141c42a30e33b4d666a61) (ScriptedImporter) -> (artifact id: 'b7b91e002f57a0067e0e06cdcce3ba6e') in 0.667458811 seconds
Start importing Packages/com.unity.render-pipelines.universal/Shaders/FullscreenInvertColors.shadergraph using Guid(fb6390f650ca44a5ba3246d8dda47927) (ScriptedImporter) -> (artifact id: '7a53917a475e82f1e66f413fdc68f9d8') in 0.031516055 seconds
Start importing Packages/com.unity.render-pipelines.universal/Shaders/AutodeskInteractive/AutodeskInteractiveTransparent.shadergraph using Guid(5c81372d981403744adbdda4433c9c11) (ScriptedImporter) -> (artifact id: '96d27a6638f6898a0494ad4dd56ac7b8') in 0.062804327 seconds
Start importing Packages/com.unity.render-pipelines.universal/Shaders/AutodeskInteractive/AutodeskInteractive.shadergraph using Guid(0e9d5a909a1f7e84882a534d0d11e49f) (ScriptedImporter) -> (artifact id: 'bb1d157d4f06a2a75f92ef82e7b2fd4c') in 0.064430015 seconds
Shader Hidden/ProbeVolume/VoxelizeScene is not supported: GPU does not support conservative rasterization
Refreshing native plugins compatible for Editor in 0.17 ms, found 1 plugins.
Preloading 0 native plugins for Editor in 0.00 ms.
Asset Pipeline Refresh (id=8f5091aa51496376f82a095cf44a99da): Total: 2.968 seconds - Initiated by StopAssetImportingV2(NoUpdateAssetOptions)
	Summary:
		Imports: total=48 (actual=48, local cache=0, cache server=0)
		Asset DB Process Time: managed=3 ms, native=2888 ms
		Asset DB Callback time: managed=56 ms, native=19 ms
		Scripting: domain reloads=0, domain reload time=0 ms, compile time=0 ms, other=0 ms
		Project Asset Count: scripts=1480, non-scripts=2198
		Asset File Changes: new=0, changed=0, moved=0, deleted=0
		Scan Filter Count: 75
	InvokeCustomDependenciesCallbacks: 0.000ms
	InvokePackagesCallback: 0.000ms
	ApplyChangesToAssetFolders: 0.086ms
	Scan: 4.444ms
	OnSourceAssetsModified: 0.000ms
	CategorizeAssetsWithTransientArtifact: 0.034ms
	ProcessAssetsWithTransientArtifactChanges: 0.054ms
	CategorizeAssets: 0.950ms
	ImportOutOfDateAssets: 2885.397ms (-4.347ms without children)
		ImportManagerImport: 2883.687ms (33.896ms without children)
			ImportInProcess: 2847.960ms
			UpdateCategorizedAssets: 1.830ms
		ReloadNativeAssets: 0.021ms
		UnloadImportedAssets: 0.702ms
		ReloadImportedAssets: 4.568ms
		EnsureUptoDateAssetsAreRegisteredWithGuidPM: 0.387ms
		InitializingProgressBar: 0.004ms
		PostProcessAllAssetNotificationsAddChangedAssets: 0.001ms
		OnDemandSchedulerStart: 0.375ms
	PostProcessAllAssets: 74.966ms
	Hotreload: 0.335ms
	GatherAllCurrentPrimaryArtifactRevisions: 0.139ms
	UnloadStreamsBegin: 0.001ms
	PersistCurrentRevisions: 0.119ms
	UnloadStreamsEnd: 0.026ms
	Untracked: 1.478ms

[UnityConnectServicesConfig] config is NOT valid, switching to default
Created GICache directory at /home/worlesenric/.cache/unity3d/GiCache. Took: 0.001s, timestamps: [20.993 - 20.995]
Unloading 70 Unused Serialized files (Serialized files now loaded: 0)
Unloading 123 unused Assets / (3.4 MB). Loaded Objects now: 6327.
Memory consumption went from 261.6 MB to 258.1 MB.
Total: 9.971773 ms (FindLiveObjects: 0.182594 ms CreateObjectMapping: 0.134639 ms MarkObjects: 9.084536 ms  DeleteObjects: 0.569294 ms)

Start importing Assets/InitTestScenea87dc763-e1ec-4619-8dc2-d616265c7d19.unity using Guid(ab31d869e2e681855aeff9d0b1ff1518) (DefaultImporter) -> (artifact id: 'ac41bd2fa57a6ab3528512548f39c2ce') in 0.000601863 seconds
Refreshing native plugins compatible for Editor in 1.00 ms, found 1 plugins.
Preloading 0 native plugins for Editor in 0.00 ms.
Asset Pipeline Refresh (id=64ba296c9e9dad69787af533717af22c): Total: 0.230 seconds - Initiated by StopAssetImportingV2(NoUpdateAssetOptions)
Executing IPrebuildSetup for: Unity.PerformanceTesting.Editor.TestRunBuilder.
UnityEngine.Debug:ExtractStackTraceNoAlloc (byte*,int,string)
UnityEngine.StackTraceUtility:ExtractStackTrace () (at /home/bokken/build/output/unity/unity/Runtime/Export/Scripting/StackTrace.cs:35)
UnityEngine.DebugLogHandler:Internal_Log (UnityEngine.LogType,UnityEngine.LogOption,string,UnityEngine.Object)
UnityEngine.DebugLogHandler:LogFormat (UnityEngine.LogType,UnityEngine.Object,string,object[])
UnityEngine.Logger:Log (UnityEngine.LogType,object)
UnityEngine.Debug:Log (object)
UnityEditor.TestTools.TestRunner.TestRun.Tasks.BuildActionTaskBase`1/<ExecuteMethods>d__8<UnityEngine.TestTools.IPrebuildSetup>:MoveNext () (at ./Library/PackageCache/com.unity.test-framework@bd52b1c23814/UnityEditor.TestRunner/TestRun/Tasks/BuildActionTaskBase.cs:48)
UnityEditor.TestTools.TestRunner.TestRun.Tasks.BuildActionTaskBase`1/<Execute>d__7<UnityEngine.TestTools.IPrebuildSetup>:MoveNext () (at ./Library/PackageCache/com.unity.test-framework@bd52b1c23814/UnityEditor.TestRunner/TestRun/Tasks/BuildActionTaskBase.cs:34)
UnityEditor.TestTools.TestRunner.TestRun.TestJobRunner:ExecuteStep () (at ./Library/PackageCache/com.unity.test-framework@bd52b1c23814/UnityEditor.TestRunner/TestRun/TestJobRunner.cs:173)
UnityEditor.TestTools.TestRunner.TestRun.TestJobRunner:ExecuteCallback () (at ./Library/PackageCache/com.unity.test-framework@bd52b1c23814/UnityEditor.TestRunner/TestRun/TestJobRunner.cs:108)
UnityEditor.EditorApplication:Internal_CallUpdateFunctions () (at /home/bokken/build/output/unity/unity/Editor/Mono/EditorApplication.cs:384)

(Filename: ./Library/PackageCache/com.unity.test-framework@bd52b1c23814/UnityEditor.TestRunner/TestRun/Tasks/BuildActionTaskBase.cs Line: 48)

Reloading assemblies for play mode.
Reloading assemblies after forced synchronous recompile.
Begin MonoManager ReloadAssembly
Symbol file LoadedFromMemory is not a mono symbol file
- Loaded All Assemblies, in  0.469 seconds
Refreshing native plugins compatible for Editor in 0.19 ms, found 1 plugins.
Native extension for LinuxStandalone target not found
Native extension for OSXStandalone target not found
Assembly reference Packages/com.unity.entities/Unity.Scenes.Editor/Internals/Properties/Unity.Properties.Internals.asmref has no target assembly definition
TypeManager.Initialize took: 77ms
Mono: successfully reloaded assembly
[MODES] ModeService[none].Initialize
[MODES] ModeService[none].LoadModes
- Finished resetting the current domain, in  1.066 seconds
Domain Reload Profiling: 1534ms
	BeginReloadAssembly (273ms)
		ExecutionOrderSort (0ms)
		DisableScriptedObjects (10ms)
		BackupInstance (0ms)
		ReleaseScriptingObjects (0ms)
		CreateAndSetChildDomain (190ms)
	RebuildCommonClasses (26ms)
	RebuildNativeTypeToScriptingClass (7ms)
	initialDomainReloadingComplete (20ms)
	LoadAllAssembliesAndSetupDomain (142ms)
		LoadAssemblies (63ms)
		RebuildTransferFunctionScriptingTraits (0ms)
		AnalyzeDomain (116ms)
			TypeCache.Refresh (5ms)
				TypeCache.ScanAssembly (0ms)
			BuildScriptInfoCaches (101ms)
			ResolveRequiredComponents (8ms)
	FinalizeReload (1067ms)
		ReleaseScriptCaches (0ms)
		RebuildScriptCaches (0ms)
		SetupLoadedEditorAssemblies (769ms)
			LogAssemblyErrors (0ms)
			InitializePlatformSupportModulesInManaged (77ms)
			SetLoadedEditorAssemblies (6ms)
			BeforeProcessingInitializeOnLoad (123ms)
			ProcessInitializeOnLoadAttributes (370ms)
			ProcessInitializeOnLoadMethodAttributes (191ms)
			AfterProcessingInitializeOnLoad (3ms)
			EditorAssembliesLoaded (0ms)
		ExecutionOrderSort2 (0ms)
		AwakeInstancesAfterBackupRestoration (23ms)
Asset Pipeline Refresh (id=cab40bf93e1bfa399a254df55ec95cf9): Total: 1.632 seconds - Initiated by StopAssetImportingV2(ForceSynchronousImport | ForceDomainReload)
	Summary:
		Imports: total=0 (actual=0, local cache=0, cache server=0)
		Asset DB Process Time: managed=0 ms, native=1136 ms
		Asset DB Callback time: managed=17 ms, native=0 ms
		Scripting: domain reloads=1, domain reload time=477 ms, compile time=1 ms, other=0 ms
		Project Asset Count: scripts=1480, non-scripts=2199
		Asset File Changes: new=0, changed=0, moved=0, deleted=0
		Scan Filter Count: 0
	InvokeCustomDependenciesCallbacks: 0.001ms
	InvokePackagesCallback: 1.343ms
	ApplyChangesToAssetFolders: 0.269ms
	Scan: 0.000ms
	OnSourceAssetsModified: 0.001ms
	CategorizeAssetsWithTransientArtifact: 0.003ms
	ProcessAssetsWithTransientArtifactChanges: 2.597ms
	CategorizeAssets: 37.393ms
	ImportOutOfDateAssets: 1070.894ms (1066.186ms without children)
		CompileScripts: 1.027ms
		CollectScriptTypesHashes: 2.038ms
		ReloadNativeAssets: 0.730ms
		UnloadImportedAssets: 0.036ms
		EnsureUptoDateAssetsAreRegisteredWithGuidPM: 0.529ms
		InitializingProgressBar: 0.000ms
		PostProcessAllAssetNotificationsAddChangedAssets: 0.000ms
		OnDemandSchedulerStart: 0.347ms
	PostProcessAllAssets: 17.223ms
	GatherAllCurrentPrimaryArtifactRevisions: 0.127ms
	UnloadStreamsBegin: 0.044ms
	PersistCurrentRevisions: 0.149ms
	UnloadStreamsEnd: 0.001ms
	GenerateScriptTypeHashes: 3.646ms
	Untracked: 501.755ms

Loaded scene 'Temp/__Backupscenes/0.backup'
	Deserialize:            1.058 ms
	Integration:            437.862 ms
	Integration of assets:  0.001 ms
	Thread Wait Time:       0.003 ms
	Total Operation Time:   438.924 ms
[stage-harness] smoke {"run":1,"status":"ran","steps":120,"frames":120,"sanctionedPumps":120,"duplicateFramePumps":0,"bypassPumps":0,"errors":0,"slotHash":"5aa1e545c15decb392160ed7784fdc221908bc9a4be571224809b74acbb2cd3a","milliseconds":267}
UnityEngine.Debug:ExtractStackTraceNoAlloc (byte*,int,string)
UnityEngine.StackTraceUtility:ExtractStackTrace () (at /home/bokken/build/output/unity/unity/Runtime/Export/Scripting/StackTrace.cs:35)
UnityEngine.DebugLogHandler:Internal_Log (UnityEngine.LogType,UnityEngine.LogOption,string,UnityEngine.Object)
UnityEngine.DebugLogHandler:LogFormat (UnityEngine.LogType,UnityEngine.Object,string,object[])
UnityEngine.Logger:Log (UnityEngine.LogType,object)
UnityEngine.Debug:Log (object)
GameCore.Stage.Harness.SmokeRunner/<Run>d__2:MoveNext () (at Assets/StageHarness/PlayMode/SmokeRunner.cs:122)
UnityEngine.TestTools.TestEnumerator/<Execute>d__7:MoveNext () (at ./Library/PackageCache/com.unity.test-framework@bd52b1c23814/UnityEngine.TestRunner/NUnitExtensions/Attributes/TestEnumerator.cs:44)
UnityEngine.TestTools.EnumerableTestMethodCommand/<ExecuteEnumerableAndRecordExceptions>d__4:MoveNext () (at ./Library/PackageCache/com.unity.test-framework@bd52b1c23814/UnityEngine.TestRunner/NUnitExtensions/Commands/EnumerableTestMethodCommand.cs:79)
UnityEngine.TestTools.EnumerableTestMethodCommand:AdvanceEnumerator (System.Collections.IEnumerator) (at ./Library/PackageCache/com.unity.test-framework@bd52b1c23814/UnityEngine.TestRunner/NUnitExtensions/Commands/EnumerableTestMethodCommand.cs:64)
UnityEngine.TestTools.EnumerableTestMethodCommand/<ExecuteEnumerable>d__2:MoveNext () (at ./Library/PackageCache/com.unity.test-framework@bd52b1c23814/UnityEngine.TestRunner/NUnitExtensions/Commands/EnumerableTestMethodCommand.cs:47)
UnityEngine.TestRunner.NUnitExtensions.Runner.UnityLogCheckDelegatingCommand/<ExecuteEnumerable>d__3:MoveNext () (at ./Library/PackageCache/com.unity.test-framework@bd52b1c23814/UnityEngine.TestRunner/NUnitExtensions/Runner/UnityLogCheckDelegatingCommand.cs:48)
UnityEngine.TestTools.BeforeAfterTestCommandBase`1/<ExecuteEnumerable>d__16<NUnit.Framework.ITestAction>:MoveNext () (at ./Library/PackageCache/com.unity.test-framework@bd52b1c23814/UnityEngine.TestRunner/NUnitExtensions/Commands/BeforeAfterTestCommandBase.cs:212)
UnityEngine.TestTools.BeforeAfterTestCommandBase`1/<ExecuteEnumerable>d__16<System.Reflection.MethodInfo>:MoveNext () (at ./Library/PackageCache/com.unity.test-framework@bd52b1c23814/UnityEngine.TestRunner/NUnitExtensions/Commands/BeforeAfterTestCommandBase.cs:212)
UnityEngine.TestTools.BeforeAfterTestCommandBase`1/<ExecuteEnumerable>d__16<System.Reflection.MethodInfo>:MoveNext () (at ./Library/PackageCache/com.unity.test-framework@bd52b1c23814/UnityEngine.TestRunner/NUnitExtensions/Commands/BeforeAfterTestCommandBase.cs:212)
UnityEngine.TestTools.BeforeAfterTestCommandBase`1/<ExecuteEnumerable>d__16<UnityEngine.TestTools.IOuterUnityTestAction>:MoveNext () (at ./Library/PackageCache/com.unity.test-framework@bd52b1c23814/UnityEngine.TestRunner/NUnitExtensions/Commands/BeforeAfterTestCommandBase.cs:212)
UnityEngine.TestTools.RetryCommand/<ExecuteEnumerable>d__2:MoveNext () (at ./Library/PackageCache/com.unity.test-framework@bd52b1c23814/UnityEngine.TestRunner/NUnitExtensions/Commands/RetryCommand.cs:37)
UnityEngine.TestTools.RepeatCommand/<ExecuteEnumerable>d__2:MoveNext () (at ./Library/PackageCache/com.unity.test-framework@bd52b1c23814/UnityEngine.TestRunner/NUnitExtensions/Commands/RepeatCommand.cs:36)
UnityEngine.TestTools.EnumerableApplyChangesToContextCommand/<ExecuteEnumerable>d__1:MoveNext () (at ./Library/PackageCache/com.unity.test-framework@bd52b1c23814/UnityEngine.TestRunner/NUnitExtensions/Commands/EnumerableApplyChangesToContextCommand.cs:23)
UnityEngine.TestTools.IgnoreTestCommand/<ExecuteEnumerable>d__3:MoveNext () (at ./Library/PackageCache/com.unity.test-framework@bd52b1c23814/UnityEngine.TestRunner/NUnitExtensions/Commands/IgnoreTestCommand.cs:42)
UnityEngine.TestTools.StrictCheckCommand/<ExecuteEnumerable>d__2:MoveNext () (at ./Library/PackageCache/com.unity.test-framework@bd52b1c23814/UnityEngine.TestRunner/NUnitExtensions/Commands/StrictCheckCommand.cs:29)
UnityEngine.TestTools.Utils.CoroutineRunner/<WrapEnumeratorForChecks>d__8:MoveNext () (at ./Library/PackageCache/com.unity.test-framework@bd52b1c23814/UnityEngine.TestRunner/Utils/CoroutineRunner.cs:58)
UnityEngine.SetupCoroutine:InvokeMoveNext (System.Collections.IEnumerator,intptr) (at /home/bokken/build/output/unity/unity/Runtime/Export/Scripting/Coroutines.cs:17)

(Filename: Assets/StageHarness/PlayMode/SmokeRunner.cs Line: 122)

[stage-harness] smoke {"run":2,"status":"ran","steps":120,"frames":120,"sanctionedPumps":120,"duplicateFramePumps":0,"bypassPumps":0,"errors":0,"slotHash":"5aa1e545c15decb392160ed7784fdc221908bc9a4be571224809b74acbb2cd3a","milliseconds":9}
UnityEngine.Debug:ExtractStackTraceNoAlloc (byte*,int,string)
UnityEngine.StackTraceUtility:ExtractStackTrace () (at /home/bokken/build/output/unity/unity/Runtime/Export/Scripting/StackTrace.cs:35)
UnityEngine.DebugLogHandler:Internal_Log (UnityEngine.LogType,UnityEngine.LogOption,string,UnityEngine.Object)
UnityEngine.DebugLogHandler:LogFormat (UnityEngine.LogType,UnityEngine.Object,string,object[])
UnityEngine.Logger:Log (UnityEngine.LogType,object)
UnityEngine.Debug:Log (object)
GameCore.Stage.Harness.SmokeRunner/<Run>d__2:MoveNext () (at Assets/StageHarness/PlayMode/SmokeRunner.cs:122)
UnityEngine.TestTools.TestEnumerator/<Execute>d__7:MoveNext () (at ./Library/PackageCache/com.unity.test-framework@bd52b1c23814/UnityEngine.TestRunner/NUnitExtensions/Attributes/TestEnumerator.cs:44)
UnityEngine.TestTools.EnumerableTestMethodCommand/<ExecuteEnumerableAndRecordExceptions>d__4:MoveNext () (at ./Library/PackageCache/com.unity.test-framework@bd52b1c23814/UnityEngine.TestRunner/NUnitExtensions/Commands/EnumerableTestMethodCommand.cs:79)
UnityEngine.TestTools.EnumerableTestMethodCommand:AdvanceEnumerator (System.Collections.IEnumerator) (at ./Library/PackageCache/com.unity.test-framework@bd52b1c23814/UnityEngine.TestRunner/NUnitExtensions/Commands/EnumerableTestMethodCommand.cs:64)
UnityEngine.TestTools.EnumerableTestMethodCommand/<ExecuteEnumerable>d__2:MoveNext () (at ./Library/PackageCache/com.unity.test-framework@bd52b1c23814/UnityEngine.TestRunner/NUnitExtensions/Commands/EnumerableTestMethodCommand.cs:47)
UnityEngine.TestRunner.NUnitExtensions.Runner.UnityLogCheckDelegatingCommand/<ExecuteEnumerable>d__3:MoveNext () (at ./Library/PackageCache/com.unity.test-framework@bd52b1c23814/UnityEngine.TestRunner/NUnitExtensions/Runner/UnityLogCheckDelegatingCommand.cs:48)
UnityEngine.TestTools.BeforeAfterTestCommandBase`1/<ExecuteEnumerable>d__16<NUnit.Framework.ITestAction>:MoveNext () (at ./Library/PackageCache/com.unity.test-framework@bd52b1c23814/UnityEngine.TestRunner/NUnitExtensions/Commands/BeforeAfterTestCommandBase.cs:212)
UnityEngine.TestTools.BeforeAfterTestCommandBase`1/<ExecuteEnumerable>d__16<System.Reflection.MethodInfo>:MoveNext () (at ./Library/PackageCache/com.unity.test-framework@bd52b1c23814/UnityEngine.TestRunner/NUnitExtensions/Commands/BeforeAfterTestCommandBase.cs:212)
UnityEngine.TestTools.BeforeAfterTestCommandBase`1/<ExecuteEnumerable>d__16<System.Reflection.MethodInfo>:MoveNext () (at ./Library/PackageCache/com.unity.test-framework@bd52b1c23814/UnityEngine.TestRunner/NUnitExtensions/Commands/BeforeAfterTestCommandBase.cs:212)
UnityEngine.TestTools.BeforeAfterTestCommandBase`1/<ExecuteEnumerable>d__16<UnityEngine.TestTools.IOuterUnityTestAction>:MoveNext () (at ./Library/PackageCache/com.unity.test-framework@bd52b1c23814/UnityEngine.TestRunner/NUnitExtensions/Commands/BeforeAfterTestCommandBase.cs:212)
UnityEngine.TestTools.RetryCommand/<ExecuteEnumerable>d__2:MoveNext () (at ./Library/PackageCache/com.unity.test-framework@bd52b1c23814/UnityEngine.TestRunner/NUnitExtensions/Commands/RetryCommand.cs:37)
UnityEngine.TestTools.RepeatCommand/<ExecuteEnumerable>d__2:MoveNext () (at ./Library/PackageCache/com.unity.test-framework@bd52b1c23814/UnityEngine.TestRunner/NUnitExtensions/Commands/RepeatCommand.cs:36)
UnityEngine.TestTools.EnumerableApplyChangesToContextCommand/<ExecuteEnumerable>d__1:MoveNext () (at ./Library/PackageCache/com.unity.test-framework@bd52b1c23814/UnityEngine.TestRunner/NUnitExtensions/Commands/EnumerableApplyChangesToContextCommand.cs:23)
UnityEngine.TestTools.IgnoreTestCommand/<ExecuteEnumerable>d__3:MoveNext () (at ./Library/PackageCache/com.unity.test-framework@bd52b1c23814/UnityEngine.TestRunner/NUnitExtensions/Commands/IgnoreTestCommand.cs:42)
UnityEngine.TestTools.StrictCheckCommand/<ExecuteEnumerable>d__2:MoveNext () (at ./Library/PackageCache/com.unity.test-framework@bd52b1c23814/UnityEngine.TestRunner/NUnitExtensions/Commands/StrictCheckCommand.cs:29)
UnityEngine.TestTools.Utils.CoroutineRunner/<WrapEnumeratorForChecks>d__8:MoveNext () (at ./Library/PackageCache/com.unity.test-framework@bd52b1c23814/UnityEngine.TestRunner/Utils/CoroutineRunner.cs:58)
UnityEngine.SetupCoroutine:InvokeMoveNext (System.Collections.IEnumerator,intptr) (at /home/bokken/build/output/unity/unity/Runtime/Export/Scripting/Coroutines.cs:17)

(Filename: Assets/StageHarness/PlayMode/SmokeRunner.cs Line: 122)

Saving results to: /home/worlesenric/.config/unity3d/GameCore/Hollowmere/TestResults.xml
Saving results to: /home/worlesenric/.cache/gamecore-studio/stage/stage-real-plate/out/playmode.xml
Unloading 0 Unused Serialized files (Serialized files now loaded: 0)
Loaded scene 'Temp/__Backupscenes/0.backup'
	Deserialize:            0.595 ms
	Integration:            143.906 ms
	Integration of assets:  0.001 ms
	Thread Wait Time:       0.005 ms
	Total Operation Time:   144.507 ms
Unloading 22 unused Assets / (264.7 KB). Loaded Objects now: 6333.
Memory consumption went from 180.9 MB to 180.7 MB.
Total: 9.099688 ms (FindLiveObjects: 0.205345 ms CreateObjectMapping: 0.174381 ms MarkObjects: 7.889701 ms  DeleteObjects: 0.829657 ms)

Executing IPostBuildCleanup for: Unity.PerformanceTesting.Editor.TestRunBuilder.
UnityEngine.Debug:ExtractStackTraceNoAlloc (byte*,int,string)
UnityEngine.StackTraceUtility:ExtractStackTrace () (at /home/bokken/build/output/unity/unity/Runtime/Export/Scripting/StackTrace.cs:35)
UnityEngine.DebugLogHandler:Internal_Log (UnityEngine.LogType,UnityEngine.LogOption,string,UnityEngine.Object)
UnityEngine.DebugLogHandler:LogFormat (UnityEngine.LogType,UnityEngine.Object,string,object[])
UnityEngine.Logger:Log (UnityEngine.LogType,object)
UnityEngine.Debug:Log (object)
UnityEditor.TestTools.TestRunner.TestRun.Tasks.BuildActionTaskBase`1/<ExecuteMethods>d__8<UnityEngine.TestTools.IPostBuildCleanup>:MoveNext () (at ./Library/PackageCache/com.unity.test-framework@bd52b1c23814/UnityEditor.TestRunner/TestRun/Tasks/BuildActionTaskBase.cs:48)
UnityEditor.TestTools.TestRunner.TestRun.Tasks.BuildActionTaskBase`1/<Execute>d__7<UnityEngine.TestTools.IPostBuildCleanup>:MoveNext () (at ./Library/PackageCache/com.unity.test-framework@bd52b1c23814/UnityEditor.TestRunner/TestRun/Tasks/BuildActionTaskBase.cs:34)
UnityEditor.TestTools.TestRunner.TestRun.TestJobRunner:ExecuteStep () (at ./Library/PackageCache/com.unity.test-framework@bd52b1c23814/UnityEditor.TestRunner/TestRun/TestJobRunner.cs:173)
UnityEditor.TestTools.TestRunner.TestRun.TestJobRunner:ExecuteCallback () (at ./Library/PackageCache/com.unity.test-framework@bd52b1c23814/UnityEditor.TestRunner/TestRun/TestJobRunner.cs:108)
UnityEditor.EditorApplication:Internal_CallUpdateFunctions () (at /home/bokken/build/output/unity/unity/Editor/Mono/EditorApplication.cs:384)

(Filename: ./Library/PackageCache/com.unity.test-framework@bd52b1c23814/UnityEditor.TestRunner/TestRun/Tasks/BuildActionTaskBase.cs Line: 48)

Unloading 0 Unused Serialized files (Serialized files now loaded: 0)
Unloading 0 unused Assets / (0 B). Loaded Objects now: 6338.
Memory consumption went from 178.2 MB to 178.2 MB.
Total: 7.310783 ms (FindLiveObjects: 0.181222 ms CreateObjectMapping: 0.124702 ms MarkObjects: 6.994208 ms  DeleteObjects: 0.009867 ms)

Refreshing native plugins compatible for Editor in 0.23 ms, found 1 plugins.
Preloading 0 native plugins for Editor in 0.00 ms.
Asset Pipeline Refresh (id=a5f975fb85d339a63bf32035edcf3fef): Total: 0.064 seconds - Initiated by StopAssetImportingV2(NoUpdateAssetOptions)
DisplayProgressbar: Undo
Test run completed. Exiting with code 0 (Ok). Run completed.
UnityEngine.Debug:ExtractStackTraceNoAlloc (byte*,int,string)
UnityEngine.StackTraceUtility:ExtractStackTrace () (at /home/bokken/build/output/unity/unity/Runtime/Export/Scripting/StackTrace.cs:35)
UnityEngine.DebugLogHandler:Internal_Log (UnityEngine.LogType,UnityEngine.LogOption,string,UnityEngine.Object)
UnityEngine.DebugLogHandler:LogFormat (UnityEngine.LogType,UnityEngine.Object,string,object[])
UnityEngine.Logger:Log (UnityEngine.LogType,object)
UnityEngine.Debug:Log (object)
UnityEditor.TestTools.TestRunner.CommandLineTest.Executer:ExitApplication (UnityEditor.TestTools.TestRunner.CommandLineTest.Executer/ReturnCodes,string) (at ./Library/PackageCache/com.unity.test-framework@bd52b1c23814/UnityEditor.TestRunner/CommandLineTest/Executer.cs:81)
UnityEditor.TestTools.TestRunner.CommandLineTest.Executer:ExitIfRunIsCompleted () (at ./Library/PackageCache/com.unity.test-framework@bd52b1c23814/UnityEditor.TestRunner/CommandLineTest/Executer.cs:74)
UnityEditor.EditorApplication:Internal_CallUpdateFunctions () (at /home/bokken/build/output/unity/unity/Editor/Mono/EditorApplication.cs:384)

(Filename: ./Library/PackageCache/com.unity.test-framework@bd52b1c23814/UnityEditor.TestRunner/CommandLineTest/Executer.cs Line: 81)

Unloading 0 Unused Serialized files (Serialized files now loaded: 0)
Start importing ProjectSettings/ProjectSettings.asset using Guid(00000000000000004000000000000000) (LibraryAssetImporter) -> (artifact id: '462ae923b80ece12bfedaec0fdc4a440') in 0.004684716 seconds
Refreshing native plugins compatible for Editor in 0.20 ms, found 1 plugins.
Preloading 0 native plugins for Editor in 0.00 ms.
Asset Pipeline Refresh (id=6452475387530d03a963e74c50c1be83): Total: 0.013 seconds - Initiated by StopAssetImportingV2(NoUpdateAssetOptions)
Unloading 4 unused Assets / (0 B). Loaded Objects now: 6338.
Memory consumption went from 190.8 MB to 190.8 MB.
Total: 7.514211 ms (FindLiveObjects: 0.211999 ms CreateObjectMapping: 0.154650 ms MarkObjects: 7.129712 ms  DeleteObjects: 0.017198 ms)

[Physics::Module] Cleanup current backned.
[Physics::Module] Id: 0xf2b8ea05
Input System module state changed to: ShutdownInProgress.
Input System polling thread exited.
Input System module state changed to: Shutdown.
[Licensing::IpcConnector] LicenseClient-worlesenric-notifications channel disconnected successfully.
[Licensing::IpcConnector] LicenseClient-worlesenric channel disconnected successfully.
AcceleratorClientConnectionCallback - disconnected - :0
[40m[32minfo[39m[22m[49m: Microsoft.Hosting.Lifetime[0]
      Application is shutting down...
[40m[32minfo[39m[22m[49m: Unity.ILPP.Runner.PostProcessingAssemblyLoadContext[0]
      ALC ILPP context 1 is unloading
Cleanup mono
debugger-agent: Unable to listen on 45
[Package Manager] Server process was shutdown
Checking for leaked weakptr:
  Found no leaked weakptrs.
##utp:{"type":"MemoryLeaks","version":2,"phase":"Immediate","time":1791167370507,"processId":3712418,"allocatedMemory":16146642,"memoryLabels":[{"Default":13965},{"Permanent":16147},{"Thread":1084616},{"Manager":3080561},{"VertexData":8},{"Geometry":408},{"VFX":-104},{"Texture":296},{"Shader":79299},{"Material":24},{"GfxDevice":35976},{"Animation":456},{"Audio":4032},{"Font":1782565},{"FreeType":63500},{"FontEngine":320},{"Physics":2081},{"Serialization":376},{"Input":26752},{"JobScheduler":33024},{"TextLib":160},{"Mono":32},{"MonoCode":96},{"ScriptingNativeRuntime":155096},{"BaseObject":1622832},{"Resource":1032},{"Renderer":2928},{"Transform":4678},{"File":6670},{"WebCam":80},{"Culling":32},{"Terrain":11298},{"Wind":24},{"String":12990},{"DynamicArray":102948},{"HashMap":109973},{"Utility":2665104},{"PoolAlloc":3968},{"AI":72},{"TypeTree":5005},{"ScriptManager":512},{"RuntimeInitializeOnLoadManager":64},{"SpriteAtlas":112},{"GI":7448},{"Director":8208},{"WebRequest":808},{"VR":45689},{"SceneManager":528},{"Video":64},{"LazyScriptCache":32},{"NativeArray":1080},{"Camera":17},{"Secure":265},{"SerializationCache":1576},{"APIUpdating":10320},{"Subsystems":336},{"VirtualTexturing":57552},{"StaticSafetyDebugInfo":278528},{"Analytics":256},{"Hierarchy":832},{"CoreStats":12456},{"Identifiers":12384},{"Gui":112},{"EditorUtility":24683},{"VersionControl":4},{"Undo":979},{"AssetDatabase":4712312},{"EditorGi":328},{"UnityConnect":24816},{"Upm":1852},{"DrivenProperties":72},{"LocalIPC":210},{"ProfilerEditor":9746},{"CoreBusinessMetrics":2389},{"Licensing":688},{"AssetReference":32},{"IPCStream":32}]}
