[2026-10-07T19:23:36.751Z][INFO] Command-line: ~/Unity/Hub/Editor/6000.0.75f1/Editor/Data/Resources/PackageManager/Server/UnityPackageManager -s 3941701 -ipc -ipc-path /tmp/Unity-Upm-3941701.sock -l 2 --log-file ~/wkspace/gc-studio/p4.2k/artifacts/studio/verification/W-EDIT-03/p42k-portrait-observed-20261007T192336.005363Z/upm.log
[2026-10-07T19:23:36.758Z][INFO] IPC server started (IPC path=/tmp/Unity-Upm-3941701.sock).
[2026-10-07T19:23:36.758Z][INFO] Hint: To connect to this UPM instance, launch Unity with the command-line parameter -upmIpcPath Upm-3941701.
[2026-10-07T19:23:37.852Z][INFO] project:add-dependency <-- Request received
params: {
  "packageId": "com.unity.toolchain.linux-x86_64"
}
[2026-10-07T19:23:56.206Z][INFO] project:add-dependency --> 200 (18354 ms)
[2026-10-07T19:23:56.496Z][INFO] project:list-packages <-- Request received
params: {}
[2026-10-07T19:23:56.548Z][INFO] project:list-packages <-- Request received
params: {}
[2026-10-07T19:23:56.558Z][INFO] project:list-packages <-- Request received
params: {}
[2026-10-07T19:23:56.569Z][INFO] config:project:get-registries <-- Request received
params: {}
[2026-10-07T19:23:56.590Z][INFO] config:project:get-registries --> 200 (21 ms)
[2026-10-07T19:23:57.404Z][INFO] project:list-packages --> 200 (908 ms)
[2026-10-07T19:23:57.649Z][INFO] project:list-packages --> 200 (1101 ms)
[2026-10-07T19:23:58.783Z][INFO] project:list-packages --> 200 (2225 ms)
[2026-10-07T19:24:01.264Z][INFO] project:list-packages <-- Request received
params: {}
[2026-10-07T19:24:01.607Z][INFO] project:list-packages --> 200 (343 ms)
[2026-10-07T19:24:04.227Z][INFO] project:list-packages <-- Request received
params: {}
[2026-10-07T19:24:04.239Z][INFO] project:list-packages <-- Request received
params: {}
[2026-10-07T19:24:04.248Z][INFO] config:project:get-registries <-- Request received
params: {}
[2026-10-07T19:24:04.267Z][INFO] config:project:get-registries --> 200 (19 ms)
[2026-10-07T19:24:05.048Z][INFO] project:list-packages --> 200 (821 ms)
[2026-10-07T19:24:05.108Z][INFO] project:list-packages --> 200 (869 ms)
[2026-10-07T19:24:08.492Z][INFO] project:list-packages <-- Request received
params: {}
[2026-10-07T19:24:08.502Z][INFO] project:list-packages <-- Request received
params: {}
[2026-10-07T19:24:09.392Z][INFO] project:list-packages --> 200 (900 ms)
[2026-10-07T19:24:09.433Z][INFO] project:list-packages --> 200 (931 ms)
[2026-10-07T19:24:47.593Z][INFO] Received shutdown request (SIGINT), shutting down Unity Package Manager
