Unity Editor version:    6000.0.75f1 (26349cd2a5c8)
Branch:                  6000.0/staging
Build type:              Release
Batch mode:              YES
System name:             Linux
Distro version:          #31~24.04.1-Ubuntu SMP PREEMPT_DYNAMIC Mon Aug 10 09:38:02 UTC 2
Kernel version:          7.0.0-31-generic
Architecture:            x86_64
Available memory:        31897 MB
[Licensing::Module] Trying to connect to existing licensing client channel...
Initialize udev device monitor.
[Licensing::IpcConnector] Successfully connected to: "LicenseClient-worlesenric" at "2026-10-06T21:09:48.636273Z"
[SignatureVerifier] Application signature verification not supported on this platform.

COMMAND LINE ARGUMENTS:
~/Unity/Hub/Editor/6000.0.75f1/Editor/Unity
-batchmode
-nographics
-projectPath
<repo>/games/hollowmere
-logFile
-
-executeMethod
Hollowmere.P3_2.Workflows.ScenariosR7Picking.RunLantern
[Licensing::Client] Handshaking with LicensingClient:
  Version:                 1.17.4+4293ba1
  Session Id:              074c66c957214310a969aad5bca80b9f
  Correlation Id:          70dec6492dd8776ac9455dd9efce7e71
  External correlation Id: 9182381754582696085
  Machine Id:              jd93gYTNlAg1qIhTY9iII/nAhSo=
[Licensing::Module] Successfully connected to LicensingClient on channel: "LicenseClient-worlesenric" (connect: 0.00s, validation: 0.00s, handshake: 0.00s)
Successfully changed project path to: <repo>/games/hollowmere
[Licensing::IpcConnector] Successfully connected to: "LicenseClient-worlesenric-notifications" at "2026-10-06T21:09:48.638965Z"
[Licensing::Module] Error: Access token is unavailable; failed to update

(process:4039862): Gtk-CRITICAL **: 05:09:48.639: gtk_label_set_text: assertion 'GTK_IS_LABEL (label)' failed
[Licensing::Client] Successfully resolved entitlement details
[Licensing::Module] License group:
  Id: 1375999166540-UnityPersXXXX
  Product: Unity Personal
  Type: Assigned
  Expiration: Unlimited

(process:4039862): Gtk-CRITICAL **: 05:09:48.640: gtk_label_set_text: assertion 'GTK_IS_LABEL (label)' failed
<repo>/games/hollowmere
[Licensing::Client] Successfully updated license, isAsync: True, time: 0.00
[UnityMemory] Configuration Parameters - Can be set up in boot.config
"memorysetup-bucket-allocator-granularity=16"
"memorysetup-bucket-allocator-bucket-count=8"
"memorysetup-bucket-allocator-block-size=33554432"
"memorysetup-bucket-allocator-block-count=8"
"memorysetup-main-allocator-block-size=16777216"
"memorysetup-thread-allocator-block-size=16777216"
"memorysetup-gfx-main-allocator-block-size=16777216"
"memorysetup-gfx-thread-allocator-block-size=16777216"
"memorysetup-cache-allocator-block-size=4194304"
"memorysetup-typetree-allocator-block-size=2097152"
"memorysetup-profiler-bucket-allocator-granularity=16"
"memorysetup-profiler-bucket-allocator-bucket-count=8"
"memorysetup-profiler-bucket-allocator-block-size=33554432"
"memorysetup-profiler-bucket-allocator-block-count=8"
"memorysetup-profiler-allocator-block-size=16777216"
"memorysetup-profiler-editor-allocator-block-size=1048576"
"memorysetup-temp-allocator-size-main=16777216"
"memorysetup-job-temp-allocator-block-size=2097152"
"memorysetup-job-temp-allocator-block-size-background=1048576"
"memorysetup-job-temp-allocator-reduction-small-platforms=262144"
"memorysetup-allocator-temp-initial-block-size-main=262144"
"memorysetup-allocator-temp-initial-block-size-worker=262144"
"memorysetup-temp-allocator-size-background-worker=32768"
"memorysetup-temp-allocator-size-job-worker=262144"
"memorysetup-temp-allocator-size-preload-manager=33554432"
"memorysetup-temp-allocator-size-nav-mesh-worker=65536"
"memorysetup-temp-allocator-size-audio-worker=65536"
"memorysetup-temp-allocator-size-cloud-worker=32768"
"memorysetup-temp-allocator-size-gi-baking-worker=262144"
"memorysetup-temp-allocator-size-gi-baking-worker=262144"
"memorysetup-temp-allocator-size-gi-baking-worker=262144"
"memorysetup-temp-allocator-size-gi-baking-worker=262144"
"memorysetup-temp-allocator-size-gi-baking-worker=262144"
"memorysetup-temp-allocator-size-gfx=262144"
[Licensing::Client] Successfully resolved entitlement details
Player connection [132716913136960]  Target information:

Player connection [132716913136960]  * "[IP] 192.168.0.21 [Port] 55504 [Flags] 2 [Guid] 1785568795 [EditorId] 1785568795 [Version] 1048832 [Id] LinuxEditor(16,192.168.0.21) [Debug] 1 [PackageName] LinuxEditor [ProjectName] Editor" 

Player connection [132716913136960]  * "[IP] 172.18.0.1 [Port] 55504 [Flags] 2 [Guid] 1785568795 [EditorId] 1785568795 [Version] 1048832 [Id] LinuxEditor(16,192.168.0.21) [Debug] 1 [PackageName] LinuxEditor [ProjectName] Editor" 

Player connection [132716913136960]  * "[IP] 172.17.0.1 [Port] 55504 [Flags] 2 [Guid] 1785568795 [EditorId] 1785568795 [Version] 1048832 [Id] LinuxEditor(16,192.168.0.21) [Debug] 1 [PackageName] LinuxEditor [ProjectName] Editor" 

Player connection [132716913136960]  * "[IP] 10.42.0.0 [Port] 55504 [Flags] 2 [Guid] 1785568795 [EditorId] 1785568795 [Version] 1048832 [Id] LinuxEditor(16,192.168.0.21) [Debug] 1 [PackageName] LinuxEditor [ProjectName] Editor" 

Player connection [132716913136960]  * "[IP] 10.42.0.1 [Port] 55504 [Flags] 2 [Guid] 1785568795 [EditorId] 1785568795 [Version] 1048832 [Id] LinuxEditor(16,192.168.0.21) [Debug] 1 [PackageName] LinuxEditor [ProjectName] Editor" 

Player connection [132716913136960]  * "[IP] 100.66.195.58 [Port] 55504 [Flags] 2 [Guid] 1785568795 [EditorId] 1785568795 [Version] 1048832 [Id] LinuxEditor(16,192.168.0.21) [Debug] 1 [PackageName] LinuxEditor [ProjectName] Editor" 

Player connection [132716913136960]  * "[IP] 172.19.0.1 [Port] 55504 [Flags] 2 [Guid] 1785568795 [EditorId] 1785568795 [Version] 1048832 [Id] LinuxEditor(16,192.168.0.21) [Debug] 1 [PackageName] LinuxEditor [ProjectName] Editor" 

Player connection [132716913136960]  * "[IP] 172.20.0.1 [Port] 55504 [Flags] 2 [Guid] 1785568795 [EditorId] 1785568795 [Version] 1048832 [Id] LinuxEditor(16,192.168.0.21) [Debug] 1 [PackageName] LinuxEditor [ProjectName] Editor" 

[Licensing::Module] Licensing Background thread has ended after 0.01s
Player connection [132716913136960] Host joined multi-casting on [225.0.0.222:54997]...
Player connection [132716913136960] Host joined alternative multi-casting on [225.0.0.222:34997]...
Input System module state changed to: Initialized.
[Physics::Module] Initialized fallback backend.
[Physics::Module] Id: 0xdecafbad
[Package Manager] Connected to IPC stream "Upm-4039862" after 0.3 seconds.
Library Redirect Path: Library/
[Physics::Module] Selected backend.
[Physics::Module] Name: PhysX
[Physics::Module] Id: 0xf2b8ea05
[Physics::Module] SDK Version: 4.1.2
[Physics::Module] Integration Version: 1.0.0
[Physics::Module] Threading Mode: Multi-Threaded
Refreshing native plugins compatible for Editor in 0.29 ms, found 0 plugins.
Preloading 0 native plugins for Editor in 0.00 ms.
Initialize engine version: 6000.0.75f1 (26349cd2a5c8)
[Subsystems] Discovering subsystems at path ~/Unity/Hub/Editor/6000.0.75f1/Editor/Data/Resources/UnitySubsystems
[Subsystems] Discovering subsystems at path <repo>/games/hollowmere/Assets
Forcing GfxDevice: Null
GfxDevice: creating device client; kGfxThreadingModeNonThreaded
NullGfxDevice:
    Version:  NULL 1.0 [1.0]
    Renderer: Null Device
    Vendor:   Unity Technologies
Shader Hidden/ProbeVolume/VoxelizeScene is not supported: GPU does not support conservative rasterization
Initialize mono
Mono path[0] = '~/Unity/Hub/Editor/6000.0.75f1/Editor/Data/Managed'
Mono path[1] = '~/Unity/Hub/Editor/6000.0.75f1/Editor/Data/MonoBleedingEdge/lib/mono/unityjit-linux'
Mono config path = '~/Unity/Hub/Editor/6000.0.75f1/Editor/Data/MonoBleedingEdge/etc'
Using monoOptions --debugger-agent=transport=dt_socket,embedding=1,server=y,suspend=n,address=127.0.0.1:56862
Using cacheserver namespaces - metadata:defaultmetadata, artifacts:defaultartifacts
Using cacheserver namespaces - metadata:defaultmetadata, artifacts:defaultartifacts
ImportWorker Server TCP listen port: 0
AcceleratorClientConnectionCallback - disconnected - :0
Begin MonoManager ReloadAssembly
Registering precompiled unity dll's ...
Register platform support module: ~/Unity/Hub/Editor/6000.0.75f1/Editor/Data/PlaybackEngines/MacStandaloneSupport/UnityEditor.OSXStandalone.Extensions.dll
Register platform support module: ~/Unity/Hub/Editor/6000.0.75f1/Editor/Data/PlaybackEngines/LinuxStandaloneSupport/UnityEditor.LinuxStandalone.Extensions.dll
Registered in 0.001729 seconds.
- Loaded All Assemblies, in  0.490 seconds
Native extension for LinuxStandalone target not found
Package Manager log level set to [2]
[Licensing::Client] Successfully resolved entitlement details
Native extension for OSXStandalone target not found
Mono: successfully reloaded assembly
- Finished resetting the current domain, in 19.031 seconds
Domain Reload Profiling: 19521ms
	BeginReloadAssembly (134ms)
		ExecutionOrderSort (0ms)
		DisableScriptedObjects (0ms)
		BackupInstance (0ms)
		ReleaseScriptingObjects (0ms)
		CreateAndSetChildDomain (1ms)
	RebuildCommonClasses (54ms)
	RebuildNativeTypeToScriptingClass (19ms)
	initialDomainReloadingComplete (73ms)
	LoadAllAssembliesAndSetupDomain (209ms)
		LoadAssemblies (133ms)
		RebuildTransferFunctionScriptingTraits (0ms)
		AnalyzeDomain (206ms)
			TypeCache.Refresh (204ms)
				TypeCache.ScanAssembly (187ms)
			BuildScriptInfoCaches (0ms)
			ResolveRequiredComponents (1ms)
	FinalizeReload (19032ms)
		ReleaseScriptCaches (0ms)
		RebuildScriptCaches (0ms)
		SetupLoadedEditorAssemblies (18977ms)
			LogAssemblyErrors (0ms)
			InitializePlatformSupportModulesInManaged (18681ms)
			SetLoadedEditorAssemblies (6ms)
			BeforeProcessingInitializeOnLoad (73ms)
			ProcessInitializeOnLoadAttributes (157ms)
			ProcessInitializeOnLoadMethodAttributes (60ms)
			AfterProcessingInitializeOnLoad (0ms)
			EditorAssembliesLoaded (0ms)
		ExecutionOrderSort2 (0ms)
		AwakeInstancesAfterBackupRestoration (0ms)
[Licensing::Client] Successfully resolved entitlement details
Application.AssetDatabase Initial Refresh Start
[Package Manager] Restoring resolved packages state from cache
[Licensing::Client] Successfully resolved entitlement details
[Package Manager] Registered 76 packages:
  Packages from [https://packages.unity.com]:
    com.unity.ai.navigation@2.0.12 (location: <repo>/games/hollowmere/Library/PackageCache/com.unity.ai.navigation@734c2c4c5591)
    com.unity.burst@1.8.28 (location: <repo>/games/hollowmere/Library/PackageCache/com.unity.burst@07790c2d06d9)
    com.unity.collections@2.6.6 (location: <repo>/games/hollowmere/Library/PackageCache/com.unity.collections@9796e5ee0d9e)
    com.unity.entities@1.4.6 (location: <repo>/games/hollowmere/Library/PackageCache/com.unity.entities@e90944159b94)
    com.unity.inputsystem@1.19.0 (location: <repo>/games/hollowmere/Library/PackageCache/com.unity.inputsystem@21a28c3a6c83)
    com.unity.mathematics@1.3.2 (location: <repo>/games/hollowmere/Library/PackageCache/com.unity.mathematics@8017b507cc74)
    com.unity.nuget.newtonsoft-json@3.2.1 (location: <repo>/games/hollowmere/Library/PackageCache/com.unity.nuget.newtonsoft-json@74deb55db2a0)
    com.unity.toolchain.linux-x86_64@2.0.11 (location: <repo>/games/hollowmere/Library/PackageCache/com.unity.toolchain.linux-x86_64@53b88ff74b51)
    com.unity.sysroot@2.0.10 (location: <repo>/games/hollowmere/Library/PackageCache/com.unity.sysroot@7bbbb9339c14)
    com.unity.sysroot.linux-x86_64@2.0.9 (location: <repo>/games/hollowmere/Library/PackageCache/com.unity.sysroot.linux-x86_64@1998d1c7730e)
    com.unity.serialization@3.1.5 (location: <repo>/games/hollowmere/Library/PackageCache/com.unity.serialization@c463b52e88d7)
    com.unity.profiling.core@1.0.3 (location: <repo>/games/hollowmere/Library/PackageCache/com.unity.profiling.core@8a49f7027d06)
    com.unity.nuget.mono-cecil@1.11.6 (location: <repo>/games/hollowmere/Library/PackageCache/com.unity.nuget.mono-cecil@ecb9724e46ff)
    com.unity.scriptablebuildpipeline@2.6.1 (location: <repo>/games/hollowmere/Library/PackageCache/com.unity.scriptablebuildpipeline@36e3b5898ee2)
    com.unity.test-framework.performance@3.4.0 (location: <repo>/games/hollowmere/Library/PackageCache/com.unity.test-framework.performance@aa81a99c4a75)
    com.unity.searcher@4.9.3 (location: <repo>/games/hollowmere/Library/PackageCache/com.unity.searcher@1e17ce91558d)
  Built-in packages:
    com.unity.modules.ai@1.0.0 (location: <repo>/games/hollowmere/Library/PackageCache/com.unity.modules.ai)
    com.unity.modules.animation@1.0.0 (location: <repo>/games/hollowmere/Library/PackageCache/com.unity.modules.animation)
    com.unity.modules.audio@1.0.0 (location: <repo>/games/hollowmere/Library/PackageCache/com.unity.modules.audio)
    com.unity.modules.imageconversion@1.0.0 (location: <repo>/games/hollowmere/Library/PackageCache/com.unity.modules.imageconversion)
    com.unity.modules.imgui@1.0.0 (location: <repo>/games/hollowmere/Library/PackageCache/com.unity.modules.imgui)
    com.unity.modules.jsonserialize@1.0.0 (location: <repo>/games/hollowmere/Library/PackageCache/com.unity.modules.jsonserialize)
    com.unity.modules.physics@1.0.0 (location: <repo>/games/hollowmere/Library/PackageCache/com.unity.modules.physics)
    com.unity.modules.screencapture@1.0.0 (location: <repo>/games/hollowmere/Library/PackageCache/com.unity.modules.screencapture)
    com.unity.modules.ui@1.0.0 (location: <repo>/games/hollowmere/Library/PackageCache/com.unity.modules.ui)
    com.unity.modules.uielements@1.0.0 (location: <repo>/games/hollowmere/Library/PackageCache/com.unity.modules.uielements)
    com.unity.modules.unitywebrequest@1.0.0 (location: <repo>/games/hollowmere/Library/PackageCache/com.unity.modules.unitywebrequest)
    com.unity.modules.video@1.0.0 (location: <repo>/games/hollowmere/Library/PackageCache/com.unity.modules.video)
    com.unity.render-pipelines.universal@17.0.4 (location: <repo>/games/hollowmere/Library/PackageCache/com.unity.render-pipelines.universal@a1a2df1d8dcb)
    com.unity.test-framework@1.6.0 (location: <repo>/games/hollowmere/Library/PackageCache/com.unity.test-framework@bd52b1c23814)
    com.unity.ext.nunit@2.0.5 (location: <repo>/games/hollowmere/Library/PackageCache/com.unity.ext.nunit@b16e6d09cd93)
    com.unity.render-pipelines.core@17.0.4 (location: <repo>/games/hollowmere/Library/PackageCache/com.unity.render-pipelines.core@2fecbe5ecc80)
    com.unity.shadergraph@17.0.4 (location: <repo>/games/hollowmere/Library/PackageCache/com.unity.shadergraph@029994c473dc)
    com.unity.render-pipelines.universal-config@17.0.3 (location: <repo>/games/hollowmere/Library/PackageCache/com.unity.render-pipelines.universal-config@e48fefd716b5)
    com.unity.modules.hierarchycore@1.0.0 (location: <repo>/games/hollowmere/Library/PackageCache/com.unity.modules.hierarchycore)
    com.unity.modules.assetbundle@1.0.0 (location: <repo>/games/hollowmere/Library/PackageCache/com.unity.modules.assetbundle)
    com.unity.modules.unityanalytics@1.0.0 (location: <repo>/games/hollowmere/Library/PackageCache/com.unity.modules.unityanalytics)
    com.unity.ugui@2.0.0 (location: <repo>/games/hollowmere/Library/PackageCache/com.unity.ugui@a477a4a18974)
    com.unity.modules.terrain@1.0.0 (location: <repo>/games/hollowmere/Library/PackageCache/com.unity.modules.terrain)
    com.unity.rendering.light-transport@1.0.1 (location: <repo>/games/hollowmere/Library/PackageCache/com.unity.rendering.light-transport@fd597d1a9e15)
  Local packages:
    com.gamecore.composition@file:<repo>/Packages/com.gamecore.composition (location: <repo>/Packages/com.gamecore.composition)
    com.gamecore.content.compiler@file:<repo>/Packages/com.gamecore.content.compiler (location: <repo>/Packages/com.gamecore.content.compiler)
    com.gamecore.contracts@file:<repo>/Packages/com.gamecore.contracts (location: <repo>/Packages/com.gamecore.contracts)
    com.gamecore.derivation@file:<repo>/Packages/com.gamecore.derivation (location: <repo>/Packages/com.gamecore.derivation)
    com.gamecore.gameplay.audio@file:<repo>/Packages/com.gamecore.gameplay.audio (location: <repo>/Packages/com.gamecore.gameplay.audio)
    com.gamecore.gameplay.cards@file:<repo>/Packages/com.gamecore.gameplay.cards (location: <repo>/Packages/com.gamecore.gameplay.cards)
    com.gamecore.gameplay.compile@file:<repo>/Packages/com.gamecore.gameplay.compile (location: <repo>/Packages/com.gamecore.gameplay.compile)
    com.gamecore.gameplay.contracts@file:<repo>/Packages/com.gamecore.gameplay.contracts (location: <repo>/Packages/com.gamecore.gameplay.contracts)
    com.gamecore.gameplay.dialogue@file:<repo>/Packages/com.gamecore.gameplay.dialogue (location: <repo>/Packages/com.gamecore.gameplay.dialogue)
    com.gamecore.gameplay.entities@file:<repo>/Packages/com.gamecore.gameplay.entities (location: <repo>/Packages/com.gamecore.gameplay.entities)
    com.gamecore.gameplay.integration@file:<repo>/Packages/com.gamecore.gameplay.integration (location: <repo>/Packages/com.gamecore.gameplay.integration)
    com.gamecore.gameplay.interaction@file:<repo>/Packages/com.gamecore.gameplay.interaction (location: <repo>/Packages/com.gamecore.gameplay.interaction)
    com.gamecore.gameplay.inventory@file:<repo>/Packages/com.gamecore.gameplay.inventory (location: <repo>/Packages/com.gamecore.gameplay.inventory)
    com.gamecore.gameplay.logic@file:<repo>/Packages/com.gamecore.gameplay.logic (location: <repo>/Packages/com.gamecore.gameplay.logic)
    com.gamecore.gameplay.narrative@file:<repo>/Packages/com.gamecore.gameplay.narrative (location: <repo>/Packages/com.gamecore.gameplay.narrative)
    com.gamecore.gameplay.npc@file:<repo>/Packages/com.gamecore.gameplay.npc (location: <repo>/Packages/com.gamecore.gameplay.npc)
    com.gamecore.gameplay.player@file:<repo>/Packages/com.gamecore.gameplay.player (location: <repo>/Packages/com.gamecore.gameplay.player)
    com.gamecore.gameplay.quest@file:<repo>/Packages/com.gamecore.gameplay.quest (location: <repo>/Packages/com.gamecore.gameplay.quest)
    com.gamecore.gameplay.rewards@file:<repo>/Packages/com.gamecore.gameplay.rewards (location: <repo>/Packages/com.gamecore.gameplay.rewards)
    com.gamecore.gameplay.save@file:<repo>/Packages/com.gamecore.gameplay.save (location: <repo>/Packages/com.gamecore.gameplay.save)
    com.gamecore.gameplay.traversal@file:<repo>/Packages/com.gamecore.gameplay.traversal (location: <repo>/Packages/com.gamecore.gameplay.traversal)
    com.gamecore.gameplay.ui@file:<repo>/Packages/com.gamecore.gameplay.ui (location: <repo>/Packages/com.gamecore.gameplay.ui)
    com.gamecore.gameplay.world@file:<repo>/Packages/com.gamecore.gameplay.world (location: <repo>/Packages/com.gamecore.gameplay.world)
    com.gamecore.planning@file:<repo>/Packages/com.gamecore.planning (location: <repo>/Packages/com.gamecore.planning)
    com.gamecore.rules.cards@file:<repo>/Packages/com.gamecore.rules.cards (location: <repo>/Packages/com.gamecore.rules.cards)
    com.gamecore.rules.gameplay@file:<repo>/Packages/com.gamecore.rules.gameplay (location: <repo>/Packages/com.gamecore.rules.gameplay)
    com.gamecore.rules.narrative@file:<repo>/Packages/com.gamecore.rules.narrative (location: <repo>/Packages/com.gamecore.rules.narrative)
    com.gamecore.rules.traversal@file:<repo>/Packages/com.gamecore.rules.traversal (location: <repo>/Packages/com.gamecore.rules.traversal)
    com.gamecore.studio.core@file:<repo>/Packages/com.gamecore.studio.core (location: <repo>/Packages/com.gamecore.studio.core)
    com.gamecore.studio.etos@file:<repo>/Packages/com.gamecore.studio.etos (location: <repo>/Packages/com.gamecore.studio.etos)
    com.gamecore.studio.gameplay@file:<repo>/Packages/com.gamecore.studio.gameplay (location: <repo>/Packages/com.gamecore.studio.gameplay)
    com.gamecore.studio.ui@file:<repo>/Packages/com.gamecore.studio.ui (location: <repo>/Packages/com.gamecore.studio.ui)
    com.gamecore.studio.views@file:<repo>/Packages/com.gamecore.studio.views (location: <repo>/Packages/com.gamecore.studio.views)
    com.gamecore.unity.adapters@file:<repo>/Packages/com.gamecore.unity.adapters (location: <repo>/Packages/com.gamecore.unity.adapters)
    com.gamecore.unity.app@file:<repo>/Packages/com.gamecore.unity.app (location: <repo>/Packages/com.gamecore.unity.app)
    com.gamecore.unity.runtime@file:<repo>/Packages/com.gamecore.unity.runtime (location: <repo>/Packages/com.gamecore.unity.runtime)
[Subsystems] No new subsystems found in resolved package list.
[Package Manager] Done registering packages in 0.01 seconds
A meta data file (.meta) exists but its folder 'Packages/com.gamecore.studio.gameplay/Tests~' can't be found, and has been created. Empty directories cannot be stored in version control, so it's assumed that the meta data file is for an empty directory in version control. When moving or deleting folders outside of Unity, please ensure that the corresponding .meta file is moved or deleted along with it.
Assembly reference Packages/com.unity.entities/Unity.Scenes.Editor/Internals/Properties/Unity.Properties.Internals.asmref has no target assembly definition
Assembly reference Packages/com.unity.entities/Unity.Scenes.Editor/Internals/Properties/Unity.Properties.Internals.asmref has no target assembly definition
[40m[32minfo[39m[22m[49m: Microsoft.Hosting.Lifetime[14]
      Now listening on: http://unix:/tmp/ilpp.sock-547e73308def5ad1c000e452139aced3
[40m[32minfo[39m[22m[49m: Microsoft.Hosting.Lifetime[0]
      Application started. Press Ctrl+C to shut down.
[40m[32minfo[39m[22m[49m: Microsoft.Hosting.Lifetime[0]
      Hosting environment: Production
[40m[32minfo[39m[22m[49m: Microsoft.Hosting.Lifetime[0]
      Content root path: <repo>/games/hollowmere/
[40m[32minfo[39m[22m[49m: Microsoft.AspNetCore.Hosting.Diagnostics[1]
      Request starting HTTP/2 POST http://ilpp/UnityILPP.PostProcessing/Ping application/grpc -
[40m[32minfo[39m[22m[49m: Microsoft.AspNetCore.Routing.EndpointMiddleware[0]
      Executing endpoint 'gRPC - /UnityILPP.PostProcessing/Ping'
[40m[32minfo[39m[22m[49m: Microsoft.AspNetCore.Routing.EndpointMiddleware[1]
      Executed endpoint 'gRPC - /UnityILPP.PostProcessing/Ping'
[40m[32minfo[39m[22m[49m: Microsoft.AspNetCore.Hosting.Diagnostics[2]
      Request finished HTTP/2 POST http://ilpp/UnityILPP.PostProcessing/Ping application/grpc - - 200 - application/grpc 46.7454ms
Starting: ~/Unity/Hub/Editor/6000.0.75f1/Editor/Data/bee_backend --ipc --defer-dag-verification --dagfile="Library/Bee/2400b0aE.dag" --continue-on-failure --profile="Library/Bee/backend1.traceevents" ScriptAssemblies
WorkingDir: <repo>/games/hollowmere
[40m[32minfo[39m[22m[49m: Microsoft.AspNetCore.Hosting.Diagnostics[1]
      Request starting HTTP/2 POST http://ilpp/UnityILPP.PostProcessing/ConfigurePostProcessors application/grpc -
[40m[32minfo[39m[22m[49m: Microsoft.AspNetCore.Routing.EndpointMiddleware[0]
      Executing endpoint 'gRPC - /UnityILPP.PostProcessing/ConfigurePostProcessors'
[40m[1m[33mwarn[39m[22m[49m: Unity.ILPP.Runner.PostProcessingAssemblyLoadContext[0]
      Assembly system.runtime.interopservices.windowsruntime has duplicate hint path. Ignoring "~/Unity/Hub/Editor/6000.0.75f1/Editor/Data/UnityReferenceAssemblies/unity-4.8-api/Facades/System.Runtime.InteropServices.WindowsRuntime.dll" in favor of "~/Unity/Hub/Editor/6000.0.75f1/Editor/Data/NetStandard/Extensions/2.0.0/System.Runtime.InteropServices.WindowsRuntime.dll"
[40m[1m[33mwarn[39m[22m[49m: Unity.ILPP.Runner.PostProcessingAssemblyLoadContext[0]
      Assembly system.componentmodel.composition has duplicate hint path. Ignoring "~/Unity/Hub/Editor/6000.0.75f1/Editor/Data/UnityReferenceAssemblies/unity-4.8-api/System.ComponentModel.Composition.dll" in favor of "~/Unity/Hub/Editor/6000.0.75f1/Editor/Data/NetStandard/compat/2.1.0/shims/netfx/System.ComponentModel.Composition.dll"
[40m[32minfo[39m[22m[49m: Unity.ILPP.Runner.PostProcessingAssemblyLoadContext[0]
      Resolved Unity.Burst.Cecil, Version=0.11.4.0, Culture=neutral, PublicKeyToken=50cebf1cceb9d05e with Library/PackageCache/com.unity.burst@07790c2d06d9/Unity.Burst.CodeGen/Unity.Burst.Cecil.dll
[40m[32minfo[39m[22m[49m: Unity.ILPP.Runner.PostProcessingAssemblyLoadContext[0]
      Resolved Mono.Cecil, Version=0.11.5.0, Culture=neutral, PublicKeyToken=50cebf1cceb9d05e with Library/PackageCache/com.unity.nuget.mono-cecil@ecb9724e46ff/Mono.Cecil.dll
[40m[32minfo[39m[22m[49m: Unity.ILPP.Runner.PostProcessingAssemblyLoadContext[0]
      Resolved Unity.Entities, Version=0.0.0.0, Culture=neutral, PublicKeyToken=null with Library/Bee/artifacts/2400b0aE.dag/Unity.Entities.dll
[40m[32minfo[39m[22m[49m: Microsoft.AspNetCore.Routing.EndpointMiddleware[1]
      Executed endpoint 'gRPC - /UnityILPP.PostProcessing/ConfigurePostProcessors'
[40m[32minfo[39m[22m[49m: Microsoft.AspNetCore.Hosting.Diagnostics[2]
      Request finished HTTP/2 POST http://ilpp/UnityILPP.PostProcessing/ConfigurePostProcessors application/grpc - - 200 - application/grpc 37.2006ms
DisplayProgressbar: Compiling Scripts
ExitCode: 0 Duration: 0s334ms
[1358/1926  0s] ILPP-Configuration Library/ilpp-configuration.nevergeneratedoutput
*** Tundra build success (0.31 seconds), 1 items updated, 1926 evaluated
AssetDatabase: script compilation time: 0.902367s
Total cache size 264245387
A meta data file (.meta) exists but its folder 'Packages/com.gamecore.studio.gameplay/Tests~' can't be found, and has been created. Empty directories cannot be stored in version control, so it's assumed that the meta data file is for an empty directory in version control. When moving or deleting folders outside of Unity, please ensure that the corresponding .meta file is moved or deleted along with it.
Begin MonoManager ReloadAssembly
Total cache size after purge 264245387, took 00:00:00.2677908
Symbol file LoadedFromMemory is not a mono symbol file
- Loaded All Assemblies, in  0.823 seconds
A meta data file (.meta) exists but its folder 'Packages/com.gamecore.studio.gameplay/Tests~' can't be found, and has been created. Empty directories cannot be stored in version control, so it's assumed that the meta data file is for an empty directory in version control. When moving or deleting folders outside of Unity, please ensure that the corresponding .meta file is moved or deleted along with it.
Refreshing native plugins compatible for Editor in 0.42 ms, found 1 plugins.
Native extension for LinuxStandalone target not found
Native extension for OSXStandalone target not found
Assembly reference Packages/com.unity.entities/Unity.Scenes.Editor/Internals/Properties/Unity.Properties.Internals.asmref has no target assembly definition
TypeManager.Initialize took: 368ms
Mono: successfully reloaded assembly
- Finished resetting the current domain, in  4.128 seconds
Domain Reload Profiling: 4942ms
	BeginReloadAssembly (163ms)
		ExecutionOrderSort (0ms)
		DisableScriptedObjects (21ms)
		BackupInstance (0ms)
		ReleaseScriptingObjects (0ms)
		CreateAndSetChildDomain (41ms)
	RebuildCommonClasses (40ms)
	RebuildNativeTypeToScriptingClass (9ms)
	initialDomainReloadingComplete (33ms)
	LoadAllAssembliesAndSetupDomain (568ms)
		LoadAssemblies (305ms)
		RebuildTransferFunctionScriptingTraits (0ms)
		AnalyzeDomain (324ms)
			TypeCache.Refresh (213ms)
				TypeCache.ScanAssembly (190ms)
			BuildScriptInfoCaches (98ms)
			ResolveRequiredComponents (10ms)
	FinalizeReload (4129ms)
		ReleaseScriptCaches (0ms)
		RebuildScriptCaches (0ms)
		SetupLoadedEditorAssemblies (3900ms)
			LogAssemblyErrors (0ms)
			InitializePlatformSupportModulesInManaged (55ms)
			SetLoadedEditorAssemblies (8ms)
			BeforeProcessingInitializeOnLoad (202ms)
			ProcessInitializeOnLoadAttributes (3429ms)
			ProcessInitializeOnLoadMethodAttributes (202ms)
			AfterProcessingInitializeOnLoad (4ms)
			EditorAssembliesLoaded (0ms)
		ExecutionOrderSort2 (0ms)
		AwakeInstancesAfterBackupRestoration (6ms)
A meta data file (.meta) exists but its folder 'Packages/com.gamecore.studio.gameplay/Tests~' can't be found, and has been created. Empty directories cannot be stored in version control, so it's assumed that the meta data file is for an empty directory in version control. When moving or deleting folders outside of Unity, please ensure that the corresponding .meta file is moved or deleted along with it.
Asset Pipeline Refresh (id=3cdd887847b7ef80181e75ef8a4f5a4a): Total: 7.344 seconds - Initiated by InitialRefreshV2(ForceSynchronousImport)
	Summary:
		Imports: total=0 (actual=0, local cache=0, cache server=0)
		Asset DB Process Time: managed=0 ms, native=5494 ms
		Asset DB Callback time: managed=26 ms, native=10 ms
		Scripting: domain reloads=1, domain reload time=823 ms, compile time=904 ms, other=85 ms
		Project Asset Count: scripts=1801, non-scripts=2645
		Asset File Changes: new=0, changed=0, moved=0, deleted=0
		Scan Filter Count: 1
	InvokeCustomDependenciesCallbacks: 0.003ms
	InvokePackagesCallback: 12.440ms
	ApplyChangesToAssetFolders: 0.668ms
	Scan: 1007.424ms
	OnSourceAssetsModified: 0.004ms
	CategorizeAssetsWithTransientArtifact: 45.475ms
	ProcessAssetsWithTransientArtifactChanges: 70.254ms
	CategorizeAssets: 53.274ms
	ImportOutOfDateAssets: 4137.830ms (3230.593ms without children)
		CompileScripts: 904.184ms
		ReloadNativeAssets: 0.021ms
		UnloadImportedAssets: 1.460ms
		EnsureUptoDateAssetsAreRegisteredWithGuidPM: 0.995ms
		InitializingProgressBar: 0.000ms
		PostProcessAllAssetNotificationsAddChangedAssets: 0.000ms
		OnDemandSchedulerStart: 0.577ms
	PostProcessAllAssets: 26.673ms
	GatherAllCurrentPrimaryArtifactRevisions: 0.000ms
	UnloadStreamsBegin: 1.967ms
	PersistCurrentRevisions: 0.182ms
	UnloadStreamsEnd: 0.001ms
	GenerateScriptTypeHashes: 2.871ms
	Untracked: 1988.199ms

Application.AssetDatabase Initial Refresh End
Scanning for USB devices : 1.251ms
Initializing Unity extensions:
UpdateMenuTitleForLanguage: 10
[MODES] ModeService[none].Initialize
[MODES] ModeService[none].LoadModes
[MODES] Loading mode Default (0) for mode-current-id-Hollowmere
Unloading 16 Unused Serialized files (Serialized files now loaded: 0)
Unloading 6116 unused Assets / (4.6 MB). Loaded Objects now: 6792.
Memory consumption went from 185.5 MB to 180.9 MB.
Total: 15.921422 ms (FindLiveObjects: 0.492300 ms CreateObjectMapping: 0.601011 ms MarkObjects: 10.509684 ms  DeleteObjects: 4.317161 ms)


(process:4039862): GLib-GObject-CRITICAL **: 05:10:16.920: g_object_unref: assertion 'G_IS_OBJECT (object)' failed

(process:4039862): GLib-GObject-CRITICAL **: 05:10:16.920: g_object_unref: assertion 'G_IS_OBJECT (object)' failed

(process:4039862): GLib-GObject-CRITICAL **: 05:10:16.920: g_object_unref: assertion 'G_IS_OBJECT (object)' failed

(process:4039862): Gtk-CRITICAL **: 05:10:16.920: gtk_widget_destroy: assertion 'GTK_IS_WIDGET (widget)' failed
Disable old input system
[Project] Loading completed in 28.300 seconds
	Project init time: 				27.926 seconds
		Template init time: 		0.000 seconds
		Package Manager init time: 		0.312 seconds
		Asset Database init time: 		0.291 seconds
		Global illumination init time: 	0.005 seconds
		Assemblies load time: 			19.544 seconds
		Unity extensions init time: 	0.036 seconds
		Asset Database refresh time: 	7.344 seconds
	Scene opening time: 			0.357 seconds
##utp:{"type": "ProjectInfo", "version": 2, "phase": "Immediate", "time": 1791321016921, "processId": 4039862, "projectLoad": 28.299770258, "projectInit": 27.925935556, "templateInit": 0.0, "packageManagerInit": 0.312268068, "assetDatabaseInit": 0.291294331, "globalIlluminationInit": 0.005044212, "assembliesLoad": 19.54443315, "unityExtensionsInit": 0.03637478, "assetDatabaseRefresh": 7.34445822, "sceneOpening": 0.35738815}
##utp:{"type": "EditorInfo", "version": 2, "phase": "Immediate", "time": 1791321016921, "processId": 4039862, "editorVersion": "6000.0.75f1 (26349cd2a5c8)", "branch": "6000.0/staging", "buildType": "Release", "platform": "Linux"}
A meta data file (.meta) exists but its folder 'Packages/com.gamecore.studio.gameplay/Tests~' can't be found, and has been created. Empty directories cannot be stored in version control, so it's assumed that the meta data file is for an empty directory in version control. When moving or deleting folders outside of Unity, please ensure that the corresponding .meta file is moved or deleted along with it.
A meta data file (.meta) exists but its folder 'Packages/com.gamecore.studio.gameplay/Tests~' can't be found, and has been created. Empty directories cannot be stored in version control, so it's assumed that the meta data file is for an empty directory in version control. When moving or deleting folders outside of Unity, please ensure that the corresponding .meta file is moved or deleted along with it.
Asset Pipeline Refresh (id=d1e737adfb36c35d087def42a4ffbb8b): Total: 0.434 seconds - Initiated by RefreshV2(ForceSynchronousImport)
	Summary:
		Imports: total=0 (actual=0, local cache=0, cache server=0)
		Asset DB Process Time: managed=0 ms, native=432 ms
		Asset DB Callback time: managed=0 ms, native=0 ms
		Scripting: domain reloads=0, domain reload time=0 ms, compile time=0 ms, other=0 ms
		Project Asset Count: scripts=1801, non-scripts=2645
		Asset File Changes: new=0, changed=0, moved=0, deleted=0
		Scan Filter Count: 1
	InvokeCustomDependenciesCallbacks: 0.001ms
	InvokePackagesCallback: 2.100ms
	ApplyChangesToAssetFolders: 0.296ms
	Scan: 379.163ms
	OnSourceAssetsModified: 0.001ms
	CategorizeAssetsWithTransientArtifact: 0.002ms
	ProcessAssetsWithTransientArtifactChanges: 0.169ms
	CategorizeAssets: 42.751ms
	ImportOutOfDateAssets: 1.400ms (0.217ms without children)
		CompileScripts: 0.100ms
		ReloadNativeAssets: 0.033ms
		UnloadImportedAssets: 0.105ms
		EnsureUptoDateAssetsAreRegisteredWithGuidPM: 0.522ms
		InitializingProgressBar: 0.000ms
		PostProcessAllAssetNotificationsAddChangedAssets: 0.000ms
		OnDemandSchedulerStart: 0.423ms
	GatherAllCurrentPrimaryArtifactRevisions: 0.209ms
	UnloadStreamsBegin: 0.055ms
	PersistCurrentRevisions: 0.217ms
	UnloadStreamsEnd: 0.001ms
	Untracked: 7.217ms

A meta data file (.meta) exists but its folder 'Packages/com.gamecore.studio.gameplay/Tests~' can't be found, and has been created. Empty directories cannot be stored in version control, so it's assumed that the meta data file is for an empty directory in version control. When moving or deleting folders outside of Unity, please ensure that the corresponding .meta file is moved or deleted along with it.
Asset Pipeline Refresh (id=a315e6fa950fdd1a391cedf0de93d01f): Total: 0.210 seconds - Initiated by RefreshV2(NoUpdateAssetOptions)
Shader Hidden/ProbeVolume/VoxelizeScene is not supported: GPU does not support conservative rasterization
A meta data file (.meta) exists but its folder 'Packages/com.gamecore.studio.gameplay/Tests~' can't be found, and has been created. Empty directories cannot be stored in version control, so it's assumed that the meta data file is for an empty directory in version control. When moving or deleting folders outside of Unity, please ensure that the corresponding .meta file is moved or deleted along with it.
UnityEngine.Debug:ExtractStackTraceNoAlloc (byte*,int,string)
UnityEngine.StackTraceUtility:ExtractStackTrace () (at /home/bokken/build/output/unity/unity/Runtime/Export/Scripting/StackTrace.cs:35)
UnityEditor.AssetDatabase:Refresh () (at /home/bokken/build/output/unity/unity/Modules/AssetDatabase/Editor/ScriptBindings/AssetDatabase.bindings.cs:393)
Hollowmere.P3_2.Workflows.R7PickingRun/<Execute>d__27:MoveNext () (at Assets/Hollowmere/Tests/P3_2/Editor/ScenariosR7Picking.cs:97)
Hollowmere.P3_2.Workflows.R7PickingRun:Tick () (at Assets/Hollowmere/Tests/P3_2/Editor/ScenariosR7Picking.cs:79)
UnityEditor.EditorApplication:Internal_CallUpdateFunctions () (at /home/bokken/build/output/unity/unity/Editor/Mono/EditorApplication.cs:384)

[/home/bokken/build/output/unity/unity/Modules/AssetDatabase/Editor/ScriptBindings/AssetDatabase.bindings.cs line 393]

Start importing Assets/R7Picking-852c69d714ef4ad2af55b0ae177463c1 using Guid(df7fe4eb3fbc8992bb5ceac550b3a13d) (DefaultImporter) -> (artifact id: 'a1c901750e2d1e9fe815d1fd147a1c90') in 0.007956882 seconds
Refreshing native plugins compatible for Editor in 0.40 ms, found 1 plugins.
Preloading 0 native plugins for Editor in 0.00 ms.
Asset Pipeline Refresh (id=f685e00d3759aa592a601fcd1d7fbf45): Total: 0.418 seconds - Initiated by RefreshV2(NoUpdateAssetOptions)
	Summary:
		Imports: total=1 (actual=1, local cache=0, cache server=0)
		Asset DB Process Time: managed=3 ms, native=228 ms
		Asset DB Callback time: managed=184 ms, native=1 ms
		Scripting: domain reloads=0, domain reload time=0 ms, compile time=0 ms, other=0 ms
		Project Asset Count: scripts=1802, non-scripts=2645
		Asset File Changes: new=1, changed=1, moved=0, deleted=0
		Scan Filter Count: 1
	InvokeCustomDependenciesCallbacks: 0.001ms
	InvokePackagesCallback: 0.001ms
	ApplyChangesToAssetFolders: 0.233ms
	Scan: 203.327ms
	OnSourceAssetsModified: 0.945ms
	CategorizeAssetsWithTransientArtifact: 0.005ms
	ProcessAssetsWithTransientArtifactChanges: 0.077ms
	CategorizeAssets: 14.275ms
	ImportOutOfDateAssets: 10.817ms (0.373ms without children)
		ImportManagerImport: 9.280ms (1.120ms without children)
			ImportInProcess: 8.147ms
			UpdateCategorizedAssets: 0.013ms
		ReloadNativeAssets: 0.029ms
		UnloadImportedAssets: 0.127ms
		ReloadImportedAssets: 0.000ms
		EnsureUptoDateAssetsAreRegisteredWithGuidPM: 0.574ms
		InitializingProgressBar: 0.000ms
		PostProcessAllAssetNotificationsAddChangedAssets: 0.000ms
		OnDemandSchedulerStart: 0.434ms
	PostProcessAllAssets: 182.313ms
	Hotreload: 2.621ms
	GatherAllCurrentPrimaryArtifactRevisions: 0.286ms
	UnloadStreamsBegin: 0.003ms
	PersistCurrentRevisions: 0.253ms
	UnloadStreamsEnd: 0.001ms
	Untracked: 2.912ms

Unloading 0 Unused Serialized files (Serialized files now loaded: 0)
Unloading 4 unused Assets / (0 B). Loaded Objects now: 6826.
Memory consumption went from 182.0 MB to 182.0 MB.
Total: 10.687373 ms (FindLiveObjects: 0.297827 ms CreateObjectMapping: 0.269186 ms MarkObjects: 10.093972 ms  DeleteObjects: 0.025292 ms)

Start importing Assets/R7Picking-852c69d714ef4ad2af55b0ae177463c1/Picking.unity using Guid(be2d955c0c6cd9d248c161624a2cd344) (DefaultImporter) -> (artifact id: '41705e6189dfbce667c30676b138788f') in 0.000932221 seconds
Refreshing native plugins compatible for Editor in 0.30 ms, found 1 plugins.
Preloading 0 native plugins for Editor in 0.00 ms.
Asset Pipeline Refresh (id=5386ec80e7b4af0f3b6b09ca228eb7e5): Total: 0.029 seconds - Initiated by StopAssetImportingV2(NoUpdateAssetOptions)
[UnityConnectServicesConfig] config is NOT valid, switching to default
Created GICache directory at ~/.cache/unity3d/GiCache. Took: 0.002s, timestamps: [28.320 - 28.322]
Unloading 166 Unused Serialized files (Serialized files now loaded: 0)
Unloading 234 unused Assets / (98.2 KB). Loaded Objects now: 6835.
Memory consumption went from 198.4 MB to 198.3 MB.
Total: 9.760062 ms (FindLiveObjects: 0.240303 ms CreateObjectMapping: 0.157407 ms MarkObjects: 9.134458 ms  DeleteObjects: 0.226964 ms)

Refreshing native plugins compatible for Editor in 0.32 ms, found 1 plugins.
Preloading 0 native plugins for Editor in 0.00 ms.
Asset Pipeline Refresh (id=fcff1fa78c0f6c2458c7f3f675b14cce): Total: 0.028 seconds - Initiated by StopAssetImportingV2(NoUpdateAssetOptions)
R7-B W-UI-03 BLOCKED: <repo>/artifacts/studio/verification/W-UI-03/r7-b-20261006T211016902Z
UnityEngine.Debug:ExtractStackTraceNoAlloc (byte*,int,string)
UnityEngine.StackTraceUtility:ExtractStackTrace () (at /home/bokken/build/output/unity/unity/Runtime/Export/Scripting/StackTrace.cs:35)
UnityEngine.DebugLogHandler:Internal_Log (UnityEngine.LogType,UnityEngine.LogOption,string,UnityEngine.Object)
UnityEngine.DebugLogHandler:LogFormat (UnityEngine.LogType,UnityEngine.Object,string,object[])
UnityEngine.Logger:Log (UnityEngine.LogType,object)
UnityEngine.Debug:Log (object)
Hollowmere.P3_2.Workflows.R7PickingRun:Finish (string,string) (at Assets/Hollowmere/Tests/P3_2/Editor/ScenariosR7Picking.cs:458)
Hollowmere.P3_2.Workflows.R7PickingRun:Tick () (at Assets/Hollowmere/Tests/P3_2/Editor/ScenariosR7Picking.cs:80)
UnityEditor.EditorApplication:Internal_CallUpdateFunctions () (at /home/bokken/build/output/unity/unity/Editor/Mono/EditorApplication.cs:384)

(Filename: Assets/Hollowmere/Tests/P3_2/Editor/ScenariosR7Picking.cs Line: 458)

Request timed out while processing request "https://public-cdn.cloud.unity3d.com/config/production", HTTP error code 0
.[UnityConnect] Request timed out.
Unloading 0 Unused Serialized files (Serialized files now loaded: 0)
Unloading 4 unused Assets / (0 B). Loaded Objects now: 6835.
Memory consumption went from 201.6 MB to 201.6 MB.
Total: 9.888443 ms (FindLiveObjects: 0.263692 ms CreateObjectMapping: 0.177676 ms MarkObjects: 9.425338 ms  DeleteObjects: 0.020402 ms)

[Physics::Module] Cleanup current backned.
[Physics::Module] Id: 0xf2b8ea05
Input System module state changed to: ShutdownInProgress.
Input System polling thread exited.
Input System module state changed to: Shutdown.
[Licensing::IpcConnector] LicenseClient-worlesenric-notifications channel disconnected successfully.
[Licensing::IpcConnector] LicenseClient-worlesenric channel disconnected successfully.
AcceleratorClientConnectionCallback - disconnected - :0
[40m[32minfo[39m[22m[49m: Microsoft.Hosting.Lifetime[0]
      Application is shutting down...
[40m[32minfo[39m[22m[49m: Unity.ILPP.Runner.PostProcessingAssemblyLoadContext[0]
      ALC ILPP context 1 is unloading
Cleanup mono
debugger-agent: Unable to listen on 42
[Package Manager] Server process was shutdown
Checking for leaked weakptr:
  Found no leaked weakptrs.
##utp:{"type": "MemoryLeaks", "version": 2, "phase": "Immediate", "time": 1791321020164, "processId": 4039862, "allocatedMemory": 14086121, "memoryLabels": [{"Default": 23549}, {"Permanent": 16147}, {"Thread": 1084616}, {"Manager": 2812745}, {"VertexData": 8}, {"Geometry": 408}, {"VFX": -104}, {"Texture": 296}, {"Shader": 79299}, {"Material": 24}, {"GfxDevice": 35976}, {"Animation": 456}, {"Audio": 4032}, {"FontEngine": 320}, {"Physics": 2081}, {"Serialization": 376}, {"Input": 26752}, {"JobScheduler": 33024}, {"TextLib": 160}, {"Mono": 32}, {"MonoCode": 96}, {"ScriptingNativeRuntime": 155096}, {"BaseObject": 1622832}, {"Resource": 1032}, {"Renderer": 2928}, {"Transform": 4678}, {"File": 6670}, {"WebCam": 80}, {"Culling": 32}, {"Terrain": 11298}, {"Wind": 24}, {"String": 17630}, {"DynamicArray": 104764}, {"HashMap": 125311}, {"Utility": 2665104}, {"PoolAlloc": 3920}, {"AI": 72}, {"TypeTree": 5005}, {"ScriptManager": 512}, {"RuntimeInitializeOnLoadManager": 64}, {"SpriteAtlas": 112}, {"GI": 7448}, {"Director": 8208}, {"CloudService": 8336}, {"WebRequest": 808}, {"VR": 45689}, {"SceneManager": 528}, {"Video": 64}, {"LazyScriptCache": 32}, {"NativeArray": 540}, {"Camera": 17}, {"Secure": 8401}, {"SerializationCache": 1576}, {"APIUpdating": 10320}, {"Subsystems": 336}, {"VirtualTexturing": 57552}, {"StaticSafetyDebugInfo": 278528}, {"Analytics": 384}, {"Hierarchy": 832}, {"CoreStats": 12456}, {"Identifiers": 12384}, {"Gui": 112}, {"EditorUtility": 31178}, {"VersionControl": 4}, {"Undo": 979}, {"AssetDatabase": 4710846}, {"EditorGi": 328}, {"UnityConnect": 24816}, {"Upm": 1852}, {"DrivenProperties": 72}, {"LocalIPC": 210}, {"ProfilerEditor": 9746}, {"CoreBusinessMetrics": 2386}, {"Licensing": 1632}, {"AssetReference": 32}, {"IPCStream": 32}]}
