  Determining projects to restore...
  All projects are up-to-date for restore.
  GameCore.Contracts -> ~/wkspace/gc-studio/p4.2k/dotnet/src/GameCore.Contracts/bin/Debug/netstandard2.1/GameCore.Contracts.dll
  GameCore.Studio.Model -> ~/wkspace/gc-studio/p4.2k/dotnet/src/GameCore.Studio.Model/bin/Debug/netstandard2.1/GameCore.Studio.Model.dll
  GameCore.Studio.Etos.Client -> ~/wkspace/gc-studio/p4.2k/dotnet/src/GameCore.Studio.Etos.Client/bin/Debug/netstandard2.1/GameCore.Studio.Etos.Client.dll
  P42jReceipt -> ~/wkspace/gc-studio/p4.2k/artifacts/studio/verification/TOOLS/P42jReceipt/bin/Debug/net8.0/GameCore.Studio.Etos.Client.Tests.dll
Test run for ~/wkspace/gc-studio/p4.2k/artifacts/studio/verification/TOOLS/P42jReceipt/bin/Debug/net8.0/GameCore.Studio.Etos.Client.Tests.dll (.NETCoreApp,Version=v8.0)
VSTest version 17.11.1 (x64)

Starting test execution, please wait...
A total of 1 test files matched the specified pattern.
  Failed R2_09_13_P42i_InstalledSignedRecordBindsCurrentMain [79 ms]
  Error Message:
     String lengths are both 40. Strings differ at index 0.
  Expected: "389cf038a7386dbcc5b2b52ad31744d8747e76f4"
  But was:  "7a7ff0c0e5ec2332f360f521ff0467390d063491"
  -----------^

  Stack Trace:
     at P42i.Receipt.ReceiptTests.R2_09_13_P42i_InstalledSignedRecordBindsCurrentMain() in ~/wkspace/gc-studio/p4.2k/artifacts/studio/verification/TOOLS/P42jReceipt/StageReceiptTests.cs:line 31
   at NUnit.Framework.Internal.TaskAwaitAdapter.GenericAdapter`1.BlockUntilCompleted()
   at NUnit.Framework.Internal.MessagePumpStrategy.NoMessagePumpStrategy.WaitForCompletion(AwaitAdapter awaiter)
   at NUnit.Framework.Internal.AsyncToSyncAdapter.Await(Func`1 invoke)
   at NUnit.Framework.Internal.Commands.TestMethodCommand.RunTestMethod(TestExecutionContext context)
   at NUnit.Framework.Internal.Commands.TestMethodCommand.Execute(TestExecutionContext context)
   at NUnit.Framework.Internal.Execution.SimpleWorkItem.<>c__DisplayClass4_0.<PerformWork>b__0()
   at NUnit.Framework.Internal.ContextUtils.<>c__DisplayClass1_0`1.<DoIsolated>b__0(Object _)

1)    at P42i.Receipt.ReceiptTests.R2_09_13_P42i_InstalledSignedRecordBindsCurrentMain() in ~/wkspace/gc-studio/p4.2k/artifacts/studio/verification/TOOLS/P42jReceipt/StageReceiptTests.cs:line 31


Results File: ~/wkspace/gc-studio/p4.2k/artifacts/studio/verification/W-MECH-01/p42k-signed-record-20261007T194241.609594Z/trx/_worlesenric_2026-10-08_03_42_44.trx

Failed!  - Failed:     1, Passed:     0, Skipped:     0, Total:     1, Duration: 79 ms - GameCore.Studio.Etos.Client.Tests.dll (net8.0)
