<?xml version="1.0" encoding="utf-8"?>
<TestRun id="f26e3bc3-718c-4796-b7e4-dbb2fea9c086" name="@worlesenric 2026-10-07 12:18:29" xmlns="http://microsoft.com/schemas/VisualStudio/TeamTest/2010">
  <Times creation="2026-10-07T12:18:29.0779948+08:00" queuing="2026-10-07T12:18:29.0779948+08:00" start="2026-10-07T12:18:28.2626809+08:00" finish="2026-10-07T12:18:29.3059314+08:00" />
  <TestSettings name="default" id="d1509331-437d-4fd6-be0f-9e6bd69fa530">
    <Deployment runDeploymentRoot="_worlesenric_2026-10-07_12_18_29" />
  </TestSettings>
  <Results>
    <UnitTestResult executionId="1f4e9660-0057-4bd2-9c33-c22533786425" testId="abe7560b-0107-ad48-75f7-887769837b50" testName="EveryCheckpointSchemaIsDeclaredRequiredWithAscendingFieldIds" computerName="worlesenric" duration="00:00:00.0033230" startTime="2026-10-07T12:18:29.2407070+08:00" endTime="2026-10-07T12:18:29.2440294+08:00" testType="13cdc9d9-ddb5-4fa4-a97d-d965ccfc6d4b" outcome="Passed" testListId="8c84fa94-04c1-424b-9868-57a2d4851a1d" relativeResultsDirectory="1f4e9660-0057-4bd2-9c33-c22533786425" />
    <UnitTestResult executionId="fca55da1-1234-4b8e-ba6c-ce65ce6c1274" testId="0fac49ff-9fc4-70da-0e12-4468b853b5ca" testName="FileHashCoversTheGeneratedPrefixAndDetectsEdits" computerName="worlesenric" duration="00:00:00.0008240" startTime="2026-10-07T12:18:28.9967209+08:00" endTime="2026-10-07T12:18:28.9975449+08:00" testType="13cdc9d9-ddb5-4fa4-a97d-d965ccfc6d4b" outcome="Passed" testListId="8c84fa94-04c1-424b-9868-57a2d4851a1d" relativeResultsDirectory="fca55da1-1234-4b8e-ba6c-ce65ce6c1274" />
    <UnitTestResult executionId="cf2e1722-5599-4c34-8101-9061fb4c5e86" testId="99fbf920-1989-3afa-e14d-521d4d16a8a2" testName="GroupMemberCollidingWithAReservedGeneratedMemberRejects" computerName="worlesenric" duration="00:00:00.0001390" startTime="2026-10-07T12:18:28.9893487+08:00" endTime="2026-10-07T12:18:28.9894870+08:00" testType="13cdc9d9-ddb5-4fa4-a97d-d965ccfc6d4b" outcome="Passed" testListId="8c84fa94-04c1-424b-9868-57a2d4851a1d" relativeResultsDirectory="cf2e1722-5599-4c34-8101-9061fb4c5e86" />
    <UnitTestResult executionId="97eacccc-93da-4459-9345-833e67935c00" testId="8613c9dc-f124-68c2-ef82-d40b6dce25ca" testName="FingerprintLiteralMatchesTheDeclarations" computerName="worlesenric" duration="00:00:00.0020490" startTime="2026-10-07T12:18:28.9975593+08:00" endTime="2026-10-07T12:18:28.9996078+08:00" testType="13cdc9d9-ddb5-4fa4-a97d-d965ccfc6d4b" outcome="Passed" testListId="8c84fa94-04c1-424b-9868-57a2d4851a1d" relativeResultsDirectory="97eacccc-93da-4459-9345-833e67935c00" />
    <UnitTestResult executionId="1ac57e34-3f20-48b7-a83b-7372b7e1183a" testId="7ed4bff5-de38-8fb8-34f1-2ff229d1b5c9" testName="InvalidIdentityHexRejects" computerName="worlesenric" duration="00:00:00.0001100" startTime="2026-10-07T12:18:28.9896755+08:00" endTime="2026-10-07T12:18:28.9897849+08:00" testType="13cdc9d9-ddb5-4fa4-a97d-d965ccfc6d4b" outcome="Passed" testListId="8c84fa94-04c1-424b-9868-57a2d4851a1d" relativeResultsDirectory="1ac57e34-3f20-48b7-a83b-7372b7e1183a" />
    <UnitTestResult executionId="07d7470b-e6c2-4f8e-9565-72763a825602" testId="13e8be3f-a736-bbee-f765-0cd1b7840ac4" testName="EmittedFieldCasesCloseWithBreakAndBraceAndKeepBracesBalanced" computerName="worlesenric" duration="00:00:00.0025050" startTime="2026-10-07T12:18:28.9932938+08:00" endTime="2026-10-07T12:18:28.9957987+08:00" testType="13cdc9d9-ddb5-4fa4-a97d-d965ccfc6d4b" outcome="Passed" testListId="8c84fa94-04c1-424b-9868-57a2d4851a1d" relativeResultsDirectory="07d7470b-e6c2-4f8e-9565-72763a825602" />
    <UnitTestResult executionId="646e0b33-2659-4fcf-82e6-8ab5d76973f5" testId="22b95d6a-5061-f409-c55c-173dfdb0009d" testName="EveryRejectionReportsAPathOrAnExplicitDocumentScope" computerName="worlesenric" duration="00:00:00.0015839" startTime="2026-10-07T12:18:28.9877501+08:00" endTime="2026-10-07T12:18:28.9893342+08:00" testType="13cdc9d9-ddb5-4fa4-a97d-d965ccfc6d4b" outcome="Passed" testListId="8c84fa94-04c1-424b-9868-57a2d4851a1d" relativeResultsDirectory="646e0b33-2659-4fcf-82e6-8ab5d76973f5" />
    <UnitTestResult executionId="7a9f4f13-f4a4-4534-8fa3-c2d7c5708f92" testId="8b8f1802-4a72-d248-a440-52463b95133b" testName="FeatureDeclarationOrderDoesNotChangeGeneratedBytes" computerName="worlesenric" duration="00:00:00.0008920" startTime="2026-10-07T12:18:28.9958148+08:00" endTime="2026-10-07T12:18:28.9967063+08:00" testType="13cdc9d9-ddb5-4fa4-a97d-d965ccfc6d4b" outcome="Passed" testListId="8c84fa94-04c1-424b-9868-57a2d4851a1d" relativeResultsDirectory="7a9f4f13-f4a4-4534-8fa3-c2d7c5708f92" />
    <UnitTestResult executionId="adac8900-f6f4-463c-a5e0-7bdddc97f9d7" testId="49ea4e69-52f4-11c0-268c-ff2c8e945926" testName="GeneratedClosedGenericRootsAndAttributesAreEmittedWithTerminators" computerName="worlesenric" duration="00:00:00.0021710" startTime="2026-10-07T12:18:28.9996231+08:00" endTime="2026-10-07T12:18:29.0017938+08:00" testType="13cdc9d9-ddb5-4fa4-a97d-d965ccfc6d4b" outcome="Passed" testListId="8c84fa94-04c1-424b-9868-57a2d4851a1d" relativeResultsDirectory="adac8900-f6f4-463c-a5e0-7bdddc97f9d7" />
    <UnitTestResult executionId="e73982cd-a181-406f-b5e3-d1d30a4382f6" testId="9c637530-027b-7de2-d98f-03650bbed66a" testName="DeclarationOrderDoesNotChangeGeneratedBytes" computerName="worlesenric" duration="00:00:00.0009500" startTime="2026-10-07T12:18:28.9923308+08:00" endTime="2026-10-07T12:18:28.9932811+08:00" testType="13cdc9d9-ddb5-4fa4-a97d-d965ccfc6d4b" outcome="Passed" testListId="8c84fa94-04c1-424b-9868-57a2d4851a1d" relativeResultsDirectory="e73982cd-a181-406f-b5e3-d1d30a4382f6" />
    <UnitTestResult executionId="7e149dbc-49c2-4bb0-8052-0c14b37476c9" testId="7f00720d-4676-b91e-004b-d6d34e4dd4fa" testName="MemberNamedAfterTheGeneratedClassRejects" computerName="worlesenric" duration="00:00:00.0001789" startTime="2026-10-07T12:18:28.9899357+08:00" endTime="2026-10-07T12:18:28.9901144+08:00" testType="13cdc9d9-ddb5-4fa4-a97d-d965ccfc6d4b" outcome="Passed" testListId="8c84fa94-04c1-424b-9868-57a2d4851a1d" relativeResultsDirectory="7e149dbc-49c2-4bb0-8052-0c14b37476c9" />
    <UnitTestResult executionId="d5795f30-3823-4538-9bbe-fadacbbcd89a" testId="5518edeb-57f1-cd40-289d-a92c12e305ae" testName="OptionalBytesFieldIsAcceptedAndEmittedAsNullable" computerName="worlesenric" duration="00:00:00.0006910" startTime="2026-10-07T12:18:28.9902109+08:00" endTime="2026-10-07T12:18:28.9909020+08:00" testType="13cdc9d9-ddb5-4fa4-a97d-d965ccfc6d4b" outcome="Passed" testListId="8c84fa94-04c1-424b-9868-57a2d4851a1d" relativeResultsDirectory="d5795f30-3823-4538-9bbe-fadacbbcd89a" />
    <UnitTestResult executionId="6442b6c0-9328-4026-b487-b831d24877e3" testId="a368381b-c826-da5a-07f6-882159508464" testName="AllZeroImplementationIdentityRejects" computerName="worlesenric" duration="00:00:00.0010610" startTime="2026-10-07T12:18:28.9738958+08:00" endTime="2026-10-07T12:18:28.9749565+08:00" testType="13cdc9d9-ddb5-4fa4-a97d-d965ccfc6d4b" outcome="Passed" testListId="8c84fa94-04c1-424b-9868-57a2d4851a1d" relativeResultsDirectory="6442b6c0-9328-4026-b487-b831d24877e3" />
    <UnitTestResult executionId="5bce3137-5f7e-41ba-9bb4-09fdd1e57c4c" testId="ef277f34-d036-305a-c91f-b7c197fd6f5a" testName="UnimplementedMinorRejects" computerName="worlesenric" duration="00:00:00.0000560" startTime="2026-10-07T12:18:28.9912031+08:00" endTime="2026-10-07T12:18:28.9912586+08:00" testType="13cdc9d9-ddb5-4fa4-a97d-d965ccfc6d4b" outcome="Passed" testListId="8c84fa94-04c1-424b-9868-57a2d4851a1d" relativeResultsDirectory="5bce3137-5f7e-41ba-9bb4-09fdd1e57c4c" />
    <UnitTestResult executionId="b4b3f3cf-2e7c-43e4-8479-3db914e823c9" testId="bb935116-be01-14ef-e044-2191c3664db7" testName="CommittedCheckpointCatalogPassesItsOwnVerification" computerName="worlesenric" duration="00:00:00.0025050" startTime="2026-10-07T12:18:29.2381785+08:00" endTime="2026-10-07T12:18:29.2406836+08:00" testType="13cdc9d9-ddb5-4fa4-a97d-d965ccfc6d4b" outcome="Passed" testListId="8c84fa94-04c1-424b-9868-57a2d4851a1d" relativeResultsDirectory="b4b3f3cf-2e7c-43e4-8479-3db914e823c9" />
    <UnitTestResult executionId="2d7ecd41-b82f-4d90-8536-561eea3572f2" testId="948f1c00-52cc-8709-370c-1146d5c9950c" testName="UnsupportedWireTypeRejects" computerName="worlesenric" duration="00:00:00.0001410" startTime="2026-10-07T12:18:28.9915975+08:00" endTime="2026-10-07T12:18:28.9917385+08:00" testType="13cdc9d9-ddb5-4fa4-a97d-d965ccfc6d4b" outcome="Passed" testListId="8c84fa94-04c1-424b-9868-57a2d4851a1d" relativeResultsDirectory="2d7ecd41-b82f-4d90-8536-561eea3572f2" />
    <UnitTestResult executionId="5dcfa061-0b0b-491c-973c-9bc23a447308" testId="993883a5-b1e2-b818-b8df-804ff1a82623" testName="CommittedCardCatalogMatchesAFreshGeneration" computerName="worlesenric" duration="00:00:00.0010230" startTime="2026-10-07T12:18:28.9677879+08:00" endTime="2026-10-07T12:18:28.9688111+08:00" testType="13cdc9d9-ddb5-4fa4-a97d-d965ccfc6d4b" outcome="Passed" testListId="8c84fa94-04c1-424b-9868-57a2d4851a1d" relativeResultsDirectory="5dcfa061-0b0b-491c-973c-9bc23a447308" />
    <UnitTestResult executionId="299982a4-3f55-4456-bfe7-9cdfb04bd560" testId="99e59fa0-006c-3199-9f95-8228467dab50" testName="MalformedJsonIsReportedAsInvalidDocument" computerName="worlesenric" duration="00:00:00.0001330" startTime="2026-10-07T12:18:28.9897949+08:00" endTime="2026-10-07T12:18:28.9899276+08:00" testType="13cdc9d9-ddb5-4fa4-a97d-d965ccfc6d4b" outcome="Passed" testListId="8c84fa94-04c1-424b-9868-57a2d4851a1d" relativeResultsDirectory="299982a4-3f55-4456-bfe7-9cdfb04bd560" />
    <UnitTestResult executionId="d66185fd-da0a-411b-ab5a-3acee6ea4801" testId="957ea0be-e5c6-8b07-d28f-4de7d4fec13f" testName="UnknownMemberRejects" computerName="worlesenric" duration="00:00:00.0000820" startTime="2026-10-07T12:18:28.9913700+08:00" endTime="2026-10-07T12:18:28.9914516+08:00" testType="13cdc9d9-ddb5-4fa4-a97d-d965ccfc6d4b" outcome="Passed" testListId="8c84fa94-04c1-424b-9868-57a2d4851a1d" relativeResultsDirectory="d66185fd-da0a-411b-ab5a-3acee6ea4801" />
    <UnitTestResult executionId="a79d70fd-0366-427e-b3b2-7a197e97a9ee" testId="62555781-d38d-97ac-09ee-252bcd5b99d5" testName="UnknownFactoryKindRejects" computerName="worlesenric" duration="00:00:00.0000930" startTime="2026-10-07T12:18:28.9912634+08:00" endTime="2026-10-07T12:18:28.9913564+08:00" testType="13cdc9d9-ddb5-4fa4-a97d-d965ccfc6d4b" outcome="Passed" testListId="8c84fa94-04c1-424b-9868-57a2d4851a1d" relativeResultsDirectory="a79d70fd-0366-427e-b3b2-7a197e97a9ee" />
    <UnitTestResult executionId="10fcebcf-b3f8-45f4-8a86-2b78168925a5" testId="d661a575-f5db-dcc3-2651-f7a20a82908e" testName="SchemaMemberCollidingWithAReservedGeneratedMemberRejects" computerName="worlesenric" duration="00:00:00.0001130" startTime="2026-10-07T12:18:28.9910842+08:00" endTime="2026-10-07T12:18:28.9911972+08:00" testType="13cdc9d9-ddb5-4fa4-a97d-d965ccfc6d4b" outcome="Passed" testListId="8c84fa94-04c1-424b-9868-57a2d4851a1d" relativeResultsDirectory="10fcebcf-b3f8-45f4-8a86-2b78168925a5" />
    <UnitTestResult executionId="f8645bc8-8436-41fe-b09d-5808f8864e13" testId="4a59641e-8e86-0476-d892-39db58235546" testName="DescriptionThatWouldBuildAnInvalidCatalogRejects" computerName="worlesenric" duration="00:00:00.0029600" startTime="2026-10-07T12:18:28.9841486+08:00" endTime="2026-10-07T12:18:28.9871083+08:00" testType="13cdc9d9-ddb5-4fa4-a97d-d965ccfc6d4b" outcome="Passed" testListId="8c84fa94-04c1-424b-9868-57a2d4851a1d" relativeResultsDirectory="f8645bc8-8436-41fe-b09d-5808f8864e13" />
    <UnitTestResult executionId="d342e6d0-d890-4eea-ae61-6b1007771895" testId="388d1b6c-c036-23fb-6a43-e112170bf466" testName="CommittedCheckpointCatalogFingerprintMatchesItsDeclarations" computerName="worlesenric" duration="00:00:00.0046530" startTime="2026-10-07T12:18:29.0220249+08:00" endTime="2026-10-07T12:18:29.0266770+08:00" testType="13cdc9d9-ddb5-4fa4-a97d-d965ccfc6d4b" outcome="Passed" testListId="8c84fa94-04c1-424b-9868-57a2d4851a1d" relativeResultsDirectory="d342e6d0-d890-4eea-ae61-6b1007771895" />
    <UnitTestResult executionId="b334d56e-04ab-4b5f-8d62-70a079cebf16" testId="db5fa11c-61f1-b840-f7d8-d72274333fb9" testName="CommittedProbeCatalogFingerprintMatchesItsDeclarations" computerName="worlesenric" duration="00:00:00.0008820" startTime="2026-10-07T12:18:29.2453493+08:00" endTime="2026-10-07T12:18:29.2462309+08:00" testType="13cdc9d9-ddb5-4fa4-a97d-d965ccfc6d4b" outcome="Passed" testListId="8c84fa94-04c1-424b-9868-57a2d4851a1d" relativeResultsDirectory="b334d56e-04ab-4b5f-8d62-70a079cebf16" />
    <UnitTestResult executionId="e5d2ff81-8d94-4f24-9f63-ddee97c244cb" testId="eda82127-ff29-41db-13bd-e18efa6bad16" testName="GeneratedSerializerDeclaresRequiredFieldsAndEnvelopeCalls" computerName="worlesenric" duration="00:00:00.0030910" startTime="2026-10-07T12:18:29.0018065+08:00" endTime="2026-10-07T12:18:29.0048968+08:00" testType="13cdc9d9-ddb5-4fa4-a97d-d965ccfc6d4b" outcome="Passed" testListId="8c84fa94-04c1-424b-9868-57a2d4851a1d" relativeResultsDirectory="e5d2ff81-8d94-4f24-9f63-ddee97c244cb" />
    <UnitTestResult executionId="ff4a1c57-a7ad-4c4e-b683-c05071661319" testId="a01acef7-6957-0e86-ccf9-6e0a07aed5f4" testName="UsedCatalogDescriptionHasNoClosedGenericRootsWhenNoneAreDeclared" computerName="worlesenric" duration="00:00:00.0009840" startTime="2026-10-07T12:18:29.0187955+08:00" endTime="2026-10-07T12:18:29.0197788+08:00" testType="13cdc9d9-ddb5-4fa4-a97d-d965ccfc6d4b" outcome="Passed" testListId="8c84fa94-04c1-424b-9868-57a2d4851a1d" relativeResultsDirectory="ff4a1c57-a7ad-4c4e-b683-c05071661319" />
    <UnitTestResult executionId="e5a31e31-2e5d-4bb6-a8cf-94a8718a342a" testId="d79887d3-a91f-2118-f432-95132cc40b07" testName="CommittedCardCatalogPassesItsOwnVerification" computerName="worlesenric" duration="00:00:00.0034110" startTime="2026-10-07T12:18:28.9688318+08:00" endTime="2026-10-07T12:18:28.9722424+08:00" testType="13cdc9d9-ddb5-4fa4-a97d-d965ccfc6d4b" outcome="Passed" testListId="8c84fa94-04c1-424b-9868-57a2d4851a1d" relativeResultsDirectory="e5a31e31-2e5d-4bb6-a8cf-94a8718a342a" />
    <UnitTestResult executionId="c203fcfa-3f5e-432b-9056-716eed6475f5" testId="c121d14e-825f-8d1f-529b-c478c16dc572" testName="CommittedCardCatalogFingerprintMatchesItsDeclarations" computerName="worlesenric" duration="00:00:00.0368260" startTime="2026-10-07T12:18:28.9277015+08:00" endTime="2026-10-07T12:18:28.9644734+08:00" testType="13cdc9d9-ddb5-4fa4-a97d-d965ccfc6d4b" outcome="Passed" testListId="8c84fa94-04c1-424b-9868-57a2d4851a1d" relativeResultsDirectory="c203fcfa-3f5e-432b-9056-716eed6475f5" />
    <UnitTestResult executionId="483eba4a-b51f-43c4-b8f0-58038422f910" testId="2109dcb9-5531-7c07-80ae-102d5db235ab" testName="CommittedCardCatalogKeyLiteralsMatchTheirDerivation" computerName="worlesenric" duration="00:00:00.0021980" startTime="2026-10-07T12:18:28.9655635+08:00" endTime="2026-10-07T12:18:28.9677614+08:00" testType="13cdc9d9-ddb5-4fa4-a97d-d965ccfc6d4b" outcome="Passed" testListId="8c84fa94-04c1-424b-9868-57a2d4851a1d" relativeResultsDirectory="483eba4a-b51f-43c4-b8f0-58038422f910" />
    <UnitTestResult executionId="087d9e4f-74d3-476c-855f-1da3e1bbe7f5" testId="3ba806a4-bbf3-7b7e-27b5-2f86df0fc91e" testName="RepeatedEmissionIsByteIdentical" computerName="worlesenric" duration="00:00:00.0073240" startTime="2026-10-07T12:18:29.0114478+08:00" endTime="2026-10-07T12:18:29.0187710+08:00" testType="13cdc9d9-ddb5-4fa4-a97d-d965ccfc6d4b" outcome="Passed" testListId="8c84fa94-04c1-424b-9868-57a2d4851a1d" relativeResultsDirectory="087d9e4f-74d3-476c-855f-1da3e1bbe7f5" />
    <UnitTestResult executionId="56a2256a-1702-4f6f-b23a-93401f1090be" testId="d64d72ea-7173-f86a-f0f0-b80bbefcdcf6" testName="DuplicateJsonMemberRejectsAsInvalidDocument" computerName="worlesenric" duration="00:00:00.0002290" startTime="2026-10-07T12:18:28.9873020+08:00" endTime="2026-10-07T12:18:28.9875310+08:00" testType="13cdc9d9-ddb5-4fa4-a97d-d965ccfc6d4b" outcome="Passed" testListId="8c84fa94-04c1-424b-9868-57a2d4851a1d" relativeResultsDirectory="56a2256a-1702-4f6f-b23a-93401f1090be" />
    <UnitTestResult executionId="a5f0068f-64d3-45a3-967c-4449b25f65d1" testId="15fffbf7-3b66-6103-20fd-b18305a69632" testName="DuplicateFieldIdRejects" computerName="worlesenric" duration="00:00:00.0001630" startTime="2026-10-07T12:18:28.9871301+08:00" endTime="2026-10-07T12:18:28.9872935+08:00" testType="13cdc9d9-ddb5-4fa4-a97d-d965ccfc6d4b" outcome="Passed" testListId="8c84fa94-04c1-424b-9868-57a2d4851a1d" relativeResultsDirectory="a5f0068f-64d3-45a3-967c-4449b25f65d1" />
    <UnitTestResult executionId="307ac9e5-681d-47f5-b71d-bcc70a664ac8" testId="1bdc01b8-aa5a-4047-67cf-8a70f7b04a5d" testName="CommittedCheckpointCatalogMatchesAFreshGeneration" computerName="worlesenric" duration="00:00:00.1942910" startTime="2026-10-07T12:18:29.0438544+08:00" endTime="2026-10-07T12:18:29.2381451+08:00" testType="13cdc9d9-ddb5-4fa4-a97d-d965ccfc6d4b" outcome="Passed" testListId="8c84fa94-04c1-424b-9868-57a2d4851a1d" relativeResultsDirectory="307ac9e5-681d-47f5-b71d-bcc70a664ac8" />
    <UnitTestResult executionId="b951f758-c7a5-43a9-95a1-54646d6571e6" testId="4d635dde-9025-0f50-e5e6-4a0320b1f861" testName="CommittedGeneratedCatalogPassesItsOwnVerification" computerName="worlesenric" duration="00:00:00.0004130" startTime="2026-10-07T12:18:29.2449159+08:00" endTime="2026-10-07T12:18:29.2453286+08:00" testType="13cdc9d9-ddb5-4fa4-a97d-d965ccfc6d4b" outcome="Passed" testListId="8c84fa94-04c1-424b-9868-57a2d4851a1d" relativeResultsDirectory="b951f758-c7a5-43a9-95a1-54646d6571e6" />
    <UnitTestResult executionId="d34c9caf-35bd-430f-9cf9-e931a50e0ba1" testId="10a632d9-c0aa-8090-0dd4-c44bfef506d7" testName="MissingRequiredMemberRejects" computerName="worlesenric" duration="00:00:00.0000830" startTime="2026-10-07T12:18:28.9901222+08:00" endTime="2026-10-07T12:18:28.9902054+08:00" testType="13cdc9d9-ddb5-4fa4-a97d-d965ccfc6d4b" outcome="Passed" testListId="8c84fa94-04c1-424b-9868-57a2d4851a1d" relativeResultsDirectory="d34c9caf-35bd-430f-9cf9-e931a50e0ba1" />
    <UnitTestResult executionId="fdbf5da9-77fe-46ad-9b23-62a5ed87abd3" testId="2386ee34-1c98-0e7e-f863-0e97b7c67c92" testName="WrongDescriptionFormatRejects" computerName="worlesenric" duration="00:00:00.0002910" startTime="2026-10-07T12:18:28.9917451+08:00" endTime="2026-10-07T12:18:28.9920363+08:00" testType="13cdc9d9-ddb5-4fa4-a97d-d965ccfc6d4b" outcome="Passed" testListId="8c84fa94-04c1-424b-9868-57a2d4851a1d" relativeResultsDirectory="fdbf5da9-77fe-46ad-9b23-62a5ed87abd3" />
    <UnitTestResult executionId="f9d353ea-3b91-4b28-9bc7-4c5487da10f1" testId="ce07497c-4dc6-a0b3-bd22-bf118f2b179f" testName="ClassNamedAfterAGeneratedMemberRejects" computerName="worlesenric" duration="00:00:00.0089540" startTime="2026-10-07T12:18:28.9749709+08:00" endTime="2026-10-07T12:18:28.9839245+08:00" testType="13cdc9d9-ddb5-4fa4-a97d-d965ccfc6d4b" outcome="Passed" testListId="8c84fa94-04c1-424b-9868-57a2d4851a1d" relativeResultsDirectory="f9d353ea-3b91-4b28-9bc7-4c5487da10f1" />
    <UnitTestResult executionId="56bde611-6cc4-49e6-b669-e91642ecd684" testId="fa394697-3424-9c25-ece5-7e2d369a8920" testName="CodeFragmentWithStatementTerminatorRejects" computerName="worlesenric" duration="00:00:00.0001840" startTime="2026-10-07T12:18:28.9839538+08:00" endTime="2026-10-07T12:18:28.9841372+08:00" testType="13cdc9d9-ddb5-4fa4-a97d-d965ccfc6d4b" outcome="Passed" testListId="8c84fa94-04c1-424b-9868-57a2d4851a1d" relativeResultsDirectory="56bde611-6cc4-49e6-b669-e91642ecd684" />
    <UnitTestResult executionId="b881fc99-10e0-4414-b50e-89db45f8a92d" testId="1e9dac80-9afc-f5b6-3b75-0fc15f043b6f" testName="ReservedFieldIdRejects" computerName="worlesenric" duration="00:00:00.0001640" startTime="2026-10-07T12:18:28.9909125+08:00" endTime="2026-10-07T12:18:28.9910764+08:00" testType="13cdc9d9-ddb5-4fa4-a97d-d965ccfc6d4b" outcome="Passed" testListId="8c84fa94-04c1-424b-9868-57a2d4851a1d" relativeResultsDirectory="b881fc99-10e0-4414-b50e-89db45f8a92d" />
    <UnitTestResult executionId="3c906e0d-fa1b-41d8-8d09-420cfbb8dae3" testId="4a4f7ec1-0f1b-146c-8f0b-642d1643ee5c" testName="DuplicateStableNameRejects" computerName="worlesenric" duration="00:00:00.0002010" startTime="2026-10-07T12:18:28.9875407+08:00" endTime="2026-10-07T12:18:28.9877413+08:00" testType="13cdc9d9-ddb5-4fa4-a97d-d965ccfc6d4b" outcome="Passed" testListId="8c84fa94-04c1-424b-9868-57a2d4851a1d" relativeResultsDirectory="3c906e0d-fa1b-41d8-8d09-420cfbb8dae3" />
    <UnitTestResult executionId="2991b0e1-2f7b-42a6-92e1-e6f3a06884c4" testId="eae65d2c-f5c2-f597-c2f6-823f72c30479" testName="GenerationReportVerifiesWhatItWrote" computerName="worlesenric" duration="00:00:00.0054360" startTime="2026-10-07T12:18:29.0049107+08:00" endTime="2026-10-07T12:18:29.0103462+08:00" testType="13cdc9d9-ddb5-4fa4-a97d-d965ccfc6d4b" outcome="Passed" testListId="8c84fa94-04c1-424b-9868-57a2d4851a1d" relativeResultsDirectory="2991b0e1-2f7b-42a6-92e1-e6f3a06884c4" />
    <UnitTestResult executionId="f71e5ce8-2c58-4442-97b8-2067741485ee" testId="e291aa66-ef60-353a-bdc1-17429cdfe2d3" testName="GeneratorArgumentsParseTheDocumentedCommandLine" computerName="worlesenric" duration="00:00:00.0010600" startTime="2026-10-07T12:18:29.0103689+08:00" endTime="2026-10-07T12:18:29.0114286+08:00" testType="13cdc9d9-ddb5-4fa4-a97d-d965ccfc6d4b" outcome="Passed" testListId="8c84fa94-04c1-424b-9868-57a2d4851a1d" relativeResultsDirectory="f71e5ce8-2c58-4442-97b8-2067741485ee" />
    <UnitTestResult executionId="2d4e7d61-7475-46c2-b7d5-2466032ef52e" testId="07bdb500-f0b7-2ee6-905c-d6571a555619" testName="UnsupportedProtocolVersionRejects" computerName="worlesenric" duration="00:00:00.0001240" startTime="2026-10-07T12:18:28.9914567+08:00" endTime="2026-10-07T12:18:28.9915810+08:00" testType="13cdc9d9-ddb5-4fa4-a97d-d965ccfc6d4b" outcome="Passed" testListId="8c84fa94-04c1-424b-9868-57a2d4851a1d" relativeResultsDirectory="2d4e7d61-7475-46c2-b7d5-2466032ef52e" />
    <UnitTestResult executionId="0267983c-5586-4185-a500-2c7030722d06" testId="191bd9eb-d6f4-9118-bbe7-31b63664155d" testName="ZeroVersionRejects" computerName="worlesenric" duration="00:00:00.0001520" startTime="2026-10-07T12:18:28.9920476+08:00" endTime="2026-10-07T12:18:28.9921992+08:00" testType="13cdc9d9-ddb5-4fa4-a97d-d965ccfc6d4b" outcome="Passed" testListId="8c84fa94-04c1-424b-9868-57a2d4851a1d" relativeResultsDirectory="0267983c-5586-4185-a500-2c7030722d06" />
    <UnitTestResult executionId="26ed2d4b-09ed-4200-87e1-c2f681441b1c" testId="f9352d4e-1c68-5156-44d6-9c0e393891bf" testName="ValidDescriptionEmitsDeterministicBytes" computerName="worlesenric" duration="00:00:00.0020500" startTime="2026-10-07T12:18:29.0197974+08:00" endTime="2026-10-07T12:18:29.0218477+08:00" testType="13cdc9d9-ddb5-4fa4-a97d-d965ccfc6d4b" outcome="Passed" testListId="8c84fa94-04c1-424b-9868-57a2d4851a1d" relativeResultsDirectory="26ed2d4b-09ed-4200-87e1-c2f681441b1c" />
    <UnitTestResult executionId="5c47e8b0-30cb-444c-89c4-6352fd9717af" testId="ebc2e79d-0013-5ac5-1a10-fdc0f753882f" testName="CommittedGeneratedCatalogMatchesAFreshGeneration" computerName="worlesenric" duration="00:00:00.0006710" startTime="2026-10-07T12:18:29.2442256+08:00" endTime="2026-10-07T12:18:29.2448961+08:00" testType="13cdc9d9-ddb5-4fa4-a97d-d965ccfc6d4b" outcome="Passed" testListId="8c84fa94-04c1-424b-9868-57a2d4851a1d" relativeResultsDirectory="5c47e8b0-30cb-444c-89c4-6352fd9717af" />
    <UnitTestResult executionId="f3b90078-2192-4baf-b72b-bca1bcc50e9e" testId="c2a72dd0-27bf-137f-7c70-71c4bb2a9025" testName="InvalidDocumentRootRejects" computerName="worlesenric" duration="00:00:00.0000680" startTime="2026-10-07T12:18:28.9896026+08:00" endTime="2026-10-07T12:18:28.9896704+08:00" testType="13cdc9d9-ddb5-4fa4-a97d-d965ccfc6d4b" outcome="Passed" testListId="8c84fa94-04c1-424b-9868-57a2d4851a1d" relativeResultsDirectory="f3b90078-2192-4baf-b72b-bca1bcc50e9e" />
    <UnitTestResult executionId="0b4f747f-f104-44f8-a190-6bd07e8049f0" testId="f08fd216-3f6d-36d8-7a1a-55c818194c5b" testName="CommittedCheckpointCatalogKeyLiteralsMatchTheirDerivation" computerName="worlesenric" duration="00:00:00.0171300" startTime="2026-10-07T12:18:29.0267004+08:00" endTime="2026-10-07T12:18:29.0438302+08:00" testType="13cdc9d9-ddb5-4fa4-a97d-d965ccfc6d4b" outcome="Passed" testListId="8c84fa94-04c1-424b-9868-57a2d4851a1d" relativeResultsDirectory="0b4f747f-f104-44f8-a190-6bd07e8049f0" />
    <UnitTestResult executionId="a7a2e075-5a54-48d6-9874-1205c271fcc3" testId="435e0ca1-e757-c30d-ee9f-e04b15fca79d" testName="InvalidCodeFragmentRejects" computerName="worlesenric" duration="00:00:00.0001010" startTime="2026-10-07T12:18:28.9894960+08:00" endTime="2026-10-07T12:18:28.9895965+08:00" testType="13cdc9d9-ddb5-4fa4-a97d-d965ccfc6d4b" outcome="Passed" testListId="8c84fa94-04c1-424b-9868-57a2d4851a1d" relativeResultsDirectory="a7a2e075-5a54-48d6-9874-1205c271fcc3" />
  </Results>
  <TestDefinitions>
    <UnitTest name="InvalidIdentityHexRejects" storage="~/wkspace/gc-studio/p4.2i/dotnet/tests/gamecore.content.compiler.tests/bin/debug/net8.0/gamecore.content.compiler.tests.dll" id="7ed4bff5-de38-8fb8-34f1-2ff229d1b5c9">
      <Execution id="1ac57e34-3f20-48b7-a83b-7372b7e1183a" />
      <TestMethod codeBase="~/wkspace/gc-studio/p4.2i/dotnet/tests/GameCore.Content.Compiler.Tests/bin/Debug/net8.0/GameCore.Content.Compiler.Tests.dll" adapterTypeName="executor://nunit3testexecutor/" className="GameCore.Content.Compiler.Tests.CatalogDescriptionRejectionTests" name="InvalidIdentityHexRejects" />
    </UnitTest>
    <UnitTest name="InvalidCodeFragmentRejects" storage="~/wkspace/gc-studio/p4.2i/dotnet/tests/gamecore.content.compiler.tests/bin/debug/net8.0/gamecore.content.compiler.tests.dll" id="435e0ca1-e757-c30d-ee9f-e04b15fca79d">
      <Execution id="a7a2e075-5a54-48d6-9874-1205c271fcc3" />
      <TestMethod codeBase="~/wkspace/gc-studio/p4.2i/dotnet/tests/GameCore.Content.Compiler.Tests/bin/Debug/net8.0/GameCore.Content.Compiler.Tests.dll" adapterTypeName="executor://nunit3testexecutor/" className="GameCore.Content.Compiler.Tests.CatalogDescriptionRejectionTests" name="InvalidCodeFragmentRejects" />
    </UnitTest>
    <UnitTest name="DuplicateFieldIdRejects" storage="~/wkspace/gc-studio/p4.2i/dotnet/tests/gamecore.content.compiler.tests/bin/debug/net8.0/gamecore.content.compiler.tests.dll" id="15fffbf7-3b66-6103-20fd-b18305a69632">
      <Execution id="a5f0068f-64d3-45a3-967c-4449b25f65d1" />
      <TestMethod codeBase="~/wkspace/gc-studio/p4.2i/dotnet/tests/GameCore.Content.Compiler.Tests/bin/Debug/net8.0/GameCore.Content.Compiler.Tests.dll" adapterTypeName="executor://nunit3testexecutor/" className="GameCore.Content.Compiler.Tests.CatalogDescriptionRejectionTests" name="DuplicateFieldIdRejects" />
    </UnitTest>
    <UnitTest name="CommittedGeneratedCatalogMatchesAFreshGeneration" storage="~/wkspace/gc-studio/p4.2i/dotnet/tests/gamecore.content.compiler.tests/bin/debug/net8.0/gamecore.content.compiler.tests.dll" id="ebc2e79d-0013-5ac5-1a10-fdc0f753882f">
      <Execution id="5c47e8b0-30cb-444c-89c4-6352fd9717af" />
      <TestMethod codeBase="~/wkspace/gc-studio/p4.2i/dotnet/tests/GameCore.Content.Compiler.Tests/bin/Debug/net8.0/GameCore.Content.Compiler.Tests.dll" adapterTypeName="executor://nunit3testexecutor/" className="GameCore.Content.Compiler.Tests.CommittedProbeCatalogTests" name="CommittedGeneratedCatalogMatchesAFreshGeneration" />
    </UnitTest>
    <UnitTest name="CommittedProbeCatalogFingerprintMatchesItsDeclarations" storage="~/wkspace/gc-studio/p4.2i/dotnet/tests/gamecore.content.compiler.tests/bin/debug/net8.0/gamecore.content.compiler.tests.dll" id="db5fa11c-61f1-b840-f7d8-d72274333fb9">
      <Execution id="b334d56e-04ab-4b5f-8d62-70a079cebf16" />
      <TestMethod codeBase="~/wkspace/gc-studio/p4.2i/dotnet/tests/GameCore.Content.Compiler.Tests/bin/Debug/net8.0/GameCore.Content.Compiler.Tests.dll" adapterTypeName="executor://nunit3testexecutor/" className="GameCore.Content.Compiler.Tests.CommittedProbeCatalogTests" name="CommittedProbeCatalogFingerprintMatchesItsDeclarations" />
    </UnitTest>
    <UnitTest name="GroupMemberCollidingWithAReservedGeneratedMemberRejects" storage="~/wkspace/gc-studio/p4.2i/dotnet/tests/gamecore.content.compiler.tests/bin/debug/net8.0/gamecore.content.compiler.tests.dll" id="99fbf920-1989-3afa-e14d-521d4d16a8a2">
      <Execution id="cf2e1722-5599-4c34-8101-9061fb4c5e86" />
      <TestMethod codeBase="~/wkspace/gc-studio/p4.2i/dotnet/tests/GameCore.Content.Compiler.Tests/bin/Debug/net8.0/GameCore.Content.Compiler.Tests.dll" adapterTypeName="executor://nunit3testexecutor/" className="GameCore.Content.Compiler.Tests.CatalogDescriptionRejectionTests" name="GroupMemberCollidingWithAReservedGeneratedMemberRejects" />
    </UnitTest>
    <UnitTest name="SchemaMemberCollidingWithAReservedGeneratedMemberRejects" storage="~/wkspace/gc-studio/p4.2i/dotnet/tests/gamecore.content.compiler.tests/bin/debug/net8.0/gamecore.content.compiler.tests.dll" id="d661a575-f5db-dcc3-2651-f7a20a82908e">
      <Execution id="10fcebcf-b3f8-45f4-8a86-2b78168925a5" />
      <TestMethod codeBase="~/wkspace/gc-studio/p4.2i/dotnet/tests/GameCore.Content.Compiler.Tests/bin/Debug/net8.0/GameCore.Content.Compiler.Tests.dll" adapterTypeName="executor://nunit3testexecutor/" className="GameCore.Content.Compiler.Tests.CatalogDescriptionRejectionTests" name="SchemaMemberCollidingWithAReservedGeneratedMemberRejects" />
    </UnitTest>
    <UnitTest name="FileHashCoversTheGeneratedPrefixAndDetectsEdits" storage="~/wkspace/gc-studio/p4.2i/dotnet/tests/gamecore.content.compiler.tests/bin/debug/net8.0/gamecore.content.compiler.tests.dll" id="0fac49ff-9fc4-70da-0e12-4468b853b5ca">
      <Execution id="fca55da1-1234-4b8e-ba6c-ce65ce6c1274" />
      <TestMethod codeBase="~/wkspace/gc-studio/p4.2i/dotnet/tests/GameCore.Content.Compiler.Tests/bin/Debug/net8.0/GameCore.Content.Compiler.Tests.dll" adapterTypeName="executor://nunit3testexecutor/" className="GameCore.Content.Compiler.Tests.CatalogEmissionTests" name="FileHashCoversTheGeneratedPrefixAndDetectsEdits" />
    </UnitTest>
    <UnitTest name="UsedCatalogDescriptionHasNoClosedGenericRootsWhenNoneAreDeclared" storage="~/wkspace/gc-studio/p4.2i/dotnet/tests/gamecore.content.compiler.tests/bin/debug/net8.0/gamecore.content.compiler.tests.dll" id="a01acef7-6957-0e86-ccf9-6e0a07aed5f4">
      <Execution id="ff4a1c57-a7ad-4c4e-b683-c05071661319" />
      <TestMethod codeBase="~/wkspace/gc-studio/p4.2i/dotnet/tests/GameCore.Content.Compiler.Tests/bin/Debug/net8.0/GameCore.Content.Compiler.Tests.dll" adapterTypeName="executor://nunit3testexecutor/" className="GameCore.Content.Compiler.Tests.CatalogEmissionTests" name="UsedCatalogDescriptionHasNoClosedGenericRootsWhenNoneAreDeclared" />
    </UnitTest>
    <UnitTest name="OptionalBytesFieldIsAcceptedAndEmittedAsNullable" storage="~/wkspace/gc-studio/p4.2i/dotnet/tests/gamecore.content.compiler.tests/bin/debug/net8.0/gamecore.content.compiler.tests.dll" id="5518edeb-57f1-cd40-289d-a92c12e305ae">
      <Execution id="d5795f30-3823-4538-9bbe-fadacbbcd89a" />
      <TestMethod codeBase="~/wkspace/gc-studio/p4.2i/dotnet/tests/GameCore.Content.Compiler.Tests/bin/Debug/net8.0/GameCore.Content.Compiler.Tests.dll" adapterTypeName="executor://nunit3testexecutor/" className="GameCore.Content.Compiler.Tests.CatalogDescriptionRejectionTests" name="OptionalBytesFieldIsAcceptedAndEmittedAsNullable" />
    </UnitTest>
    <UnitTest name="RepeatedEmissionIsByteIdentical" storage="~/wkspace/gc-studio/p4.2i/dotnet/tests/gamecore.content.compiler.tests/bin/debug/net8.0/gamecore.content.compiler.tests.dll" id="3ba806a4-bbf3-7b7e-27b5-2f86df0fc91e">
      <Execution id="087d9e4f-74d3-476c-855f-1da3e1bbe7f5" />
      <TestMethod codeBase="~/wkspace/gc-studio/p4.2i/dotnet/tests/GameCore.Content.Compiler.Tests/bin/Debug/net8.0/GameCore.Content.Compiler.Tests.dll" adapterTypeName="executor://nunit3testexecutor/" className="GameCore.Content.Compiler.Tests.CatalogEmissionTests" name="RepeatedEmissionIsByteIdentical" />
    </UnitTest>
    <UnitTest name="ValidDescriptionEmitsDeterministicBytes" storage="~/wkspace/gc-studio/p4.2i/dotnet/tests/gamecore.content.compiler.tests/bin/debug/net8.0/gamecore.content.compiler.tests.dll" id="f9352d4e-1c68-5156-44d6-9c0e393891bf">
      <Execution id="26ed2d4b-09ed-4200-87e1-c2f681441b1c" />
      <TestMethod codeBase="~/wkspace/gc-studio/p4.2i/dotnet/tests/GameCore.Content.Compiler.Tests/bin/Debug/net8.0/GameCore.Content.Compiler.Tests.dll" adapterTypeName="executor://nunit3testexecutor/" className="GameCore.Content.Compiler.Tests.CatalogEmissionTests" name="ValidDescriptionEmitsDeterministicBytes" />
    </UnitTest>
    <UnitTest name="UnimplementedMinorRejects" storage="~/wkspace/gc-studio/p4.2i/dotnet/tests/gamecore.content.compiler.tests/bin/debug/net8.0/gamecore.content.compiler.tests.dll" id="ef277f34-d036-305a-c91f-b7c197fd6f5a">
      <Execution id="5bce3137-5f7e-41ba-9bb4-09fdd1e57c4c" />
      <TestMethod codeBase="~/wkspace/gc-studio/p4.2i/dotnet/tests/GameCore.Content.Compiler.Tests/bin/Debug/net8.0/GameCore.Content.Compiler.Tests.dll" adapterTypeName="executor://nunit3testexecutor/" className="GameCore.Content.Compiler.Tests.CatalogDescriptionRejectionTests" name="UnimplementedMinorRejects" />
    </UnitTest>
    <UnitTest name="CommittedCardCatalogPassesItsOwnVerification" storage="~/wkspace/gc-studio/p4.2i/dotnet/tests/gamecore.content.compiler.tests/bin/debug/net8.0/gamecore.content.compiler.tests.dll" id="d79887d3-a91f-2118-f432-95132cc40b07">
      <Execution id="e5a31e31-2e5d-4bb6-a8cf-94a8718a342a" />
      <TestMethod codeBase="~/wkspace/gc-studio/p4.2i/dotnet/tests/GameCore.Content.Compiler.Tests/bin/Debug/net8.0/GameCore.Content.Compiler.Tests.dll" adapterTypeName="executor://nunit3testexecutor/" className="GameCore.Content.Compiler.Tests.CardCatalogTests" name="CommittedCardCatalogPassesItsOwnVerification" />
    </UnitTest>
    <UnitTest name="EmittedFieldCasesCloseWithBreakAndBraceAndKeepBracesBalanced" storage="~/wkspace/gc-studio/p4.2i/dotnet/tests/gamecore.content.compiler.tests/bin/debug/net8.0/gamecore.content.compiler.tests.dll" id="13e8be3f-a736-bbee-f765-0cd1b7840ac4">
      <Execution id="07d7470b-e6c2-4f8e-9565-72763a825602" />
      <TestMethod codeBase="~/wkspace/gc-studio/p4.2i/dotnet/tests/GameCore.Content.Compiler.Tests/bin/Debug/net8.0/GameCore.Content.Compiler.Tests.dll" adapterTypeName="executor://nunit3testexecutor/" className="GameCore.Content.Compiler.Tests.CatalogEmissionTests" name="EmittedFieldCasesCloseWithBreakAndBraceAndKeepBracesBalanced" />
    </UnitTest>
    <UnitTest name="MemberNamedAfterTheGeneratedClassRejects" storage="~/wkspace/gc-studio/p4.2i/dotnet/tests/gamecore.content.compiler.tests/bin/debug/net8.0/gamecore.content.compiler.tests.dll" id="7f00720d-4676-b91e-004b-d6d34e4dd4fa">
      <Execution id="7e149dbc-49c2-4bb0-8052-0c14b37476c9" />
      <TestMethod codeBase="~/wkspace/gc-studio/p4.2i/dotnet/tests/GameCore.Content.Compiler.Tests/bin/Debug/net8.0/GameCore.Content.Compiler.Tests.dll" adapterTypeName="executor://nunit3testexecutor/" className="GameCore.Content.Compiler.Tests.CatalogDescriptionRejectionTests" name="MemberNamedAfterTheGeneratedClassRejects" />
    </UnitTest>
    <UnitTest name="CommittedCheckpointCatalogPassesItsOwnVerification" storage="~/wkspace/gc-studio/p4.2i/dotnet/tests/gamecore.content.compiler.tests/bin/debug/net8.0/gamecore.content.compiler.tests.dll" id="bb935116-be01-14ef-e044-2191c3664db7">
      <Execution id="b4b3f3cf-2e7c-43e4-8479-3db914e823c9" />
      <TestMethod codeBase="~/wkspace/gc-studio/p4.2i/dotnet/tests/GameCore.Content.Compiler.Tests/bin/Debug/net8.0/GameCore.Content.Compiler.Tests.dll" adapterTypeName="executor://nunit3testexecutor/" className="GameCore.Content.Compiler.Tests.CheckpointCatalogTests" name="CommittedCheckpointCatalogPassesItsOwnVerification" />
    </UnitTest>
    <UnitTest name="GenerationReportVerifiesWhatItWrote" storage="~/wkspace/gc-studio/p4.2i/dotnet/tests/gamecore.content.compiler.tests/bin/debug/net8.0/gamecore.content.compiler.tests.dll" id="eae65d2c-f5c2-f597-c2f6-823f72c30479">
      <Execution id="2991b0e1-2f7b-42a6-92e1-e6f3a06884c4" />
      <TestMethod codeBase="~/wkspace/gc-studio/p4.2i/dotnet/tests/GameCore.Content.Compiler.Tests/bin/Debug/net8.0/GameCore.Content.Compiler.Tests.dll" adapterTypeName="executor://nunit3testexecutor/" className="GameCore.Content.Compiler.Tests.CatalogEmissionTests" name="GenerationReportVerifiesWhatItWrote" />
    </UnitTest>
    <UnitTest name="EveryRejectionReportsAPathOrAnExplicitDocumentScope" storage="~/wkspace/gc-studio/p4.2i/dotnet/tests/gamecore.content.compiler.tests/bin/debug/net8.0/gamecore.content.compiler.tests.dll" id="22b95d6a-5061-f409-c55c-173dfdb0009d">
      <Execution id="646e0b33-2659-4fcf-82e6-8ab5d76973f5" />
      <TestMethod codeBase="~/wkspace/gc-studio/p4.2i/dotnet/tests/GameCore.Content.Compiler.Tests/bin/Debug/net8.0/GameCore.Content.Compiler.Tests.dll" adapterTypeName="executor://nunit3testexecutor/" className="GameCore.Content.Compiler.Tests.CatalogDescriptionRejectionTests" name="EveryRejectionReportsAPathOrAnExplicitDocumentScope" />
    </UnitTest>
    <UnitTest name="GeneratedSerializerDeclaresRequiredFieldsAndEnvelopeCalls" storage="~/wkspace/gc-studio/p4.2i/dotnet/tests/gamecore.content.compiler.tests/bin/debug/net8.0/gamecore.content.compiler.tests.dll" id="eda82127-ff29-41db-13bd-e18efa6bad16">
      <Execution id="e5d2ff81-8d94-4f24-9f63-ddee97c244cb" />
      <TestMethod codeBase="~/wkspace/gc-studio/p4.2i/dotnet/tests/GameCore.Content.Compiler.Tests/bin/Debug/net8.0/GameCore.Content.Compiler.Tests.dll" adapterTypeName="executor://nunit3testexecutor/" className="GameCore.Content.Compiler.Tests.CatalogEmissionTests" name="GeneratedSerializerDeclaresRequiredFieldsAndEnvelopeCalls" />
    </UnitTest>
    <UnitTest name="MalformedJsonIsReportedAsInvalidDocument" storage="~/wkspace/gc-studio/p4.2i/dotnet/tests/gamecore.content.compiler.tests/bin/debug/net8.0/gamecore.content.compiler.tests.dll" id="99e59fa0-006c-3199-9f95-8228467dab50">
      <Execution id="299982a4-3f55-4456-bfe7-9cdfb04bd560" />
      <TestMethod codeBase="~/wkspace/gc-studio/p4.2i/dotnet/tests/GameCore.Content.Compiler.Tests/bin/Debug/net8.0/GameCore.Content.Compiler.Tests.dll" adapterTypeName="executor://nunit3testexecutor/" className="GameCore.Content.Compiler.Tests.CatalogDescriptionRejectionTests" name="MalformedJsonIsReportedAsInvalidDocument" />
    </UnitTest>
    <UnitTest name="CommittedCardCatalogMatchesAFreshGeneration" storage="~/wkspace/gc-studio/p4.2i/dotnet/tests/gamecore.content.compiler.tests/bin/debug/net8.0/gamecore.content.compiler.tests.dll" id="993883a5-b1e2-b818-b8df-804ff1a82623">
      <Execution id="5dcfa061-0b0b-491c-973c-9bc23a447308" />
      <TestMethod codeBase="~/wkspace/gc-studio/p4.2i/dotnet/tests/GameCore.Content.Compiler.Tests/bin/Debug/net8.0/GameCore.Content.Compiler.Tests.dll" adapterTypeName="executor://nunit3testexecutor/" className="GameCore.Content.Compiler.Tests.CardCatalogTests" name="CommittedCardCatalogMatchesAFreshGeneration" />
    </UnitTest>
    <UnitTest name="ZeroVersionRejects" storage="~/wkspace/gc-studio/p4.2i/dotnet/tests/gamecore.content.compiler.tests/bin/debug/net8.0/gamecore.content.compiler.tests.dll" id="191bd9eb-d6f4-9118-bbe7-31b63664155d">
      <Execution id="0267983c-5586-4185-a500-2c7030722d06" />
      <TestMethod codeBase="~/wkspace/gc-studio/p4.2i/dotnet/tests/GameCore.Content.Compiler.Tests/bin/Debug/net8.0/GameCore.Content.Compiler.Tests.dll" adapterTypeName="executor://nunit3testexecutor/" className="GameCore.Content.Compiler.Tests.CatalogDescriptionRejectionTests" name="ZeroVersionRejects" />
    </UnitTest>
    <UnitTest name="InvalidDocumentRootRejects" storage="~/wkspace/gc-studio/p4.2i/dotnet/tests/gamecore.content.compiler.tests/bin/debug/net8.0/gamecore.content.compiler.tests.dll" id="c2a72dd0-27bf-137f-7c70-71c4bb2a9025">
      <Execution id="f3b90078-2192-4baf-b72b-bca1bcc50e9e" />
      <TestMethod codeBase="~/wkspace/gc-studio/p4.2i/dotnet/tests/GameCore.Content.Compiler.Tests/bin/Debug/net8.0/GameCore.Content.Compiler.Tests.dll" adapterTypeName="executor://nunit3testexecutor/" className="GameCore.Content.Compiler.Tests.CatalogDescriptionRejectionTests" name="InvalidDocumentRootRejects" />
    </UnitTest>
    <UnitTest name="CommittedCardCatalogKeyLiteralsMatchTheirDerivation" storage="~/wkspace/gc-studio/p4.2i/dotnet/tests/gamecore.content.compiler.tests/bin/debug/net8.0/gamecore.content.compiler.tests.dll" id="2109dcb9-5531-7c07-80ae-102d5db235ab">
      <Execution id="483eba4a-b51f-43c4-b8f0-58038422f910" />
      <TestMethod codeBase="~/wkspace/gc-studio/p4.2i/dotnet/tests/GameCore.Content.Compiler.Tests/bin/Debug/net8.0/GameCore.Content.Compiler.Tests.dll" adapterTypeName="executor://nunit3testexecutor/" className="GameCore.Content.Compiler.Tests.CardCatalogTests" name="CommittedCardCatalogKeyLiteralsMatchTheirDerivation" />
    </UnitTest>
    <UnitTest name="CommittedCardCatalogFingerprintMatchesItsDeclarations" storage="~/wkspace/gc-studio/p4.2i/dotnet/tests/gamecore.content.compiler.tests/bin/debug/net8.0/gamecore.content.compiler.tests.dll" id="c121d14e-825f-8d1f-529b-c478c16dc572">
      <Execution id="c203fcfa-3f5e-432b-9056-716eed6475f5" />
      <TestMethod codeBase="~/wkspace/gc-studio/p4.2i/dotnet/tests/GameCore.Content.Compiler.Tests/bin/Debug/net8.0/GameCore.Content.Compiler.Tests.dll" adapterTypeName="executor://nunit3testexecutor/" className="GameCore.Content.Compiler.Tests.CardCatalogTests" name="CommittedCardCatalogFingerprintMatchesItsDeclarations" />
    </UnitTest>
    <UnitTest name="FeatureDeclarationOrderDoesNotChangeGeneratedBytes" storage="~/wkspace/gc-studio/p4.2i/dotnet/tests/gamecore.content.compiler.tests/bin/debug/net8.0/gamecore.content.compiler.tests.dll" id="8b8f1802-4a72-d248-a440-52463b95133b">
      <Execution id="7a9f4f13-f4a4-4534-8fa3-c2d7c5708f92" />
      <TestMethod codeBase="~/wkspace/gc-studio/p4.2i/dotnet/tests/GameCore.Content.Compiler.Tests/bin/Debug/net8.0/GameCore.Content.Compiler.Tests.dll" adapterTypeName="executor://nunit3testexecutor/" className="GameCore.Content.Compiler.Tests.CatalogEmissionTests" name="FeatureDeclarationOrderDoesNotChangeGeneratedBytes" />
    </UnitTest>
    <UnitTest name="UnsupportedWireTypeRejects" storage="~/wkspace/gc-studio/p4.2i/dotnet/tests/gamecore.content.compiler.tests/bin/debug/net8.0/gamecore.content.compiler.tests.dll" id="948f1c00-52cc-8709-370c-1146d5c9950c">
      <Execution id="2d7ecd41-b82f-4d90-8536-561eea3572f2" />
      <TestMethod codeBase="~/wkspace/gc-studio/p4.2i/dotnet/tests/GameCore.Content.Compiler.Tests/bin/Debug/net8.0/GameCore.Content.Compiler.Tests.dll" adapterTypeName="executor://nunit3testexecutor/" className="GameCore.Content.Compiler.Tests.CatalogDescriptionRejectionTests" name="UnsupportedWireTypeRejects" />
    </UnitTest>
    <UnitTest name="DuplicateStableNameRejects" storage="~/wkspace/gc-studio/p4.2i/dotnet/tests/gamecore.content.compiler.tests/bin/debug/net8.0/gamecore.content.compiler.tests.dll" id="4a4f7ec1-0f1b-146c-8f0b-642d1643ee5c">
      <Execution id="3c906e0d-fa1b-41d8-8d09-420cfbb8dae3" />
      <TestMethod codeBase="~/wkspace/gc-studio/p4.2i/dotnet/tests/GameCore.Content.Compiler.Tests/bin/Debug/net8.0/GameCore.Content.Compiler.Tests.dll" adapterTypeName="executor://nunit3testexecutor/" className="GameCore.Content.Compiler.Tests.CatalogDescriptionRejectionTests" name="DuplicateStableNameRejects" />
    </UnitTest>
    <UnitTest name="UnsupportedProtocolVersionRejects" storage="~/wkspace/gc-studio/p4.2i/dotnet/tests/gamecore.content.compiler.tests/bin/debug/net8.0/gamecore.content.compiler.tests.dll" id="07bdb500-f0b7-2ee6-905c-d6571a555619">
      <Execution id="2d4e7d61-7475-46c2-b7d5-2466032ef52e" />
      <TestMethod codeBase="~/wkspace/gc-studio/p4.2i/dotnet/tests/GameCore.Content.Compiler.Tests/bin/Debug/net8.0/GameCore.Content.Compiler.Tests.dll" adapterTypeName="executor://nunit3testexecutor/" className="GameCore.Content.Compiler.Tests.CatalogDescriptionRejectionTests" name="UnsupportedProtocolVersionRejects" />
    </UnitTest>
    <UnitTest name="CommittedCheckpointCatalogFingerprintMatchesItsDeclarations" storage="~/wkspace/gc-studio/p4.2i/dotnet/tests/gamecore.content.compiler.tests/bin/debug/net8.0/gamecore.content.compiler.tests.dll" id="388d1b6c-c036-23fb-6a43-e112170bf466">
      <Execution id="d342e6d0-d890-4eea-ae61-6b1007771895" />
      <TestMethod codeBase="~/wkspace/gc-studio/p4.2i/dotnet/tests/GameCore.Content.Compiler.Tests/bin/Debug/net8.0/GameCore.Content.Compiler.Tests.dll" adapterTypeName="executor://nunit3testexecutor/" className="GameCore.Content.Compiler.Tests.CheckpointCatalogTests" name="CommittedCheckpointCatalogFingerprintMatchesItsDeclarations" />
    </UnitTest>
    <UnitTest name="MissingRequiredMemberRejects" storage="~/wkspace/gc-studio/p4.2i/dotnet/tests/gamecore.content.compiler.tests/bin/debug/net8.0/gamecore.content.compiler.tests.dll" id="10a632d9-c0aa-8090-0dd4-c44bfef506d7">
      <Execution id="d34c9caf-35bd-430f-9cf9-e931a50e0ba1" />
      <TestMethod codeBase="~/wkspace/gc-studio/p4.2i/dotnet/tests/GameCore.Content.Compiler.Tests/bin/Debug/net8.0/GameCore.Content.Compiler.Tests.dll" adapterTypeName="executor://nunit3testexecutor/" className="GameCore.Content.Compiler.Tests.CatalogDescriptionRejectionTests" name="MissingRequiredMemberRejects" />
    </UnitTest>
    <UnitTest name="DescriptionThatWouldBuildAnInvalidCatalogRejects" storage="~/wkspace/gc-studio/p4.2i/dotnet/tests/gamecore.content.compiler.tests/bin/debug/net8.0/gamecore.content.compiler.tests.dll" id="4a59641e-8e86-0476-d892-39db58235546">
      <Execution id="f8645bc8-8436-41fe-b09d-5808f8864e13" />
      <TestMethod codeBase="~/wkspace/gc-studio/p4.2i/dotnet/tests/GameCore.Content.Compiler.Tests/bin/Debug/net8.0/GameCore.Content.Compiler.Tests.dll" adapterTypeName="executor://nunit3testexecutor/" className="GameCore.Content.Compiler.Tests.CatalogDescriptionRejectionTests" name="DescriptionThatWouldBuildAnInvalidCatalogRejects" />
    </UnitTest>
    <UnitTest name="ClassNamedAfterAGeneratedMemberRejects" storage="~/wkspace/gc-studio/p4.2i/dotnet/tests/gamecore.content.compiler.tests/bin/debug/net8.0/gamecore.content.compiler.tests.dll" id="ce07497c-4dc6-a0b3-bd22-bf118f2b179f">
      <Execution id="f9d353ea-3b91-4b28-9bc7-4c5487da10f1" />
      <TestMethod codeBase="~/wkspace/gc-studio/p4.2i/dotnet/tests/GameCore.Content.Compiler.Tests/bin/Debug/net8.0/GameCore.Content.Compiler.Tests.dll" adapterTypeName="executor://nunit3testexecutor/" className="GameCore.Content.Compiler.Tests.CatalogDescriptionRejectionTests" name="ClassNamedAfterAGeneratedMemberRejects" />
    </UnitTest>
    <UnitTest name="GeneratorArgumentsParseTheDocumentedCommandLine" storage="~/wkspace/gc-studio/p4.2i/dotnet/tests/gamecore.content.compiler.tests/bin/debug/net8.0/gamecore.content.compiler.tests.dll" id="e291aa66-ef60-353a-bdc1-17429cdfe2d3">
      <Execution id="f71e5ce8-2c58-4442-97b8-2067741485ee" />
      <TestMethod codeBase="~/wkspace/gc-studio/p4.2i/dotnet/tests/GameCore.Content.Compiler.Tests/bin/Debug/net8.0/GameCore.Content.Compiler.Tests.dll" adapterTypeName="executor://nunit3testexecutor/" className="GameCore.Content.Compiler.Tests.CatalogEmissionTests" name="GeneratorArgumentsParseTheDocumentedCommandLine" />
    </UnitTest>
    <UnitTest name="AllZeroImplementationIdentityRejects" storage="~/wkspace/gc-studio/p4.2i/dotnet/tests/gamecore.content.compiler.tests/bin/debug/net8.0/gamecore.content.compiler.tests.dll" id="a368381b-c826-da5a-07f6-882159508464">
      <Execution id="6442b6c0-9328-4026-b487-b831d24877e3" />
      <TestMethod codeBase="~/wkspace/gc-studio/p4.2i/dotnet/tests/GameCore.Content.Compiler.Tests/bin/Debug/net8.0/GameCore.Content.Compiler.Tests.dll" adapterTypeName="executor://nunit3testexecutor/" className="GameCore.Content.Compiler.Tests.CatalogDescriptionRejectionTests" name="AllZeroImplementationIdentityRejects" />
    </UnitTest>
    <UnitTest name="UnknownFactoryKindRejects" storage="~/wkspace/gc-studio/p4.2i/dotnet/tests/gamecore.content.compiler.tests/bin/debug/net8.0/gamecore.content.compiler.tests.dll" id="62555781-d38d-97ac-09ee-252bcd5b99d5">
      <Execution id="a79d70fd-0366-427e-b3b2-7a197e97a9ee" />
      <TestMethod codeBase="~/wkspace/gc-studio/p4.2i/dotnet/tests/GameCore.Content.Compiler.Tests/bin/Debug/net8.0/GameCore.Content.Compiler.Tests.dll" adapterTypeName="executor://nunit3testexecutor/" className="GameCore.Content.Compiler.Tests.CatalogDescriptionRejectionTests" name="UnknownFactoryKindRejects" />
    </UnitTest>
    <UnitTest name="EveryCheckpointSchemaIsDeclaredRequiredWithAscendingFieldIds" storage="~/wkspace/gc-studio/p4.2i/dotnet/tests/gamecore.content.compiler.tests/bin/debug/net8.0/gamecore.content.compiler.tests.dll" id="abe7560b-0107-ad48-75f7-887769837b50">
      <Execution id="1f4e9660-0057-4bd2-9c33-c22533786425" />
      <TestMethod codeBase="~/wkspace/gc-studio/p4.2i/dotnet/tests/GameCore.Content.Compiler.Tests/bin/Debug/net8.0/GameCore.Content.Compiler.Tests.dll" adapterTypeName="executor://nunit3testexecutor/" className="GameCore.Content.Compiler.Tests.CheckpointCatalogTests" name="EveryCheckpointSchemaIsDeclaredRequiredWithAscendingFieldIds" />
    </UnitTest>
    <UnitTest name="FingerprintLiteralMatchesTheDeclarations" storage="~/wkspace/gc-studio/p4.2i/dotnet/tests/gamecore.content.compiler.tests/bin/debug/net8.0/gamecore.content.compiler.tests.dll" id="8613c9dc-f124-68c2-ef82-d40b6dce25ca">
      <Execution id="97eacccc-93da-4459-9345-833e67935c00" />
      <TestMethod codeBase="~/wkspace/gc-studio/p4.2i/dotnet/tests/GameCore.Content.Compiler.Tests/bin/Debug/net8.0/GameCore.Content.Compiler.Tests.dll" adapterTypeName="executor://nunit3testexecutor/" className="GameCore.Content.Compiler.Tests.CatalogEmissionTests" name="FingerprintLiteralMatchesTheDeclarations" />
    </UnitTest>
    <UnitTest name="DeclarationOrderDoesNotChangeGeneratedBytes" storage="~/wkspace/gc-studio/p4.2i/dotnet/tests/gamecore.content.compiler.tests/bin/debug/net8.0/gamecore.content.compiler.tests.dll" id="9c637530-027b-7de2-d98f-03650bbed66a">
      <Execution id="e73982cd-a181-406f-b5e3-d1d30a4382f6" />
      <TestMethod codeBase="~/wkspace/gc-studio/p4.2i/dotnet/tests/GameCore.Content.Compiler.Tests/bin/Debug/net8.0/GameCore.Content.Compiler.Tests.dll" adapterTypeName="executor://nunit3testexecutor/" className="GameCore.Content.Compiler.Tests.CatalogEmissionTests" name="DeclarationOrderDoesNotChangeGeneratedBytes" />
    </UnitTest>
    <UnitTest name="UnknownMemberRejects" storage="~/wkspace/gc-studio/p4.2i/dotnet/tests/gamecore.content.compiler.tests/bin/debug/net8.0/gamecore.content.compiler.tests.dll" id="957ea0be-e5c6-8b07-d28f-4de7d4fec13f">
      <Execution id="d66185fd-da0a-411b-ab5a-3acee6ea4801" />
      <TestMethod codeBase="~/wkspace/gc-studio/p4.2i/dotnet/tests/GameCore.Content.Compiler.Tests/bin/Debug/net8.0/GameCore.Content.Compiler.Tests.dll" adapterTypeName="executor://nunit3testexecutor/" className="GameCore.Content.Compiler.Tests.CatalogDescriptionRejectionTests" name="UnknownMemberRejects" />
    </UnitTest>
    <UnitTest name="CodeFragmentWithStatementTerminatorRejects" storage="~/wkspace/gc-studio/p4.2i/dotnet/tests/gamecore.content.compiler.tests/bin/debug/net8.0/gamecore.content.compiler.tests.dll" id="fa394697-3424-9c25-ece5-7e2d369a8920">
      <Execution id="56bde611-6cc4-49e6-b669-e91642ecd684" />
      <TestMethod codeBase="~/wkspace/gc-studio/p4.2i/dotnet/tests/GameCore.Content.Compiler.Tests/bin/Debug/net8.0/GameCore.Content.Compiler.Tests.dll" adapterTypeName="executor://nunit3testexecutor/" className="GameCore.Content.Compiler.Tests.CatalogDescriptionRejectionTests" name="CodeFragmentWithStatementTerminatorRejects" />
    </UnitTest>
    <UnitTest name="CommittedGeneratedCatalogPassesItsOwnVerification" storage="~/wkspace/gc-studio/p4.2i/dotnet/tests/gamecore.content.compiler.tests/bin/debug/net8.0/gamecore.content.compiler.tests.dll" id="4d635dde-9025-0f50-e5e6-4a0320b1f861">
      <Execution id="b951f758-c7a5-43a9-95a1-54646d6571e6" />
      <TestMethod codeBase="~/wkspace/gc-studio/p4.2i/dotnet/tests/GameCore.Content.Compiler.Tests/bin/Debug/net8.0/GameCore.Content.Compiler.Tests.dll" adapterTypeName="executor://nunit3testexecutor/" className="GameCore.Content.Compiler.Tests.CommittedProbeCatalogTests" name="CommittedGeneratedCatalogPassesItsOwnVerification" />
    </UnitTest>
    <UnitTest name="ReservedFieldIdRejects" storage="~/wkspace/gc-studio/p4.2i/dotnet/tests/gamecore.content.compiler.tests/bin/debug/net8.0/gamecore.content.compiler.tests.dll" id="1e9dac80-9afc-f5b6-3b75-0fc15f043b6f">
      <Execution id="b881fc99-10e0-4414-b50e-89db45f8a92d" />
      <TestMethod codeBase="~/wkspace/gc-studio/p4.2i/dotnet/tests/GameCore.Content.Compiler.Tests/bin/Debug/net8.0/GameCore.Content.Compiler.Tests.dll" adapterTypeName="executor://nunit3testexecutor/" className="GameCore.Content.Compiler.Tests.CatalogDescriptionRejectionTests" name="ReservedFieldIdRejects" />
    </UnitTest>
    <UnitTest name="CommittedCheckpointCatalogMatchesAFreshGeneration" storage="~/wkspace/gc-studio/p4.2i/dotnet/tests/gamecore.content.compiler.tests/bin/debug/net8.0/gamecore.content.compiler.tests.dll" id="1bdc01b8-aa5a-4047-67cf-8a70f7b04a5d">
      <Execution id="307ac9e5-681d-47f5-b71d-bcc70a664ac8" />
      <TestMethod codeBase="~/wkspace/gc-studio/p4.2i/dotnet/tests/GameCore.Content.Compiler.Tests/bin/Debug/net8.0/GameCore.Content.Compiler.Tests.dll" adapterTypeName="executor://nunit3testexecutor/" className="GameCore.Content.Compiler.Tests.CheckpointCatalogTests" name="CommittedCheckpointCatalogMatchesAFreshGeneration" />
    </UnitTest>
    <UnitTest name="DuplicateJsonMemberRejectsAsInvalidDocument" storage="~/wkspace/gc-studio/p4.2i/dotnet/tests/gamecore.content.compiler.tests/bin/debug/net8.0/gamecore.content.compiler.tests.dll" id="d64d72ea-7173-f86a-f0f0-b80bbefcdcf6">
      <Execution id="56a2256a-1702-4f6f-b23a-93401f1090be" />
      <TestMethod codeBase="~/wkspace/gc-studio/p4.2i/dotnet/tests/GameCore.Content.Compiler.Tests/bin/Debug/net8.0/GameCore.Content.Compiler.Tests.dll" adapterTypeName="executor://nunit3testexecutor/" className="GameCore.Content.Compiler.Tests.CatalogDescriptionRejectionTests" name="DuplicateJsonMemberRejectsAsInvalidDocument" />
    </UnitTest>
    <UnitTest name="CommittedCheckpointCatalogKeyLiteralsMatchTheirDerivation" storage="~/wkspace/gc-studio/p4.2i/dotnet/tests/gamecore.content.compiler.tests/bin/debug/net8.0/gamecore.content.compiler.tests.dll" id="f08fd216-3f6d-36d8-7a1a-55c818194c5b">
      <Execution id="0b4f747f-f104-44f8-a190-6bd07e8049f0" />
      <TestMethod codeBase="~/wkspace/gc-studio/p4.2i/dotnet/tests/GameCore.Content.Compiler.Tests/bin/Debug/net8.0/GameCore.Content.Compiler.Tests.dll" adapterTypeName="executor://nunit3testexecutor/" className="GameCore.Content.Compiler.Tests.CheckpointCatalogTests" name="CommittedCheckpointCatalogKeyLiteralsMatchTheirDerivation" />
    </UnitTest>
    <UnitTest name="GeneratedClosedGenericRootsAndAttributesAreEmittedWithTerminators" storage="~/wkspace/gc-studio/p4.2i/dotnet/tests/gamecore.content.compiler.tests/bin/debug/net8.0/gamecore.content.compiler.tests.dll" id="49ea4e69-52f4-11c0-268c-ff2c8e945926">
      <Execution id="adac8900-f6f4-463c-a5e0-7bdddc97f9d7" />
      <TestMethod codeBase="~/wkspace/gc-studio/p4.2i/dotnet/tests/GameCore.Content.Compiler.Tests/bin/Debug/net8.0/GameCore.Content.Compiler.Tests.dll" adapterTypeName="executor://nunit3testexecutor/" className="GameCore.Content.Compiler.Tests.CatalogEmissionTests" name="GeneratedClosedGenericRootsAndAttributesAreEmittedWithTerminators" />
    </UnitTest>
    <UnitTest name="WrongDescriptionFormatRejects" storage="~/wkspace/gc-studio/p4.2i/dotnet/tests/gamecore.content.compiler.tests/bin/debug/net8.0/gamecore.content.compiler.tests.dll" id="2386ee34-1c98-0e7e-f863-0e97b7c67c92">
      <Execution id="fdbf5da9-77fe-46ad-9b23-62a5ed87abd3" />
      <TestMethod codeBase="~/wkspace/gc-studio/p4.2i/dotnet/tests/GameCore.Content.Compiler.Tests/bin/Debug/net8.0/GameCore.Content.Compiler.Tests.dll" adapterTypeName="executor://nunit3testexecutor/" className="GameCore.Content.Compiler.Tests.CatalogDescriptionRejectionTests" name="WrongDescriptionFormatRejects" />
    </UnitTest>
  </TestDefinitions>
  <TestEntries>
    <TestEntry testId="abe7560b-0107-ad48-75f7-887769837b50" executionId="1f4e9660-0057-4bd2-9c33-c22533786425" testListId="8c84fa94-04c1-424b-9868-57a2d4851a1d" />
    <TestEntry testId="0fac49ff-9fc4-70da-0e12-4468b853b5ca" executionId="fca55da1-1234-4b8e-ba6c-ce65ce6c1274" testListId="8c84fa94-04c1-424b-9868-57a2d4851a1d" />
    <TestEntry testId="99fbf920-1989-3afa-e14d-521d4d16a8a2" executionId="cf2e1722-5599-4c34-8101-9061fb4c5e86" testListId="8c84fa94-04c1-424b-9868-57a2d4851a1d" />
    <TestEntry testId="8613c9dc-f124-68c2-ef82-d40b6dce25ca" executionId="97eacccc-93da-4459-9345-833e67935c00" testListId="8c84fa94-04c1-424b-9868-57a2d4851a1d" />
    <TestEntry testId="7ed4bff5-de38-8fb8-34f1-2ff229d1b5c9" executionId="1ac57e34-3f20-48b7-a83b-7372b7e1183a" testListId="8c84fa94-04c1-424b-9868-57a2d4851a1d" />
    <TestEntry testId="13e8be3f-a736-bbee-f765-0cd1b7840ac4" executionId="07d7470b-e6c2-4f8e-9565-72763a825602" testListId="8c84fa94-04c1-424b-9868-57a2d4851a1d" />
    <TestEntry testId="22b95d6a-5061-f409-c55c-173dfdb0009d" executionId="646e0b33-2659-4fcf-82e6-8ab5d76973f5" testListId="8c84fa94-04c1-424b-9868-57a2d4851a1d" />
    <TestEntry testId="8b8f1802-4a72-d248-a440-52463b95133b" executionId="7a9f4f13-f4a4-4534-8fa3-c2d7c5708f92" testListId="8c84fa94-04c1-424b-9868-57a2d4851a1d" />
    <TestEntry testId="49ea4e69-52f4-11c0-268c-ff2c8e945926" executionId="adac8900-f6f4-463c-a5e0-7bdddc97f9d7" testListId="8c84fa94-04c1-424b-9868-57a2d4851a1d" />
    <TestEntry testId="9c637530-027b-7de2-d98f-03650bbed66a" executionId="e73982cd-a181-406f-b5e3-d1d30a4382f6" testListId="8c84fa94-04c1-424b-9868-57a2d4851a1d" />
    <TestEntry testId="7f00720d-4676-b91e-004b-d6d34e4dd4fa" executionId="7e149dbc-49c2-4bb0-8052-0c14b37476c9" testListId="8c84fa94-04c1-424b-9868-57a2d4851a1d" />
    <TestEntry testId="5518edeb-57f1-cd40-289d-a92c12e305ae" executionId="d5795f30-3823-4538-9bbe-fadacbbcd89a" testListId="8c84fa94-04c1-424b-9868-57a2d4851a1d" />
    <TestEntry testId="a368381b-c826-da5a-07f6-882159508464" executionId="6442b6c0-9328-4026-b487-b831d24877e3" testListId="8c84fa94-04c1-424b-9868-57a2d4851a1d" />
    <TestEntry testId="ef277f34-d036-305a-c91f-b7c197fd6f5a" executionId="5bce3137-5f7e-41ba-9bb4-09fdd1e57c4c" testListId="8c84fa94-04c1-424b-9868-57a2d4851a1d" />
    <TestEntry testId="bb935116-be01-14ef-e044-2191c3664db7" executionId="b4b3f3cf-2e7c-43e4-8479-3db914e823c9" testListId="8c84fa94-04c1-424b-9868-57a2d4851a1d" />
    <TestEntry testId="948f1c00-52cc-8709-370c-1146d5c9950c" executionId="2d7ecd41-b82f-4d90-8536-561eea3572f2" testListId="8c84fa94-04c1-424b-9868-57a2d4851a1d" />
    <TestEntry testId="993883a5-b1e2-b818-b8df-804ff1a82623" executionId="5dcfa061-0b0b-491c-973c-9bc23a447308" testListId="8c84fa94-04c1-424b-9868-57a2d4851a1d" />
    <TestEntry testId="99e59fa0-006c-3199-9f95-8228467dab50" executionId="299982a4-3f55-4456-bfe7-9cdfb04bd560" testListId="8c84fa94-04c1-424b-9868-57a2d4851a1d" />
    <TestEntry testId="957ea0be-e5c6-8b07-d28f-4de7d4fec13f" executionId="d66185fd-da0a-411b-ab5a-3acee6ea4801" testListId="8c84fa94-04c1-424b-9868-57a2d4851a1d" />
    <TestEntry testId="62555781-d38d-97ac-09ee-252bcd5b99d5" executionId="a79d70fd-0366-427e-b3b2-7a197e97a9ee" testListId="8c84fa94-04c1-424b-9868-57a2d4851a1d" />
    <TestEntry testId="d661a575-f5db-dcc3-2651-f7a20a82908e" executionId="10fcebcf-b3f8-45f4-8a86-2b78168925a5" testListId="8c84fa94-04c1-424b-9868-57a2d4851a1d" />
    <TestEntry testId="4a59641e-8e86-0476-d892-39db58235546" executionId="f8645bc8-8436-41fe-b09d-5808f8864e13" testListId="8c84fa94-04c1-424b-9868-57a2d4851a1d" />
    <TestEntry testId="388d1b6c-c036-23fb-6a43-e112170bf466" executionId="d342e6d0-d890-4eea-ae61-6b1007771895" testListId="8c84fa94-04c1-424b-9868-57a2d4851a1d" />
    <TestEntry testId="db5fa11c-61f1-b840-f7d8-d72274333fb9" executionId="b334d56e-04ab-4b5f-8d62-70a079cebf16" testListId="8c84fa94-04c1-424b-9868-57a2d4851a1d" />
    <TestEntry testId="eda82127-ff29-41db-13bd-e18efa6bad16" executionId="e5d2ff81-8d94-4f24-9f63-ddee97c244cb" testListId="8c84fa94-04c1-424b-9868-57a2d4851a1d" />
    <TestEntry testId="a01acef7-6957-0e86-ccf9-6e0a07aed5f4" executionId="ff4a1c57-a7ad-4c4e-b683-c05071661319" testListId="8c84fa94-04c1-424b-9868-57a2d4851a1d" />
    <TestEntry testId="d79887d3-a91f-2118-f432-95132cc40b07" executionId="e5a31e31-2e5d-4bb6-a8cf-94a8718a342a" testListId="8c84fa94-04c1-424b-9868-57a2d4851a1d" />
    <TestEntry testId="c121d14e-825f-8d1f-529b-c478c16dc572" executionId="c203fcfa-3f5e-432b-9056-716eed6475f5" testListId="8c84fa94-04c1-424b-9868-57a2d4851a1d" />
    <TestEntry testId="2109dcb9-5531-7c07-80ae-102d5db235ab" executionId="483eba4a-b51f-43c4-b8f0-58038422f910" testListId="8c84fa94-04c1-424b-9868-57a2d4851a1d" />
    <TestEntry testId="3ba806a4-bbf3-7b7e-27b5-2f86df0fc91e" executionId="087d9e4f-74d3-476c-855f-1da3e1bbe7f5" testListId="8c84fa94-04c1-424b-9868-57a2d4851a1d" />
    <TestEntry testId="d64d72ea-7173-f86a-f0f0-b80bbefcdcf6" executionId="56a2256a-1702-4f6f-b23a-93401f1090be" testListId="8c84fa94-04c1-424b-9868-57a2d4851a1d" />
    <TestEntry testId="15fffbf7-3b66-6103-20fd-b18305a69632" executionId="a5f0068f-64d3-45a3-967c-4449b25f65d1" testListId="8c84fa94-04c1-424b-9868-57a2d4851a1d" />
    <TestEntry testId="1bdc01b8-aa5a-4047-67cf-8a70f7b04a5d" executionId="307ac9e5-681d-47f5-b71d-bcc70a664ac8" testListId="8c84fa94-04c1-424b-9868-57a2d4851a1d" />
    <TestEntry testId="4d635dde-9025-0f50-e5e6-4a0320b1f861" executionId="b951f758-c7a5-43a9-95a1-54646d6571e6" testListId="8c84fa94-04c1-424b-9868-57a2d4851a1d" />
    <TestEntry testId="10a632d9-c0aa-8090-0dd4-c44bfef506d7" executionId="d34c9caf-35bd-430f-9cf9-e931a50e0ba1" testListId="8c84fa94-04c1-424b-9868-57a2d4851a1d" />
    <TestEntry testId="2386ee34-1c98-0e7e-f863-0e97b7c67c92" executionId="fdbf5da9-77fe-46ad-9b23-62a5ed87abd3" testListId="8c84fa94-04c1-424b-9868-57a2d4851a1d" />
    <TestEntry testId="ce07497c-4dc6-a0b3-bd22-bf118f2b179f" executionId="f9d353ea-3b91-4b28-9bc7-4c5487da10f1" testListId="8c84fa94-04c1-424b-9868-57a2d4851a1d" />
    <TestEntry testId="fa394697-3424-9c25-ece5-7e2d369a8920" executionId="56bde611-6cc4-49e6-b669-e91642ecd684" testListId="8c84fa94-04c1-424b-9868-57a2d4851a1d" />
    <TestEntry testId="1e9dac80-9afc-f5b6-3b75-0fc15f043b6f" executionId="b881fc99-10e0-4414-b50e-89db45f8a92d" testListId="8c84fa94-04c1-424b-9868-57a2d4851a1d" />
    <TestEntry testId="4a4f7ec1-0f1b-146c-8f0b-642d1643ee5c" executionId="3c906e0d-fa1b-41d8-8d09-420cfbb8dae3" testListId="8c84fa94-04c1-424b-9868-57a2d4851a1d" />
    <TestEntry testId="eae65d2c-f5c2-f597-c2f6-823f72c30479" executionId="2991b0e1-2f7b-42a6-92e1-e6f3a06884c4" testListId="8c84fa94-04c1-424b-9868-57a2d4851a1d" />
    <TestEntry testId="e291aa66-ef60-353a-bdc1-17429cdfe2d3" executionId="f71e5ce8-2c58-4442-97b8-2067741485ee" testListId="8c84fa94-04c1-424b-9868-57a2d4851a1d" />
    <TestEntry testId="07bdb500-f0b7-2ee6-905c-d6571a555619" executionId="2d4e7d61-7475-46c2-b7d5-2466032ef52e" testListId="8c84fa94-04c1-424b-9868-57a2d4851a1d" />
    <TestEntry testId="191bd9eb-d6f4-9118-bbe7-31b63664155d" executionId="0267983c-5586-4185-a500-2c7030722d06" testListId="8c84fa94-04c1-424b-9868-57a2d4851a1d" />
    <TestEntry testId="f9352d4e-1c68-5156-44d6-9c0e393891bf" executionId="26ed2d4b-09ed-4200-87e1-c2f681441b1c" testListId="8c84fa94-04c1-424b-9868-57a2d4851a1d" />
    <TestEntry testId="ebc2e79d-0013-5ac5-1a10-fdc0f753882f" executionId="5c47e8b0-30cb-444c-89c4-6352fd9717af" testListId="8c84fa94-04c1-424b-9868-57a2d4851a1d" />
    <TestEntry testId="c2a72dd0-27bf-137f-7c70-71c4bb2a9025" executionId="f3b90078-2192-4baf-b72b-bca1bcc50e9e" testListId="8c84fa94-04c1-424b-9868-57a2d4851a1d" />
    <TestEntry testId="f08fd216-3f6d-36d8-7a1a-55c818194c5b" executionId="0b4f747f-f104-44f8-a190-6bd07e8049f0" testListId="8c84fa94-04c1-424b-9868-57a2d4851a1d" />
    <TestEntry testId="435e0ca1-e757-c30d-ee9f-e04b15fca79d" executionId="a7a2e075-5a54-48d6-9874-1205c271fcc3" testListId="8c84fa94-04c1-424b-9868-57a2d4851a1d" />
  </TestEntries>
  <TestLists>
    <TestList name="Results Not in a List" id="8c84fa94-04c1-424b-9868-57a2d4851a1d" />
    <TestList name="All Loaded Results" id="19431567-8539-422a-85d7-44ee4e166bda" />
  </TestLists>
  <ResultSummary outcome="Completed">
    <Counters total="49" executed="49" passed="49" failed="0" error="0" timeout="0" aborted="0" inconclusive="0" passedButRunAborted="0" notRunnable="0" notExecuted="0" disconnected="0" warning="0" completed="0" inProgress="0" pending="0" />
    <Output>
      <StdOut>NUnit Adapter 4.5.0.0: Test execution started
Running all tests in ~/wkspace/gc-studio/p4.2i/dotnet/tests/GameCore.Content.Compiler.Tests/bin/Debug/net8.0/GameCore.Content.Compiler.Tests.dll
   NUnit3TestExecutor discovered 49 of 49 NUnit test cases using Current Discovery mode, Non-Explicit run
NUnit Adapter 4.5.0.0: Test execution complete
</StdOut>
    </Output>
  </ResultSummary>
</TestRun>
