[2026-10-07T19:13:17.872Z][INFO] Command-line: ~/Unity/Hub/Editor/6000.0.75f1/Editor/Data/Resources/PackageManager/Server/UnityPackageManager -s 3908137 -ipc -ipc-path /tmp/Unity-Upm-3908137.sock -l 2 --log-file ~/wkspace/gc-studio/p4.2k/artifacts/studio/verification/W-AI-02/p42k-npc-20261007T191317.157379Z/upm.log
[2026-10-07T19:13:17.879Z][INFO] IPC server started (IPC path=/tmp/Unity-Upm-3908137.sock).
[2026-10-07T19:13:17.879Z][INFO] Hint: To connect to this UPM instance, launch Unity with the command-line parameter -upmIpcPath Upm-3908137.
[2026-10-07T19:13:18.637Z][INFO] project:add-dependency <-- Request received
params: {
  "packageId": "com.unity.toolchain.linux-x86_64"
}
[2026-10-07T19:13:37.817Z][INFO] project:add-dependency --> 200 (19180 ms)
[2026-10-07T19:13:38.085Z][INFO] project:list-packages <-- Request received
params: {}
[2026-10-07T19:13:38.138Z][INFO] project:list-packages <-- Request received
params: {}
[2026-10-07T19:13:38.148Z][INFO] project:list-packages <-- Request received
params: {}
[2026-10-07T19:13:38.156Z][INFO] config:project:get-registries <-- Request received
params: {}
[2026-10-07T19:13:38.183Z][INFO] config:project:get-registries --> 200 (27 ms)
[2026-10-07T19:13:39.316Z][INFO] project:list-packages --> 200 (1231 ms)
[2026-10-07T19:13:39.662Z][INFO] project:list-packages --> 200 (1524 ms)
[2026-10-07T19:13:40.759Z][INFO] project:list-packages --> 200 (2611 ms)
[2026-10-07T19:13:41.599Z][INFO] project:list-packages <-- Request received
params: {}
[2026-10-07T19:13:42.004Z][INFO] project:list-packages --> 200 (405 ms)
[2026-10-07T19:13:45.154Z][INFO] project:list-packages <-- Request received
params: {}
[2026-10-07T19:13:45.166Z][INFO] project:list-packages <-- Request received
params: {}
[2026-10-07T19:13:45.180Z][INFO] config:project:get-registries <-- Request received
params: {}
[2026-10-07T19:13:45.198Z][INFO] config:project:get-registries --> 200 (18 ms)
[2026-10-07T19:13:46.039Z][INFO] project:list-packages --> 200 (885 ms)
[2026-10-07T19:13:46.107Z][INFO] project:list-packages --> 200 (941 ms)
[2026-10-07T19:13:49.796Z][INFO] project:list-packages <-- Request received
params: {}
[2026-10-07T19:13:49.806Z][INFO] project:list-packages <-- Request received
params: {}
[2026-10-07T19:13:50.172Z][INFO] project:list-packages --> 200 (376 ms)
[2026-10-07T19:13:52.202Z][INFO] project:list-packages --> 200 (2396 ms)
[2026-10-07T19:17:54.268Z][INFO] Received shutdown request (SIGINT), shutting down Unity Package Manager
