
Welcome to .NET 8.0!
---------------------
SDK Version: 8.0.425

----------------
Installed an ASP.NET Core HTTPS development certificate.
To trust the certificate, view the instructions: https://aka.ms/dotnet-https-linux

----------------
Write your first app: https://aka.ms/dotnet-hello-world
Find out what's new: https://aka.ms/dotnet-whats-new
Explore documentation: https://aka.ms/dotnet-docs
Report issues and find source on GitHub: https://github.com/dotnet/core
Use 'dotnet --help' to see available commands or visit: https://aka.ms/dotnet-cli
--------------------------------------------------------------------------------------
  Determining projects to restore...
  Restored /home/worlesenric/wkspace/game_core/dotnet/src/GameCore.ReferenceSeams/GameCore.ReferenceSeams.csproj (in 44 ms).
  Restored /home/worlesenric/wkspace/game_core/dotnet/tools/GameCore.ApiSnapshot/GameCore.ApiSnapshot.csproj (in 48 ms).
  Restored /home/worlesenric/wkspace/game_core/dotnet/src/GameCore.ProtocolFixtures/GameCore.ProtocolFixtures.csproj (in 9.29 sec).
  Restored /home/worlesenric/wkspace/game_core/dotnet/tests/GameCore.ProtocolFixtures.Tests/GameCore.ProtocolFixtures.Tests.csproj (in 9.78 sec).
  Restored /home/worlesenric/wkspace/game_core/dotnet/tests/GameCore.ReferenceSeams.Tests/GameCore.ReferenceSeams.Tests.csproj (in 9.78 sec).
/home/worlesenric/wkspace/game_core/tests/GameCore.ReferenceSeams/Identity/Handles.cs(109,24): error CS0034: Operator '+' is ambiguous on operands of type 'int' and 'ulong' [/home/worlesenric/wkspace/game_core/dotnet/src/GameCore.ReferenceSeams/GameCore.ReferenceSeams.csproj]
/home/worlesenric/wkspace/game_core/tests/GameCore.ReferenceSeams/Identity/Handles.cs(313,24): error CS0266: Cannot implicitly convert type 'long' to 'int'. An explicit conversion exists (are you missing a cast?) [/home/worlesenric/wkspace/game_core/dotnet/src/GameCore.ReferenceSeams/GameCore.ReferenceSeams.csproj]
/home/worlesenric/wkspace/game_core/tests/GameCore.ReferenceSeams/Identity/Handles.cs(352,24): error CS0034: Operator '+' is ambiguous on operands of type 'int' and 'ulong' [/home/worlesenric/wkspace/game_core/dotnet/src/GameCore.ReferenceSeams/GameCore.ReferenceSeams.csproj]
/home/worlesenric/wkspace/game_core/tests/GameCore.ReferenceSeams/Identity/Handles.cs(187,24): error CS0034: Operator '+' is ambiguous on operands of type 'int' and 'ulong' [/home/worlesenric/wkspace/game_core/dotnet/src/GameCore.ReferenceSeams/GameCore.ReferenceSeams.csproj]
/home/worlesenric/wkspace/game_core/tests/GameCore.ReferenceSeams/Identity/Handles.cs(404,24): error CS0266: Cannot implicitly convert type 'long' to 'int'. An explicit conversion exists (are you missing a cast?) [/home/worlesenric/wkspace/game_core/dotnet/src/GameCore.ReferenceSeams/GameCore.ReferenceSeams.csproj]
/home/worlesenric/wkspace/game_core/tests/GameCore.ReferenceSeams/Identity/Handles.cs(478,24): error CS0034: Operator '+' is ambiguous on operands of type 'int' and 'ulong' [/home/worlesenric/wkspace/game_core/dotnet/src/GameCore.ReferenceSeams/GameCore.ReferenceSeams.csproj]
/home/worlesenric/wkspace/game_core/tests/GameCore.ReferenceSeams/Identity/Handles.cs(148,24): error CS0034: Operator '+' is ambiguous on operands of type 'int' and 'ulong' [/home/worlesenric/wkspace/game_core/dotnet/src/GameCore.ReferenceSeams/GameCore.ReferenceSeams.csproj]
/home/worlesenric/wkspace/game_core/tests/GameCore.ReferenceSeams/Identity/Handles.cs(70,24): error CS0034: Operator '+' is ambiguous on operands of type 'int' and 'ulong' [/home/worlesenric/wkspace/game_core/dotnet/src/GameCore.ReferenceSeams/GameCore.ReferenceSeams.csproj]
/home/worlesenric/wkspace/game_core/tests/GameCore.ReferenceSeams/Identity/Handles.cs(548,24): error CS0266: Cannot implicitly convert type 'long' to 'int'. An explicit conversion exists (are you missing a cast?) [/home/worlesenric/wkspace/game_core/dotnet/src/GameCore.ReferenceSeams/GameCore.ReferenceSeams.csproj]
/home/worlesenric/wkspace/game_core/tests/GameCore.ReferenceSeams/Identity/Handles.cs(225,24): error CS0034: Operator '+' is ambiguous on operands of type 'int' and 'ulong' [/home/worlesenric/wkspace/game_core/dotnet/src/GameCore.ReferenceSeams/GameCore.ReferenceSeams.csproj]
/home/worlesenric/wkspace/game_core/tests/GameCore.ReferenceSeams/Identity/Handles.cs(226,24): error CS0034: Operator '+' is ambiguous on operands of type 'int' and 'ulong' [/home/worlesenric/wkspace/game_core/dotnet/src/GameCore.ReferenceSeams/GameCore.ReferenceSeams.csproj]
/home/worlesenric/wkspace/game_core/tests/GameCore.ReferenceSeams/Identity/Handles.cs(653,24): error CS0266: Cannot implicitly convert type 'long' to 'int'. An explicit conversion exists (are you missing a cast?) [/home/worlesenric/wkspace/game_core/dotnet/src/GameCore.ReferenceSeams/GameCore.ReferenceSeams.csproj]
/home/worlesenric/wkspace/game_core/tests/GameCore.ReferenceSeams/Identity/Handles.cs(276,24): error CS0034: Operator '+' is ambiguous on operands of type 'int' and 'ulong' [/home/worlesenric/wkspace/game_core/dotnet/src/GameCore.ReferenceSeams/GameCore.ReferenceSeams.csproj]
/home/worlesenric/wkspace/game_core/tests/GameCore.ReferenceSeams/Identity/Handles.cs(277,24): error CS0034: Operator '+' is ambiguous on operands of type 'int' and 'ulong' [/home/worlesenric/wkspace/game_core/dotnet/src/GameCore.ReferenceSeams/GameCore.ReferenceSeams.csproj]
/home/worlesenric/wkspace/game_core/tests/GameCore.ReferenceSeams/Identity/Handles.cs(278,24): error CS0266: Cannot implicitly convert type 'long' to 'int'. An explicit conversion exists (are you missing a cast?) [/home/worlesenric/wkspace/game_core/dotnet/src/GameCore.ReferenceSeams/GameCore.ReferenceSeams.csproj]
/home/worlesenric/wkspace/game_core/tests/GameCore.ReferenceSeams/Identity/Handles.cs(513,24): error CS0266: Cannot implicitly convert type 'long' to 'int'. An explicit conversion exists (are you missing a cast?) [/home/worlesenric/wkspace/game_core/dotnet/src/GameCore.ReferenceSeams/GameCore.ReferenceSeams.csproj]

Build FAILED.

/home/worlesenric/wkspace/game_core/tests/GameCore.ReferenceSeams/Identity/Handles.cs(109,24): error CS0034: Operator '+' is ambiguous on operands of type 'int' and 'ulong' [/home/worlesenric/wkspace/game_core/dotnet/src/GameCore.ReferenceSeams/GameCore.ReferenceSeams.csproj]
/home/worlesenric/wkspace/game_core/tests/GameCore.ReferenceSeams/Identity/Handles.cs(313,24): error CS0266: Cannot implicitly convert type 'long' to 'int'. An explicit conversion exists (are you missing a cast?) [/home/worlesenric/wkspace/game_core/dotnet/src/GameCore.ReferenceSeams/GameCore.ReferenceSeams.csproj]
/home/worlesenric/wkspace/game_core/tests/GameCore.ReferenceSeams/Identity/Handles.cs(352,24): error CS0034: Operator '+' is ambiguous on operands of type 'int' and 'ulong' [/home/worlesenric/wkspace/game_core/dotnet/src/GameCore.ReferenceSeams/GameCore.ReferenceSeams.csproj]
/home/worlesenric/wkspace/game_core/tests/GameCore.ReferenceSeams/Identity/Handles.cs(187,24): error CS0034: Operator '+' is ambiguous on operands of type 'int' and 'ulong' [/home/worlesenric/wkspace/game_core/dotnet/src/GameCore.ReferenceSeams/GameCore.ReferenceSeams.csproj]
/home/worlesenric/wkspace/game_core/tests/GameCore.ReferenceSeams/Identity/Handles.cs(404,24): error CS0266: Cannot implicitly convert type 'long' to 'int'. An explicit conversion exists (are you missing a cast?) [/home/worlesenric/wkspace/game_core/dotnet/src/GameCore.ReferenceSeams/GameCore.ReferenceSeams.csproj]
/home/worlesenric/wkspace/game_core/tests/GameCore.ReferenceSeams/Identity/Handles.cs(478,24): error CS0034: Operator '+' is ambiguous on operands of type 'int' and 'ulong' [/home/worlesenric/wkspace/game_core/dotnet/src/GameCore.ReferenceSeams/GameCore.ReferenceSeams.csproj]
/home/worlesenric/wkspace/game_core/tests/GameCore.ReferenceSeams/Identity/Handles.cs(148,24): error CS0034: Operator '+' is ambiguous on operands of type 'int' and 'ulong' [/home/worlesenric/wkspace/game_core/dotnet/src/GameCore.ReferenceSeams/GameCore.ReferenceSeams.csproj]
/home/worlesenric/wkspace/game_core/tests/GameCore.ReferenceSeams/Identity/Handles.cs(70,24): error CS0034: Operator '+' is ambiguous on operands of type 'int' and 'ulong' [/home/worlesenric/wkspace/game_core/dotnet/src/GameCore.ReferenceSeams/GameCore.ReferenceSeams.csproj]
/home/worlesenric/wkspace/game_core/tests/GameCore.ReferenceSeams/Identity/Handles.cs(548,24): error CS0266: Cannot implicitly convert type 'long' to 'int'. An explicit conversion exists (are you missing a cast?) [/home/worlesenric/wkspace/game_core/dotnet/src/GameCore.ReferenceSeams/GameCore.ReferenceSeams.csproj]
/home/worlesenric/wkspace/game_core/tests/GameCore.ReferenceSeams/Identity/Handles.cs(225,24): error CS0034: Operator '+' is ambiguous on operands of type 'int' and 'ulong' [/home/worlesenric/wkspace/game_core/dotnet/src/GameCore.ReferenceSeams/GameCore.ReferenceSeams.csproj]
/home/worlesenric/wkspace/game_core/tests/GameCore.ReferenceSeams/Identity/Handles.cs(226,24): error CS0034: Operator '+' is ambiguous on operands of type 'int' and 'ulong' [/home/worlesenric/wkspace/game_core/dotnet/src/GameCore.ReferenceSeams/GameCore.ReferenceSeams.csproj]
/home/worlesenric/wkspace/game_core/tests/GameCore.ReferenceSeams/Identity/Handles.cs(653,24): error CS0266: Cannot implicitly convert type 'long' to 'int'. An explicit conversion exists (are you missing a cast?) [/home/worlesenric/wkspace/game_core/dotnet/src/GameCore.ReferenceSeams/GameCore.ReferenceSeams.csproj]
/home/worlesenric/wkspace/game_core/tests/GameCore.ReferenceSeams/Identity/Handles.cs(276,24): error CS0034: Operator '+' is ambiguous on operands of type 'int' and 'ulong' [/home/worlesenric/wkspace/game_core/dotnet/src/GameCore.ReferenceSeams/GameCore.ReferenceSeams.csproj]
/home/worlesenric/wkspace/game_core/tests/GameCore.ReferenceSeams/Identity/Handles.cs(277,24): error CS0034: Operator '+' is ambiguous on operands of type 'int' and 'ulong' [/home/worlesenric/wkspace/game_core/dotnet/src/GameCore.ReferenceSeams/GameCore.ReferenceSeams.csproj]
/home/worlesenric/wkspace/game_core/tests/GameCore.ReferenceSeams/Identity/Handles.cs(278,24): error CS0266: Cannot implicitly convert type 'long' to 'int'. An explicit conversion exists (are you missing a cast?) [/home/worlesenric/wkspace/game_core/dotnet/src/GameCore.ReferenceSeams/GameCore.ReferenceSeams.csproj]
/home/worlesenric/wkspace/game_core/tests/GameCore.ReferenceSeams/Identity/Handles.cs(513,24): error CS0266: Cannot implicitly convert type 'long' to 'int'. An explicit conversion exists (are you missing a cast?) [/home/worlesenric/wkspace/game_core/dotnet/src/GameCore.ReferenceSeams/GameCore.ReferenceSeams.csproj]
    0 Warning(s)
    16 Error(s)

Time Elapsed 00:00:11.41
