[2026-10-08T00:22:26.110Z][INFO] Command-line: ~/Unity/Hub/Editor/6000.0.75f1/Editor/Data/Resources/PackageManager/Server/UnityPackageManager -s 699187 -ipc -ipc-path /tmp/Unity-Upm-699187.sock -l 2 --log-file ~/wkspace/gc-studio/p4.2l/artifacts/studio/verification/W-REC-03/p42l-stage-cancel-20261008T002225.328004Z/upm.log
[2026-10-08T00:22:26.116Z][INFO] IPC server started (IPC path=/tmp/Unity-Upm-699187.sock).
[2026-10-08T00:22:26.116Z][INFO] Hint: To connect to this UPM instance, launch Unity with the command-line parameter -upmIpcPath Upm-699187.
[2026-10-08T00:22:27.110Z][INFO] project:add-dependency <-- Request received
params: {
  "packageId": "com.unity.toolchain.linux-x86_64"
}
[2026-10-08T00:22:45.515Z][INFO] project:add-dependency --> 200 (18405 ms)
[2026-10-08T00:22:45.824Z][INFO] project:list-packages <-- Request received
params: {}
[2026-10-08T00:22:45.894Z][INFO] project:list-packages <-- Request received
params: {}
[2026-10-08T00:22:45.907Z][INFO] project:list-packages <-- Request received
params: {}
[2026-10-08T00:22:45.921Z][INFO] config:project:get-registries <-- Request received
params: {}
[2026-10-08T00:22:45.948Z][INFO] config:project:get-registries --> 200 (27 ms)
[2026-10-08T00:22:47.239Z][INFO] project:list-packages --> 200 (1416 ms)
[2026-10-08T00:22:47.616Z][INFO] project:list-packages --> 200 (1722 ms)
[2026-10-08T00:22:48.748Z][INFO] project:list-packages --> 200 (2841 ms)
[2026-10-08T00:22:49.748Z][INFO] project:list-packages <-- Request received
params: {}
[2026-10-08T00:22:50.203Z][INFO] project:list-packages --> 200 (454 ms)
[2026-10-08T00:22:53.706Z][INFO] project:list-packages <-- Request received
params: {}
[2026-10-08T00:22:53.716Z][INFO] project:list-packages <-- Request received
params: {}
[2026-10-08T00:22:53.727Z][INFO] config:project:get-registries <-- Request received
params: {}
[2026-10-08T00:22:53.760Z][INFO] config:project:get-registries --> 200 (33 ms)
[2026-10-08T00:22:54.816Z][INFO] project:list-packages --> 200 (1110 ms)
[2026-10-08T00:22:54.820Z][INFO] project:list-packages --> 200 (1104 ms)
[2026-10-08T00:22:58.042Z][INFO] project:list-packages <-- Request received
params: {}
[2026-10-08T00:22:58.054Z][INFO] project:list-packages <-- Request received
params: {}
[2026-10-08T00:22:58.552Z][INFO] project:list-packages --> 200 (510 ms)
[2026-10-08T00:23:07.087Z][INFO] Received shutdown request (SIGINT), shutting down Unity Package Manager
