[2026-10-06T19:51:06.349Z][INFO] Command-line: ~/Unity/Hub/Editor/6000.0.75f1/Editor/Data/Resources/PackageManager/Server/UnityPackageManager -s 3764452 -ipc -ipc-path /tmp/Unity-Upm-3764452.sock -l 2 --log-file ~/wkspace/gc-studio/p4.2g/artifacts/studio/verification/W-AI-02/p42g-npc-confirmed-20261006T195105.737185Z/upm.log
[2026-10-06T19:51:06.354Z][INFO] IPC server started (IPC path=/tmp/Unity-Upm-3764452.sock).
[2026-10-06T19:51:06.354Z][INFO] Hint: To connect to this UPM instance, launch Unity with the command-line parameter -upmIpcPath Upm-3764452.
[2026-10-06T19:51:07.203Z][INFO] project:add-dependency <-- Request received
params: {
  "packageId": "com.unity.toolchain.linux-x86_64"
}
[2026-10-06T19:51:27.396Z][INFO] project:add-dependency --> 200 (20193 ms)
[2026-10-06T19:51:27.707Z][INFO] project:list-packages <-- Request received
params: {}
[2026-10-06T19:51:27.779Z][INFO] project:list-packages <-- Request received
params: {}
[2026-10-06T19:51:27.788Z][INFO] project:list-packages <-- Request received
params: {}
[2026-10-06T19:51:27.803Z][INFO] config:project:get-registries <-- Request received
params: {}
[2026-10-06T19:51:27.821Z][INFO] config:project:get-registries --> 200 (18 ms)
[2026-10-06T19:51:28.991Z][INFO] project:list-packages --> 200 (1284 ms)
[2026-10-06T19:51:29.322Z][INFO] project:list-packages --> 200 (1542 ms)
[2026-10-06T19:51:30.668Z][INFO] project:list-packages --> 200 (2880 ms)
[2026-10-06T19:51:31.274Z][INFO] project:list-packages <-- Request received
params: {}
[2026-10-06T19:51:31.744Z][INFO] project:list-packages --> 200 (470 ms)
[2026-10-06T19:51:34.888Z][INFO] project:list-packages <-- Request received
params: {}
[2026-10-06T19:51:34.900Z][INFO] project:list-packages <-- Request received
params: {}
[2026-10-06T19:51:34.913Z][INFO] config:project:get-registries <-- Request received
params: {}
[2026-10-06T19:51:34.931Z][INFO] config:project:get-registries --> 200 (18 ms)
[2026-10-06T19:51:35.913Z][INFO] project:list-packages --> 200 (1024 ms)
[2026-10-06T19:51:35.980Z][INFO] project:list-packages --> 200 (1080 ms)
[2026-10-06T19:51:39.033Z][INFO] project:list-packages <-- Request received
params: {}
[2026-10-06T19:51:39.045Z][INFO] project:list-packages <-- Request received
params: {}
[2026-10-06T19:51:39.447Z][INFO] project:list-packages --> 200 (414 ms)
[2026-10-06T19:51:55.461Z][INFO] project:list-packages --> 200 (16416 ms)
[2026-10-06T19:54:43.917Z][INFO] Received shutdown request (SIGINT), shutting down Unity Package Manager
