[2026-10-07T18:41:05.455Z][INFO] Command-line: ~/Unity/Hub/Editor/6000.0.75f1/Editor/Data/Resources/PackageManager/Server/UnityPackageManager -s 3809095 -ipc -ipc-path /tmp/Unity-Upm-3809095.sock -l 2 --log-file ~/wkspace/gc-studio/p4.2k/artifacts/studio/verification/W-PERSIST-02/p42k-prefab-prepare-20261007T184104.777862Z/upm.log
[2026-10-07T18:41:05.462Z][INFO] IPC server started (IPC path=/tmp/Unity-Upm-3809095.sock).
[2026-10-07T18:41:05.462Z][INFO] Hint: To connect to this UPM instance, launch Unity with the command-line parameter -upmIpcPath Upm-3809095.
[2026-10-07T18:41:06.173Z][INFO] project:add-dependency <-- Request received
params: {
  "packageId": "com.unity.toolchain.linux-x86_64"
}
[2026-10-07T18:41:25.282Z][INFO] project:add-dependency --> 200 (19109 ms)
[2026-10-07T18:41:25.586Z][INFO] project:list-packages <-- Request received
params: {}
[2026-10-07T18:41:25.628Z][INFO] project:list-packages <-- Request received
params: {}
[2026-10-07T18:41:25.637Z][INFO] project:list-packages <-- Request received
params: {}
[2026-10-07T18:41:25.647Z][INFO] config:project:get-registries <-- Request received
params: {}
[2026-10-07T18:41:25.676Z][INFO] config:project:get-registries --> 200 (29 ms)
[2026-10-07T18:41:27.049Z][INFO] project:list-packages --> 200 (1463 ms)
[2026-10-07T18:41:27.370Z][INFO] project:list-packages --> 200 (1742 ms)
[2026-10-07T18:41:28.760Z][INFO] project:list-packages --> 200 (3123 ms)
[2026-10-07T18:41:29.736Z][INFO] project:list-packages <-- Request received
params: {}
[2026-10-07T18:41:30.262Z][INFO] project:list-packages --> 200 (526 ms)
[2026-10-07T18:41:34.060Z][INFO] project:list-packages <-- Request received
params: {}
[2026-10-07T18:41:34.070Z][INFO] project:list-packages <-- Request received
params: {}
[2026-10-07T18:41:34.081Z][INFO] config:project:get-registries <-- Request received
params: {}
[2026-10-07T18:41:34.110Z][INFO] config:project:get-registries --> 200 (29 ms)
[2026-10-07T18:41:35.247Z][INFO] project:list-packages --> 200 (1188 ms)
[2026-10-07T18:41:35.325Z][INFO] project:list-packages --> 200 (1255 ms)
[2026-10-07T18:41:37.594Z][INFO] project:list-packages <-- Request received
params: {}
[2026-10-07T18:41:37.606Z][INFO] project:list-packages <-- Request received
params: {}
[2026-10-07T18:41:38.423Z][INFO] project:list-packages --> 200 (829 ms)
[2026-10-07T18:41:42.594Z][INFO] project:list-packages <-- Request received
params: {}
[2026-10-07T18:41:42.976Z][INFO] project:list-packages --> 200 (382 ms)
[2026-10-07T18:41:43.172Z][INFO] project:list-packages <-- Request received
params: {}
[2026-10-07T18:41:43.183Z][INFO] project:list-packages <-- Request received
params: {}
[2026-10-07T18:41:43.194Z][INFO] config:project:get-registries <-- Request received
params: {}
[2026-10-07T18:41:43.213Z][INFO] config:project:get-registries --> 200 (19 ms)
[2026-10-07T18:41:43.655Z][INFO] project:list-packages --> 200 (472 ms)
[2026-10-07T18:41:51.955Z][INFO] Received shutdown request (SIGINT), shutting down Unity Package Manager
