[P3.2 workflow] {"utc":"2026-10-05T10:21:04.391Z","step":0,"stepName":"","name":"start","caption":"workflow batch started (Unity 6000.0.75f1, batch False)"}
[P3.2 workflow] {"utc":"2026-10-05T10:21:09.331Z","step":0,"stepName":"open ThornwickVillage","name":"layout","caption":"Opened Assets/Hollowmere/Regions/ThornwickVillage.unity in the Studio layout (viewport, context, tasks, candidates, history)."}
[P3.2 workflow] {"utc":"2026-10-05T10:21:11.057Z","step":1,"stepName":"open ThornwickVillage","name":"gateway","caption":"timeline subscribed to EtosAgentGateway"}
[P3.2 workflow] {"windows":{"StudioHistoryWindow":"(x:852.00, y:716.00, width:408.00, height:338.00)","StudioCandidatesWindow":"(x:436.00, y:716.00, width:410.00, height:338.00)","StudioTasksWindow":"(x:20.00, y:716.00, width:410.00, height:338.00)","StudioContextWindow":"(x:1272.00, y:69.00, width:628.00, height:985.00)","StudioViewportWindow":"(x:20.00, y:70.00, width:1240.00, height:640.00)"},"utc":"2026-10-05T10:21:14.819Z","step":1,"stepName":"relayout","name":"relayout","caption":"Studio windows placed: {\"StudioHistoryWindow\":\"(x:852.00, y:716.00, width:408.00, height:338.00)\",\"StudioCandidatesWindow\":\"(x:436.00, y:716.00, width:410.00, height:338.00)\",\"StudioTasksWindow\":\"(x:20.00, y:716.00, width:410.00, height:338.00)\",\"StudioContextWindow\":\"(x:1272.00, y:69.00, width:628.00, height:985.00)\",\"StudioViewportWindow\":\"(x:20.00, y:70.00, width:1240.00, height:640.00)\"}"}
[P3.2 workflow] {"gateway":"EtosAgentGateway","connection":"Connected","image":"Live","tts":"Live","voice":"Unknown","describe":"Live","3d":"NotConfigured","companion":"0.1.0","problem":null,"keyframe":"[redacted]","utc":"2026-10-05T10:21:16.15Z","step":2,"stepName":"wait for the gateway","name":"gateway","caption":"Prompt bar provider chips: {\"gateway\":\"EtosAgentGateway\",\"connection\":\"Connected\",\"image\":\"Live\",\"tts\":\"Live\",\"voice\":\"Unknown\",\"describe\":\"Live\",\"3d\":\"NotConfigured\",\"companion\":\"0.1.0\",\"problem\":null}"}
[P3.2 workflow] {"picked":3,"adjusted":[],"selection":"Market Crate, Crate 2, Crate 3","keyframe":"[redacted]","utc":"2026-10-05T10:21:17.833Z","step":3,"stepName":"marquee crates","name":"marquee","caption":"Marquee (full containment) over the crates: 3 picked in 22.7 ms; Ctrl-toggled nothing; selection: Market Crate, Crate 2, Crate 3."}
[P3.2 workflow] {"keyframe":"[redacted]","utc":"2026-10-05T10:21:20.21Z","step":5,"stepName":"send ring","name":"ring-prompt","caption":"Prompt bar: \"Arrange these crates evenly in a ring of radius 3 metres around the Village Well.\" typed with the selection shown in the context panel; Send is enabled."}
[P3.2 workflow] {"utc":"2026-10-05T10:21:20.349Z","step":5,"stepName":"send ring","name":"ring-sent","caption":"Sent \"Arrange these crates evenly in a ring of radius 3 metres around the Village Well.\" as cs_01M45SA3HN1XX3WPFA87BNT8MY (worker design, slice 40430 bytes)."}
[P3.2 workflow] {"utc":"2026-10-05T10:21:21.44Z","step":6,"stepName":"await ring","name":"ring-waiting","caption":"cs_01M45SA3HN1XX3WPFA87BNT8MY: running   after 1 s"}
[P3.2 workflow] {"utc":"2026-10-05T10:21:41.773Z","step":6,"stepName":"await ring","name":"ring-waiting","caption":"cs_01M45SA3HN1XX3WPFA87BNT8MY: running   after 22 s"}
[P3.2 workflow] {"utc":"2026-10-05T10:22:03.097Z","step":6,"stepName":"await ring","name":"ring-waiting","caption":"cs_01M45SA3HN1XX3WPFA87BNT8MY: running   after 43 s"}
[P3.2 workflow] {"utc":"2026-10-05T10:22:28.891Z","step":6,"stepName":"await ring","name":"ring-waiting","caption":"cs_01M45SA3HN1XX3WPFA87BNT8MY: running   after 69 s"}
[P3.2 workflow] {"utc":"2026-10-05T10:22:53.719Z","step":6,"stepName":"await ring","name":"ring-waiting","caption":"cs_01M45SA3HN1XX3WPFA87BNT8MY: running   after 94 s"}
[P3.2 workflow] {"utc":"2026-10-05T10:23:21.978Z","step":6,"stepName":"await ring","name":"ring-waiting","caption":"cs_01M45SA3HN1XX3WPFA87BNT8MY: running   after 122 s"}
[P3.2 workflow] {"utc":"2026-10-05T10:23:47.022Z","step":6,"stepName":"await ring","name":"ring-waiting","caption":"cs_01M45SA3HN1XX3WPFA87BNT8MY: running   after 147 s"}
[P3.2 workflow] {"utc":"2026-10-05T10:24:07.561Z","step":6,"stepName":"await ring","name":"ring-waiting","caption":"cs_01M45SA3HN1XX3WPFA87BNT8MY: running   after 167 s"}
[P3.2 workflow] {"question":"What is the Village Well’s world-space centre (x, y, z) in metres? The supplied scene context gives only the crates’ positions, so I cannot place a 3-metre ring around the well accurately.","answer":"The three selected crates; the ring is centred on the Village Well (position in scene-context.json or the index slice), radius 3 m, evenly spaced, same height as now. Use one move per crate.","tasks":["t3db1a0cc70c5294d3cb6fa6a"],"keyframe":"[redacted]","utc":"2026-10-05T10:24:27.928Z","step":6,"stepName":"await ring","name":"ring-clarification","caption":"The worker (gc-designer) asked after 187 s: \"What is the Village Well’s world-space centre (x, y, z) in metres? The supplied scene context gives only the crates’ positions, so I cannot place a 3-metre ring around the well accurately.\". Answered from the tray: \"The three selected crates; the ring is centred on the Village Well (position in scene-context.json or the index slice), radius 3 m, evenly spaced, same height as now. Use one move per crate.\"."}
[P3.2 workflow] {"utc":"2026-10-05T10:24:27.952Z","step":6,"stepName":"await ring","name":"ring-answered","caption":"Follow-up cs_01M45SFTS5ZYXNSXZJT47AA5ZD (parent cs_01M45SA3HN1XX3WPFA87BNT8MY)."}
[P3.2 workflow] {"utc":"2026-10-05T10:24:30.01Z","step":6,"stepName":"await ring","name":"ring-waiting","caption":"cs_01M45SFTS5ZYXNSXZJT47AA5ZD: submitting   after 190 s"}
[P3.2 workflow] {"utc":"2026-10-05T10:24:51.263Z","step":6,"stepName":"await ring","name":"ring-waiting","caption":"cs_01M45SFTS5ZYXNSXZJT47AA5ZD: running   after 211 s"}
[P3.2 workflow] {"utc":"2026-10-05T10:25:12.985Z","step":6,"stepName":"await ring","name":"ring-waiting","caption":"cs_01M45SFTS5ZYXNSXZJT47AA5ZD: running   after 233 s"}
[P3.2 workflow] {"utc":"2026-10-05T10:25:34.012Z","step":6,"stepName":"await ring","name":"ring-waiting","caption":"cs_01M45SFTS5ZYXNSXZJT47AA5ZD: running   after 254 s"}
[P3.2 workflow] {"utc":"2026-10-05T10:25:55.189Z","step":6,"stepName":"await ring","name":"ring-waiting","caption":"cs_01M45SFTS5ZYXNSXZJT47AA5ZD: running   after 275 s"}
[P3.2 workflow] {"result":"needs_clarification","keyframe":"[redacted]","utc":"2026-10-05T10:26:14.291Z","step":6,"stepName":"await ring","name":"ring-settled","caption":"Request cs_01M45SFTS5ZYXNSXZJT47AA5ZD settled after 294 s: needs_clarification (needs_clarification: \"What are the Village Well’s world-space x and z coordinates in metres? Its position is absent from both scene-context.json and index-slice.json, so I cannot centre the 3-metre ring accurately.\"); tasks t3db1a0cc70c5294d3cb6fa6a,t0f61eea375dbb7064f2567d9."}
[P3.2 workflow] {"utc":"2026-10-05T10:26:15.362Z","step":7,"stepName":"preview ring","name":"ring-skipped","caption":"preview ring skipped: no candidate (needs_clarification)"}
[P3.2 workflow] {"utc":"2026-10-05T10:26:16.459Z","step":8,"stepName":"make one target stale","name":"ring-skipped","caption":"make one target stale skipped: no candidate (needs_clarification)"}
[P3.2 workflow] {"utc":"2026-10-05T10:26:17.487Z","step":9,"stepName":"apply AllOrNothing","name":"ring-skipped","caption":"apply AllOrNothing skipped: no candidate (needs_clarification)"}
[P3.2 workflow] {"utc":"2026-10-05T10:26:18.587Z","step":10,"stepName":"rebase + BestEffort","name":"ring-skipped","caption":"rebase + BestEffort skipped: no candidate (needs_clarification)"}
[P3.2 workflow] {"utc":"2026-10-05T10:26:20.728Z","step":12,"stepName":"undo ring","name":"ring-skipped","caption":"undo ring skipped: no candidate (needs_clarification)"}
[P3.2 workflow] {"utc":"2026-10-05T10:26:23.965Z","step":15,"stepName":"roster undone","name":"done","caption":"finished"}
