[2026-10-06T17:16:33.778Z][INFO] Command-line: ~/Unity/Hub/Editor/6000.0.75f1/Editor/Data/Resources/PackageManager/Server/UnityPackageManager -s 3238706 -ipc -ipc-path /tmp/Unity-Upm-3238706.sock -l 2 --log-file ~/wkspace/gc-studio/p4.2f/artifacts/studio/verification/W-MECH-01/p42f-stage-submit-20261006T171632.907547Z/upm.log
[2026-10-06T17:16:33.788Z][INFO] IPC server started (IPC path=/tmp/Unity-Upm-3238706.sock).
[2026-10-06T17:16:33.788Z][INFO] Hint: To connect to this UPM instance, launch Unity with the command-line parameter -upmIpcPath Upm-3238706.
[2026-10-06T17:16:35.075Z][INFO] project:add-dependency <-- Request received
params: {
  "packageId": "com.unity.toolchain.linux-x86_64"
}
[2026-10-06T17:16:57.227Z][INFO] project:add-dependency --> 200 (22152 ms)
[2026-10-06T17:16:57.514Z][INFO] project:list-packages <-- Request received
params: {}
[2026-10-06T17:16:57.564Z][INFO] project:list-packages <-- Request received
params: {}
[2026-10-06T17:16:57.575Z][INFO] project:list-packages <-- Request received
params: {}
[2026-10-06T17:16:57.586Z][INFO] config:project:get-registries <-- Request received
params: {}
[2026-10-06T17:16:57.610Z][INFO] config:project:get-registries --> 200 (24 ms)
[2026-10-06T17:16:58.539Z][INFO] project:list-packages --> 200 (1025 ms)
[2026-10-06T17:16:58.802Z][INFO] project:list-packages --> 200 (1238 ms)
[2026-10-06T17:17:00.340Z][INFO] project:list-packages <-- Request received
params: {}
[2026-10-06T17:17:00.361Z][INFO] project:list-packages --> 200 (2786 ms)
[2026-10-06T17:17:00.684Z][INFO] project:list-packages --> 200 (344 ms)
[2026-10-06T17:17:03.456Z][INFO] project:list-packages <-- Request received
params: {}
[2026-10-06T17:17:03.466Z][INFO] project:list-packages <-- Request received
params: {}
[2026-10-06T17:17:03.477Z][INFO] config:project:get-registries <-- Request received
params: {}
[2026-10-06T17:17:03.503Z][INFO] config:project:get-registries --> 200 (26 ms)
[2026-10-06T17:17:04.362Z][INFO] project:list-packages --> 200 (906 ms)
[2026-10-06T17:17:04.410Z][INFO] project:list-packages --> 200 (944 ms)
[2026-10-06T17:17:07.231Z][INFO] project:list-packages <-- Request received
params: {}
[2026-10-06T17:17:07.241Z][INFO] project:list-packages <-- Request received
params: {}
[2026-10-06T17:17:07.749Z][INFO] project:list-packages --> 200 (518 ms)
[2026-10-06T17:17:18.560Z][INFO] Received shutdown request (SIGINT), shutting down Unity Package Manager
