[2026-10-07T19:54:13.313Z][INFO] Command-line: ~/Unity/Hub/Editor/6000.0.75f1/Editor/Data/Resources/PackageManager/Server/UnityPackageManager -s 4055100 -ipc -ipc-path /tmp/Unity-Upm-4055100.sock -l 2 --log-file ~/wkspace/gc-studio/p4.2k/artifacts/studio/verification/W-DOC-02/p42k-lever-literal-review-20261007T195412.664105Z/upm.log
[2026-10-07T19:54:13.319Z][INFO] IPC server started (IPC path=/tmp/Unity-Upm-4055100.sock).
[2026-10-07T19:54:13.319Z][INFO] Hint: To connect to this UPM instance, launch Unity with the command-line parameter -upmIpcPath Upm-4055100.
[2026-10-07T19:54:14.197Z][INFO] project:add-dependency <-- Request received
params: {
  "packageId": "com.unity.toolchain.linux-x86_64"
}
[2026-10-07T19:54:32.392Z][INFO] project:add-dependency --> 200 (18194 ms)
[2026-10-07T19:54:32.685Z][INFO] project:list-packages <-- Request received
params: {}
[2026-10-07T19:54:32.756Z][INFO] project:list-packages <-- Request received
params: {}
[2026-10-07T19:54:32.768Z][INFO] project:list-packages <-- Request received
params: {}
[2026-10-07T19:54:32.777Z][INFO] config:project:get-registries <-- Request received
params: {}
[2026-10-07T19:54:32.806Z][INFO] config:project:get-registries --> 200 (29 ms)
[2026-10-07T19:54:33.838Z][INFO] project:list-packages --> 200 (1153 ms)
[2026-10-07T19:54:34.137Z][INFO] project:list-packages --> 200 (1382 ms)
[2026-10-07T19:54:35.257Z][INFO] project:list-packages --> 200 (2489 ms)
[2026-10-07T19:54:35.851Z][INFO] project:list-packages <-- Request received
params: {}
[2026-10-07T19:54:36.246Z][INFO] project:list-packages --> 200 (395 ms)
[2026-10-07T19:54:39.321Z][INFO] project:list-packages <-- Request received
params: {}
[2026-10-07T19:54:39.332Z][INFO] project:list-packages <-- Request received
params: {}
[2026-10-07T19:54:39.342Z][INFO] config:project:get-registries <-- Request received
params: {}
[2026-10-07T19:54:39.373Z][INFO] config:project:get-registries --> 200 (31 ms)
[2026-10-07T19:54:40.433Z][INFO] project:list-packages --> 200 (1112 ms)
[2026-10-07T19:54:40.499Z][INFO] project:list-packages --> 200 (1167 ms)
[2026-10-07T19:54:43.059Z][INFO] project:list-packages <-- Request received
params: {}
[2026-10-07T19:54:43.072Z][INFO] project:list-packages <-- Request received
params: {}
[2026-10-07T19:54:43.810Z][INFO] project:list-packages --> 200 (751 ms)
[2026-10-07T19:54:43.859Z][INFO] project:list-packages --> 200 (787 ms)
[2026-10-07T19:54:46.256Z][INFO] project:list-packages <-- Request received
params: {}
[2026-10-07T19:54:46.641Z][INFO] project:list-packages --> 200 (385 ms)
[2026-10-07T19:54:46.783Z][INFO] project:list-packages <-- Request received
params: {}
[2026-10-07T19:54:46.796Z][INFO] project:list-packages <-- Request received
params: {}
[2026-10-07T19:54:46.805Z][INFO] config:project:get-registries <-- Request received
params: {}
[2026-10-07T19:54:46.810Z][INFO] config:project:get-registries --> 200 (5 ms)
[2026-10-07T19:54:47.151Z][INFO] project:list-packages --> 200 (355 ms)
[2026-10-07T19:54:48.937Z][ERROR] Error: Request [GET https://packages.unity.com/com.unity.collections] failed with status code [503]
[2026-10-07T19:54:59.147Z][INFO] project:resolve-packages <-- Request received
params: {}
[2026-10-07T19:55:04.422Z][INFO] project:list-packages --> 200 (17639 ms)
[2026-10-07T19:55:05.258Z][WARN] Requested version [3.1.3] for package [com.unity.serialization] overridden by minimum version [3.1.5].
[2026-10-07T19:55:05.258Z][WARN] Requested version [1.23.1] for package [com.unity.scriptablebuildpipeline] overridden by minimum version [2.6.1].
[2026-10-07T19:55:05.258Z][WARN] Requested version [3.0.3] for package [com.unity.test-framework.performance] overridden by minimum version [3.4.0].
[2026-10-07T19:55:05.274Z][INFO] project:resolve-packages --> 200 (6126 ms)
[2026-10-07T19:55:05.357Z][INFO] config:project:get-registries <-- Request received
params: {}
[2026-10-07T19:55:05.365Z][INFO] config:project:get-registries --> 200 (8 ms)
[2026-10-07T19:55:05.367Z][INFO] project:list-packages <-- Request received
params: {}
[2026-10-07T19:55:05.727Z][INFO] project:list-packages --> 200 (360 ms)
[2026-10-07T19:55:13.896Z][INFO] project:list-packages <-- Request received
params: {}
[2026-10-07T19:55:14.206Z][INFO] project:list-packages --> 200 (310 ms)
[2026-10-07T19:55:14.341Z][INFO] project:list-packages <-- Request received
params: {}
[2026-10-07T19:55:14.352Z][INFO] project:list-packages <-- Request received
params: {}
[2026-10-07T19:55:14.365Z][INFO] config:project:get-registries <-- Request received
params: {}
[2026-10-07T19:55:14.380Z][INFO] config:project:get-registries --> 200 (15 ms)
[2026-10-07T19:55:14.991Z][INFO] project:list-packages --> 200 (639 ms)
[2026-10-07T19:55:16.086Z][INFO] project:list-packages --> 200 (1745 ms)
[2026-10-07T19:55:20.418Z][INFO] project:list-packages <-- Request received
params: {}
[2026-10-07T19:55:20.764Z][INFO] project:list-packages --> 200 (346 ms)
[2026-10-07T19:55:20.925Z][INFO] config:project:get-registries <-- Request received
params: {}
[2026-10-07T19:55:20.928Z][INFO] config:project:get-registries --> 200 (2 ms)
[2026-10-07T19:55:35.732Z][INFO] project:resolve-packages <-- Request received
params: {}
[2026-10-07T19:55:54.586Z][WARN] Requested version [3.1.3] for package [com.unity.serialization] overridden by minimum version [3.1.5].
[2026-10-07T19:55:54.586Z][WARN] Requested version [1.23.1] for package [com.unity.scriptablebuildpipeline] overridden by minimum version [2.6.1].
[2026-10-07T19:55:54.586Z][WARN] Requested version [3.0.3] for package [com.unity.test-framework.performance] overridden by minimum version [3.4.0].
[2026-10-07T19:55:54.600Z][INFO] project:resolve-packages --> 200 (18868 ms)
[2026-10-07T19:55:54.679Z][INFO] config:project:get-registries <-- Request received
params: {}
[2026-10-07T19:55:54.686Z][INFO] config:project:get-registries --> 200 (7 ms)
[2026-10-07T19:55:54.690Z][INFO] project:list-packages <-- Request received
params: {}
[2026-10-07T19:55:55.083Z][INFO] project:list-packages --> 200 (393 ms)
[2026-10-07T19:56:01.056Z][INFO] project:list-packages <-- Request received
params: {}
[2026-10-07T19:56:01.426Z][INFO] project:list-packages --> 200 (370 ms)
[2026-10-07T19:56:01.573Z][INFO] project:list-packages <-- Request received
params: {}
[2026-10-07T19:56:01.583Z][INFO] config:project:get-registries <-- Request received
params: {}
[2026-10-07T19:56:01.602Z][INFO] config:project:get-registries --> 200 (19 ms)
[2026-10-07T19:56:01.917Z][INFO] project:list-packages --> 200 (344 ms)
[2026-10-07T19:56:08.865Z][INFO] Received shutdown request (SIGINT), shutting down Unity Package Manager
