[2026-10-07T06:18:13.670Z][INFO] Command-line: ~/Unity/Hub/Editor/6000.0.75f1/Editor/Data/Resources/PackageManager/Server/UnityPackageManager -s 1562935 -ipc -ipc-path /tmp/Unity-Upm-1562935.sock -l 2 --log-file ~/wkspace/gc-studio/p4.2i/artifacts/studio/verification/W-DOC-02/p42i-lever-review-20261007T061812.947804Z/upm.log
[2026-10-07T06:18:13.678Z][INFO] IPC server started (IPC path=/tmp/Unity-Upm-1562935.sock).
[2026-10-07T06:18:13.678Z][INFO] Hint: To connect to this UPM instance, launch Unity with the command-line parameter -upmIpcPath Upm-1562935.
[2026-10-07T06:18:14.586Z][INFO] project:add-dependency <-- Request received
params: {
  "packageId": "com.unity.toolchain.linux-x86_64"
}
[2026-10-07T06:18:52.276Z][INFO] project:add-dependency --> 200 (37690 ms)
[2026-10-07T06:18:52.645Z][INFO] project:list-packages <-- Request received
params: {}
[2026-10-07T06:18:52.747Z][INFO] project:list-packages <-- Request received
params: {}
[2026-10-07T06:18:52.757Z][INFO] project:list-packages <-- Request received
params: {}
[2026-10-07T06:18:52.775Z][INFO] config:project:get-registries <-- Request received
params: {}
[2026-10-07T06:18:52.807Z][INFO] config:project:get-registries --> 200 (32 ms)
[2026-10-07T06:18:53.897Z][INFO] project:list-packages --> 200 (1252 ms)
[2026-10-07T06:18:54.104Z][INFO] project:list-packages --> 200 (1357 ms)
[2026-10-07T06:18:56.815Z][INFO] project:list-packages <-- Request received
params: {}
[2026-10-07T06:18:57.292Z][INFO] project:list-packages --> 200 (477 ms)
[2026-10-07T06:19:00.783Z][INFO] project:list-packages <-- Request received
params: {}
[2026-10-07T06:19:00.794Z][INFO] project:list-packages <-- Request received
params: {}
[2026-10-07T06:19:00.804Z][INFO] config:project:get-registries <-- Request received
params: {}
[2026-10-07T06:19:00.840Z][INFO] config:project:get-registries --> 200 (36 ms)
[2026-10-07T06:19:01.628Z][INFO] project:list-packages --> 200 (834 ms)
[2026-10-07T06:19:05.805Z][INFO] project:list-packages <-- Request received
params: {}
[2026-10-07T06:19:05.817Z][INFO] project:list-packages <-- Request received
params: {}
[2026-10-07T06:19:06.248Z][INFO] project:list-packages --> 200 (443 ms)
[2026-10-07T06:19:10.350Z][INFO] project:list-packages <-- Request received
params: {}
[2026-10-07T06:19:10.697Z][INFO] project:list-packages --> 200 (347 ms)
[2026-10-07T06:19:10.866Z][INFO] project:list-packages <-- Request received
params: {}
[2026-10-07T06:19:10.876Z][INFO] project:list-packages <-- Request received
params: {}
[2026-10-07T06:19:10.887Z][INFO] config:project:get-registries <-- Request received
params: {}
[2026-10-07T06:19:10.901Z][INFO] config:project:get-registries --> 200 (14 ms)
[2026-10-07T06:19:11.395Z][INFO] project:list-packages --> 200 (519 ms)
[2026-10-07T06:19:15.072Z][INFO] project:list-packages --> 200 (9255 ms)
[2026-10-07T06:19:15.076Z][INFO] project:list-packages --> 200 (22319 ms)
[2026-10-07T06:19:15.076Z][INFO] project:list-packages --> 200 (4210 ms)
[2026-10-07T06:19:15.076Z][INFO] project:list-packages --> 200 (14293 ms)
[2026-10-07T06:19:19.225Z][INFO] Received shutdown request (SIGINT), shutting down Unity Package Manager
