[autoplay] script with 280 commands, quitAfterFrames=0 frame=1
[autoplay] 9 waituntil ready timeout 120 frame=4
[autoplay] 9 reached 'ready' after 0.00 s (Running)
[autoplay] 10 mark menu frame=4
[autoplay] 11 wait 12 frame=4
[autoplay] 12 ui newgame frame=6385
[autoplay] 13 waituntil ready timeout 120 frame=6385
[autoplay] 13 reached 'ready' after 0.00 s (Running)
[autoplay] 14 mark new-game frame=6385
[autoplay] 15 wait 4 frame=6385
[autoplay] 18 log a look around the square frame=8174
[autoplay] a look around the square
[autoplay] 19 face 30 frame=8174
[autoplay] 20 wait 5 frame=8174
[autoplay] 21 face -40 frame=10382
[autoplay] 22 wait 5 frame=10382
[autoplay] 23 face 160 frame=12534
[autoplay] 24 wait 5 frame=12534
[autoplay] 25 face 0 frame=14791
[autoplay] 26 wait 4 frame=14791
[autoplay] 27 walk -2 -6 frame=16562
[autoplay] 27 arrived at (-1.68, -6.95) after 2.15 s
[autoplay] 28 mark maren frame=17467
[autoplay] 29 approach Maren within 1.8 timeout 40 frame=17467
[autoplay] 29 reached Maren at (-6.76, -8.11), 1.78 m, facing -135.52 after 2.65 s
[autoplay] 30 waituntil prompt Maren timeout 15 frame=18666
[autoplay] 30 reached 'prompt Maren' after 0.00 s (prompt Talk to Maren)
[autoplay] 31 interact frame=18666
[autoplay] 32 waituntil dialogue active timeout 10 frame=18666
[autoplay] 32 reached 'dialogue active' after 0.01 s (dialogue active)
[autoplay] 33 wait 4 frame=18668
[autoplay] 34 advance frame=20581
[autoplay] 35 wait 5 frame=20581
[autoplay] 36 advance frame=23078
[autoplay] 37 wait 3 frame=23078
[autoplay] 38 choose 1 frame=24534
[autoplay] 39 wait 6 frame=24534
[autoplay] 40 advance frame=27519
[autoplay] 41 waituntil dialogue none timeout 10 frame=27519
[autoplay] 41 reached 'dialogue none' after 0.00 s (dialogue none)
[autoplay] 42 waituntil fact heard_rumour >= 1 timeout 10 frame=27520
[autoplay] 42 reached 'fact heard_rumour >= 1' after 0.00 s (fact heard_rumour=1)
[autoplay] 43 wait 2 frame=27520
[autoplay] 45 mark coins frame=28620
[autoplay] 46 approach "Coins (square)" within 1.4 timeout 30 frame=28620
[autoplay] 46 reached Coins (square) at (2.75, -3.62), 1.39 m, facing 63.73 after 4.23 s
[autoplay] 47 waituntil prompt coins timeout 10 frame=30484
[autoplay] 47 reached 'prompt coins' after 0.00 s (prompt Pick up the coins)
[autoplay] 48 interact frame=30484
[autoplay] 49 waituntil item OldCoin >= 5 timeout 10 frame=30484
[autoplay] 49 reached 'item OldCoin >= 5' after 0.01 s (item OldCoin=5)
[autoplay] 50 wait 2 frame=30488
[autoplay] 52 log Pip knows the shrine order frame=31383
[autoplay] Pip knows the shrine order
[autoplay] 53 mark pip frame=31383
[autoplay] 54 approach Pip within 1.8 timeout 60 frame=31383
[autoplay] 54 reached Pip at (5.00, 1.50), 1.79 m, facing 8.74 after 2.25 s
[autoplay] 55 waituntil prompt Pip timeout 15 frame=32418
[autoplay] 55 reached 'prompt Pip' after 0.00 s (prompt Talk to Pip)
[autoplay] 56 interact frame=32418
[autoplay] 57 waituntil dialogue active timeout 10 frame=32418
[autoplay] 57 reached 'dialogue active' after 0.00 s (dialogue active)
[autoplay] 58 wait 5 frame=32420
[autoplay] 59 advance frame=34924
[autoplay] 60 wait 3 frame=34924
[autoplay] 61 choose 1 frame=36375
[autoplay] 62 wait 7 frame=36375
[autoplay] 63 advance frame=39829
[autoplay] 64 waituntil dialogue none timeout 10 frame=39829
[autoplay] 64 reached 'dialogue none' after 0.00 s (dialogue none)
[autoplay] 65 wait 4 frame=39830
[autoplay] 67 mark bram frame=41583
[autoplay] 68 walk 6 -8 frame=41583
[autoplay] 68 arrived at (5.90, -7.01) after 3.42 s
[autoplay] 69 approach Bram within 1.8 timeout 40 frame=43079
[autoplay] 69 reached Bram at (9.84, -11.64), 1.79 m, facing 139.53 after 2.43 s
[autoplay] 70 waituntil prompt Bram timeout 15 frame=44003
[autoplay] 70 reached 'prompt Bram' after 0.00 s (prompt Talk to Bram)
[autoplay] 71 interact frame=44003
[autoplay] 72 waituntil dialogue active timeout 10 frame=44003
[autoplay] 72 reached 'dialogue active' after 0.01 s (dialogue active)
[autoplay] 73 wait 3 frame=44005
[autoplay] 74 advance frame=45289
[autoplay] 75 wait 2 frame=45289
[autoplay] 76 choose 0 frame=46190
[autoplay] 77 wait 3 frame=46190
[autoplay] 78 advance frame=47670
[autoplay] 79 waituntil dialogue none timeout 10 frame=47670
[autoplay] 79 reached 'dialogue none' after 0.00 s (dialogue none)
[autoplay] 80 waituntil item Lantern >= 1 timeout 10 frame=47671
[autoplay] 80 reached 'item Lantern >= 1' after 0.00 s (item Lantern=1)
[autoplay] 81 wait 2 frame=47671
[autoplay] 82 interact frame=48544
[autoplay] 83 waituntil dialogue active timeout 10 frame=48544
[autoplay] 83 reached 'dialogue active' after 0.01 s (dialogue active)
[autoplay] 84 wait 2 frame=48546
[autoplay] 85 advance frame=49471
[autoplay] 86 wait 2 frame=49471
[autoplay] 87 choose 2 frame=50401
[autoplay] 88 wait 3 frame=50401
[autoplay] 89 advance frame=51898
[autoplay] 90 waituntil dialogue none timeout 10 frame=51898
[autoplay] 90 reached 'dialogue none' after 0.00 s (dialogue none)
[autoplay] 91 wait 2 frame=51899
[autoplay] 93 log the healer's garden and the barn on the way out frame=52812
[autoplay] the healer's garden and the barn on the way out
[autoplay] 94 walk 4 -6 frame=52812
[autoplay] 94 arrived at (4.72, -6.69) after 2.86 s
[autoplay] 95 walk 2 6 frame=54016
[autoplay] 95 arrived at (2.29, 5.04) after 5.14 s
[autoplay] 96 walk -6 12 frame=56185
[autoplay] 96 sidestep right at (0.79, 6.30); ahead: Traveller/Body at 0.00 m; Stone 1/Body at 0.00 m
[autoplay] 96 arrived at (-5.12, 11.53) after 6.35 s
[autoplay] 97 face 0 frame=59039
[autoplay] 98 wait 10 frame=59039
[autoplay] 99 face -90 frame=64117
[autoplay] 100 wait 6 frame=64117
[autoplay] 101 walk 2 4 frame=67331
[autoplay] 101 arrived at (1.23, 4.63) after 3.92 s
[autoplay] 102 wait 4 frame=69140
[autoplay] 103 walk 12 1 frame=71286
[autoplay] 103 sidestep right at (4.51, 3.52); ahead: Pip/Body at 0.03 m; Traveller/Body at 0.00 m
[autoplay] 103 arrived at (11.00, 1.08) after 6.66 s
[autoplay] 104 walk 22 0 frame=74267
[autoplay] 104 arrived at (21.01, 0.10) after 4.03 s
[autoplay] 105 face 90 frame=76198
[autoplay] 106 wait 4 frame=76198
[autoplay] 107 log the road east: a last look back at the village frame=78163
[autoplay] the road east: a last look back at the village
[autoplay] 108 face -90 frame=78163
[autoplay] 109 wait 8 frame=78163
[autoplay] 110 face 90 frame=82013
[autoplay] 111 wait 4 frame=82013
[autoplay] 112 mark gate frame=83847
[autoplay] 113 walk 30 0 frame=83847
[autoplay] 113 arrived at (29.01, 0.08) after 3.21 s
[autoplay] 114 walk 166.5 0 timeout 40 frame=85247
[autoplay] 114 crossed a portal to (167.50, 0.00) after 2.06 s
[autoplay] 115 waituntil region Blackmere timeout 30 frame=86080
[autoplay] 115 reached 'region Blackmere' after 0.00 s (region Blackmere Marsh)
[autoplay] 118 mark marsh frame=86080
[autoplay] 119 wait 6 frame=86080
[autoplay] 120 face 45 frame=88840
[autoplay] 121 wait 6 frame=88840
[autoplay] 122 face -60 frame=91741
[autoplay] 123 wait 6 frame=91741
[autoplay] 124 face 90 frame=94785
[autoplay] 125 wait 3 frame=94785
[autoplay] 126 approach Hale within 1.8 timeout 30 frame=96145
[autoplay] 126 reached Hale at (167.50, 2.70), 1.80 m, facing 0.00 after 1.08 s
[autoplay] 127 waituntil prompt Hale timeout 15 frame=96595
[autoplay] 127 reached 'prompt Hale' after 0.00 s (prompt Talk to Hale)
[autoplay] 128 interact frame=96595
[autoplay] 129 waituntil dialogue active timeout 10 frame=96595
[autoplay] 129 reached 'dialogue active' after 0.00 s (dialogue active)
[autoplay] 130 wait 4 frame=96597
[autoplay] 131 advance frame=98403
[autoplay] 132 waituntil dialogue none timeout 10 frame=98403
[autoplay] 132 reached 'dialogue none' after 0.00 s (dialogue none)
[autoplay] 133 waituntil fact gate_open >= 1 timeout 10 frame=98404
[autoplay] 133 reached 'fact gate_open >= 1' after 0.00 s (fact gate_open=1)
[autoplay] 134 wait 4 frame=98404
[autoplay] 135 face 0 frame=100233
[autoplay] 136 wait 6 frame=100233
[autoplay] 137 face 90 frame=102943
[autoplay] 138 wait 3 frame=102943
[autoplay] 139 approach "Causeway Gate" within 1.6 timeout 20 frame=104368
[autoplay] 139 reached Causeway Gate at (167.99, 2.52), 1.60 m, facing 108.90 after 0.21 s
[autoplay] 140 waituntil prompt gate timeout 10 frame=104457
[autoplay] 140 reached 'prompt gate' after 0.00 s (prompt The gate is barred)
[autoplay] 141 interact frame=104457
[autoplay] 142 wait 3 frame=104457
[autoplay] 143 walk 172 2 frame=105817
[autoplay] 143 arrived at (171.01, 2.10) after 1.21 s
[autoplay] 144 walk 180 2 frame=106344
[autoplay] 144 arrived at (179.00, 2.08) after 3.21 s
[autoplay] 145 mark shrine frame=107856
[autoplay] 146 walk 192 -1 frame=107856
[autoplay] 146 arrived at (191.05, -0.71) after 4.98 s
[autoplay] 147 approach "Shrine Lantern West" within 1.6 timeout 30 frame=110068
[autoplay] 147 reached Shrine Lantern West at (197.63, 3.17), 1.60 m, facing 58.72 after 3.06 s
[autoplay] 148 waituntil prompt west timeout 10 frame=111411
[autoplay] 148 reached 'prompt west' after 0.00 s (prompt Light the west shrine lantern)
[autoplay] 149 interact frame=111411
[autoplay] 150 waituntil fact shrine_post_1 >= 1 timeout 10 frame=111411
[autoplay] 150 reached 'fact shrine_post_1 >= 1' after 0.01 s (fact shrine_post_1=1)
[autoplay] 151 wait 3 frame=111415
[autoplay] 152 approach "Shrine Lantern Middle" within 1.6 timeout 30 frame=112995
[autoplay] 152 reached Shrine Lantern Middle at (204.41, 2.16), 1.59 m, facing 95.72 after 2.73 s
[autoplay] 153 waituntil prompt middle timeout 10 frame=114183
[autoplay] 153 reached 'prompt middle' after 0.00 s (prompt Light the middle shrine lantern)
[autoplay] 154 interact frame=114183
[autoplay] 155 waituntil fact shrine_post_2 >= 1 timeout 10 frame=114183
[autoplay] 155 reached 'fact shrine_post_2 >= 1' after 0.01 s (fact shrine_post_2=1)
[autoplay] 156 wait 3 frame=114187
[autoplay] 157 approach "Shrine Lantern East" within 1.6 timeout 30 frame=115649
[autoplay] 157 reached Shrine Lantern East at (211.41, 3.80), 1.60 m, facing 82.82 after 2.90 s
[autoplay] 158 waituntil prompt east timeout 10 frame=117072
[autoplay] 158 reached 'prompt east' after 0.00 s (prompt Light the east shrine lantern)
[autoplay] 159 interact frame=117072
[autoplay] 160 waituntil fact shrine_lit >= 1 timeout 10 frame=117072
[autoplay] 160 reached 'fact shrine_lit >= 1' after 0.02 s (fact shrine_lit=1)
[autoplay] 161 mark shrine-lit frame=117078
[autoplay] 162 wait 12 frame=117078
[autoplay] 163 face 180 frame=123119
[autoplay] 164 wait 8 frame=123119
[autoplay] 165 face 0 frame=127014
[autoplay] 166 wait 6 frame=127014
[autoplay] 168 mark clapper frame=129984
[autoplay] 169 walk 213 -2 frame=129984
[autoplay] 169 arrived at (212.71, -1.05) after 2.02 s
[autoplay] 170 walk 200 -3 frame=130888
[autoplay] 170 arrived at (200.99, -2.90) after 4.73 s
[autoplay] 171 approach "Bell Clapper" within 1.4 timeout 40 frame=133139
[autoplay] 171 reached Bell Clapper at (194.72, 7.80), 1.40 m, facing -30.87 after 4.97 s
[autoplay] 172 waituntil prompt clapper timeout 10 frame=135295
[autoplay] 172 reached 'prompt clapper' after 0.00 s (prompt Lift the bell clapper)
[autoplay] 173 interact frame=135295
[autoplay] 174 waituntil item BellClapper >= 1 timeout 10 frame=135295
[autoplay] 174 reached 'item BellClapper >= 1' after 0.01 s (item BellClapper=1)
[autoplay] 175 wait 2 frame=135299
[autoplay] 176 ui open.pause frame=136192
[autoplay] 177 waituntil screen Pause timeout 10 frame=136192
[autoplay] 177 reached 'screen Pause' after 0.00 s (screen Pause)
[autoplay] 178 wait 1 frame=136193
[autoplay] 179 ui open.save frame=136659
[autoplay] 180 waituntil screen Save timeout 10 frame=136659
[autoplay] 180 reached 'screen Save' after 0.00 s (screen Save)
[autoplay] 181 wait 1 frame=136660
[autoplay] 182 ui save.1 frame=137095
[autoplay] 183 waituntil slot slot-1 timeout 20 frame=137095
[autoplay] 183 reached 'slot slot-1' after 0.02 s (slot slot-1 exists)
[autoplay] 184 mark saved frame=137100
[autoplay] 185 wait 4 frame=137100
[autoplay] 186 ui close frame=138708
[autoplay] 187 wait 1 frame=138708
[autoplay] 188 ui resume frame=139113
[autoplay] 189 waituntil screen Hud timeout 10 frame=139113
[autoplay] 189 reached 'screen Hud' after 0.00 s (screen Hud)
[autoplay] 190 wait 2 frame=139114
[autoplay] 192 log the satchel in the reeds frame=139890
[autoplay] the satchel in the reeds
[autoplay] 193 walk 190 -6 frame=139890
[autoplay] 193 arrived at (190.31, -5.05) after 5.42 s
[autoplay] 194 approach "Drowned Satchel" within 1.4 timeout 30 frame=141882
[autoplay] 194 reached Drowned Satchel at (186.53, -14.71), 1.40 m, facing -157.65 after 4.16 s
[autoplay] 195 waituntil prompt satchel timeout 10 frame=143409
[autoplay] 195 reached 'prompt satchel' after 0.00 s (prompt Search the drowned satchel)
[autoplay] 196 interact frame=143409
[autoplay] 197 wait 4 frame=143409
[autoplay] 199 mark odd frame=145095
[autoplay] 200 walk 192 0 frame=145095
[autoplay] 200 arrived at (191.67, -0.94) after 5.86 s
[autoplay] 201 walk 200 16 frame=147347
[autoplay] 201 arrived at (199.56, 15.11) after 7.17 s
[autoplay] 202 walk 212 19.5 frame=150091
[autoplay] 202 arrived at (211.05, 19.20) after 4.87 s
[autoplay] 203 approach Odd within 1.8 timeout 40 frame=151932
[autoplay] 203 reached Odd at (219.21, 19.84), 1.80 m, facing 84.79 after 3.27 s
[autoplay] 204 waituntil prompt Odd timeout 15 frame=153230
[autoplay] 204 reached 'prompt Odd' after 0.00 s (prompt Talk to Odd)
[autoplay] 205 interact frame=153230
[autoplay] 206 waituntil dialogue active timeout 10 frame=153230
[autoplay] 206 reached 'dialogue active' after 0.00 s (dialogue active)
[autoplay] 207 wait 5 frame=153232
[autoplay] 208 advance frame=155314
[autoplay] 209 wait 3 frame=155314
[autoplay] 210 choose 0 frame=156710
[autoplay] 211 waituntil region Belfry timeout 30 frame=156710
[autoplay] 211 reached 'region Belfry' after 0.00 s (region Drowned Belfry)
[autoplay] 212 wait 4 frame=156712
[autoplay] 215 mark belfry frame=158721
[autoplay] 216 wait 8 frame=158721
[autoplay] 217 face 90 frame=162856
[autoplay] 218 wait 6 frame=162856
[autoplay] 219 face -90 frame=166025
[autoplay] 220 wait 6 frame=166025
[autoplay] 221 face 0 frame=169068
[autoplay] 222 wait 4 frame=169068
[autoplay] 223 approach "Belfry Echo" within 1.8 timeout 30 frame=171138
[autoplay] 223 reached Belfry Echo at (101.06, 189.55), 1.80 m, facing -35.98 after 9.24 s
[autoplay] 224 waituntil prompt Echo timeout 15 frame=175715
[autoplay] 224 reached 'prompt Echo' after 0.00 s (prompt Talk to Belfry Echo)
[autoplay] 225 interact frame=175715
[autoplay] 226 waituntil dialogue active timeout 10 frame=175715
[autoplay] 226 reached 'dialogue active' after 0.00 s (dialogue active)
[autoplay] 227 wait 5 frame=175717
[autoplay] 228 advance frame=178410
[autoplay] 229 wait 4 frame=178410
[autoplay] 230 choose 0 frame=180531
[autoplay] 231 wait 5 frame=180531
[autoplay] 232 advance frame=183341
[autoplay] 233 waituntil dialogue none timeout 10 frame=183341
[autoplay] 233 reached 'dialogue none' after 0.00 s (dialogue none)
[autoplay] 234 approach "Drowned Bell" within 1.8 timeout 30 frame=183342
[autoplay] 234 reached Drowned Bell at (100.19, 196.22), 1.79 m, facing -5.92 after 2.69 s
[autoplay] 235 waituntil prompt bell timeout 15 frame=184655
[autoplay] 235 reached 'prompt bell' after 0.00 s (prompt Ring the bell)
[autoplay] 236 mark ring frame=184655
[autoplay] 237 interact frame=184655
[autoplay] 238 waituntil fact bell_rung >= 1 timeout 10 frame=184655
[autoplay] 238 reached 'fact bell_rung >= 1' after 0.01 s (fact bell_rung=1)
[autoplay] 239 waituntil ending timeout 30 frame=184659
[autoplay] 239 reached 'ending' after 3.02 s (ending True Ending C: The Freed Echo)
[autoplay] 240 mark ending frame=186212
[autoplay] 241 wait 24 frame=186212
[autoplay] 244 ui restart frame=198843
[autoplay] 245 waituntil ready timeout 120 frame=198843
[autoplay] 245 reached 'ready' after 0.00 s (Running)
[autoplay] 246 mark restarted frame=198843
[autoplay] 247 wait 6 frame=198843
[autoplay] 248 log a last look at the square before loading frame=201573
[autoplay] a last look at the square before loading
[autoplay] 249 face 160 frame=201573
[autoplay] 250 wait 5 frame=201573
[autoplay] 251 face 0 frame=203995
[autoplay] 252 wait 4 frame=203995
[autoplay] 253 ui open.pause frame=205748
[autoplay] 254 waituntil screen Pause timeout 10 frame=205748
[autoplay] 254 reached 'screen Pause' after 0.00 s (screen Pause)
[autoplay] 255 wait 1 frame=205749
[autoplay] 256 ui open.load frame=206197
[autoplay] 257 waituntil screen Load timeout 10 frame=206197
[autoplay] 257 reached 'screen Load' after 0.00 s (screen Load)
[autoplay] 258 wait 1 frame=206198
[autoplay] 259 ui load.1 frame=206707
[autoplay] 260 waituntil restored timeout 60 frame=206707
[autoplay] 260 reached 'restored' after 0.11 s (restores 1)
[autoplay] 261 mark loaded frame=206709
[autoplay] 262 wait 6 frame=206709
[autoplay] 263 log a walk on the causeway at dusk frame=209218
[autoplay] a walk on the causeway at dusk
[autoplay] 264 walk 196 0 frame=209218
[autoplay] 264 arrived at (195.84, 0.98) after 2.77 s
[autoplay] 265 face 90 frame=210263
[autoplay] 266 wait 8 frame=210263
[autoplay] 267 walk 192 -1 frame=213734
[autoplay] 267 arrived at (192.88, -0.53) after 1.33 s
[autoplay] 268 wait 5 frame=214264
[autoplay] 269 walk 180 2 frame=216554
[autoplay] 269 arrived at (180.97, 1.77) after 4.87 s
[autoplay] 270 face -90 frame=218475
[autoplay] 271 wait 8 frame=218475
[autoplay] 272 walk 172 2 frame=221907
[autoplay] 272 arrived at (173.00, 1.92) after 3.20 s
[autoplay] 273 wait 5 frame=223104
[autoplay] 274 walk 180 2 frame=225249
[autoplay] 274 arrived at (179.01, 1.93) after 2.40 s
[autoplay] 275 walk 192 -1 frame=226178
[autoplay] 275 arrived at (191.04, -0.73) after 4.95 s
[autoplay] 276 face 0 frame=228213
[autoplay] 277 wait 10 frame=228213
[autoplay] 278 walk 200 16 frame=232362
[autoplay] 278 arrived at (199.53, 15.12) after 7.17 s
[autoplay] 279 wait 6 frame=235055
[autoplay] 280 face 90 frame=237646
[autoplay] 281 wait 10 frame=237646
[autoplay] 282 log back along the causeway to the shrine and the gate frame=241918
[autoplay] back along the causeway to the shrine and the gate
[autoplay] 283 walk 192 0 frame=241918
[autoplay] 283 arrived at (192.46, 0.89) after 6.39 s
[autoplay] 284 wait 4 frame=244521
[autoplay] 285 walk 192 -1 frame=246154
[autoplay] 285 arrived at (192.24, -0.04) after 0.38 s
[autoplay] 286 face 180 frame=246294
[autoplay] 287 wait 10 frame=246294
[autoplay] 288 walk 180 2 frame=250299
[autoplay] 288 arrived at (180.98, 1.83) after 4.57 s
[autoplay] 289 wait 6 frame=251975
[autoplay] 290 walk 172 2 frame=254565
[autoplay] 290 arrived at (173.00, 1.91) after 3.20 s
[autoplay] 291 face 0 frame=255803
[autoplay] 292 wait 10 frame=255803
[autoplay] 293 face 180 frame=259895
[autoplay] 294 wait 8 frame=259895
[autoplay] 295 walk 180 2 frame=263185
[autoplay] 295 arrived at (179.00, 1.93) after 2.40 s
[autoplay] 296 walk 192 -1 frame=263997
[autoplay] 296 arrived at (191.03, -0.76) after 4.94 s
[autoplay] 297 face 90 frame=265839
[autoplay] 298 wait 12 frame=265839
[autoplay] 299 walk 196 0 frame=270671
[autoplay] 299 arrived at (195.01, -0.13) after 1.62 s
[autoplay] 300 face 0 frame=271275
[autoplay] 301 wait 15 frame=271275
[autoplay] 302 mark done frame=277601
[autoplay] 303 quit 0 frame=277601
[autoplay] quit 0 at frame 277601
