[2026-10-07T04:57:50.108Z][INFO] Command-line: ~/Unity/Hub/Editor/6000.0.75f1/Editor/Data/Resources/PackageManager/Server/UnityPackageManager -s 1302417 -ipc -ipc-path /tmp/Unity-Upm-1302417.sock -l 2 --log-file ~/wkspace/gc-studio/p4.2i/artifacts/studio/verification/W-PERSIST-02/p42i-prefab-reopen-20261007T045749.369001Z/upm.log
[2026-10-07T04:57:50.116Z][INFO] IPC server started (IPC path=/tmp/Unity-Upm-1302417.sock).
[2026-10-07T04:57:50.116Z][INFO] Hint: To connect to this UPM instance, launch Unity with the command-line parameter -upmIpcPath Upm-1302417.
[2026-10-07T04:57:50.931Z][INFO] project:add-dependency <-- Request received
params: {
  "packageId": "com.unity.toolchain.linux-x86_64"
}
[2026-10-07T04:58:16.211Z][INFO] project:add-dependency --> 200 (25280 ms)
[2026-10-07T04:58:16.576Z][INFO] project:list-packages <-- Request received
params: {}
[2026-10-07T04:58:16.657Z][INFO] project:list-packages <-- Request received
params: {}
[2026-10-07T04:58:16.668Z][INFO] project:list-packages <-- Request received
params: {}
[2026-10-07T04:58:16.680Z][INFO] config:project:get-registries <-- Request received
params: {}
[2026-10-07T04:58:16.712Z][INFO] config:project:get-registries --> 200 (32 ms)
[2026-10-07T04:58:18.012Z][INFO] project:list-packages --> 200 (1437 ms)
[2026-10-07T04:58:18.383Z][INFO] project:list-packages --> 200 (1726 ms)
[2026-10-07T04:58:20.256Z][INFO] project:list-packages --> 200 (3589 ms)
[2026-10-07T04:58:20.715Z][INFO] project:list-packages <-- Request received
params: {}
[2026-10-07T04:58:21.229Z][INFO] project:list-packages --> 200 (514 ms)
[2026-10-07T04:58:24.776Z][INFO] project:list-packages <-- Request received
params: {}
[2026-10-07T04:58:24.786Z][INFO] project:list-packages <-- Request received
params: {}
[2026-10-07T04:58:24.799Z][INFO] config:project:get-registries <-- Request received
params: {}
[2026-10-07T04:58:24.819Z][INFO] config:project:get-registries --> 200 (20 ms)
[2026-10-07T04:58:25.400Z][INFO] project:list-packages --> 200 (614 ms)
[2026-10-07T04:58:27.455Z][INFO] project:list-packages <-- Request received
params: {}
[2026-10-07T04:58:27.466Z][INFO] project:list-packages <-- Request received
params: {}
[2026-10-07T04:58:28.281Z][INFO] project:list-packages --> 200 (826 ms)
[2026-10-07T04:58:31.712Z][INFO] project:list-packages <-- Request received
params: {}
[2026-10-07T04:58:32.070Z][INFO] project:list-packages --> 200 (358 ms)
[2026-10-07T04:58:32.248Z][INFO] project:list-packages <-- Request received
params: {}
[2026-10-07T04:58:32.260Z][INFO] project:list-packages <-- Request received
params: {}
[2026-10-07T04:58:32.272Z][INFO] config:project:get-registries <-- Request received
params: {}
[2026-10-07T04:58:32.286Z][INFO] config:project:get-registries --> 200 (14 ms)
[2026-10-07T04:58:32.711Z][INFO] project:list-packages --> 200 (451 ms)
[2026-10-07T04:58:42.922Z][INFO] Received shutdown request (SIGINT), shutting down Unity Package Manager
