[2026-10-07T12:41:37.540Z][INFO] Command-line: ~/Unity/Hub/Editor/6000.0.75f1/Editor/Data/Resources/PackageManager/Server/UnityPackageManager -s 2694837 -ipc -ipc-path /tmp/Unity-Upm-2694837.sock -l 2 --log-file ~/wkspace/gc-studio/p4.2j/artifacts/studio/verification/W-AI-01/p42j-robe-20261007T124136.895164Z/upm.log
[2026-10-07T12:41:37.547Z][INFO] IPC server started (IPC path=/tmp/Unity-Upm-2694837.sock).
[2026-10-07T12:41:37.547Z][INFO] Hint: To connect to this UPM instance, launch Unity with the command-line parameter -upmIpcPath Upm-2694837.
[2026-10-07T12:41:38.429Z][INFO] project:add-dependency <-- Request received
params: {
  "packageId": "com.unity.toolchain.linux-x86_64"
}
[2026-10-07T12:42:11.353Z][INFO] project:add-dependency --> 200 (32924 ms)
[2026-10-07T12:42:11.641Z][INFO] project:list-packages <-- Request received
params: {}
[2026-10-07T12:42:11.692Z][INFO] project:list-packages <-- Request received
params: {}
[2026-10-07T12:42:11.704Z][INFO] project:list-packages <-- Request received
params: {}
[2026-10-07T12:42:11.715Z][INFO] config:project:get-registries <-- Request received
params: {}
[2026-10-07T12:42:11.732Z][INFO] config:project:get-registries --> 200 (17 ms)
[2026-10-07T12:42:12.376Z][INFO] project:list-packages --> 200 (735 ms)
[2026-10-07T12:42:12.468Z][INFO] project:list-packages --> 200 (776 ms)
[2026-10-07T12:42:14.277Z][INFO] project:list-packages <-- Request received
params: {}
[2026-10-07T12:42:14.554Z][INFO] project:list-packages --> 200 (277 ms)
[2026-10-07T12:42:17.068Z][INFO] project:list-packages <-- Request received
params: {}
[2026-10-07T12:42:17.085Z][INFO] project:list-packages <-- Request received
params: {}
[2026-10-07T12:42:17.089Z][INFO] config:project:get-registries <-- Request received
params: {}
[2026-10-07T12:42:17.095Z][INFO] config:project:get-registries --> 200 (6 ms)
[2026-10-07T12:42:17.578Z][INFO] project:list-packages --> 200 (493 ms)
[2026-10-07T12:42:20.685Z][INFO] project:list-packages <-- Request received
params: {}
[2026-10-07T12:42:20.696Z][INFO] project:list-packages <-- Request received
params: {}
[2026-10-07T12:42:21.291Z][INFO] project:list-packages --> 200 (606 ms)
[2026-10-07T12:42:31.871Z][INFO] project:list-packages <-- Request received
params: {}
[2026-10-07T12:42:32.261Z][INFO] project:list-packages --> 200 (390 ms)
[2026-10-07T12:42:32.438Z][INFO] project:list-packages <-- Request received
params: {}
[2026-10-07T12:42:32.448Z][INFO] config:project:get-registries <-- Request received
params: {}
[2026-10-07T12:42:32.455Z][INFO] config:project:get-registries --> 200 (7 ms)
[2026-10-07T12:43:01.810Z][INFO] project:list-packages --> 200 (41114 ms)
[2026-10-07T12:43:01.813Z][INFO] project:list-packages --> 200 (44745 ms)
[2026-10-07T12:43:01.813Z][INFO] project:list-packages --> 200 (50109 ms)
[2026-10-07T12:43:01.813Z][INFO] project:list-packages --> 200 (29375 ms)
[2026-10-07T12:43:16.267Z][INFO] project:list-packages <-- Request received
params: {}
[2026-10-07T12:43:16.691Z][INFO] project:list-packages --> 200 (424 ms)
[2026-10-07T12:43:16.824Z][INFO] config:project:get-registries <-- Request received
params: {}
[2026-10-07T12:43:16.829Z][INFO] config:project:get-registries --> 200 (5 ms)
[2026-10-07T12:43:26.050Z][INFO] project:list-packages <-- Request received
params: {}
[2026-10-07T12:43:26.369Z][INFO] project:list-packages --> 200 (319 ms)
[2026-10-07T12:43:26.535Z][INFO] config:project:get-registries <-- Request received
params: {}
[2026-10-07T12:43:26.538Z][INFO] config:project:get-registries --> 200 (3 ms)
[2026-10-07T12:43:42.759Z][INFO] Received shutdown request (SIGINT), shutting down Unity Package Manager
