[2026-10-08T00:00:25.042Z][INFO] Command-line: ~/Unity/Hub/Editor/6000.0.75f1/Editor/Data/Resources/PackageManager/Server/UnityPackageManager -s 611552 -ipc -ipc-path /tmp/Unity-Upm-611552.sock -l 2 --log-file ~/wkspace/gc-studio/p4.2l/artifacts/studio/verification/W-EDIT-01/p42l-move-20261008T000024.102305Z/upm.log
[2026-10-08T00:00:25.053Z][INFO] IPC server started (IPC path=/tmp/Unity-Upm-611552.sock).
[2026-10-08T00:00:25.053Z][INFO] Hint: To connect to this UPM instance, launch Unity with the command-line parameter -upmIpcPath Upm-611552.
[2026-10-08T00:00:26.082Z][INFO] project:add-dependency <-- Request received
params: {
  "packageId": "com.unity.toolchain.linux-x86_64"
}
[2026-10-08T00:00:45.116Z][INFO] project:add-dependency --> 200 (19034 ms)
[2026-10-08T00:00:45.479Z][INFO] project:list-packages <-- Request received
params: {}
[2026-10-08T00:00:45.604Z][INFO] project:list-packages <-- Request received
params: {}
[2026-10-08T00:00:45.615Z][INFO] project:list-packages <-- Request received
params: {}
[2026-10-08T00:00:45.635Z][INFO] config:project:get-registries <-- Request received
params: {}
[2026-10-08T00:00:45.663Z][INFO] config:project:get-registries --> 200 (28 ms)
[2026-10-08T00:00:47.632Z][INFO] project:list-packages --> 200 (2153 ms)
[2026-10-08T00:00:48.246Z][INFO] project:list-packages --> 200 (2643 ms)
[2026-10-08T00:00:49.370Z][INFO] project:list-packages --> 200 (3755 ms)
[2026-10-08T00:00:51.084Z][INFO] project:list-packages <-- Request received
params: {}
[2026-10-08T00:00:51.705Z][INFO] project:list-packages --> 200 (621 ms)
[2026-10-08T00:00:55.276Z][INFO] project:list-packages <-- Request received
params: {}
[2026-10-08T00:00:55.286Z][INFO] project:list-packages <-- Request received
params: {}
[2026-10-08T00:00:55.297Z][INFO] config:project:get-registries <-- Request received
params: {}
[2026-10-08T00:00:55.341Z][INFO] config:project:get-registries --> 200 (44 ms)
[2026-10-08T00:00:56.496Z][INFO] project:list-packages --> 200 (1220 ms)
[2026-10-08T00:00:56.498Z][INFO] project:list-packages --> 200 (1212 ms)
[2026-10-08T00:01:00.347Z][INFO] project:list-packages <-- Request received
params: {}
[2026-10-08T00:01:00.357Z][INFO] project:list-packages <-- Request received
params: {}
[2026-10-08T00:01:01.143Z][INFO] project:list-packages --> 200 (796 ms)
[2026-10-08T00:01:11.965Z][INFO] project:list-packages <-- Request received
params: {}
[2026-10-08T00:01:12.362Z][INFO] project:list-packages --> 200 (397 ms)
[2026-10-08T00:01:12.512Z][INFO] project:list-packages <-- Request received
params: {}
[2026-10-08T00:01:12.523Z][INFO] project:list-packages <-- Request received
params: {}
[2026-10-08T00:01:12.532Z][INFO] config:project:get-registries <-- Request received
params: {}
[2026-10-08T00:01:12.551Z][INFO] config:project:get-registries --> 200 (19 ms)
[2026-10-08T00:01:12.998Z][INFO] project:list-packages --> 200 (475 ms)
[2026-10-08T00:01:18.495Z][INFO] project:list-packages --> 200 (18138 ms)
[2026-10-08T00:01:18.497Z][INFO] project:list-packages --> 200 (5985 ms)
[2026-10-08T00:01:52.199Z][INFO] Received shutdown request (SIGINT), shutting down Unity Package Manager
