[2026-10-07T17:31:35.320Z][INFO] Command-line: /home/worlesenric/Unity/Hub/Editor/6000.0.75f1/Editor/Data/Resources/PackageManager/Server/UnityPackageManager -s 3584914 -ipc -ipc-path /tmp/Unity-Upm-3584914.sock -l 2 --log-file /home/worlesenric/wkspace/gc-studio/r10-a/artifacts/studio/verification/W-MECH-01/r10-a/final/cold/config-upm.log
[2026-10-07T17:31:35.327Z][INFO] IPC server started (IPC path=/tmp/Unity-Upm-3584914.sock).
[2026-10-07T17:31:35.327Z][INFO] Hint: To connect to this UPM instance, launch Unity with the command-line parameter -upmIpcPath Upm-3584914.
[2026-10-07T17:31:36.332Z][INFO] project:add-dependency <-- Request received
params: {
  "packageId": "com.unity.toolchain.linux-x86_64"
}
[2026-10-07T17:31:56.765Z][INFO] project:add-dependency --> 200 (20433 ms)
[2026-10-07T17:31:57.073Z][INFO] project:list-packages <-- Request received
params: {}
[2026-10-07T17:31:57.114Z][INFO] project:list-packages <-- Request received
params: {}
[2026-10-07T17:31:57.124Z][INFO] project:list-packages <-- Request received
params: {}
[2026-10-07T17:31:57.137Z][INFO] config:project:get-registries <-- Request received
params: {}
[2026-10-07T17:31:57.166Z][INFO] config:project:get-registries --> 200 (29 ms)
[2026-10-07T17:31:57.895Z][INFO] project:list-packages --> 200 (822 ms)
[2026-10-07T17:31:58.130Z][INFO] project:list-packages --> 200 (1016 ms)
[2026-10-07T17:31:59.420Z][INFO] project:list-packages --> 200 (2296 ms)
[2026-10-07T17:31:59.958Z][INFO] project:list-packages <-- Request received
params: {}
[2026-10-07T17:32:00.341Z][INFO] project:list-packages --> 200 (383 ms)
[2026-10-07T17:32:03.174Z][INFO] project:list-packages <-- Request received
params: {}
[2026-10-07T17:32:03.184Z][INFO] project:list-packages <-- Request received
params: {}
[2026-10-07T17:32:03.194Z][INFO] config:project:get-registries <-- Request received
params: {}
[2026-10-07T17:32:03.226Z][INFO] config:project:get-registries --> 200 (32 ms)
[2026-10-07T17:32:04.143Z][INFO] project:list-packages --> 200 (969 ms)
[2026-10-07T17:32:04.187Z][INFO] project:list-packages --> 200 (1003 ms)
[2026-10-07T17:32:06.312Z][INFO] project:list-packages <-- Request received
params: {}
[2026-10-07T17:32:06.324Z][INFO] project:list-packages <-- Request received
params: {}
[2026-10-07T17:32:06.872Z][INFO] project:list-packages --> 200 (560 ms)
[2026-10-07T17:32:06.917Z][INFO] project:list-packages --> 200 (593 ms)
[2026-10-07T17:32:09.876Z][INFO] project:list-packages <-- Request received
params: {}
[2026-10-07T17:32:10.229Z][INFO] project:list-packages --> 200 (353 ms)
[2026-10-07T17:32:10.393Z][INFO] project:list-packages <-- Request received
params: {}
[2026-10-07T17:32:10.403Z][INFO] project:list-packages <-- Request received
params: {}
[2026-10-07T17:32:10.414Z][INFO] config:project:get-registries <-- Request received
params: {}
[2026-10-07T17:32:10.428Z][INFO] config:project:get-registries --> 200 (14 ms)
[2026-10-07T17:32:10.747Z][INFO] project:list-packages --> 200 (344 ms)
[2026-10-07T17:32:23.004Z][INFO] project:resolve-packages <-- Request received
params: {}
[2026-10-07T17:32:28.075Z][INFO] project:list-packages --> 200 (17682 ms)
[2026-10-07T17:32:28.940Z][WARN] Requested version [3.1.3] for package [com.unity.serialization] overridden by minimum version [3.1.5].
[2026-10-07T17:32:28.941Z][WARN] Requested version [1.23.1] for package [com.unity.scriptablebuildpipeline] overridden by minimum version [2.6.1].
[2026-10-07T17:32:28.941Z][WARN] Requested version [3.0.3] for package [com.unity.test-framework.performance] overridden by minimum version [3.4.0].
[2026-10-07T17:32:28.953Z][INFO] project:resolve-packages --> 200 (5949 ms)
[2026-10-07T17:32:29.015Z][INFO] config:project:get-registries <-- Request received
params: {}
[2026-10-07T17:32:29.025Z][INFO] project:list-packages <-- Request received
params: {}
[2026-10-07T17:32:29.053Z][INFO] config:project:get-registries --> 200 (38 ms)
[2026-10-07T17:32:29.705Z][INFO] project:list-packages --> 200 (680 ms)
[2026-10-07T17:32:39.048Z][INFO] project:list-packages <-- Request received
params: {}
[2026-10-07T17:32:39.466Z][INFO] project:list-packages --> 200 (418 ms)
[2026-10-07T17:32:39.625Z][INFO] project:list-packages <-- Request received
params: {}
[2026-10-07T17:32:39.637Z][INFO] project:list-packages <-- Request received
params: {}
[2026-10-07T17:32:39.650Z][INFO] config:project:get-registries <-- Request received
params: {}
[2026-10-07T17:32:39.669Z][INFO] config:project:get-registries --> 200 (19 ms)
[2026-10-07T17:32:40.437Z][INFO] project:list-packages --> 200 (800 ms)
[2026-10-07T17:32:41.606Z][INFO] project:list-packages --> 200 (1981 ms)
[2026-10-07T17:32:46.344Z][INFO] project:list-packages <-- Request received
params: {}
[2026-10-07T17:32:46.728Z][INFO] project:list-packages --> 200 (384 ms)
[2026-10-07T17:32:46.870Z][INFO] config:project:get-registries <-- Request received
params: {}
[2026-10-07T17:32:46.875Z][INFO] config:project:get-registries --> 200 (5 ms)
[2026-10-07T17:32:59.741Z][INFO] project:resolve-packages <-- Request received
params: {}
[2026-10-07T17:33:19.516Z][WARN] Requested version [3.1.3] for package [com.unity.serialization] overridden by minimum version [3.1.5].
[2026-10-07T17:33:19.516Z][WARN] Requested version [1.23.1] for package [com.unity.scriptablebuildpipeline] overridden by minimum version [2.6.1].
[2026-10-07T17:33:19.516Z][WARN] Requested version [3.0.3] for package [com.unity.test-framework.performance] overridden by minimum version [3.4.0].
[2026-10-07T17:33:19.528Z][INFO] project:resolve-packages --> 200 (19787 ms)
[2026-10-07T17:33:19.592Z][INFO] config:project:get-registries <-- Request received
params: {}
[2026-10-07T17:33:19.600Z][INFO] config:project:get-registries --> 200 (8 ms)
[2026-10-07T17:33:19.602Z][INFO] project:list-packages <-- Request received
params: {}
[2026-10-07T17:33:20.312Z][INFO] project:list-packages --> 200 (710 ms)
[2026-10-07T17:33:27.885Z][INFO] project:list-packages <-- Request received
params: {}
[2026-10-07T17:33:28.298Z][INFO] project:list-packages --> 200 (413 ms)
[2026-10-07T17:33:28.492Z][INFO] project:list-packages <-- Request received
params: {}
[2026-10-07T17:33:28.503Z][INFO] config:project:get-registries <-- Request received
params: {}
[2026-10-07T17:33:28.521Z][INFO] config:project:get-registries --> 200 (18 ms)
[2026-10-07T17:33:28.948Z][INFO] project:list-packages --> 200 (456 ms)
[2026-10-07T17:33:38.070Z][INFO] Received shutdown request (SIGINT), shutting down Unity Package Manager
