[2026-10-07T17:27:54.477Z][INFO] Command-line: /home/worlesenric/Unity/Hub/Editor/6000.0.75f1/Editor/Data/Resources/PackageManager/Server/UnityPackageManager -s 3565163 -ipc -ipc-path /tmp/Unity-Upm-3565163.sock -l 2 --log-file /home/worlesenric/wkspace/gc-studio/r10-a/artifacts/studio/verification/W-MECH-01/r10-a/final/cold/stage-upm.log
[2026-10-07T17:27:54.483Z][INFO] IPC server started (IPC path=/tmp/Unity-Upm-3565163.sock).
[2026-10-07T17:27:54.483Z][INFO] Hint: To connect to this UPM instance, launch Unity with the command-line parameter -upmIpcPath Upm-3565163.
[2026-10-07T17:27:55.569Z][INFO] project:add-dependency <-- Request received
params: {
  "packageId": "com.unity.toolchain.linux-x86_64"
}
[2026-10-07T17:28:15.063Z][INFO] project:add-dependency --> 200 (19494 ms)
[2026-10-07T17:28:15.343Z][INFO] project:list-packages <-- Request received
params: {}
[2026-10-07T17:28:15.405Z][INFO] project:list-packages <-- Request received
params: {}
[2026-10-07T17:28:15.415Z][INFO] project:list-packages <-- Request received
params: {}
[2026-10-07T17:28:15.425Z][INFO] config:project:get-registries <-- Request received
params: {}
[2026-10-07T17:28:15.448Z][INFO] config:project:get-registries --> 200 (23 ms)
[2026-10-07T17:28:16.231Z][INFO] project:list-packages --> 200 (888 ms)
[2026-10-07T17:28:16.424Z][INFO] project:list-packages --> 200 (1020 ms)
[2026-10-07T17:28:17.926Z][INFO] project:list-packages --> 200 (2512 ms)
[2026-10-07T17:28:20.995Z][INFO] project:list-packages <-- Request received
params: {}
[2026-10-07T17:28:21.314Z][INFO] project:list-packages --> 200 (319 ms)
[2026-10-07T17:28:24.040Z][INFO] project:list-packages <-- Request received
params: {}
[2026-10-07T17:28:24.051Z][INFO] project:list-packages <-- Request received
params: {}
[2026-10-07T17:28:24.061Z][INFO] config:project:get-registries <-- Request received
params: {}
[2026-10-07T17:28:24.085Z][INFO] config:project:get-registries --> 200 (24 ms)
[2026-10-07T17:28:24.889Z][INFO] project:list-packages --> 200 (849 ms)
[2026-10-07T17:28:24.929Z][INFO] project:list-packages --> 200 (878 ms)
[2026-10-07T17:28:26.622Z][INFO] project:list-packages <-- Request received
params: {}
[2026-10-07T17:28:26.633Z][INFO] project:list-packages <-- Request received
params: {}
[2026-10-07T17:28:27.182Z][INFO] project:list-packages --> 200 (560 ms)
[2026-10-07T17:28:28.665Z][INFO] project:list-packages --> 200 (2032 ms)
[2026-10-07T17:28:46.391Z][INFO] Received shutdown request (SIGINT), shutting down Unity Package Manager
