[2026-10-07T13:04:31.108Z][INFO] Command-line: ~/Unity/Hub/Editor/6000.0.75f1/Editor/Data/Resources/PackageManager/Server/UnityPackageManager -s 2761777 -ipc -ipc-path /tmp/Unity-Upm-2761777.sock -l 2 --log-file ~/wkspace/gc-studio/p4.2j/artifacts/studio/verification/W-ETOS-04/p42j-query-20261007T130430.466361Z/upm.log
[2026-10-07T13:04:31.115Z][INFO] IPC server started (IPC path=/tmp/Unity-Upm-2761777.sock).
[2026-10-07T13:04:31.115Z][INFO] Hint: To connect to this UPM instance, launch Unity with the command-line parameter -upmIpcPath Upm-2761777.
[2026-10-07T13:04:31.795Z][INFO] project:add-dependency <-- Request received
params: {
  "packageId": "com.unity.toolchain.linux-x86_64"
}
[2026-10-07T13:05:09.655Z][INFO] project:add-dependency --> 200 (37861 ms)
[2026-10-07T13:05:09.937Z][INFO] project:list-packages <-- Request received
params: {}
[2026-10-07T13:05:10.019Z][INFO] project:list-packages <-- Request received
params: {}
[2026-10-07T13:05:10.030Z][INFO] project:list-packages <-- Request received
params: {}
[2026-10-07T13:05:10.050Z][INFO] config:project:get-registries <-- Request received
params: {}
[2026-10-07T13:05:10.083Z][INFO] config:project:get-registries --> 200 (33 ms)
[2026-10-07T13:05:10.938Z][INFO] project:list-packages --> 200 (1000 ms)
[2026-10-07T13:05:11.087Z][INFO] project:list-packages --> 200 (1068 ms)
[2026-10-07T13:05:13.550Z][INFO] project:list-packages <-- Request received
params: {}
[2026-10-07T13:05:13.960Z][INFO] project:list-packages --> 200 (410 ms)
[2026-10-07T13:05:17.096Z][INFO] project:list-packages <-- Request received
params: {}
[2026-10-07T13:05:17.106Z][INFO] project:list-packages <-- Request received
params: {}
[2026-10-07T13:05:17.118Z][INFO] config:project:get-registries <-- Request received
params: {}
[2026-10-07T13:05:17.139Z][INFO] config:project:get-registries --> 200 (21 ms)
[2026-10-07T13:05:17.782Z][INFO] project:list-packages --> 200 (676 ms)
[2026-10-07T13:05:22.063Z][INFO] project:list-packages <-- Request received
params: {}
[2026-10-07T13:05:22.074Z][INFO] project:list-packages <-- Request received
params: {}
[2026-10-07T13:05:22.761Z][INFO] project:list-packages --> 200 (698 ms)
[2026-10-07T13:05:44.282Z][INFO] project:list-packages --> 200 (34252 ms)
[2026-10-07T13:05:44.284Z][INFO] project:list-packages --> 200 (22210 ms)
[2026-10-07T13:05:44.284Z][INFO] project:list-packages --> 200 (27188 ms)
[2026-10-07T13:06:11.213Z][INFO] Received shutdown request (SIGINT), shutting down Unity Package Manager
