[2026-10-07T18:41:53.071Z][INFO] Command-line: ~/Unity/Hub/Editor/6000.0.75f1/Editor/Data/Resources/PackageManager/Server/UnityPackageManager -s 3811321 -ipc -ipc-path /tmp/Unity-Upm-3811321.sock -l 2 --log-file ~/wkspace/gc-studio/p4.2k/artifacts/studio/verification/W-PERSIST-02/p42k-prefab-reopen-20261007T184152.387422Z/upm.log
[2026-10-07T18:41:53.078Z][INFO] IPC server started (IPC path=/tmp/Unity-Upm-3811321.sock).
[2026-10-07T18:41:53.078Z][INFO] Hint: To connect to this UPM instance, launch Unity with the command-line parameter -upmIpcPath Upm-3811321.
[2026-10-07T18:41:53.762Z][INFO] project:add-dependency <-- Request received
params: {
  "packageId": "com.unity.toolchain.linux-x86_64"
}
[2026-10-07T18:42:12.919Z][INFO] project:add-dependency --> 200 (19157 ms)
[2026-10-07T18:42:13.274Z][INFO] project:list-packages <-- Request received
params: {}
[2026-10-07T18:42:13.355Z][INFO] project:list-packages <-- Request received
params: {}
[2026-10-07T18:42:13.370Z][INFO] project:list-packages <-- Request received
params: {}
[2026-10-07T18:42:13.384Z][INFO] config:project:get-registries <-- Request received
params: {}
[2026-10-07T18:42:13.419Z][INFO] config:project:get-registries --> 200 (35 ms)
[2026-10-07T18:42:14.596Z][INFO] project:list-packages --> 200 (1322 ms)
[2026-10-07T18:42:14.907Z][INFO] project:list-packages --> 200 (1552 ms)
[2026-10-07T18:42:16.152Z][INFO] project:list-packages --> 200 (2781 ms)
[2026-10-07T18:42:16.724Z][INFO] project:list-packages <-- Request received
params: {}
[2026-10-07T18:42:17.128Z][INFO] project:list-packages --> 200 (404 ms)
[2026-10-07T18:42:20.316Z][INFO] project:list-packages <-- Request received
params: {}
[2026-10-07T18:42:20.327Z][INFO] project:list-packages <-- Request received
params: {}
[2026-10-07T18:42:20.336Z][INFO] config:project:get-registries <-- Request received
params: {}
[2026-10-07T18:42:20.381Z][INFO] config:project:get-registries --> 200 (45 ms)
[2026-10-07T18:42:21.417Z][INFO] project:list-packages --> 200 (1101 ms)
[2026-10-07T18:42:21.466Z][INFO] project:list-packages --> 200 (1139 ms)
[2026-10-07T18:42:23.649Z][INFO] project:list-packages <-- Request received
params: {}
[2026-10-07T18:42:23.659Z][INFO] project:list-packages <-- Request received
params: {}
[2026-10-07T18:42:24.895Z][INFO] project:list-packages --> 200 (1246 ms)
[2026-10-07T18:42:24.942Z][INFO] project:list-packages --> 200 (1283 ms)
[2026-10-07T18:42:29.429Z][INFO] project:list-packages <-- Request received
params: {}
[2026-10-07T18:42:29.832Z][INFO] project:list-packages --> 200 (403 ms)
[2026-10-07T18:42:29.996Z][INFO] project:list-packages <-- Request received
params: {}
[2026-10-07T18:42:30.006Z][INFO] project:list-packages <-- Request received
params: {}
[2026-10-07T18:42:30.017Z][INFO] config:project:get-registries <-- Request received
params: {}
[2026-10-07T18:42:30.022Z][INFO] config:project:get-registries --> 200 (5 ms)
[2026-10-07T18:42:30.406Z][INFO] project:list-packages --> 200 (400 ms)
[2026-10-07T18:42:39.662Z][INFO] Received shutdown request (SIGINT), shutting down Unity Package Manager
