[2026-10-07T12:39:42.183Z][INFO] Command-line: ~/Unity/Hub/Editor/6000.0.75f1/Editor/Data/Resources/PackageManager/Server/UnityPackageManager -s 2689718 -ipc -ipc-path /tmp/Unity-Upm-2689718.sock -l 2 --log-file ~/wkspace/gc-studio/p4.2j/artifacts/studio/verification/W-EDIT-03/p42j-portrait-20261007T123941.341326Z/upm.log
[2026-10-07T12:39:42.191Z][INFO] IPC server started (IPC path=/tmp/Unity-Upm-2689718.sock).
[2026-10-07T12:39:42.191Z][INFO] Hint: To connect to this UPM instance, launch Unity with the command-line parameter -upmIpcPath Upm-2689718.
[2026-10-07T12:39:43.156Z][INFO] project:add-dependency <-- Request received
params: {
  "packageId": "com.unity.toolchain.linux-x86_64"
}
[2026-10-07T12:40:12.599Z][INFO] project:add-dependency --> 200 (29443 ms)
[2026-10-07T12:40:12.994Z][INFO] project:list-packages <-- Request received
params: {}
[2026-10-07T12:40:13.067Z][INFO] project:list-packages <-- Request received
params: {}
[2026-10-07T12:40:13.075Z][INFO] project:list-packages <-- Request received
params: {}
[2026-10-07T12:40:13.089Z][INFO] config:project:get-registries <-- Request received
params: {}
[2026-10-07T12:40:13.114Z][INFO] config:project:get-registries --> 200 (25 ms)
[2026-10-07T12:40:14.203Z][INFO] project:list-packages --> 200 (1209 ms)
[2026-10-07T12:40:14.499Z][INFO] project:list-packages --> 200 (1432 ms)
[2026-10-07T12:40:16.281Z][INFO] project:list-packages <-- Request received
params: {}
[2026-10-07T12:40:16.665Z][INFO] project:list-packages --> 200 (384 ms)
[2026-10-07T12:40:18.016Z][INFO] project:list-packages --> 200 (4941 ms)
[2026-10-07T12:40:19.529Z][INFO] project:list-packages <-- Request received
params: {}
[2026-10-07T12:40:19.539Z][INFO] project:list-packages <-- Request received
params: {}
[2026-10-07T12:40:19.550Z][INFO] config:project:get-registries <-- Request received
params: {}
[2026-10-07T12:40:19.570Z][INFO] config:project:get-registries --> 200 (20 ms)
[2026-10-07T12:40:20.152Z][INFO] project:list-packages --> 200 (613 ms)
[2026-10-07T12:40:23.339Z][INFO] project:list-packages <-- Request received
params: {}
[2026-10-07T12:40:23.350Z][INFO] project:list-packages <-- Request received
params: {}
[2026-10-07T12:40:23.766Z][INFO] project:list-packages --> 200 (427 ms)
[2026-10-07T12:40:36.912Z][INFO] project:list-packages --> 200 (13562 ms)
[2026-10-07T12:40:36.917Z][INFO] project:list-packages --> 200 (17387 ms)
[2026-10-07T12:41:09.255Z][INFO] Received shutdown request (SIGINT), shutting down Unity Package Manager
