  Determining projects to restore...
  All projects are up-to-date for restore.
  GameCore.Contracts -> /home/worlesenric/wkspace/gc-wt/w1-gate/dotnet/src/GameCore.Contracts/bin/Release/netstandard2.1/GameCore.Contracts.dll
  GameCore.ApiSnapshot -> /home/worlesenric/wkspace/gc-wt/w1-gate/dotnet/tools/GameCore.ApiSnapshot/bin/Release/net8.0/GameCore.ApiSnapshot.dll
  GameCore.ReferenceSeams -> /home/worlesenric/wkspace/gc-wt/w1-gate/dotnet/src/GameCore.ReferenceSeams/bin/Release/netstandard2.1/GameCore.ReferenceSeams.dll
  GameCore.Content.Compiler -> /home/worlesenric/wkspace/gc-wt/w1-gate/dotnet/src/GameCore.Content.Compiler/bin/Release/netstandard2.1/GameCore.Content.Compiler.dll
  GameCore.Composition -> /home/worlesenric/wkspace/gc-wt/w1-gate/dotnet/src/GameCore.Composition/bin/Release/netstandard2.1/GameCore.Composition.dll
  GameCore.ProtocolFixtures.Production -> /home/worlesenric/wkspace/gc-wt/w1-gate/dotnet/src/GameCore.ProtocolFixtures.Production/bin/Release/netstandard2.1/GameCore.ProtocolFixtures.Production.dll
  GameCore.Execution -> /home/worlesenric/wkspace/gc-wt/w1-gate/dotnet/src/GameCore.Execution/bin/Release/netstandard2.1/GameCore.Execution.dll
  GameCore.ProtocolFixtures -> /home/worlesenric/wkspace/gc-wt/w1-gate/dotnet/src/GameCore.ProtocolFixtures/bin/Release/netstandard2.1/GameCore.ProtocolFixtures.dll
  GameCore.Composition.Tests -> /home/worlesenric/wkspace/gc-wt/w1-gate/dotnet/tests/GameCore.Composition.Tests/bin/Release/net8.0/GameCore.Composition.Tests.dll
  GameCore.Contracts.Tests -> /home/worlesenric/wkspace/gc-wt/w1-gate/dotnet/tests/GameCore.Contracts.Tests/bin/Release/net8.0/GameCore.Contracts.Tests.dll
  GameCore.Content.Compiler.Tests -> /home/worlesenric/wkspace/gc-wt/w1-gate/dotnet/tests/GameCore.Content.Compiler.Tests/bin/Release/net8.0/GameCore.Content.Compiler.Tests.dll
  GameCore.ProtocolFixtures.Production.Tests -> /home/worlesenric/wkspace/gc-wt/w1-gate/dotnet/tests/GameCore.ProtocolFixtures.Production.Tests/bin/Release/net8.0/GameCore.ProtocolFixtures.Production.Tests.dll
  GameCore.Execution.Tests -> /home/worlesenric/wkspace/gc-wt/w1-gate/dotnet/tests/GameCore.Execution.Tests/bin/Release/net8.0/GameCore.Execution.Tests.dll
  GameCore.ProtocolFixtures.Tests -> /home/worlesenric/wkspace/gc-wt/w1-gate/dotnet/tests/GameCore.ProtocolFixtures.Tests/bin/Release/net8.0/GameCore.ProtocolFixtures.Tests.dll
  GameCore.ReferenceSeams.Tests -> /home/worlesenric/wkspace/gc-wt/w1-gate/dotnet/tests/GameCore.ReferenceSeams.Tests/bin/Release/net8.0/GameCore.ReferenceSeams.Tests.dll

Build succeeded.
    0 Warning(s)
    0 Error(s)

Time Elapsed 00:00:01.46
