[2026-10-08T00:12:01.942Z][INFO] Command-line: ~/Unity/Hub/Editor/6000.0.75f1/Editor/Data/Resources/PackageManager/Server/UnityPackageManager -s 655826 -ipc -ipc-path /tmp/Unity-Upm-655826.sock -l 2 --log-file ~/wkspace/gc-studio/p4.2l/artifacts/studio/verification/W-MECH-01/p42l-stage-review-cold-20261008T001200.830681Z/upm.log
[2026-10-08T00:12:01.953Z][INFO] IPC server started (IPC path=/tmp/Unity-Upm-655826.sock).
[2026-10-08T00:12:01.953Z][INFO] Hint: To connect to this UPM instance, launch Unity with the command-line parameter -upmIpcPath Upm-655826.
[2026-10-08T00:12:03.226Z][INFO] project:add-dependency <-- Request received
params: {
  "packageId": "com.unity.toolchain.linux-x86_64"
}
[2026-10-08T00:12:22.223Z][INFO] project:add-dependency --> 200 (18997 ms)
[2026-10-08T00:12:22.517Z][INFO] project:list-packages <-- Request received
params: {}
[2026-10-08T00:12:22.589Z][INFO] project:list-packages <-- Request received
params: {}
[2026-10-08T00:12:22.601Z][INFO] project:list-packages <-- Request received
params: {}
[2026-10-08T00:12:22.611Z][INFO] config:project:get-registries <-- Request received
params: {}
[2026-10-08T00:12:22.632Z][INFO] config:project:get-registries --> 200 (22 ms)
[2026-10-08T00:12:23.585Z][INFO] project:list-packages --> 200 (1068 ms)
[2026-10-08T00:12:23.868Z][INFO] project:list-packages --> 200 (1278 ms)
[2026-10-08T00:12:25.421Z][INFO] project:list-packages <-- Request received
params: {}
[2026-10-08T00:12:25.786Z][INFO] project:list-packages --> 200 (364 ms)
[2026-10-08T00:12:28.477Z][INFO] project:list-packages <-- Request received
params: {}
[2026-10-08T00:12:28.488Z][INFO] project:list-packages <-- Request received
params: {}
[2026-10-08T00:12:28.501Z][INFO] config:project:get-registries <-- Request received
params: {}
[2026-10-08T00:12:28.524Z][INFO] config:project:get-registries --> 200 (23 ms)
[2026-10-08T00:12:29.402Z][INFO] project:list-packages --> 200 (914 ms)
[2026-10-08T00:12:33.092Z][INFO] project:list-packages <-- Request received
params: {}
[2026-10-08T00:12:33.103Z][INFO] project:list-packages <-- Request received
params: {}
[2026-10-08T00:12:34.038Z][INFO] project:list-packages --> 200 (946 ms)
[2026-10-08T00:12:35.455Z][INFO] project:list-packages --> 200 (12854 ms)
[2026-10-08T00:12:35.456Z][INFO] project:list-packages --> 200 (6979 ms)
[2026-10-08T00:12:35.456Z][INFO] project:list-packages --> 200 (2353 ms)
[2026-10-08T00:12:45.556Z][INFO] project:list-packages <-- Request received
params: {}
[2026-10-08T00:12:45.906Z][INFO] project:list-packages --> 200 (350 ms)
[2026-10-08T00:12:46.032Z][INFO] config:project:get-registries <-- Request received
params: {}
[2026-10-08T00:12:46.037Z][INFO] config:project:get-registries --> 200 (5 ms)
[2026-10-08T00:12:54.142Z][INFO] project:resolve-packages <-- Request received
params: {}
[2026-10-08T00:13:26.603Z][WARN] Requested version [3.1.3] for package [com.unity.serialization] overridden by minimum version [3.1.5].
[2026-10-08T00:13:26.603Z][WARN] Requested version [1.23.1] for package [com.unity.scriptablebuildpipeline] overridden by minimum version [2.6.1].
[2026-10-08T00:13:26.603Z][WARN] Requested version [3.0.3] for package [com.unity.test-framework.performance] overridden by minimum version [3.4.0].
[2026-10-08T00:13:26.609Z][INFO] project:resolve-packages --> 200 (32467 ms)
[2026-10-08T00:13:26.679Z][INFO] config:project:get-registries <-- Request received
params: {}
[2026-10-08T00:13:26.683Z][INFO] config:project:get-registries --> 200 (4 ms)
[2026-10-08T00:13:26.689Z][INFO] project:list-packages <-- Request received
params: {}
[2026-10-08T00:13:26.997Z][INFO] project:list-packages --> 200 (308 ms)
[2026-10-08T00:13:36.579Z][INFO] project:list-packages <-- Request received
params: {}
[2026-10-08T00:13:36.920Z][INFO] project:list-packages --> 200 (342 ms)
[2026-10-08T00:13:37.084Z][INFO] project:list-packages <-- Request received
params: {}
[2026-10-08T00:13:37.095Z][INFO] config:project:get-registries <-- Request received
params: {}
[2026-10-08T00:13:37.109Z][INFO] config:project:get-registries --> 200 (14 ms)
[2026-10-08T00:13:37.469Z][INFO] project:list-packages --> 200 (385 ms)
[2026-10-08T00:13:43.866Z][INFO] project:list-packages <-- Request received
params: {}
[2026-10-08T00:13:44.203Z][INFO] project:list-packages --> 200 (337 ms)
[2026-10-08T00:13:44.361Z][INFO] config:project:get-registries <-- Request received
params: {}
[2026-10-08T00:13:44.364Z][INFO] config:project:get-registries --> 200 (3 ms)
[2026-10-08T00:13:52.811Z][INFO] project:resolve-packages <-- Request received
params: {}
[2026-10-08T00:14:11.925Z][WARN] Requested version [3.1.3] for package [com.unity.serialization] overridden by minimum version [3.1.5].
[2026-10-08T00:14:11.925Z][WARN] Requested version [1.23.1] for package [com.unity.scriptablebuildpipeline] overridden by minimum version [2.6.1].
[2026-10-08T00:14:11.925Z][WARN] Requested version [3.0.3] for package [com.unity.test-framework.performance] overridden by minimum version [3.4.0].
[2026-10-08T00:14:11.932Z][INFO] project:resolve-packages --> 200 (19121 ms)
[2026-10-08T00:14:11.987Z][INFO] config:project:get-registries <-- Request received
params: {}
[2026-10-08T00:14:11.990Z][INFO] config:project:get-registries --> 200 (3 ms)
[2026-10-08T00:14:11.998Z][INFO] project:list-packages <-- Request received
params: {}
[2026-10-08T00:14:12.532Z][INFO] project:list-packages --> 200 (534 ms)
[2026-10-08T00:14:20.269Z][INFO] project:list-packages <-- Request received
params: {}
[2026-10-08T00:14:20.629Z][INFO] project:list-packages --> 200 (360 ms)
[2026-10-08T00:14:20.806Z][INFO] project:list-packages <-- Request received
params: {}
[2026-10-08T00:14:20.817Z][INFO] config:project:get-registries <-- Request received
params: {}
[2026-10-08T00:14:20.826Z][INFO] config:project:get-registries --> 200 (9 ms)
[2026-10-08T00:14:21.198Z][INFO] project:list-packages --> 200 (393 ms)
[2026-10-08T00:14:28.683Z][INFO] Received shutdown request (SIGINT), shutting down Unity Package Manager
