[2026-10-08T00:19:44.608Z][INFO] Command-line: ~/Unity/Hub/Editor/6000.0.75f1/Editor/Data/Resources/PackageManager/Server/UnityPackageManager -s 682599 -ipc -ipc-path /tmp/Unity-Upm-682599.sock -l 2 --log-file ~/wkspace/gc-studio/p4.2l/artifacts/studio/verification/W-MECH-01/p42l-stage-negative-review-20261008T001943.744672Z/upm.log
[2026-10-08T00:19:44.613Z][INFO] IPC server started (IPC path=/tmp/Unity-Upm-682599.sock).
[2026-10-08T00:19:44.614Z][INFO] Hint: To connect to this UPM instance, launch Unity with the command-line parameter -upmIpcPath Upm-682599.
[2026-10-08T00:19:45.962Z][INFO] project:add-dependency <-- Request received
params: {
  "packageId": "com.unity.toolchain.linux-x86_64"
}
[2026-10-08T00:20:05.341Z][INFO] project:add-dependency --> 200 (19380 ms)
[2026-10-08T00:20:05.714Z][INFO] project:list-packages <-- Request received
params: {}
[2026-10-08T00:20:05.797Z][INFO] project:list-packages <-- Request received
params: {}
[2026-10-08T00:20:05.808Z][INFO] project:list-packages <-- Request received
params: {}
[2026-10-08T00:20:05.824Z][INFO] config:project:get-registries <-- Request received
params: {}
[2026-10-08T00:20:05.854Z][INFO] config:project:get-registries --> 200 (30 ms)
[2026-10-08T00:20:07.234Z][INFO] project:list-packages --> 200 (1520 ms)
[2026-10-08T00:20:07.526Z][INFO] project:list-packages --> 200 (1729 ms)
[2026-10-08T00:20:09.051Z][INFO] project:list-packages --> 200 (3243 ms)
[2026-10-08T00:20:10.179Z][INFO] project:list-packages <-- Request received
params: {}
[2026-10-08T00:20:10.676Z][INFO] project:list-packages --> 200 (498 ms)
[2026-10-08T00:20:14.110Z][INFO] project:list-packages <-- Request received
params: {}
[2026-10-08T00:20:14.120Z][INFO] project:list-packages <-- Request received
params: {}
[2026-10-08T00:20:14.133Z][INFO] config:project:get-registries <-- Request received
params: {}
[2026-10-08T00:20:14.165Z][INFO] config:project:get-registries --> 200 (32 ms)
[2026-10-08T00:20:15.061Z][INFO] project:list-packages --> 200 (951 ms)
[2026-10-08T00:20:15.106Z][INFO] project:list-packages --> 200 (986 ms)
[2026-10-08T00:20:18.868Z][INFO] project:list-packages <-- Request received
params: {}
[2026-10-08T00:20:18.878Z][INFO] project:list-packages <-- Request received
params: {}
[2026-10-08T00:20:19.406Z][INFO] project:list-packages --> 200 (537 ms)
[2026-10-08T00:20:27.374Z][INFO] Received shutdown request (SIGINT), shutting down Unity Package Manager
