The selected window backend is (null) 
Input System module state changed to: Initialized.
[Physics::Module] Initialized fallback backend.
[Physics::Module] Id: 0xdecafbad
Initialize engine version: 6000.0.75f1 (26349cd2a5c8)
[Subsystems] Discovering subsystems at path /home/worlesenric/wkspace/gc-wt/crash-139/unity/GameCore.Validation/Builds/Linux64/GameCoreProbe_Data/UnitySubsystems
Forcing GfxDevice: Null
GfxDevice: creating device client; kGfxThreadingModeNonThreaded
NullGfxDevice:
    Version:  NULL 1.0 [1.0]
    Renderer: Null Device
    Vendor:   Unity Technologies
[Physics::Module] Selected backend.
[Physics::Module] Name: PhysX
[Physics::Module] Id: 0xf2b8ea05
[Physics::Module] SDK Version: 4.1.2
[Physics::Module] Integration Version: 1.0.0
[Physics::Module] Threading Mode: Multi-Threaded
UnloadTime: 0.201147 ms
[GC001] probe result (Pass, exit 0) written to /tmp/gc-crash-s1wboglm/result.json
UnityEngine.DebugLogHandler:Internal_Log(LogType, LogOption, String, Object)
GameCore.Validation.ProbeHost.ProbeRunner:WriteReport(ProbeReport)
GameCore.Validation.ProbeHost.ProbeRunner:Run(ProbeArguments)

Received signal SIGSEGV (11) - code:1 errno:0 addr:0x20
Internal: There are remaining Allocations on the JobTempAlloc. This is a leak, and will impact performance
To Debug, run app with -diag-job-temp-memory-leak-validation cmd line argument. This will output the callstacks of the leaked allocations.
Obtained 10 stack frames.
#0  0x007ddab8c45330 in (Unknown)
#1  0x007ddabaa55601 in (Unknown)
#2  0x007ddabaa4fbac in (Unknown)
#3  0x007ddaba92408b in (Unknown)
#4  0x007ddab9832824 in (Unknown)
#5  0x007ddab97c5799 in (Unknown)
#6  0x007ddab9858d65 in (Unknown)
#7  0x007ddab98218b4 in (Unknown)
#8  0x007ddab8c9cb84 in start_thread
#9  0x007ddab8d29ecc in __clone3
