[2026-10-07T17:39:52.732Z][INFO] Command-line: /home/worlesenric/Unity/Hub/Editor/6000.0.75f1/Editor/Data/Resources/PackageManager/Server/UnityPackageManager -s 3614101 -ipc -ipc-path /tmp/Unity-Upm-3614101.sock -l 2 --log-file /home/worlesenric/wkspace/gc-studio/r10-a/artifacts/studio/verification/W-DOC-02/r10-a/final/lever/config-upm.log
[2026-10-07T17:39:52.740Z][INFO] IPC server started (IPC path=/tmp/Unity-Upm-3614101.sock).
[2026-10-07T17:39:52.740Z][INFO] Hint: To connect to this UPM instance, launch Unity with the command-line parameter -upmIpcPath Upm-3614101.
[2026-10-07T17:39:53.662Z][INFO] project:add-dependency <-- Request received
params: {
  "packageId": "com.unity.toolchain.linux-x86_64"
}
[2026-10-07T17:40:42.073Z][INFO] project:add-dependency --> 200 (48411 ms)
[2026-10-07T17:40:42.339Z][INFO] project:list-packages <-- Request received
params: {}
[2026-10-07T17:40:42.409Z][INFO] project:list-packages <-- Request received
params: {}
[2026-10-07T17:40:42.420Z][INFO] project:list-packages <-- Request received
params: {}
[2026-10-07T17:40:42.432Z][INFO] config:project:get-registries <-- Request received
params: {}
[2026-10-07T17:40:42.452Z][INFO] config:project:get-registries --> 200 (20 ms)
[2026-10-07T17:40:43.237Z][INFO] project:list-packages --> 200 (898 ms)
[2026-10-07T17:40:43.357Z][INFO] project:list-packages --> 200 (948 ms)
[2026-10-07T17:40:45.218Z][INFO] project:list-packages <-- Request received
params: {}
[2026-10-07T17:40:45.568Z][INFO] project:list-packages --> 200 (350 ms)
[2026-10-07T17:40:48.477Z][INFO] project:list-packages <-- Request received
params: {}
[2026-10-07T17:40:48.488Z][INFO] project:list-packages <-- Request received
params: {}
[2026-10-07T17:40:48.497Z][INFO] config:project:get-registries <-- Request received
params: {}
[2026-10-07T17:40:48.524Z][INFO] config:project:get-registries --> 200 (27 ms)
[2026-10-07T17:40:49.116Z][INFO] project:list-packages --> 200 (628 ms)
[2026-10-07T17:40:51.295Z][INFO] project:list-packages --> 200 (8875 ms)
[2026-10-07T17:40:51.296Z][INFO] project:list-packages --> 200 (2819 ms)
[2026-10-07T17:40:51.382Z][INFO] project:list-packages <-- Request received
params: {}
[2026-10-07T17:40:51.392Z][INFO] project:list-packages <-- Request received
params: {}
[2026-10-07T17:40:51.984Z][INFO] project:list-packages --> 200 (602 ms)
[2026-10-07T17:40:52.998Z][INFO] project:list-packages --> 200 (1606 ms)
[2026-10-07T17:40:55.552Z][INFO] project:list-packages <-- Request received
params: {}
[2026-10-07T17:40:55.879Z][INFO] project:list-packages --> 200 (327 ms)
[2026-10-07T17:40:55.998Z][INFO] project:list-packages <-- Request received
params: {}
[2026-10-07T17:40:56.008Z][INFO] project:list-packages <-- Request received
params: {}
[2026-10-07T17:40:56.023Z][INFO] config:project:get-registries <-- Request received
params: {}
[2026-10-07T17:40:56.036Z][INFO] config:project:get-registries --> 200 (13 ms)
[2026-10-07T17:40:56.380Z][INFO] project:list-packages --> 200 (372 ms)
[2026-10-07T17:40:57.188Z][INFO] project:list-packages --> 200 (1191 ms)
[2026-10-07T17:41:08.359Z][INFO] project:resolve-packages <-- Request received
params: {}
[2026-10-07T17:41:27.231Z][WARN] Requested version [3.1.3] for package [com.unity.serialization] overridden by minimum version [3.1.5].
[2026-10-07T17:41:27.231Z][WARN] Requested version [1.23.1] for package [com.unity.scriptablebuildpipeline] overridden by minimum version [2.6.1].
[2026-10-07T17:41:27.231Z][WARN] Requested version [3.0.3] for package [com.unity.test-framework.performance] overridden by minimum version [3.4.0].
[2026-10-07T17:41:27.251Z][INFO] project:resolve-packages --> 200 (18892 ms)
[2026-10-07T17:41:27.332Z][INFO] config:project:get-registries <-- Request received
params: {}
[2026-10-07T17:41:27.335Z][INFO] config:project:get-registries --> 200 (4 ms)
[2026-10-07T17:41:27.341Z][INFO] project:list-packages <-- Request received
params: {}
[2026-10-07T17:41:27.864Z][INFO] project:list-packages --> 200 (523 ms)
[2026-10-07T17:41:38.047Z][INFO] project:list-packages <-- Request received
params: {}
[2026-10-07T17:41:38.391Z][INFO] project:list-packages --> 200 (344 ms)
[2026-10-07T17:41:38.553Z][INFO] project:list-packages <-- Request received
params: {}
[2026-10-07T17:41:38.565Z][INFO] config:project:get-registries <-- Request received
params: {}
[2026-10-07T17:41:38.581Z][INFO] config:project:get-registries --> 200 (16 ms)
[2026-10-07T17:41:38.957Z][INFO] project:list-packages --> 200 (404 ms)
[2026-10-07T17:41:44.554Z][INFO] project:list-packages <-- Request received
params: {}
[2026-10-07T17:41:44.914Z][INFO] project:list-packages --> 200 (360 ms)
[2026-10-07T17:41:45.080Z][INFO] config:project:get-registries <-- Request received
params: {}
[2026-10-07T17:41:45.083Z][INFO] config:project:get-registries --> 200 (3 ms)
[2026-10-07T17:42:01.013Z][INFO] project:resolve-packages <-- Request received
params: {}
[2026-10-07T17:42:19.369Z][WARN] Requested version [3.1.3] for package [com.unity.serialization] overridden by minimum version [3.1.5].
[2026-10-07T17:42:19.369Z][WARN] Requested version [1.23.1] for package [com.unity.scriptablebuildpipeline] overridden by minimum version [2.6.1].
[2026-10-07T17:42:19.369Z][WARN] Requested version [3.0.3] for package [com.unity.test-framework.performance] overridden by minimum version [3.4.0].
[2026-10-07T17:42:19.379Z][INFO] project:resolve-packages --> 200 (18365 ms)
[2026-10-07T17:42:19.446Z][INFO] config:project:get-registries <-- Request received
params: {}
[2026-10-07T17:42:19.452Z][INFO] config:project:get-registries --> 200 (6 ms)
[2026-10-07T17:42:19.456Z][INFO] project:list-packages <-- Request received
params: {}
[2026-10-07T17:42:20.121Z][INFO] project:list-packages --> 200 (665 ms)
[2026-10-07T17:42:27.468Z][INFO] project:list-packages <-- Request received
params: {}
[2026-10-07T17:42:27.856Z][INFO] project:list-packages --> 200 (388 ms)
[2026-10-07T17:42:28.025Z][INFO] project:list-packages <-- Request received
params: {}
[2026-10-07T17:42:28.036Z][INFO] config:project:get-registries <-- Request received
params: {}
[2026-10-07T17:42:28.052Z][INFO] config:project:get-registries --> 200 (16 ms)
[2026-10-07T17:42:28.419Z][INFO] project:list-packages --> 200 (394 ms)
[2026-10-07T17:42:38.506Z][INFO] Received shutdown request (SIGINT), shutting down Unity Package Manager
