[2026-10-07T23:46:37.515Z][INFO] Command-line: ~/Unity/Hub/Editor/6000.0.75f1/Editor/Data/Resources/PackageManager/Server/UnityPackageManager -s 568824 -ipc -ipc-path /tmp/Unity-Upm-568824.sock -l 2 --log-file ~/wkspace/gc-studio/p4.2l/artifacts/studio/verification/W-AI-03/p42l-narrative-20261007T234636.675960Z/upm.log
[2026-10-07T23:46:37.524Z][INFO] IPC server started (IPC path=/tmp/Unity-Upm-568824.sock).
[2026-10-07T23:46:37.525Z][INFO] Hint: To connect to this UPM instance, launch Unity with the command-line parameter -upmIpcPath Upm-568824.
[2026-10-07T23:46:38.643Z][INFO] project:add-dependency <-- Request received
params: {
  "packageId": "com.unity.toolchain.linux-x86_64"
}
[2026-10-07T23:46:58.262Z][INFO] project:add-dependency --> 200 (19619 ms)
[2026-10-07T23:46:58.668Z][INFO] project:list-packages <-- Request received
params: {}
[2026-10-07T23:46:58.762Z][INFO] project:list-packages <-- Request received
params: {}
[2026-10-07T23:46:58.774Z][INFO] project:list-packages <-- Request received
params: {}
[2026-10-07T23:46:58.787Z][INFO] config:project:get-registries <-- Request received
params: {}
[2026-10-07T23:46:58.806Z][INFO] config:project:get-registries --> 200 (20 ms)
[2026-10-07T23:47:00.029Z][INFO] project:list-packages --> 200 (1361 ms)
[2026-10-07T23:47:00.335Z][INFO] project:list-packages --> 200 (1573 ms)
[2026-10-07T23:47:01.467Z][INFO] project:list-packages --> 200 (2693 ms)
[2026-10-07T23:47:02.303Z][INFO] project:list-packages <-- Request received
params: {}
[2026-10-07T23:47:02.740Z][INFO] project:list-packages --> 200 (437 ms)
[2026-10-07T23:47:05.198Z][INFO] project:list-packages <-- Request received
params: {}
[2026-10-07T23:47:05.209Z][INFO] project:list-packages <-- Request received
params: {}
[2026-10-07T23:47:05.222Z][INFO] config:project:get-registries <-- Request received
params: {}
[2026-10-07T23:47:05.237Z][INFO] config:project:get-registries --> 200 (15 ms)
[2026-10-07T23:47:06.039Z][INFO] project:list-packages --> 200 (841 ms)
[2026-10-07T23:47:06.085Z][INFO] project:list-packages --> 200 (875 ms)
[2026-10-07T23:47:09.820Z][INFO] project:list-packages <-- Request received
params: {}
[2026-10-07T23:47:09.830Z][INFO] project:list-packages <-- Request received
params: {}
[2026-10-07T23:47:10.265Z][INFO] project:list-packages --> 200 (445 ms)
[2026-10-07T23:47:26.180Z][INFO] project:list-packages --> 200 (16350 ms)
[2026-10-07T23:50:00.773Z][INFO] project:list-packages <-- Request received
params: {}
[2026-10-07T23:50:01.189Z][INFO] project:list-packages --> 200 (416 ms)
[2026-10-07T23:50:01.391Z][INFO] config:project:get-registries <-- Request received
params: {}
[2026-10-07T23:50:01.398Z][INFO] config:project:get-registries --> 200 (7 ms)
[2026-10-07T23:52:42.761Z][INFO] project:list-packages <-- Request received
params: {}
[2026-10-07T23:52:43.099Z][INFO] project:list-packages --> 200 (337 ms)
[2026-10-07T23:52:43.237Z][INFO] config:project:get-registries <-- Request received
params: {}
[2026-10-07T23:52:43.239Z][INFO] config:project:get-registries --> 200 (2 ms)
[2026-10-07T23:53:24.987Z][INFO] Received shutdown request (SIGINT), shutting down Unity Package Manager
