[2026-10-06T20:11:40.880Z][INFO] Command-line: ~/Unity/Hub/Editor/6000.0.75f1/Editor/Data/Resources/PackageManager/Server/UnityPackageManager -s 3824572 -ipc -ipc-path /tmp/Unity-Upm-3824572.sock -l 2 --log-file ~/wkspace/gc-studio/p4.2g/artifacts/studio/verification/W-AI-02/p42g-npc-evidence-final-20261006T201140.214123Z/upm.log
[2026-10-06T20:11:40.888Z][INFO] IPC server started (IPC path=/tmp/Unity-Upm-3824572.sock).
[2026-10-06T20:11:40.888Z][INFO] Hint: To connect to this UPM instance, launch Unity with the command-line parameter -upmIpcPath Upm-3824572.
[2026-10-06T20:11:41.911Z][INFO] project:add-dependency <-- Request received
params: {
  "packageId": "com.unity.toolchain.linux-x86_64"
}
[2026-10-06T20:12:01.067Z][INFO] project:add-dependency --> 200 (19155 ms)
[2026-10-06T20:12:01.381Z][INFO] project:list-packages <-- Request received
params: {}
[2026-10-06T20:12:01.463Z][INFO] project:list-packages <-- Request received
params: {}
[2026-10-06T20:12:01.476Z][INFO] project:list-packages <-- Request received
params: {}
[2026-10-06T20:12:01.484Z][INFO] config:project:get-registries <-- Request received
params: {}
[2026-10-06T20:12:01.509Z][INFO] config:project:get-registries --> 200 (25 ms)
[2026-10-06T20:12:02.639Z][INFO] project:list-packages --> 200 (1258 ms)
[2026-10-06T20:12:02.963Z][INFO] project:list-packages --> 200 (1500 ms)
[2026-10-06T20:12:04.233Z][INFO] project:list-packages --> 200 (2757 ms)
[2026-10-06T20:12:06.308Z][INFO] project:list-packages <-- Request received
params: {}
[2026-10-06T20:12:06.676Z][INFO] project:list-packages --> 200 (368 ms)
[2026-10-06T20:12:09.608Z][INFO] project:list-packages <-- Request received
params: {}
[2026-10-06T20:12:09.620Z][INFO] project:list-packages <-- Request received
params: {}
[2026-10-06T20:12:09.628Z][INFO] config:project:get-registries <-- Request received
params: {}
[2026-10-06T20:12:09.673Z][INFO] config:project:get-registries --> 200 (44 ms)
[2026-10-06T20:12:10.839Z][INFO] project:list-packages --> 200 (1231 ms)
[2026-10-06T20:12:10.899Z][INFO] project:list-packages --> 200 (1279 ms)
[2026-10-06T20:12:13.698Z][INFO] project:list-packages <-- Request received
params: {}
[2026-10-06T20:12:13.709Z][INFO] project:list-packages <-- Request received
params: {}
[2026-10-06T20:12:14.052Z][INFO] project:list-packages --> 200 (354 ms)
[2026-10-06T20:12:28.045Z][INFO] project:list-packages --> 200 (14336 ms)
[2026-10-06T20:15:06.875Z][INFO] project:list-packages <-- Request received
params: {}
[2026-10-06T20:15:07.310Z][INFO] project:list-packages --> 200 (434 ms)
[2026-10-06T20:15:07.411Z][INFO] config:project:get-registries <-- Request received
params: {}
[2026-10-06T20:15:07.417Z][INFO] config:project:get-registries --> 200 (6 ms)
[2026-10-06T20:15:13.379Z][INFO] project:list-packages <-- Request received
params: {}
[2026-10-06T20:15:13.762Z][INFO] project:list-packages --> 200 (384 ms)
[2026-10-06T20:15:13.915Z][INFO] config:project:get-registries <-- Request received
params: {}
[2026-10-06T20:15:13.918Z][INFO] config:project:get-registries --> 200 (3 ms)
[2026-10-06T20:15:47.737Z][INFO] Received shutdown request (SIGINT), shutting down Unity Package Manager
