Unity Editor version:    6000.0.75f1 (26349cd2a5c8)
Branch:                  6000.0/staging
Build type:              Release
Batch mode:              YES
System name:             Linux
Distro version:          #31~24.04.1-Ubuntu SMP PREEMPT_DYNAMIC Mon Aug 10 09:38:02 UTC 2
Kernel version:          7.0.0-31-generic
Architecture:            x86_64
Available memory:        31897 MB
[Licensing::Module] Trying to connect to existing licensing client channel...
Initialize udev device monitor.
[Licensing::IpcConnector] Successfully connected to: "LicenseClient-worlesenric" at "2026-09-25T16:06:23.55394Z"
[SignatureVerifier] Application signature verification not supported on this platform.

COMMAND LINE ARGUMENTS:
/home/worlesenric/Unity/Hub/Editor/6000.0.75f1/Editor/Unity
-batchmode
-nographics
-quit
-projectPath
/home/worlesenric/wkspace/gc-wt/w4-gate/unity/GameCore.Validation
-logFile
/home/worlesenric/wkspace/gc-wt/w4-gate/artifacts/w4-gate/unity/resolve.log
Successfully changed project path to: /home/worlesenric/wkspace/gc-wt/w4-gate/unity/GameCore.Validation

(process:1592963): Gtk-CRITICAL **: 00:06:23.555: gtk_label_set_text: assertion 'GTK_IS_LABEL (label)' failed

(process:1592963): Gtk-CRITICAL **: 00:06:23.555: gtk_label_set_text: assertion 'GTK_IS_LABEL (label)' failed
/home/worlesenric/wkspace/gc-wt/w4-gate/unity/GameCore.Validation
[UnityMemory] Configuration Parameters - Can be set up in boot.config
    "memorysetup-bucket-allocator-granularity=16"
    "memorysetup-bucket-allocator-bucket-count=8"
    "memorysetup-bucket-allocator-block-size=33554432"
    "memorysetup-bucket-allocator-block-count=8"
    "memorysetup-main-allocator-block-size=16777216"
    "memorysetup-thread-allocator-block-size=16777216"
    "memorysetup-gfx-main-allocator-block-size=16777216"
    "memorysetup-gfx-thread-allocator-block-size=16777216"
    "memorysetup-cache-allocator-block-size=4194304"
    "memorysetup-typetree-allocator-block-size=2097152"
    "memorysetup-profiler-bucket-allocator-granularity=16"
    "memorysetup-profiler-bucket-allocator-bucket-count=8"
    "memorysetup-profiler-bucket-allocator-block-size=33554432"
    "memorysetup-profiler-bucket-allocator-block-count=8"
    "memorysetup-profiler-allocator-block-size=16777216"
    "memorysetup-profiler-editor-allocator-block-size=1048576"
    "memorysetup-temp-allocator-size-main=16777216"
    "memorysetup-job-temp-allocator-block-size=2097152"
    "memorysetup-job-temp-allocator-block-size-background=1048576"
    "memorysetup-job-temp-allocator-reduction-small-platforms=262144"
    "memorysetup-allocator-temp-initial-block-size-main=262144"
    "memorysetup-allocator-temp-initial-block-size-worker=262144"
    "memorysetup-temp-allocator-size-background-worker=32768"
    "memorysetup-temp-allocator-size-job-worker=262144"
    "memorysetup-temp-allocator-size-preload-manager=33554432"
    "memorysetup-temp-allocator-size-nav-mesh-worker=65536"
    "memorysetup-temp-allocator-size-audio-worker=65536"
    "memorysetup-temp-allocator-size-cloud-worker=32768"
    "memorysetup-temp-allocator-size-gi-baking-worker=262144"
    "memorysetup-temp-allocator-size-gi-baking-worker=262144"
    "memorysetup-temp-allocator-size-gi-baking-worker=262144"
    "memorysetup-temp-allocator-size-gi-baking-worker=262144"
    "memorysetup-temp-allocator-size-gi-baking-worker=262144"
    "memorysetup-temp-allocator-size-gfx=262144"
Player connection [133198418388288]  Target information:

Player connection [133198418388288]  * "[IP] 192.168.0.21 [Port] 55504 [Flags] 2 [Guid] 3558767874 [EditorId] 3558767874 [Version] 1048832 [Id] LinuxEditor(16,192.168.0.21) [Debug] 1 [PackageName] LinuxEditor [ProjectName] Editor" 

Player connection [133198418388288]  * "[IP] 100.66.195.58 [Port] 55504 [Flags] 2 [Guid] 3558767874 [EditorId] 3558767874 [Version] 1048832 [Id] LinuxEditor(16,192.168.0.21) [Debug] 1 [PackageName] LinuxEditor [ProjectName] Editor" 

Player connection [133198418388288]  * "[IP] 172.18.0.1 [Port] 55504 [Flags] 2 [Guid] 3558767874 [EditorId] 3558767874 [Version] 1048832 [Id] LinuxEditor(16,192.168.0.21) [Debug] 1 [PackageName] LinuxEditor [ProjectName] Editor" 

Player connection [133198418388288]  * "[IP] 172.17.0.1 [Port] 55504 [Flags] 2 [Guid] 3558767874 [EditorId] 3558767874 [Version] 1048832 [Id] LinuxEditor(16,192.168.0.21) [Debug] 1 [PackageName] LinuxEditor [ProjectName] Editor" 

Player connection [133198418388288]  * "[IP] 10.42.0.0 [Port] 55504 [Flags] 2 [Guid] 3558767874 [EditorId] 3558767874 [Version] 1048832 [Id] LinuxEditor(16,192.168.0.21) [Debug] 1 [PackageName] LinuxEditor [ProjectName] Editor" 

Player connection [133198418388288]  * "[IP] 10.42.0.1 [Port] 55504 [Flags] 2 [Guid] 3558767874 [EditorId] 3558767874 [Version] 1048832 [Id] LinuxEditor(16,192.168.0.21) [Debug] 1 [PackageName] LinuxEditor [ProjectName] Editor" 

[Licensing::Client] Handshaking with LicensingClient:
  Version:                 1.18.3+d7ffd15
  Session Id:              4c2d59983b3c4a77b9f8edb08b879ef8
  Correlation Id:          a4aac8f8da2bbfc2169791db8bc4c264
  External correlation Id: 5225045424013601889
  Machine Id:              jd93gYTNlAg1qIhTY9iII/nAhSo=
[Licensing::Module] Successfully connected to LicensingClient on channel: "LicenseClient-worlesenric" (connect: 0.00s, validation: 0.00s, handshake: 0.00s)
[Licensing::IpcConnector] Successfully connected to: "LicenseClient-worlesenric-notifications" at "2026-09-25T16:06:23.556988Z"
[Licensing::Module] Error: Access token is unavailable; failed to update
Player connection [133198418388288] Host joined multi-casting on [225.0.0.222:54997]...
[Licensing::Client] Successfully resolved entitlement details
[Licensing::Module] License group:
  Id: 1375999166540-UnityPersXXXX
  Product: Unity Personal
  Type: Assigned
  Expiration: Unlimited
Player connection [133198418388288] Host joined alternative multi-casting on [225.0.0.222:34997]...
[Licensing::Client] Successfully updated license, isAsync: True, time: 0.00
[Licensing::Client] Successfully resolved entitlement details
[Licensing::Module] Licensing Background thread has ended after 0.00s
Input System module state changed to: Initialized.
[Physics::Module] Initialized fallback backend.
[Physics::Module] Id: 0xdecafbad
[Package Manager] Connected to IPC stream "Upm-1592963" after 0.1 seconds.
Library Redirect Path: Library/
[Physics::Module] Selected backend.
[Physics::Module] Name: PhysX
[Physics::Module] Id: 0xf2b8ea05
[Physics::Module] SDK Version: 4.1.2
[Physics::Module] Integration Version: 1.0.0
[Physics::Module] Threading Mode: Multi-Threaded
Artifact Garbage Collection - Removed 2 unused hashed content filesRefreshing native plugins compatible for Editor in 0.48 ms, found 0 plugins.
Preloading 0 native plugins for Editor in 0.00 ms.
Initialize engine version: 6000.0.75f1 (26349cd2a5c8)
[Subsystems] Discovering subsystems at path /home/worlesenric/Unity/Hub/Editor/6000.0.75f1/Editor/Data/Resources/UnitySubsystems
[Subsystems] Discovering subsystems at path /home/worlesenric/wkspace/gc-wt/w4-gate/unity/GameCore.Validation/Assets
Forcing GfxDevice: Null
GfxDevice: creating device client; kGfxThreadingModeNonThreaded
NullGfxDevice:
    Version:  NULL 1.0 [1.0]
    Renderer: Null Device
    Vendor:   Unity Technologies
Initialize mono
Mono path[0] = '/home/worlesenric/Unity/Hub/Editor/6000.0.75f1/Editor/Data/Managed'
Mono path[1] = '/home/worlesenric/Unity/Hub/Editor/6000.0.75f1/Editor/Data/MonoBleedingEdge/lib/mono/unityjit-linux'
Mono config path = '/home/worlesenric/Unity/Hub/Editor/6000.0.75f1/Editor/Data/MonoBleedingEdge/etc'
Using monoOptions --debugger-agent=transport=dt_socket,embedding=1,server=y,suspend=n,address=127.0.0.1:56963
Using cacheserver namespaces - metadata:defaultmetadata, artifacts:defaultartifacts
Using cacheserver namespaces - metadata:defaultmetadata, artifacts:defaultartifacts
ImportWorker Server TCP listen port: 0
AcceleratorClientConnectionCallback - disconnected - :0
Begin MonoManager ReloadAssembly
Registering precompiled unity dll's ...
Register platform support module: /home/worlesenric/Unity/Hub/Editor/6000.0.75f1/Editor/Data/PlaybackEngines/MacStandaloneSupport/UnityEditor.OSXStandalone.Extensions.dll
Register platform support module: /home/worlesenric/Unity/Hub/Editor/6000.0.75f1/Editor/Data/PlaybackEngines/LinuxStandaloneSupport/UnityEditor.LinuxStandalone.Extensions.dll
Registered in 0.002638 seconds.
- Loaded All Assemblies, in  0.315 seconds
Native extension for LinuxStandalone target not found
Package Manager log level set to [2]
[Licensing::Client] Successfully resolved entitlement details
Native extension for OSXStandalone target not found
Mono: successfully reloaded assembly
- Finished resetting the current domain, in  6.870 seconds
Domain Reload Profiling: 7185ms
	BeginReloadAssembly (137ms)
		ExecutionOrderSort (0ms)
		DisableScriptedObjects (0ms)
		BackupInstance (0ms)
		ReleaseScriptingObjects (0ms)
		CreateAndSetChildDomain (0ms)
	RebuildCommonClasses (26ms)
	RebuildNativeTypeToScriptingClass (6ms)
	initialDomainReloadingComplete (42ms)
	LoadAllAssembliesAndSetupDomain (104ms)
		LoadAssemblies (140ms)
		RebuildTransferFunctionScriptingTraits (0ms)
		AnalyzeDomain (98ms)
			TypeCache.Refresh (97ms)
				TypeCache.ScanAssembly (89ms)
			BuildScriptInfoCaches (0ms)
			ResolveRequiredComponents (0ms)
	FinalizeReload (6871ms)
		ReleaseScriptCaches (0ms)
		RebuildScriptCaches (0ms)
		SetupLoadedEditorAssemblies (6846ms)
			LogAssemblyErrors (0ms)
			InitializePlatformSupportModulesInManaged (6676ms)
			SetLoadedEditorAssemblies (4ms)
			BeforeProcessingInitializeOnLoad (41ms)
			ProcessInitializeOnLoadAttributes (89ms)
			ProcessInitializeOnLoadMethodAttributes (36ms)
			AfterProcessingInitializeOnLoad (0ms)
			EditorAssembliesLoaded (0ms)
		ExecutionOrderSort2 (0ms)
		AwakeInstancesAfterBackupRestoration (0ms)
[Licensing::Client] Successfully resolved entitlement details
Application.AssetDatabase Initial Refresh Start
[Package Manager] Restoring resolved packages state from cache
[Licensing::Client] Successfully resolved entitlement details
[Package Manager] Registered 36 packages:
  Packages from [https://packages.unity.com]:
    com.unity.burst@1.8.28 (location: /home/worlesenric/wkspace/gc-wt/w4-gate/unity/GameCore.Validation/Library/PackageCache/com.unity.burst@07790c2d06d9)
    com.unity.collections@2.6.6 (location: /home/worlesenric/wkspace/gc-wt/w4-gate/unity/GameCore.Validation/Library/PackageCache/com.unity.collections@9796e5ee0d9e)
    com.unity.entities@1.4.6 (location: /home/worlesenric/wkspace/gc-wt/w4-gate/unity/GameCore.Validation/Library/PackageCache/com.unity.entities@e90944159b94)
    com.unity.mathematics@1.3.2 (location: /home/worlesenric/wkspace/gc-wt/w4-gate/unity/GameCore.Validation/Library/PackageCache/com.unity.mathematics@8017b507cc74)
    com.unity.test-framework.performance@3.0.3 (location: /home/worlesenric/wkspace/gc-wt/w4-gate/unity/GameCore.Validation/Library/PackageCache/com.unity.test-framework.performance@fb0dc592af8b)
    com.unity.toolchain.linux-x86_64@2.0.11 (location: /home/worlesenric/wkspace/gc-wt/w4-gate/unity/GameCore.Validation/Library/PackageCache/com.unity.toolchain.linux-x86_64@53b88ff74b51)
    com.unity.sysroot@2.0.10 (location: /home/worlesenric/wkspace/gc-wt/w4-gate/unity/GameCore.Validation/Library/PackageCache/com.unity.sysroot@7bbbb9339c14)
    com.unity.sysroot.linux-x86_64@2.0.9 (location: /home/worlesenric/wkspace/gc-wt/w4-gate/unity/GameCore.Validation/Library/PackageCache/com.unity.sysroot.linux-x86_64@1998d1c7730e)
    com.unity.serialization@3.1.5 (location: /home/worlesenric/wkspace/gc-wt/w4-gate/unity/GameCore.Validation/Library/PackageCache/com.unity.serialization@c463b52e88d7)
    com.unity.profiling.core@1.0.3 (location: /home/worlesenric/wkspace/gc-wt/w4-gate/unity/GameCore.Validation/Library/PackageCache/com.unity.profiling.core@8a49f7027d06)
    com.unity.nuget.mono-cecil@1.11.6 (location: /home/worlesenric/wkspace/gc-wt/w4-gate/unity/GameCore.Validation/Library/PackageCache/com.unity.nuget.mono-cecil@ecb9724e46ff)
    com.unity.scriptablebuildpipeline@2.6.1 (location: /home/worlesenric/wkspace/gc-wt/w4-gate/unity/GameCore.Validation/Library/PackageCache/com.unity.scriptablebuildpipeline@36e3b5898ee2)
  Built-in packages:
    com.unity.modules.assetbundle@1.0.0 (location: /home/worlesenric/wkspace/gc-wt/w4-gate/unity/GameCore.Validation/Library/PackageCache/com.unity.modules.assetbundle)
    com.unity.modules.audio@1.0.0 (location: /home/worlesenric/wkspace/gc-wt/w4-gate/unity/GameCore.Validation/Library/PackageCache/com.unity.modules.audio)
    com.unity.modules.imageconversion@1.0.0 (location: /home/worlesenric/wkspace/gc-wt/w4-gate/unity/GameCore.Validation/Library/PackageCache/com.unity.modules.imageconversion)
    com.unity.modules.imgui@1.0.0 (location: /home/worlesenric/wkspace/gc-wt/w4-gate/unity/GameCore.Validation/Library/PackageCache/com.unity.modules.imgui)
    com.unity.modules.jsonserialize@1.0.0 (location: /home/worlesenric/wkspace/gc-wt/w4-gate/unity/GameCore.Validation/Library/PackageCache/com.unity.modules.jsonserialize)
    com.unity.modules.physics@1.0.0 (location: /home/worlesenric/wkspace/gc-wt/w4-gate/unity/GameCore.Validation/Library/PackageCache/com.unity.modules.physics)
    com.unity.modules.ui@1.0.0 (location: /home/worlesenric/wkspace/gc-wt/w4-gate/unity/GameCore.Validation/Library/PackageCache/com.unity.modules.ui)
    com.unity.modules.uielements@1.0.0 (location: /home/worlesenric/wkspace/gc-wt/w4-gate/unity/GameCore.Validation/Library/PackageCache/com.unity.modules.uielements)
    com.unity.modules.unityanalytics@1.0.0 (location: /home/worlesenric/wkspace/gc-wt/w4-gate/unity/GameCore.Validation/Library/PackageCache/com.unity.modules.unityanalytics)
    com.unity.modules.unitywebrequest@1.0.0 (location: /home/worlesenric/wkspace/gc-wt/w4-gate/unity/GameCore.Validation/Library/PackageCache/com.unity.modules.unitywebrequest)
    com.unity.test-framework@1.6.0 (location: /home/worlesenric/wkspace/gc-wt/w4-gate/unity/GameCore.Validation/Library/PackageCache/com.unity.test-framework@bd52b1c23814)
    com.unity.ext.nunit@2.0.5 (location: /home/worlesenric/wkspace/gc-wt/w4-gate/unity/GameCore.Validation/Library/PackageCache/com.unity.ext.nunit@b16e6d09cd93)
    com.unity.modules.hierarchycore@1.0.0 (location: /home/worlesenric/wkspace/gc-wt/w4-gate/unity/GameCore.Validation/Library/PackageCache/com.unity.modules.hierarchycore)
  Local packages:
    com.gamecore.composition@file:/home/worlesenric/wkspace/gc-wt/w4-gate/Packages/com.gamecore.composition (location: /home/worlesenric/wkspace/gc-wt/w4-gate/Packages/com.gamecore.composition)
    com.gamecore.contracts@file:/home/worlesenric/wkspace/gc-wt/w4-gate/Packages/com.gamecore.contracts (location: /home/worlesenric/wkspace/gc-wt/w4-gate/Packages/com.gamecore.contracts)
    com.gamecore.content.compiler@file:/home/worlesenric/wkspace/gc-wt/w4-gate/Packages/com.gamecore.content.compiler (location: /home/worlesenric/wkspace/gc-wt/w4-gate/Packages/com.gamecore.content.compiler)
    com.gamecore.derivation@file:/home/worlesenric/wkspace/gc-wt/w4-gate/Packages/com.gamecore.derivation (location: /home/worlesenric/wkspace/gc-wt/w4-gate/Packages/com.gamecore.derivation)
    com.gamecore.gameplay.cards@file:/home/worlesenric/wkspace/gc-wt/w4-gate/Packages/com.gamecore.gameplay.cards (location: /home/worlesenric/wkspace/gc-wt/w4-gate/Packages/com.gamecore.gameplay.cards)
    com.gamecore.gameplay.narrative@file:/home/worlesenric/wkspace/gc-wt/w4-gate/Packages/com.gamecore.gameplay.narrative (location: /home/worlesenric/wkspace/gc-wt/w4-gate/Packages/com.gamecore.gameplay.narrative)
    com.gamecore.planning@file:/home/worlesenric/wkspace/gc-wt/w4-gate/Packages/com.gamecore.planning (location: /home/worlesenric/wkspace/gc-wt/w4-gate/Packages/com.gamecore.planning)
    com.gamecore.rules.cards@file:/home/worlesenric/wkspace/gc-wt/w4-gate/Packages/com.gamecore.rules.cards (location: /home/worlesenric/wkspace/gc-wt/w4-gate/Packages/com.gamecore.rules.cards)
    com.gamecore.rules.narrative@file:/home/worlesenric/wkspace/gc-wt/w4-gate/Packages/com.gamecore.rules.narrative (location: /home/worlesenric/wkspace/gc-wt/w4-gate/Packages/com.gamecore.rules.narrative)
    com.gamecore.unity.adapters@file:/home/worlesenric/wkspace/gc-wt/w4-gate/Packages/com.gamecore.unity.adapters (location: /home/worlesenric/wkspace/gc-wt/w4-gate/Packages/com.gamecore.unity.adapters)
    com.gamecore.unity.runtime@file:/home/worlesenric/wkspace/gc-wt/w4-gate/Packages/com.gamecore.unity.runtime (location: /home/worlesenric/wkspace/gc-wt/w4-gate/Packages/com.gamecore.unity.runtime)
[Subsystems] No new subsystems found in resolved package list.
[Package Manager] Done registering packages in 0.00 seconds
Assembly reference Packages/com.unity.entities/Unity.Scenes.Editor/Internals/Properties/Unity.Properties.Internals.asmref has no target assembly definition
Assembly reference Packages/com.unity.entities/Unity.Scenes.Editor/Internals/Properties/Unity.Properties.Internals.asmref has no target assembly definition
[ScriptCompilation] Requested script compilation because: Assetdatabase observed changes in script compilation related files
[40m[32minfo[39m[22m[49m: Microsoft.Hosting.Lifetime[14]
      Now listening on: http://unix:/tmp/ilpp.sock-22974bff0e9b7739523dde025fc7d260
[40m[32minfo[39m[22m[49m: Microsoft.Hosting.Lifetime[0]
      Application started. Press Ctrl+C to shut down.
[40m[32minfo[39m[22m[49m: Microsoft.Hosting.Lifetime[0]
      Hosting environment: Production
[40m[32minfo[39m[22m[49m: Microsoft.Hosting.Lifetime[0]
      Content root path: /home/worlesenric/wkspace/gc-wt/w4-gate/unity/GameCore.Validation/
[40m[32minfo[39m[22m[49m: Microsoft.AspNetCore.Hosting.Diagnostics[1]
      Request starting HTTP/2 POST http://ilpp/UnityILPP.PostProcessing/Ping application/grpc -
[40m[32minfo[39m[22m[49m: Microsoft.AspNetCore.Routing.EndpointMiddleware[0]
      Executing endpoint 'gRPC - /UnityILPP.PostProcessing/Ping'
[40m[32minfo[39m[22m[49m: Microsoft.AspNetCore.Routing.EndpointMiddleware[1]
      Executed endpoint 'gRPC - /UnityILPP.PostProcessing/Ping'
[40m[32minfo[39m[22m[49m: Microsoft.AspNetCore.Hosting.Diagnostics[2]
      Request finished HTTP/2 POST http://ilpp/UnityILPP.PostProcessing/Ping application/grpc - - 200 - application/grpc 28.6173ms
Starting: /home/worlesenric/Unity/Hub/Editor/6000.0.75f1/Editor/Data/bee_backend --ipc --defer-dag-verification --dagfile="Library/Bee/2400b0aE.dag" --continue-on-failure --profile="Library/Bee/backend1.traceevents" ScriptAssemblies
WorkingDir: /home/worlesenric/wkspace/gc-wt/w4-gate/unity/GameCore.Validation
[40m[32minfo[39m[22m[49m: Microsoft.AspNetCore.Hosting.Diagnostics[1]
      Request starting HTTP/2 POST http://ilpp/UnityILPP.PostProcessing/ConfigurePostProcessors application/grpc -
[40m[32minfo[39m[22m[49m: Microsoft.AspNetCore.Routing.EndpointMiddleware[0]
      Executing endpoint 'gRPC - /UnityILPP.PostProcessing/ConfigurePostProcessors'
[40m[1m[33mwarn[39m[22m[49m: Unity.ILPP.Runner.PostProcessingAssemblyLoadContext[0]
      Assembly system.runtime.interopservices.windowsruntime has duplicate hint path. Ignoring "/home/worlesenric/Unity/Hub/Editor/6000.0.75f1/Editor/Data/UnityReferenceAssemblies/unity-4.8-api/Facades/System.Runtime.InteropServices.WindowsRuntime.dll" in favor of "/home/worlesenric/Unity/Hub/Editor/6000.0.75f1/Editor/Data/NetStandard/Extensions/2.0.0/System.Runtime.InteropServices.WindowsRuntime.dll"
[40m[1m[33mwarn[39m[22m[49m: Unity.ILPP.Runner.PostProcessingAssemblyLoadContext[0]
      Assembly system.componentmodel.composition has duplicate hint path. Ignoring "/home/worlesenric/Unity/Hub/Editor/6000.0.75f1/Editor/Data/UnityReferenceAssemblies/unity-4.8-api/System.ComponentModel.Composition.dll" in favor of "/home/worlesenric/Unity/Hub/Editor/6000.0.75f1/Editor/Data/NetStandard/compat/2.1.0/shims/netfx/System.ComponentModel.Composition.dll"
[40m[32minfo[39m[22m[49m: Unity.ILPP.Runner.PostProcessingAssemblyLoadContext[0]
      Resolved Unity.Burst.Cecil, Version=0.11.4.0, Culture=neutral, PublicKeyToken=50cebf1cceb9d05e with Library/PackageCache/com.unity.burst@07790c2d06d9/Unity.Burst.CodeGen/Unity.Burst.Cecil.dll
[40m[32minfo[39m[22m[49m: Unity.ILPP.Runner.PostProcessingAssemblyLoadContext[0]
      Resolved Mono.Cecil, Version=0.11.5.0, Culture=neutral, PublicKeyToken=50cebf1cceb9d05e with Library/PackageCache/com.unity.nuget.mono-cecil@ecb9724e46ff/Mono.Cecil.dll
DisplayProgressbar: Compiling Scripts
[40m[32minfo[39m[22m[49m: Unity.ILPP.Runner.PostProcessingAssemblyLoadContext[0]
      Resolved Unity.Entities, Version=0.0.0.0, Culture=neutral, PublicKeyToken=null with Library/Bee/artifacts/2400b0aE.dag/Unity.Entities.dll
[40m[32minfo[39m[22m[49m: Microsoft.AspNetCore.Routing.EndpointMiddleware[1]
      Executed endpoint 'gRPC - /UnityILPP.PostProcessing/ConfigurePostProcessors'
[40m[32minfo[39m[22m[49m: Microsoft.AspNetCore.Hosting.Diagnostics[2]
      Request finished HTTP/2 POST http://ilpp/UnityILPP.PostProcessing/ConfigurePostProcessors application/grpc - - 200 - application/grpc 35.1349ms
[40m[32minfo[39m[22m[49m: Microsoft.AspNetCore.Hosting.Diagnostics[1]
      Request starting HTTP/2 POST http://ilpp/UnityILPP.PostProcessing/PostProcessAssembly application/grpc -
[40m[32minfo[39m[22m[49m: Microsoft.AspNetCore.Routing.EndpointMiddleware[0]
      Executing endpoint 'gRPC - /UnityILPP.PostProcessing/PostProcessAssembly'
[40m[32minfo[39m[22m[49m: Unity.ILPP.Runner.PostProcessingPipeline[0]
      Processing assembly Library/Bee/artifacts/2400b0aE.dag/GameCore.Validation.ProbeHost.dll, with 124 defines and 248 references
[40m[32minfo[39m[22m[49m: Unity.ILPP.Runner.PostProcessingPipeline[0]
      processors: Unity.Entities.CodeGen.EntitiesILPostProcessors, Unity.Jobs.CodeGen.JobsILPostProcessor, zzzUnity.Burst.CodeGen.BurstILPostProcessor
[40m[32minfo[39m[22m[49m: Unity.ILPP.Runner.PostProcessingPipeline[0]
      running Unity.Entities.CodeGen.EntitiesILPostProcessors
[40m[32minfo[39m[22m[49m: Unity.ILPP.Runner.PostProcessingAssemblyLoadContext[0]
      Resolved Mono.Cecil.Rocks, Version=0.11.5.0, Culture=neutral, PublicKeyToken=50cebf1cceb9d05e with Library/PackageCache/com.unity.nuget.mono-cecil@ecb9724e46ff/Mono.Cecil.Rocks.dll
[40m[32minfo[39m[22m[49m: Unity.ILPP.Runner.PostProcessingAssemblyLoadContext[0]
      Resolved UnityEngine.CoreModule, Version=0.0.0.0, Culture=neutral, PublicKeyToken=null with /home/worlesenric/Unity/Hub/Editor/6000.0.75f1/Editor/Data/Managed/UnityEngine/UnityEngine.CoreModule.dll
[40m[32minfo[39m[22m[49m: Unity.ILPP.Runner.PostProcessingAssemblyLoadContext[0]
      Resolved Unity.Collections, Version=0.0.0.0, Culture=neutral, PublicKeyToken=null with Library/Bee/artifacts/2400b0aE.dag/Unity.Collections.dll
[40m[32minfo[39m[22m[49m: Unity.ILPP.Runner.PostProcessingAssemblyLoadContext[0]
      Resolved Unity.Burst, Version=0.0.0.0, Culture=neutral, PublicKeyToken=null with Library/Bee/artifacts/2400b0aE.dag/Unity.Burst.dll
[40m[32minfo[39m[22m[49m: Unity.ILPP.Runner.PostProcessingAssemblyLoadContext[0]
      Resolved Unity.Cecil.Awesome, Version=1.0.0.0, Culture=neutral, PublicKeyToken=null with Library/PackageCache/com.unity.entities@e90944159b94/Unity.Entities.CodeGen/Unity.Cecil.Awesome.dll
  - EILPP : GameCore.Validation.ProbeHost : : 196ms (~171ms)
    - EILPP : GameCore.Validation.ProbeHost : GetAllComponentTypes: 1ms 
    - EILPP : GameCore.Validation.ProbeHost : Cloner: 1ms 
    - EILPP : GameCore.Validation.ProbeHost : ComponentDataPP: 17ms 
    - EILPP : GameCore.Validation.ProbeHost : StaticTypeRegistryPostProcessor: 6ms 
[40m[32minfo[39m[22m[49m: Unity.ILPP.Runner.PostProcessingPipeline[0]
      running Unity.Jobs.CodeGen.JobsILPostProcessor
[40m[32minfo[39m[22m[49m: Unity.ILPP.Runner.PostProcessingAssemblyLoadContext[0]
      Resolved UnityEditor.CoreModule, Version=0.0.0.0, Culture=neutral, PublicKeyToken=null with /home/worlesenric/Unity/Hub/Editor/6000.0.75f1/Editor/Data/Managed/UnityEngine/UnityEditor.CoreModule.dll
[40m[32minfo[39m[22m[49m: Unity.ILPP.Runner.PostProcessingPipeline[0]
      running zzzUnity.Burst.CodeGen.BurstILPostProcessor
[40m[32minfo[39m[22m[49m: Unity.ILPP.Runner.PostProcessingAssemblyLoadContext[0]
      Resolved Unity.Burst.Cecil.Rocks, Version=0.11.4.0, Culture=neutral, PublicKeyToken=50cebf1cceb9d05e with Library/PackageCache/com.unity.burst@07790c2d06d9/Unity.Burst.CodeGen/Unity.Burst.Cecil.Rocks.dll
[40m[32minfo[39m[22m[49m: Microsoft.AspNetCore.Routing.EndpointMiddleware[1]
      Executed endpoint 'gRPC - /UnityILPP.PostProcessing/PostProcessAssembly'
[40m[32minfo[39m[22m[49m: Microsoft.AspNetCore.Hosting.Diagnostics[2]
      Request finished HTTP/2 POST http://ilpp/UnityILPP.PostProcessing/PostProcessAssembly application/grpc - - 200 - application/grpc 519.9713ms
[40m[32minfo[39m[22m[49m: Microsoft.AspNetCore.Hosting.Diagnostics[1]
      Request starting HTTP/2 POST http://ilpp/UnityILPP.PostProcessing/PostProcessAssembly application/grpc -
[40m[32minfo[39m[22m[49m: Microsoft.AspNetCore.Routing.EndpointMiddleware[0]
      Executing endpoint 'gRPC - /UnityILPP.PostProcessing/PostProcessAssembly'
[40m[32minfo[39m[22m[49m: Unity.ILPP.Runner.PostProcessingPipeline[0]
      Processing assembly Library/Bee/artifacts/2400b0aE.dag/GameCore.W2Gate.Tests.dll, with 122 defines and 265 references
[40m[32minfo[39m[22m[49m: Unity.ILPP.Runner.PostProcessingPipeline[0]
      processors: Unity.Entities.CodeGen.EntitiesILPostProcessors, Unity.Jobs.CodeGen.JobsILPostProcessor, zzzUnity.Burst.CodeGen.BurstILPostProcessor
[40m[32minfo[39m[22m[49m: Unity.ILPP.Runner.PostProcessingPipeline[0]
      running Unity.Entities.CodeGen.EntitiesILPostProcessors
[40m[32minfo[39m[22m[49m: Microsoft.AspNetCore.Hosting.Diagnostics[1]
      Request starting HTTP/2 POST http://ilpp/UnityILPP.PostProcessing/PostProcessAssembly application/grpc -
[40m[32minfo[39m[22m[49m: Microsoft.AspNetCore.Routing.EndpointMiddleware[0]
      Executing endpoint 'gRPC - /UnityILPP.PostProcessing/PostProcessAssembly'
[40m[32minfo[39m[22m[49m: Unity.ILPP.Runner.PostProcessingPipeline[0]
      Processing assembly Library/Bee/artifacts/2400b0aE.dag/GameCore.W1Gate.Tests.dll, with 122 defines and 263 references
[40m[32minfo[39m[22m[49m: Unity.ILPP.Runner.PostProcessingPipeline[0]
      processors: Unity.Entities.CodeGen.EntitiesILPostProcessors, Unity.Jobs.CodeGen.JobsILPostProcessor, zzzUnity.Burst.CodeGen.BurstILPostProcessor
[40m[32minfo[39m[22m[49m: Microsoft.AspNetCore.Hosting.Diagnostics[1]
      Request starting HTTP/2 POST http://ilpp/UnityILPP.PostProcessing/PostProcessAssembly application/grpc -
[40m[32minfo[39m[22m[49m: Unity.ILPP.Runner.PostProcessingPipeline[0]
      running Unity.Entities.CodeGen.EntitiesILPostProcessors
[40m[32minfo[39m[22m[49m: Microsoft.AspNetCore.Hosting.Diagnostics[1]
      Request starting HTTP/2 POST http://ilpp/UnityILPP.PostProcessing/PostProcessAssembly application/grpc -
[40m[32minfo[39m[22m[49m: Microsoft.AspNetCore.Routing.EndpointMiddleware[0]
      Executing endpoint 'gRPC - /UnityILPP.PostProcessing/PostProcessAssembly'
[40m[32minfo[39m[22m[49m: Microsoft.AspNetCore.Routing.EndpointMiddleware[0]
      Executing endpoint 'gRPC - /UnityILPP.PostProcessing/PostProcessAssembly'
[40m[32minfo[39m[22m[49m: Microsoft.AspNetCore.Hosting.Diagnostics[1]
      Request starting HTTP/2 POST http://ilpp/UnityILPP.PostProcessing/PostProcessAssembly application/grpc -
[40m[32minfo[39m[22m[49m: Microsoft.AspNetCore.Routing.EndpointMiddleware[0]
      Executing endpoint 'gRPC - /UnityILPP.PostProcessing/PostProcessAssembly'
[40m[32minfo[39m[22m[49m: Unity.ILPP.Runner.PostProcessingPipeline[0]
      Processing assembly Library/Bee/artifacts/2400b0aE.dag/GameCore.W3Gate.Tests.dll, with 122 defines and 272 references
[40m[32minfo[39m[22m[49m: Unity.ILPP.Runner.PostProcessingPipeline[0]
      Processing assembly Library/Bee/artifacts/2400b0aE.dag/GameCore.W4Profile.Tests.dll, with 122 defines and 273 references
[40m[32minfo[39m[22m[49m: Unity.ILPP.Runner.PostProcessingPipeline[0]
      processors: Unity.Entities.CodeGen.EntitiesILPostProcessors, Unity.Jobs.CodeGen.JobsILPostProcessor, zzzUnity.Burst.CodeGen.BurstILPostProcessor
[40m[32minfo[39m[22m[49m: Unity.ILPP.Runner.PostProcessingPipeline[0]
      processors: Unity.Entities.CodeGen.EntitiesILPostProcessors, Unity.Jobs.CodeGen.JobsILPostProcessor, zzzUnity.Burst.CodeGen.BurstILPostProcessor
[40m[32minfo[39m[22m[49m: Unity.ILPP.Runner.PostProcessingPipeline[0]
      Processing assembly Library/Bee/artifacts/2400b0aE.dag/GameCore.Narrative.Tests.dll, with 122 defines and 269 references
[40m[32minfo[39m[22m[49m: Unity.ILPP.Runner.PostProcessingPipeline[0]
      processors: Unity.Entities.CodeGen.EntitiesILPostProcessors, Unity.Jobs.CodeGen.JobsILPostProcessor, zzzUnity.Burst.CodeGen.BurstILPostProcessor
[40m[32minfo[39m[22m[49m: Unity.ILPP.Runner.PostProcessingPipeline[0]
      running Unity.Entities.CodeGen.EntitiesILPostProcessors
[40m[32minfo[39m[22m[49m: Microsoft.AspNetCore.Hosting.Diagnostics[1]
      Request starting HTTP/2 POST http://ilpp/UnityILPP.PostProcessing/PostProcessAssembly application/grpc -
[40m[32minfo[39m[22m[49m: Microsoft.AspNetCore.Routing.EndpointMiddleware[0]
      Executing endpoint 'gRPC - /UnityILPP.PostProcessing/PostProcessAssembly'
[40m[32minfo[39m[22m[49m: Unity.ILPP.Runner.PostProcessingPipeline[0]
      running Unity.Entities.CodeGen.EntitiesILPostProcessors
[40m[32minfo[39m[22m[49m: Unity.ILPP.Runner.PostProcessingPipeline[0]
      running Unity.Entities.CodeGen.EntitiesILPostProcessors
[40m[32minfo[39m[22m[49m: Microsoft.AspNetCore.Hosting.Diagnostics[1]
      Request starting HTTP/2 POST http://ilpp/UnityILPP.PostProcessing/PostProcessAssembly application/grpc -
[40m[32minfo[39m[22m[49m: Microsoft.AspNetCore.Routing.EndpointMiddleware[0]
      Executing endpoint 'gRPC - /UnityILPP.PostProcessing/PostProcessAssembly'
[40m[32minfo[39m[22m[49m: Microsoft.AspNetCore.Hosting.Diagnostics[1]
      Request starting HTTP/2 POST http://ilpp/UnityILPP.PostProcessing/PostProcessAssembly application/grpc -
[40m[32minfo[39m[22m[49m: Microsoft.AspNetCore.Routing.EndpointMiddleware[0]
      Executing endpoint 'gRPC - /UnityILPP.PostProcessing/PostProcessAssembly'
[40m[32minfo[39m[22m[49m: Unity.ILPP.Runner.PostProcessingPipeline[0]
      Processing assembly Library/Bee/artifacts/2400b0aE.dag/GameCore.Cards.Tests.dll, with 122 defines and 269 references
[40m[32minfo[39m[22m[49m: Unity.ILPP.Runner.PostProcessingPipeline[0]
      processors: Unity.Entities.CodeGen.EntitiesILPostProcessors, Unity.Jobs.CodeGen.JobsILPostProcessor, zzzUnity.Burst.CodeGen.BurstILPostProcessor
[40m[32minfo[39m[22m[49m: Unity.ILPP.Runner.PostProcessingPipeline[0]
      Processing assembly Library/Bee/artifacts/2400b0aE.dag/GameCore.Lifecycle.Tests.dll, with 122 defines and 269 references
[40m[32minfo[39m[22m[49m: Unity.ILPP.Runner.PostProcessingPipeline[0]
      Processing assembly Library/Bee/artifacts/2400b0aE.dag/GameCore.W4Gate.Tests.dll, with 122 defines and 275 references
[40m[32minfo[39m[22m[49m: Unity.ILPP.Runner.PostProcessingPipeline[0]
      processors: Unity.Entities.CodeGen.EntitiesILPostProcessors, Unity.Jobs.CodeGen.JobsILPostProcessor, zzzUnity.Burst.CodeGen.BurstILPostProcessor
[40m[32minfo[39m[22m[49m: Unity.ILPP.Runner.PostProcessingPipeline[0]
      processors: Unity.Entities.CodeGen.EntitiesILPostProcessors, Unity.Jobs.CodeGen.JobsILPostProcessor, zzzUnity.Burst.CodeGen.BurstILPostProcessor
[40m[32minfo[39m[22m[49m: Microsoft.AspNetCore.Hosting.Diagnostics[1]
      Request starting HTTP/2 POST http://ilpp/UnityILPP.PostProcessing/PostProcessAssembly application/grpc -
[40m[32minfo[39m[22m[49m: Microsoft.AspNetCore.Routing.EndpointMiddleware[0]
      Executing endpoint 'gRPC - /UnityILPP.PostProcessing/PostProcessAssembly'
[40m[32minfo[39m[22m[49m: Unity.ILPP.Runner.PostProcessingPipeline[0]
      running Unity.Entities.CodeGen.EntitiesILPostProcessors
[40m[32minfo[39m[22m[49m: Unity.ILPP.Runner.PostProcessingPipeline[0]
      running Unity.Entities.CodeGen.EntitiesILPostProcessors
[40m[32minfo[39m[22m[49m: Unity.ILPP.Runner.PostProcessingPipeline[0]
      running Unity.Entities.CodeGen.EntitiesILPostProcessors
[40m[32minfo[39m[22m[49m: Unity.ILPP.Runner.PostProcessingPipeline[0]
      Processing assembly Library/Bee/artifacts/2400b0aE.dag/GameCore.Gc013.Tests.dll, with 122 defines and 273 references
[40m[32minfo[39m[22m[49m: Unity.ILPP.Runner.PostProcessingPipeline[0]
      processors: Unity.Entities.CodeGen.EntitiesILPostProcessors, Unity.Jobs.CodeGen.JobsILPostProcessor, zzzUnity.Burst.CodeGen.BurstILPostProcessor
[40m[32minfo[39m[22m[49m: Unity.ILPP.Runner.PostProcessingPipeline[0]
      running Unity.Entities.CodeGen.EntitiesILPostProcessors
  - EILPP : GameCore.W3Gate.Tests : : 20ms (~20ms)
[40m[32minfo[39m[22m[49m: Unity.ILPP.Runner.PostProcessingPipeline[0]
      running Unity.Jobs.CodeGen.JobsILPostProcessor
  - EILPP : GameCore.W1Gate.Tests : : 22ms (~22ms)
[40m[32minfo[39m[22m[49m: Unity.ILPP.Runner.PostProcessingPipeline[0]
      running Unity.Jobs.CodeGen.JobsILPostProcessor
  - EILPP : GameCore.W4Profile.Tests : : 21ms (~21ms)
[40m[32minfo[39m[22m[49m: Unity.ILPP.Runner.PostProcessingPipeline[0]
      running Unity.Jobs.CodeGen.JobsILPostProcessor
  - EILPP : GameCore.W2Gate.Tests : : 27ms (~27ms)
[40m[32minfo[39m[22m[49m: Unity.ILPP.Runner.PostProcessingPipeline[0]
      running Unity.Jobs.CodeGen.JobsILPostProcessor
  - EILPP : GameCore.Narrative.Tests : : 24ms (~24ms)
[40m[32minfo[39m[22m[49m: Unity.ILPP.Runner.PostProcessingPipeline[0]
      running Unity.Jobs.CodeGen.JobsILPostProcessor
  - EILPP : GameCore.Gc013.Tests : : 20ms (~20ms)
[40m[32minfo[39m[22m[49m: Unity.ILPP.Runner.PostProcessingPipeline[0]
      running Unity.Jobs.CodeGen.JobsILPostProcessor
  - EILPP : GameCore.W4Gate.Tests : : 21ms (~21ms)
[40m[32minfo[39m[22m[49m: Unity.ILPP.Runner.PostProcessingPipeline[0]
      running Unity.Jobs.CodeGen.JobsILPostProcessor
  - EILPP : GameCore.Lifecycle.Tests : : 21ms (~21ms)
[40m[32minfo[39m[22m[49m: Unity.ILPP.Runner.PostProcessingPipeline[0]
      running Unity.Jobs.CodeGen.JobsILPostProcessor
  - EILPP : GameCore.Cards.Tests : : 49ms (~22ms)
    - EILPP : GameCore.Cards.Tests : ComponentDataPP: 27ms 
[40m[32minfo[39m[22m[49m: Unity.ILPP.Runner.PostProcessingPipeline[0]
      running zzzUnity.Burst.CodeGen.BurstILPostProcessor
[40m[32minfo[39m[22m[49m: Unity.ILPP.Runner.PostProcessingPipeline[0]
      running zzzUnity.Burst.CodeGen.BurstILPostProcessor
[40m[32minfo[39m[22m[49m: Unity.ILPP.Runner.PostProcessingPipeline[0]
      running Unity.Jobs.CodeGen.JobsILPostProcessor
[40m[32minfo[39m[22m[49m: Unity.ILPP.Runner.PostProcessingPipeline[0]
      running zzzUnity.Burst.CodeGen.BurstILPostProcessor
[40m[32minfo[39m[22m[49m: Unity.ILPP.Runner.PostProcessingPipeline[0]
      running zzzUnity.Burst.CodeGen.BurstILPostProcessor
[40m[32minfo[39m[22m[49m: Microsoft.AspNetCore.Routing.EndpointMiddleware[1]
      Executed endpoint 'gRPC - /UnityILPP.PostProcessing/PostProcessAssembly'
[40m[32minfo[39m[22m[49m: Microsoft.AspNetCore.Routing.EndpointMiddleware[1]
      Executed endpoint 'gRPC - /UnityILPP.PostProcessing/PostProcessAssembly'
[40m[32minfo[39m[22m[49m: Microsoft.AspNetCore.Hosting.Diagnostics[2]
      Request finished HTTP/2 POST http://ilpp/UnityILPP.PostProcessing/PostProcessAssembly application/grpc - - 200 - application/grpc 54.9373ms
[40m[32minfo[39m[22m[49m: Microsoft.AspNetCore.Hosting.Diagnostics[2]
      Request finished HTTP/2 POST http://ilpp/UnityILPP.PostProcessing/PostProcessAssembly application/grpc - - 200 - application/grpc 59.8895ms
[40m[32minfo[39m[22m[49m: Microsoft.AspNetCore.Routing.EndpointMiddleware[1]
      Executed endpoint 'gRPC - /UnityILPP.PostProcessing/PostProcessAssembly'
[40m[32minfo[39m[22m[49m: Microsoft.AspNetCore.Hosting.Diagnostics[2]
      Request finished HTTP/2 POST http://ilpp/UnityILPP.PostProcessing/PostProcessAssembly application/grpc - - 200 - application/grpc 56.8182ms
[40m[32minfo[39m[22m[49m: Microsoft.AspNetCore.Routing.EndpointMiddleware[1]
      Executed endpoint 'gRPC - /UnityILPP.PostProcessing/PostProcessAssembly'
[40m[32minfo[39m[22m[49m: Microsoft.AspNetCore.Hosting.Diagnostics[2]
      Request finished HTTP/2 POST http://ilpp/UnityILPP.PostProcessing/PostProcessAssembly application/grpc - - 200 - application/grpc 55.1628ms
[40m[32minfo[39m[22m[49m: Unity.ILPP.Runner.PostProcessingPipeline[0]
      running zzzUnity.Burst.CodeGen.BurstILPostProcessor
[40m[32minfo[39m[22m[49m: Unity.ILPP.Runner.PostProcessingPipeline[0]
      running zzzUnity.Burst.CodeGen.BurstILPostProcessor
[40m[32minfo[39m[22m[49m: Unity.ILPP.Runner.PostProcessingPipeline[0]
      running zzzUnity.Burst.CodeGen.BurstILPostProcessor
[40m[32minfo[39m[22m[49m: Unity.ILPP.Runner.PostProcessingPipeline[0]
      running zzzUnity.Burst.CodeGen.BurstILPostProcessor
[40m[32minfo[39m[22m[49m: Microsoft.AspNetCore.Routing.EndpointMiddleware[1]
      Executed endpoint 'gRPC - /UnityILPP.PostProcessing/PostProcessAssembly'
[40m[32minfo[39m[22m[49m: Microsoft.AspNetCore.Hosting.Diagnostics[2]
      Request finished HTTP/2 POST http://ilpp/UnityILPP.PostProcessing/PostProcessAssembly application/grpc - - 200 - application/grpc 53.3870ms
[40m[32minfo[39m[22m[49m: Microsoft.AspNetCore.Routing.EndpointMiddleware[1]
      Executed endpoint 'gRPC - /UnityILPP.PostProcessing/PostProcessAssembly'
[40m[32minfo[39m[22m[49m: Microsoft.AspNetCore.Routing.EndpointMiddleware[1]
      Executed endpoint 'gRPC - /UnityILPP.PostProcessing/PostProcessAssembly'
[40m[32minfo[39m[22m[49m: Microsoft.AspNetCore.Hosting.Diagnostics[2]
      Request finished HTTP/2 POST http://ilpp/UnityILPP.PostProcessing/PostProcessAssembly application/grpc - - 200 - application/grpc 56.6662ms
[40m[32minfo[39m[22m[49m: Microsoft.AspNetCore.Hosting.Diagnostics[2]
      Request finished HTTP/2 POST http://ilpp/UnityILPP.PostProcessing/PostProcessAssembly application/grpc - - 200 - application/grpc 51.5786ms
[40m[32minfo[39m[22m[49m: Microsoft.AspNetCore.Routing.EndpointMiddleware[1]
      Executed endpoint 'gRPC - /UnityILPP.PostProcessing/PostProcessAssembly'
[40m[32minfo[39m[22m[49m: Microsoft.AspNetCore.Hosting.Diagnostics[2]
      Request finished HTTP/2 POST http://ilpp/UnityILPP.PostProcessing/PostProcessAssembly application/grpc - - 200 - application/grpc 52.9513ms
[40m[32minfo[39m[22m[49m: Unity.ILPP.Runner.PostProcessingPipeline[0]
      running zzzUnity.Burst.CodeGen.BurstILPostProcessor
[40m[32minfo[39m[22m[49m: Microsoft.AspNetCore.Routing.EndpointMiddleware[1]
      Executed endpoint 'gRPC - /UnityILPP.PostProcessing/PostProcessAssembly'
[40m[32minfo[39m[22m[49m: Microsoft.AspNetCore.Hosting.Diagnostics[2]
      Request finished HTTP/2 POST http://ilpp/UnityILPP.PostProcessing/PostProcessAssembly application/grpc - - 200 - application/grpc 57.9498ms
ExitCode: 0 Duration: 2s267ms
[641/877    0s] ILPP-Configuration Library/ilpp-configuration.nevergeneratedoutput
[837/877    1s] Csc Library/Bee/artifacts/2400b0aE.dag/GameCore.Validation.ProbeHost.dll (+2 others)
Assets/GameCore.Validation/Runtime/ProbeWorldDispatch.cs(201,30): warning CS8604: Possible null reference argument for parameter 'host' in 'void ProbeWorldDispatch.ReleaseWorld(UnityWorldHost host, ulong operationSequence)'.
Assets/GameCore.Validation/Runtime/ProbeWorldDispatch.cs(202,30): warning CS8604: Possible null reference argument for parameter 'host' in 'void ProbeWorldDispatch.ReleaseWorld(UnityWorldHost host, ulong operationSequence)'.
Assets/GameCore.Validation/Runtime/ProbeWorldDispatch.cs(252,30): warning CS8604: Possible null reference argument for parameter 'host' in 'void ProbeWorldDispatch.ReleaseWorld(UnityWorldHost host, ulong operationSequence)'.
Assets/GameCore.Validation/Runtime/ProbeWorldDispatch.cs(310,30): warning CS8604: Possible null reference argument for parameter 'host' in 'void ProbeWorldDispatch.ReleaseWorld(UnityWorldHost host, ulong operationSequence)'.
Assets/GameCore.Validation/Runtime/ProbeWorldDispatch.cs(355,30): warning CS8604: Possible null reference argument for parameter 'host' in 'void ProbeWorldDispatch.ReleaseWorld(UnityWorldHost host, ulong operationSequence)'.
Assets/GameCore.Validation/Runtime/ProbeWorldDispatch.cs(451,30): warning CS8604: Possible null reference argument for parameter 'host' in 'void ProbeWorldDispatch.ReleaseWorld(UnityWorldHost host, ulong operationSequence)'.
[838/877    0s] ILPostProcess Library/Bee/artifacts/2400b0aE.dag/post-processed/GameCore.Validation.ProbeHost.dll (+pdb)
Processing assembly Library/Bee/artifacts/2400b0aE.dag/GameCore.Validation.ProbeHost.dll, with 124 defines and 248 references
processors: Unity.Entities.CodeGen.EntitiesILPostProcessors, Unity.Jobs.CodeGen.JobsILPostProcessor, zzzUnity.Burst.CodeGen.BurstILPostProcessor
running Unity.Entities.CodeGen.EntitiesILPostProcessors
running Unity.Jobs.CodeGen.JobsILPostProcessor
running zzzUnity.Burst.CodeGen.BurstILPostProcessor
[839/877    0s] CopyFiles Library/ScriptAssemblies/GameCore.Validation.ProbeHost.pdb
[840/877    0s] CopyFiles Library/ScriptAssemblies/GameCore.Validation.ProbeHost.dll
[841/877    0s] Csc Library/Bee/artifacts/2400b0aE.dag/GameCore.W1Gate.Tests.dll (+2 others)
[842/877    0s] Csc Library/Bee/artifacts/2400b0aE.dag/GameCore.W2Gate.Tests.dll (+2 others)
[843/877    0s] Csc Library/Bee/artifacts/2400b0aE.dag/GameCore.Narrative.Tests.dll (+2 others)
[844/877    0s] Csc Library/Bee/artifacts/2400b0aE.dag/GameCore.W4Profile.Tests.dll (+2 others)
[845/877    0s] Csc Library/Bee/artifacts/2400b0aE.dag/GameCore.Lifecycle.Tests.dll (+2 others)
[846/877    0s] Csc Library/Bee/artifacts/2400b0aE.dag/GameCore.W3Gate.Tests.dll (+2 others)
[847/877    0s] Csc Library/Bee/artifacts/2400b0aE.dag/GameCore.Gc013.Tests.dll (+2 others)
[848/877    0s] Csc Library/Bee/artifacts/2400b0aE.dag/GameCore.Cards.Tests.dll (+2 others)
[849/877    0s] Csc Library/Bee/artifacts/2400b0aE.dag/GameCore.W4Gate.Tests.dll (+2 others)
[850/877    0s] ILPostProcess Library/Bee/artifacts/2400b0aE.dag/post-processed/GameCore.W3Gate.Tests.dll (+pdb)
Processing assembly Library/Bee/artifacts/2400b0aE.dag/GameCore.W3Gate.Tests.dll, with 122 defines and 272 references
processors: Unity.Entities.CodeGen.EntitiesILPostProcessors, Unity.Jobs.CodeGen.JobsILPostProcessor, zzzUnity.Burst.CodeGen.BurstILPostProcessor
running Unity.Entities.CodeGen.EntitiesILPostProcessors
running Unity.Jobs.CodeGen.JobsILPostProcessor
running zzzUnity.Burst.CodeGen.BurstILPostProcessor
[851/877    0s] ILPostProcess Library/Bee/artifacts/2400b0aE.dag/post-processed/GameCore.W4Profile.Tests.dll (+pdb)
Processing assembly Library/Bee/artifacts/2400b0aE.dag/GameCore.W4Profile.Tests.dll, with 122 defines and 273 references
processors: Unity.Entities.CodeGen.EntitiesILPostProcessors, Unity.Jobs.CodeGen.JobsILPostProcessor, zzzUnity.Burst.CodeGen.BurstILPostProcessor
running Unity.Entities.CodeGen.EntitiesILPostProcessors
running Unity.Jobs.CodeGen.JobsILPostProcessor
running zzzUnity.Burst.CodeGen.BurstILPostProcessor
[852/877    0s] ILPostProcess Library/Bee/artifacts/2400b0aE.dag/post-processed/GameCore.W2Gate.Tests.dll (+pdb)
Processing assembly Library/Bee/artifacts/2400b0aE.dag/GameCore.W2Gate.Tests.dll, with 122 defines and 265 references
processors: Unity.Entities.CodeGen.EntitiesILPostProcessors, Unity.Jobs.CodeGen.JobsILPostProcessor, zzzUnity.Burst.CodeGen.BurstILPostProcessor
running Unity.Entities.CodeGen.EntitiesILPostProcessors
running Unity.Jobs.CodeGen.JobsILPostProcessor
running zzzUnity.Burst.CodeGen.BurstILPostProcessor
[853/877    0s] ILPostProcess Library/Bee/artifacts/2400b0aE.dag/post-processed/GameCore.W1Gate.Tests.dll (+pdb)
Processing assembly Library/Bee/artifacts/2400b0aE.dag/GameCore.W1Gate.Tests.dll, with 122 defines and 263 references
processors: Unity.Entities.CodeGen.EntitiesILPostProcessors, Unity.Jobs.CodeGen.JobsILPostProcessor, zzzUnity.Burst.CodeGen.BurstILPostProcessor
running Unity.Entities.CodeGen.EntitiesILPostProcessors
running Unity.Jobs.CodeGen.JobsILPostProcessor
running zzzUnity.Burst.CodeGen.BurstILPostProcessor
[854/877    0s] ILPostProcess Library/Bee/artifacts/2400b0aE.dag/post-processed/GameCore.Gc013.Tests.dll (+pdb)
Processing assembly Library/Bee/artifacts/2400b0aE.dag/GameCore.Gc013.Tests.dll, with 122 defines and 273 references
processors: Unity.Entities.CodeGen.EntitiesILPostProcessors, Unity.Jobs.CodeGen.JobsILPostProcessor, zzzUnity.Burst.CodeGen.BurstILPostProcessor
running Unity.Entities.CodeGen.EntitiesILPostProcessors
running Unity.Jobs.CodeGen.JobsILPostProcessor
running zzzUnity.Burst.CodeGen.BurstILPostProcessor
[855/877    0s] ILPostProcess Library/Bee/artifacts/2400b0aE.dag/post-processed/GameCore.Lifecycle.Tests.dll (+pdb)
Processing assembly Library/Bee/artifacts/2400b0aE.dag/GameCore.Lifecycle.Tests.dll, with 122 defines and 269 references
processors: Unity.Entities.CodeGen.EntitiesILPostProcessors, Unity.Jobs.CodeGen.JobsILPostProcessor, zzzUnity.Burst.CodeGen.BurstILPostProcessor
running Unity.Entities.CodeGen.EntitiesILPostProcessors
running Unity.Jobs.CodeGen.JobsILPostProcessor
running zzzUnity.Burst.CodeGen.BurstILPostProcessor
[856/877    0s] ILPostProcess Library/Bee/artifacts/2400b0aE.dag/post-processed/GameCore.Narrative.Tests.dll (+pdb)
Processing assembly Library/Bee/artifacts/2400b0aE.dag/GameCore.Narrative.Tests.dll, with 122 defines and 269 references
processors: Unity.Entities.CodeGen.EntitiesILPostProcessors, Unity.Jobs.CodeGen.JobsILPostProcessor, zzzUnity.Burst.CodeGen.BurstILPostProcessor
running Unity.Entities.CodeGen.EntitiesILPostProcessors
running Unity.Jobs.CodeGen.JobsILPostProcessor
running zzzUnity.Burst.CodeGen.BurstILPostProcessor
[857/877    0s] ILPostProcess Library/Bee/artifacts/2400b0aE.dag/post-processed/GameCore.Cards.Tests.dll (+pdb)
Processing assembly Library/Bee/artifacts/2400b0aE.dag/GameCore.Cards.Tests.dll, with 122 defines and 269 references
processors: Unity.Entities.CodeGen.EntitiesILPostProcessors, Unity.Jobs.CodeGen.JobsILPostProcessor, zzzUnity.Burst.CodeGen.BurstILPostProcessor
running Unity.Entities.CodeGen.EntitiesILPostProcessors
running Unity.Jobs.CodeGen.JobsILPostProcessor
running zzzUnity.Burst.CodeGen.BurstILPostProcessor
[858/877    0s] ILPostProcess Library/Bee/artifacts/2400b0aE.dag/post-processed/GameCore.W4Gate.Tests.dll (+pdb)
Processing assembly Library/Bee/artifacts/2400b0aE.dag/GameCore.W4Gate.Tests.dll, with 122 defines and 275 references
processors: Unity.Entities.CodeGen.EntitiesILPostProcessors, Unity.Jobs.CodeGen.JobsILPostProcessor, zzzUnity.Burst.CodeGen.BurstILPostProcessor
running Unity.Entities.CodeGen.EntitiesILPostProcessors
running Unity.Jobs.CodeGen.JobsILPostProcessor
running zzzUnity.Burst.CodeGen.BurstILPostProcessor
[859/877    0s] CopyFiles Library/ScriptAssemblies/GameCore.W3Gate.Tests.dll
[860/877    0s] CopyFiles Library/ScriptAssemblies/GameCore.W3Gate.Tests.pdb
[861/877    0s] CopyFiles Library/ScriptAssemblies/GameCore.W1Gate.Tests.dll
[862/877    0s] CopyFiles Library/ScriptAssemblies/GameCore.W1Gate.Tests.pdb
[863/877    0s] CopyFiles Library/ScriptAssemblies/GameCore.W2Gate.Tests.dll
[864/877    0s] CopyFiles Library/ScriptAssemblies/GameCore.W2Gate.Tests.pdb
[865/877    0s] CopyFiles Library/ScriptAssemblies/GameCore.W4Profile.Tests.dll
[866/877    0s] CopyFiles Library/ScriptAssemblies/GameCore.W4Profile.Tests.pdb
[867/877    0s] CopyFiles Library/ScriptAssemblies/GameCore.Gc013.Tests.pdb
[868/877    0s] CopyFiles Library/ScriptAssemblies/GameCore.Gc013.Tests.dll
[869/877    0s] CopyFiles Library/ScriptAssemblies/GameCore.Lifecycle.Tests.pdb
[870/877    0s] CopyFiles Library/ScriptAssemblies/GameCore.Lifecycle.Tests.dll
[871/877    0s] CopyFiles Library/ScriptAssemblies/GameCore.W4Gate.Tests.dll
[872/877    0s] CopyFiles Library/ScriptAssemblies/GameCore.W4Gate.Tests.pdb
[873/877    0s] CopyFiles Library/ScriptAssemblies/GameCore.Narrative.Tests.dll
[874/877    0s] CopyFiles Library/ScriptAssemblies/GameCore.Cards.Tests.pdb
[875/877    0s] CopyFiles Library/ScriptAssemblies/GameCore.Cards.Tests.dll
[876/877    0s] CopyFiles Library/ScriptAssemblies/GameCore.Narrative.Tests.pdb
*** Tundra build success (2.25 seconds), 41 items updated, 877 evaluated
Assets/GameCore.Validation/Runtime/ProbeWorldDispatch.cs(201,30): warning CS8604: Possible null reference argument for parameter 'host' in 'void ProbeWorldDispatch.ReleaseWorld(UnityWorldHost host, ulong operationSequence)'.
Assets/GameCore.Validation/Runtime/ProbeWorldDispatch.cs(202,30): warning CS8604: Possible null reference argument for parameter 'host' in 'void ProbeWorldDispatch.ReleaseWorld(UnityWorldHost host, ulong operationSequence)'.
Assets/GameCore.Validation/Runtime/ProbeWorldDispatch.cs(252,30): warning CS8604: Possible null reference argument for parameter 'host' in 'void ProbeWorldDispatch.ReleaseWorld(UnityWorldHost host, ulong operationSequence)'.
Assets/GameCore.Validation/Runtime/ProbeWorldDispatch.cs(310,30): warning CS8604: Possible null reference argument for parameter 'host' in 'void ProbeWorldDispatch.ReleaseWorld(UnityWorldHost host, ulong operationSequence)'.
Assets/GameCore.Validation/Runtime/ProbeWorldDispatch.cs(355,30): warning CS8604: Possible null reference argument for parameter 'host' in 'void ProbeWorldDispatch.ReleaseWorld(UnityWorldHost host, ulong operationSequence)'.
Assets/GameCore.Validation/Runtime/ProbeWorldDispatch.cs(451,30): warning CS8604: Possible null reference argument for parameter 'host' in 'void ProbeWorldDispatch.ReleaseWorld(UnityWorldHost host, ulong operationSequence)'.
Assets/GameCore.Validation/Runtime/ProbeWorldDispatch.cs(252,30): warning CS8604: Possible null reference argument for parameter 'host' in 'void ProbeWorldDispatch.ReleaseWorld(UnityWorldHost host, ulong operationSequence)'.
Assets/GameCore.Validation/Runtime/ProbeWorldDispatch.cs(310,30): warning CS8604: Possible null reference argument for parameter 'host' in 'void ProbeWorldDispatch.ReleaseWorld(UnityWorldHost host, ulong operationSequence)'.
Assets/GameCore.Validation/Runtime/ProbeWorldDispatch.cs(355,30): warning CS8604: Possible null reference argument for parameter 'host' in 'void ProbeWorldDispatch.ReleaseWorld(UnityWorldHost host, ulong operationSequence)'.
Assets/GameCore.Validation/Runtime/ProbeWorldDispatch.cs(451,30): warning CS8604: Possible null reference argument for parameter 'host' in 'void ProbeWorldDispatch.ReleaseWorld(UnityWorldHost host, ulong operationSequence)'.
AssetDatabase: script compilation time: 2.630929s
Begin MonoManager ReloadAssembly
Total cache size 169947908
Total cache size after purge 169947908, took 00:00:00.0630322
- Loaded All Assemblies, in  0.384 seconds
Refreshing native plugins compatible for Editor in 0.13 ms, found 1 plugins.
Native extension for LinuxStandalone target not found
Native extension for OSXStandalone target not found
Assembly reference Packages/com.unity.entities/Unity.Scenes.Editor/Internals/Properties/Unity.Properties.Internals.asmref has no target assembly definition
TypeManager.Initialize took: 93ms
Mono: successfully reloaded assembly
- Finished resetting the current domain, in  1.862 seconds
Domain Reload Profiling: 2245ms
	BeginReloadAssembly (104ms)
		ExecutionOrderSort (0ms)
		DisableScriptedObjects (8ms)
		BackupInstance (0ms)
		ReleaseScriptingObjects (0ms)
		CreateAndSetChildDomain (27ms)
	RebuildCommonClasses (24ms)
	RebuildNativeTypeToScriptingClass (5ms)
	initialDomainReloadingComplete (19ms)
	LoadAllAssembliesAndSetupDomain (229ms)
		LoadAssemblies (178ms)
		RebuildTransferFunctionScriptingTraits (0ms)
		AnalyzeDomain (93ms)
			TypeCache.Refresh (63ms)
				TypeCache.ScanAssembly (57ms)
			BuildScriptInfoCaches (26ms)
			ResolveRequiredComponents (1ms)
	FinalizeReload (1862ms)
		ReleaseScriptCaches (0ms)
		RebuildScriptCaches (0ms)
		SetupLoadedEditorAssemblies (1782ms)
			LogAssemblyErrors (0ms)
			InitializePlatformSupportModulesInManaged (33ms)
			SetLoadedEditorAssemblies (3ms)
			BeforeProcessingInitializeOnLoad (90ms)
			ProcessInitializeOnLoadAttributes (1545ms)
			ProcessInitializeOnLoadMethodAttributes (108ms)
			AfterProcessingInitializeOnLoad (2ms)
			EditorAssembliesLoaded (0ms)
		ExecutionOrderSort2 (0ms)
		AwakeInstancesAfterBackupRestoration (4ms)
Refreshing native plugins compatible for Editor in 0.15 ms, found 1 plugins.
Preloading 0 native plugins for Editor in 0.00 ms.
Asset Pipeline Refresh (id=e0109c283562ee6b194eeb33cc49b9fb): Total: 5.419 seconds - Initiated by InitialRefreshV2(ForceSynchronousImport)
	Summary:
		Imports: total=0 (actual=0, local cache=0, cache server=0)
		Asset DB Process Time: managed=0 ms, native=2141 ms
		Asset DB Callback time: managed=232 ms, native=7 ms
		Scripting: domain reloads=1, domain reload time=384 ms, compile time=2632 ms, other=19 ms
		Project Asset Count: scripts=805, non-scripts=702
		Asset File Changes: new=0, changed=2, moved=0, deleted=0
		Scan Filter Count: 1
	InvokeCustomDependenciesCallbacks: 0.003ms
	InvokePackagesCallback: 6.091ms
	ApplyChangesToAssetFolders: 0.193ms
	Scan: 169.841ms
	OnSourceAssetsModified: 0.606ms
	CategorizeAssetsWithTransientArtifact: 11.561ms
	ProcessAssetsWithTransientArtifactChanges: 17.400ms
	CategorizeAssets: 10.118ms
	ImportOutOfDateAssets: 1864.815ms (-768.256ms without children)
		CompileScripts: 2632.330ms
		ReloadNativeAssets: 0.000ms
		UnloadImportedAssets: 0.166ms
		EnsureUptoDateAssetsAreRegisteredWithGuidPM: 0.216ms
		InitializingProgressBar: 0.000ms
		PostProcessAllAssetNotificationsAddChangedAssets: 0.000ms
		OnDemandSchedulerStart: 0.359ms
	PostProcessAllAssets: 233.842ms
	Hotreload: 0.777ms
	GatherAllCurrentPrimaryArtifactRevisions: 0.000ms
	UnloadStreamsBegin: 0.176ms
	PersistCurrentRevisions: 0.043ms
	UnloadStreamsEnd: 0.001ms
	GenerateScriptTypeHashes: 1.114ms
	Untracked: 3103.463ms

Application.AssetDatabase Initial Refresh End
Scanning for USB devices : 0.743ms
Initializing Unity extensions:
UpdateMenuTitleForLanguage: 10
[MODES] ModeService[none].Initialize
[MODES] ModeService[none].LoadModes
[MODES] Loading mode Default (0) for mode-current-id-GameCoreProbe
Unloading 4 Unused Serialized files (Serialized files now loaded: 0)
Unloading 2844 unused Assets / (2.1 MB). Loaded Objects now: 3316.
Memory consumption went from 113.4 MB to 111.3 MB.
Total: 9.207091 ms (FindLiveObjects: 0.313472 ms CreateObjectMapping: 0.268748 ms MarkObjects: 7.138888 ms  DeleteObjects: 1.484687 ms)

Batchmode quit successfully invoked - shutting down!
Curl error 42: Callback aborted
Unloading 1 Unused Serialized files (Serialized files now loaded: 0)
Unloading 0 unused Assets / (0 B). Loaded Objects now: 3322.
Memory consumption went from 103.9 MB to 103.9 MB.
Total: 4.500404 ms (FindLiveObjects: 0.102196 ms CreateObjectMapping: 0.043331 ms MarkObjects: 4.349729 ms  DeleteObjects: 0.004440 ms)

[Physics::Module] Cleanup current backned.
[Physics::Module] Id: 0xf2b8ea05
Input System module state changed to: ShutdownInProgress.
Input System polling thread exited.
Input System module state changed to: Shutdown.
[Licensing::IpcConnector] LicenseClient-worlesenric-notifications channel disconnected successfully.
[Licensing::IpcConnector] LicenseClient-worlesenric channel disconnected successfully.
AcceleratorClientConnectionCallback - disconnected - :0
[40m[32minfo[39m[22m[49m: Microsoft.Hosting.Lifetime[0]
      Application is shutting down...
[40m[32minfo[39m[22m[49m: Unity.ILPP.Runner.PostProcessingAssemblyLoadContext[0]
      ALC ILPP context 1 is unloading
Cleanup mono
debugger-agent: Unable to listen on 42
Exiting batchmode successfully now!
