[2026-10-06T23:47:42.773Z][INFO] Command-line: ~/Unity/Hub/Editor/6000.0.75f1/Editor/Data/Resources/PackageManager/Server/UnityPackageManager -s 331899 -ipc -ipc-path /tmp/Unity-Upm-331899.sock -l 2 --log-file ~/wkspace/gc-studio/p4.2h/artifacts/studio/verification/W-AI-01/p42h-robe-20261006T234742.071996Z/upm.log
[2026-10-06T23:47:42.779Z][INFO] IPC server started (IPC path=/tmp/Unity-Upm-331899.sock).
[2026-10-06T23:47:42.779Z][INFO] Hint: To connect to this UPM instance, launch Unity with the command-line parameter -upmIpcPath Upm-331899.
[2026-10-06T23:47:43.686Z][INFO] project:add-dependency <-- Request received
params: {
  "packageId": "com.unity.toolchain.linux-x86_64"
}
[2026-10-06T23:48:02.877Z][INFO] project:add-dependency --> 200 (19191 ms)
[2026-10-06T23:48:03.153Z][INFO] project:list-packages <-- Request received
params: {}
[2026-10-06T23:48:03.214Z][INFO] project:list-packages <-- Request received
params: {}
[2026-10-06T23:48:03.226Z][INFO] project:list-packages <-- Request received
params: {}
[2026-10-06T23:48:03.236Z][INFO] config:project:get-registries <-- Request received
params: {}
[2026-10-06T23:48:03.270Z][INFO] config:project:get-registries --> 200 (34 ms)
[2026-10-06T23:48:04.143Z][INFO] project:list-packages --> 200 (990 ms)
[2026-10-06T23:48:04.388Z][INFO] project:list-packages --> 200 (1174 ms)
[2026-10-06T23:48:05.568Z][INFO] project:list-packages --> 200 (2342 ms)
[2026-10-06T23:48:15.961Z][INFO] project:list-packages <-- Request received
params: {}
[2026-10-06T23:48:16.357Z][INFO] project:list-packages --> 200 (396 ms)
[2026-10-06T23:48:19.259Z][INFO] project:list-packages <-- Request received
params: {}
[2026-10-06T23:48:19.270Z][INFO] project:list-packages <-- Request received
params: {}
[2026-10-06T23:48:19.300Z][INFO] config:project:get-registries <-- Request received
params: {}
[2026-10-06T23:48:19.305Z][INFO] config:project:get-registries --> 200 (5 ms)
[2026-10-06T23:48:19.896Z][INFO] project:list-packages --> 200 (626 ms)
[2026-10-06T23:48:24.214Z][INFO] project:list-packages <-- Request received
params: {}
[2026-10-06T23:48:24.225Z][INFO] project:list-packages <-- Request received
params: {}
[2026-10-06T23:48:24.894Z][INFO] project:list-packages --> 200 (680 ms)
[2026-10-06T23:48:34.882Z][INFO] project:list-packages <-- Request received
params: {}
[2026-10-06T23:48:35.180Z][INFO] project:list-packages --> 200 (298 ms)
[2026-10-06T23:48:35.392Z][INFO] project:list-packages <-- Request received
params: {}
[2026-10-06T23:48:35.404Z][INFO] config:project:get-registries <-- Request received
params: {}
[2026-10-06T23:48:35.418Z][INFO] config:project:get-registries --> 200 (14 ms)
[2026-10-06T23:48:39.825Z][INFO] project:list-packages --> 200 (15600 ms)
[2026-10-06T23:48:39.827Z][INFO] project:list-packages --> 200 (20568 ms)
[2026-10-06T23:48:39.827Z][INFO] project:list-packages --> 200 (4435 ms)
[2026-10-06T23:49:13.995Z][INFO] project:list-packages <-- Request received
params: {}
[2026-10-06T23:49:14.600Z][INFO] project:list-packages --> 200 (605 ms)
[2026-10-06T23:49:14.736Z][INFO] config:project:get-registries <-- Request received
params: {}
[2026-10-06T23:49:14.742Z][INFO] config:project:get-registries --> 200 (6 ms)
[2026-10-06T23:49:24.726Z][INFO] project:list-packages <-- Request received
params: {}
[2026-10-06T23:49:25.083Z][INFO] project:list-packages --> 200 (357 ms)
[2026-10-06T23:49:25.242Z][INFO] config:project:get-registries <-- Request received
params: {}
[2026-10-06T23:49:25.244Z][INFO] config:project:get-registries --> 200 (2 ms)
[2026-10-06T23:49:39.300Z][INFO] Received shutdown request (SIGINT), shutting down Unity Package Manager
