[2026-10-07T18:33:18.585Z][INFO] Command-line: ~/Unity/Hub/Editor/6000.0.75f1/Editor/Data/Resources/PackageManager/Server/UnityPackageManager -s 3786703 -ipc -ipc-path /tmp/Unity-Upm-3786703.sock -l 2 --log-file ~/wkspace/gc-studio/p4.2k/artifacts/studio/verification/W-UI-03/p42k-lantern-20261007T183317.888425Z/upm.log
[2026-10-07T18:33:18.593Z][INFO] IPC server started (IPC path=/tmp/Unity-Upm-3786703.sock).
[2026-10-07T18:33:18.593Z][INFO] Hint: To connect to this UPM instance, launch Unity with the command-line parameter -upmIpcPath Upm-3786703.
[2026-10-07T18:33:19.336Z][INFO] project:add-dependency <-- Request received
params: {
  "packageId": "com.unity.toolchain.linux-x86_64"
}
[2026-10-07T18:33:37.881Z][INFO] project:add-dependency --> 200 (18545 ms)
[2026-10-07T18:33:38.144Z][INFO] project:list-packages <-- Request received
params: {}
[2026-10-07T18:33:38.196Z][INFO] project:list-packages <-- Request received
params: {}
[2026-10-07T18:33:38.205Z][INFO] project:list-packages <-- Request received
params: {}
[2026-10-07T18:33:38.217Z][INFO] config:project:get-registries <-- Request received
params: {}
[2026-10-07T18:33:38.254Z][INFO] config:project:get-registries --> 200 (37 ms)
[2026-10-07T18:33:39.289Z][INFO] project:list-packages --> 200 (1146 ms)
[2026-10-07T18:33:39.593Z][INFO] project:list-packages --> 200 (1398 ms)
[2026-10-07T18:33:41.594Z][INFO] project:list-packages <-- Request received
params: {}
[2026-10-07T18:33:41.966Z][INFO] project:list-packages --> 200 (3761 ms)
[2026-10-07T18:33:42.018Z][INFO] project:list-packages --> 200 (424 ms)
[2026-10-07T18:33:45.178Z][INFO] project:list-packages <-- Request received
params: {}
[2026-10-07T18:33:45.188Z][INFO] project:list-packages <-- Request received
params: {}
[2026-10-07T18:33:45.198Z][INFO] config:project:get-registries <-- Request received
params: {}
[2026-10-07T18:33:45.220Z][INFO] config:project:get-registries --> 200 (22 ms)
[2026-10-07T18:33:46.063Z][INFO] project:list-packages --> 200 (885 ms)
[2026-10-07T18:33:46.107Z][INFO] project:list-packages --> 200 (919 ms)
[2026-10-07T18:33:48.333Z][INFO] project:list-packages <-- Request received
params: {}
[2026-10-07T18:33:48.345Z][INFO] project:list-packages <-- Request received
params: {}
[2026-10-07T18:33:49.581Z][INFO] project:list-packages --> 200 (1248 ms)
[2026-10-07T18:33:49.721Z][INFO] project:list-packages --> 200 (1376 ms)
[2026-10-07T18:33:59.215Z][INFO] Received shutdown request (SIGINT), shutting down Unity Package Manager
