[2026-10-07T05:58:20.672Z][INFO] Command-line: ~/Unity/Hub/Editor/6000.0.75f1/Editor/Data/Resources/PackageManager/Server/UnityPackageManager -s 1481401 -ipc -ipc-path /tmp/Unity-Upm-1481401.sock -l 2 --log-file ~/wkspace/gc-studio/p4.2i/artifacts/studio/verification/W-MECH-01/p42i-stage-submit-cold-20261007T055820.084238Z/upm.log
[2026-10-07T05:58:20.677Z][INFO] IPC server started (IPC path=/tmp/Unity-Upm-1481401.sock).
[2026-10-07T05:58:20.677Z][INFO] Hint: To connect to this UPM instance, launch Unity with the command-line parameter -upmIpcPath Upm-1481401.
[2026-10-07T05:58:21.508Z][INFO] project:add-dependency <-- Request received
params: {
  "packageId": "com.unity.toolchain.linux-x86_64"
}
[2026-10-07T05:58:48.341Z][INFO] project:add-dependency --> 200 (26833 ms)
[2026-10-07T05:58:48.616Z][INFO] project:list-packages <-- Request received
params: {}
[2026-10-07T05:58:48.667Z][INFO] project:list-packages <-- Request received
params: {}
[2026-10-07T05:58:48.678Z][INFO] project:list-packages <-- Request received
params: {}
[2026-10-07T05:58:48.688Z][INFO] config:project:get-registries <-- Request received
params: {}
[2026-10-07T05:58:48.712Z][INFO] config:project:get-registries --> 200 (24 ms)
[2026-10-07T05:58:49.639Z][INFO] project:list-packages --> 200 (1023 ms)
[2026-10-07T05:58:49.868Z][INFO] project:list-packages --> 200 (1201 ms)
[2026-10-07T05:58:51.456Z][INFO] project:list-packages <-- Request received
params: {}
[2026-10-07T05:58:51.779Z][INFO] project:list-packages --> 200 (323 ms)
[2026-10-07T05:58:52.501Z][INFO] project:list-packages --> 200 (3822 ms)
[2026-10-07T05:58:54.592Z][INFO] project:list-packages <-- Request received
params: {}
[2026-10-07T05:58:54.602Z][INFO] project:list-packages <-- Request received
params: {}
[2026-10-07T05:58:54.612Z][INFO] config:project:get-registries <-- Request received
params: {}
[2026-10-07T05:58:54.623Z][INFO] config:project:get-registries --> 200 (11 ms)
[2026-10-07T05:58:55.072Z][INFO] project:list-packages --> 200 (470 ms)
[2026-10-07T05:58:57.944Z][INFO] project:list-packages <-- Request received
params: {}
[2026-10-07T05:58:57.955Z][INFO] project:list-packages <-- Request received
params: {}
[2026-10-07T05:58:58.469Z][INFO] project:list-packages --> 200 (525 ms)
[2026-10-07T05:59:03.563Z][INFO] project:list-packages --> 200 (8971 ms)
[2026-10-07T05:59:09.804Z][INFO] Received shutdown request (SIGINT), shutting down Unity Package Manager
