[2026-10-07T19:42:45.143Z][INFO] Command-line: ~/Unity/Hub/Editor/6000.0.75f1/Editor/Data/Resources/PackageManager/Server/UnityPackageManager -s 4007267 -ipc -ipc-path /tmp/Unity-Upm-4007267.sock -l 2 --log-file ~/wkspace/gc-studio/p4.2k/artifacts/studio/verification/W-MECH-01/p42k-stage-review-warm-20261007T194244.401167Z/upm.log
[2026-10-07T19:42:45.150Z][INFO] IPC server started (IPC path=/tmp/Unity-Upm-4007267.sock).
[2026-10-07T19:42:45.150Z][INFO] Hint: To connect to this UPM instance, launch Unity with the command-line parameter -upmIpcPath Upm-4007267.
[2026-10-07T19:42:46.077Z][INFO] project:add-dependency <-- Request received
params: {
  "packageId": "com.unity.toolchain.linux-x86_64"
}
[2026-10-07T19:43:04.838Z][INFO] project:add-dependency --> 200 (18761 ms)
[2026-10-07T19:43:05.137Z][INFO] project:list-packages <-- Request received
params: {}
[2026-10-07T19:43:05.188Z][INFO] project:list-packages <-- Request received
params: {}
[2026-10-07T19:43:05.199Z][INFO] project:list-packages <-- Request received
params: {}
[2026-10-07T19:43:05.208Z][INFO] config:project:get-registries <-- Request received
params: {}
[2026-10-07T19:43:05.238Z][INFO] config:project:get-registries --> 200 (30 ms)
[2026-10-07T19:43:06.323Z][INFO] project:list-packages --> 200 (1186 ms)
[2026-10-07T19:43:06.593Z][INFO] project:list-packages --> 200 (1405 ms)
[2026-10-07T19:43:07.828Z][INFO] project:list-packages --> 200 (2629 ms)
[2026-10-07T19:43:08.492Z][INFO] project:list-packages <-- Request received
params: {}
[2026-10-07T19:43:08.916Z][INFO] project:list-packages --> 200 (424 ms)
[2026-10-07T19:43:12.104Z][INFO] project:list-packages <-- Request received
params: {}
[2026-10-07T19:43:12.116Z][INFO] project:list-packages <-- Request received
params: {}
[2026-10-07T19:43:12.127Z][INFO] config:project:get-registries <-- Request received
params: {}
[2026-10-07T19:43:12.148Z][INFO] config:project:get-registries --> 200 (21 ms)
[2026-10-07T19:43:13.207Z][INFO] project:list-packages --> 200 (1103 ms)
[2026-10-07T19:43:13.255Z][INFO] project:list-packages --> 200 (1139 ms)
[2026-10-07T19:43:16.210Z][INFO] project:list-packages <-- Request received
params: {}
[2026-10-07T19:43:16.223Z][INFO] project:list-packages <-- Request received
params: {}
[2026-10-07T19:43:17.132Z][INFO] project:list-packages --> 200 (922 ms)
[2026-10-07T19:43:17.227Z][INFO] project:list-packages --> 200 (1004 ms)
[2026-10-07T19:43:28.097Z][INFO] project:list-packages <-- Request received
params: {}
[2026-10-07T19:43:28.485Z][INFO] project:list-packages --> 200 (388 ms)
[2026-10-07T19:43:28.675Z][INFO] config:project:get-registries <-- Request received
params: {}
[2026-10-07T19:43:28.678Z][INFO] config:project:get-registries --> 200 (3 ms)
[2026-10-07T19:43:37.229Z][INFO] project:resolve-packages <-- Request received
params: {}
[2026-10-07T19:43:53.400Z][WARN] Requested version [3.1.3] for package [com.unity.serialization] overridden by minimum version [3.1.5].
[2026-10-07T19:43:53.401Z][WARN] Requested version [1.23.1] for package [com.unity.scriptablebuildpipeline] overridden by minimum version [2.6.1].
[2026-10-07T19:43:53.401Z][WARN] Requested version [3.0.3] for package [com.unity.test-framework.performance] overridden by minimum version [3.4.0].
[2026-10-07T19:43:53.411Z][INFO] project:resolve-packages --> 200 (16182 ms)
[2026-10-07T19:43:53.476Z][INFO] config:project:get-registries <-- Request received
params: {}
[2026-10-07T19:43:53.479Z][INFO] config:project:get-registries --> 200 (3 ms)
[2026-10-07T19:43:53.488Z][INFO] project:list-packages <-- Request received
params: {}
[2026-10-07T19:43:53.950Z][INFO] project:list-packages --> 200 (462 ms)
[2026-10-07T19:44:02.778Z][INFO] project:list-packages <-- Request received
params: {}
[2026-10-07T19:44:03.156Z][INFO] project:list-packages --> 200 (378 ms)
[2026-10-07T19:44:03.325Z][INFO] project:list-packages <-- Request received
params: {}
[2026-10-07T19:44:03.336Z][INFO] config:project:get-registries <-- Request received
params: {}
[2026-10-07T19:44:03.354Z][INFO] config:project:get-registries --> 200 (18 ms)
[2026-10-07T19:44:03.716Z][INFO] project:list-packages --> 200 (391 ms)
[2026-10-07T19:44:09.999Z][INFO] project:list-packages <-- Request received
params: {}
[2026-10-07T19:44:10.375Z][INFO] project:list-packages --> 200 (376 ms)
[2026-10-07T19:44:10.546Z][INFO] config:project:get-registries <-- Request received
params: {}
[2026-10-07T19:44:10.550Z][INFO] config:project:get-registries --> 200 (4 ms)
[2026-10-07T19:44:19.725Z][INFO] project:resolve-packages <-- Request received
params: {}
[2026-10-07T19:44:38.480Z][WARN] Requested version [3.1.3] for package [com.unity.serialization] overridden by minimum version [3.1.5].
[2026-10-07T19:44:38.480Z][WARN] Requested version [1.23.1] for package [com.unity.scriptablebuildpipeline] overridden by minimum version [2.6.1].
[2026-10-07T19:44:38.480Z][WARN] Requested version [3.0.3] for package [com.unity.test-framework.performance] overridden by minimum version [3.4.0].
[2026-10-07T19:44:38.486Z][INFO] project:resolve-packages --> 200 (18761 ms)
[2026-10-07T19:44:38.550Z][INFO] config:project:get-registries <-- Request received
params: {}
[2026-10-07T19:44:38.562Z][INFO] project:list-packages <-- Request received
params: {}
[2026-10-07T19:44:38.594Z][INFO] config:project:get-registries --> 200 (44 ms)
[2026-10-07T19:44:39.149Z][INFO] project:list-packages --> 200 (587 ms)
[2026-10-07T19:44:46.934Z][INFO] project:list-packages <-- Request received
params: {}
[2026-10-07T19:44:47.315Z][INFO] project:list-packages --> 200 (381 ms)
[2026-10-07T19:44:47.461Z][INFO] project:list-packages <-- Request received
params: {}
[2026-10-07T19:44:47.473Z][INFO] config:project:get-registries <-- Request received
params: {}
[2026-10-07T19:44:47.489Z][INFO] config:project:get-registries --> 200 (16 ms)
[2026-10-07T19:44:47.832Z][INFO] project:list-packages --> 200 (371 ms)
[2026-10-07T19:44:56.390Z][INFO] Received shutdown request (SIGINT), shutting down Unity Package Manager
