[2026-10-07T04:46:22.813Z][INFO] Command-line: ~/Unity/Hub/Editor/6000.0.75f1/Editor/Data/Resources/PackageManager/Server/UnityPackageManager -s 1269349 -ipc -ipc-path /tmp/Unity-Upm-1269349.sock -l 2 --log-file ~/wkspace/gc-studio/p4.2i/artifacts/studio/verification/W-UI-01/p42i-open-play-20261007T044622.194456Z/upm.log
[2026-10-07T04:46:22.819Z][INFO] IPC server started (IPC path=/tmp/Unity-Upm-1269349.sock).
[2026-10-07T04:46:22.819Z][INFO] Hint: To connect to this UPM instance, launch Unity with the command-line parameter -upmIpcPath Upm-1269349.
[2026-10-07T04:46:23.718Z][INFO] project:add-dependency <-- Request received
params: {
  "packageId": "com.unity.toolchain.linux-x86_64"
}
[2026-10-07T04:46:49.621Z][INFO] project:add-dependency --> 200 (25904 ms)
[2026-10-07T04:46:49.919Z][INFO] project:list-packages <-- Request received
params: {}
[2026-10-07T04:46:49.980Z][INFO] project:list-packages <-- Request received
params: {}
[2026-10-07T04:46:49.993Z][INFO] project:list-packages <-- Request received
params: {}
[2026-10-07T04:46:50.002Z][INFO] config:project:get-registries <-- Request received
params: {}
[2026-10-07T04:46:50.029Z][INFO] config:project:get-registries --> 200 (27 ms)
[2026-10-07T04:46:51.045Z][INFO] project:list-packages --> 200 (1126 ms)
[2026-10-07T04:46:51.312Z][INFO] project:list-packages --> 200 (1332 ms)
[2026-10-07T04:46:53.484Z][INFO] project:list-packages --> 200 (3492 ms)
[2026-10-07T04:46:57.669Z][INFO] project:list-packages <-- Request received
params: {}
[2026-10-07T04:46:57.983Z][INFO] project:list-packages --> 200 (313 ms)
[2026-10-07T04:47:00.723Z][INFO] project:list-packages <-- Request received
params: {}
[2026-10-07T04:47:00.733Z][INFO] project:list-packages <-- Request received
params: {}
[2026-10-07T04:47:00.743Z][INFO] config:project:get-registries <-- Request received
params: {}
[2026-10-07T04:47:00.758Z][INFO] config:project:get-registries --> 200 (15 ms)
[2026-10-07T04:47:01.256Z][INFO] project:list-packages --> 200 (523 ms)
[2026-10-07T04:47:04.213Z][INFO] project:list-packages <-- Request received
params: {}
[2026-10-07T04:47:04.224Z][INFO] project:list-packages <-- Request received
params: {}
[2026-10-07T04:47:04.782Z][INFO] project:list-packages --> 200 (569 ms)
[2026-10-07T04:47:17.245Z][INFO] project:list-packages --> 200 (13021 ms)
[2026-10-07T04:47:17.247Z][INFO] project:list-packages --> 200 (16524 ms)
[2026-10-07T04:47:22.002Z][INFO] project:list-packages <-- Request received
params: {}
[2026-10-07T04:47:22.449Z][INFO] project:list-packages --> 200 (447 ms)
[2026-10-07T04:47:22.630Z][INFO] config:project:get-registries <-- Request received
params: {}
[2026-10-07T04:47:22.635Z][INFO] config:project:get-registries --> 200 (5 ms)
[2026-10-07T04:47:46.010Z][INFO] Received shutdown request (SIGINT), shutting down Unity Package Manager
