[2026-10-07T06:11:44.321Z][INFO] Command-line: ~/Unity/Hub/Editor/6000.0.75f1/Editor/Data/Resources/PackageManager/Server/UnityPackageManager -s 1540480 -ipc -ipc-path /tmp/Unity-Upm-1540480.sock -l 2 --log-file ~/wkspace/gc-studio/p4.2i/artifacts/studio/verification/W-REC-03/p42i-stage-cancel-20261007T061143.707849Z/upm.log
[2026-10-07T06:11:44.328Z][INFO] IPC server started (IPC path=/tmp/Unity-Upm-1540480.sock).
[2026-10-07T06:11:44.328Z][INFO] Hint: To connect to this UPM instance, launch Unity with the command-line parameter -upmIpcPath Upm-1540480.
[2026-10-07T06:11:45.161Z][INFO] project:add-dependency <-- Request received
params: {
  "packageId": "com.unity.toolchain.linux-x86_64"
}
[2026-10-07T06:12:17.333Z][INFO] project:add-dependency --> 200 (32172 ms)
[2026-10-07T06:12:17.755Z][INFO] project:list-packages <-- Request received
params: {}
[2026-10-07T06:12:17.898Z][INFO] project:list-packages <-- Request received
params: {}
[2026-10-07T06:12:17.910Z][INFO] project:list-packages <-- Request received
params: {}
[2026-10-07T06:12:17.924Z][INFO] config:project:get-registries <-- Request received
params: {}
[2026-10-07T06:12:17.971Z][INFO] config:project:get-registries --> 200 (47 ms)
[2026-10-07T06:12:19.277Z][INFO] project:list-packages --> 200 (1523 ms)
[2026-10-07T06:12:19.556Z][INFO] project:list-packages --> 200 (1658 ms)
[2026-10-07T06:12:22.916Z][INFO] project:list-packages <-- Request received
params: {}
[2026-10-07T06:12:23.549Z][INFO] project:list-packages --> 200 (632 ms)
[2026-10-07T06:12:27.574Z][INFO] project:list-packages <-- Request received
params: {}
[2026-10-07T06:12:27.585Z][INFO] project:list-packages <-- Request received
params: {}
[2026-10-07T06:12:27.597Z][INFO] config:project:get-registries <-- Request received
params: {}
[2026-10-07T06:12:27.632Z][INFO] config:project:get-registries --> 200 (35 ms)
[2026-10-07T06:12:28.520Z][INFO] project:list-packages --> 200 (936 ms)
[2026-10-07T06:12:33.054Z][INFO] project:list-packages <-- Request received
params: {}
[2026-10-07T06:12:33.064Z][INFO] project:list-packages <-- Request received
params: {}
[2026-10-07T06:12:33.796Z][INFO] project:list-packages --> 200 (742 ms)
[2026-10-07T06:12:39.656Z][INFO] Received shutdown request (SIGINT), shutting down Unity Package Manager
