[2026-10-06T23:45:20.856Z][INFO] Command-line: ~/Unity/Hub/Editor/6000.0.75f1/Editor/Data/Resources/PackageManager/Server/UnityPackageManager -s 325057 -ipc -ipc-path /tmp/Unity-Upm-325057.sock -l 2 --log-file ~/wkspace/gc-studio/p4.2h/artifacts/studio/verification/W-ETOS-09/p42h-reload-20261006T234520.220306Z/upm.log
[2026-10-06T23:45:20.866Z][INFO] IPC server started (IPC path=/tmp/Unity-Upm-325057.sock).
[2026-10-06T23:45:20.866Z][INFO] Hint: To connect to this UPM instance, launch Unity with the command-line parameter -upmIpcPath Upm-325057.
[2026-10-06T23:45:21.829Z][INFO] project:add-dependency <-- Request received
params: {
  "packageId": "com.unity.toolchain.linux-x86_64"
}
[2026-10-06T23:45:40.458Z][INFO] project:add-dependency --> 200 (18630 ms)
[2026-10-06T23:45:40.767Z][INFO] project:list-packages <-- Request received
params: {}
[2026-10-06T23:45:40.827Z][INFO] project:list-packages <-- Request received
params: {}
[2026-10-06T23:45:40.839Z][INFO] project:list-packages <-- Request received
params: {}
[2026-10-06T23:45:40.850Z][INFO] config:project:get-registries <-- Request received
params: {}
[2026-10-06T23:45:40.878Z][INFO] config:project:get-registries --> 200 (28 ms)
[2026-10-06T23:45:41.789Z][INFO] project:list-packages --> 200 (1022 ms)
[2026-10-06T23:45:42.004Z][INFO] project:list-packages --> 200 (1177 ms)
[2026-10-06T23:45:43.218Z][INFO] project:list-packages --> 200 (2379 ms)
[2026-10-06T23:45:43.684Z][INFO] project:list-packages <-- Request received
params: {}
[2026-10-06T23:45:44.000Z][INFO] project:list-packages --> 200 (316 ms)
[2026-10-06T23:45:46.680Z][INFO] project:list-packages <-- Request received
params: {}
[2026-10-06T23:45:46.690Z][INFO] project:list-packages <-- Request received
params: {}
[2026-10-06T23:45:46.704Z][INFO] config:project:get-registries <-- Request received
params: {}
[2026-10-06T23:45:46.719Z][INFO] config:project:get-registries --> 200 (15 ms)
[2026-10-06T23:45:47.506Z][INFO] project:list-packages --> 200 (826 ms)
[2026-10-06T23:45:47.571Z][INFO] project:list-packages --> 200 (881 ms)
[2026-10-06T23:45:50.828Z][INFO] project:list-packages <-- Request received
params: {}
[2026-10-06T23:45:50.839Z][INFO] project:list-packages <-- Request received
params: {}
[2026-10-06T23:45:51.766Z][INFO] project:list-packages --> 200 (938 ms)
[2026-10-06T23:45:51.862Z][INFO] project:list-packages --> 200 (1023 ms)
[2026-10-06T23:46:03.876Z][INFO] project:list-packages <-- Request received
params: {}
[2026-10-06T23:46:04.202Z][INFO] project:list-packages --> 200 (326 ms)
[2026-10-06T23:46:04.302Z][INFO] config:project:get-registries <-- Request received
params: {}
[2026-10-06T23:46:04.305Z][INFO] config:project:get-registries --> 200 (4 ms)
[2026-10-06T23:46:21.823Z][INFO] Received shutdown request (SIGINT), shutting down Unity Package Manager
