[2026-10-07T05:21:44.936Z][INFO] Command-line: ~/Unity/Hub/Editor/6000.0.75f1/Editor/Data/Resources/PackageManager/Server/UnityPackageManager -s 1377630 -ipc -ipc-path /tmp/Unity-Upm-1377630.sock -l 2 --log-file ~/wkspace/gc-studio/p4.2i/artifacts/studio/verification/W-AI-03/p42i-narrative-20261007T052144.251187Z/upm.log
[2026-10-07T05:21:44.942Z][INFO] IPC server started (IPC path=/tmp/Unity-Upm-1377630.sock).
[2026-10-07T05:21:44.942Z][INFO] Hint: To connect to this UPM instance, launch Unity with the command-line parameter -upmIpcPath Upm-1377630.
[2026-10-07T05:21:45.874Z][INFO] project:add-dependency <-- Request received
params: {
  "packageId": "com.unity.toolchain.linux-x86_64"
}
[2026-10-07T05:22:15.284Z][INFO] project:add-dependency --> 200 (29411 ms)
[2026-10-07T05:22:15.563Z][INFO] project:list-packages <-- Request received
params: {}
[2026-10-07T05:22:15.613Z][INFO] project:list-packages <-- Request received
params: {}
[2026-10-07T05:22:15.627Z][INFO] project:list-packages <-- Request received
params: {}
[2026-10-07T05:22:15.635Z][INFO] config:project:get-registries <-- Request received
params: {}
[2026-10-07T05:22:15.661Z][INFO] config:project:get-registries --> 200 (26 ms)
[2026-10-07T05:22:16.387Z][INFO] project:list-packages --> 200 (824 ms)
[2026-10-07T05:22:16.589Z][INFO] project:list-packages --> 200 (976 ms)
[2026-10-07T05:22:17.956Z][INFO] project:list-packages <-- Request received
params: {}
[2026-10-07T05:22:18.245Z][INFO] project:list-packages --> 200 (289 ms)
[2026-10-07T05:22:18.323Z][INFO] project:list-packages --> 200 (2697 ms)
[2026-10-07T05:22:20.749Z][INFO] project:list-packages <-- Request received
params: {}
[2026-10-07T05:22:20.758Z][INFO] project:list-packages <-- Request received
params: {}
[2026-10-07T05:22:20.770Z][INFO] config:project:get-registries <-- Request received
params: {}
[2026-10-07T05:22:20.787Z][INFO] config:project:get-registries --> 200 (17 ms)
[2026-10-07T05:22:21.222Z][INFO] project:list-packages --> 200 (464 ms)
[2026-10-07T05:22:24.764Z][INFO] project:list-packages <-- Request received
params: {}
[2026-10-07T05:22:24.775Z][INFO] project:list-packages <-- Request received
params: {}
[2026-10-07T05:22:25.065Z][INFO] project:list-packages --> 200 (301 ms)
[2026-10-07T05:22:28.383Z][INFO] project:list-packages --> 200 (7635 ms)
[2026-10-07T05:22:41.361Z][INFO] project:list-packages --> 200 (16586 ms)
[2026-10-07T05:28:03.072Z][INFO] project:list-packages <-- Request received
params: {}
[2026-10-07T05:28:03.446Z][INFO] project:list-packages --> 200 (374 ms)
[2026-10-07T05:28:03.559Z][INFO] config:project:get-registries <-- Request received
params: {}
[2026-10-07T05:28:03.563Z][INFO] config:project:get-registries --> 200 (4 ms)
[2026-10-07T05:28:41.703Z][INFO] Received shutdown request (SIGINT), shutting down Unity Package Manager
