[2026-10-07T19:28:40.493Z][INFO] Command-line: ~/Unity/Hub/Editor/6000.0.75f1/Editor/Data/Resources/PackageManager/Server/UnityPackageManager -s 3956258 -ipc -ipc-path /tmp/Unity-Upm-3956258.sock -l 2 --log-file ~/wkspace/gc-studio/p4.2k/artifacts/studio/verification/W-MECH-01/p42k-stage-submit-cold-20261007T192839.302840Z/upm.log
[2026-10-07T19:28:40.504Z][INFO] IPC server started (IPC path=/tmp/Unity-Upm-3956258.sock).
[2026-10-07T19:28:40.504Z][INFO] Hint: To connect to this UPM instance, launch Unity with the command-line parameter -upmIpcPath Upm-3956258.
[2026-10-07T19:28:41.726Z][INFO] project:add-dependency <-- Request received
params: {
  "packageId": "com.unity.toolchain.linux-x86_64"
}
[2026-10-07T19:29:01.464Z][INFO] project:add-dependency --> 200 (19739 ms)
[2026-10-07T19:29:01.827Z][INFO] project:list-packages <-- Request received
params: {}
[2026-10-07T19:29:01.911Z][INFO] project:list-packages <-- Request received
params: {}
[2026-10-07T19:29:01.921Z][INFO] project:list-packages <-- Request received
params: {}
[2026-10-07T19:29:01.939Z][INFO] config:project:get-registries <-- Request received
params: {}
[2026-10-07T19:29:01.969Z][INFO] config:project:get-registries --> 200 (30 ms)
[2026-10-07T19:29:03.131Z][INFO] project:list-packages --> 200 (1304 ms)
[2026-10-07T19:29:03.453Z][INFO] project:list-packages --> 200 (1542 ms)
[2026-10-07T19:29:04.669Z][INFO] project:list-packages --> 200 (2748 ms)
[2026-10-07T19:29:05.096Z][INFO] project:list-packages <-- Request received
params: {}
[2026-10-07T19:29:05.488Z][INFO] project:list-packages --> 200 (392 ms)
[2026-10-07T19:29:08.506Z][INFO] project:list-packages <-- Request received
params: {}
[2026-10-07T19:29:08.517Z][INFO] project:list-packages <-- Request received
params: {}
[2026-10-07T19:29:08.527Z][INFO] config:project:get-registries <-- Request received
params: {}
[2026-10-07T19:29:08.548Z][INFO] config:project:get-registries --> 200 (21 ms)
[2026-10-07T19:29:09.602Z][INFO] project:list-packages --> 200 (1096 ms)
[2026-10-07T19:29:09.655Z][INFO] project:list-packages --> 200 (1139 ms)
[2026-10-07T19:29:12.926Z][INFO] project:list-packages <-- Request received
params: {}
[2026-10-07T19:29:12.938Z][INFO] project:list-packages <-- Request received
params: {}
[2026-10-07T19:29:13.605Z][INFO] project:list-packages --> 200 (679 ms)
[2026-10-07T19:29:27.153Z][INFO] project:list-packages --> 200 (14215 ms)
[2026-10-07T19:29:28.124Z][INFO] Received shutdown request (SIGINT), shutting down Unity Package Manager
