[2026-10-07T17:00:59.074Z][INFO] Command-line: /home/worlesenric/Unity/Hub/Editor/6000.0.75f1/Editor/Data/Resources/PackageManager/Server/UnityPackageManager -s 3471386 -ipc -ipc-path /tmp/Unity-Upm-3471386.sock -l 2 --log-file /home/worlesenric/wkspace/gc-studio/r10-a/artifacts/studio/verification/W-MECH-01/r10-a/primary/cold/stage-upm.log
[2026-10-07T17:00:59.101Z][INFO] IPC server started (IPC path=/tmp/Unity-Upm-3471386.sock).
[2026-10-07T17:00:59.101Z][INFO] Hint: To connect to this UPM instance, launch Unity with the command-line parameter -upmIpcPath Upm-3471386.
[2026-10-07T17:01:00.515Z][INFO] project:add-dependency <-- Request received
params: {
  "packageId": "com.unity.toolchain.linux-x86_64"
}
[2026-10-07T17:01:27.696Z][INFO] project:add-dependency --> 200 (27182 ms)
[2026-10-07T17:01:28.076Z][INFO] project:list-packages <-- Request received
params: {}
[2026-10-07T17:01:28.220Z][INFO] project:list-packages <-- Request received
params: {}
[2026-10-07T17:01:28.231Z][INFO] project:list-packages <-- Request received
params: {}
[2026-10-07T17:01:28.246Z][INFO] config:project:get-registries <-- Request received
params: {}
[2026-10-07T17:01:28.270Z][INFO] config:project:get-registries --> 200 (25 ms)
[2026-10-07T17:01:29.275Z][INFO] project:list-packages --> 200 (1199 ms)
[2026-10-07T17:01:29.710Z][INFO] project:list-packages --> 200 (1490 ms)
[2026-10-07T17:01:31.238Z][INFO] project:list-packages --> 200 (3007 ms)
[2026-10-07T17:01:37.545Z][INFO] project:list-packages <-- Request received
params: {}
[2026-10-07T17:01:37.999Z][INFO] project:list-packages --> 200 (454 ms)
[2026-10-07T17:01:41.492Z][INFO] project:list-packages <-- Request received
params: {}
[2026-10-07T17:01:41.502Z][INFO] project:list-packages <-- Request received
params: {}
[2026-10-07T17:01:41.515Z][INFO] config:project:get-registries <-- Request received
params: {}
[2026-10-07T17:01:41.528Z][INFO] config:project:get-registries --> 200 (13 ms)
[2026-10-07T17:01:42.210Z][INFO] project:list-packages --> 200 (708 ms)
[2026-10-07T17:01:46.343Z][INFO] project:list-packages <-- Request received
params: {}
[2026-10-07T17:01:46.355Z][INFO] project:list-packages <-- Request received
params: {}
[2026-10-07T17:01:47.367Z][INFO] project:list-packages --> 200 (1024 ms)
[2026-10-07T17:02:04.488Z][INFO] project:list-packages --> 200 (22996 ms)
[2026-10-07T17:02:04.489Z][INFO] project:list-packages --> 200 (18134 ms)
[2026-10-07T17:02:04.780Z][INFO] Received shutdown request (SIGINT), shutting down Unity Package Manager
