[2026-10-07T23:44:06.831Z][INFO] Command-line: ~/Unity/Hub/Editor/6000.0.75f1/Editor/Data/Resources/PackageManager/Server/UnityPackageManager -s 561629 -ipc -ipc-path /tmp/Unity-Upm-561629.sock -l 2 --log-file ~/wkspace/gc-studio/p4.2l/artifacts/studio/verification/W-AI-01/p42l-robe-observed-20261007T234406.195842Z/upm.log
[2026-10-07T23:44:06.836Z][INFO] IPC server started (IPC path=/tmp/Unity-Upm-561629.sock).
[2026-10-07T23:44:06.837Z][INFO] Hint: To connect to this UPM instance, launch Unity with the command-line parameter -upmIpcPath Upm-561629.
[2026-10-07T23:44:07.705Z][INFO] project:add-dependency <-- Request received
params: {
  "packageId": "com.unity.toolchain.linux-x86_64"
}
[2026-10-07T23:44:27.765Z][INFO] project:add-dependency --> 200 (20060 ms)
[2026-10-07T23:44:28.034Z][INFO] project:list-packages <-- Request received
params: {}
[2026-10-07T23:44:28.085Z][INFO] project:list-packages <-- Request received
params: {}
[2026-10-07T23:44:28.097Z][INFO] project:list-packages <-- Request received
params: {}
[2026-10-07T23:44:28.107Z][INFO] config:project:get-registries <-- Request received
params: {}
[2026-10-07T23:44:28.128Z][INFO] config:project:get-registries --> 200 (21 ms)
[2026-10-07T23:44:28.936Z][INFO] project:list-packages --> 200 (902 ms)
[2026-10-07T23:44:29.223Z][INFO] project:list-packages --> 200 (1138 ms)
[2026-10-07T23:44:30.482Z][INFO] project:list-packages --> 200 (2385 ms)
[2026-10-07T23:44:30.834Z][INFO] project:list-packages <-- Request received
params: {}
[2026-10-07T23:44:31.166Z][INFO] project:list-packages --> 200 (332 ms)
[2026-10-07T23:44:34.013Z][INFO] project:list-packages <-- Request received
params: {}
[2026-10-07T23:44:34.023Z][INFO] project:list-packages <-- Request received
params: {}
[2026-10-07T23:44:34.033Z][INFO] config:project:get-registries <-- Request received
params: {}
[2026-10-07T23:44:34.057Z][INFO] config:project:get-registries --> 200 (24 ms)
[2026-10-07T23:44:34.841Z][INFO] project:list-packages --> 200 (828 ms)
[2026-10-07T23:44:34.874Z][INFO] project:list-packages --> 200 (851 ms)
[2026-10-07T23:44:38.112Z][INFO] project:list-packages <-- Request received
params: {}
[2026-10-07T23:44:38.123Z][INFO] project:list-packages <-- Request received
params: {}
[2026-10-07T23:44:38.890Z][INFO] project:list-packages --> 200 (778 ms)
[2026-10-07T23:44:38.930Z][INFO] project:list-packages --> 200 (807 ms)
[2026-10-07T23:44:49.343Z][INFO] project:list-packages <-- Request received
params: {}
[2026-10-07T23:44:49.649Z][INFO] project:list-packages --> 200 (306 ms)
[2026-10-07T23:44:49.799Z][INFO] config:project:get-registries <-- Request received
params: {}
[2026-10-07T23:44:49.805Z][INFO] config:project:get-registries --> 200 (7 ms)
[2026-10-07T23:45:23.836Z][INFO] project:list-packages <-- Request received
params: {}
[2026-10-07T23:45:24.194Z][INFO] project:list-packages --> 200 (358 ms)
[2026-10-07T23:45:24.363Z][INFO] config:project:get-registries <-- Request received
params: {}
[2026-10-07T23:45:24.365Z][INFO] config:project:get-registries --> 200 (2 ms)
[2026-10-07T23:45:37.604Z][INFO] project:list-packages <-- Request received
params: {}
[2026-10-07T23:45:38.156Z][INFO] project:list-packages --> 200 (558 ms)
[2026-10-07T23:45:38.191Z][INFO] config:project:get-registries <-- Request received
params: {}
[2026-10-07T23:45:38.195Z][INFO] config:project:get-registries --> 200 (4 ms)
[2026-10-07T23:45:49.121Z][INFO] Received shutdown request (SIGINT), shutting down Unity Package Manager
