[2026-10-06T23:42:28.940Z][INFO] Command-line: ~/Unity/Hub/Editor/6000.0.75f1/Editor/Data/Resources/PackageManager/Server/UnityPackageManager -s 317401 -ipc -ipc-path /tmp/Unity-Upm-317401.sock -l 2 --log-file ~/wkspace/gc-studio/p4.2h/artifacts/studio/verification/W-ETOS-05/p42h-cancel-20261006T234228.357309Z/upm.log
[2026-10-06T23:42:28.945Z][INFO] IPC server started (IPC path=/tmp/Unity-Upm-317401.sock).
[2026-10-06T23:42:28.945Z][INFO] Hint: To connect to this UPM instance, launch Unity with the command-line parameter -upmIpcPath Upm-317401.
[2026-10-06T23:42:29.761Z][INFO] project:add-dependency <-- Request received
params: {
  "packageId": "com.unity.toolchain.linux-x86_64"
}
[2026-10-06T23:42:48.710Z][INFO] project:add-dependency --> 200 (18949 ms)
[2026-10-06T23:42:48.975Z][INFO] project:list-packages <-- Request received
params: {}
[2026-10-06T23:42:49.026Z][INFO] project:list-packages <-- Request received
params: {}
[2026-10-06T23:42:49.038Z][INFO] project:list-packages <-- Request received
params: {}
[2026-10-06T23:42:49.047Z][INFO] config:project:get-registries <-- Request received
params: {}
[2026-10-06T23:42:49.068Z][INFO] config:project:get-registries --> 200 (21 ms)
[2026-10-06T23:42:50.311Z][INFO] project:list-packages --> 200 (1336 ms)
[2026-10-06T23:42:50.646Z][INFO] project:list-packages --> 200 (1620 ms)
[2026-10-06T23:42:51.804Z][INFO] project:list-packages --> 200 (2766 ms)
[2026-10-06T23:42:53.130Z][INFO] project:list-packages <-- Request received
params: {}
[2026-10-06T23:42:53.612Z][INFO] project:list-packages --> 200 (482 ms)
[2026-10-06T23:42:56.893Z][INFO] project:list-packages <-- Request received
params: {}
[2026-10-06T23:42:56.906Z][INFO] project:list-packages <-- Request received
params: {}
[2026-10-06T23:42:56.914Z][INFO] config:project:get-registries <-- Request received
params: {}
[2026-10-06T23:42:56.942Z][INFO] config:project:get-registries --> 200 (28 ms)
[2026-10-06T23:42:57.959Z][INFO] project:list-packages --> 200 (1066 ms)
[2026-10-06T23:42:58.030Z][INFO] project:list-packages --> 200 (1124 ms)
[2026-10-06T23:43:00.983Z][INFO] project:list-packages <-- Request received
params: {}
[2026-10-06T23:43:00.994Z][INFO] project:list-packages <-- Request received
params: {}
[2026-10-06T23:43:01.681Z][INFO] project:list-packages --> 200 (699 ms)
[2026-10-06T23:43:03.504Z][INFO] project:list-packages --> 200 (2510 ms)
[2026-10-06T23:43:15.238Z][INFO] Received shutdown request (SIGINT), shutting down Unity Package Manager
