[2026-10-07T23:15:08.382Z][INFO] Command-line: ~/Unity/Hub/Editor/6000.0.75f1/Editor/Data/Resources/PackageManager/Server/UnityPackageManager -s 472274 -ipc -ipc-path /tmp/Unity-Upm-472274.sock -l 2 --log-file ~/wkspace/gc-studio/p4.2l/artifacts/studio/verification/GRAPHICAL/p42l-graphics-20261007T231507.717364Z/upm.log
[2026-10-07T23:15:08.389Z][INFO] IPC server started (IPC path=/tmp/Unity-Upm-472274.sock).
[2026-10-07T23:15:08.389Z][INFO] Hint: To connect to this UPM instance, launch Unity with the command-line parameter -upmIpcPath Upm-472274.
[2026-10-07T23:15:09.141Z][INFO] project:add-dependency <-- Request received
params: {
  "packageId": "com.unity.toolchain.linux-x86_64"
}
[2026-10-07T23:15:29.091Z][INFO] project:add-dependency --> 200 (19951 ms)
[2026-10-07T23:15:29.528Z][INFO] project:list-packages <-- Request received
params: {}
[2026-10-07T23:15:29.622Z][INFO] project:list-packages <-- Request received
params: {}
[2026-10-07T23:15:29.632Z][INFO] project:list-packages <-- Request received
params: {}
[2026-10-07T23:15:29.650Z][INFO] config:project:get-registries <-- Request received
params: {}
[2026-10-07T23:15:29.684Z][INFO] config:project:get-registries --> 200 (34 ms)
[2026-10-07T23:15:31.113Z][INFO] project:list-packages --> 200 (1585 ms)
[2026-10-07T23:15:31.522Z][INFO] project:list-packages --> 200 (1900 ms)
[2026-10-07T23:15:32.619Z][INFO] project:list-packages --> 200 (2987 ms)
[2026-10-07T23:15:33.715Z][INFO] project:list-packages <-- Request received
params: {}
[2026-10-07T23:15:34.204Z][INFO] project:list-packages --> 200 (489 ms)
[2026-10-07T23:15:37.511Z][INFO] project:list-packages <-- Request received
params: {}
[2026-10-07T23:15:37.522Z][INFO] project:list-packages <-- Request received
params: {}
[2026-10-07T23:15:37.533Z][INFO] config:project:get-registries <-- Request received
params: {}
[2026-10-07T23:15:37.543Z][INFO] config:project:get-registries --> 200 (10 ms)
[2026-10-07T23:15:38.153Z][INFO] project:list-packages --> 200 (642 ms)
[2026-10-07T23:15:38.198Z][INFO] project:list-packages --> 200 (676 ms)
[2026-10-07T23:15:40.014Z][INFO] project:list-packages <-- Request received
params: {}
[2026-10-07T23:15:40.024Z][INFO] project:list-packages <-- Request received
params: {}
[2026-10-07T23:15:40.773Z][INFO] project:list-packages --> 200 (759 ms)
[2026-10-07T23:15:40.809Z][INFO] project:list-packages --> 200 (785 ms)
[2026-10-07T23:16:00.951Z][INFO] Received shutdown request (SIGINT), shutting down Unity Package Manager
