[2026-10-07T19:29:32.140Z][INFO] Command-line: ~/Unity/Hub/Editor/6000.0.75f1/Editor/Data/Resources/PackageManager/Server/UnityPackageManager -s 3958934 -ipc -ipc-path /tmp/Unity-Upm-3958934.sock -l 2 --log-file ~/wkspace/gc-studio/p4.2k/artifacts/studio/verification/W-MECH-01/p42k-stage-review-cold-20261007T192931.407724Z/upm.log
[2026-10-07T19:29:32.149Z][INFO] IPC server started (IPC path=/tmp/Unity-Upm-3958934.sock).
[2026-10-07T19:29:32.149Z][INFO] Hint: To connect to this UPM instance, launch Unity with the command-line parameter -upmIpcPath Upm-3958934.
[2026-10-07T19:29:33.098Z][INFO] project:add-dependency <-- Request received
params: {
  "packageId": "com.unity.toolchain.linux-x86_64"
}
[2026-10-07T19:29:52.072Z][INFO] project:add-dependency --> 200 (18974 ms)
[2026-10-07T19:29:52.364Z][INFO] project:list-packages <-- Request received
params: {}
[2026-10-07T19:29:52.417Z][INFO] project:list-packages <-- Request received
params: {}
[2026-10-07T19:29:52.427Z][INFO] project:list-packages <-- Request received
params: {}
[2026-10-07T19:29:52.438Z][INFO] config:project:get-registries <-- Request received
params: {}
[2026-10-07T19:29:52.466Z][INFO] config:project:get-registries --> 200 (28 ms)
[2026-10-07T19:29:53.326Z][INFO] project:list-packages --> 200 (962 ms)
[2026-10-07T19:29:53.540Z][INFO] project:list-packages --> 200 (1124 ms)
[2026-10-07T19:29:54.826Z][INFO] project:list-packages --> 200 (2399 ms)
[2026-10-07T19:29:55.072Z][INFO] project:list-packages <-- Request received
params: {}
[2026-10-07T19:29:55.375Z][INFO] project:list-packages --> 200 (303 ms)
[2026-10-07T19:29:58.037Z][INFO] project:list-packages <-- Request received
params: {}
[2026-10-07T19:29:58.049Z][INFO] project:list-packages <-- Request received
params: {}
[2026-10-07T19:29:58.057Z][INFO] config:project:get-registries <-- Request received
params: {}
[2026-10-07T19:29:58.082Z][INFO] config:project:get-registries --> 200 (25 ms)
[2026-10-07T19:29:58.819Z][INFO] project:list-packages --> 200 (782 ms)
[2026-10-07T19:29:58.877Z][INFO] project:list-packages --> 200 (828 ms)
[2026-10-07T19:30:02.330Z][INFO] project:list-packages <-- Request received
params: {}
[2026-10-07T19:30:02.343Z][INFO] project:list-packages <-- Request received
params: {}
[2026-10-07T19:30:03.066Z][INFO] project:list-packages --> 200 (736 ms)
[2026-10-07T19:30:03.194Z][INFO] project:list-packages --> 200 (851 ms)
[2026-10-07T19:30:13.404Z][INFO] Received shutdown request (SIGINT), shutting down Unity Package Manager
