[2026-10-07T19:51:24.497Z][INFO] Command-line: ~/Unity/Hub/Editor/6000.0.75f1/Editor/Data/Resources/PackageManager/Server/UnityPackageManager -s 4043959 -ipc -ipc-path /tmp/Unity-Upm-4043959.sock -l 2 --log-file ~/wkspace/gc-studio/p4.2k/artifacts/studio/verification/W-REC-03/p42k-stage-cancel-20261007T195123.742042Z/upm.log
[2026-10-07T19:51:24.504Z][INFO] IPC server started (IPC path=/tmp/Unity-Upm-4043959.sock).
[2026-10-07T19:51:24.504Z][INFO] Hint: To connect to this UPM instance, launch Unity with the command-line parameter -upmIpcPath Upm-4043959.
[2026-10-07T19:51:25.473Z][INFO] project:add-dependency <-- Request received
params: {
  "packageId": "com.unity.toolchain.linux-x86_64"
}
[2026-10-07T19:51:43.973Z][INFO] project:add-dependency --> 200 (18500 ms)
[2026-10-07T19:51:44.271Z][INFO] project:list-packages <-- Request received
params: {}
[2026-10-07T19:51:44.321Z][INFO] project:list-packages <-- Request received
params: {}
[2026-10-07T19:51:44.331Z][INFO] project:list-packages <-- Request received
params: {}
[2026-10-07T19:51:44.342Z][INFO] config:project:get-registries <-- Request received
params: {}
[2026-10-07T19:51:44.370Z][INFO] config:project:get-registries --> 200 (28 ms)
[2026-10-07T19:51:45.292Z][INFO] project:list-packages --> 200 (1022 ms)
[2026-10-07T19:51:45.573Z][INFO] project:list-packages --> 200 (1252 ms)
[2026-10-07T19:51:47.370Z][INFO] project:list-packages <-- Request received
params: {}
[2026-10-07T19:51:47.781Z][INFO] project:list-packages --> 200 (412 ms)
[2026-10-07T19:51:47.832Z][INFO] project:list-packages --> 200 (3501 ms)
[2026-10-07T19:51:50.789Z][INFO] project:list-packages <-- Request received
params: {}
[2026-10-07T19:51:50.802Z][INFO] project:list-packages <-- Request received
params: {}
[2026-10-07T19:51:50.810Z][INFO] config:project:get-registries <-- Request received
params: {}
[2026-10-07T19:51:50.840Z][INFO] config:project:get-registries --> 200 (30 ms)
[2026-10-07T19:51:51.861Z][INFO] project:list-packages --> 200 (1072 ms)
[2026-10-07T19:51:51.908Z][INFO] project:list-packages --> 200 (1106 ms)
[2026-10-07T19:51:54.605Z][INFO] project:list-packages <-- Request received
params: {}
[2026-10-07T19:51:54.615Z][INFO] project:list-packages <-- Request received
params: {}
[2026-10-07T19:51:55.372Z][INFO] project:list-packages --> 200 (767 ms)
[2026-10-07T19:51:55.488Z][INFO] project:list-packages --> 200 (873 ms)
[2026-10-07T19:52:05.450Z][INFO] Received shutdown request (SIGINT), shutting down Unity Package Manager
