[2026-10-08T00:05:39.009Z][INFO] Command-line: ~/Unity/Hub/Editor/6000.0.75f1/Editor/Data/Resources/PackageManager/Server/UnityPackageManager -s 628372 -ipc -ipc-path /tmp/Unity-Upm-628372.sock -l 2 --log-file ~/wkspace/gc-studio/p4.2l/artifacts/studio/verification/W-MECH-01/p42l-stage-submit-cold-20261008T000538.260889Z/upm.log
[2026-10-08T00:05:39.018Z][INFO] IPC server started (IPC path=/tmp/Unity-Upm-628372.sock).
[2026-10-08T00:05:39.018Z][INFO] Hint: To connect to this UPM instance, launch Unity with the command-line parameter -upmIpcPath Upm-628372.
[2026-10-08T00:05:40.099Z][INFO] project:add-dependency <-- Request received
params: {
  "packageId": "com.unity.toolchain.linux-x86_64"
}
[2026-10-08T00:05:58.803Z][INFO] project:add-dependency --> 200 (18705 ms)
[2026-10-08T00:05:59.162Z][INFO] project:list-packages <-- Request received
params: {}
[2026-10-08T00:05:59.233Z][INFO] project:list-packages <-- Request received
params: {}
[2026-10-08T00:05:59.245Z][INFO] project:list-packages <-- Request received
params: {}
[2026-10-08T00:05:59.253Z][INFO] config:project:get-registries <-- Request received
params: {}
[2026-10-08T00:05:59.273Z][INFO] config:project:get-registries --> 200 (20 ms)
[2026-10-08T00:06:00.427Z][INFO] project:list-packages --> 200 (1264 ms)
[2026-10-08T00:06:00.758Z][INFO] project:list-packages --> 200 (1525 ms)
[2026-10-08T00:06:01.867Z][INFO] project:list-packages --> 200 (2622 ms)
[2026-10-08T00:06:04.839Z][INFO] project:list-packages <-- Request received
params: {}
[2026-10-08T00:06:05.230Z][INFO] project:list-packages --> 200 (391 ms)
[2026-10-08T00:06:08.353Z][INFO] project:list-packages <-- Request received
params: {}
[2026-10-08T00:06:08.365Z][INFO] project:list-packages <-- Request received
params: {}
[2026-10-08T00:06:08.376Z][INFO] config:project:get-registries <-- Request received
params: {}
[2026-10-08T00:06:08.398Z][INFO] config:project:get-registries --> 200 (22 ms)
[2026-10-08T00:06:09.410Z][INFO] project:list-packages --> 200 (1057 ms)
[2026-10-08T00:06:09.477Z][INFO] project:list-packages --> 200 (1112 ms)
[2026-10-08T00:06:12.329Z][INFO] project:list-packages <-- Request received
params: {}
[2026-10-08T00:06:12.343Z][INFO] project:list-packages <-- Request received
params: {}
[2026-10-08T00:06:12.927Z][INFO] project:list-packages --> 200 (598 ms)
[2026-10-08T00:06:25.421Z][INFO] Received shutdown request (SIGINT), shutting down Unity Package Manager
