[2026-10-06T19:50:16.239Z][INFO] Command-line: ~/Unity/Hub/Editor/6000.0.75f1/Editor/Data/Resources/PackageManager/Server/UnityPackageManager -s 3761747 -ipc -ipc-path /tmp/Unity-Upm-3761747.sock -l 2 --log-file ~/wkspace/gc-studio/p4.2g/artifacts/studio/verification/W-AI-02/p42g-npc-view-20261006T195015.674865Z/upm.log
[2026-10-06T19:50:16.244Z][INFO] IPC server started (IPC path=/tmp/Unity-Upm-3761747.sock).
[2026-10-06T19:50:16.244Z][INFO] Hint: To connect to this UPM instance, launch Unity with the command-line parameter -upmIpcPath Upm-3761747.
[2026-10-06T19:50:17.138Z][INFO] project:add-dependency <-- Request received
params: {
  "packageId": "com.unity.toolchain.linux-x86_64"
}
[2026-10-06T19:50:36.055Z][INFO] project:add-dependency --> 200 (18917 ms)
[2026-10-06T19:50:36.335Z][INFO] project:list-packages <-- Request received
params: {}
[2026-10-06T19:50:36.387Z][INFO] project:list-packages <-- Request received
params: {}
[2026-10-06T19:50:36.397Z][INFO] project:list-packages <-- Request received
params: {}
[2026-10-06T19:50:36.406Z][INFO] config:project:get-registries <-- Request received
params: {}
[2026-10-06T19:50:36.438Z][INFO] config:project:get-registries --> 200 (32 ms)
[2026-10-06T19:50:37.113Z][INFO] project:list-packages --> 200 (778 ms)
[2026-10-06T19:50:37.294Z][INFO] project:list-packages --> 200 (907 ms)
[2026-10-06T19:50:38.664Z][INFO] project:list-packages --> 200 (2267 ms)
[2026-10-06T19:50:40.635Z][INFO] project:list-packages <-- Request received
params: {}
[2026-10-06T19:50:40.912Z][INFO] project:list-packages --> 200 (277 ms)
[2026-10-06T19:50:43.528Z][INFO] project:list-packages <-- Request received
params: {}
[2026-10-06T19:50:43.538Z][INFO] project:list-packages <-- Request received
params: {}
[2026-10-06T19:50:43.548Z][INFO] config:project:get-registries <-- Request received
params: {}
[2026-10-06T19:50:43.568Z][INFO] config:project:get-registries --> 200 (20 ms)
[2026-10-06T19:50:44.207Z][INFO] project:list-packages --> 200 (679 ms)
[2026-10-06T19:50:44.249Z][INFO] project:list-packages --> 200 (711 ms)
[2026-10-06T19:50:46.648Z][INFO] project:list-packages <-- Request received
params: {}
[2026-10-06T19:50:46.658Z][INFO] project:list-packages <-- Request received
params: {}
[2026-10-06T19:50:47.156Z][INFO] project:list-packages --> 200 (508 ms)
[2026-10-06T19:50:47.192Z][INFO] project:list-packages --> 200 (534 ms)
[2026-10-06T19:50:48.701Z][INFO] project:list-packages <-- Request received
params: {}
[2026-10-06T19:50:49.024Z][INFO] project:list-packages --> 200 (323 ms)
[2026-10-06T19:50:49.167Z][INFO] project:list-packages <-- Request received
params: {}
[2026-10-06T19:50:49.178Z][INFO] project:list-packages <-- Request received
params: {}
[2026-10-06T19:50:49.187Z][INFO] config:project:get-registries <-- Request received
params: {}
[2026-10-06T19:50:49.191Z][INFO] config:project:get-registries --> 200 (4 ms)
[2026-10-06T19:50:49.582Z][INFO] project:list-packages --> 200 (404 ms)
[2026-10-06T19:50:57.303Z][INFO] Received shutdown request (SIGINT), shutting down Unity Package Manager
