Unity Editor version:    6000.0.75f1 (26349cd2a5c8)
Branch:                  6000.0/staging
Build type:              Release
Batch mode:              YES
System name:             Linux
Distro version:          #31~24.04.1-Ubuntu SMP PREEMPT_DYNAMIC Mon Aug 10 09:38:02 UTC 2
Kernel version:          7.0.0-31-generic
Architecture:            x86_64
Available memory:        31897 MB
[Licensing::Module] Trying to connect to existing licensing client channel...
Initialize udev device monitor.
[Licensing::IpcConnector] Successfully connected to: "LicenseClient-worlesenric" at "2026-10-06T21:07:54.220718Z"
[SignatureVerifier] Application signature verification not supported on this platform.

COMMAND LINE ARGUMENTS:
~/Unity/Hub/Editor/6000.0.75f1/Editor/Unity
-batchmode
-nographics
-projectPath
<repo>/games/hollowmere
-logFile
-
-executeMethod
Hollowmere.P3_2.Workflows.ScenariosR7Lifecycle.PersistReopen
-r7Evidence
<repo>/artifacts/studio/verification/W-PERSIST-02/r7-b/attempt-1
-saveDir
<repo>/artifacts/studio/verification/W-PERSIST-02/r7-b/attempt-1/saves
[Licensing::Client] Handshaking with LicensingClient:
  Version:                 1.17.4+4293ba1
  Session Id:              10869260d5ef418a9bb5492daaf7cc8e
  Correlation Id:          70dec6492dd8776ac9455dd9efce7e71
  External correlation Id: 1360251143749406902
  Machine Id:              jd93gYTNlAg1qIhTY9iII/nAhSo=
Successfully changed project path to: <repo>/games/hollowmere
[Licensing::Module] Successfully connected to LicensingClient on channel: "LicenseClient-worlesenric" (connect: 0.00s, validation: 0.00s, handshake: 0.00s)
[Licensing::IpcConnector] Successfully connected to: "LicenseClient-worlesenric-notifications" at "2026-10-06T21:07:54.222464Z"
[Licensing::Module] Error: Access token is unavailable; failed to update
[Licensing::Client] Successfully resolved entitlement details
[Licensing::Module] License group:
  Id: 1375999166540-UnityPersXXXX
  Product: Unity Personal
  Type: Assigned
  Expiration: Unlimited

(process:4024953): Gtk-CRITICAL **: 05:07:54.222: gtk_label_set_text: assertion 'GTK_IS_LABEL (label)' failed
[Licensing::Client] Successfully updated license, isAsync: True, time: 0.00

(process:4024953): Gtk-CRITICAL **: 05:07:54.223: gtk_label_set_text: assertion 'GTK_IS_LABEL (label)' failed
<repo>/games/hollowmere
[Licensing::Client] Successfully resolved entitlement details
[Licensing::Module] Licensing Background thread has ended after 0.00s
[UnityMemory] Configuration Parameters - Can be set up in boot.config
"memorysetup-bucket-allocator-granularity=16"
"memorysetup-bucket-allocator-bucket-count=8"
"memorysetup-bucket-allocator-block-size=33554432"
"memorysetup-bucket-allocator-block-count=8"
"memorysetup-main-allocator-block-size=16777216"
"memorysetup-thread-allocator-block-size=16777216"
"memorysetup-gfx-main-allocator-block-size=16777216"
"memorysetup-gfx-thread-allocator-block-size=16777216"
"memorysetup-cache-allocator-block-size=4194304"
"memorysetup-typetree-allocator-block-size=2097152"
"memorysetup-profiler-bucket-allocator-granularity=16"
"memorysetup-profiler-bucket-allocator-bucket-count=8"
"memorysetup-profiler-bucket-allocator-block-size=33554432"
"memorysetup-profiler-bucket-allocator-block-count=8"
"memorysetup-profiler-allocator-block-size=16777216"
"memorysetup-profiler-editor-allocator-block-size=1048576"
"memorysetup-temp-allocator-size-main=16777216"
"memorysetup-job-temp-allocator-block-size=2097152"
"memorysetup-job-temp-allocator-block-size-background=1048576"
"memorysetup-job-temp-allocator-reduction-small-platforms=262144"
"memorysetup-allocator-temp-initial-block-size-main=262144"
"memorysetup-allocator-temp-initial-block-size-worker=262144"
"memorysetup-temp-allocator-size-background-worker=32768"
"memorysetup-temp-allocator-size-job-worker=262144"
"memorysetup-temp-allocator-size-preload-manager=33554432"
"memorysetup-temp-allocator-size-nav-mesh-worker=65536"
"memorysetup-temp-allocator-size-audio-worker=65536"
"memorysetup-temp-allocator-size-cloud-worker=32768"
"memorysetup-temp-allocator-size-gi-baking-worker=262144"
"memorysetup-temp-allocator-size-gi-baking-worker=262144"
"memorysetup-temp-allocator-size-gi-baking-worker=262144"
"memorysetup-temp-allocator-size-gi-baking-worker=262144"
"memorysetup-temp-allocator-size-gi-baking-worker=262144"
"memorysetup-temp-allocator-size-gfx=262144"
Player connection [129617452541248]  Target information:

Player connection [129617452541248]  * "[IP] 192.168.0.21 [Port] 55504 [Flags] 2 [Guid] 2506725528 [EditorId] 2506725528 [Version] 1048832 [Id] LinuxEditor(16,192.168.0.21) [Debug] 1 [PackageName] LinuxEditor [ProjectName] Editor" 

Player connection [129617452541248]  * "[IP] 172.18.0.1 [Port] 55504 [Flags] 2 [Guid] 2506725528 [EditorId] 2506725528 [Version] 1048832 [Id] LinuxEditor(16,192.168.0.21) [Debug] 1 [PackageName] LinuxEditor [ProjectName] Editor" 

Player connection [129617452541248]  * "[IP] 172.17.0.1 [Port] 55504 [Flags] 2 [Guid] 2506725528 [EditorId] 2506725528 [Version] 1048832 [Id] LinuxEditor(16,192.168.0.21) [Debug] 1 [PackageName] LinuxEditor [ProjectName] Editor" 

Player connection [129617452541248]  * "[IP] 10.42.0.0 [Port] 55504 [Flags] 2 [Guid] 2506725528 [EditorId] 2506725528 [Version] 1048832 [Id] LinuxEditor(16,192.168.0.21) [Debug] 1 [PackageName] LinuxEditor [ProjectName] Editor" 

Player connection [129617452541248]  * "[IP] 10.42.0.1 [Port] 55504 [Flags] 2 [Guid] 2506725528 [EditorId] 2506725528 [Version] 1048832 [Id] LinuxEditor(16,192.168.0.21) [Debug] 1 [PackageName] LinuxEditor [ProjectName] Editor" 

Player connection [129617452541248]  * "[IP] 100.66.195.58 [Port] 55504 [Flags] 2 [Guid] 2506725528 [EditorId] 2506725528 [Version] 1048832 [Id] LinuxEditor(16,192.168.0.21) [Debug] 1 [PackageName] LinuxEditor [ProjectName] Editor" 

Player connection [129617452541248]  * "[IP] 172.19.0.1 [Port] 55504 [Flags] 2 [Guid] 2506725528 [EditorId] 2506725528 [Version] 1048832 [Id] LinuxEditor(16,192.168.0.21) [Debug] 1 [PackageName] LinuxEditor [ProjectName] Editor" 

Player connection [129617452541248]  * "[IP] 172.20.0.1 [Port] 55504 [Flags] 2 [Guid] 2506725528 [EditorId] 2506725528 [Version] 1048832 [Id] LinuxEditor(16,192.168.0.21) [Debug] 1 [PackageName] LinuxEditor [ProjectName] Editor" 

Player connection [129617452541248] Host joined multi-casting on [225.0.0.222:54997]...
Player connection [129617452541248] Host joined alternative multi-casting on [225.0.0.222:34997]...
Input System module state changed to: Initialized.
[Physics::Module] Initialized fallback backend.
[Physics::Module] Id: 0xdecafbad
[Package Manager] Connected to IPC stream "Upm-4024953" after 0.2 seconds.
Library Redirect Path: Library/
[Physics::Module] Selected backend.
[Physics::Module] Name: PhysX
[Physics::Module] Id: 0xf2b8ea05
[Physics::Module] SDK Version: 4.1.2
[Physics::Module] Integration Version: 1.0.0
[Physics::Module] Threading Mode: Multi-Threaded
Artifact Garbage Collection - Removed 1 unused hashed content filesRefreshing native plugins compatible for Editor in 0.16 ms, found 0 plugins.
Preloading 0 native plugins for Editor in 0.00 ms.
Initialize engine version: 6000.0.75f1 (26349cd2a5c8)
[Subsystems] Discovering subsystems at path ~/Unity/Hub/Editor/6000.0.75f1/Editor/Data/Resources/UnitySubsystems
[Subsystems] Discovering subsystems at path <repo>/games/hollowmere/Assets
Forcing GfxDevice: Null
GfxDevice: creating device client; kGfxThreadingModeNonThreaded
NullGfxDevice:
    Version:  NULL 1.0 [1.0]
    Renderer: Null Device
    Vendor:   Unity Technologies
Shader Hidden/ProbeVolume/VoxelizeScene is not supported: GPU does not support conservative rasterization
Initialize mono
Mono path[0] = '~/Unity/Hub/Editor/6000.0.75f1/Editor/Data/Managed'
Mono path[1] = '~/Unity/Hub/Editor/6000.0.75f1/Editor/Data/MonoBleedingEdge/lib/mono/unityjit-linux'
Mono config path = '~/Unity/Hub/Editor/6000.0.75f1/Editor/Data/MonoBleedingEdge/etc'
Using monoOptions --debugger-agent=transport=dt_socket,embedding=1,server=y,suspend=n,address=127.0.0.1:56953
Using cacheserver namespaces - metadata:defaultmetadata, artifacts:defaultartifacts
Using cacheserver namespaces - metadata:defaultmetadata, artifacts:defaultartifacts
ImportWorker Server TCP listen port: 0
AcceleratorClientConnectionCallback - disconnected - :0
Begin MonoManager ReloadAssembly
Registering precompiled unity dll's ...
Register platform support module: ~/Unity/Hub/Editor/6000.0.75f1/Editor/Data/PlaybackEngines/MacStandaloneSupport/UnityEditor.OSXStandalone.Extensions.dll
Register platform support module: ~/Unity/Hub/Editor/6000.0.75f1/Editor/Data/PlaybackEngines/LinuxStandaloneSupport/UnityEditor.LinuxStandalone.Extensions.dll
Registered in 0.001668 seconds.
- Loaded All Assemblies, in  0.383 seconds
Native extension for LinuxStandalone target not found
Package Manager log level set to [2]
[Licensing::Client] Successfully resolved entitlement details
Native extension for OSXStandalone target not found
Mono: successfully reloaded assembly
- Finished resetting the current domain, in 19.011 seconds
Domain Reload Profiling: 19394ms
	BeginReloadAssembly (88ms)
		ExecutionOrderSort (0ms)
		DisableScriptedObjects (0ms)
		BackupInstance (0ms)
		ReleaseScriptingObjects (0ms)
		CreateAndSetChildDomain (1ms)
	RebuildCommonClasses (46ms)
	RebuildNativeTypeToScriptingClass (10ms)
	initialDomainReloadingComplete (63ms)
	LoadAllAssembliesAndSetupDomain (176ms)
		LoadAssemblies (87ms)
		RebuildTransferFunctionScriptingTraits (0ms)
		AnalyzeDomain (173ms)
			TypeCache.Refresh (172ms)
				TypeCache.ScanAssembly (157ms)
			BuildScriptInfoCaches (0ms)
			ResolveRequiredComponents (0ms)
	FinalizeReload (19011ms)
		ReleaseScriptCaches (0ms)
		RebuildScriptCaches (0ms)
		SetupLoadedEditorAssemblies (18968ms)
			LogAssemblyErrors (0ms)
			InitializePlatformSupportModulesInManaged (18609ms)
			SetLoadedEditorAssemblies (7ms)
			BeforeProcessingInitializeOnLoad (89ms)
			ProcessInitializeOnLoadAttributes (193ms)
			ProcessInitializeOnLoadMethodAttributes (70ms)
			AfterProcessingInitializeOnLoad (0ms)
			EditorAssembliesLoaded (0ms)
		ExecutionOrderSort2 (0ms)
		AwakeInstancesAfterBackupRestoration (0ms)
[Licensing::Client] Successfully resolved entitlement details
Application.AssetDatabase Initial Refresh Start
[Package Manager] Restoring resolved packages state from cache
[Licensing::Client] Successfully resolved entitlement details
[Package Manager] Registered 76 packages:
  Packages from [https://packages.unity.com]:
    com.unity.ai.navigation@2.0.12 (location: <repo>/games/hollowmere/Library/PackageCache/com.unity.ai.navigation@734c2c4c5591)
    com.unity.burst@1.8.28 (location: <repo>/games/hollowmere/Library/PackageCache/com.unity.burst@07790c2d06d9)
    com.unity.collections@2.6.6 (location: <repo>/games/hollowmere/Library/PackageCache/com.unity.collections@9796e5ee0d9e)
    com.unity.entities@1.4.6 (location: <repo>/games/hollowmere/Library/PackageCache/com.unity.entities@e90944159b94)
    com.unity.inputsystem@1.19.0 (location: <repo>/games/hollowmere/Library/PackageCache/com.unity.inputsystem@21a28c3a6c83)
    com.unity.mathematics@1.3.2 (location: <repo>/games/hollowmere/Library/PackageCache/com.unity.mathematics@8017b507cc74)
    com.unity.nuget.newtonsoft-json@3.2.1 (location: <repo>/games/hollowmere/Library/PackageCache/com.unity.nuget.newtonsoft-json@74deb55db2a0)
    com.unity.toolchain.linux-x86_64@2.0.11 (location: <repo>/games/hollowmere/Library/PackageCache/com.unity.toolchain.linux-x86_64@53b88ff74b51)
    com.unity.sysroot@2.0.10 (location: <repo>/games/hollowmere/Library/PackageCache/com.unity.sysroot@7bbbb9339c14)
    com.unity.sysroot.linux-x86_64@2.0.9 (location: <repo>/games/hollowmere/Library/PackageCache/com.unity.sysroot.linux-x86_64@1998d1c7730e)
    com.unity.serialization@3.1.5 (location: <repo>/games/hollowmere/Library/PackageCache/com.unity.serialization@c463b52e88d7)
    com.unity.profiling.core@1.0.3 (location: <repo>/games/hollowmere/Library/PackageCache/com.unity.profiling.core@8a49f7027d06)
    com.unity.nuget.mono-cecil@1.11.6 (location: <repo>/games/hollowmere/Library/PackageCache/com.unity.nuget.mono-cecil@ecb9724e46ff)
    com.unity.scriptablebuildpipeline@2.6.1 (location: <repo>/games/hollowmere/Library/PackageCache/com.unity.scriptablebuildpipeline@36e3b5898ee2)
    com.unity.test-framework.performance@3.4.0 (location: <repo>/games/hollowmere/Library/PackageCache/com.unity.test-framework.performance@aa81a99c4a75)
    com.unity.searcher@4.9.3 (location: <repo>/games/hollowmere/Library/PackageCache/com.unity.searcher@1e17ce91558d)
  Built-in packages:
    com.unity.modules.ai@1.0.0 (location: <repo>/games/hollowmere/Library/PackageCache/com.unity.modules.ai)
    com.unity.modules.animation@1.0.0 (location: <repo>/games/hollowmere/Library/PackageCache/com.unity.modules.animation)
    com.unity.modules.audio@1.0.0 (location: <repo>/games/hollowmere/Library/PackageCache/com.unity.modules.audio)
    com.unity.modules.imageconversion@1.0.0 (location: <repo>/games/hollowmere/Library/PackageCache/com.unity.modules.imageconversion)
    com.unity.modules.imgui@1.0.0 (location: <repo>/games/hollowmere/Library/PackageCache/com.unity.modules.imgui)
    com.unity.modules.jsonserialize@1.0.0 (location: <repo>/games/hollowmere/Library/PackageCache/com.unity.modules.jsonserialize)
    com.unity.modules.physics@1.0.0 (location: <repo>/games/hollowmere/Library/PackageCache/com.unity.modules.physics)
    com.unity.modules.screencapture@1.0.0 (location: <repo>/games/hollowmere/Library/PackageCache/com.unity.modules.screencapture)
    com.unity.modules.ui@1.0.0 (location: <repo>/games/hollowmere/Library/PackageCache/com.unity.modules.ui)
    com.unity.modules.uielements@1.0.0 (location: <repo>/games/hollowmere/Library/PackageCache/com.unity.modules.uielements)
    com.unity.modules.unitywebrequest@1.0.0 (location: <repo>/games/hollowmere/Library/PackageCache/com.unity.modules.unitywebrequest)
    com.unity.modules.video@1.0.0 (location: <repo>/games/hollowmere/Library/PackageCache/com.unity.modules.video)
    com.unity.render-pipelines.universal@17.0.4 (location: <repo>/games/hollowmere/Library/PackageCache/com.unity.render-pipelines.universal@a1a2df1d8dcb)
    com.unity.test-framework@1.6.0 (location: <repo>/games/hollowmere/Library/PackageCache/com.unity.test-framework@bd52b1c23814)
    com.unity.ext.nunit@2.0.5 (location: <repo>/games/hollowmere/Library/PackageCache/com.unity.ext.nunit@b16e6d09cd93)
    com.unity.render-pipelines.core@17.0.4 (location: <repo>/games/hollowmere/Library/PackageCache/com.unity.render-pipelines.core@2fecbe5ecc80)
    com.unity.shadergraph@17.0.4 (location: <repo>/games/hollowmere/Library/PackageCache/com.unity.shadergraph@029994c473dc)
    com.unity.render-pipelines.universal-config@17.0.3 (location: <repo>/games/hollowmere/Library/PackageCache/com.unity.render-pipelines.universal-config@e48fefd716b5)
    com.unity.modules.hierarchycore@1.0.0 (location: <repo>/games/hollowmere/Library/PackageCache/com.unity.modules.hierarchycore)
    com.unity.modules.assetbundle@1.0.0 (location: <repo>/games/hollowmere/Library/PackageCache/com.unity.modules.assetbundle)
    com.unity.modules.unityanalytics@1.0.0 (location: <repo>/games/hollowmere/Library/PackageCache/com.unity.modules.unityanalytics)
    com.unity.ugui@2.0.0 (location: <repo>/games/hollowmere/Library/PackageCache/com.unity.ugui@a477a4a18974)
    com.unity.modules.terrain@1.0.0 (location: <repo>/games/hollowmere/Library/PackageCache/com.unity.modules.terrain)
    com.unity.rendering.light-transport@1.0.1 (location: <repo>/games/hollowmere/Library/PackageCache/com.unity.rendering.light-transport@fd597d1a9e15)
  Local packages:
    com.gamecore.composition@file:<repo>/Packages/com.gamecore.composition (location: <repo>/Packages/com.gamecore.composition)
    com.gamecore.content.compiler@file:<repo>/Packages/com.gamecore.content.compiler (location: <repo>/Packages/com.gamecore.content.compiler)
    com.gamecore.contracts@file:<repo>/Packages/com.gamecore.contracts (location: <repo>/Packages/com.gamecore.contracts)
    com.gamecore.derivation@file:<repo>/Packages/com.gamecore.derivation (location: <repo>/Packages/com.gamecore.derivation)
    com.gamecore.gameplay.audio@file:<repo>/Packages/com.gamecore.gameplay.audio (location: <repo>/Packages/com.gamecore.gameplay.audio)
    com.gamecore.gameplay.cards@file:<repo>/Packages/com.gamecore.gameplay.cards (location: <repo>/Packages/com.gamecore.gameplay.cards)
    com.gamecore.gameplay.compile@file:<repo>/Packages/com.gamecore.gameplay.compile (location: <repo>/Packages/com.gamecore.gameplay.compile)
    com.gamecore.gameplay.contracts@file:<repo>/Packages/com.gamecore.gameplay.contracts (location: <repo>/Packages/com.gamecore.gameplay.contracts)
    com.gamecore.gameplay.dialogue@file:<repo>/Packages/com.gamecore.gameplay.dialogue (location: <repo>/Packages/com.gamecore.gameplay.dialogue)
    com.gamecore.gameplay.entities@file:<repo>/Packages/com.gamecore.gameplay.entities (location: <repo>/Packages/com.gamecore.gameplay.entities)
    com.gamecore.gameplay.integration@file:<repo>/Packages/com.gamecore.gameplay.integration (location: <repo>/Packages/com.gamecore.gameplay.integration)
    com.gamecore.gameplay.interaction@file:<repo>/Packages/com.gamecore.gameplay.interaction (location: <repo>/Packages/com.gamecore.gameplay.interaction)
    com.gamecore.gameplay.inventory@file:<repo>/Packages/com.gamecore.gameplay.inventory (location: <repo>/Packages/com.gamecore.gameplay.inventory)
    com.gamecore.gameplay.logic@file:<repo>/Packages/com.gamecore.gameplay.logic (location: <repo>/Packages/com.gamecore.gameplay.logic)
    com.gamecore.gameplay.narrative@file:<repo>/Packages/com.gamecore.gameplay.narrative (location: <repo>/Packages/com.gamecore.gameplay.narrative)
    com.gamecore.gameplay.npc@file:<repo>/Packages/com.gamecore.gameplay.npc (location: <repo>/Packages/com.gamecore.gameplay.npc)
    com.gamecore.gameplay.player@file:<repo>/Packages/com.gamecore.gameplay.player (location: <repo>/Packages/com.gamecore.gameplay.player)
    com.gamecore.gameplay.quest@file:<repo>/Packages/com.gamecore.gameplay.quest (location: <repo>/Packages/com.gamecore.gameplay.quest)
    com.gamecore.gameplay.rewards@file:<repo>/Packages/com.gamecore.gameplay.rewards (location: <repo>/Packages/com.gamecore.gameplay.rewards)
    com.gamecore.gameplay.save@file:<repo>/Packages/com.gamecore.gameplay.save (location: <repo>/Packages/com.gamecore.gameplay.save)
    com.gamecore.gameplay.traversal@file:<repo>/Packages/com.gamecore.gameplay.traversal (location: <repo>/Packages/com.gamecore.gameplay.traversal)
    com.gamecore.gameplay.ui@file:<repo>/Packages/com.gamecore.gameplay.ui (location: <repo>/Packages/com.gamecore.gameplay.ui)
    com.gamecore.gameplay.world@file:<repo>/Packages/com.gamecore.gameplay.world (location: <repo>/Packages/com.gamecore.gameplay.world)
    com.gamecore.planning@file:<repo>/Packages/com.gamecore.planning (location: <repo>/Packages/com.gamecore.planning)
    com.gamecore.rules.cards@file:<repo>/Packages/com.gamecore.rules.cards (location: <repo>/Packages/com.gamecore.rules.cards)
    com.gamecore.rules.gameplay@file:<repo>/Packages/com.gamecore.rules.gameplay (location: <repo>/Packages/com.gamecore.rules.gameplay)
    com.gamecore.rules.narrative@file:<repo>/Packages/com.gamecore.rules.narrative (location: <repo>/Packages/com.gamecore.rules.narrative)
    com.gamecore.rules.traversal@file:<repo>/Packages/com.gamecore.rules.traversal (location: <repo>/Packages/com.gamecore.rules.traversal)
    com.gamecore.studio.core@file:<repo>/Packages/com.gamecore.studio.core (location: <repo>/Packages/com.gamecore.studio.core)
    com.gamecore.studio.etos@file:<repo>/Packages/com.gamecore.studio.etos (location: <repo>/Packages/com.gamecore.studio.etos)
    com.gamecore.studio.gameplay@file:<repo>/Packages/com.gamecore.studio.gameplay (location: <repo>/Packages/com.gamecore.studio.gameplay)
    com.gamecore.studio.ui@file:<repo>/Packages/com.gamecore.studio.ui (location: <repo>/Packages/com.gamecore.studio.ui)
    com.gamecore.studio.views@file:<repo>/Packages/com.gamecore.studio.views (location: <repo>/Packages/com.gamecore.studio.views)
    com.gamecore.unity.adapters@file:<repo>/Packages/com.gamecore.unity.adapters (location: <repo>/Packages/com.gamecore.unity.adapters)
    com.gamecore.unity.app@file:<repo>/Packages/com.gamecore.unity.app (location: <repo>/Packages/com.gamecore.unity.app)
    com.gamecore.unity.runtime@file:<repo>/Packages/com.gamecore.unity.runtime (location: <repo>/Packages/com.gamecore.unity.runtime)
[Subsystems] No new subsystems found in resolved package list.
[Package Manager] Done registering packages in 0.01 seconds
A meta data file (.meta) exists but its folder 'Packages/com.gamecore.studio.gameplay/Tests~' can't be found, and has been created. Empty directories cannot be stored in version control, so it's assumed that the meta data file is for an empty directory in version control. When moving or deleting folders outside of Unity, please ensure that the corresponding .meta file is moved or deleted along with it.
Assembly reference Packages/com.unity.entities/Unity.Scenes.Editor/Internals/Properties/Unity.Properties.Internals.asmref has no target assembly definition
Assembly reference Packages/com.unity.entities/Unity.Scenes.Editor/Internals/Properties/Unity.Properties.Internals.asmref has no target assembly definition
[40m[32minfo[39m[22m[49m: Microsoft.Hosting.Lifetime[14]
      Now listening on: http://unix:/tmp/ilpp.sock-547e73308def5ad1c000e452139aced3
[40m[32minfo[39m[22m[49m: Microsoft.Hosting.Lifetime[0]
      Application started. Press Ctrl+C to shut down.
[40m[32minfo[39m[22m[49m: Microsoft.Hosting.Lifetime[0]
      Hosting environment: Production
[40m[32minfo[39m[22m[49m: Microsoft.Hosting.Lifetime[0]
      Content root path: <repo>/games/hollowmere/
[40m[32minfo[39m[22m[49m: Microsoft.AspNetCore.Hosting.Diagnostics[1]
      Request starting HTTP/2 POST http://ilpp/UnityILPP.PostProcessing/Ping application/grpc -
[40m[32minfo[39m[22m[49m: Microsoft.AspNetCore.Routing.EndpointMiddleware[0]
      Executing endpoint 'gRPC - /UnityILPP.PostProcessing/Ping'
[40m[32minfo[39m[22m[49m: Microsoft.AspNetCore.Routing.EndpointMiddleware[1]
      Executed endpoint 'gRPC - /UnityILPP.PostProcessing/Ping'
[40m[32minfo[39m[22m[49m: Microsoft.AspNetCore.Hosting.Diagnostics[2]
      Request finished HTTP/2 POST http://ilpp/UnityILPP.PostProcessing/Ping application/grpc - - 200 - application/grpc 53.4154ms
Starting: ~/Unity/Hub/Editor/6000.0.75f1/Editor/Data/bee_backend --ipc --defer-dag-verification --dagfile="Library/Bee/2400b0aE.dag" --continue-on-failure --profile="Library/Bee/backend1.traceevents" ScriptAssemblies
WorkingDir: <repo>/games/hollowmere
DisplayProgressbar: Compiling Scripts
[40m[32minfo[39m[22m[49m: Microsoft.AspNetCore.Hosting.Diagnostics[1]
      Request starting HTTP/2 POST http://ilpp/UnityILPP.PostProcessing/ConfigurePostProcessors application/grpc -
[40m[32minfo[39m[22m[49m: Microsoft.AspNetCore.Routing.EndpointMiddleware[0]
      Executing endpoint 'gRPC - /UnityILPP.PostProcessing/ConfigurePostProcessors'
[40m[1m[33mwarn[39m[22m[49m: Unity.ILPP.Runner.PostProcessingAssemblyLoadContext[0]
      Assembly system.runtime.interopservices.windowsruntime has duplicate hint path. Ignoring "~/Unity/Hub/Editor/6000.0.75f1/Editor/Data/UnityReferenceAssemblies/unity-4.8-api/Facades/System.Runtime.InteropServices.WindowsRuntime.dll" in favor of "~/Unity/Hub/Editor/6000.0.75f1/Editor/Data/NetStandard/Extensions/2.0.0/System.Runtime.InteropServices.WindowsRuntime.dll"
[40m[1m[33mwarn[39m[22m[49m: Unity.ILPP.Runner.PostProcessingAssemblyLoadContext[0]
      Assembly system.componentmodel.composition has duplicate hint path. Ignoring "~/Unity/Hub/Editor/6000.0.75f1/Editor/Data/UnityReferenceAssemblies/unity-4.8-api/System.ComponentModel.Composition.dll" in favor of "~/Unity/Hub/Editor/6000.0.75f1/Editor/Data/NetStandard/compat/2.1.0/shims/netfx/System.ComponentModel.Composition.dll"
[40m[32minfo[39m[22m[49m: Unity.ILPP.Runner.PostProcessingAssemblyLoadContext[0]
      Resolved Unity.Burst.Cecil, Version=0.11.4.0, Culture=neutral, PublicKeyToken=50cebf1cceb9d05e with Library/PackageCache/com.unity.burst@07790c2d06d9/Unity.Burst.CodeGen/Unity.Burst.Cecil.dll
[40m[32minfo[39m[22m[49m: Unity.ILPP.Runner.PostProcessingAssemblyLoadContext[0]
      Resolved Mono.Cecil, Version=0.11.5.0, Culture=neutral, PublicKeyToken=50cebf1cceb9d05e with Library/PackageCache/com.unity.nuget.mono-cecil@ecb9724e46ff/Mono.Cecil.dll
[40m[32minfo[39m[22m[49m: Unity.ILPP.Runner.PostProcessingAssemblyLoadContext[0]
      Resolved Unity.Entities, Version=0.0.0.0, Culture=neutral, PublicKeyToken=null with Library/Bee/artifacts/2400b0aE.dag/Unity.Entities.dll
[40m[32minfo[39m[22m[49m: Microsoft.AspNetCore.Routing.EndpointMiddleware[1]
      Executed endpoint 'gRPC - /UnityILPP.PostProcessing/ConfigurePostProcessors'
[40m[32minfo[39m[22m[49m: Microsoft.AspNetCore.Hosting.Diagnostics[2]
      Request finished HTTP/2 POST http://ilpp/UnityILPP.PostProcessing/ConfigurePostProcessors application/grpc - - 200 - application/grpc 43.0301ms
ExitCode: 0 Duration: 0s446ms
[1358/1926  0s] ILPP-Configuration Library/ilpp-configuration.nevergeneratedoutput
*** Tundra build success (0.42 seconds), 1 items updated, 1926 evaluated
AssetDatabase: script compilation time: 1.054583s
A meta data file (.meta) exists but its folder 'Packages/com.gamecore.studio.gameplay/Tests~' can't be found, and has been created. Empty directories cannot be stored in version control, so it's assumed that the meta data file is for an empty directory in version control. When moving or deleting folders outside of Unity, please ensure that the corresponding .meta file is moved or deleted along with it.
Begin MonoManager ReloadAssembly
Total cache size 264245387
Total cache size after purge 264245387, took 00:00:00.2462720
Symbol file LoadedFromMemory is not a mono symbol file
- Loaded All Assemblies, in  0.728 seconds
A meta data file (.meta) exists but its folder 'Packages/com.gamecore.studio.gameplay/Tests~' can't be found, and has been created. Empty directories cannot be stored in version control, so it's assumed that the meta data file is for an empty directory in version control. When moving or deleting folders outside of Unity, please ensure that the corresponding .meta file is moved or deleted along with it.
Refreshing native plugins compatible for Editor in 0.23 ms, found 1 plugins.
Native extension for LinuxStandalone target not found
Native extension for OSXStandalone target not found
Assembly reference Packages/com.unity.entities/Unity.Scenes.Editor/Internals/Properties/Unity.Properties.Internals.asmref has no target assembly definition
TypeManager.Initialize took: 197ms
Mono: successfully reloaded assembly
- Finished resetting the current domain, in  4.159 seconds
Domain Reload Profiling: 4879ms
	BeginReloadAssembly (189ms)
		ExecutionOrderSort (0ms)
		DisableScriptedObjects (56ms)
		BackupInstance (0ms)
		ReleaseScriptingObjects (0ms)
		CreateAndSetChildDomain (38ms)
	RebuildCommonClasses (39ms)
	RebuildNativeTypeToScriptingClass (9ms)
	initialDomainReloadingComplete (30ms)
	LoadAllAssembliesAndSetupDomain (454ms)
		LoadAssemblies (265ms)
		RebuildTransferFunctionScriptingTraits (0ms)
		AnalyzeDomain (250ms)
			TypeCache.Refresh (170ms)
				TypeCache.ScanAssembly (153ms)
			BuildScriptInfoCaches (69ms)
			ResolveRequiredComponents (9ms)
	FinalizeReload (4159ms)
		ReleaseScriptCaches (0ms)
		RebuildScriptCaches (0ms)
		SetupLoadedEditorAssemblies (3779ms)
			LogAssemblyErrors (0ms)
			InitializePlatformSupportModulesInManaged (46ms)
			SetLoadedEditorAssemblies (8ms)
			BeforeProcessingInitializeOnLoad (147ms)
			ProcessInitializeOnLoadAttributes (3330ms)
			ProcessInitializeOnLoadMethodAttributes (244ms)
			AfterProcessingInitializeOnLoad (3ms)
			EditorAssembliesLoaded (1ms)
		ExecutionOrderSort2 (0ms)
		AwakeInstancesAfterBackupRestoration (66ms)
A meta data file (.meta) exists but its folder 'Packages/com.gamecore.studio.gameplay/Tests~' can't be found, and has been created. Empty directories cannot be stored in version control, so it's assumed that the meta data file is for an empty directory in version control. When moving or deleting folders outside of Unity, please ensure that the corresponding .meta file is moved or deleted along with it.
Asset Pipeline Refresh (id=cac9902849eab9e588d9d810c8c6a482): Total: 7.208 seconds - Initiated by InitialRefreshV2(ForceSynchronousImport)
	Summary:
		Imports: total=0 (actual=0, local cache=0, cache server=0)
		Asset DB Process Time: managed=0 ms, native=5274 ms
		Asset DB Callback time: managed=36 ms, native=9 ms
		Scripting: domain reloads=1, domain reload time=729 ms, compile time=1056 ms, other=101 ms
		Project Asset Count: scripts=1801, non-scripts=2645
		Asset File Changes: new=0, changed=0, moved=0, deleted=0
		Scan Filter Count: 1
	InvokeCustomDependenciesCallbacks: 0.004ms
	InvokePackagesCallback: 11.895ms
	ApplyChangesToAssetFolders: 0.711ms
	Scan: 776.817ms
	OnSourceAssetsModified: 0.004ms
	CategorizeAssetsWithTransientArtifact: 50.101ms
	ProcessAssetsWithTransientArtifactChanges: 62.700ms
	CategorizeAssets: 53.037ms
	ImportOutOfDateAssets: 4168.584ms (3108.794ms without children)
		CompileScripts: 1056.230ms
		ReloadNativeAssets: 0.031ms
		UnloadImportedAssets: 1.753ms
		EnsureUptoDateAssetsAreRegisteredWithGuidPM: 1.001ms
		InitializingProgressBar: 0.000ms
		PostProcessAllAssetNotificationsAddChangedAssets: 0.000ms
		OnDemandSchedulerStart: 0.775ms
	PostProcessAllAssets: 36.893ms
	GatherAllCurrentPrimaryArtifactRevisions: 0.000ms
	UnloadStreamsBegin: 2.270ms
	PersistCurrentRevisions: 0.227ms
	UnloadStreamsEnd: 0.001ms
	GenerateScriptTypeHashes: 2.800ms
	Untracked: 2045.238ms

Application.AssetDatabase Initial Refresh End
Scanning for USB devices : 1.281ms
Initializing Unity extensions:
UpdateMenuTitleForLanguage: 10
[MODES] ModeService[none].Initialize
[MODES] ModeService[none].LoadModes
[MODES] Loading mode Default (0) for mode-current-id-Hollowmere
Unloading 16 Unused Serialized files (Serialized files now loaded: 0)
Unloading 6116 unused Assets / (4.6 MB). Loaded Objects now: 6792.
Memory consumption went from 183.6 MB to 179.0 MB.
Total: 17.768474 ms (FindLiveObjects: 0.597308 ms CreateObjectMapping: 0.691629 ms MarkObjects: 11.465980 ms  DeleteObjects: 5.012352 ms)


(process:4024953): GLib-GObject-CRITICAL **: 05:08:22.148: g_object_unref: assertion 'G_IS_OBJECT (object)' failed

(process:4024953): GLib-GObject-CRITICAL **: 05:08:22.148: g_object_unref: assertion 'G_IS_OBJECT (object)' failed

(process:4024953): GLib-GObject-CRITICAL **: 05:08:22.148: g_object_unref: assertion 'G_IS_OBJECT (object)' failed

(process:4024953): Gtk-CRITICAL **: 05:08:22.148: gtk_widget_destroy: assertion 'GTK_IS_WIDGET (widget)' failed
Disable old input system
[Project] Loading completed in 28.002 seconds
	Project init time: 				27.451 seconds
		Template init time: 		0.000 seconds
		Package Manager init time: 		0.220 seconds
		Asset Database init time: 		0.248 seconds
		Global illumination init time: 	0.003 seconds
		Assemblies load time: 			19.413 seconds
		Unity extensions init time: 	0.045 seconds
		Asset Database refresh time: 	7.209 seconds
	Scene opening time: 			0.476 seconds
##utp:{"type": "ProjectInfo", "version": 2, "phase": "Immediate", "time": 1791320902149, "processId": 4024953, "projectLoad": 28.001957646, "projectInit": 27.451278019, "templateInit": 0.0, "packageManagerInit": 0.220244557, "assetDatabaseInit": 0.24778838, "globalIlluminationInit": 0.003333259, "assembliesLoad": 19.413243364, "unityExtensionsInit": 0.044980103, "assetDatabaseRefresh": 7.208574316, "sceneOpening": 0.476207905}
##utp:{"type": "EditorInfo", "version": 2, "phase": "Immediate", "time": 1791320902149, "processId": 4024953, "editorVersion": "6000.0.75f1 (26349cd2a5c8)", "branch": "6000.0/staging", "buildType": "Release", "platform": "Linux"}
A meta data file (.meta) exists but its folder 'Packages/com.gamecore.studio.gameplay/Tests~' can't be found, and has been created. Empty directories cannot be stored in version control, so it's assumed that the meta data file is for an empty directory in version control. When moving or deleting folders outside of Unity, please ensure that the corresponding .meta file is moved or deleted along with it.
A meta data file (.meta) exists but its folder 'Packages/com.gamecore.studio.gameplay/Tests~' can't be found, and has been created. Empty directories cannot be stored in version control, so it's assumed that the meta data file is for an empty directory in version control. When moving or deleting folders outside of Unity, please ensure that the corresponding .meta file is moved or deleted along with it.
Asset Pipeline Refresh (id=85f7c88c5870a2c0ba20e4ce1aa51e1a): Total: 0.472 seconds - Initiated by RefreshV2(ForceSynchronousImport)
	Summary:
		Imports: total=0 (actual=0, local cache=0, cache server=0)
		Asset DB Process Time: managed=0 ms, native=470 ms
		Asset DB Callback time: managed=0 ms, native=0 ms
		Scripting: domain reloads=0, domain reload time=0 ms, compile time=0 ms, other=0 ms
		Project Asset Count: scripts=1801, non-scripts=2645
		Asset File Changes: new=0, changed=0, moved=0, deleted=0
		Scan Filter Count: 1
	InvokeCustomDependenciesCallbacks: 0.001ms
	InvokePackagesCallback: 2.092ms
	ApplyChangesToAssetFolders: 0.260ms
	Scan: 415.390ms
	OnSourceAssetsModified: 0.001ms
	CategorizeAssetsWithTransientArtifact: 0.002ms
	ProcessAssetsWithTransientArtifactChanges: 0.155ms
	CategorizeAssets: 43.838ms
	ImportOutOfDateAssets: 1.984ms (0.119ms without children)
		CompileScripts: 0.295ms
		ReloadNativeAssets: 0.041ms
		UnloadImportedAssets: 0.177ms
		EnsureUptoDateAssetsAreRegisteredWithGuidPM: 0.832ms
		InitializingProgressBar: 0.000ms
		PostProcessAllAssetNotificationsAddChangedAssets: 0.001ms
		OnDemandSchedulerStart: 0.519ms
	GatherAllCurrentPrimaryArtifactRevisions: 0.236ms
	UnloadStreamsBegin: 0.061ms
	PersistCurrentRevisions: 0.291ms
	UnloadStreamsEnd: 0.001ms
	Untracked: 7.412ms

A meta data file (.meta) exists but its folder 'Packages/com.gamecore.studio.gameplay/Tests~' can't be found, and has been created. Empty directories cannot be stored in version control, so it's assumed that the meta data file is for an empty directory in version control. When moving or deleting folders outside of Unity, please ensure that the corresponding .meta file is moved or deleted along with it.
Asset Pipeline Refresh (id=06d77f8ec30f0d491a723e40d462a58b): Total: 0.223 seconds - Initiated by RefreshV2(NoUpdateAssetOptions)
Shader Hidden/ProbeVolume/VoxelizeScene is not supported: GPU does not support conservative rasterization
Opening scene 'Assets/Hollowmere/Boot/Boot.unity'
Unloading 226 Unused Serialized files (Serialized files now loaded: 0)
Loaded scene 'Assets/Hollowmere/Boot/Boot.unity'
	Deserialize:            50.984 ms
	Integration:            221.142 ms
	Integration of assets:  3.257 ms
	Thread Wait Time:       -0.026 ms
	Total Operation Time:   275.358 ms
Unloading 1 unused Assets / (6.1 KB). Loaded Objects now: 7145.
Memory consumption went from 166.0 MB to 166.0 MB.
Total: 8.318977 ms (FindLiveObjects: 0.268883 ms CreateObjectMapping: 0.211150 ms MarkObjects: 7.813629 ms  DeleteObjects: 0.024549 ms)

Reloading assemblies for play mode.
Reloading assemblies after forced synchronous recompile.
Begin MonoManager ReloadAssembly
Symbol file LoadedFromMemory is not a mono symbol file
- Loaded All Assemblies, in  0.875 seconds
Refreshing native plugins compatible for Editor in 0.29 ms, found 1 plugins.
Native extension for LinuxStandalone target not found
Native extension for OSXStandalone target not found
Assembly reference Packages/com.unity.entities/Unity.Scenes.Editor/Internals/Properties/Unity.Properties.Internals.asmref has no target assembly definition
TypeManager.Initialize took: 123ms
Mono: successfully reloaded assembly
[MODES] ModeService[none].Initialize
[MODES] ModeService[none].LoadModes
- Finished resetting the current domain, in  1.306 seconds
Domain Reload Profiling: 2178ms
	BeginReloadAssembly (546ms)
		ExecutionOrderSort (0ms)
		DisableScriptedObjects (43ms)
		BackupInstance (0ms)
		ReleaseScriptingObjects (0ms)
		CreateAndSetChildDomain (266ms)
	RebuildCommonClasses (36ms)
	RebuildNativeTypeToScriptingClass (10ms)
	initialDomainReloadingComplete (27ms)
	LoadAllAssembliesAndSetupDomain (252ms)
		LoadAssemblies (95ms)
		RebuildTransferFunctionScriptingTraits (0ms)
		AnalyzeDomain (207ms)
			TypeCache.Refresh (8ms)
				TypeCache.ScanAssembly (0ms)
			BuildScriptInfoCaches (184ms)
			ResolveRequiredComponents (12ms)
	FinalizeReload (1307ms)
		ReleaseScriptCaches (0ms)
		RebuildScriptCaches (0ms)
		SetupLoadedEditorAssemblies (925ms)
			LogAssemblyErrors (0ms)
			InitializePlatformSupportModulesInManaged (83ms)
			SetLoadedEditorAssemblies (9ms)
			BeforeProcessingInitializeOnLoad (170ms)
			ProcessInitializeOnLoadAttributes (553ms)
			ProcessInitializeOnLoadMethodAttributes (107ms)
			AfterProcessingInitializeOnLoad (3ms)
			EditorAssembliesLoaded (0ms)
		ExecutionOrderSort2 (0ms)
		AwakeInstancesAfterBackupRestoration (23ms)
Asset Pipeline Refresh (id=642ef91a4c8676a62b01ee17753bc2f6): Total: 2.313 seconds - Initiated by StopAssetImportingV2(ForceSynchronousImport | ForceDomainReload)
	Summary:
		Imports: total=0 (actual=0, local cache=0, cache server=0)
		Asset DB Process Time: managed=0 ms, native=1404 ms
		Asset DB Callback time: managed=21 ms, native=0 ms
		Scripting: domain reloads=1, domain reload time=885 ms, compile time=1 ms, other=0 ms
		Project Asset Count: scripts=1801, non-scripts=2645
		Asset File Changes: new=0, changed=0, moved=0, deleted=0
		Scan Filter Count: 0
	InvokeCustomDependenciesCallbacks: 0.002ms
	InvokePackagesCallback: 2.601ms
	ApplyChangesToAssetFolders: 0.403ms
	Scan: 0.001ms
	OnSourceAssetsModified: 0.001ms
	CategorizeAssetsWithTransientArtifact: 0.003ms
	ProcessAssetsWithTransientArtifactChanges: 4.138ms
	CategorizeAssets: 52.279ms
	ImportOutOfDateAssets: 1313.511ms (1306.588ms without children)
		CompileScripts: 1.216ms
		CollectScriptTypesHashes: 3.164ms
		ReloadNativeAssets: 1.319ms
		UnloadImportedAssets: 0.060ms
		EnsureUptoDateAssetsAreRegisteredWithGuidPM: 0.745ms
		InitializingProgressBar: 0.000ms
		PostProcessAllAssetNotificationsAddChangedAssets: 0.000ms
		OnDemandSchedulerStart: 0.419ms
	PostProcessAllAssets: 21.557ms
	GatherAllCurrentPrimaryArtifactRevisions: 0.171ms
	UnloadStreamsBegin: 0.033ms
	PersistCurrentRevisions: 0.170ms
	UnloadStreamsEnd: 0.001ms
	GenerateScriptTypeHashes: 4.656ms
	Untracked: 918.359ms

Loaded scene 'Temp/__Backupscenes/0.backup'
	Deserialize:            1.305 ms
	Integration:            391.882 ms
	Integration of assets:  0.001 ms
	Thread Wait Time:       0.005 ms
	Total Operation Time:   393.193 ms
Refreshing native plugins compatible for Editor in 0.26 ms, found 1 plugins.
Preloading 0 native plugins for Editor in 0.00 ms.
Created GICache directory at ~/.cache/unity3d/GiCache. Took: 0.002s, timestamps: [28.021 - 28.023]
Loaded scene 'Assets/Hollowmere/Regions/ThornwickVillage.unity'
	Deserialize:            17.135 ms
	Integration:            49.760 ms
	Integration of assets:  0.287 ms
	Thread Wait Time:       201.172 ms
	Total Operation Time:   268.355 ms
Unloading 108 Unused Serialized files (Serialized files now loaded: 0)
Loaded scene 'Temp/__Backupscenes/0.backup'
	Deserialize:            1.036 ms
	Integration:            211.032 ms
	Integration of assets:  0.002 ms
	Thread Wait Time:       0.005 ms
	Total Operation Time:   212.074 ms
Unloading 41 unused Assets / (83.5 MB). Loaded Objects now: 7283.
Memory consumption went from 275.0 MB to 191.4 MB.
Total: 16.880271 ms (FindLiveObjects: 0.315572 ms CreateObjectMapping: 0.266534 ms MarkObjects: 15.780924 ms  DeleteObjects: 0.516118 ms)

[UnityConnectServicesConfig] config is NOT valid, switching to default
Start importing Assets/Hollowmere/Npcs/Prefabs/NpcCapsule.prefab using Guid(596458344de352360aa8f29ac9a49551) (PrefabImporter) -> (artifact id: '88b3f393f921367bb2a483ec7f6b65ed') in 0.006993155 seconds
Refreshing native plugins compatible for Editor in 0.29 ms, found 1 plugins.
Preloading 0 native plugins for Editor in 0.00 ms.
Asset Pipeline Refresh (id=25e2f0c897e535f6493b25a22c4f1243): Total: 0.183 seconds - Initiated by StopAssetImportingV2(NoUpdateAssetOptions)
Start importing Assets/Hollowmere/Npcs/Prefabs/NpcCapsule.prefab using Guid(596458344de352360aa8f29ac9a49551) (PrefabImporter) -> (artifact id: '88b3f393f921367bb2a483ec7f6b65ed') in 0.001640977 seconds
Refreshing native plugins compatible for Editor in 0.27 ms, found 1 plugins.
Preloading 0 native plugins for Editor in 0.00 ms.
Asset Pipeline Refresh (id=815653f110ada2b20a49ac2c9d6e857c): Total: 0.015 seconds - Initiated by StopAssetImportingV2(NoUpdateAssetOptions)
Request timed out while processing request "https://public-cdn.cloud.unity3d.com/config/production", HTTP error code 0
.[UnityConnect] Request timed out.
Unloading 0 Unused Serialized files (Serialized files now loaded: 0)
Unloading 110 unused Assets / (0.6 MB). Loaded Objects now: 7180.
Memory consumption went from 293.7 MB to 293.2 MB.
Total: 11.334239 ms (FindLiveObjects: 0.269986 ms CreateObjectMapping: 0.234946 ms MarkObjects: 10.342718 ms  DeleteObjects: 0.485419 ms)

[Physics::Module] Cleanup current backned.
[Physics::Module] Id: 0xf2b8ea05
Input System module state changed to: ShutdownInProgress.
Input System polling thread exited.
Input System module state changed to: Shutdown.
[Licensing::IpcConnector] LicenseClient-worlesenric-notifications channel disconnected successfully.
[Licensing::IpcConnector] LicenseClient-worlesenric channel disconnected successfully.
AcceleratorClientConnectionCallback - disconnected - :0
[40m[32minfo[39m[22m[49m: Microsoft.Hosting.Lifetime[0]
      Application is shutting down...
[40m[32minfo[39m[22m[49m: Unity.ILPP.Runner.PostProcessingAssemblyLoadContext[0]
      ALC ILPP context 1 is unloading
Cleanup mono
debugger-agent: Unable to listen on 42
[Package Manager] Server process was shutdown
Checking for leaked weakptr:
  Found no leaked weakptrs.
##utp:{"type": "MemoryLeaks", "version": 2, "phase": "Immediate", "time": 1791320915459, "processId": 4024953, "allocatedMemory": 14367853, "memoryLabels": [{"Default": 23549}, {"Permanent": 16147}, {"Thread": 1084616}, {"Manager": 3081361}, {"VertexData": 8}, {"Geometry": 408}, {"VFX": -104}, {"Texture": 296}, {"Shader": 79299}, {"Material": 24}, {"GfxDevice": 35976}, {"Animation": 456}, {"Audio": 4032}, {"FontEngine": 320}, {"Physics": 2081}, {"Serialization": 376}, {"Input": 26752}, {"JobScheduler": 33024}, {"TextLib": 160}, {"Mono": 32}, {"MonoCode": 96}, {"ScriptingNativeRuntime": 155096}, {"BaseObject": 1622832}, {"Resource": 1032}, {"Renderer": 2928}, {"Transform": 4678}, {"File": 6674}, {"WebCam": 80}, {"Culling": 32}, {"Terrain": 11298}, {"Wind": 24}, {"String": 19330}, {"DynamicArray": 104059}, {"HashMap": 137296}, {"Utility": 2665104}, {"PoolAlloc": 4112}, {"AI": 72}, {"TypeTree": 5005}, {"ScriptManager": 512}, {"RuntimeInitializeOnLoadManager": 64}, {"SpriteAtlas": 112}, {"GI": 7448}, {"Director": 8208}, {"CloudService": 9200}, {"WebRequest": 808}, {"VR": 45689}, {"SceneManager": 528}, {"Video": 64}, {"LazyScriptCache": 32}, {"NativeArray": 1080}, {"Camera": 17}, {"Secure": 8401}, {"SerializationCache": 1576}, {"APIUpdating": 10320}, {"Subsystems": 336}, {"VirtualTexturing": 57552}, {"StaticSafetyDebugInfo": 278528}, {"Analytics": 384}, {"Hierarchy": 832}, {"CoreStats": 12456}, {"Identifiers": 12384}, {"Gui": 112}, {"EditorUtility": 30698}, {"VersionControl": 4}, {"Undo": 979}, {"AssetDatabase": 4710806}, {"EditorGi": 328}, {"UnityConnect": 24816}, {"Upm": 1852}, {"DrivenProperties": 72}, {"LocalIPC": 210}, {"ProfilerEditor": 9746}, {"CoreBusinessMetrics": 2386}, {"Licensing": 688}, {"AssetReference": 32}, {"IPCStream": 32}]}
