-- nuget audit: on (GAMECORE_OFFLINE=0; default)
-- command: /home/worlesenric/.dotnet/dotnet test /home/worlesenric/wkspace/gc-studio/p2.2/dotnet/tests/GameCore.Studio.Etos.Client.Tests --filter TestCategory=Live --logger trx;LogFileName=/home/worlesenric/wkspace/gc-studio/p2.2/artifacts/studio/evidence/P2.2/live-20261005T015317Z/dotnet-live.trx --logger console;verbosity=normal
  Determining projects to restore...
  All projects are up-to-date for restore.
  GameCore.Studio.Etos.Client -> /home/worlesenric/wkspace/gc-studio/p2.2/dotnet/src/GameCore.Studio.Etos.Client/bin/Debug/netstandard2.1/GameCore.Studio.Etos.Client.dll
  GameCore.Studio.Etos.Client.Tests -> /home/worlesenric/wkspace/gc-studio/p2.2/dotnet/tests/GameCore.Studio.Etos.Client.Tests/bin/Debug/net8.0/GameCore.Studio.Etos.Client.Tests.dll
Test run for /home/worlesenric/wkspace/gc-studio/p2.2/dotnet/tests/GameCore.Studio.Etos.Client.Tests/bin/Debug/net8.0/GameCore.Studio.Etos.Client.Tests.dll (.NETCoreApp,Version=v8.0)
VSTest version 17.11.1 (x64)

Starting test execution, please wait...
A total of 1 test files matched the specified pattern.
NUnit Adapter 4.5.0.0: Test execution started
Running selected tests in /home/worlesenric/wkspace/gc-studio/p2.2/dotnet/tests/GameCore.Studio.Etos.Client.Tests/bin/Debug/net8.0/GameCore.Studio.Etos.Client.Tests.dll
   NUnit3TestExecutor discovered 5 of 5 NUnit test cases using Current Discovery mode, Non-Explicit run
  Passed L01_HelloThroughTheProxyReportsProviderStates [2 s]
  Passed L02_TheAppKeyReachesNothingButItsOwnAgent [10 ms]
  Passed L03_EventsResumeAfterAForcedDisconnectAndCancelEndsTheTask [33 s]
  Passed L04_VoiceTranscribesARealSpokenPromptThroughTheNode [4 s]
NUnit Adapter 4.5.0.0: Test execution complete
  Passed L05_3dGenerationIsRefusedHonestlyAndTamperedBytesAreRefused [82 ms]
Results File: /home/worlesenric/wkspace/gc-studio/p2.2/artifacts/studio/evidence/P2.2/live-20261005T015317Z/dotnet-live.trx

Test Run Successful.
Total tests: 5
     Passed: 5
 Total time: 44.1820 Seconds
RESULT dotnet test dotnet/tests/GameCore.Studio.Etos.Client.Tests: PASS (55s)
