2026-10-06T15:24:11.907422Z  INFO gamecore_studio::voice: voice session open session=vs_1a111d0af9b587fb83804cb
2026-10-06T15:24:12.098228Z  INFO gamecore_studio::voice: voice audio received session=vs_1a111d0af9b587fb83804cb frame=audio-0 bytes=4800 peak=0
2026-10-06T15:24:12.098348Z  INFO gamecore_studio::voice: voice audio forwarded session=vs_1a111d0af9b587fb83804cb frame=audio-0 bytes=4800
2026-10-06T15:24:12.178067Z  INFO gamecore_studio::voice: voice audio received session=vs_1a111d0af9b587fb83804cb frame=audio-1 bytes=4800 peak=0
2026-10-06T15:24:12.178163Z  INFO gamecore_studio::voice: voice audio forwarded session=vs_1a111d0af9b587fb83804cb frame=audio-1 bytes=4800
2026-10-06T15:24:12.306491Z  INFO gamecore_studio::voice: voice audio received session=vs_1a111d0af9b587fb83804cb frame=audio-2 bytes=4800 peak=0
2026-10-06T15:24:12.306598Z  INFO gamecore_studio::voice: voice audio forwarded session=vs_1a111d0af9b587fb83804cb frame=audio-2 bytes=4800
2026-10-06T15:24:12.391373Z  INFO gamecore_studio::voice: voice audio received session=vs_1a111d0af9b587fb83804cb frame=audio-3 bytes=4800 peak=0
2026-10-06T15:24:12.391483Z  INFO gamecore_studio::voice: voice audio forwarded session=vs_1a111d0af9b587fb83804cb frame=audio-3 bytes=4800
2026-10-06T15:24:12.476418Z  INFO gamecore_studio::voice: voice audio received session=vs_1a111d0af9b587fb83804cb frame=audio-4 bytes=4800 peak=0
2026-10-06T15:24:12.476538Z  INFO gamecore_studio::voice: voice audio forwarded session=vs_1a111d0af9b587fb83804cb frame=audio-4 bytes=4800
2026-10-06T15:24:12.833114Z  INFO gamecore_studio::voice: voice audio received session=vs_1a111d0af9b587fb83804cb frame=audio-5 bytes=4800 peak=0
2026-10-06T15:24:12.833220Z  INFO gamecore_studio::voice: voice audio forwarded session=vs_1a111d0af9b587fb83804cb frame=audio-5 bytes=4800
2026-10-06T15:24:12.833415Z  INFO gamecore_studio::voice: voice audio received session=vs_1a111d0af9b587fb83804cb frame=audio-6 bytes=4800 peak=0
2026-10-06T15:24:12.833455Z  INFO gamecore_studio::voice: voice audio forwarded session=vs_1a111d0af9b587fb83804cb frame=audio-6 bytes=4800
2026-10-06T15:24:12.833975Z  INFO gamecore_studio::voice: voice audio received session=vs_1a111d0af9b587fb83804cb frame=audio-7 bytes=4800 peak=0
2026-10-06T15:24:12.834001Z  INFO gamecore_studio::voice: voice audio forwarded session=vs_1a111d0af9b587fb83804cb frame=audio-7 bytes=4800
2026-10-06T15:24:12.903164Z  INFO gamecore_studio::voice: voice audio received session=vs_1a111d0af9b587fb83804cb frame=audio-8 bytes=4800 peak=0
2026-10-06T15:24:12.903282Z  INFO gamecore_studio::voice: voice audio forwarded session=vs_1a111d0af9b587fb83804cb frame=audio-8 bytes=4800
2026-10-06T15:24:12.967565Z  INFO gamecore_studio::voice: voice audio received session=vs_1a111d0af9b587fb83804cb frame=audio-9 bytes=4800 peak=0
2026-10-06T15:24:12.967685Z  INFO gamecore_studio::voice: voice audio forwarded session=vs_1a111d0af9b587fb83804cb frame=audio-9 bytes=4800
2026-10-06T15:24:13.073129Z  INFO gamecore_studio::voice: voice audio received session=vs_1a111d0af9b587fb83804cb frame=audio-10 bytes=4800 peak=0
2026-10-06T15:24:13.073275Z  INFO gamecore_studio::voice: voice audio forwarded session=vs_1a111d0af9b587fb83804cb frame=audio-10 bytes=4800
2026-10-06T15:24:13.179764Z  INFO gamecore_studio::voice: voice audio received session=vs_1a111d0af9b587fb83804cb frame=audio-11 bytes=4800 peak=0
2026-10-06T15:24:13.179892Z  INFO gamecore_studio::voice: voice audio forwarded session=vs_1a111d0af9b587fb83804cb frame=audio-11 bytes=4800
2026-10-06T15:24:13.286958Z  INFO gamecore_studio::voice: voice audio received session=vs_1a111d0af9b587fb83804cb frame=audio-12 bytes=4800 peak=0
2026-10-06T15:24:13.287054Z  INFO gamecore_studio::voice: voice audio forwarded session=vs_1a111d0af9b587fb83804cb frame=audio-12 bytes=4800
2026-10-06T15:24:13.372560Z  INFO gamecore_studio::voice: voice audio received session=vs_1a111d0af9b587fb83804cb frame=audio-13 bytes=4800 peak=0
2026-10-06T15:24:13.372876Z  INFO gamecore_studio::voice: voice audio forwarded session=vs_1a111d0af9b587fb83804cb frame=audio-13 bytes=4800
2026-10-06T15:24:13.500260Z  INFO gamecore_studio::voice: voice audio received session=vs_1a111d0af9b587fb83804cb frame=audio-14 bytes=4800 peak=0
2026-10-06T15:24:13.500363Z  INFO gamecore_studio::voice: voice audio forwarded session=vs_1a111d0af9b587fb83804cb frame=audio-14 bytes=4800
2026-10-06T15:24:13.726164Z  INFO gamecore_studio::voice: voice audio received session=vs_1a111d0af9b587fb83804cb frame=audio-15 bytes=4800 peak=0
2026-10-06T15:24:13.726288Z  INFO gamecore_studio::voice: voice audio forwarded session=vs_1a111d0af9b587fb83804cb frame=audio-15 bytes=4800
2026-10-06T15:24:13.726482Z  INFO gamecore_studio::voice: voice audio received session=vs_1a111d0af9b587fb83804cb frame=audio-16 bytes=4800 peak=0
2026-10-06T15:24:13.726575Z  INFO gamecore_studio::voice: voice audio forwarded session=vs_1a111d0af9b587fb83804cb frame=audio-16 bytes=4800
2026-10-06T15:24:13.798847Z  INFO gamecore_studio::voice: voice audio received session=vs_1a111d0af9b587fb83804cb frame=audio-17 bytes=4800 peak=0
2026-10-06T15:24:13.798922Z  INFO gamecore_studio::voice: voice audio forwarded session=vs_1a111d0af9b587fb83804cb frame=audio-17 bytes=4800
2026-10-06T15:24:13.883694Z  INFO gamecore_studio::voice: voice audio received session=vs_1a111d0af9b587fb83804cb frame=audio-18 bytes=4800 peak=0
2026-10-06T15:24:13.883792Z  INFO gamecore_studio::voice: voice audio forwarded session=vs_1a111d0af9b587fb83804cb frame=audio-18 bytes=4800
2026-10-06T15:24:13.969088Z  INFO gamecore_studio::voice: voice audio received session=vs_1a111d0af9b587fb83804cb frame=audio-19 bytes=4800 peak=7
2026-10-06T15:24:13.969177Z  INFO gamecore_studio::voice: voice audio forwarded session=vs_1a111d0af9b587fb83804cb frame=audio-19 bytes=4800
2026-10-06T15:24:14.097860Z  INFO gamecore_studio::voice: voice audio received session=vs_1a111d0af9b587fb83804cb frame=audio-20 bytes=4800 peak=4229
2026-10-06T15:24:14.097955Z  INFO gamecore_studio::voice: voice audio forwarded session=vs_1a111d0af9b587fb83804cb frame=audio-20 bytes=4800
2026-10-06T15:24:14.182431Z  INFO gamecore_studio::voice: voice audio received session=vs_1a111d0af9b587fb83804cb frame=audio-21 bytes=4800 peak=4552
2026-10-06T15:24:14.182533Z  INFO gamecore_studio::voice: voice audio forwarded session=vs_1a111d0af9b587fb83804cb frame=audio-21 bytes=4800
2026-10-06T15:24:14.267705Z  INFO gamecore_studio::voice: voice audio received session=vs_1a111d0af9b587fb83804cb frame=audio-22 bytes=4800 peak=5153
2026-10-06T15:24:14.267787Z  INFO gamecore_studio::voice: voice audio forwarded session=vs_1a111d0af9b587fb83804cb frame=audio-22 bytes=4800
2026-10-06T15:24:14.396282Z  INFO gamecore_studio::voice: voice audio received session=vs_1a111d0af9b587fb83804cb frame=audio-23 bytes=4800 peak=4578
2026-10-06T15:24:14.396363Z  INFO gamecore_studio::voice: voice audio forwarded session=vs_1a111d0af9b587fb83804cb frame=audio-23 bytes=4800
2026-10-06T15:24:14.481697Z  INFO gamecore_studio::voice: voice audio received session=vs_1a111d0af9b587fb83804cb frame=audio-24 bytes=4800 peak=4281
2026-10-06T15:24:14.481775Z  INFO gamecore_studio::voice: voice audio forwarded session=vs_1a111d0af9b587fb83804cb frame=audio-24 bytes=4800
2026-10-06T15:24:14.566560Z  INFO gamecore_studio::voice: voice audio received session=vs_1a111d0af9b587fb83804cb frame=audio-25 bytes=4800 peak=3261
2026-10-06T15:24:14.566620Z  INFO gamecore_studio::voice: voice audio forwarded session=vs_1a111d0af9b587fb83804cb frame=audio-25 bytes=4800
2026-10-06T15:24:14.695214Z  INFO gamecore_studio::voice: voice audio received session=vs_1a111d0af9b587fb83804cb frame=audio-26 bytes=4800 peak=3408
2026-10-06T15:24:14.695284Z  INFO gamecore_studio::voice: voice audio forwarded session=vs_1a111d0af9b587fb83804cb frame=audio-26 bytes=4800
2026-10-06T15:24:14.779501Z  INFO gamecore_studio::voice: voice audio received session=vs_1a111d0af9b587fb83804cb frame=audio-27 bytes=4800 peak=3339
2026-10-06T15:24:14.779560Z  INFO gamecore_studio::voice: voice audio forwarded session=vs_1a111d0af9b587fb83804cb frame=audio-27 bytes=4800
2026-10-06T15:24:14.865159Z  INFO gamecore_studio::voice: voice audio received session=vs_1a111d0af9b587fb83804cb frame=audio-28 bytes=4800 peak=3424
2026-10-06T15:24:14.865221Z  INFO gamecore_studio::voice: voice audio forwarded session=vs_1a111d0af9b587fb83804cb frame=audio-28 bytes=4800
2026-10-06T15:24:14.993645Z  INFO gamecore_studio::voice: voice audio received session=vs_1a111d0af9b587fb83804cb frame=audio-29 bytes=4800 peak=6097
2026-10-06T15:24:14.993704Z  INFO gamecore_studio::voice: voice audio forwarded session=vs_1a111d0af9b587fb83804cb frame=audio-29 bytes=4800
2026-10-06T15:24:15.078707Z  INFO gamecore_studio::voice: voice audio received session=vs_1a111d0af9b587fb83804cb frame=audio-30 bytes=4800 peak=2344
2026-10-06T15:24:15.078768Z  INFO gamecore_studio::voice: voice audio forwarded session=vs_1a111d0af9b587fb83804cb frame=audio-30 bytes=4800
2026-10-06T15:24:15.164697Z  INFO gamecore_studio::voice: voice audio received session=vs_1a111d0af9b587fb83804cb frame=audio-31 bytes=4800 peak=4306
2026-10-06T15:24:15.164761Z  INFO gamecore_studio::voice: voice audio forwarded session=vs_1a111d0af9b587fb83804cb frame=audio-31 bytes=4800
2026-10-06T15:24:15.291767Z  INFO gamecore_studio::voice: voice audio received session=vs_1a111d0af9b587fb83804cb frame=audio-32 bytes=4800 peak=4742
2026-10-06T15:24:15.291839Z  INFO gamecore_studio::voice: voice audio forwarded session=vs_1a111d0af9b587fb83804cb frame=audio-32 bytes=4800
2026-10-06T15:24:15.377184Z  INFO gamecore_studio::voice: voice audio received session=vs_1a111d0af9b587fb83804cb frame=audio-33 bytes=4800 peak=2241
2026-10-06T15:24:15.377245Z  INFO gamecore_studio::voice: voice audio forwarded session=vs_1a111d0af9b587fb83804cb frame=audio-33 bytes=4800
2026-10-06T15:24:15.505208Z  INFO gamecore_studio::voice: voice audio received session=vs_1a111d0af9b587fb83804cb frame=audio-34 bytes=4800 peak=6755
2026-10-06T15:24:15.505360Z  INFO gamecore_studio::voice: voice audio forwarded session=vs_1a111d0af9b587fb83804cb frame=audio-34 bytes=4800
2026-10-06T15:24:15.682926Z  INFO gamecore_studio::voice: voice audio received session=vs_1a111d0af9b587fb83804cb frame=audio-35 bytes=4800 peak=6426
2026-10-06T15:24:15.683003Z  INFO gamecore_studio::voice: voice audio forwarded session=vs_1a111d0af9b587fb83804cb frame=audio-35 bytes=4800
2026-10-06T15:24:15.683058Z  INFO gamecore_studio::voice: voice audio received session=vs_1a111d0af9b587fb83804cb frame=audio-36 bytes=4800 peak=8300
2026-10-06T15:24:15.683100Z  INFO gamecore_studio::voice: voice audio forwarded session=vs_1a111d0af9b587fb83804cb frame=audio-36 bytes=4800
2026-10-06T15:24:15.804146Z  INFO gamecore_studio::voice: voice audio received session=vs_1a111d0af9b587fb83804cb frame=audio-37 bytes=4800 peak=9676
2026-10-06T15:24:15.804245Z  INFO gamecore_studio::voice: voice audio forwarded session=vs_1a111d0af9b587fb83804cb frame=audio-37 bytes=4800
2026-10-06T15:24:15.889386Z  INFO gamecore_studio::voice: voice audio received session=vs_1a111d0af9b587fb83804cb frame=audio-38 bytes=4800 peak=9665
2026-10-06T15:24:15.889496Z  INFO gamecore_studio::voice: voice audio forwarded session=vs_1a111d0af9b587fb83804cb frame=audio-38 bytes=4800
2026-10-06T15:24:15.974367Z  INFO gamecore_studio::voice: voice audio received session=vs_1a111d0af9b587fb83804cb frame=audio-39 bytes=4800 peak=4888
2026-10-06T15:24:15.974447Z  INFO gamecore_studio::voice: voice audio forwarded session=vs_1a111d0af9b587fb83804cb frame=audio-39 bytes=4800
2026-10-06T15:24:16.102364Z  INFO gamecore_studio::voice: voice audio received session=vs_1a111d0af9b587fb83804cb frame=audio-40 bytes=4800 peak=5221
2026-10-06T15:24:16.102469Z  INFO gamecore_studio::voice: voice audio forwarded session=vs_1a111d0af9b587fb83804cb frame=audio-40 bytes=4800
2026-10-06T15:24:16.188279Z  INFO gamecore_studio::voice: voice audio received session=vs_1a111d0af9b587fb83804cb frame=audio-41 bytes=4800 peak=9551
2026-10-06T15:24:16.188382Z  INFO gamecore_studio::voice: voice audio forwarded session=vs_1a111d0af9b587fb83804cb frame=audio-41 bytes=4800
2026-10-06T15:24:16.273644Z  INFO gamecore_studio::voice: voice audio received session=vs_1a111d0af9b587fb83804cb frame=audio-42 bytes=4800 peak=7747
2026-10-06T15:24:16.273709Z  INFO gamecore_studio::voice: voice audio forwarded session=vs_1a111d0af9b587fb83804cb frame=audio-42 bytes=4800
2026-10-06T15:24:16.400875Z  INFO gamecore_studio::voice: voice audio received session=vs_1a111d0af9b587fb83804cb frame=audio-43 bytes=4800 peak=3548
2026-10-06T15:24:16.400932Z  INFO gamecore_studio::voice: voice audio forwarded session=vs_1a111d0af9b587fb83804cb frame=audio-43 bytes=4800
2026-10-06T15:24:16.486562Z  INFO gamecore_studio::voice: voice audio received session=vs_1a111d0af9b587fb83804cb frame=audio-44 bytes=4800 peak=3370
2026-10-06T15:24:16.486611Z  INFO gamecore_studio::voice: voice audio forwarded session=vs_1a111d0af9b587fb83804cb frame=audio-44 bytes=4800
2026-10-06T15:24:16.550479Z  INFO gamecore_studio::voice: voice audio received session=vs_1a111d0af9b587fb83804cb frame=audio-45 bytes=4800 peak=5872
2026-10-06T15:24:16.550561Z  INFO gamecore_studio::voice: voice audio forwarded session=vs_1a111d0af9b587fb83804cb frame=audio-45 bytes=4800
2026-10-06T15:24:16.700273Z  INFO gamecore_studio::voice: voice audio received session=vs_1a111d0af9b587fb83804cb frame=audio-46 bytes=4800 peak=6518
2026-10-06T15:24:16.700386Z  INFO gamecore_studio::voice: voice audio forwarded session=vs_1a111d0af9b587fb83804cb frame=audio-46 bytes=4800
2026-10-06T15:24:16.784988Z  INFO gamecore_studio::voice: voice audio received session=vs_1a111d0af9b587fb83804cb frame=audio-47 bytes=4800 peak=6202
2026-10-06T15:24:16.785061Z  INFO gamecore_studio::voice: voice audio forwarded session=vs_1a111d0af9b587fb83804cb frame=audio-47 bytes=4800
2026-10-06T15:24:16.871254Z  INFO gamecore_studio::voice: voice audio received session=vs_1a111d0af9b587fb83804cb frame=audio-48 bytes=4800 peak=5391
2026-10-06T15:24:16.871360Z  INFO gamecore_studio::voice: voice audio forwarded session=vs_1a111d0af9b587fb83804cb frame=audio-48 bytes=4800
2026-10-06T15:24:16.998358Z  INFO gamecore_studio::voice: voice audio received session=vs_1a111d0af9b587fb83804cb frame=audio-49 bytes=4800 peak=4185
2026-10-06T15:24:16.998423Z  INFO gamecore_studio::voice: voice audio forwarded session=vs_1a111d0af9b587fb83804cb frame=audio-49 bytes=4800
2026-10-06T15:24:17.084565Z  INFO gamecore_studio::voice: voice audio received session=vs_1a111d0af9b587fb83804cb frame=audio-50 bytes=4800 peak=4382
2026-10-06T15:24:17.084635Z  INFO gamecore_studio::voice: voice audio forwarded session=vs_1a111d0af9b587fb83804cb frame=audio-50 bytes=4800
2026-10-06T15:24:17.170129Z  INFO gamecore_studio::voice: voice audio received session=vs_1a111d0af9b587fb83804cb frame=audio-51 bytes=4800 peak=5483
2026-10-06T15:24:17.170200Z  INFO gamecore_studio::voice: voice audio forwarded session=vs_1a111d0af9b587fb83804cb frame=audio-51 bytes=4800
2026-10-06T15:24:17.297083Z  INFO gamecore_studio::voice: voice audio received session=vs_1a111d0af9b587fb83804cb frame=audio-52 bytes=4800 peak=5481
2026-10-06T15:24:17.297155Z  INFO gamecore_studio::voice: voice audio forwarded session=vs_1a111d0af9b587fb83804cb frame=audio-52 bytes=4800
2026-10-06T15:24:17.312980Z  INFO gamecore_studio::voice: voice provider event session=vs_1a111d0af9b587fb83804cb provider_session=vs_1a111d0af9b587fb83804cb generation=1 event_id=1 event="speech_started"
2026-10-06T15:24:17.382824Z  INFO gamecore_studio::voice: voice audio received session=vs_1a111d0af9b587fb83804cb frame=audio-53 bytes=4800 peak=1806
2026-10-06T15:24:17.382922Z  INFO gamecore_studio::voice: voice audio forwarded session=vs_1a111d0af9b587fb83804cb frame=audio-53 bytes=4800
2026-10-06T15:24:17.467897Z  INFO gamecore_studio::voice: voice audio received session=vs_1a111d0af9b587fb83804cb frame=audio-54 bytes=4800 peak=1568
2026-10-06T15:24:17.467979Z  INFO gamecore_studio::voice: voice audio forwarded session=vs_1a111d0af9b587fb83804cb frame=audio-54 bytes=4800
2026-10-06T15:24:17.678254Z  INFO gamecore_studio::voice: voice audio received session=vs_1a111d0af9b587fb83804cb frame=audio-55 bytes=4800 peak=605
2026-10-06T15:24:17.678327Z  INFO gamecore_studio::voice: voice audio forwarded session=vs_1a111d0af9b587fb83804cb frame=audio-55 bytes=4800
2026-10-06T15:24:17.678346Z  INFO gamecore_studio::voice: voice audio received session=vs_1a111d0af9b587fb83804cb frame=audio-56 bytes=4800 peak=265
2026-10-06T15:24:17.678371Z  INFO gamecore_studio::voice: voice audio forwarded session=vs_1a111d0af9b587fb83804cb frame=audio-56 bytes=4800
2026-10-06T15:24:17.767545Z  INFO gamecore_studio::voice: voice audio received session=vs_1a111d0af9b587fb83804cb frame=audio-57 bytes=4800 peak=0
2026-10-06T15:24:17.767632Z  INFO gamecore_studio::voice: voice audio forwarded session=vs_1a111d0af9b587fb83804cb frame=audio-57 bytes=4800
2026-10-06T15:24:17.872882Z  INFO gamecore_studio::voice: voice audio received session=vs_1a111d0af9b587fb83804cb frame=audio-58 bytes=2176 peak=0
2026-10-06T15:24:17.872938Z  INFO gamecore_studio::voice: voice audio forwarded session=vs_1a111d0af9b587fb83804cb frame=audio-58 bytes=2176
2026-10-06T15:24:17.874450Z  INFO gamecore_studio::voice: voice stop received session=vs_1a111d0af9b587fb83804cb chunks=59 audio_bytes=280576 transcripts=0 pending_audio=true
2026-10-06T15:24:17.874489Z  INFO gamecore_studio::voice: voice input committed session=vs_1a111d0af9b587fb83804cb command="commit-stop"
2026-10-06T15:24:17.951879Z  INFO gamecore_studio::voice: voice provider event session=vs_1a111d0af9b587fb83804cb provider_session=vs_1a111d0af9b587fb83804cb generation=1 event_id=2 event="control_applied"
2026-10-06T15:24:18.192584Z  INFO gamecore_studio::voice: voice provider event session=vs_1a111d0af9b587fb83804cb provider_session=vs_1a111d0af9b587fb83804cb generation=1 event_id=3 event="transcript"
2026-10-06T15:24:18.192607Z  INFO gamecore_studio::voice: voice transcript received session=vs_1a111d0af9b587fb83804cb event_id=3 item=item_AOvFjRVjYufLd6ZnPtljl role=user revision=1 final_revision=true text_bytes=44
2026-10-06T15:24:18.196198Z  INFO gamecore_studio::voice: voice transcript forwarded session=vs_1a111d0af9b587fb83804cb event_id=3 revision=1 final_revision=true delivered=true
2026-10-06T15:24:25.875853Z  INFO gamecore_studio::voice: voice closing after drain session=vs_1a111d0af9b587fb83804cb provider_events=3
2026-10-06T15:24:25.885468Z  INFO gamecore_studio::voice: voice session closed session=vs_1a111d0af9b587fb83804cb reason=stopped chunks=59 audio_bytes=280576 transcripts=1 provider_events=3
2026-10-06T15:25:32.620800Z  INFO gamecore_studio::voice: voice session open session=vs_1a111d1eaa6c10e11016334
2026-10-06T15:25:32.987075Z  INFO gamecore_studio::voice: voice audio received session=vs_1a111d1eaa6c10e11016334 frame=audio-0 bytes=4800 peak=0
2026-10-06T15:25:32.987156Z  INFO gamecore_studio::voice: voice audio forwarded session=vs_1a111d1eaa6c10e11016334 frame=audio-0 bytes=4800
2026-10-06T15:25:33.072052Z  INFO gamecore_studio::voice: voice audio received session=vs_1a111d1eaa6c10e11016334 frame=audio-1 bytes=4800 peak=0
2026-10-06T15:25:33.072178Z  INFO gamecore_studio::voice: voice audio forwarded session=vs_1a111d1eaa6c10e11016334 frame=audio-1 bytes=4800
2026-10-06T15:25:33.438241Z  INFO gamecore_studio::voice: voice audio received session=vs_1a111d1eaa6c10e11016334 frame=audio-2 bytes=4800 peak=0
2026-10-06T15:25:33.438324Z  INFO gamecore_studio::voice: voice audio forwarded session=vs_1a111d1eaa6c10e11016334 frame=audio-2 bytes=4800
2026-10-06T15:25:33.438485Z  INFO gamecore_studio::voice: voice audio received session=vs_1a111d1eaa6c10e11016334 frame=audio-3 bytes=4800 peak=0
2026-10-06T15:25:33.438509Z  INFO gamecore_studio::voice: voice audio forwarded session=vs_1a111d1eaa6c10e11016334 frame=audio-3 bytes=4800
2026-10-06T15:25:33.438748Z  INFO gamecore_studio::voice: voice audio received session=vs_1a111d1eaa6c10e11016334 frame=audio-4 bytes=4800 peak=0
2026-10-06T15:25:33.438770Z  INFO gamecore_studio::voice: voice audio forwarded session=vs_1a111d1eaa6c10e11016334 frame=audio-4 bytes=4800
2026-10-06T15:25:33.499034Z  INFO gamecore_studio::voice: voice audio received session=vs_1a111d1eaa6c10e11016334 frame=audio-5 bytes=4800 peak=0
2026-10-06T15:25:33.499102Z  INFO gamecore_studio::voice: voice audio forwarded session=vs_1a111d1eaa6c10e11016334 frame=audio-5 bytes=4800
2026-10-06T15:25:33.584524Z  INFO gamecore_studio::voice: voice audio received session=vs_1a111d1eaa6c10e11016334 frame=audio-6 bytes=4800 peak=0
2026-10-06T15:25:33.584598Z  INFO gamecore_studio::voice: voice audio forwarded session=vs_1a111d1eaa6c10e11016334 frame=audio-6 bytes=4800
2026-10-06T15:25:33.669726Z  INFO gamecore_studio::voice: voice audio received session=vs_1a111d1eaa6c10e11016334 frame=audio-7 bytes=4800 peak=0
2026-10-06T15:25:33.669822Z  INFO gamecore_studio::voice: voice audio forwarded session=vs_1a111d1eaa6c10e11016334 frame=audio-7 bytes=4800
2026-10-06T15:25:33.776179Z  INFO gamecore_studio::voice: voice audio received session=vs_1a111d1eaa6c10e11016334 frame=audio-8 bytes=4800 peak=0
2026-10-06T15:25:33.776270Z  INFO gamecore_studio::voice: voice audio forwarded session=vs_1a111d1eaa6c10e11016334 frame=audio-8 bytes=4800
2026-10-06T15:25:33.882401Z  INFO gamecore_studio::voice: voice audio received session=vs_1a111d1eaa6c10e11016334 frame=audio-9 bytes=4800 peak=0
2026-10-06T15:25:33.882498Z  INFO gamecore_studio::voice: voice audio forwarded session=vs_1a111d1eaa6c10e11016334 frame=audio-9 bytes=4800
2026-10-06T15:25:33.968529Z  INFO gamecore_studio::voice: voice audio received session=vs_1a111d1eaa6c10e11016334 frame=audio-10 bytes=4800 peak=0
2026-10-06T15:25:33.968626Z  INFO gamecore_studio::voice: voice audio forwarded session=vs_1a111d1eaa6c10e11016334 frame=audio-10 bytes=4800
2026-10-06T15:25:34.096158Z  INFO gamecore_studio::voice: voice audio received session=vs_1a111d1eaa6c10e11016334 frame=audio-11 bytes=4800 peak=0
2026-10-06T15:25:34.096272Z  INFO gamecore_studio::voice: voice audio forwarded session=vs_1a111d1eaa6c10e11016334 frame=audio-11 bytes=4800
2026-10-06T15:25:34.181359Z  INFO gamecore_studio::voice: voice audio received session=vs_1a111d1eaa6c10e11016334 frame=audio-12 bytes=4800 peak=0
2026-10-06T15:25:34.181466Z  INFO gamecore_studio::voice: voice audio forwarded session=vs_1a111d1eaa6c10e11016334 frame=audio-12 bytes=4800
2026-10-06T15:25:34.266805Z  INFO gamecore_studio::voice: voice audio received session=vs_1a111d1eaa6c10e11016334 frame=audio-13 bytes=4800 peak=0
2026-10-06T15:25:34.266933Z  INFO gamecore_studio::voice: voice audio forwarded session=vs_1a111d1eaa6c10e11016334 frame=audio-13 bytes=4800
2026-10-06T15:25:34.476368Z  INFO gamecore_studio::voice: voice audio received session=vs_1a111d1eaa6c10e11016334 frame=audio-14 bytes=4800 peak=0
2026-10-06T15:25:34.476478Z  INFO gamecore_studio::voice: voice audio forwarded session=vs_1a111d1eaa6c10e11016334 frame=audio-14 bytes=4800
2026-10-06T15:25:34.476516Z  INFO gamecore_studio::voice: voice audio received session=vs_1a111d1eaa6c10e11016334 frame=audio-15 bytes=4800 peak=0
2026-10-06T15:25:34.476575Z  INFO gamecore_studio::voice: voice audio forwarded session=vs_1a111d1eaa6c10e11016334 frame=audio-15 bytes=4800
2026-10-06T15:25:34.564931Z  INFO gamecore_studio::voice: voice audio received session=vs_1a111d1eaa6c10e11016334 frame=audio-16 bytes=4800 peak=0
2026-10-06T15:25:34.565224Z  INFO gamecore_studio::voice: voice audio forwarded session=vs_1a111d1eaa6c10e11016334 frame=audio-16 bytes=4800
2026-10-06T15:25:34.672199Z  INFO gamecore_studio::voice: voice audio received session=vs_1a111d1eaa6c10e11016334 frame=audio-17 bytes=4800 peak=0
2026-10-06T15:25:34.672307Z  INFO gamecore_studio::voice: voice audio forwarded session=vs_1a111d1eaa6c10e11016334 frame=audio-17 bytes=4800
2026-10-06T15:25:34.778447Z  INFO gamecore_studio::voice: voice audio received session=vs_1a111d1eaa6c10e11016334 frame=audio-18 bytes=4800 peak=0
2026-10-06T15:25:34.778546Z  INFO gamecore_studio::voice: voice audio forwarded session=vs_1a111d1eaa6c10e11016334 frame=audio-18 bytes=4800
2026-10-06T15:25:34.864264Z  INFO gamecore_studio::voice: voice audio received session=vs_1a111d1eaa6c10e11016334 frame=audio-19 bytes=4800 peak=8
2026-10-06T15:25:34.864364Z  INFO gamecore_studio::voice: voice audio forwarded session=vs_1a111d1eaa6c10e11016334 frame=audio-19 bytes=4800
2026-10-06T15:25:34.992334Z  INFO gamecore_studio::voice: voice audio received session=vs_1a111d1eaa6c10e11016334 frame=audio-20 bytes=4800 peak=9562
2026-10-06T15:25:34.992430Z  INFO gamecore_studio::voice: voice audio forwarded session=vs_1a111d1eaa6c10e11016334 frame=audio-20 bytes=4800
2026-10-06T15:25:35.078258Z  INFO gamecore_studio::voice: voice audio received session=vs_1a111d1eaa6c10e11016334 frame=audio-21 bytes=4800 peak=8375
2026-10-06T15:25:35.078344Z  INFO gamecore_studio::voice: voice audio forwarded session=vs_1a111d1eaa6c10e11016334 frame=audio-21 bytes=4800
2026-10-06T15:25:35.163439Z  INFO gamecore_studio::voice: voice audio received session=vs_1a111d1eaa6c10e11016334 frame=audio-22 bytes=4800 peak=8637
2026-10-06T15:25:35.163504Z  INFO gamecore_studio::voice: voice audio forwarded session=vs_1a111d1eaa6c10e11016334 frame=audio-22 bytes=4800
2026-10-06T15:25:35.291424Z  INFO gamecore_studio::voice: voice audio received session=vs_1a111d1eaa6c10e11016334 frame=audio-23 bytes=4800 peak=5759
2026-10-06T15:25:35.291480Z  INFO gamecore_studio::voice: voice audio forwarded session=vs_1a111d1eaa6c10e11016334 frame=audio-23 bytes=4800
2026-10-06T15:25:35.297487Z  INFO gamecore_studio::voice: voice provider event session=vs_1a111d1eaa6c10e11016334 provider_session=vs_1a111d1eaa6c10e11016334 generation=1 event_id=1 event="speech_started"
2026-10-06T15:25:35.376814Z  INFO gamecore_studio::voice: voice audio received session=vs_1a111d1eaa6c10e11016334 frame=audio-24 bytes=4800 peak=5411
2026-10-06T15:25:35.376885Z  INFO gamecore_studio::voice: voice audio forwarded session=vs_1a111d1eaa6c10e11016334 frame=audio-24 bytes=4800
2026-10-06T15:25:35.461447Z  INFO gamecore_studio::voice: voice audio received session=vs_1a111d1eaa6c10e11016334 frame=audio-25 bytes=4800 peak=1644
2026-10-06T15:25:35.461503Z  INFO gamecore_studio::voice: voice audio forwarded session=vs_1a111d1eaa6c10e11016334 frame=audio-25 bytes=4800
2026-10-06T15:25:35.589482Z  INFO gamecore_studio::voice: voice audio received session=vs_1a111d1eaa6c10e11016334 frame=audio-26 bytes=4800 peak=16202
2026-10-06T15:25:35.589544Z  INFO gamecore_studio::voice: voice audio forwarded session=vs_1a111d1eaa6c10e11016334 frame=audio-26 bytes=4800
2026-10-06T15:25:35.675242Z  INFO gamecore_studio::voice: voice audio received session=vs_1a111d1eaa6c10e11016334 frame=audio-27 bytes=4800 peak=12309
2026-10-06T15:25:35.675297Z  INFO gamecore_studio::voice: voice audio forwarded session=vs_1a111d1eaa6c10e11016334 frame=audio-27 bytes=4800
2026-10-06T15:25:35.760160Z  INFO gamecore_studio::voice: voice audio received session=vs_1a111d1eaa6c10e11016334 frame=audio-28 bytes=4800 peak=8283
2026-10-06T15:25:35.760214Z  INFO gamecore_studio::voice: voice audio forwarded session=vs_1a111d1eaa6c10e11016334 frame=audio-28 bytes=4800
2026-10-06T15:25:35.888487Z  INFO gamecore_studio::voice: voice audio received session=vs_1a111d1eaa6c10e11016334 frame=audio-29 bytes=4800 peak=10941
2026-10-06T15:25:35.888544Z  INFO gamecore_studio::voice: voice audio forwarded session=vs_1a111d1eaa6c10e11016334 frame=audio-29 bytes=4800
2026-10-06T15:25:35.973994Z  INFO gamecore_studio::voice: voice audio received session=vs_1a111d1eaa6c10e11016334 frame=audio-30 bytes=4800 peak=10862
2026-10-06T15:25:35.974040Z  INFO gamecore_studio::voice: voice audio forwarded session=vs_1a111d1eaa6c10e11016334 frame=audio-30 bytes=4800
2026-10-06T15:25:36.058927Z  INFO gamecore_studio::voice: voice audio received session=vs_1a111d1eaa6c10e11016334 frame=audio-31 bytes=4800 peak=11269
2026-10-06T15:25:36.058990Z  INFO gamecore_studio::voice: voice audio forwarded session=vs_1a111d1eaa6c10e11016334 frame=audio-31 bytes=4800
2026-10-06T15:25:36.187295Z  INFO gamecore_studio::voice: voice audio received session=vs_1a111d1eaa6c10e11016334 frame=audio-32 bytes=4800 peak=5793
2026-10-06T15:25:36.187376Z  INFO gamecore_studio::voice: voice audio forwarded session=vs_1a111d1eaa6c10e11016334 frame=audio-32 bytes=4800
2026-10-06T15:25:36.272831Z  INFO gamecore_studio::voice: voice audio received session=vs_1a111d1eaa6c10e11016334 frame=audio-33 bytes=4800 peak=6918
2026-10-06T15:25:36.272942Z  INFO gamecore_studio::voice: voice audio forwarded session=vs_1a111d1eaa6c10e11016334 frame=audio-33 bytes=4800
2026-10-06T15:25:36.645591Z  INFO gamecore_studio::voice: voice audio received session=vs_1a111d1eaa6c10e11016334 frame=audio-34 bytes=4800 peak=7216
2026-10-06T15:25:36.645654Z  INFO gamecore_studio::voice: voice audio forwarded session=vs_1a111d1eaa6c10e11016334 frame=audio-34 bytes=4800
2026-10-06T15:25:36.661222Z  INFO gamecore_studio::voice: voice audio received session=vs_1a111d1eaa6c10e11016334 frame=audio-35 bytes=4800 peak=3099
2026-10-06T15:25:36.661283Z  INFO gamecore_studio::voice: voice audio forwarded session=vs_1a111d1eaa6c10e11016334 frame=audio-35 bytes=4800
2026-10-06T15:25:36.661308Z  INFO gamecore_studio::voice: voice audio received session=vs_1a111d1eaa6c10e11016334 frame=audio-36 bytes=4800 peak=7125
2026-10-06T15:25:36.661328Z  INFO gamecore_studio::voice: voice audio forwarded session=vs_1a111d1eaa6c10e11016334 frame=audio-36 bytes=4800
2026-10-06T15:25:36.698011Z  INFO gamecore_studio::voice: voice audio received session=vs_1a111d1eaa6c10e11016334 frame=audio-37 bytes=4800 peak=6769
2026-10-06T15:25:36.698106Z  INFO gamecore_studio::voice: voice audio forwarded session=vs_1a111d1eaa6c10e11016334 frame=audio-37 bytes=4800
2026-10-06T15:25:36.783958Z  INFO gamecore_studio::voice: voice audio received session=vs_1a111d1eaa6c10e11016334 frame=audio-38 bytes=4800 peak=6306
2026-10-06T15:25:36.784052Z  INFO gamecore_studio::voice: voice audio forwarded session=vs_1a111d1eaa6c10e11016334 frame=audio-38 bytes=4800
2026-10-06T15:25:36.868972Z  INFO gamecore_studio::voice: voice audio received session=vs_1a111d1eaa6c10e11016334 frame=audio-39 bytes=4800 peak=4180
2026-10-06T15:25:36.869079Z  INFO gamecore_studio::voice: voice audio forwarded session=vs_1a111d1eaa6c10e11016334 frame=audio-39 bytes=4800
2026-10-06T15:25:36.997339Z  INFO gamecore_studio::voice: voice audio received session=vs_1a111d1eaa6c10e11016334 frame=audio-40 bytes=4800 peak=6494
2026-10-06T15:25:36.997426Z  INFO gamecore_studio::voice: voice audio forwarded session=vs_1a111d1eaa6c10e11016334 frame=audio-40 bytes=4800
2026-10-06T15:25:37.082949Z  INFO gamecore_studio::voice: voice audio received session=vs_1a111d1eaa6c10e11016334 frame=audio-41 bytes=4800 peak=8906
2026-10-06T15:25:37.083027Z  INFO gamecore_studio::voice: voice audio forwarded session=vs_1a111d1eaa6c10e11016334 frame=audio-41 bytes=4800
2026-10-06T15:25:37.167992Z  INFO gamecore_studio::voice: voice audio received session=vs_1a111d1eaa6c10e11016334 frame=audio-42 bytes=4800 peak=4433
2026-10-06T15:25:37.168066Z  INFO gamecore_studio::voice: voice audio forwarded session=vs_1a111d1eaa6c10e11016334 frame=audio-42 bytes=4800
2026-10-06T15:25:37.295742Z  INFO gamecore_studio::voice: voice audio received session=vs_1a111d1eaa6c10e11016334 frame=audio-43 bytes=4800 peak=17473
2026-10-06T15:25:37.295791Z  INFO gamecore_studio::voice: voice audio forwarded session=vs_1a111d1eaa6c10e11016334 frame=audio-43 bytes=4800
2026-10-06T15:25:37.381391Z  INFO gamecore_studio::voice: voice audio received session=vs_1a111d1eaa6c10e11016334 frame=audio-44 bytes=4800 peak=17492
2026-10-06T15:25:37.381459Z  INFO gamecore_studio::voice: voice audio forwarded session=vs_1a111d1eaa6c10e11016334 frame=audio-44 bytes=4800
2026-10-06T15:25:37.466851Z  INFO gamecore_studio::voice: voice audio received session=vs_1a111d1eaa6c10e11016334 frame=audio-45 bytes=4800 peak=10317
2026-10-06T15:25:37.466924Z  INFO gamecore_studio::voice: voice audio forwarded session=vs_1a111d1eaa6c10e11016334 frame=audio-45 bytes=4800
2026-10-06T15:25:37.594831Z  INFO gamecore_studio::voice: voice audio received session=vs_1a111d1eaa6c10e11016334 frame=audio-46 bytes=4800 peak=7323
2026-10-06T15:25:37.594906Z  INFO gamecore_studio::voice: voice audio forwarded session=vs_1a111d1eaa6c10e11016334 frame=audio-46 bytes=4800
2026-10-06T15:25:37.680193Z  INFO gamecore_studio::voice: voice audio received session=vs_1a111d1eaa6c10e11016334 frame=audio-47 bytes=4800 peak=3160
2026-10-06T15:25:37.680269Z  INFO gamecore_studio::voice: voice audio forwarded session=vs_1a111d1eaa6c10e11016334 frame=audio-47 bytes=4800
2026-10-06T15:25:37.765517Z  INFO gamecore_studio::voice: voice audio received session=vs_1a111d1eaa6c10e11016334 frame=audio-48 bytes=4800 peak=1826
2026-10-06T15:25:37.765591Z  INFO gamecore_studio::voice: voice audio forwarded session=vs_1a111d1eaa6c10e11016334 frame=audio-48 bytes=4800
2026-10-06T15:25:37.872164Z  INFO gamecore_studio::voice: voice audio received session=vs_1a111d1eaa6c10e11016334 frame=audio-49 bytes=4800 peak=3
2026-10-06T15:25:37.872226Z  INFO gamecore_studio::voice: voice audio forwarded session=vs_1a111d1eaa6c10e11016334 frame=audio-49 bytes=4800
2026-10-06T15:25:37.978836Z  INFO gamecore_studio::voice: voice audio received session=vs_1a111d1eaa6c10e11016334 frame=audio-50 bytes=4800 peak=0
2026-10-06T15:25:37.978912Z  INFO gamecore_studio::voice: voice audio forwarded session=vs_1a111d1eaa6c10e11016334 frame=audio-50 bytes=4800
2026-10-06T15:25:38.063445Z  INFO gamecore_studio::voice: voice audio received session=vs_1a111d1eaa6c10e11016334 frame=audio-51 bytes=4800 peak=0
2026-10-06T15:25:38.063516Z  INFO gamecore_studio::voice: voice audio forwarded session=vs_1a111d1eaa6c10e11016334 frame=audio-51 bytes=4800
2026-10-06T15:25:38.191511Z  INFO gamecore_studio::voice: voice audio received session=vs_1a111d1eaa6c10e11016334 frame=audio-52 bytes=4800 peak=0
2026-10-06T15:25:38.191613Z  INFO gamecore_studio::voice: voice audio forwarded session=vs_1a111d1eaa6c10e11016334 frame=audio-52 bytes=4800
2026-10-06T15:25:38.259910Z  INFO gamecore_studio::voice: voice provider event session=vs_1a111d1eaa6c10e11016334 provider_session=vs_1a111d1eaa6c10e11016334 generation=1 event_id=2 event="speech_ended"
2026-10-06T15:25:38.276770Z  INFO gamecore_studio::voice: voice audio received session=vs_1a111d1eaa6c10e11016334 frame=audio-53 bytes=4800 peak=0
2026-10-06T15:25:38.276834Z  INFO gamecore_studio::voice: voice audio forwarded session=vs_1a111d1eaa6c10e11016334 frame=audio-53 bytes=4800
2026-10-06T15:25:38.466885Z  INFO gamecore_studio::voice: voice audio received session=vs_1a111d1eaa6c10e11016334 frame=audio-54 bytes=4800 peak=0
2026-10-06T15:25:38.466934Z  INFO gamecore_studio::voice: voice audio forwarded session=vs_1a111d1eaa6c10e11016334 frame=audio-54 bytes=4800
2026-10-06T15:25:38.486123Z  INFO gamecore_studio::voice: voice provider event session=vs_1a111d1eaa6c10e11016334 provider_session=vs_1a111d1eaa6c10e11016334 generation=1 event_id=3 event="transcript"
2026-10-06T15:25:38.486145Z  INFO gamecore_studio::voice: voice transcript received session=vs_1a111d1eaa6c10e11016334 event_id=3 item=item_UAMc9DhwbstPWmgnEJBSe role=user revision=1 final_revision=true text_bytes=34
2026-10-06T15:25:38.493701Z  INFO gamecore_studio::voice: voice transcript forwarded session=vs_1a111d1eaa6c10e11016334 event_id=3 revision=1 final_revision=true delivered=true
2026-10-06T15:25:38.493743Z  INFO gamecore_studio::voice: voice audio received session=vs_1a111d1eaa6c10e11016334 frame=audio-55 bytes=4800 peak=0
2026-10-06T15:25:38.493781Z  INFO gamecore_studio::voice: voice audio forwarded session=vs_1a111d1eaa6c10e11016334 frame=audio-55 bytes=4800
2026-10-06T15:25:38.575664Z  INFO gamecore_studio::voice: voice audio received session=vs_1a111d1eaa6c10e11016334 frame=audio-56 bytes=4800 peak=0
2026-10-06T15:25:38.575743Z  INFO gamecore_studio::voice: voice audio forwarded session=vs_1a111d1eaa6c10e11016334 frame=audio-56 bytes=4800
2026-10-06T15:25:38.683218Z  INFO gamecore_studio::voice: voice audio received session=vs_1a111d1eaa6c10e11016334 frame=audio-57 bytes=2880 peak=0
2026-10-06T15:25:38.683438Z  INFO gamecore_studio::voice: voice audio forwarded session=vs_1a111d1eaa6c10e11016334 frame=audio-57 bytes=2880
2026-10-06T15:25:38.683667Z  INFO gamecore_studio::voice: voice stop received session=vs_1a111d1eaa6c10e11016334 chunks=58 audio_bytes=276480 transcripts=1 pending_audio=false
2026-10-06T15:25:38.683745Z  INFO gamecore_studio::voice: voice closing after drain session=vs_1a111d1eaa6c10e11016334 provider_events=3
2026-10-06T15:25:38.694343Z  INFO gamecore_studio::voice: voice session closed session=vs_1a111d1eaa6c10e11016334 reason=stopped chunks=58 audio_bytes=276480 transcripts=1 provider_events=3
