[2026-10-06T17:29:11.197Z][INFO] Command-line: ~/Unity/Hub/Editor/6000.0.75f1/Editor/Data/Resources/PackageManager/Server/UnityPackageManager -s 3277400 -ipc -ipc-path /tmp/Unity-Upm-3277400.sock -l 2 --log-file ~/wkspace/gc-studio/p4.2f/artifacts/studio/verification/W-MECH-01/p42f-stage-review-negative-20261006T172910.619626Z/upm.log
[2026-10-06T17:29:11.203Z][INFO] IPC server started (IPC path=/tmp/Unity-Upm-3277400.sock).
[2026-10-06T17:29:11.203Z][INFO] Hint: To connect to this UPM instance, launch Unity with the command-line parameter -upmIpcPath Upm-3277400.
[2026-10-06T17:29:12.070Z][INFO] project:add-dependency <-- Request received
params: {
  "packageId": "com.unity.toolchain.linux-x86_64"
}
[2026-10-06T17:29:36.055Z][INFO] project:add-dependency --> 200 (23985 ms)
[2026-10-06T17:29:36.362Z][INFO] project:list-packages <-- Request received
params: {}
[2026-10-06T17:29:36.413Z][INFO] project:list-packages <-- Request received
params: {}
[2026-10-06T17:29:36.423Z][INFO] project:list-packages <-- Request received
params: {}
[2026-10-06T17:29:36.433Z][INFO] config:project:get-registries <-- Request received
params: {}
[2026-10-06T17:29:36.454Z][INFO] config:project:get-registries --> 200 (21 ms)
[2026-10-06T17:29:37.197Z][INFO] project:list-packages --> 200 (835 ms)
[2026-10-06T17:29:37.408Z][INFO] project:list-packages --> 200 (995 ms)
[2026-10-06T17:29:38.701Z][INFO] project:list-packages --> 200 (2278 ms)
[2026-10-06T17:29:38.809Z][INFO] project:list-packages <-- Request received
params: {}
[2026-10-06T17:29:39.106Z][INFO] project:list-packages --> 200 (296 ms)
[2026-10-06T17:29:41.764Z][INFO] project:list-packages <-- Request received
params: {}
[2026-10-06T17:29:41.774Z][INFO] project:list-packages <-- Request received
params: {}
[2026-10-06T17:29:41.784Z][INFO] config:project:get-registries <-- Request received
params: {}
[2026-10-06T17:29:41.806Z][INFO] config:project:get-registries --> 200 (22 ms)
[2026-10-06T17:29:42.570Z][INFO] project:list-packages --> 200 (806 ms)
[2026-10-06T17:29:42.634Z][INFO] project:list-packages --> 200 (860 ms)
[2026-10-06T17:29:45.213Z][INFO] project:list-packages <-- Request received
params: {}
[2026-10-06T17:29:45.223Z][INFO] project:list-packages <-- Request received
params: {}
[2026-10-06T17:29:45.511Z][INFO] project:list-packages --> 200 (298 ms)
[2026-10-06T17:29:50.498Z][INFO] project:list-packages --> 200 (5275 ms)
[2026-10-06T17:29:57.385Z][INFO] Received shutdown request (SIGINT), shutting down Unity Package Manager
