<?xml version="1.0" encoding="utf-8"?>
<TestRun id="10d5bb01-2099-4180-b643-fc672f97e7a4" name="@worlesenric 2026-09-25 08:28:34" xmlns="http://microsoft.com/schemas/VisualStudio/TeamTest/2010">
  <Times creation="2026-09-25T08:28:34.6326929+08:00" queuing="2026-09-25T08:28:34.6326930+08:00" start="2026-09-25T08:28:31.8748963+08:00" finish="2026-09-25T08:28:34.9392578+08:00" />
  <TestSettings name="default" id="162b9710-74f0-4d31-81e9-a838f79c2341">
    <Deployment runDeploymentRoot="_worlesenric_2026-09-25_08_28_34" />
  </TestSettings>
  <Results>
    <UnitTestResult executionId="c5e4b7ce-d002-4ece-84c3-106d1eff5a8d" testId="3e986657-0ff6-94b8-3149-cd09c334ddac" testName="PendingHeaderIsTreatedAsFailureWithClearMessage" computerName="worlesenric" duration="00:00:00.0025310" startTime="2026-09-25T08:28:33.6762293+08:00" endTime="2026-09-25T08:28:33.6787605+08:00" testType="13cdc9d9-ddb5-4fa4-a97d-d965ccfc6d4b" outcome="Passed" testListId="8c84fa94-04c1-424b-9868-57a2d4851a1d" relativeResultsDirectory="c5e4b7ce-d002-4ece-84c3-106d1eff5a8d" />
    <UnitTestResult executionId="d3dfce22-a123-4cad-9977-b268ab54f9fe" testId="48127a2a-7669-c50a-1c9d-bf2118d95106" testName="StalledJobBlocksStopInsteadOfBeingFreedOnTimeout" computerName="worlesenric" duration="00:00:00.0004290" startTime="2026-09-25T08:28:34.5203494+08:00" endTime="2026-09-25T08:28:34.5207781+08:00" testType="13cdc9d9-ddb5-4fa4-a97d-d965ccfc6d4b" outcome="Passed" testListId="8c84fa94-04c1-424b-9868-57a2d4851a1d" relativeResultsDirectory="d3dfce22-a123-4cad-9977-b268ab54f9fe" />
    <UnitTestResult executionId="c566606d-3b54-4d67-ac57-0d0fe40df579" testId="c8a2bc68-db93-13f7-24b1-112255f7bc32" testName="ContentHashParsingAcceptsOnlyTheCanonicalLowercaseForm" computerName="worlesenric" duration="00:00:00.0020640" startTime="2026-09-25T08:28:34.1058335+08:00" endTime="2026-09-25T08:28:34.1078974+08:00" testType="13cdc9d9-ddb5-4fa4-a97d-d965ccfc6d4b" outcome="Passed" testListId="8c84fa94-04c1-424b-9868-57a2d4851a1d" relativeResultsDirectory="c566606d-3b54-4d67-ac57-0d0fe40df579" />
    <UnitTestResult executionId="6567d19c-d5dd-4059-ab68-a7c0d7a7ba60" testId="5c062fe0-a391-cb63-c8e0-d2b0cbe44288" testName="ExecutionDriverRetainsTimeDebtAndStopsDispatchAtTheFailingEntry" computerName="worlesenric" duration="00:00:00.1537500" startTime="2026-09-25T08:28:34.1237639+08:00" endTime="2026-09-25T08:28:34.2775138+08:00" testType="13cdc9d9-ddb5-4fa4-a97d-d965ccfc6d4b" outcome="Passed" testListId="8c84fa94-04c1-424b-9868-57a2d4851a1d" relativeResultsDirectory="6567d19c-d5dd-4059-ab68-a7c0d7a7ba60" />
    <UnitTestResult executionId="dde8c2f0-f5d1-414e-8d11-ee9c2369cdeb" testId="ac328f24-fc5f-c95f-7002-cd4e4da1e13a" testName="ResourceLedgerRetiresInReverseOrderAndQuarantinesTheFailedRelease" computerName="worlesenric" duration="00:00:00.0172530" startTime="2026-09-25T08:28:34.4828521+08:00" endTime="2026-09-25T08:28:34.5001052+08:00" testType="13cdc9d9-ddb5-4fa4-a97d-d965ccfc6d4b" outcome="Passed" testListId="8c84fa94-04c1-424b-9868-57a2d4851a1d" relativeResultsDirectory="dde8c2f0-f5d1-414e-8d11-ee9c2369cdeb" />
    <UnitTestResult executionId="ae011804-8cb9-416a-9671-12134de5b1f9" testId="a7ae154e-b77a-da3d-3166-de717fb5e8b6" testName="GeneratedListingIsDeterministicAndExcludesAssemblyName" computerName="worlesenric" duration="00:00:00.2483840" startTime="2026-09-25T08:28:33.4048292+08:00" endTime="2026-09-25T08:28:33.6531402+08:00" testType="13cdc9d9-ddb5-4fa4-a97d-d965ccfc6d4b" outcome="Passed" testListId="8c84fa94-04c1-424b-9868-57a2d4851a1d" relativeResultsDirectory="ae011804-8cb9-416a-9671-12134de5b1f9" />
    <UnitTestResult executionId="58a3ecf0-bde5-44b7-ade3-a6ee4b41f315" testId="50091f9a-c536-8dea-1383-3a9caf51e4d6" testName="HostLedgerDistinguishesUnknownFromExpired" computerName="worlesenric" duration="00:00:00.0169930" startTime="2026-09-25T08:28:34.3673006+08:00" endTime="2026-09-25T08:28:34.3842935+08:00" testType="13cdc9d9-ddb5-4fa4-a97d-d965ccfc6d4b" outcome="Passed" testListId="8c84fa94-04c1-424b-9868-57a2d4851a1d" relativeResultsDirectory="58a3ecf0-bde5-44b7-ade3-a6ee4b41f315" />
    <UnitTestResult executionId="f1529280-a797-4e03-aa9b-f7f1812d073a" testId="716c4b7d-18fb-65f7-bece-aae7ee956104" testName="CanonicalMapOrderIsIndependentOfInsertionOrderAndReportsDuplicates" computerName="worlesenric" duration="00:00:00.0563300" startTime="2026-09-25T08:28:33.8530781+08:00" endTime="2026-09-25T08:28:33.9094081+08:00" testType="13cdc9d9-ddb5-4fa4-a97d-d965ccfc6d4b" outcome="Passed" testListId="8c84fa94-04c1-424b-9868-57a2d4851a1d" relativeResultsDirectory="f1529280-a797-4e03-aa9b-f7f1812d073a" />
    <UnitTestResult executionId="ffb190c0-9076-4151-bc78-30fc58c2f535" testId="e1774b76-c692-a92a-7eda-36d1b4645b68" testName="SeamApiSnapshotMatchesCommittedFile" computerName="worlesenric" duration="00:00:00.1220890" startTime="2026-09-25T08:28:33.6878429+08:00" endTime="2026-09-25T08:28:33.8099320+08:00" testType="13cdc9d9-ddb5-4fa4-a97d-d965ccfc6d4b" outcome="Passed" testListId="8c84fa94-04c1-424b-9868-57a2d4851a1d" relativeResultsDirectory="ffb190c0-9076-4151-bc78-30fc58c2f535" />
    <UnitTestResult executionId="2c22a5ed-eb78-42ce-b2a4-08fca7470a66" testId="4221d7bc-224e-b4d0-e885-94afe3f9bddc" testName="LifecycleObserverRecordsChangesAndCommittedSteps" computerName="worlesenric" duration="00:00:00.0014710" startTime="2026-09-25T08:28:34.4438532+08:00" endTime="2026-09-25T08:28:34.4453245+08:00" testType="13cdc9d9-ddb5-4fa4-a97d-d965ccfc6d4b" outcome="Passed" testListId="8c84fa94-04c1-424b-9868-57a2d4851a1d" relativeResultsDirectory="2c22a5ed-eb78-42ce-b2a4-08fca7470a66" />
    <UnitTestResult executionId="992284a1-f6dd-4495-841e-2c0f1bff8fa1" testId="b714dd36-75bf-5c46-4888-5636ef315d8e" testName="CallbackGateRejectsForeignWorldAndStaleActivation" computerName="worlesenric" duration="00:00:00.0326720" startTime="2026-09-25T08:28:33.8124210+08:00" endTime="2026-09-25T08:28:33.8450923+08:00" testType="13cdc9d9-ddb5-4fa4-a97d-d965ccfc6d4b" outcome="Passed" testListId="8c84fa94-04c1-424b-9868-57a2d4851a1d" relativeResultsDirectory="992284a1-f6dd-4495-841e-2c0f1bff8fa1" />
    <UnitTestResult executionId="b3c22ade-7df1-4a9f-b9a5-a7cb0acb3878" testId="430ac3ec-6eeb-7e0d-543f-353b70893c16" testName="Id128ParsingAcceptsOnlyTheCanonicalLowercaseForm" computerName="worlesenric" duration="00:00:00.0003700" startTime="2026-09-25T08:28:34.4280309+08:00" endTime="2026-09-25T08:28:34.4284008+08:00" testType="13cdc9d9-ddb5-4fa4-a97d-d965ccfc6d4b" outcome="Passed" testListId="8c84fa94-04c1-424b-9868-57a2d4851a1d" relativeResultsDirectory="b3c22ade-7df1-4a9f-b9a5-a7cb0acb3878" />
    <UnitTestResult executionId="8f5e8e42-7298-4ba4-879a-30faaef444de" testId="44393411-8886-43e4-471b-63daf54783fa" testName="HandleGenerationZeroIsNeverAllocatedAndSlotsAreUnsigned" computerName="worlesenric" duration="00:00:00.0209020" startTime="2026-09-25T08:28:34.3382483+08:00" endTime="2026-09-25T08:28:34.3591508+08:00" testType="13cdc9d9-ddb5-4fa4-a97d-d965ccfc6d4b" outcome="Passed" testListId="8c84fa94-04c1-424b-9868-57a2d4851a1d" relativeResultsDirectory="8f5e8e42-7298-4ba4-879a-30faaef444de" />
    <UnitTestResult executionId="145fc741-8327-45cf-977d-b5149ba1660f" testId="3530962c-8b08-0273-b193-cfdd4fe2eab5" testName="ApiSnapshotAndFixtureRootsResolveFromTheRepository" computerName="worlesenric" duration="00:00:00.0001800" startTime="2026-09-25T08:28:33.8122261+08:00" endTime="2026-09-25T08:28:33.8124063+08:00" testType="13cdc9d9-ddb5-4fa4-a97d-d965ccfc6d4b" outcome="Passed" testListId="8c84fa94-04c1-424b-9868-57a2d4851a1d" relativeResultsDirectory="145fc741-8327-45cf-977d-b5149ba1660f" />
    <UnitTestResult executionId="40513206-e5cd-48b1-aae7-7c297ba0841c" testId="1d810114-6320-763b-9364-04cab31fb10e" testName="CompositionHostDoubleAdmitsStaleRejectsRetainsAndExpires" computerName="worlesenric" duration="00:00:00.0589320" startTime="2026-09-25T08:28:34.0358326+08:00" endTime="2026-09-25T08:28:34.0947644+08:00" testType="13cdc9d9-ddb5-4fa4-a97d-d965ccfc6d4b" outcome="Passed" testListId="8c84fa94-04c1-424b-9868-57a2d4851a1d" relativeResultsDirectory="40513206-e5cd-48b1-aae7-7c297ba0841c" />
    <UnitTestResult executionId="b1035ddf-3c6f-484f-a5b8-df538ee91de9" testId="22d76bcf-6054-f7f8-c474-aec21dc14102" testName="TimeDebtRefusesToBecomeNegativeOrWrap" computerName="worlesenric" duration="00:00:00.0005450" startTime="2026-09-25T08:28:34.5459852+08:00" endTime="2026-09-25T08:28:34.5465304+08:00" testType="13cdc9d9-ddb5-4fa4-a97d-d965ccfc6d4b" outcome="Passed" testListId="8c84fa94-04c1-424b-9868-57a2d4851a1d" relativeResultsDirectory="b1035ddf-3c6f-484f-a5b8-df538ee91de9" />
    <UnitTestResult executionId="0ab8a81f-0f2e-4d44-b1a6-123904624620" testId="e6f20a6a-1c8d-30cf-0140-a1e5cbc574ae" testName="ObservationReaderReturnsExpiryAndBackpressureInsteadOfThrowing" computerName="worlesenric" duration="00:00:00.0118110" startTime="2026-09-25T08:28:34.4588464+08:00" endTime="2026-09-25T08:28:34.4706581+08:00" testType="13cdc9d9-ddb5-4fa4-a97d-d965ccfc6d4b" outcome="Passed" testListId="8c84fa94-04c1-424b-9868-57a2d4851a1d" relativeResultsDirectory="0ab8a81f-0f2e-4d44-b1a6-123904624620" />
    <UnitTestResult executionId="d7613342-2261-4597-bdf4-8118f7d1f60a" testId="96b1dc78-9c8b-bcb9-c630-ddd1b913a11b" testName="HostLedgerKeepsTheOriginalResultOnConflictingReuse" computerName="worlesenric" duration="00:00:00.0105790" startTime="2026-09-25T08:28:34.4058273+08:00" endTime="2026-09-25T08:28:34.4164062+08:00" testType="13cdc9d9-ddb5-4fa4-a97d-d965ccfc6d4b" outcome="Passed" testListId="8c84fa94-04c1-424b-9868-57a2d4851a1d" relativeResultsDirectory="d7613342-2261-4597-bdf4-8118f7d1f60a" />
    <UnitTestResult executionId="e58486a1-c670-4797-9189-edf691bc788f" testId="c091883c-49a9-9694-25d0-6310db701b2b" testName="VersionDomainsUseTypedCounters" computerName="worlesenric" duration="00:00:00.0007720" startTime="2026-09-25T08:28:34.5718413+08:00" endTime="2026-09-25T08:28:34.5726138+08:00" testType="13cdc9d9-ddb5-4fa4-a97d-d965ccfc6d4b" outcome="Passed" testListId="8c84fa94-04c1-424b-9868-57a2d4851a1d" relativeResultsDirectory="e58486a1-c670-4797-9189-edf691bc788f" />
    <UnitTestResult executionId="9ab31be9-b0f7-47b1-877d-e3cf2b737e55" testId="e8745615-eb5c-4a83-b2fe-aebbc6d82be6" testName="ExplanationPagingIsBoundedAndStagedPlanReadsAreLabelled" computerName="worlesenric" duration="00:00:00.0408720" startTime="2026-09-25T08:28:34.2798334+08:00" endTime="2026-09-25T08:28:34.3207059+08:00" testType="13cdc9d9-ddb5-4fa4-a97d-d965ccfc6d4b" outcome="Passed" testListId="8c84fa94-04c1-424b-9868-57a2d4851a1d" relativeResultsDirectory="9ab31be9-b0f7-47b1-877d-e3cf2b737e55" />
    <UnitTestResult executionId="e01f3e65-211d-4544-9d4d-921ed4909fb0" testId="649197f0-cec6-3424-2ff5-fedb9577b6bb" testName="CatalogLookupReportsMissingKeysAndUnsupportedVersions" computerName="worlesenric" duration="00:00:00.0858100" startTime="2026-09-25T08:28:33.9172175+08:00" endTime="2026-09-25T08:28:34.0030277+08:00" testType="13cdc9d9-ddb5-4fa4-a97d-d965ccfc6d4b" outcome="Passed" testListId="8c84fa94-04c1-424b-9868-57a2d4851a1d" relativeResultsDirectory="e01f3e65-211d-4544-9d4d-921ed4909fb0" />
  </Results>
  <TestDefinitions>
    <UnitTest name="ApiSnapshotAndFixtureRootsResolveFromTheRepository" storage="/home/worlesenric/wkspace/gc-wt/gc-007/dotnet/tests/gamecore.referenceseams.tests/bin/release/net8.0/gamecore.referenceseams.tests.dll" id="3530962c-8b08-0273-b193-cfdd4fe2eab5">
      <Execution id="145fc741-8327-45cf-977d-b5149ba1660f" />
      <TestMethod codeBase="/home/worlesenric/wkspace/gc-wt/gc-007/dotnet/tests/GameCore.ReferenceSeams.Tests/bin/Release/net8.0/GameCore.ReferenceSeams.Tests.dll" adapterTypeName="executor://nunit3testexecutor/" className="GameCore.ReferenceSeams.Tests.SeamContractTests" name="ApiSnapshotAndFixtureRootsResolveFromTheRepository" />
    </UnitTest>
    <UnitTest name="VersionDomainsUseTypedCounters" storage="/home/worlesenric/wkspace/gc-wt/gc-007/dotnet/tests/gamecore.referenceseams.tests/bin/release/net8.0/gamecore.referenceseams.tests.dll" id="c091883c-49a9-9694-25d0-6310db701b2b">
      <Execution id="e58486a1-c670-4797-9189-edf691bc788f" />
      <TestMethod codeBase="/home/worlesenric/wkspace/gc-wt/gc-007/dotnet/tests/GameCore.ReferenceSeams.Tests/bin/Release/net8.0/GameCore.ReferenceSeams.Tests.dll" adapterTypeName="executor://nunit3testexecutor/" className="GameCore.ReferenceSeams.Tests.SeamContractTests" name="VersionDomainsUseTypedCounters" />
    </UnitTest>
    <UnitTest name="GeneratedListingIsDeterministicAndExcludesAssemblyName" storage="/home/worlesenric/wkspace/gc-wt/gc-007/dotnet/tests/gamecore.referenceseams.tests/bin/release/net8.0/gamecore.referenceseams.tests.dll" id="a7ae154e-b77a-da3d-3166-de717fb5e8b6">
      <Execution id="ae011804-8cb9-416a-9671-12134de5b1f9" />
      <TestMethod codeBase="/home/worlesenric/wkspace/gc-wt/gc-007/dotnet/tests/GameCore.ReferenceSeams.Tests/bin/Release/net8.0/GameCore.ReferenceSeams.Tests.dll" adapterTypeName="executor://nunit3testexecutor/" className="GameCore.ReferenceSeams.Tests.ApiSnapshotTests" name="GeneratedListingIsDeterministicAndExcludesAssemblyName" />
    </UnitTest>
    <UnitTest name="HostLedgerKeepsTheOriginalResultOnConflictingReuse" storage="/home/worlesenric/wkspace/gc-wt/gc-007/dotnet/tests/gamecore.referenceseams.tests/bin/release/net8.0/gamecore.referenceseams.tests.dll" id="96b1dc78-9c8b-bcb9-c630-ddd1b913a11b">
      <Execution id="d7613342-2261-4597-bdf4-8118f7d1f60a" />
      <TestMethod codeBase="/home/worlesenric/wkspace/gc-wt/gc-007/dotnet/tests/GameCore.ReferenceSeams.Tests/bin/Release/net8.0/GameCore.ReferenceSeams.Tests.dll" adapterTypeName="executor://nunit3testexecutor/" className="GameCore.ReferenceSeams.Tests.SeamContractTests" name="HostLedgerKeepsTheOriginalResultOnConflictingReuse" />
    </UnitTest>
    <UnitTest name="CallbackGateRejectsForeignWorldAndStaleActivation" storage="/home/worlesenric/wkspace/gc-wt/gc-007/dotnet/tests/gamecore.referenceseams.tests/bin/release/net8.0/gamecore.referenceseams.tests.dll" id="b714dd36-75bf-5c46-4888-5636ef315d8e">
      <Execution id="992284a1-f6dd-4495-841e-2c0f1bff8fa1" />
      <TestMethod codeBase="/home/worlesenric/wkspace/gc-wt/gc-007/dotnet/tests/GameCore.ReferenceSeams.Tests/bin/Release/net8.0/GameCore.ReferenceSeams.Tests.dll" adapterTypeName="executor://nunit3testexecutor/" className="GameCore.ReferenceSeams.Tests.SeamContractTests" name="CallbackGateRejectsForeignWorldAndStaleActivation" />
    </UnitTest>
    <UnitTest name="ResourceLedgerRetiresInReverseOrderAndQuarantinesTheFailedRelease" storage="/home/worlesenric/wkspace/gc-wt/gc-007/dotnet/tests/gamecore.referenceseams.tests/bin/release/net8.0/gamecore.referenceseams.tests.dll" id="ac328f24-fc5f-c95f-7002-cd4e4da1e13a">
      <Execution id="dde8c2f0-f5d1-414e-8d11-ee9c2369cdeb" />
      <TestMethod codeBase="/home/worlesenric/wkspace/gc-wt/gc-007/dotnet/tests/GameCore.ReferenceSeams.Tests/bin/Release/net8.0/GameCore.ReferenceSeams.Tests.dll" adapterTypeName="executor://nunit3testexecutor/" className="GameCore.ReferenceSeams.Tests.SeamContractTests" name="ResourceLedgerRetiresInReverseOrderAndQuarantinesTheFailedRelease" />
    </UnitTest>
    <UnitTest name="TimeDebtRefusesToBecomeNegativeOrWrap" storage="/home/worlesenric/wkspace/gc-wt/gc-007/dotnet/tests/gamecore.referenceseams.tests/bin/release/net8.0/gamecore.referenceseams.tests.dll" id="22d76bcf-6054-f7f8-c474-aec21dc14102">
      <Execution id="b1035ddf-3c6f-484f-a5b8-df538ee91de9" />
      <TestMethod codeBase="/home/worlesenric/wkspace/gc-wt/gc-007/dotnet/tests/GameCore.ReferenceSeams.Tests/bin/Release/net8.0/GameCore.ReferenceSeams.Tests.dll" adapterTypeName="executor://nunit3testexecutor/" className="GameCore.ReferenceSeams.Tests.SeamContractTests" name="TimeDebtRefusesToBecomeNegativeOrWrap" />
    </UnitTest>
    <UnitTest name="CanonicalMapOrderIsIndependentOfInsertionOrderAndReportsDuplicates" storage="/home/worlesenric/wkspace/gc-wt/gc-007/dotnet/tests/gamecore.referenceseams.tests/bin/release/net8.0/gamecore.referenceseams.tests.dll" id="716c4b7d-18fb-65f7-bece-aae7ee956104">
      <Execution id="f1529280-a797-4e03-aa9b-f7f1812d073a" />
      <TestMethod codeBase="/home/worlesenric/wkspace/gc-wt/gc-007/dotnet/tests/GameCore.ReferenceSeams.Tests/bin/Release/net8.0/GameCore.ReferenceSeams.Tests.dll" adapterTypeName="executor://nunit3testexecutor/" className="GameCore.ReferenceSeams.Tests.SeamContractTests" name="CanonicalMapOrderIsIndependentOfInsertionOrderAndReportsDuplicates" />
    </UnitTest>
    <UnitTest name="SeamApiSnapshotMatchesCommittedFile" storage="/home/worlesenric/wkspace/gc-wt/gc-007/dotnet/tests/gamecore.referenceseams.tests/bin/release/net8.0/gamecore.referenceseams.tests.dll" id="e1774b76-c692-a92a-7eda-36d1b4645b68">
      <Execution id="ffb190c0-9076-4151-bc78-30fc58c2f535" />
      <TestMethod codeBase="/home/worlesenric/wkspace/gc-wt/gc-007/dotnet/tests/GameCore.ReferenceSeams.Tests/bin/Release/net8.0/GameCore.ReferenceSeams.Tests.dll" adapterTypeName="executor://nunit3testexecutor/" className="GameCore.ReferenceSeams.Tests.ApiSnapshotTests" name="SeamApiSnapshotMatchesCommittedFile" />
    </UnitTest>
    <UnitTest name="CompositionHostDoubleAdmitsStaleRejectsRetainsAndExpires" storage="/home/worlesenric/wkspace/gc-wt/gc-007/dotnet/tests/gamecore.referenceseams.tests/bin/release/net8.0/gamecore.referenceseams.tests.dll" id="1d810114-6320-763b-9364-04cab31fb10e">
      <Execution id="40513206-e5cd-48b1-aae7-7c297ba0841c" />
      <TestMethod codeBase="/home/worlesenric/wkspace/gc-wt/gc-007/dotnet/tests/GameCore.ReferenceSeams.Tests/bin/Release/net8.0/GameCore.ReferenceSeams.Tests.dll" adapterTypeName="executor://nunit3testexecutor/" className="GameCore.ReferenceSeams.Tests.SeamContractTests" name="CompositionHostDoubleAdmitsStaleRejectsRetainsAndExpires" />
    </UnitTest>
    <UnitTest name="PendingHeaderIsTreatedAsFailureWithClearMessage" storage="/home/worlesenric/wkspace/gc-wt/gc-007/dotnet/tests/gamecore.referenceseams.tests/bin/release/net8.0/gamecore.referenceseams.tests.dll" id="3e986657-0ff6-94b8-3149-cd09c334ddac">
      <Execution id="c5e4b7ce-d002-4ece-84c3-106d1eff5a8d" />
      <TestMethod codeBase="/home/worlesenric/wkspace/gc-wt/gc-007/dotnet/tests/GameCore.ReferenceSeams.Tests/bin/Release/net8.0/GameCore.ReferenceSeams.Tests.dll" adapterTypeName="executor://nunit3testexecutor/" className="GameCore.ReferenceSeams.Tests.ApiSnapshotTests" name="PendingHeaderIsTreatedAsFailureWithClearMessage" />
    </UnitTest>
    <UnitTest name="HandleGenerationZeroIsNeverAllocatedAndSlotsAreUnsigned" storage="/home/worlesenric/wkspace/gc-wt/gc-007/dotnet/tests/gamecore.referenceseams.tests/bin/release/net8.0/gamecore.referenceseams.tests.dll" id="44393411-8886-43e4-471b-63daf54783fa">
      <Execution id="8f5e8e42-7298-4ba4-879a-30faaef444de" />
      <TestMethod codeBase="/home/worlesenric/wkspace/gc-wt/gc-007/dotnet/tests/GameCore.ReferenceSeams.Tests/bin/Release/net8.0/GameCore.ReferenceSeams.Tests.dll" adapterTypeName="executor://nunit3testexecutor/" className="GameCore.ReferenceSeams.Tests.SeamContractTests" name="HandleGenerationZeroIsNeverAllocatedAndSlotsAreUnsigned" />
    </UnitTest>
    <UnitTest name="ExecutionDriverRetainsTimeDebtAndStopsDispatchAtTheFailingEntry" storage="/home/worlesenric/wkspace/gc-wt/gc-007/dotnet/tests/gamecore.referenceseams.tests/bin/release/net8.0/gamecore.referenceseams.tests.dll" id="5c062fe0-a391-cb63-c8e0-d2b0cbe44288">
      <Execution id="6567d19c-d5dd-4059-ab68-a7c0d7a7ba60" />
      <TestMethod codeBase="/home/worlesenric/wkspace/gc-wt/gc-007/dotnet/tests/GameCore.ReferenceSeams.Tests/bin/Release/net8.0/GameCore.ReferenceSeams.Tests.dll" adapterTypeName="executor://nunit3testexecutor/" className="GameCore.ReferenceSeams.Tests.SeamContractTests" name="ExecutionDriverRetainsTimeDebtAndStopsDispatchAtTheFailingEntry" />
    </UnitTest>
    <UnitTest name="LifecycleObserverRecordsChangesAndCommittedSteps" storage="/home/worlesenric/wkspace/gc-wt/gc-007/dotnet/tests/gamecore.referenceseams.tests/bin/release/net8.0/gamecore.referenceseams.tests.dll" id="4221d7bc-224e-b4d0-e885-94afe3f9bddc">
      <Execution id="2c22a5ed-eb78-42ce-b2a4-08fca7470a66" />
      <TestMethod codeBase="/home/worlesenric/wkspace/gc-wt/gc-007/dotnet/tests/GameCore.ReferenceSeams.Tests/bin/Release/net8.0/GameCore.ReferenceSeams.Tests.dll" adapterTypeName="executor://nunit3testexecutor/" className="GameCore.ReferenceSeams.Tests.SeamContractTests" name="LifecycleObserverRecordsChangesAndCommittedSteps" />
    </UnitTest>
    <UnitTest name="CatalogLookupReportsMissingKeysAndUnsupportedVersions" storage="/home/worlesenric/wkspace/gc-wt/gc-007/dotnet/tests/gamecore.referenceseams.tests/bin/release/net8.0/gamecore.referenceseams.tests.dll" id="649197f0-cec6-3424-2ff5-fedb9577b6bb">
      <Execution id="e01f3e65-211d-4544-9d4d-921ed4909fb0" />
      <TestMethod codeBase="/home/worlesenric/wkspace/gc-wt/gc-007/dotnet/tests/GameCore.ReferenceSeams.Tests/bin/Release/net8.0/GameCore.ReferenceSeams.Tests.dll" adapterTypeName="executor://nunit3testexecutor/" className="GameCore.ReferenceSeams.Tests.SeamContractTests" name="CatalogLookupReportsMissingKeysAndUnsupportedVersions" />
    </UnitTest>
    <UnitTest name="ContentHashParsingAcceptsOnlyTheCanonicalLowercaseForm" storage="/home/worlesenric/wkspace/gc-wt/gc-007/dotnet/tests/gamecore.referenceseams.tests/bin/release/net8.0/gamecore.referenceseams.tests.dll" id="c8a2bc68-db93-13f7-24b1-112255f7bc32">
      <Execution id="c566606d-3b54-4d67-ac57-0d0fe40df579" />
      <TestMethod codeBase="/home/worlesenric/wkspace/gc-wt/gc-007/dotnet/tests/GameCore.ReferenceSeams.Tests/bin/Release/net8.0/GameCore.ReferenceSeams.Tests.dll" adapterTypeName="executor://nunit3testexecutor/" className="GameCore.ReferenceSeams.Tests.SeamContractTests" name="ContentHashParsingAcceptsOnlyTheCanonicalLowercaseForm" />
    </UnitTest>
    <UnitTest name="Id128ParsingAcceptsOnlyTheCanonicalLowercaseForm" storage="/home/worlesenric/wkspace/gc-wt/gc-007/dotnet/tests/gamecore.referenceseams.tests/bin/release/net8.0/gamecore.referenceseams.tests.dll" id="430ac3ec-6eeb-7e0d-543f-353b70893c16">
      <Execution id="b3c22ade-7df1-4a9f-b9a5-a7cb0acb3878" />
      <TestMethod codeBase="/home/worlesenric/wkspace/gc-wt/gc-007/dotnet/tests/GameCore.ReferenceSeams.Tests/bin/Release/net8.0/GameCore.ReferenceSeams.Tests.dll" adapterTypeName="executor://nunit3testexecutor/" className="GameCore.ReferenceSeams.Tests.SeamContractTests" name="Id128ParsingAcceptsOnlyTheCanonicalLowercaseForm" />
    </UnitTest>
    <UnitTest name="ObservationReaderReturnsExpiryAndBackpressureInsteadOfThrowing" storage="/home/worlesenric/wkspace/gc-wt/gc-007/dotnet/tests/gamecore.referenceseams.tests/bin/release/net8.0/gamecore.referenceseams.tests.dll" id="e6f20a6a-1c8d-30cf-0140-a1e5cbc574ae">
      <Execution id="0ab8a81f-0f2e-4d44-b1a6-123904624620" />
      <TestMethod codeBase="/home/worlesenric/wkspace/gc-wt/gc-007/dotnet/tests/GameCore.ReferenceSeams.Tests/bin/Release/net8.0/GameCore.ReferenceSeams.Tests.dll" adapterTypeName="executor://nunit3testexecutor/" className="GameCore.ReferenceSeams.Tests.SeamContractTests" name="ObservationReaderReturnsExpiryAndBackpressureInsteadOfThrowing" />
    </UnitTest>
    <UnitTest name="HostLedgerDistinguishesUnknownFromExpired" storage="/home/worlesenric/wkspace/gc-wt/gc-007/dotnet/tests/gamecore.referenceseams.tests/bin/release/net8.0/gamecore.referenceseams.tests.dll" id="50091f9a-c536-8dea-1383-3a9caf51e4d6">
      <Execution id="58a3ecf0-bde5-44b7-ade3-a6ee4b41f315" />
      <TestMethod codeBase="/home/worlesenric/wkspace/gc-wt/gc-007/dotnet/tests/GameCore.ReferenceSeams.Tests/bin/Release/net8.0/GameCore.ReferenceSeams.Tests.dll" adapterTypeName="executor://nunit3testexecutor/" className="GameCore.ReferenceSeams.Tests.SeamContractTests" name="HostLedgerDistinguishesUnknownFromExpired" />
    </UnitTest>
    <UnitTest name="ExplanationPagingIsBoundedAndStagedPlanReadsAreLabelled" storage="/home/worlesenric/wkspace/gc-wt/gc-007/dotnet/tests/gamecore.referenceseams.tests/bin/release/net8.0/gamecore.referenceseams.tests.dll" id="e8745615-eb5c-4a83-b2fe-aebbc6d82be6">
      <Execution id="9ab31be9-b0f7-47b1-877d-e3cf2b737e55" />
      <TestMethod codeBase="/home/worlesenric/wkspace/gc-wt/gc-007/dotnet/tests/GameCore.ReferenceSeams.Tests/bin/Release/net8.0/GameCore.ReferenceSeams.Tests.dll" adapterTypeName="executor://nunit3testexecutor/" className="GameCore.ReferenceSeams.Tests.SeamContractTests" name="ExplanationPagingIsBoundedAndStagedPlanReadsAreLabelled" />
    </UnitTest>
    <UnitTest name="StalledJobBlocksStopInsteadOfBeingFreedOnTimeout" storage="/home/worlesenric/wkspace/gc-wt/gc-007/dotnet/tests/gamecore.referenceseams.tests/bin/release/net8.0/gamecore.referenceseams.tests.dll" id="48127a2a-7669-c50a-1c9d-bf2118d95106">
      <Execution id="d3dfce22-a123-4cad-9977-b268ab54f9fe" />
      <TestMethod codeBase="/home/worlesenric/wkspace/gc-wt/gc-007/dotnet/tests/GameCore.ReferenceSeams.Tests/bin/Release/net8.0/GameCore.ReferenceSeams.Tests.dll" adapterTypeName="executor://nunit3testexecutor/" className="GameCore.ReferenceSeams.Tests.SeamContractTests" name="StalledJobBlocksStopInsteadOfBeingFreedOnTimeout" />
    </UnitTest>
  </TestDefinitions>
  <TestEntries>
    <TestEntry testId="3e986657-0ff6-94b8-3149-cd09c334ddac" executionId="c5e4b7ce-d002-4ece-84c3-106d1eff5a8d" testListId="8c84fa94-04c1-424b-9868-57a2d4851a1d" />
    <TestEntry testId="48127a2a-7669-c50a-1c9d-bf2118d95106" executionId="d3dfce22-a123-4cad-9977-b268ab54f9fe" testListId="8c84fa94-04c1-424b-9868-57a2d4851a1d" />
    <TestEntry testId="c8a2bc68-db93-13f7-24b1-112255f7bc32" executionId="c566606d-3b54-4d67-ac57-0d0fe40df579" testListId="8c84fa94-04c1-424b-9868-57a2d4851a1d" />
    <TestEntry testId="5c062fe0-a391-cb63-c8e0-d2b0cbe44288" executionId="6567d19c-d5dd-4059-ab68-a7c0d7a7ba60" testListId="8c84fa94-04c1-424b-9868-57a2d4851a1d" />
    <TestEntry testId="ac328f24-fc5f-c95f-7002-cd4e4da1e13a" executionId="dde8c2f0-f5d1-414e-8d11-ee9c2369cdeb" testListId="8c84fa94-04c1-424b-9868-57a2d4851a1d" />
    <TestEntry testId="a7ae154e-b77a-da3d-3166-de717fb5e8b6" executionId="ae011804-8cb9-416a-9671-12134de5b1f9" testListId="8c84fa94-04c1-424b-9868-57a2d4851a1d" />
    <TestEntry testId="50091f9a-c536-8dea-1383-3a9caf51e4d6" executionId="58a3ecf0-bde5-44b7-ade3-a6ee4b41f315" testListId="8c84fa94-04c1-424b-9868-57a2d4851a1d" />
    <TestEntry testId="716c4b7d-18fb-65f7-bece-aae7ee956104" executionId="f1529280-a797-4e03-aa9b-f7f1812d073a" testListId="8c84fa94-04c1-424b-9868-57a2d4851a1d" />
    <TestEntry testId="e1774b76-c692-a92a-7eda-36d1b4645b68" executionId="ffb190c0-9076-4151-bc78-30fc58c2f535" testListId="8c84fa94-04c1-424b-9868-57a2d4851a1d" />
    <TestEntry testId="4221d7bc-224e-b4d0-e885-94afe3f9bddc" executionId="2c22a5ed-eb78-42ce-b2a4-08fca7470a66" testListId="8c84fa94-04c1-424b-9868-57a2d4851a1d" />
    <TestEntry testId="b714dd36-75bf-5c46-4888-5636ef315d8e" executionId="992284a1-f6dd-4495-841e-2c0f1bff8fa1" testListId="8c84fa94-04c1-424b-9868-57a2d4851a1d" />
    <TestEntry testId="430ac3ec-6eeb-7e0d-543f-353b70893c16" executionId="b3c22ade-7df1-4a9f-b9a5-a7cb0acb3878" testListId="8c84fa94-04c1-424b-9868-57a2d4851a1d" />
    <TestEntry testId="44393411-8886-43e4-471b-63daf54783fa" executionId="8f5e8e42-7298-4ba4-879a-30faaef444de" testListId="8c84fa94-04c1-424b-9868-57a2d4851a1d" />
    <TestEntry testId="3530962c-8b08-0273-b193-cfdd4fe2eab5" executionId="145fc741-8327-45cf-977d-b5149ba1660f" testListId="8c84fa94-04c1-424b-9868-57a2d4851a1d" />
    <TestEntry testId="1d810114-6320-763b-9364-04cab31fb10e" executionId="40513206-e5cd-48b1-aae7-7c297ba0841c" testListId="8c84fa94-04c1-424b-9868-57a2d4851a1d" />
    <TestEntry testId="22d76bcf-6054-f7f8-c474-aec21dc14102" executionId="b1035ddf-3c6f-484f-a5b8-df538ee91de9" testListId="8c84fa94-04c1-424b-9868-57a2d4851a1d" />
    <TestEntry testId="e6f20a6a-1c8d-30cf-0140-a1e5cbc574ae" executionId="0ab8a81f-0f2e-4d44-b1a6-123904624620" testListId="8c84fa94-04c1-424b-9868-57a2d4851a1d" />
    <TestEntry testId="96b1dc78-9c8b-bcb9-c630-ddd1b913a11b" executionId="d7613342-2261-4597-bdf4-8118f7d1f60a" testListId="8c84fa94-04c1-424b-9868-57a2d4851a1d" />
    <TestEntry testId="c091883c-49a9-9694-25d0-6310db701b2b" executionId="e58486a1-c670-4797-9189-edf691bc788f" testListId="8c84fa94-04c1-424b-9868-57a2d4851a1d" />
    <TestEntry testId="e8745615-eb5c-4a83-b2fe-aebbc6d82be6" executionId="9ab31be9-b0f7-47b1-877d-e3cf2b737e55" testListId="8c84fa94-04c1-424b-9868-57a2d4851a1d" />
    <TestEntry testId="649197f0-cec6-3424-2ff5-fedb9577b6bb" executionId="e01f3e65-211d-4544-9d4d-921ed4909fb0" testListId="8c84fa94-04c1-424b-9868-57a2d4851a1d" />
  </TestEntries>
  <TestLists>
    <TestList name="Results Not in a List" id="8c84fa94-04c1-424b-9868-57a2d4851a1d" />
    <TestList name="All Loaded Results" id="19431567-8539-422a-85d7-44ee4e166bda" />
  </TestLists>
  <ResultSummary outcome="Completed">
    <Counters total="21" executed="21" passed="21" failed="0" error="0" timeout="0" aborted="0" inconclusive="0" passedButRunAborted="0" notRunnable="0" notExecuted="0" disconnected="0" warning="0" completed="0" inProgress="0" pending="0" />
    <Output>
      <StdOut>NUnit Adapter 4.5.0.0: Test execution started
Running all tests in /home/worlesenric/wkspace/gc-wt/gc-007/dotnet/tests/GameCore.ReferenceSeams.Tests/bin/Release/net8.0/GameCore.ReferenceSeams.Tests.dll
   NUnit3TestExecutor discovered 21 of 21 NUnit test cases using Current Discovery mode, Non-Explicit run
NUnit Adapter 4.5.0.0: Test execution complete
</StdOut>
    </Output>
  </ResultSummary>
</TestRun>