The selected window backend is (null) 
Input System module state changed to: Initialized.
[Physics::Module] Initialized fallback backend.
[Physics::Module] Id: 0xdecafbad
Initialize engine version: 6000.0.75f1 (26349cd2a5c8)
[Subsystems] Discovering subsystems at path /home/worlesenric/wkspace/gc-wt/crash-139/unity/GameCore.Validation/Builds/Linux64/GameCoreProbe_Data/UnitySubsystems
Forcing GfxDevice: Null
GfxDevice: creating device client; kGfxThreadingModeNonThreaded
NullGfxDevice:
    Version:  NULL 1.0 [1.0]
    Renderer: Null Device
    Vendor:   Unity Technologies
[Physics::Module] Selected backend.
[Physics::Module] Name: PhysX
[Physics::Module] Id: 0xf2b8ea05
[Physics::Module] SDK Version: 4.1.2
[Physics::Module] Integration Version: 1.0.0
[Physics::Module] Threading Mode: Multi-Threaded
UnloadTime: 0.236026 ms
[GC001] probe result (Pass, exit 0) written to /tmp/gc-crash-gsndfzc5/result.json
UnityEngine.DebugLogHandler:Internal_Log(LogType, LogOption, String, Object)
GameCore.Validation.ProbeHost.ProbeRunner:WriteReport(ProbeReport)
GameCore.Validation.ProbeHost.ProbeRunner:Run(ProbeArguments)

Received signal SIGSEGV (11) - code:1 errno:0 addr:0x20
Obtained 10 stack frames.
#0  0x0073954f845330 in (Unknown)
#1  0x00739551655601 in (Unknown)
#2  0x0073955164fbac in (Unknown)
#3  0x0073955152408b in (Unknown)
#4  0x00739550432824 in (Unknown)
#5  0x007395503c5799 in (Unknown)
#6  0x00739550458d65 in (Unknown)
#7  0x007395504218b4 in (Unknown)
#8  0x0073954f89cb84 in start_thread
#9  0x0073954f929ecc in __clone3
