[2026-10-07T17:33:38.976Z][INFO] Command-line: /home/worlesenric/Unity/Hub/Editor/6000.0.75f1/Editor/Data/Resources/PackageManager/Server/UnityPackageManager -s 3590947 -ipc -ipc-path /tmp/Unity-Upm-3590947.sock -l 2 --log-file /home/worlesenric/wkspace/gc-studio/r10-a/artifacts/studio/verification/W-MECH-01/r10-a/final/warm/stage-upm.log
[2026-10-07T17:33:38.982Z][INFO] IPC server started (IPC path=/tmp/Unity-Upm-3590947.sock).
[2026-10-07T17:33:38.982Z][INFO] Hint: To connect to this UPM instance, launch Unity with the command-line parameter -upmIpcPath Upm-3590947.
[2026-10-07T17:33:39.831Z][INFO] project:add-dependency <-- Request received
params: {
  "packageId": "com.unity.toolchain.linux-x86_64"
}
[2026-10-07T17:33:58.120Z][INFO] project:add-dependency --> 200 (18288 ms)
[2026-10-07T17:33:58.447Z][INFO] project:list-packages <-- Request received
params: {}
[2026-10-07T17:33:58.520Z][INFO] project:list-packages <-- Request received
params: {}
[2026-10-07T17:33:58.528Z][INFO] project:list-packages <-- Request received
params: {}
[2026-10-07T17:33:58.548Z][INFO] config:project:get-registries <-- Request received
params: {}
[2026-10-07T17:33:58.572Z][INFO] config:project:get-registries --> 200 (24 ms)
[2026-10-07T17:33:59.924Z][INFO] project:list-packages --> 200 (1477 ms)
[2026-10-07T17:34:00.274Z][INFO] project:list-packages --> 200 (1754 ms)
[2026-10-07T17:34:01.458Z][INFO] project:list-packages --> 200 (2930 ms)
[2026-10-07T17:34:02.308Z][INFO] project:list-packages <-- Request received
params: {}
[2026-10-07T17:34:02.775Z][INFO] project:list-packages --> 200 (467 ms)
[2026-10-07T17:34:06.065Z][INFO] project:list-packages <-- Request received
params: {}
[2026-10-07T17:34:06.077Z][INFO] project:list-packages <-- Request received
params: {}
[2026-10-07T17:34:06.094Z][INFO] config:project:get-registries <-- Request received
params: {}
[2026-10-07T17:34:06.108Z][INFO] config:project:get-registries --> 200 (13 ms)
[2026-10-07T17:34:07.062Z][INFO] project:list-packages --> 200 (997 ms)
[2026-10-07T17:34:07.107Z][INFO] project:list-packages --> 200 (1030 ms)
[2026-10-07T17:34:08.691Z][INFO] project:list-packages <-- Request received
params: {}
[2026-10-07T17:34:08.702Z][INFO] project:list-packages <-- Request received
params: {}
[2026-10-07T17:34:09.856Z][INFO] project:list-packages --> 200 (1165 ms)
[2026-10-07T17:34:09.890Z][INFO] project:list-packages --> 200 (1188 ms)
[2026-10-07T17:34:24.793Z][INFO] Received shutdown request (SIGINT), shutting down Unity Package Manager
