<?xml version="1.0" encoding="utf-8"?>
<TestRun id="c2782c27-8662-46bf-affe-1d5a33c74874" name="@worlesenric 2026-09-25 12:30:18" xmlns="http://microsoft.com/schemas/VisualStudio/TeamTest/2010">
  <Times creation="2026-09-25T12:30:18.6541852+08:00" queuing="2026-09-25T12:30:18.6541852+08:00" start="2026-09-25T12:30:17.4135454+08:00" finish="2026-09-25T12:30:18.9802887+08:00" />
  <TestSettings name="default" id="eebe95c1-cc49-4e4c-8dbb-f012cc96757a">
    <Deployment runDeploymentRoot="_worlesenric_2026-09-25_12_30_18" />
  </TestSettings>
  <Results>
    <UnitTestResult executionId="ecd8967c-93ad-4dfb-ad5a-f1c04268dab1" testId="545a557f-f478-224a-556c-fd0f92c9736d" testName="QuarantineRetainsUntilItsUsersEndAndThenAllowsRetirement" computerName="worlesenric" duration="00:00:00.0005430" startTime="2026-09-25T12:30:18.8068361+08:00" endTime="2026-09-25T12:30:18.8073794+08:00" testType="13cdc9d9-ddb5-4fa4-a97d-d965ccfc6d4b" outcome="Passed" testListId="8c84fa94-04c1-424b-9868-57a2d4851a1d" relativeResultsDirectory="ecd8967c-93ad-4dfb-ad5a-f1c04268dab1" />
    <UnitTestResult executionId="60bc0ccc-372e-4e2e-a2eb-260280d22f13" testId="4135703b-cedb-85f4-913b-93148909a1fd" testName="MainThreadDisciplineIsExplicitlyCaptured" computerName="worlesenric" duration="00:00:00.0010420" startTime="2026-09-25T12:30:18.6805811+08:00" endTime="2026-09-25T12:30:18.6816234+08:00" testType="13cdc9d9-ddb5-4fa4-a97d-d965ccfc6d4b" outcome="Passed" testListId="8c84fa94-04c1-424b-9868-57a2d4851a1d" relativeResultsDirectory="60bc0ccc-372e-4e2e-a2eb-260280d22f13" />
    <UnitTestResult executionId="1b66bc64-adb8-4b5f-8eef-c6067ade70d0" testId="94bb3ca6-8723-a1fc-2486-1ec35ee3c9c3" testName="ForwardOrSelfStageEdgesAreRejected" computerName="worlesenric" duration="00:00:00.0003790" startTime="2026-09-25T12:30:18.6480193+08:00" endTime="2026-09-25T12:30:18.6483983+08:00" testType="13cdc9d9-ddb5-4fa4-a97d-d965ccfc6d4b" outcome="Passed" testListId="8c84fa94-04c1-424b-9868-57a2d4851a1d" relativeResultsDirectory="1b66bc64-adb8-4b5f-8eef-c6067ade70d0" />
    <UnitTestResult executionId="4041b3e7-ecfb-40e4-a4cd-b1315543bb0d" testId="dbe80e58-16b3-d0e0-9403-8df159a4ea37" testName="UnknownAndRetiredRoutesAndSchemaMismatchesAreRefused" computerName="worlesenric" duration="00:00:00.0011900" startTime="2026-09-25T12:30:18.7452334+08:00" endTime="2026-09-25T12:30:18.7464233+08:00" testType="13cdc9d9-ddb5-4fa4-a97d-d965ccfc6d4b" outcome="Passed" testListId="8c84fa94-04c1-424b-9868-57a2d4851a1d" relativeResultsDirectory="4041b3e7-ecfb-40e4-a4cd-b1315543bb0d" />
    <UnitTestResult executionId="545947b3-34a9-4c97-92ba-5f99ca58109b" testId="9c0ff751-66bb-e594-c04e-268872da12e1" testName="ADeclaredLifetimePairAndDuplicateIdentityReject" computerName="worlesenric" duration="00:00:00.0003800" startTime="2026-09-25T12:30:18.4218382+08:00" endTime="2026-09-25T12:30:18.4222184+08:00" testType="13cdc9d9-ddb5-4fa4-a97d-d965ccfc6d4b" outcome="Passed" testListId="8c84fa94-04c1-424b-9868-57a2d4851a1d" relativeResultsDirectory="545947b3-34a9-4c97-92ba-5f99ca58109b" />
    <UnitTestResult executionId="b566e30d-059b-43ef-9ec7-2251bc58a478" testId="d738f275-76d5-19cd-eea0-f021e2b8ec8d" testName="SnapshotIsOrderedByResourceIdAndReportsQuarantineBytes" computerName="worlesenric" duration="00:00:00.0083199" startTime="2026-09-25T12:30:18.8329950+08:00" endTime="2026-09-25T12:30:18.8413153+08:00" testType="13cdc9d9-ddb5-4fa4-a97d-d965ccfc6d4b" outcome="Passed" testListId="8c84fa94-04c1-424b-9868-57a2d4851a1d" relativeResultsDirectory="b566e30d-059b-43ef-9ec7-2251bc58a478" />
    <UnitTestResult executionId="835d7ff9-379f-4c80-82c8-17bc5639dceb" testId="9fa8b50d-476e-66b5-554b-ad67458320a6" testName="PublishingOneStepExposesExactlyOneImage" computerName="worlesenric" duration="00:00:00.0012240" startTime="2026-09-25T12:30:18.6819232+08:00" endTime="2026-09-25T12:30:18.6831470+08:00" testType="13cdc9d9-ddb5-4fa4-a97d-d965ccfc6d4b" outcome="Passed" testListId="8c84fa94-04c1-424b-9868-57a2d4851a1d" relativeResultsDirectory="835d7ff9-379f-4c80-82c8-17bc5639dceb" />
    <UnitTestResult executionId="2447e546-f254-4351-abd6-1a4daf7822f1" testId="691059e2-f9dc-4cd1-a419-0abca7f245dc" testName="ARepeatedPageReadIsCountedAsARedelivery" computerName="worlesenric" duration="00:00:00.0021230" startTime="2026-09-25T12:30:18.5763445+08:00" endTime="2026-09-25T12:30:18.5784681+08:00" testType="13cdc9d9-ddb5-4fa4-a97d-d965ccfc6d4b" outcome="Passed" testListId="8c84fa94-04c1-424b-9868-57a2d4851a1d" relativeResultsDirectory="2447e546-f254-4351-abd6-1a4daf7822f1" />
    <UnitTestResult executionId="2c82d097-ff52-4ec4-b074-d53df5bd4cb8" testId="2cf167a4-55da-f7bf-e162-eac7df9407ff" testName="UndrainedReliableRowsFailTheCommitValidation" computerName="worlesenric" duration="00:00:00.0062220" startTime="2026-09-25T12:30:18.4720962+08:00" endTime="2026-09-25T12:30:18.4783180+08:00" testType="13cdc9d9-ddb5-4fa4-a97d-d965ccfc6d4b" outcome="Passed" testListId="8c84fa94-04c1-424b-9868-57a2d4851a1d" relativeResultsDirectory="2c82d097-ff52-4ec4-b074-d53df5bd4cb8" />
    <UnitTestResult executionId="68bc1c09-9b52-4e1b-b4af-88e9e614503d" testId="0d60feda-8f8d-eeaa-6f8a-8de4f9ff0377" testName="CommandDrivenWorldAdmitsDemandUpToItsPerPumpLimit" computerName="worlesenric" duration="00:00:00.0006560" startTime="2026-09-25T12:30:18.7469341+08:00" endTime="2026-09-25T12:30:18.7475899+08:00" testType="13cdc9d9-ddb5-4fa4-a97d-d965ccfc6d4b" outcome="Passed" testListId="8c84fa94-04c1-424b-9868-57a2d4851a1d" relativeResultsDirectory="68bc1c09-9b52-4e1b-b4af-88e9e614503d" />
    <UnitTestResult executionId="8791e78b-d624-4176-ae3c-2d1ef11a9b21" testId="43b54bab-a736-4e2a-6785-841b4dda0f6d" testName="NonAscendingDispatchIndicesAreRejected" computerName="worlesenric" duration="00:00:00.0002420" startTime="2026-09-25T12:30:18.6602350+08:00" endTime="2026-09-25T12:30:18.6604771+08:00" testType="13cdc9d9-ddb5-4fa4-a97d-d965ccfc6d4b" outcome="Passed" testListId="8c84fa94-04c1-424b-9868-57a2d4851a1d" relativeResultsDirectory="8791e78b-d624-4176-ae3c-2d1ef11a9b21" />
    <UnitTestResult executionId="d565457a-771f-4106-a788-bff15fd51f3c" testId="9b4a2fc1-2d8a-024b-e548-b73a3749a522" testName="StageIndexesOutsideTheDeclaredCountAreRejected" computerName="worlesenric" duration="00:00:00.0001940" startTime="2026-09-25T12:30:18.6668482+08:00" endTime="2026-09-25T12:30:18.6670425+08:00" testType="13cdc9d9-ddb5-4fa4-a97d-d965ccfc6d4b" outcome="Passed" testListId="8c84fa94-04c1-424b-9868-57a2d4851a1d" relativeResultsDirectory="d565457a-771f-4106-a788-bff15fd51f3c" />
    <UnitTestResult executionId="faed6973-9d5b-4cfb-ae52-609e3d68d12b" testId="34c9ba54-c5dd-8be4-82c8-a009fad9bf0b" testName="FixedStepPauseAddsNoDebtAndPreservesTheAccumulator" computerName="worlesenric" duration="00:00:00.0004370" startTime="2026-09-25T12:30:18.7760943+08:00" endTime="2026-09-25T12:30:18.7765318+08:00" testType="13cdc9d9-ddb5-4fa4-a97d-d965ccfc6d4b" outcome="Passed" testListId="8c84fa94-04c1-424b-9868-57a2d4851a1d" relativeResultsDirectory="faed6973-9d5b-4cfb-ae52-609e3d68d12b" />
    <UnitTestResult executionId="097777d6-5ab9-4e66-8c6e-89503dd6e193" testId="835ddafc-16ed-f669-1bd3-27b5b31a1825" testName="FixedStepAdmitsWholeStepsAndRetainsTheRemainder" computerName="worlesenric" duration="00:00:00.0103100" startTime="2026-09-25T12:30:18.7559414+08:00" endTime="2026-09-25T12:30:18.7662517+08:00" testType="13cdc9d9-ddb5-4fa4-a97d-d965ccfc6d4b" outcome="Passed" testListId="8c84fa94-04c1-424b-9868-57a2d4851a1d" relativeResultsDirectory="097777d6-5ab9-4e66-8c6e-89503dd6e193" />
    <UnitTestResult executionId="24a311de-8879-40b4-821c-58010ec8527a" testId="31221740-9a3f-c3af-d481-4e0aecfed033" testName="DuplicateSystemKeysAreRejected" computerName="worlesenric" duration="00:00:00.0031750" startTime="2026-09-25T12:30:18.6300443+08:00" endTime="2026-09-25T12:30:18.6332198+08:00" testType="13cdc9d9-ddb5-4fa4-a97d-d965ccfc6d4b" outcome="Passed" testListId="8c84fa94-04c1-424b-9868-57a2d4851a1d" relativeResultsDirectory="24a311de-8879-40b4-821c-58010ec8527a" />
    <UnitTestResult executionId="b283b45d-8a4c-4d3a-b6e5-c377f98de5b5" testId="5c2a0741-ab45-75bd-2057-9da21ccfae53" testName="CapacityBackpressureRecordsNothing" computerName="worlesenric" duration="00:00:00.0004400" startTime="2026-09-25T12:30:18.7314971+08:00" endTime="2026-09-25T12:30:18.7319374+08:00" testType="13cdc9d9-ddb5-4fa4-a97d-d965ccfc6d4b" outcome="Passed" testListId="8c84fa94-04c1-424b-9868-57a2d4851a1d" relativeResultsDirectory="b283b45d-8a4c-4d3a-b6e5-c377f98de5b5" />
    <UnitTestResult executionId="1c90d46a-6e7d-4cb9-8df7-627c416331db" testId="4d8779a6-a796-88ce-c981-a94903018e41" testName="AcquireReportsAcquiredExpiredForeignWorldAndBackpressure" computerName="worlesenric" duration="00:00:00.0052600" startTime="2026-09-25T12:30:18.6700641+08:00" endTime="2026-09-25T12:30:18.6753244+08:00" testType="13cdc9d9-ddb5-4fa4-a97d-d965ccfc6d4b" outcome="Passed" testListId="8c84fa94-04c1-424b-9868-57a2d4851a1d" relativeResultsDirectory="1c90d46a-6e7d-4cb9-8df7-627c416331db" />
    <UnitTestResult executionId="382546a6-8f7e-49e1-ab22-79e8dbae7681" testId="18be1379-bcdd-61aa-1fb4-92e20afcd72b" testName="TheConsumingOwnerTakesTheSealedBatchInCanonicalOrder" computerName="worlesenric" duration="00:00:00.0005140" startTime="2026-09-25T12:30:18.4594125+08:00" endTime="2026-09-25T12:30:18.4599270+08:00" testType="13cdc9d9-ddb5-4fa4-a97d-d965ccfc6d4b" outcome="Passed" testListId="8c84fa94-04c1-424b-9868-57a2d4851a1d" relativeResultsDirectory="382546a6-8f7e-49e1-ab22-79e8dbae7681" />
    <UnitTestResult executionId="830ba241-4e0e-42ca-addb-4cae66f68139" testId="29900fe6-3f42-ebe0-d9a4-27e81f885a63" testName="AFreshRowIsAcceptedAndMergedInCanonicalOrder" computerName="worlesenric" duration="00:00:00.0240359" startTime="2026-09-25T12:30:18.4258484+08:00" endTime="2026-09-25T12:30:18.4498847+08:00" testType="13cdc9d9-ddb5-4fa4-a97d-d965ccfc6d4b" outcome="Passed" testListId="8c84fa94-04c1-424b-9868-57a2d4851a1d" relativeResultsDirectory="830ba241-4e0e-42ca-addb-4cae66f68139" />
    <UnitTestResult executionId="4a26743d-1abb-4db1-8585-314a2ac02884" testId="fba13f16-c359-3fec-94e8-1950c7d07975" testName="ALossyBufferDropsAndCountsInsteadOfRefusing" computerName="worlesenric" duration="00:00:00.0002509" startTime="2026-09-25T12:30:18.4510911+08:00" endTime="2026-09-25T12:30:18.4513424+08:00" testType="13cdc9d9-ddb5-4fa4-a97d-d965ccfc6d4b" outcome="Passed" testListId="8c84fa94-04c1-424b-9868-57a2d4851a1d" relativeResultsDirectory="4a26743d-1abb-4db1-8585-314a2ac02884" />
    <UnitTestResult executionId="b0d7cad1-aa48-401f-8934-8ff44c8c819d" testId="a0423dd7-21d7-4181-80a6-e6609fc70689" testName="TheFixturePayloadWriterRoundTripsThroughThePayloadReader" computerName="worlesenric" duration="00:00:00.0008460" startTime="2026-09-25T12:30:18.5138630+08:00" endTime="2026-09-25T12:30:18.5147098+08:00" testType="13cdc9d9-ddb5-4fa4-a97d-d965ccfc6d4b" outcome="Passed" testListId="8c84fa94-04c1-424b-9868-57a2d4851a1d" relativeResultsDirectory="b0d7cad1-aa48-401f-8934-8ff44c8c819d" />
    <UnitTestResult executionId="fd532278-51cb-43b7-8a3f-bf9b17abb473" testId="7801e172-5739-17c2-5030-2be659a5df9a" testName="PendingRowsAreReportedInCanonicalAdmissionOrder" computerName="worlesenric" duration="00:00:00.0008650" startTime="2026-09-25T12:30:18.7338938+08:00" endTime="2026-09-25T12:30:18.7347590+08:00" testType="13cdc9d9-ddb5-4fa4-a97d-d965ccfc6d4b" outcome="Passed" testListId="8c84fa94-04c1-424b-9868-57a2d4851a1d" relativeResultsDirectory="fd532278-51cb-43b7-8a3f-bf9b17abb473" />
    <UnitTestResult executionId="850112d2-0fe7-4d79-9da4-ae799217a3a3" testId="a3367e58-2964-a6e9-4c83-cfc3ac2694cd" testName="AnOutOfOrderIssuerSequenceIsRefused" computerName="worlesenric" duration="00:00:00.0003820" startTime="2026-09-25T12:30:18.6952985+08:00" endTime="2026-09-25T12:30:18.6956811+08:00" testType="13cdc9d9-ddb5-4fa4-a97d-d965ccfc6d4b" outcome="Passed" testListId="8c84fa94-04c1-424b-9868-57a2d4851a1d" relativeResultsDirectory="850112d2-0fe7-4d79-9da4-ae799217a3a3" />
    <UnitTestResult executionId="0bd12301-77da-4c0a-896a-0faa25cb2ee0" testId="c49c61d2-2d4a-20c5-9f6b-c58d124c54e7" testName="ADeclaredDeferredBufferRefusesAnUndeclaredProducerAndOverflow" computerName="worlesenric" duration="00:00:00.0140060" startTime="2026-09-25T12:30:18.3993316+08:00" endTime="2026-09-25T12:30:18.4132864+08:00" testType="13cdc9d9-ddb5-4fa4-a97d-d965ccfc6d4b" outcome="Passed" testListId="8c84fa94-04c1-424b-9868-57a2d4851a1d" relativeResultsDirectory="0bd12301-77da-4c0a-896a-0faa25cb2ee0" />
    <UnitTestResult executionId="970b5592-9e8f-4b92-8d16-7bb5b2836f9e" testId="2edc501e-8344-75cc-b669-23e1c4271271" testName="IdSequenceIsDeterministicAndNeverWraps" computerName="worlesenric" duration="00:00:00.0019830" startTime="2026-09-25T12:30:18.6549851+08:00" endTime="2026-09-25T12:30:18.6569678+08:00" testType="13cdc9d9-ddb5-4fa4-a97d-d965ccfc6d4b" outcome="Passed" testListId="8c84fa94-04c1-424b-9868-57a2d4851a1d" relativeResultsDirectory="970b5592-9e8f-4b92-8d16-7bb5b2836f9e" />
    <UnitTestResult executionId="ecf8ce77-39c8-4e36-b389-b5aec095a9cc" testId="b2bc21af-2b17-2fff-7397-bf7973d1758b" testName="AnUnconsumedNextStepQueueCarriesForwardWithTerminalCancellations" computerName="worlesenric" duration="00:00:00.0045110" startTime="2026-09-25T12:30:18.4522239+08:00" endTime="2026-09-25T12:30:18.4567351+08:00" testType="13cdc9d9-ddb5-4fa4-a97d-d965ccfc6d4b" outcome="Passed" testListId="8c84fa94-04c1-424b-9868-57a2d4851a1d" relativeResultsDirectory="ecf8ce77-39c8-4e36-b389-b5aec095a9cc" />
    <UnitTestResult executionId="9a812ae7-7487-4c5e-8466-f1cf83cd98ee" testId="18d7edfe-b218-3158-ed0d-37146d75e30e" testName="OneBuildProducesCanonicallyOrderedEventsForTheCommittedStep" computerName="worlesenric" duration="00:00:00.0108530" startTime="2026-09-25T12:30:18.5818873+08:00" endTime="2026-09-25T12:30:18.5927402+08:00" testType="13cdc9d9-ddb5-4fa4-a97d-d965ccfc6d4b" outcome="Passed" testListId="8c84fa94-04c1-424b-9868-57a2d4851a1d" relativeResultsDirectory="9a812ae7-7487-4c5e-8466-f1cf83cd98ee" />
    <UnitTestResult executionId="6a61993f-11da-44b5-860e-b75d72b28e3e" testId="677b7f47-fe21-ca68-74b4-835b60ab716a" testName="TheInputSealIsMonotonicAndCarriesTheAdmittedPrefix" computerName="worlesenric" duration="00:00:00.0082110" startTime="2026-09-25T12:30:18.4638365+08:00" endTime="2026-09-25T12:30:18.4720477+08:00" testType="13cdc9d9-ddb5-4fa4-a97d-d965ccfc6d4b" outcome="Passed" testListId="8c84fa94-04c1-424b-9868-57a2d4851a1d" relativeResultsDirectory="6a61993f-11da-44b5-860e-b75d72b28e3e" />
    <UnitTestResult executionId="4aebd920-e77d-4bde-8af5-3be3ee203c53" testId="303e6f04-20d7-e46b-e401-41725e6b09fc" testName="FixedStepRejectsABackwardsHostClock" computerName="worlesenric" duration="00:00:00.0003310" startTime="2026-09-25T12:30:18.7838843+08:00" endTime="2026-09-25T12:30:18.7842158+08:00" testType="13cdc9d9-ddb5-4fa4-a97d-d965ccfc6d4b" outcome="Passed" testListId="8c84fa94-04c1-424b-9868-57a2d4851a1d" relativeResultsDirectory="4aebd920-e77d-4bde-8af5-3be3ee203c53" />
    <UnitTestResult executionId="bf17af27-bde0-4386-86bb-709c7c603252" testId="3c72f170-5caa-fce3-944a-843ab00df853" testName="UnfinishedJobsStayTrackedAndQuarantined" computerName="worlesenric" duration="00:00:00.0008960" startTime="2026-09-25T12:30:18.8451576+08:00" endTime="2026-09-25T12:30:18.8460539+08:00" testType="13cdc9d9-ddb5-4fa4-a97d-d965ccfc6d4b" outcome="Passed" testListId="8c84fa94-04c1-424b-9868-57a2d4851a1d" relativeResultsDirectory="bf17af27-bde0-4386-86bb-709c7c603252" />
    <UnitTestResult executionId="2aa39707-7b64-4559-af81-b668e51b0e53" testId="930e26a3-35da-0cdb-5ff3-5f1754334f16" testName="TerminalResultsDistinguishCommitmentFromRejectionAndCancellation" computerName="worlesenric" duration="00:00:00.0011420" startTime="2026-09-25T12:30:18.7359540+08:00" endTime="2026-09-25T12:30:18.7370959+08:00" testType="13cdc9d9-ddb5-4fa4-a97d-d965ccfc6d4b" outcome="Passed" testListId="8c84fa94-04c1-424b-9868-57a2d4851a1d" relativeResultsDirectory="2aa39707-7b64-4559-af81-b668e51b0e53" />
    <UnitTestResult executionId="0a4bfe15-6205-45f8-94ef-6372751340a7" testId="42e2aa6d-4924-e333-b7de-502334166dc2" testName="StepFingerprintIsScopedAndDeterministic" computerName="worlesenric" duration="00:00:00.0012870" startTime="2026-09-25T12:30:18.6834512+08:00" endTime="2026-09-25T12:30:18.6847385+08:00" testType="13cdc9d9-ddb5-4fa4-a97d-d965ccfc6d4b" outcome="Passed" testListId="8c84fa94-04c1-424b-9868-57a2d4851a1d" relativeResultsDirectory="0a4bfe15-6205-45f8-94ef-6372751340a7" />
    <UnitTestResult executionId="41348d7a-7985-41c3-9710-2d76f3dc1bda" testId="2629c08f-b8f9-daea-1f47-bd4bf0d2e171" testName="ADuplicateRequestKeyReturnsItsRecordedResult" computerName="worlesenric" duration="00:00:00.0079870" startTime="2026-09-25T12:30:18.6853703+08:00" endTime="2026-09-25T12:30:18.6933575+08:00" testType="13cdc9d9-ddb5-4fa4-a97d-d965ccfc6d4b" outcome="Passed" testListId="8c84fa94-04c1-424b-9868-57a2d4851a1d" relativeResultsDirectory="41348d7a-7985-41c3-9710-2d76f3dc1bda" />
    <UnitTestResult executionId="0616a353-de5a-4808-8405-a4926276a246" testId="45b65ac6-110a-86f7-06c6-019258709dd0" testName="AFailingDisposerIsQuarantinedWhileOtherCleanupStillRuns" computerName="worlesenric" duration="00:00:00.0074270" startTime="2026-09-25T12:30:18.7959648+08:00" endTime="2026-09-25T12:30:18.8033916+08:00" testType="13cdc9d9-ddb5-4fa4-a97d-d965ccfc6d4b" outcome="Passed" testListId="8c84fa94-04c1-424b-9868-57a2d4851a1d" relativeResultsDirectory="0616a353-de5a-4808-8405-a4926276a246" />
    <UnitTestResult executionId="b28ce568-8b50-4315-86fb-510eec88a268" testId="10e55d40-0090-581f-bc4b-35d4694553fd" testName="FixedStepCatchUpIsBoundedAndDebtIsNeverDropped" computerName="worlesenric" duration="00:00:00.0003270" startTime="2026-09-25T12:30:18.7670720+08:00" endTime="2026-09-25T12:30:18.7673990+08:00" testType="13cdc9d9-ddb5-4fa4-a97d-d965ccfc6d4b" outcome="Passed" testListId="8c84fa94-04c1-424b-9868-57a2d4851a1d" relativeResultsDirectory="b28ce568-8b50-4315-86fb-510eec88a268" />
    <UnitTestResult executionId="9dbe9aba-1ab8-42d2-8bf6-d26ef29ba1f5" testId="4a8ec966-8828-ce32-4aa8-653ecc611411" testName="CommandDrivenWorldExecutesZeroStepsWithoutDemand" computerName="worlesenric" duration="00:00:00.0064140" startTime="2026-09-25T12:30:18.7476195+08:00" endTime="2026-09-25T12:30:18.7540332+08:00" testType="13cdc9d9-ddb5-4fa4-a97d-d965ccfc6d4b" outcome="Passed" testListId="8c84fa94-04c1-424b-9868-57a2d4851a1d" relativeResultsDirectory="9dbe9aba-1ab8-42d2-8bf6-d26ef29ba1f5" />
    <UnitTestResult executionId="d152a038-e64d-407a-b020-5c78cb9d3783" testId="c449cf52-45f0-677a-37a0-ef42f9c23ed4" testName="AFullReliableBufferRefusesWithoutMutatingItself" computerName="worlesenric" duration="00:00:00.0004830" startTime="2026-09-25T12:30:18.4502704+08:00" endTime="2026-09-25T12:30:18.4507537+08:00" testType="13cdc9d9-ddb5-4fa4-a97d-d965ccfc6d4b" outcome="Passed" testListId="8c84fa94-04c1-424b-9868-57a2d4851a1d" relativeResultsDirectory="d152a038-e64d-407a-b020-5c78cb9d3783" />
    <UnitTestResult executionId="3328e7a1-a296-4e9a-a73d-7862e05d6d1b" testId="0e447e52-fa21-55ca-1ab1-ad66eb05a0de" testName="CancellingPendingWorkLeavesSettledRowsUntouched" computerName="worlesenric" duration="00:00:00.0007270" startTime="2026-09-25T12:30:18.7279804+08:00" endTime="2026-09-25T12:30:18.7287079+08:00" testType="13cdc9d9-ddb5-4fa4-a97d-d965ccfc6d4b" outcome="Passed" testListId="8c84fa94-04c1-424b-9868-57a2d4851a1d" relativeResultsDirectory="3328e7a1-a296-4e9a-a73d-7862e05d6d1b" />
    <UnitTestResult executionId="4fa2207d-2f02-43bb-91bb-0c7b4df13857" testId="1f60911d-0ec0-d0fd-779c-57b08ad082a3" testName="WellFormedPlanProjectsOntoTheEpochBoundTable" computerName="worlesenric" duration="00:00:00.0020330" startTime="2026-09-25T12:30:18.6673290+08:00" endTime="2026-09-25T12:30:18.6693617+08:00" testType="13cdc9d9-ddb5-4fa4-a97d-d965ccfc6d4b" outcome="Passed" testListId="8c84fa94-04c1-424b-9868-57a2d4851a1d" relativeResultsDirectory="4fa2207d-2f02-43bb-91bb-0c7b4df13857" />
    <UnitTestResult executionId="7158ff61-bb55-4661-937b-11a50c6243e1" testId="70461505-793e-9018-a699-fcadcfcfe28c" testName="AFreshAdmissionIsAcceptedAndNotYetCommitted" computerName="worlesenric" duration="00:00:00.0006160" startTime="2026-09-25T12:30:18.6938867+08:00" endTime="2026-09-25T12:30:18.6945031+08:00" testType="13cdc9d9-ddb5-4fa4-a97d-d965ccfc6d4b" outcome="Passed" testListId="8c84fa94-04c1-424b-9868-57a2d4851a1d" relativeResultsDirectory="7158ff61-bb55-4661-937b-11a50c6243e1" />
    <UnitTestResult executionId="11562d31-bfda-45ed-b4a1-351546b1a8ec" testId="8545c1a9-bb07-e490-9a1c-17237ed1f88c" testName="AReusedKeyWithDifferentInputIsAnIdempotencyConflict" computerName="worlesenric" duration="00:00:00.0004300" startTime="2026-09-25T12:30:18.7053189+08:00" endTime="2026-09-25T12:30:18.7057495+08:00" testType="13cdc9d9-ddb5-4fa4-a97d-d965ccfc6d4b" outcome="Passed" testListId="8c84fa94-04c1-424b-9868-57a2d4851a1d" relativeResultsDirectory="11562d31-bfda-45ed-b4a1-351546b1a8ec" />
    <UnitTestResult executionId="8d6e92ab-dc14-4dc0-b38d-969c36fc67a3" testId="bb0b3d58-6e93-b63d-02b0-1e946f943b8b" testName="ARequestOfAnotherWorldIncarnationIsRefused" computerName="worlesenric" duration="00:00:00.0003640" startTime="2026-09-25T12:30:18.6964214+08:00" endTime="2026-09-25T12:30:18.6967854+08:00" testType="13cdc9d9-ddb5-4fa4-a97d-d965ccfc6d4b" outcome="Passed" testListId="8c84fa94-04c1-424b-9868-57a2d4851a1d" relativeResultsDirectory="8d6e92ab-dc14-4dc0-b38d-969c36fc67a3" />
    <UnitTestResult executionId="077f1e2a-b0c8-43e7-9e60-819d18f425fa" testId="2873c9c4-989d-7e04-6f99-7a10e9e110b5" testName="RetirementRunsFromDependentsTowardDependencies" computerName="worlesenric" duration="00:00:00.0004840" startTime="2026-09-25T12:30:18.8262353+08:00" endTime="2026-09-25T12:30:18.8267196+08:00" testType="13cdc9d9-ddb5-4fa4-a97d-d965ccfc6d4b" outcome="Passed" testListId="8c84fa94-04c1-424b-9868-57a2d4851a1d" relativeResultsDirectory="077f1e2a-b0c8-43e7-9e60-819d18f425fa" />
    <UnitTestResult executionId="14ba22de-a742-4ac7-9ee3-011682480b06" testId="3035a382-336b-d9da-a4ed-2f3e7105ec85" testName="FactoriesRejectAnInvalidConfiguration" computerName="worlesenric" duration="00:00:00.0018240" startTime="2026-09-25T12:30:18.7540728+08:00" endTime="2026-09-25T12:30:18.7558971+08:00" testType="13cdc9d9-ddb5-4fa4-a97d-d965ccfc6d4b" outcome="Passed" testListId="8c84fa94-04c1-424b-9868-57a2d4851a1d" relativeResultsDirectory="14ba22de-a742-4ac7-9ee3-011682480b06" />
    <UnitTestResult executionId="f634e103-016f-4f46-8929-b21e7259e793" testId="bfdc2225-ad86-e34b-6f4c-e2cbfd167029" testName="DeferredStructuralPlaybackIsCanonicalAndWaitsForItsProducer" computerName="worlesenric" duration="00:00:00.0019440" startTime="2026-09-25T12:30:18.4571307+08:00" endTime="2026-09-25T12:30:18.4590749+08:00" testType="13cdc9d9-ddb5-4fa4-a97d-d965ccfc6d4b" outcome="Passed" testListId="8c84fa94-04c1-424b-9868-57a2d4851a1d" relativeResultsDirectory="f634e103-016f-4f46-8929-b21e7259e793" />
    <UnitTestResult executionId="452d77e9-3b98-42af-838c-e1fe7f24c729" testId="9b68467e-4c59-5308-7184-4397751bb0c8" testName="UnknownResourcesAndJobsAreRefusedInsteadOfInvented" computerName="worlesenric" duration="00:00:00.0002999" startTime="2026-09-25T12:30:18.8528368+08:00" endTime="2026-09-25T12:30:18.8531369+08:00" testType="13cdc9d9-ddb5-4fa4-a97d-d965ccfc6d4b" outcome="Passed" testListId="8c84fa94-04c1-424b-9868-57a2d4851a1d" relativeResultsDirectory="452d77e9-3b98-42af-838c-e1fe7f24c729" />
    <UnitTestResult executionId="c3d95413-192a-48da-b428-614ac512f41d" testId="99e79709-d35b-a172-666d-92a7bbd197df" testName="ARegisteredReaderDecodesItsSchemaAndAMissIsReported" computerName="worlesenric" duration="00:00:00.0104829" startTime="2026-09-25T12:30:18.4909521+08:00" endTime="2026-09-25T12:30:18.5014355+08:00" testType="13cdc9d9-ddb5-4fa4-a97d-d965ccfc6d4b" outcome="Passed" testListId="8c84fa94-04c1-424b-9868-57a2d4851a1d" relativeResultsDirectory="c3d95413-192a-48da-b428-614ac512f41d" />
    <UnitTestResult executionId="bf139ed8-cb02-490f-a3c7-b6609b3497a8" testId="ffb320f3-6eb7-d529-f4d7-259c2e4eba0c" testName="ResourcesAreDisposedAtMostOnce" computerName="worlesenric" duration="00:00:00.0004220" startTime="2026-09-25T12:30:18.8138401+08:00" endTime="2026-09-25T12:30:18.8142624+08:00" testType="13cdc9d9-ddb5-4fa4-a97d-d965ccfc6d4b" outcome="Passed" testListId="8c84fa94-04c1-424b-9868-57a2d4851a1d" relativeResultsDirectory="bf139ed8-cb02-490f-a3c7-b6609b3497a8" />
    <UnitTestResult executionId="9aef5794-4fbd-4a91-8e96-d21ac0d3bd52" testId="5d1aedc4-d23b-8c74-fe8d-3b54ae90eb72" testName="ForeignWorldImagesAreRefusedAtPublication" computerName="worlesenric" duration="00:00:00.0004350" startTime="2026-09-25T12:30:18.6797474+08:00" endTime="2026-09-25T12:30:18.6801825+08:00" testType="13cdc9d9-ddb5-4fa4-a97d-d965ccfc6d4b" outcome="Passed" testListId="8c84fa94-04c1-424b-9868-57a2d4851a1d" relativeResultsDirectory="9aef5794-4fbd-4a91-8e96-d21ac0d3bd52" />
    <UnitTestResult executionId="ea517a95-b3fa-467f-b175-4dd3a1a77a1b" testId="2dacbbab-7ca0-5f3b-1370-630a5045bbee" testName="ABoundedStepOutputRefusesInsteadOfGrowing" computerName="worlesenric" duration="00:00:00.0015120" startTime="2026-09-25T12:30:18.5508981+08:00" endTime="2026-09-25T12:30:18.5524096+08:00" testType="13cdc9d9-ddb5-4fa4-a97d-d965ccfc6d4b" outcome="Passed" testListId="8c84fa94-04c1-424b-9868-57a2d4851a1d" relativeResultsDirectory="ea517a95-b3fa-467f-b175-4dd3a1a77a1b" />
    <UnitTestResult executionId="28784c50-00bf-4ced-b828-200557869931" testId="389608c6-b9a3-153f-efa7-9eadc9be4dfa" testName="EmptyPlanIsAValidNoOp" computerName="worlesenric" duration="00:00:00.0013200" startTime="2026-09-25T12:30:18.6428338+08:00" endTime="2026-09-25T12:30:18.6441540+08:00" testType="13cdc9d9-ddb5-4fa4-a97d-d965ccfc6d4b" outcome="Passed" testListId="8c84fa94-04c1-424b-9868-57a2d4851a1d" relativeResultsDirectory="28784c50-00bf-4ced-b828-200557869931" />
    <UnitTestResult executionId="8e6f9788-c04d-4921-88f3-ba757605d79b" testId="a45bc3d3-78fa-028e-dfa6-3b4b00606051" testName="APublicationFromAnotherWorldIncarnationAndANonIncreasingSequenceAreRefused" computerName="worlesenric" duration="00:00:00.0023420" startTime="2026-09-25T12:30:18.5648404+08:00" endTime="2026-09-25T12:30:18.5671827+08:00" testType="13cdc9d9-ddb5-4fa4-a97d-d965ccfc6d4b" outcome="Passed" testListId="8c84fa94-04c1-424b-9868-57a2d4851a1d" relativeResultsDirectory="8e6f9788-c04d-4921-88f3-ba757605d79b" />
    <UnitTestResult executionId="52d10adf-bda0-4998-b0fe-669e537d3b42" testId="18dde1f5-6c2b-6ed2-18c5-e6fcbad2a994" testName="TheCommittedCursorIsAttachedAfterPublication" computerName="worlesenric" duration="00:00:00.0005230" startTime="2026-09-25T12:30:18.7411922+08:00" endTime="2026-09-25T12:30:18.7417156+08:00" testType="13cdc9d9-ddb5-4fa4-a97d-d965ccfc6d4b" outcome="Passed" testListId="8c84fa94-04c1-424b-9868-57a2d4851a1d" relativeResultsDirectory="52d10adf-bda0-4998-b0fe-669e537d3b42" />
    <UnitTestResult executionId="48576fa6-16c8-4cd1-a710-1d4a6b9641e4" testId="3ece3464-5e86-6076-b40f-bd3051d58713" testName="ASubscriberFailureIsCountedAndCannotUndoTheCommit" computerName="worlesenric" duration="00:00:00.0013290" startTime="2026-09-25T12:30:18.6756161+08:00" endTime="2026-09-25T12:30:18.6769449+08:00" testType="13cdc9d9-ddb5-4fa4-a97d-d965ccfc6d4b" outcome="Passed" testListId="8c84fa94-04c1-424b-9868-57a2d4851a1d" relativeResultsDirectory="48576fa6-16c8-4cd1-a710-1d4a6b9641e4" />
    <UnitTestResult executionId="3d2ce758-6405-45e9-8a44-bd3883cbc3f9" testId="f9417409-5a48-3fc0-0d3c-b30769505858" testName="BoundedResultRetentionTurnsDroppedIdentitiesIntoResultExpired" computerName="worlesenric" duration="00:00:00.0016540" startTime="2026-09-25T12:30:18.7178422+08:00" endTime="2026-09-25T12:30:18.7194967+08:00" testType="13cdc9d9-ddb5-4fa4-a97d-d965ccfc6d4b" outcome="Passed" testListId="8c84fa94-04c1-424b-9868-57a2d4851a1d" relativeResultsDirectory="3d2ce758-6405-45e9-8a44-bd3883cbc3f9" />
    <UnitTestResult executionId="7302abda-7e75-4a74-b8af-5e6f5ec71a2f" testId="fde6e721-917d-e762-46aa-84db56e39fa6" testName="AMessageForAnotherOwnerOrProducerIsRefused" computerName="worlesenric" duration="00:00:00.0003810" startTime="2026-09-25T12:30:18.4515947+08:00" endTime="2026-09-25T12:30:18.4519759+08:00" testType="13cdc9d9-ddb5-4fa4-a97d-d965ccfc6d4b" outcome="Passed" testListId="8c84fa94-04c1-424b-9868-57a2d4851a1d" relativeResultsDirectory="7302abda-7e75-4a74-b8af-5e6f5ec71a2f" />
    <UnitTestResult executionId="b8248cc8-d75f-42ff-9090-0d3ef0f9136a" testId="345fa482-df2d-11a0-de55-83c3e03cced8" testName="TheStoreReportsGapsInsteadOfFalseContinuity" computerName="worlesenric" duration="00:00:00.0011860" startTime="2026-09-25T12:30:18.6055797+08:00" endTime="2026-09-25T12:30:18.6067665+08:00" testType="13cdc9d9-ddb5-4fa4-a97d-d965ccfc6d4b" outcome="Passed" testListId="8c84fa94-04c1-424b-9868-57a2d4851a1d" relativeResultsDirectory="b8248cc8-d75f-42ff-9090-0d3ef0f9136a" />
    <UnitTestResult executionId="68dc6dc8-cac4-4d19-92ef-2f6852e9e438" testId="d7cc144d-d7ae-f5d8-3a71-1a938f56653e" testName="ProducerWithoutItsConsumerStageFailsDrainValidation" computerName="worlesenric" duration="00:00:00.0016700" startTime="2026-09-25T12:30:18.6648378+08:00" endTime="2026-09-25T12:30:18.6665077+08:00" testType="13cdc9d9-ddb5-4fa4-a97d-d965ccfc6d4b" outcome="Passed" testListId="8c84fa94-04c1-424b-9868-57a2d4851a1d" relativeResultsDirectory="68dc6dc8-cac4-4d19-92ef-2f6852e9e438" />
  </Results>
  <TestDefinitions>
    <UnitTest name="FixedStepRejectsABackwardsHostClock" storage="/home/worlesenric/wkspace/gc-wt/gc-011/dotnet/tests/gamecore.execution.tests/bin/release/net8.0/gamecore.execution.tests.dll" id="303e6f04-20d7-e46b-e401-41725e6b09fc">
      <Execution id="4aebd920-e77d-4bde-8af5-3be3ee203c53" />
      <TestMethod codeBase="/home/worlesenric/wkspace/gc-wt/gc-011/dotnet/tests/GameCore.Execution.Tests/bin/Release/net8.0/GameCore.Execution.Tests.dll" adapterTypeName="executor://nunit3testexecutor/" className="GameCore.Execution.Tests.TemporalAccumulatorTests" name="FixedStepRejectsABackwardsHostClock" />
    </UnitTest>
    <UnitTest name="ForeignWorldImagesAreRefusedAtPublication" storage="/home/worlesenric/wkspace/gc-wt/gc-011/dotnet/tests/gamecore.execution.tests/bin/release/net8.0/gamecore.execution.tests.dll" id="5d1aedc4-d23b-8c74-fe8d-3b54ae90eb72">
      <Execution id="9aef5794-4fbd-4a91-8e96-d21ac0d3bd52" />
      <TestMethod codeBase="/home/worlesenric/wkspace/gc-wt/gc-011/dotnet/tests/GameCore.Execution.Tests/bin/Release/net8.0/GameCore.Execution.Tests.dll" adapterTypeName="executor://nunit3testexecutor/" className="GameCore.Execution.Tests.PublicationBoundaryTests" name="ForeignWorldImagesAreRefusedAtPublication" />
    </UnitTest>
    <UnitTest name="UnknownAndRetiredRoutesAndSchemaMismatchesAreRefused" storage="/home/worlesenric/wkspace/gc-wt/gc-011/dotnet/tests/gamecore.execution.tests/bin/release/net8.0/gamecore.execution.tests.dll" id="dbe80e58-16b3-d0e0-9403-8df159a4ea37">
      <Execution id="4041b3e7-ecfb-40e4-a4cd-b1315543bb0d" />
      <TestMethod codeBase="/home/worlesenric/wkspace/gc-wt/gc-011/dotnet/tests/GameCore.Execution.Tests/bin/Release/net8.0/GameCore.Execution.Tests.dll" adapterTypeName="executor://nunit3testexecutor/" className="GameCore.Execution.Tests.RequestLedgerTests" name="UnknownAndRetiredRoutesAndSchemaMismatchesAreRefused" />
    </UnitTest>
    <UnitTest name="APublicationFromAnotherWorldIncarnationAndANonIncreasingSequenceAreRefused" storage="/home/worlesenric/wkspace/gc-wt/gc-011/dotnet/tests/gamecore.execution.tests/bin/release/net8.0/gamecore.execution.tests.dll" id="a45bc3d3-78fa-028e-dfa6-3b4b00606051">
      <Execution id="8e6f9788-c04d-4921-88f3-ba757605d79b" />
      <TestMethod codeBase="/home/worlesenric/wkspace/gc-wt/gc-011/dotnet/tests/GameCore.Execution.Tests/bin/Release/net8.0/GameCore.Execution.Tests.dll" adapterTypeName="executor://nunit3testexecutor/" className="GameCore.Execution.Tests.CommittedEventStoreTests" name="APublicationFromAnotherWorldIncarnationAndANonIncreasingSequenceAreRefused" />
    </UnitTest>
    <UnitTest name="FixedStepCatchUpIsBoundedAndDebtIsNeverDropped" storage="/home/worlesenric/wkspace/gc-wt/gc-011/dotnet/tests/gamecore.execution.tests/bin/release/net8.0/gamecore.execution.tests.dll" id="10e55d40-0090-581f-bc4b-35d4694553fd">
      <Execution id="b28ce568-8b50-4315-86fb-510eec88a268" />
      <TestMethod codeBase="/home/worlesenric/wkspace/gc-wt/gc-011/dotnet/tests/GameCore.Execution.Tests/bin/Release/net8.0/GameCore.Execution.Tests.dll" adapterTypeName="executor://nunit3testexecutor/" className="GameCore.Execution.Tests.TemporalAccumulatorTests" name="FixedStepCatchUpIsBoundedAndDebtIsNeverDropped" />
    </UnitTest>
    <UnitTest name="StepFingerprintIsScopedAndDeterministic" storage="/home/worlesenric/wkspace/gc-wt/gc-011/dotnet/tests/gamecore.execution.tests/bin/release/net8.0/gamecore.execution.tests.dll" id="42e2aa6d-4924-e333-b7de-502334166dc2">
      <Execution id="0a4bfe15-6205-45f8-94ef-6372751340a7" />
      <TestMethod codeBase="/home/worlesenric/wkspace/gc-wt/gc-011/dotnet/tests/GameCore.Execution.Tests/bin/Release/net8.0/GameCore.Execution.Tests.dll" adapterTypeName="executor://nunit3testexecutor/" className="GameCore.Execution.Tests.PublicationBoundaryTests" name="StepFingerprintIsScopedAndDeterministic" />
    </UnitTest>
    <UnitTest name="StageIndexesOutsideTheDeclaredCountAreRejected" storage="/home/worlesenric/wkspace/gc-wt/gc-011/dotnet/tests/gamecore.execution.tests/bin/release/net8.0/gamecore.execution.tests.dll" id="9b4a2fc1-2d8a-024b-e548-b73a3749a522">
      <Execution id="d565457a-771f-4106-a788-bff15fd51f3c" />
      <TestMethod codeBase="/home/worlesenric/wkspace/gc-wt/gc-011/dotnet/tests/GameCore.Execution.Tests/bin/Release/net8.0/GameCore.Execution.Tests.dll" adapterTypeName="executor://nunit3testexecutor/" className="GameCore.Execution.Tests.GuardedDispatchPlanTests" name="StageIndexesOutsideTheDeclaredCountAreRejected" />
    </UnitTest>
    <UnitTest name="TheConsumingOwnerTakesTheSealedBatchInCanonicalOrder" storage="/home/worlesenric/wkspace/gc-wt/gc-011/dotnet/tests/gamecore.execution.tests/bin/release/net8.0/gamecore.execution.tests.dll" id="18be1379-bcdd-61aa-1fb4-92e20afcd72b">
      <Execution id="382546a6-8f7e-49e1-ab22-79e8dbae7681" />
      <TestMethod codeBase="/home/worlesenric/wkspace/gc-wt/gc-011/dotnet/tests/GameCore.Execution.Tests/bin/Release/net8.0/GameCore.Execution.Tests.dll" adapterTypeName="executor://nunit3testexecutor/" className="GameCore.Execution.Tests.BoundedMessageBufferTests" name="TheConsumingOwnerTakesTheSealedBatchInCanonicalOrder" />
    </UnitTest>
    <UnitTest name="UndrainedReliableRowsFailTheCommitValidation" storage="/home/worlesenric/wkspace/gc-wt/gc-011/dotnet/tests/gamecore.execution.tests/bin/release/net8.0/gamecore.execution.tests.dll" id="2cf167a4-55da-f7bf-e162-eac7df9407ff">
      <Execution id="2c82d097-ff52-4ec4-b074-d53df5bd4cb8" />
      <TestMethod codeBase="/home/worlesenric/wkspace/gc-wt/gc-011/dotnet/tests/GameCore.Execution.Tests/bin/Release/net8.0/GameCore.Execution.Tests.dll" adapterTypeName="executor://nunit3testexecutor/" className="GameCore.Execution.Tests.BoundedMessageBufferTests" name="UndrainedReliableRowsFailTheCommitValidation" />
    </UnitTest>
    <UnitTest name="UnfinishedJobsStayTrackedAndQuarantined" storage="/home/worlesenric/wkspace/gc-wt/gc-011/dotnet/tests/gamecore.execution.tests/bin/release/net8.0/gamecore.execution.tests.dll" id="3c72f170-5caa-fce3-944a-843ab00df853">
      <Execution id="bf17af27-bde0-4386-86bb-709c7c603252" />
      <TestMethod codeBase="/home/worlesenric/wkspace/gc-wt/gc-011/dotnet/tests/GameCore.Execution.Tests/bin/Release/net8.0/GameCore.Execution.Tests.dll" adapterTypeName="executor://nunit3testexecutor/" className="GameCore.Execution.Tests.WorldResourceLedgerTests" name="UnfinishedJobsStayTrackedAndQuarantined" />
    </UnitTest>
    <UnitTest name="CommandDrivenWorldExecutesZeroStepsWithoutDemand" storage="/home/worlesenric/wkspace/gc-wt/gc-011/dotnet/tests/gamecore.execution.tests/bin/release/net8.0/gamecore.execution.tests.dll" id="4a8ec966-8828-ce32-4aa8-653ecc611411">
      <Execution id="9dbe9aba-1ab8-42d2-8bf6-d26ef29ba1f5" />
      <TestMethod codeBase="/home/worlesenric/wkspace/gc-wt/gc-011/dotnet/tests/GameCore.Execution.Tests/bin/Release/net8.0/GameCore.Execution.Tests.dll" adapterTypeName="executor://nunit3testexecutor/" className="GameCore.Execution.Tests.TemporalAccumulatorTests" name="CommandDrivenWorldExecutesZeroStepsWithoutDemand" />
    </UnitTest>
    <UnitTest name="PublishingOneStepExposesExactlyOneImage" storage="/home/worlesenric/wkspace/gc-wt/gc-011/dotnet/tests/gamecore.execution.tests/bin/release/net8.0/gamecore.execution.tests.dll" id="9fa8b50d-476e-66b5-554b-ad67458320a6">
      <Execution id="835d7ff9-379f-4c80-82c8-17bc5639dceb" />
      <TestMethod codeBase="/home/worlesenric/wkspace/gc-wt/gc-011/dotnet/tests/GameCore.Execution.Tests/bin/Release/net8.0/GameCore.Execution.Tests.dll" adapterTypeName="executor://nunit3testexecutor/" className="GameCore.Execution.Tests.PublicationBoundaryTests" name="PublishingOneStepExposesExactlyOneImage" />
    </UnitTest>
    <UnitTest name="TheFixturePayloadWriterRoundTripsThroughThePayloadReader" storage="/home/worlesenric/wkspace/gc-wt/gc-011/dotnet/tests/gamecore.execution.tests/bin/release/net8.0/gamecore.execution.tests.dll" id="a0423dd7-21d7-4181-80a6-e6609fc70689">
      <Execution id="b0d7cad1-aa48-401f-8934-8ff44c8c819d" />
      <TestMethod codeBase="/home/worlesenric/wkspace/gc-wt/gc-011/dotnet/tests/GameCore.Execution.Tests/bin/Release/net8.0/GameCore.Execution.Tests.dll" adapterTypeName="executor://nunit3testexecutor/" className="GameCore.Execution.Tests.CommandPayloadReaderTests" name="TheFixturePayloadWriterRoundTripsThroughThePayloadReader" />
    </UnitTest>
    <UnitTest name="AFailingDisposerIsQuarantinedWhileOtherCleanupStillRuns" storage="/home/worlesenric/wkspace/gc-wt/gc-011/dotnet/tests/gamecore.execution.tests/bin/release/net8.0/gamecore.execution.tests.dll" id="45b65ac6-110a-86f7-06c6-019258709dd0">
      <Execution id="0616a353-de5a-4808-8405-a4926276a246" />
      <TestMethod codeBase="/home/worlesenric/wkspace/gc-wt/gc-011/dotnet/tests/GameCore.Execution.Tests/bin/Release/net8.0/GameCore.Execution.Tests.dll" adapterTypeName="executor://nunit3testexecutor/" className="GameCore.Execution.Tests.WorldResourceLedgerTests" name="AFailingDisposerIsQuarantinedWhileOtherCleanupStillRuns" />
    </UnitTest>
    <UnitTest name="OneBuildProducesCanonicallyOrderedEventsForTheCommittedStep" storage="/home/worlesenric/wkspace/gc-wt/gc-011/dotnet/tests/gamecore.execution.tests/bin/release/net8.0/gamecore.execution.tests.dll" id="18d7edfe-b218-3158-ed0d-37146d75e30e">
      <Execution id="9a812ae7-7487-4c5e-8466-f1cf83cd98ee" />
      <TestMethod codeBase="/home/worlesenric/wkspace/gc-wt/gc-011/dotnet/tests/GameCore.Execution.Tests/bin/Release/net8.0/GameCore.Execution.Tests.dll" adapterTypeName="executor://nunit3testexecutor/" className="GameCore.Execution.Tests.CommittedEventStoreTests" name="OneBuildProducesCanonicallyOrderedEventsForTheCommittedStep" />
    </UnitTest>
    <UnitTest name="RetirementRunsFromDependentsTowardDependencies" storage="/home/worlesenric/wkspace/gc-wt/gc-011/dotnet/tests/gamecore.execution.tests/bin/release/net8.0/gamecore.execution.tests.dll" id="2873c9c4-989d-7e04-6f99-7a10e9e110b5">
      <Execution id="077f1e2a-b0c8-43e7-9e60-819d18f425fa" />
      <TestMethod codeBase="/home/worlesenric/wkspace/gc-wt/gc-011/dotnet/tests/GameCore.Execution.Tests/bin/Release/net8.0/GameCore.Execution.Tests.dll" adapterTypeName="executor://nunit3testexecutor/" className="GameCore.Execution.Tests.WorldResourceLedgerTests" name="RetirementRunsFromDependentsTowardDependencies" />
    </UnitTest>
    <UnitTest name="AcquireReportsAcquiredExpiredForeignWorldAndBackpressure" storage="/home/worlesenric/wkspace/gc-wt/gc-011/dotnet/tests/gamecore.execution.tests/bin/release/net8.0/gamecore.execution.tests.dll" id="4d8779a6-a796-88ce-c981-a94903018e41">
      <Execution id="1c90d46a-6e7d-4cb9-8df7-627c416331db" />
      <TestMethod codeBase="/home/worlesenric/wkspace/gc-wt/gc-011/dotnet/tests/GameCore.Execution.Tests/bin/Release/net8.0/GameCore.Execution.Tests.dll" adapterTypeName="executor://nunit3testexecutor/" className="GameCore.Execution.Tests.PublicationBoundaryTests" name="AcquireReportsAcquiredExpiredForeignWorldAndBackpressure" />
    </UnitTest>
    <UnitTest name="FixedStepPauseAddsNoDebtAndPreservesTheAccumulator" storage="/home/worlesenric/wkspace/gc-wt/gc-011/dotnet/tests/gamecore.execution.tests/bin/release/net8.0/gamecore.execution.tests.dll" id="34c9ba54-c5dd-8be4-82c8-a009fad9bf0b">
      <Execution id="faed6973-9d5b-4cfb-ae52-609e3d68d12b" />
      <TestMethod codeBase="/home/worlesenric/wkspace/gc-wt/gc-011/dotnet/tests/GameCore.Execution.Tests/bin/Release/net8.0/GameCore.Execution.Tests.dll" adapterTypeName="executor://nunit3testexecutor/" className="GameCore.Execution.Tests.TemporalAccumulatorTests" name="FixedStepPauseAddsNoDebtAndPreservesTheAccumulator" />
    </UnitTest>
    <UnitTest name="EmptyPlanIsAValidNoOp" storage="/home/worlesenric/wkspace/gc-wt/gc-011/dotnet/tests/gamecore.execution.tests/bin/release/net8.0/gamecore.execution.tests.dll" id="389608c6-b9a3-153f-efa7-9eadc9be4dfa">
      <Execution id="28784c50-00bf-4ced-b828-200557869931" />
      <TestMethod codeBase="/home/worlesenric/wkspace/gc-wt/gc-011/dotnet/tests/GameCore.Execution.Tests/bin/Release/net8.0/GameCore.Execution.Tests.dll" adapterTypeName="executor://nunit3testexecutor/" className="GameCore.Execution.Tests.GuardedDispatchPlanTests" name="EmptyPlanIsAValidNoOp" />
    </UnitTest>
    <UnitTest name="FactoriesRejectAnInvalidConfiguration" storage="/home/worlesenric/wkspace/gc-wt/gc-011/dotnet/tests/gamecore.execution.tests/bin/release/net8.0/gamecore.execution.tests.dll" id="3035a382-336b-d9da-a4ed-2f3e7105ec85">
      <Execution id="14ba22de-a742-4ac7-9ee3-011682480b06" />
      <TestMethod codeBase="/home/worlesenric/wkspace/gc-wt/gc-011/dotnet/tests/GameCore.Execution.Tests/bin/Release/net8.0/GameCore.Execution.Tests.dll" adapterTypeName="executor://nunit3testexecutor/" className="GameCore.Execution.Tests.TemporalAccumulatorTests" name="FactoriesRejectAnInvalidConfiguration" />
    </UnitTest>
    <UnitTest name="CommandDrivenWorldAdmitsDemandUpToItsPerPumpLimit" storage="/home/worlesenric/wkspace/gc-wt/gc-011/dotnet/tests/gamecore.execution.tests/bin/release/net8.0/gamecore.execution.tests.dll" id="0d60feda-8f8d-eeaa-6f8a-8de4f9ff0377">
      <Execution id="68bc1c09-9b52-4e1b-b4af-88e9e614503d" />
      <TestMethod codeBase="/home/worlesenric/wkspace/gc-wt/gc-011/dotnet/tests/GameCore.Execution.Tests/bin/Release/net8.0/GameCore.Execution.Tests.dll" adapterTypeName="executor://nunit3testexecutor/" className="GameCore.Execution.Tests.TemporalAccumulatorTests" name="CommandDrivenWorldAdmitsDemandUpToItsPerPumpLimit" />
    </UnitTest>
    <UnitTest name="TheStoreReportsGapsInsteadOfFalseContinuity" storage="/home/worlesenric/wkspace/gc-wt/gc-011/dotnet/tests/gamecore.execution.tests/bin/release/net8.0/gamecore.execution.tests.dll" id="345fa482-df2d-11a0-de55-83c3e03cced8">
      <Execution id="b8248cc8-d75f-42ff-9090-0d3ef0f9136a" />
      <TestMethod codeBase="/home/worlesenric/wkspace/gc-wt/gc-011/dotnet/tests/GameCore.Execution.Tests/bin/Release/net8.0/GameCore.Execution.Tests.dll" adapterTypeName="executor://nunit3testexecutor/" className="GameCore.Execution.Tests.CommittedEventStoreTests" name="TheStoreReportsGapsInsteadOfFalseContinuity" />
    </UnitTest>
    <UnitTest name="ASubscriberFailureIsCountedAndCannotUndoTheCommit" storage="/home/worlesenric/wkspace/gc-wt/gc-011/dotnet/tests/gamecore.execution.tests/bin/release/net8.0/gamecore.execution.tests.dll" id="3ece3464-5e86-6076-b40f-bd3051d58713">
      <Execution id="48576fa6-16c8-4cd1-a710-1d4a6b9641e4" />
      <TestMethod codeBase="/home/worlesenric/wkspace/gc-wt/gc-011/dotnet/tests/GameCore.Execution.Tests/bin/Release/net8.0/GameCore.Execution.Tests.dll" adapterTypeName="executor://nunit3testexecutor/" className="GameCore.Execution.Tests.PublicationBoundaryTests" name="ASubscriberFailureIsCountedAndCannotUndoTheCommit" />
    </UnitTest>
    <UnitTest name="NonAscendingDispatchIndicesAreRejected" storage="/home/worlesenric/wkspace/gc-wt/gc-011/dotnet/tests/gamecore.execution.tests/bin/release/net8.0/gamecore.execution.tests.dll" id="43b54bab-a736-4e2a-6785-841b4dda0f6d">
      <Execution id="8791e78b-d624-4176-ae3c-2d1ef11a9b21" />
      <TestMethod codeBase="/home/worlesenric/wkspace/gc-wt/gc-011/dotnet/tests/GameCore.Execution.Tests/bin/Release/net8.0/GameCore.Execution.Tests.dll" adapterTypeName="executor://nunit3testexecutor/" className="GameCore.Execution.Tests.GuardedDispatchPlanTests" name="NonAscendingDispatchIndicesAreRejected" />
    </UnitTest>
    <UnitTest name="AFreshRowIsAcceptedAndMergedInCanonicalOrder" storage="/home/worlesenric/wkspace/gc-wt/gc-011/dotnet/tests/gamecore.execution.tests/bin/release/net8.0/gamecore.execution.tests.dll" id="29900fe6-3f42-ebe0-d9a4-27e81f885a63">
      <Execution id="830ba241-4e0e-42ca-addb-4cae66f68139" />
      <TestMethod codeBase="/home/worlesenric/wkspace/gc-wt/gc-011/dotnet/tests/GameCore.Execution.Tests/bin/Release/net8.0/GameCore.Execution.Tests.dll" adapterTypeName="executor://nunit3testexecutor/" className="GameCore.Execution.Tests.BoundedMessageBufferTests" name="AFreshRowIsAcceptedAndMergedInCanonicalOrder" />
    </UnitTest>
    <UnitTest name="ForwardOrSelfStageEdgesAreRejected" storage="/home/worlesenric/wkspace/gc-wt/gc-011/dotnet/tests/gamecore.execution.tests/bin/release/net8.0/gamecore.execution.tests.dll" id="94bb3ca6-8723-a1fc-2486-1ec35ee3c9c3">
      <Execution id="1b66bc64-adb8-4b5f-8eef-c6067ade70d0" />
      <TestMethod codeBase="/home/worlesenric/wkspace/gc-wt/gc-011/dotnet/tests/GameCore.Execution.Tests/bin/Release/net8.0/GameCore.Execution.Tests.dll" adapterTypeName="executor://nunit3testexecutor/" className="GameCore.Execution.Tests.GuardedDispatchPlanTests" name="ForwardOrSelfStageEdgesAreRejected" />
    </UnitTest>
    <UnitTest name="BoundedResultRetentionTurnsDroppedIdentitiesIntoResultExpired" storage="/home/worlesenric/wkspace/gc-wt/gc-011/dotnet/tests/gamecore.execution.tests/bin/release/net8.0/gamecore.execution.tests.dll" id="f9417409-5a48-3fc0-0d3c-b30769505858">
      <Execution id="3d2ce758-6405-45e9-8a44-bd3883cbc3f9" />
      <TestMethod codeBase="/home/worlesenric/wkspace/gc-wt/gc-011/dotnet/tests/GameCore.Execution.Tests/bin/Release/net8.0/GameCore.Execution.Tests.dll" adapterTypeName="executor://nunit3testexecutor/" className="GameCore.Execution.Tests.RequestLedgerTests" name="BoundedResultRetentionTurnsDroppedIdentitiesIntoResultExpired" />
    </UnitTest>
    <UnitTest name="IdSequenceIsDeterministicAndNeverWraps" storage="/home/worlesenric/wkspace/gc-wt/gc-011/dotnet/tests/gamecore.execution.tests/bin/release/net8.0/gamecore.execution.tests.dll" id="2edc501e-8344-75cc-b669-23e1c4271271">
      <Execution id="970b5592-9e8f-4b92-8d16-7bb5b2836f9e" />
      <TestMethod codeBase="/home/worlesenric/wkspace/gc-wt/gc-011/dotnet/tests/GameCore.Execution.Tests/bin/Release/net8.0/GameCore.Execution.Tests.dll" adapterTypeName="executor://nunit3testexecutor/" className="GameCore.Execution.Tests.GuardedDispatchPlanTests" name="IdSequenceIsDeterministicAndNeverWraps" />
    </UnitTest>
    <UnitTest name="AFreshAdmissionIsAcceptedAndNotYetCommitted" storage="/home/worlesenric/wkspace/gc-wt/gc-011/dotnet/tests/gamecore.execution.tests/bin/release/net8.0/gamecore.execution.tests.dll" id="70461505-793e-9018-a699-fcadcfcfe28c">
      <Execution id="7158ff61-bb55-4661-937b-11a50c6243e1" />
      <TestMethod codeBase="/home/worlesenric/wkspace/gc-wt/gc-011/dotnet/tests/GameCore.Execution.Tests/bin/Release/net8.0/GameCore.Execution.Tests.dll" adapterTypeName="executor://nunit3testexecutor/" className="GameCore.Execution.Tests.RequestLedgerTests" name="AFreshAdmissionIsAcceptedAndNotYetCommitted" />
    </UnitTest>
    <UnitTest name="ARegisteredReaderDecodesItsSchemaAndAMissIsReported" storage="/home/worlesenric/wkspace/gc-wt/gc-011/dotnet/tests/gamecore.execution.tests/bin/release/net8.0/gamecore.execution.tests.dll" id="99e79709-d35b-a172-666d-92a7bbd197df">
      <Execution id="c3d95413-192a-48da-b428-614ac512f41d" />
      <TestMethod codeBase="/home/worlesenric/wkspace/gc-wt/gc-011/dotnet/tests/GameCore.Execution.Tests/bin/Release/net8.0/GameCore.Execution.Tests.dll" adapterTypeName="executor://nunit3testexecutor/" className="GameCore.Execution.Tests.CommandPayloadReaderTests" name="ARegisteredReaderDecodesItsSchemaAndAMissIsReported" />
    </UnitTest>
    <UnitTest name="TheCommittedCursorIsAttachedAfterPublication" storage="/home/worlesenric/wkspace/gc-wt/gc-011/dotnet/tests/gamecore.execution.tests/bin/release/net8.0/gamecore.execution.tests.dll" id="18dde1f5-6c2b-6ed2-18c5-e6fcbad2a994">
      <Execution id="52d10adf-bda0-4998-b0fe-669e537d3b42" />
      <TestMethod codeBase="/home/worlesenric/wkspace/gc-wt/gc-011/dotnet/tests/GameCore.Execution.Tests/bin/Release/net8.0/GameCore.Execution.Tests.dll" adapterTypeName="executor://nunit3testexecutor/" className="GameCore.Execution.Tests.RequestLedgerTests" name="TheCommittedCursorIsAttachedAfterPublication" />
    </UnitTest>
    <UnitTest name="ProducerWithoutItsConsumerStageFailsDrainValidation" storage="/home/worlesenric/wkspace/gc-wt/gc-011/dotnet/tests/gamecore.execution.tests/bin/release/net8.0/gamecore.execution.tests.dll" id="d7cc144d-d7ae-f5d8-3a71-1a938f56653e">
      <Execution id="68dc6dc8-cac4-4d19-92ef-2f6852e9e438" />
      <TestMethod codeBase="/home/worlesenric/wkspace/gc-wt/gc-011/dotnet/tests/GameCore.Execution.Tests/bin/Release/net8.0/GameCore.Execution.Tests.dll" adapterTypeName="executor://nunit3testexecutor/" className="GameCore.Execution.Tests.GuardedDispatchPlanTests" name="ProducerWithoutItsConsumerStageFailsDrainValidation" />
    </UnitTest>
    <UnitTest name="AnUnconsumedNextStepQueueCarriesForwardWithTerminalCancellations" storage="/home/worlesenric/wkspace/gc-wt/gc-011/dotnet/tests/gamecore.execution.tests/bin/release/net8.0/gamecore.execution.tests.dll" id="b2bc21af-2b17-2fff-7397-bf7973d1758b">
      <Execution id="ecf8ce77-39c8-4e36-b389-b5aec095a9cc" />
      <TestMethod codeBase="/home/worlesenric/wkspace/gc-wt/gc-011/dotnet/tests/GameCore.Execution.Tests/bin/Release/net8.0/GameCore.Execution.Tests.dll" adapterTypeName="executor://nunit3testexecutor/" className="GameCore.Execution.Tests.BoundedMessageBufferTests" name="AnUnconsumedNextStepQueueCarriesForwardWithTerminalCancellations" />
    </UnitTest>
    <UnitTest name="DeferredStructuralPlaybackIsCanonicalAndWaitsForItsProducer" storage="/home/worlesenric/wkspace/gc-wt/gc-011/dotnet/tests/gamecore.execution.tests/bin/release/net8.0/gamecore.execution.tests.dll" id="bfdc2225-ad86-e34b-6f4c-e2cbfd167029">
      <Execution id="f634e103-016f-4f46-8929-b21e7259e793" />
      <TestMethod codeBase="/home/worlesenric/wkspace/gc-wt/gc-011/dotnet/tests/GameCore.Execution.Tests/bin/Release/net8.0/GameCore.Execution.Tests.dll" adapterTypeName="executor://nunit3testexecutor/" className="GameCore.Execution.Tests.BoundedMessageBufferTests" name="DeferredStructuralPlaybackIsCanonicalAndWaitsForItsProducer" />
    </UnitTest>
    <UnitTest name="ResourcesAreDisposedAtMostOnce" storage="/home/worlesenric/wkspace/gc-wt/gc-011/dotnet/tests/gamecore.execution.tests/bin/release/net8.0/gamecore.execution.tests.dll" id="ffb320f3-6eb7-d529-f4d7-259c2e4eba0c">
      <Execution id="bf139ed8-cb02-490f-a3c7-b6609b3497a8" />
      <TestMethod codeBase="/home/worlesenric/wkspace/gc-wt/gc-011/dotnet/tests/GameCore.Execution.Tests/bin/Release/net8.0/GameCore.Execution.Tests.dll" adapterTypeName="executor://nunit3testexecutor/" className="GameCore.Execution.Tests.WorldResourceLedgerTests" name="ResourcesAreDisposedAtMostOnce" />
    </UnitTest>
    <UnitTest name="AMessageForAnotherOwnerOrProducerIsRefused" storage="/home/worlesenric/wkspace/gc-wt/gc-011/dotnet/tests/gamecore.execution.tests/bin/release/net8.0/gamecore.execution.tests.dll" id="fde6e721-917d-e762-46aa-84db56e39fa6">
      <Execution id="7302abda-7e75-4a74-b8af-5e6f5ec71a2f" />
      <TestMethod codeBase="/home/worlesenric/wkspace/gc-wt/gc-011/dotnet/tests/GameCore.Execution.Tests/bin/Release/net8.0/GameCore.Execution.Tests.dll" adapterTypeName="executor://nunit3testexecutor/" className="GameCore.Execution.Tests.BoundedMessageBufferTests" name="AMessageForAnotherOwnerOrProducerIsRefused" />
    </UnitTest>
    <UnitTest name="ARepeatedPageReadIsCountedAsARedelivery" storage="/home/worlesenric/wkspace/gc-wt/gc-011/dotnet/tests/gamecore.execution.tests/bin/release/net8.0/gamecore.execution.tests.dll" id="691059e2-f9dc-4cd1-a419-0abca7f245dc">
      <Execution id="2447e546-f254-4351-abd6-1a4daf7822f1" />
      <TestMethod codeBase="/home/worlesenric/wkspace/gc-wt/gc-011/dotnet/tests/GameCore.Execution.Tests/bin/Release/net8.0/GameCore.Execution.Tests.dll" adapterTypeName="executor://nunit3testexecutor/" className="GameCore.Execution.Tests.CommittedEventStoreTests" name="ARepeatedPageReadIsCountedAsARedelivery" />
    </UnitTest>
    <UnitTest name="QuarantineRetainsUntilItsUsersEndAndThenAllowsRetirement" storage="/home/worlesenric/wkspace/gc-wt/gc-011/dotnet/tests/gamecore.execution.tests/bin/release/net8.0/gamecore.execution.tests.dll" id="545a557f-f478-224a-556c-fd0f92c9736d">
      <Execution id="ecd8967c-93ad-4dfb-ad5a-f1c04268dab1" />
      <TestMethod codeBase="/home/worlesenric/wkspace/gc-wt/gc-011/dotnet/tests/GameCore.Execution.Tests/bin/Release/net8.0/GameCore.Execution.Tests.dll" adapterTypeName="executor://nunit3testexecutor/" className="GameCore.Execution.Tests.WorldResourceLedgerTests" name="QuarantineRetainsUntilItsUsersEndAndThenAllowsRetirement" />
    </UnitTest>
    <UnitTest name="AFullReliableBufferRefusesWithoutMutatingItself" storage="/home/worlesenric/wkspace/gc-wt/gc-011/dotnet/tests/gamecore.execution.tests/bin/release/net8.0/gamecore.execution.tests.dll" id="c449cf52-45f0-677a-37a0-ef42f9c23ed4">
      <Execution id="d152a038-e64d-407a-b020-5c78cb9d3783" />
      <TestMethod codeBase="/home/worlesenric/wkspace/gc-wt/gc-011/dotnet/tests/GameCore.Execution.Tests/bin/Release/net8.0/GameCore.Execution.Tests.dll" adapterTypeName="executor://nunit3testexecutor/" className="GameCore.Execution.Tests.BoundedMessageBufferTests" name="AFullReliableBufferRefusesWithoutMutatingItself" />
    </UnitTest>
    <UnitTest name="ABoundedStepOutputRefusesInsteadOfGrowing" storage="/home/worlesenric/wkspace/gc-wt/gc-011/dotnet/tests/gamecore.execution.tests/bin/release/net8.0/gamecore.execution.tests.dll" id="2dacbbab-7ca0-5f3b-1370-630a5045bbee">
      <Execution id="ea517a95-b3fa-467f-b175-4dd3a1a77a1b" />
      <TestMethod codeBase="/home/worlesenric/wkspace/gc-wt/gc-011/dotnet/tests/GameCore.Execution.Tests/bin/Release/net8.0/GameCore.Execution.Tests.dll" adapterTypeName="executor://nunit3testexecutor/" className="GameCore.Execution.Tests.CommittedEventStoreTests" name="ABoundedStepOutputRefusesInsteadOfGrowing" />
    </UnitTest>
    <UnitTest name="ADeclaredLifetimePairAndDuplicateIdentityReject" storage="/home/worlesenric/wkspace/gc-wt/gc-011/dotnet/tests/gamecore.execution.tests/bin/release/net8.0/gamecore.execution.tests.dll" id="9c0ff751-66bb-e594-c04e-268872da12e1">
      <Execution id="545947b3-34a9-4c97-92ba-5f99ca58109b" />
      <TestMethod codeBase="/home/worlesenric/wkspace/gc-wt/gc-011/dotnet/tests/GameCore.Execution.Tests/bin/Release/net8.0/GameCore.Execution.Tests.dll" adapterTypeName="executor://nunit3testexecutor/" className="GameCore.Execution.Tests.BoundedMessageBufferTests" name="ADeclaredLifetimePairAndDuplicateIdentityReject" />
    </UnitTest>
    <UnitTest name="DuplicateSystemKeysAreRejected" storage="/home/worlesenric/wkspace/gc-wt/gc-011/dotnet/tests/gamecore.execution.tests/bin/release/net8.0/gamecore.execution.tests.dll" id="31221740-9a3f-c3af-d481-4e0aecfed033">
      <Execution id="24a311de-8879-40b4-821c-58010ec8527a" />
      <TestMethod codeBase="/home/worlesenric/wkspace/gc-wt/gc-011/dotnet/tests/GameCore.Execution.Tests/bin/Release/net8.0/GameCore.Execution.Tests.dll" adapterTypeName="executor://nunit3testexecutor/" className="GameCore.Execution.Tests.GuardedDispatchPlanTests" name="DuplicateSystemKeysAreRejected" />
    </UnitTest>
    <UnitTest name="UnknownResourcesAndJobsAreRefusedInsteadOfInvented" storage="/home/worlesenric/wkspace/gc-wt/gc-011/dotnet/tests/gamecore.execution.tests/bin/release/net8.0/gamecore.execution.tests.dll" id="9b68467e-4c59-5308-7184-4397751bb0c8">
      <Execution id="452d77e9-3b98-42af-838c-e1fe7f24c729" />
      <TestMethod codeBase="/home/worlesenric/wkspace/gc-wt/gc-011/dotnet/tests/GameCore.Execution.Tests/bin/Release/net8.0/GameCore.Execution.Tests.dll" adapterTypeName="executor://nunit3testexecutor/" className="GameCore.Execution.Tests.WorldResourceLedgerTests" name="UnknownResourcesAndJobsAreRefusedInsteadOfInvented" />
    </UnitTest>
    <UnitTest name="PendingRowsAreReportedInCanonicalAdmissionOrder" storage="/home/worlesenric/wkspace/gc-wt/gc-011/dotnet/tests/gamecore.execution.tests/bin/release/net8.0/gamecore.execution.tests.dll" id="7801e172-5739-17c2-5030-2be659a5df9a">
      <Execution id="fd532278-51cb-43b7-8a3f-bf9b17abb473" />
      <TestMethod codeBase="/home/worlesenric/wkspace/gc-wt/gc-011/dotnet/tests/GameCore.Execution.Tests/bin/Release/net8.0/GameCore.Execution.Tests.dll" adapterTypeName="executor://nunit3testexecutor/" className="GameCore.Execution.Tests.RequestLedgerTests" name="PendingRowsAreReportedInCanonicalAdmissionOrder" />
    </UnitTest>
    <UnitTest name="CancellingPendingWorkLeavesSettledRowsUntouched" storage="/home/worlesenric/wkspace/gc-wt/gc-011/dotnet/tests/gamecore.execution.tests/bin/release/net8.0/gamecore.execution.tests.dll" id="0e447e52-fa21-55ca-1ab1-ad66eb05a0de">
      <Execution id="3328e7a1-a296-4e9a-a73d-7862e05d6d1b" />
      <TestMethod codeBase="/home/worlesenric/wkspace/gc-wt/gc-011/dotnet/tests/GameCore.Execution.Tests/bin/Release/net8.0/GameCore.Execution.Tests.dll" adapterTypeName="executor://nunit3testexecutor/" className="GameCore.Execution.Tests.RequestLedgerTests" name="CancellingPendingWorkLeavesSettledRowsUntouched" />
    </UnitTest>
    <UnitTest name="ARequestOfAnotherWorldIncarnationIsRefused" storage="/home/worlesenric/wkspace/gc-wt/gc-011/dotnet/tests/gamecore.execution.tests/bin/release/net8.0/gamecore.execution.tests.dll" id="bb0b3d58-6e93-b63d-02b0-1e946f943b8b">
      <Execution id="8d6e92ab-dc14-4dc0-b38d-969c36fc67a3" />
      <TestMethod codeBase="/home/worlesenric/wkspace/gc-wt/gc-011/dotnet/tests/GameCore.Execution.Tests/bin/Release/net8.0/GameCore.Execution.Tests.dll" adapterTypeName="executor://nunit3testexecutor/" className="GameCore.Execution.Tests.RequestLedgerTests" name="ARequestOfAnotherWorldIncarnationIsRefused" />
    </UnitTest>
    <UnitTest name="TheInputSealIsMonotonicAndCarriesTheAdmittedPrefix" storage="/home/worlesenric/wkspace/gc-wt/gc-011/dotnet/tests/gamecore.execution.tests/bin/release/net8.0/gamecore.execution.tests.dll" id="677b7f47-fe21-ca68-74b4-835b60ab716a">
      <Execution id="6a61993f-11da-44b5-860e-b75d72b28e3e" />
      <TestMethod codeBase="/home/worlesenric/wkspace/gc-wt/gc-011/dotnet/tests/GameCore.Execution.Tests/bin/Release/net8.0/GameCore.Execution.Tests.dll" adapterTypeName="executor://nunit3testexecutor/" className="GameCore.Execution.Tests.BoundedMessageBufferTests" name="TheInputSealIsMonotonicAndCarriesTheAdmittedPrefix" />
    </UnitTest>
    <UnitTest name="ADuplicateRequestKeyReturnsItsRecordedResult" storage="/home/worlesenric/wkspace/gc-wt/gc-011/dotnet/tests/gamecore.execution.tests/bin/release/net8.0/gamecore.execution.tests.dll" id="2629c08f-b8f9-daea-1f47-bd4bf0d2e171">
      <Execution id="41348d7a-7985-41c3-9710-2d76f3dc1bda" />
      <TestMethod codeBase="/home/worlesenric/wkspace/gc-wt/gc-011/dotnet/tests/GameCore.Execution.Tests/bin/Release/net8.0/GameCore.Execution.Tests.dll" adapterTypeName="executor://nunit3testexecutor/" className="GameCore.Execution.Tests.RequestLedgerTests" name="ADuplicateRequestKeyReturnsItsRecordedResult" />
    </UnitTest>
    <UnitTest name="AReusedKeyWithDifferentInputIsAnIdempotencyConflict" storage="/home/worlesenric/wkspace/gc-wt/gc-011/dotnet/tests/gamecore.execution.tests/bin/release/net8.0/gamecore.execution.tests.dll" id="8545c1a9-bb07-e490-9a1c-17237ed1f88c">
      <Execution id="11562d31-bfda-45ed-b4a1-351546b1a8ec" />
      <TestMethod codeBase="/home/worlesenric/wkspace/gc-wt/gc-011/dotnet/tests/GameCore.Execution.Tests/bin/Release/net8.0/GameCore.Execution.Tests.dll" adapterTypeName="executor://nunit3testexecutor/" className="GameCore.Execution.Tests.RequestLedgerTests" name="AReusedKeyWithDifferentInputIsAnIdempotencyConflict" />
    </UnitTest>
    <UnitTest name="ADeclaredDeferredBufferRefusesAnUndeclaredProducerAndOverflow" storage="/home/worlesenric/wkspace/gc-wt/gc-011/dotnet/tests/gamecore.execution.tests/bin/release/net8.0/gamecore.execution.tests.dll" id="c49c61d2-2d4a-20c5-9f6b-c58d124c54e7">
      <Execution id="0bd12301-77da-4c0a-896a-0faa25cb2ee0" />
      <TestMethod codeBase="/home/worlesenric/wkspace/gc-wt/gc-011/dotnet/tests/GameCore.Execution.Tests/bin/Release/net8.0/GameCore.Execution.Tests.dll" adapterTypeName="executor://nunit3testexecutor/" className="GameCore.Execution.Tests.BoundedMessageBufferTests" name="ADeclaredDeferredBufferRefusesAnUndeclaredProducerAndOverflow" />
    </UnitTest>
    <UnitTest name="WellFormedPlanProjectsOntoTheEpochBoundTable" storage="/home/worlesenric/wkspace/gc-wt/gc-011/dotnet/tests/gamecore.execution.tests/bin/release/net8.0/gamecore.execution.tests.dll" id="1f60911d-0ec0-d0fd-779c-57b08ad082a3">
      <Execution id="4fa2207d-2f02-43bb-91bb-0c7b4df13857" />
      <TestMethod codeBase="/home/worlesenric/wkspace/gc-wt/gc-011/dotnet/tests/GameCore.Execution.Tests/bin/Release/net8.0/GameCore.Execution.Tests.dll" adapterTypeName="executor://nunit3testexecutor/" className="GameCore.Execution.Tests.GuardedDispatchPlanTests" name="WellFormedPlanProjectsOntoTheEpochBoundTable" />
    </UnitTest>
    <UnitTest name="FixedStepAdmitsWholeStepsAndRetainsTheRemainder" storage="/home/worlesenric/wkspace/gc-wt/gc-011/dotnet/tests/gamecore.execution.tests/bin/release/net8.0/gamecore.execution.tests.dll" id="835ddafc-16ed-f669-1bd3-27b5b31a1825">
      <Execution id="097777d6-5ab9-4e66-8c6e-89503dd6e193" />
      <TestMethod codeBase="/home/worlesenric/wkspace/gc-wt/gc-011/dotnet/tests/GameCore.Execution.Tests/bin/Release/net8.0/GameCore.Execution.Tests.dll" adapterTypeName="executor://nunit3testexecutor/" className="GameCore.Execution.Tests.TemporalAccumulatorTests" name="FixedStepAdmitsWholeStepsAndRetainsTheRemainder" />
    </UnitTest>
    <UnitTest name="CapacityBackpressureRecordsNothing" storage="/home/worlesenric/wkspace/gc-wt/gc-011/dotnet/tests/gamecore.execution.tests/bin/release/net8.0/gamecore.execution.tests.dll" id="5c2a0741-ab45-75bd-2057-9da21ccfae53">
      <Execution id="b283b45d-8a4c-4d3a-b6e5-c377f98de5b5" />
      <TestMethod codeBase="/home/worlesenric/wkspace/gc-wt/gc-011/dotnet/tests/GameCore.Execution.Tests/bin/Release/net8.0/GameCore.Execution.Tests.dll" adapterTypeName="executor://nunit3testexecutor/" className="GameCore.Execution.Tests.RequestLedgerTests" name="CapacityBackpressureRecordsNothing" />
    </UnitTest>
    <UnitTest name="AnOutOfOrderIssuerSequenceIsRefused" storage="/home/worlesenric/wkspace/gc-wt/gc-011/dotnet/tests/gamecore.execution.tests/bin/release/net8.0/gamecore.execution.tests.dll" id="a3367e58-2964-a6e9-4c83-cfc3ac2694cd">
      <Execution id="850112d2-0fe7-4d79-9da4-ae799217a3a3" />
      <TestMethod codeBase="/home/worlesenric/wkspace/gc-wt/gc-011/dotnet/tests/GameCore.Execution.Tests/bin/Release/net8.0/GameCore.Execution.Tests.dll" adapterTypeName="executor://nunit3testexecutor/" className="GameCore.Execution.Tests.RequestLedgerTests" name="AnOutOfOrderIssuerSequenceIsRefused" />
    </UnitTest>
    <UnitTest name="ALossyBufferDropsAndCountsInsteadOfRefusing" storage="/home/worlesenric/wkspace/gc-wt/gc-011/dotnet/tests/gamecore.execution.tests/bin/release/net8.0/gamecore.execution.tests.dll" id="fba13f16-c359-3fec-94e8-1950c7d07975">
      <Execution id="4a26743d-1abb-4db1-8585-314a2ac02884" />
      <TestMethod codeBase="/home/worlesenric/wkspace/gc-wt/gc-011/dotnet/tests/GameCore.Execution.Tests/bin/Release/net8.0/GameCore.Execution.Tests.dll" adapterTypeName="executor://nunit3testexecutor/" className="GameCore.Execution.Tests.BoundedMessageBufferTests" name="ALossyBufferDropsAndCountsInsteadOfRefusing" />
    </UnitTest>
    <UnitTest name="SnapshotIsOrderedByResourceIdAndReportsQuarantineBytes" storage="/home/worlesenric/wkspace/gc-wt/gc-011/dotnet/tests/gamecore.execution.tests/bin/release/net8.0/gamecore.execution.tests.dll" id="d738f275-76d5-19cd-eea0-f021e2b8ec8d">
      <Execution id="b566e30d-059b-43ef-9ec7-2251bc58a478" />
      <TestMethod codeBase="/home/worlesenric/wkspace/gc-wt/gc-011/dotnet/tests/GameCore.Execution.Tests/bin/Release/net8.0/GameCore.Execution.Tests.dll" adapterTypeName="executor://nunit3testexecutor/" className="GameCore.Execution.Tests.WorldResourceLedgerTests" name="SnapshotIsOrderedByResourceIdAndReportsQuarantineBytes" />
    </UnitTest>
    <UnitTest name="TerminalResultsDistinguishCommitmentFromRejectionAndCancellation" storage="/home/worlesenric/wkspace/gc-wt/gc-011/dotnet/tests/gamecore.execution.tests/bin/release/net8.0/gamecore.execution.tests.dll" id="930e26a3-35da-0cdb-5ff3-5f1754334f16">
      <Execution id="2aa39707-7b64-4559-af81-b668e51b0e53" />
      <TestMethod codeBase="/home/worlesenric/wkspace/gc-wt/gc-011/dotnet/tests/GameCore.Execution.Tests/bin/Release/net8.0/GameCore.Execution.Tests.dll" adapterTypeName="executor://nunit3testexecutor/" className="GameCore.Execution.Tests.RequestLedgerTests" name="TerminalResultsDistinguishCommitmentFromRejectionAndCancellation" />
    </UnitTest>
    <UnitTest name="MainThreadDisciplineIsExplicitlyCaptured" storage="/home/worlesenric/wkspace/gc-wt/gc-011/dotnet/tests/gamecore.execution.tests/bin/release/net8.0/gamecore.execution.tests.dll" id="4135703b-cedb-85f4-913b-93148909a1fd">
      <Execution id="60bc0ccc-372e-4e2e-a2eb-260280d22f13" />
      <TestMethod codeBase="/home/worlesenric/wkspace/gc-wt/gc-011/dotnet/tests/GameCore.Execution.Tests/bin/Release/net8.0/GameCore.Execution.Tests.dll" adapterTypeName="executor://nunit3testexecutor/" className="GameCore.Execution.Tests.PublicationBoundaryTests" name="MainThreadDisciplineIsExplicitlyCaptured" />
    </UnitTest>
  </TestDefinitions>
  <TestEntries>
    <TestEntry testId="545a557f-f478-224a-556c-fd0f92c9736d" executionId="ecd8967c-93ad-4dfb-ad5a-f1c04268dab1" testListId="8c84fa94-04c1-424b-9868-57a2d4851a1d" />
    <TestEntry testId="4135703b-cedb-85f4-913b-93148909a1fd" executionId="60bc0ccc-372e-4e2e-a2eb-260280d22f13" testListId="8c84fa94-04c1-424b-9868-57a2d4851a1d" />
    <TestEntry testId="94bb3ca6-8723-a1fc-2486-1ec35ee3c9c3" executionId="1b66bc64-adb8-4b5f-8eef-c6067ade70d0" testListId="8c84fa94-04c1-424b-9868-57a2d4851a1d" />
    <TestEntry testId="dbe80e58-16b3-d0e0-9403-8df159a4ea37" executionId="4041b3e7-ecfb-40e4-a4cd-b1315543bb0d" testListId="8c84fa94-04c1-424b-9868-57a2d4851a1d" />
    <TestEntry testId="9c0ff751-66bb-e594-c04e-268872da12e1" executionId="545947b3-34a9-4c97-92ba-5f99ca58109b" testListId="8c84fa94-04c1-424b-9868-57a2d4851a1d" />
    <TestEntry testId="d738f275-76d5-19cd-eea0-f021e2b8ec8d" executionId="b566e30d-059b-43ef-9ec7-2251bc58a478" testListId="8c84fa94-04c1-424b-9868-57a2d4851a1d" />
    <TestEntry testId="9fa8b50d-476e-66b5-554b-ad67458320a6" executionId="835d7ff9-379f-4c80-82c8-17bc5639dceb" testListId="8c84fa94-04c1-424b-9868-57a2d4851a1d" />
    <TestEntry testId="691059e2-f9dc-4cd1-a419-0abca7f245dc" executionId="2447e546-f254-4351-abd6-1a4daf7822f1" testListId="8c84fa94-04c1-424b-9868-57a2d4851a1d" />
    <TestEntry testId="2cf167a4-55da-f7bf-e162-eac7df9407ff" executionId="2c82d097-ff52-4ec4-b074-d53df5bd4cb8" testListId="8c84fa94-04c1-424b-9868-57a2d4851a1d" />
    <TestEntry testId="0d60feda-8f8d-eeaa-6f8a-8de4f9ff0377" executionId="68bc1c09-9b52-4e1b-b4af-88e9e614503d" testListId="8c84fa94-04c1-424b-9868-57a2d4851a1d" />
    <TestEntry testId="43b54bab-a736-4e2a-6785-841b4dda0f6d" executionId="8791e78b-d624-4176-ae3c-2d1ef11a9b21" testListId="8c84fa94-04c1-424b-9868-57a2d4851a1d" />
    <TestEntry testId="9b4a2fc1-2d8a-024b-e548-b73a3749a522" executionId="d565457a-771f-4106-a788-bff15fd51f3c" testListId="8c84fa94-04c1-424b-9868-57a2d4851a1d" />
    <TestEntry testId="34c9ba54-c5dd-8be4-82c8-a009fad9bf0b" executionId="faed6973-9d5b-4cfb-ae52-609e3d68d12b" testListId="8c84fa94-04c1-424b-9868-57a2d4851a1d" />
    <TestEntry testId="835ddafc-16ed-f669-1bd3-27b5b31a1825" executionId="097777d6-5ab9-4e66-8c6e-89503dd6e193" testListId="8c84fa94-04c1-424b-9868-57a2d4851a1d" />
    <TestEntry testId="31221740-9a3f-c3af-d481-4e0aecfed033" executionId="24a311de-8879-40b4-821c-58010ec8527a" testListId="8c84fa94-04c1-424b-9868-57a2d4851a1d" />
    <TestEntry testId="5c2a0741-ab45-75bd-2057-9da21ccfae53" executionId="b283b45d-8a4c-4d3a-b6e5-c377f98de5b5" testListId="8c84fa94-04c1-424b-9868-57a2d4851a1d" />
    <TestEntry testId="4d8779a6-a796-88ce-c981-a94903018e41" executionId="1c90d46a-6e7d-4cb9-8df7-627c416331db" testListId="8c84fa94-04c1-424b-9868-57a2d4851a1d" />
    <TestEntry testId="18be1379-bcdd-61aa-1fb4-92e20afcd72b" executionId="382546a6-8f7e-49e1-ab22-79e8dbae7681" testListId="8c84fa94-04c1-424b-9868-57a2d4851a1d" />
    <TestEntry testId="29900fe6-3f42-ebe0-d9a4-27e81f885a63" executionId="830ba241-4e0e-42ca-addb-4cae66f68139" testListId="8c84fa94-04c1-424b-9868-57a2d4851a1d" />
    <TestEntry testId="fba13f16-c359-3fec-94e8-1950c7d07975" executionId="4a26743d-1abb-4db1-8585-314a2ac02884" testListId="8c84fa94-04c1-424b-9868-57a2d4851a1d" />
    <TestEntry testId="a0423dd7-21d7-4181-80a6-e6609fc70689" executionId="b0d7cad1-aa48-401f-8934-8ff44c8c819d" testListId="8c84fa94-04c1-424b-9868-57a2d4851a1d" />
    <TestEntry testId="7801e172-5739-17c2-5030-2be659a5df9a" executionId="fd532278-51cb-43b7-8a3f-bf9b17abb473" testListId="8c84fa94-04c1-424b-9868-57a2d4851a1d" />
    <TestEntry testId="a3367e58-2964-a6e9-4c83-cfc3ac2694cd" executionId="850112d2-0fe7-4d79-9da4-ae799217a3a3" testListId="8c84fa94-04c1-424b-9868-57a2d4851a1d" />
    <TestEntry testId="c49c61d2-2d4a-20c5-9f6b-c58d124c54e7" executionId="0bd12301-77da-4c0a-896a-0faa25cb2ee0" testListId="8c84fa94-04c1-424b-9868-57a2d4851a1d" />
    <TestEntry testId="2edc501e-8344-75cc-b669-23e1c4271271" executionId="970b5592-9e8f-4b92-8d16-7bb5b2836f9e" testListId="8c84fa94-04c1-424b-9868-57a2d4851a1d" />
    <TestEntry testId="b2bc21af-2b17-2fff-7397-bf7973d1758b" executionId="ecf8ce77-39c8-4e36-b389-b5aec095a9cc" testListId="8c84fa94-04c1-424b-9868-57a2d4851a1d" />
    <TestEntry testId="18d7edfe-b218-3158-ed0d-37146d75e30e" executionId="9a812ae7-7487-4c5e-8466-f1cf83cd98ee" testListId="8c84fa94-04c1-424b-9868-57a2d4851a1d" />
    <TestEntry testId="677b7f47-fe21-ca68-74b4-835b60ab716a" executionId="6a61993f-11da-44b5-860e-b75d72b28e3e" testListId="8c84fa94-04c1-424b-9868-57a2d4851a1d" />
    <TestEntry testId="303e6f04-20d7-e46b-e401-41725e6b09fc" executionId="4aebd920-e77d-4bde-8af5-3be3ee203c53" testListId="8c84fa94-04c1-424b-9868-57a2d4851a1d" />
    <TestEntry testId="3c72f170-5caa-fce3-944a-843ab00df853" executionId="bf17af27-bde0-4386-86bb-709c7c603252" testListId="8c84fa94-04c1-424b-9868-57a2d4851a1d" />
    <TestEntry testId="930e26a3-35da-0cdb-5ff3-5f1754334f16" executionId="2aa39707-7b64-4559-af81-b668e51b0e53" testListId="8c84fa94-04c1-424b-9868-57a2d4851a1d" />
    <TestEntry testId="42e2aa6d-4924-e333-b7de-502334166dc2" executionId="0a4bfe15-6205-45f8-94ef-6372751340a7" testListId="8c84fa94-04c1-424b-9868-57a2d4851a1d" />
    <TestEntry testId="2629c08f-b8f9-daea-1f47-bd4bf0d2e171" executionId="41348d7a-7985-41c3-9710-2d76f3dc1bda" testListId="8c84fa94-04c1-424b-9868-57a2d4851a1d" />
    <TestEntry testId="45b65ac6-110a-86f7-06c6-019258709dd0" executionId="0616a353-de5a-4808-8405-a4926276a246" testListId="8c84fa94-04c1-424b-9868-57a2d4851a1d" />
    <TestEntry testId="10e55d40-0090-581f-bc4b-35d4694553fd" executionId="b28ce568-8b50-4315-86fb-510eec88a268" testListId="8c84fa94-04c1-424b-9868-57a2d4851a1d" />
    <TestEntry testId="4a8ec966-8828-ce32-4aa8-653ecc611411" executionId="9dbe9aba-1ab8-42d2-8bf6-d26ef29ba1f5" testListId="8c84fa94-04c1-424b-9868-57a2d4851a1d" />
    <TestEntry testId="c449cf52-45f0-677a-37a0-ef42f9c23ed4" executionId="d152a038-e64d-407a-b020-5c78cb9d3783" testListId="8c84fa94-04c1-424b-9868-57a2d4851a1d" />
    <TestEntry testId="0e447e52-fa21-55ca-1ab1-ad66eb05a0de" executionId="3328e7a1-a296-4e9a-a73d-7862e05d6d1b" testListId="8c84fa94-04c1-424b-9868-57a2d4851a1d" />
    <TestEntry testId="1f60911d-0ec0-d0fd-779c-57b08ad082a3" executionId="4fa2207d-2f02-43bb-91bb-0c7b4df13857" testListId="8c84fa94-04c1-424b-9868-57a2d4851a1d" />
    <TestEntry testId="70461505-793e-9018-a699-fcadcfcfe28c" executionId="7158ff61-bb55-4661-937b-11a50c6243e1" testListId="8c84fa94-04c1-424b-9868-57a2d4851a1d" />
    <TestEntry testId="8545c1a9-bb07-e490-9a1c-17237ed1f88c" executionId="11562d31-bfda-45ed-b4a1-351546b1a8ec" testListId="8c84fa94-04c1-424b-9868-57a2d4851a1d" />
    <TestEntry testId="bb0b3d58-6e93-b63d-02b0-1e946f943b8b" executionId="8d6e92ab-dc14-4dc0-b38d-969c36fc67a3" testListId="8c84fa94-04c1-424b-9868-57a2d4851a1d" />
    <TestEntry testId="2873c9c4-989d-7e04-6f99-7a10e9e110b5" executionId="077f1e2a-b0c8-43e7-9e60-819d18f425fa" testListId="8c84fa94-04c1-424b-9868-57a2d4851a1d" />
    <TestEntry testId="3035a382-336b-d9da-a4ed-2f3e7105ec85" executionId="14ba22de-a742-4ac7-9ee3-011682480b06" testListId="8c84fa94-04c1-424b-9868-57a2d4851a1d" />
    <TestEntry testId="bfdc2225-ad86-e34b-6f4c-e2cbfd167029" executionId="f634e103-016f-4f46-8929-b21e7259e793" testListId="8c84fa94-04c1-424b-9868-57a2d4851a1d" />
    <TestEntry testId="9b68467e-4c59-5308-7184-4397751bb0c8" executionId="452d77e9-3b98-42af-838c-e1fe7f24c729" testListId="8c84fa94-04c1-424b-9868-57a2d4851a1d" />
    <TestEntry testId="99e79709-d35b-a172-666d-92a7bbd197df" executionId="c3d95413-192a-48da-b428-614ac512f41d" testListId="8c84fa94-04c1-424b-9868-57a2d4851a1d" />
    <TestEntry testId="ffb320f3-6eb7-d529-f4d7-259c2e4eba0c" executionId="bf139ed8-cb02-490f-a3c7-b6609b3497a8" testListId="8c84fa94-04c1-424b-9868-57a2d4851a1d" />
    <TestEntry testId="5d1aedc4-d23b-8c74-fe8d-3b54ae90eb72" executionId="9aef5794-4fbd-4a91-8e96-d21ac0d3bd52" testListId="8c84fa94-04c1-424b-9868-57a2d4851a1d" />
    <TestEntry testId="2dacbbab-7ca0-5f3b-1370-630a5045bbee" executionId="ea517a95-b3fa-467f-b175-4dd3a1a77a1b" testListId="8c84fa94-04c1-424b-9868-57a2d4851a1d" />
    <TestEntry testId="389608c6-b9a3-153f-efa7-9eadc9be4dfa" executionId="28784c50-00bf-4ced-b828-200557869931" testListId="8c84fa94-04c1-424b-9868-57a2d4851a1d" />
    <TestEntry testId="a45bc3d3-78fa-028e-dfa6-3b4b00606051" executionId="8e6f9788-c04d-4921-88f3-ba757605d79b" testListId="8c84fa94-04c1-424b-9868-57a2d4851a1d" />
    <TestEntry testId="18dde1f5-6c2b-6ed2-18c5-e6fcbad2a994" executionId="52d10adf-bda0-4998-b0fe-669e537d3b42" testListId="8c84fa94-04c1-424b-9868-57a2d4851a1d" />
    <TestEntry testId="3ece3464-5e86-6076-b40f-bd3051d58713" executionId="48576fa6-16c8-4cd1-a710-1d4a6b9641e4" testListId="8c84fa94-04c1-424b-9868-57a2d4851a1d" />
    <TestEntry testId="f9417409-5a48-3fc0-0d3c-b30769505858" executionId="3d2ce758-6405-45e9-8a44-bd3883cbc3f9" testListId="8c84fa94-04c1-424b-9868-57a2d4851a1d" />
    <TestEntry testId="fde6e721-917d-e762-46aa-84db56e39fa6" executionId="7302abda-7e75-4a74-b8af-5e6f5ec71a2f" testListId="8c84fa94-04c1-424b-9868-57a2d4851a1d" />
    <TestEntry testId="345fa482-df2d-11a0-de55-83c3e03cced8" executionId="b8248cc8-d75f-42ff-9090-0d3ef0f9136a" testListId="8c84fa94-04c1-424b-9868-57a2d4851a1d" />
    <TestEntry testId="d7cc144d-d7ae-f5d8-3a71-1a938f56653e" executionId="68dc6dc8-cac4-4d19-92ef-2f6852e9e438" testListId="8c84fa94-04c1-424b-9868-57a2d4851a1d" />
  </TestEntries>
  <TestLists>
    <TestList name="Results Not in a List" id="8c84fa94-04c1-424b-9868-57a2d4851a1d" />
    <TestList name="All Loaded Results" id="19431567-8539-422a-85d7-44ee4e166bda" />
  </TestLists>
  <ResultSummary outcome="Completed">
    <Counters total="58" executed="58" passed="58" failed="0" error="0" timeout="0" aborted="0" inconclusive="0" passedButRunAborted="0" notRunnable="0" notExecuted="0" disconnected="0" warning="0" completed="0" inProgress="0" pending="0" />
    <Output>
      <StdOut>NUnit Adapter 4.5.0.0: Test execution started
Running all tests in /home/worlesenric/wkspace/gc-wt/gc-011/dotnet/tests/GameCore.Execution.Tests/bin/Release/net8.0/GameCore.Execution.Tests.dll
   NUnit3TestExecutor discovered 58 of 58 NUnit test cases using Current Discovery mode, Non-Explicit run
NUnit Adapter 4.5.0.0: Test execution complete
</StdOut>
    </Output>
  </ResultSummary>
</TestRun>