[2026-10-06T23:53:20.250Z][INFO] Command-line: ~/Unity/Hub/Editor/6000.0.75f1/Editor/Data/Resources/PackageManager/Server/UnityPackageManager -s 346503 -ipc -ipc-path /tmp/Unity-Upm-346503.sock -l 2 --log-file ~/wkspace/gc-studio/p4.2h/artifacts/studio/verification/W-EDIT-01/p42h-history-capture-20261006T235319.527257Z/upm.log
[2026-10-06T23:53:20.258Z][INFO] IPC server started (IPC path=/tmp/Unity-Upm-346503.sock).
[2026-10-06T23:53:20.258Z][INFO] Hint: To connect to this UPM instance, launch Unity with the command-line parameter -upmIpcPath Upm-346503.
[2026-10-06T23:53:21.340Z][INFO] project:add-dependency <-- Request received
params: {
  "packageId": "com.unity.toolchain.linux-x86_64"
}
[2026-10-06T23:53:42.444Z][INFO] project:add-dependency --> 200 (21104 ms)
[2026-10-06T23:53:42.792Z][INFO] project:list-packages <-- Request received
params: {}
[2026-10-06T23:53:42.854Z][INFO] project:list-packages <-- Request received
params: {}
[2026-10-06T23:53:42.865Z][INFO] project:list-packages <-- Request received
params: {}
[2026-10-06T23:53:42.877Z][INFO] config:project:get-registries <-- Request received
params: {}
[2026-10-06T23:53:42.904Z][INFO] config:project:get-registries --> 200 (28 ms)
[2026-10-06T23:53:43.956Z][INFO] project:list-packages --> 200 (1165 ms)
[2026-10-06T23:53:44.233Z][INFO] project:list-packages --> 200 (1379 ms)
[2026-10-06T23:53:45.387Z][INFO] project:list-packages --> 200 (2522 ms)
[2026-10-06T23:53:45.823Z][INFO] project:list-packages <-- Request received
params: {}
[2026-10-06T23:53:46.202Z][INFO] project:list-packages --> 200 (379 ms)
[2026-10-06T23:53:48.909Z][INFO] project:list-packages <-- Request received
params: {}
[2026-10-06T23:53:48.921Z][INFO] project:list-packages <-- Request received
params: {}
[2026-10-06T23:53:48.930Z][INFO] config:project:get-registries <-- Request received
params: {}
[2026-10-06T23:53:48.955Z][INFO] config:project:get-registries --> 200 (26 ms)
[2026-10-06T23:53:49.952Z][INFO] project:list-packages --> 200 (1043 ms)
[2026-10-06T23:53:50.001Z][INFO] project:list-packages --> 200 (1081 ms)
[2026-10-06T23:53:53.823Z][INFO] project:list-packages <-- Request received
params: {}
[2026-10-06T23:53:53.833Z][INFO] project:list-packages <-- Request received
params: {}
[2026-10-06T23:53:54.171Z][INFO] project:list-packages --> 200 (348 ms)
[2026-10-06T23:53:58.199Z][INFO] project:list-packages --> 200 (4366 ms)
[2026-10-06T23:58:04.988Z][INFO] Received shutdown request (SIGTERM), shutting down Unity Package Manager
