[2026-10-08T00:01:53.444Z][INFO] Command-line: ~/Unity/Hub/Editor/6000.0.75f1/Editor/Data/Resources/PackageManager/Server/UnityPackageManager -s 616048 -ipc -ipc-path /tmp/Unity-Upm-616048.sock -l 2 --log-file ~/wkspace/gc-studio/p4.2l/artifacts/studio/verification/W-ETOS-04/p42l-query-20261008T000152.746669Z/upm.log
[2026-10-08T00:01:53.451Z][INFO] IPC server started (IPC path=/tmp/Unity-Upm-616048.sock).
[2026-10-08T00:01:53.451Z][INFO] Hint: To connect to this UPM instance, launch Unity with the command-line parameter -upmIpcPath Upm-616048.
[2026-10-08T00:01:54.153Z][INFO] project:add-dependency <-- Request received
params: {
  "packageId": "com.unity.toolchain.linux-x86_64"
}
[2026-10-08T00:02:12.906Z][INFO] project:add-dependency --> 200 (18753 ms)
[2026-10-08T00:02:13.290Z][INFO] project:list-packages <-- Request received
params: {}
[2026-10-08T00:02:13.371Z][INFO] project:list-packages <-- Request received
params: {}
[2026-10-08T00:02:13.384Z][INFO] project:list-packages <-- Request received
params: {}
[2026-10-08T00:02:13.397Z][INFO] config:project:get-registries <-- Request received
params: {}
[2026-10-08T00:02:13.436Z][INFO] config:project:get-registries --> 200 (39 ms)
[2026-10-08T00:02:14.687Z][INFO] project:list-packages --> 200 (1397 ms)
[2026-10-08T00:02:15.027Z][INFO] project:list-packages --> 200 (1656 ms)
[2026-10-08T00:02:16.439Z][INFO] project:list-packages --> 200 (3055 ms)
[2026-10-08T00:02:16.907Z][INFO] project:list-packages <-- Request received
params: {}
[2026-10-08T00:02:17.338Z][INFO] project:list-packages --> 200 (431 ms)
[2026-10-08T00:02:20.934Z][INFO] project:list-packages <-- Request received
params: {}
[2026-10-08T00:02:20.946Z][INFO] project:list-packages <-- Request received
params: {}
[2026-10-08T00:02:20.958Z][INFO] config:project:get-registries <-- Request received
params: {}
[2026-10-08T00:02:20.991Z][INFO] config:project:get-registries --> 200 (34 ms)
[2026-10-08T00:02:22.115Z][INFO] project:list-packages --> 200 (1181 ms)
[2026-10-08T00:02:22.153Z][INFO] project:list-packages --> 200 (1207 ms)
[2026-10-08T00:02:25.462Z][INFO] project:list-packages <-- Request received
params: {}
[2026-10-08T00:02:25.473Z][INFO] project:list-packages <-- Request received
params: {}
[2026-10-08T00:02:26.021Z][INFO] project:list-packages --> 200 (559 ms)
[2026-10-08T00:02:40.319Z][INFO] project:list-packages --> 200 (14846 ms)
[2026-10-08T00:03:29.618Z][INFO] Received shutdown request (SIGINT), shutting down Unity Package Manager
