[2026-10-07T06:04:16.109Z][INFO] Command-line: ~/Unity/Hub/Editor/6000.0.75f1/Editor/Data/Resources/PackageManager/Server/UnityPackageManager -s 1507730 -ipc -ipc-path /tmp/Unity-Upm-1507730.sock -l 2 --log-file ~/wkspace/gc-studio/p4.2i/artifacts/studio/verification/W-MECH-01/p42i-stage-submit-warm-20261007T060415.469534Z/upm.log
[2026-10-07T06:04:16.116Z][INFO] IPC server started (IPC path=/tmp/Unity-Upm-1507730.sock).
[2026-10-07T06:04:16.116Z][INFO] Hint: To connect to this UPM instance, launch Unity with the command-line parameter -upmIpcPath Upm-1507730.
[2026-10-07T06:04:16.792Z][INFO] project:add-dependency <-- Request received
params: {
  "packageId": "com.unity.toolchain.linux-x86_64"
}
[2026-10-07T06:04:45.673Z][INFO] project:add-dependency --> 200 (28881 ms)
[2026-10-07T06:04:46.056Z][INFO] project:list-packages <-- Request received
params: {}
[2026-10-07T06:04:46.137Z][INFO] project:list-packages <-- Request received
params: {}
[2026-10-07T06:04:46.148Z][INFO] project:list-packages <-- Request received
params: {}
[2026-10-07T06:04:46.161Z][INFO] config:project:get-registries <-- Request received
params: {}
[2026-10-07T06:04:46.198Z][INFO] config:project:get-registries --> 200 (37 ms)
[2026-10-07T06:04:47.367Z][INFO] project:list-packages --> 200 (1311 ms)
[2026-10-07T06:04:47.704Z][INFO] project:list-packages --> 200 (1567 ms)
[2026-10-07T06:04:49.917Z][INFO] project:list-packages <-- Request received
params: {}
[2026-10-07T06:04:50.398Z][INFO] project:list-packages --> 200 (481 ms)
[2026-10-07T06:04:50.410Z][INFO] project:list-packages --> 200 (4262 ms)
[2026-10-07T06:04:53.835Z][INFO] project:list-packages <-- Request received
params: {}
[2026-10-07T06:04:53.845Z][INFO] project:list-packages <-- Request received
params: {}
[2026-10-07T06:04:53.855Z][INFO] config:project:get-registries <-- Request received
params: {}
[2026-10-07T06:04:53.867Z][INFO] config:project:get-registries --> 200 (12 ms)
[2026-10-07T06:04:54.555Z][INFO] project:list-packages --> 200 (710 ms)
[2026-10-07T06:04:58.412Z][INFO] project:list-packages <-- Request received
params: {}
[2026-10-07T06:04:58.424Z][INFO] project:list-packages <-- Request received
params: {}
[2026-10-07T06:04:59.039Z][INFO] project:list-packages --> 200 (627 ms)
[2026-10-07T06:05:12.361Z][INFO] Received shutdown request (SIGINT), shutting down Unity Package Manager
