[2026-10-06T17:21:17.157Z][INFO] Command-line: ~/Unity/Hub/Editor/6000.0.75f1/Editor/Data/Resources/PackageManager/Server/UnityPackageManager -s 3253938 -ipc -ipc-path /tmp/Unity-Upm-3253938.sock -l 2 --log-file ~/wkspace/gc-studio/p4.2f/artifacts/studio/verification/W-MECH-01/p42f-stage-review-20261006T172116.443048Z/upm.log
[2026-10-06T17:21:17.165Z][INFO] IPC server started (IPC path=/tmp/Unity-Upm-3253938.sock).
[2026-10-06T17:21:17.165Z][INFO] Hint: To connect to this UPM instance, launch Unity with the command-line parameter -upmIpcPath Upm-3253938.
[2026-10-06T17:21:18.177Z][INFO] project:add-dependency <-- Request received
params: {
  "packageId": "com.unity.toolchain.linux-x86_64"
}
[2026-10-06T17:21:40.962Z][INFO] project:add-dependency --> 200 (22786 ms)
[2026-10-06T17:21:41.223Z][INFO] project:list-packages <-- Request received
params: {}
[2026-10-06T17:21:41.274Z][INFO] project:list-packages <-- Request received
params: {}
[2026-10-06T17:21:41.286Z][INFO] project:list-packages <-- Request received
params: {}
[2026-10-06T17:21:41.296Z][INFO] config:project:get-registries <-- Request received
params: {}
[2026-10-06T17:21:41.321Z][INFO] config:project:get-registries --> 200 (25 ms)
[2026-10-06T17:21:42.002Z][INFO] project:list-packages --> 200 (779 ms)
[2026-10-06T17:21:42.190Z][INFO] project:list-packages --> 200 (916 ms)
[2026-10-06T17:21:43.624Z][INFO] project:list-packages --> 200 (2338 ms)
[2026-10-06T17:21:43.655Z][INFO] project:list-packages <-- Request received
params: {}
[2026-10-06T17:21:43.951Z][INFO] project:list-packages --> 200 (296 ms)
[2026-10-06T17:21:46.498Z][INFO] project:list-packages <-- Request received
params: {}
[2026-10-06T17:21:46.510Z][INFO] project:list-packages <-- Request received
params: {}
[2026-10-06T17:21:46.518Z][INFO] config:project:get-registries <-- Request received
params: {}
[2026-10-06T17:21:46.539Z][INFO] config:project:get-registries --> 200 (21 ms)
[2026-10-06T17:21:47.260Z][INFO] project:list-packages --> 200 (762 ms)
[2026-10-06T17:21:47.304Z][INFO] project:list-packages --> 200 (794 ms)
[2026-10-06T17:21:50.242Z][INFO] project:list-packages <-- Request received
params: {}
[2026-10-06T17:21:50.254Z][INFO] project:list-packages <-- Request received
params: {}
[2026-10-06T17:21:50.612Z][INFO] project:list-packages --> 200 (370 ms)
[2026-10-06T17:21:57.948Z][INFO] project:list-packages <-- Request received
params: {}
[2026-10-06T17:21:58.216Z][INFO] project:list-packages --> 200 (269 ms)
[2026-10-06T17:21:58.342Z][INFO] project:list-packages <-- Request received
params: {}
[2026-10-06T17:21:58.356Z][INFO] config:project:get-registries <-- Request received
params: {}
[2026-10-06T17:21:58.364Z][INFO] config:project:get-registries --> 200 (8 ms)
[2026-10-06T17:22:01.945Z][INFO] project:list-packages --> 200 (11691 ms)
[2026-10-06T17:22:05.453Z][INFO] project:resolve-packages <-- Request received
params: {}
[2026-10-06T17:22:11.576Z][INFO] project:list-packages --> 200 (13234 ms)
[2026-10-06T17:22:13.314Z][WARN] Requested version [3.1.3] for package [com.unity.serialization] overridden by minimum version [3.1.5].
[2026-10-06T17:22:13.314Z][WARN] Requested version [1.23.1] for package [com.unity.scriptablebuildpipeline] overridden by minimum version [2.6.1].
[2026-10-06T17:22:13.314Z][WARN] Requested version [3.0.3] for package [com.unity.test-framework.performance] overridden by minimum version [3.4.0].
[2026-10-06T17:22:13.326Z][INFO] project:resolve-packages --> 200 (7873 ms)
[2026-10-06T17:22:13.399Z][INFO] config:project:get-registries <-- Request received
params: {}
[2026-10-06T17:22:13.406Z][INFO] config:project:get-registries --> 200 (7 ms)
[2026-10-06T17:22:13.409Z][INFO] project:list-packages <-- Request received
params: {}
[2026-10-06T17:22:14.002Z][INFO] project:list-packages --> 200 (593 ms)
[2026-10-06T17:22:22.649Z][INFO] project:list-packages <-- Request received
params: {}
[2026-10-06T17:22:23.031Z][INFO] project:list-packages --> 200 (382 ms)
[2026-10-06T17:22:23.196Z][INFO] project:list-packages <-- Request received
params: {}
[2026-10-06T17:22:23.206Z][INFO] project:list-packages <-- Request received
params: {}
[2026-10-06T17:22:23.216Z][INFO] config:project:get-registries <-- Request received
params: {}
[2026-10-06T17:22:23.230Z][INFO] config:project:get-registries --> 200 (14 ms)
[2026-10-06T17:22:23.590Z][INFO] project:list-packages --> 200 (384 ms)
[2026-10-06T17:22:46.264Z][INFO] project:list-packages --> 200 (23068 ms)
[2026-10-06T17:23:37.148Z][INFO] project:resolve-packages <-- Request received
params: {}
[2026-10-06T17:24:00.966Z][WARN] Requested version [3.1.3] for package [com.unity.serialization] overridden by minimum version [3.1.5].
[2026-10-06T17:24:00.966Z][WARN] Requested version [1.23.1] for package [com.unity.scriptablebuildpipeline] overridden by minimum version [2.6.1].
[2026-10-06T17:24:00.966Z][WARN] Requested version [3.0.3] for package [com.unity.test-framework.performance] overridden by minimum version [3.4.0].
[2026-10-06T17:24:00.985Z][INFO] project:resolve-packages --> 200 (23836 ms)
[2026-10-06T17:24:01.062Z][INFO] config:project:get-registries <-- Request received
params: {}
[2026-10-06T17:24:01.083Z][INFO] project:list-packages <-- Request received
params: {}
[2026-10-06T17:24:01.107Z][INFO] config:project:get-registries --> 200 (44 ms)
[2026-10-06T17:24:01.699Z][INFO] project:list-packages --> 200 (616 ms)
[2026-10-06T17:24:09.733Z][INFO] project:list-packages <-- Request received
params: {}
[2026-10-06T17:24:10.103Z][INFO] project:list-packages --> 200 (370 ms)
[2026-10-06T17:24:10.289Z][INFO] project:list-packages <-- Request received
params: {}
[2026-10-06T17:24:10.301Z][INFO] config:project:get-registries <-- Request received
params: {}
[2026-10-06T17:24:10.315Z][INFO] config:project:get-registries --> 200 (14 ms)
[2026-10-06T17:24:10.667Z][INFO] project:list-packages --> 200 (378 ms)
[2026-10-06T17:24:17.215Z][INFO] Received shutdown request (SIGINT), shutting down Unity Package Manager
