Unity Editor version:    6000.0.75f1 (26349cd2a5c8)
Branch:                  6000.0/staging
Build type:              Release
Batch mode:              YES
System name:             Linux
Distro version:          #31~24.04.1-Ubuntu SMP PREEMPT_DYNAMIC Mon Aug 10 09:38:02 UTC 2
Kernel version:          7.0.0-31-generic
Architecture:            x86_64
Available memory:        31897 MB
Initialize udev device monitor.
[Licensing::Module] Trying to connect to existing licensing client channel...
[Licensing::IpcConnector] Successfully connected to: "LicenseClient-worlesenric" at "2026-09-26T03:20:18.709621Z"
[SignatureVerifier] Application signature verification not supported on this platform.

COMMAND LINE ARGUMENTS:
/home/worlesenric/Unity/Hub/Editor/6000.0.75f1/Editor/Unity
-batchmode
-nographics
-projectPath
/home/worlesenric/wkspace/gc-wt/gc-022/unity/GameCore.Validation
-executeMethod
GameCore.Validation.Editor.LifecyclePlayModeMatrix.Run
-gc022Combination
reload-off-scene-on
-gc022Cycles
10
-gc022OutputDirectory
/home/worlesenric/wkspace/gc-wt/gc-022/artifacts/gc-022/playmode-matrix
-logFile
/home/worlesenric/wkspace/gc-wt/gc-022/artifacts/gc-022/playmode-matrix/reload-off-scene-on.log
[Licensing::Client] Handshaking with LicensingClient:
  Version:                 1.18.3+d7ffd15
  Session Id:              4378ef38f9134b75b2ee648a46bdda2f
  Correlation Id:          a4aac8f8da2bbfc2169791db8bc4c264
  External correlation Id: 3835179013309601073
  Machine Id:              jd93gYTNlAg1qIhTY9iII/nAhSo=
Successfully changed project path to: /home/worlesenric/wkspace/gc-wt/gc-022/unity/GameCore.Validation
[Licensing::Module] Successfully connected to LicensingClient on channel: "LicenseClient-worlesenric" (connect: 0.00s, validation: 0.00s, handshake: 0.00s)
[Licensing::IpcConnector] Successfully connected to: "LicenseClient-worlesenric-notifications" at "2026-09-26T03:20:18.710735Z"
[Licensing::Module] Error: Access token is unavailable; failed to update

(process:3887568): Gtk-CRITICAL **: 11:20:18.711: gtk_label_set_text: assertion 'GTK_IS_LABEL (label)' failed
[Licensing::Client] Successfully resolved entitlement details
[Licensing::Module] License group:
  Id: 1375999166540-UnityPersXXXX
  Product: Unity Personal
  Type: Assigned
  Expiration: Unlimited
[Licensing::Client] Successfully updated license, isAsync: True, time: 0.00
[Licensing::Client] Successfully resolved entitlement details
[Licensing::Module] Licensing Background thread has ended after 0.00s

(process:3887568): Gtk-CRITICAL **: 11:20:18.711: gtk_label_set_text: assertion 'GTK_IS_LABEL (label)' failed
/home/worlesenric/wkspace/gc-wt/gc-022/unity/GameCore.Validation
[UnityMemory] Configuration Parameters - Can be set up in boot.config
    "memorysetup-bucket-allocator-granularity=16"
    "memorysetup-bucket-allocator-bucket-count=8"
    "memorysetup-bucket-allocator-block-size=33554432"
    "memorysetup-bucket-allocator-block-count=8"
    "memorysetup-main-allocator-block-size=16777216"
    "memorysetup-thread-allocator-block-size=16777216"
    "memorysetup-gfx-main-allocator-block-size=16777216"
    "memorysetup-gfx-thread-allocator-block-size=16777216"
    "memorysetup-cache-allocator-block-size=4194304"
    "memorysetup-typetree-allocator-block-size=2097152"
    "memorysetup-profiler-bucket-allocator-granularity=16"
    "memorysetup-profiler-bucket-allocator-bucket-count=8"
    "memorysetup-profiler-bucket-allocator-block-size=33554432"
    "memorysetup-profiler-bucket-allocator-block-count=8"
    "memorysetup-profiler-allocator-block-size=16777216"
    "memorysetup-profiler-editor-allocator-block-size=1048576"
    "memorysetup-temp-allocator-size-main=16777216"
    "memorysetup-job-temp-allocator-block-size=2097152"
    "memorysetup-job-temp-allocator-block-size-background=1048576"
    "memorysetup-job-temp-allocator-reduction-small-platforms=262144"
    "memorysetup-allocator-temp-initial-block-size-main=262144"
    "memorysetup-allocator-temp-initial-block-size-worker=262144"
    "memorysetup-temp-allocator-size-background-worker=32768"
    "memorysetup-temp-allocator-size-job-worker=262144"
    "memorysetup-temp-allocator-size-preload-manager=33554432"
    "memorysetup-temp-allocator-size-nav-mesh-worker=65536"
    "memorysetup-temp-allocator-size-audio-worker=65536"
    "memorysetup-temp-allocator-size-cloud-worker=32768"
    "memorysetup-temp-allocator-size-gi-baking-worker=262144"
    "memorysetup-temp-allocator-size-gi-baking-worker=262144"
    "memorysetup-temp-allocator-size-gi-baking-worker=262144"
    "memorysetup-temp-allocator-size-gi-baking-worker=262144"
    "memorysetup-temp-allocator-size-gi-baking-worker=262144"
    "memorysetup-temp-allocator-size-gfx=262144"
Player connection [134869067220288]  Target information:

Player connection [134869067220288]  * "[IP] 192.168.0.21 [Port] 55504 [Flags] 2 [Guid] 2902317701 [EditorId] 2902317701 [Version] 1048832 [Id] LinuxEditor(16,192.168.0.21) [Debug] 1 [PackageName] LinuxEditor [ProjectName] Editor" 

Player connection [134869067220288]  * "[IP] 100.66.195.58 [Port] 55504 [Flags] 2 [Guid] 2902317701 [EditorId] 2902317701 [Version] 1048832 [Id] LinuxEditor(16,192.168.0.21) [Debug] 1 [PackageName] LinuxEditor [ProjectName] Editor" 

Player connection [134869067220288]  * "[IP] 172.18.0.1 [Port] 55504 [Flags] 2 [Guid] 2902317701 [EditorId] 2902317701 [Version] 1048832 [Id] LinuxEditor(16,192.168.0.21) [Debug] 1 [PackageName] LinuxEditor [ProjectName] Editor" 

Player connection [134869067220288]  * "[IP] 172.17.0.1 [Port] 55504 [Flags] 2 [Guid] 2902317701 [EditorId] 2902317701 [Version] 1048832 [Id] LinuxEditor(16,192.168.0.21) [Debug] 1 [PackageName] LinuxEditor [ProjectName] Editor" 

Player connection [134869067220288]  * "[IP] 10.42.0.0 [Port] 55504 [Flags] 2 [Guid] 2902317701 [EditorId] 2902317701 [Version] 1048832 [Id] LinuxEditor(16,192.168.0.21) [Debug] 1 [PackageName] LinuxEditor [ProjectName] Editor" 

Player connection [134869067220288]  * "[IP] 10.42.0.1 [Port] 55504 [Flags] 2 [Guid] 2902317701 [EditorId] 2902317701 [Version] 1048832 [Id] LinuxEditor(16,192.168.0.21) [Debug] 1 [PackageName] LinuxEditor [ProjectName] Editor" 

Player connection [134869067220288] Host joined multi-casting on [225.0.0.222:54997]...
Player connection [134869067220288] Host joined alternative multi-casting on [225.0.0.222:34997]...
Input System module state changed to: Initialized.
[Physics::Module] Initialized fallback backend.
[Physics::Module] Id: 0xdecafbad
[Package Manager] Connected to IPC stream "Upm-3887568" after 0.1 seconds.
Library Redirect Path: Library/
[Physics::Module] Selected backend.
[Physics::Module] Name: PhysX
[Physics::Module] Id: 0xf2b8ea05
[Physics::Module] SDK Version: 4.1.2
[Physics::Module] Integration Version: 1.0.0
[Physics::Module] Threading Mode: Multi-Threaded
Refreshing native plugins compatible for Editor in 0.06 ms, found 0 plugins.
Preloading 0 native plugins for Editor in 0.00 ms.
Initialize engine version: 6000.0.75f1 (26349cd2a5c8)
[Subsystems] Discovering subsystems at path /home/worlesenric/Unity/Hub/Editor/6000.0.75f1/Editor/Data/Resources/UnitySubsystems
[Subsystems] Discovering subsystems at path /home/worlesenric/wkspace/gc-wt/gc-022/unity/GameCore.Validation/Assets
Forcing GfxDevice: Null
GfxDevice: creating device client; kGfxThreadingModeNonThreaded
NullGfxDevice:
    Version:  NULL 1.0 [1.0]
    Renderer: Null Device
    Vendor:   Unity Technologies
Initialize mono
Mono path[0] = '/home/worlesenric/Unity/Hub/Editor/6000.0.75f1/Editor/Data/Managed'
Mono path[1] = '/home/worlesenric/Unity/Hub/Editor/6000.0.75f1/Editor/Data/MonoBleedingEdge/lib/mono/unityjit-linux'
Mono config path = '/home/worlesenric/Unity/Hub/Editor/6000.0.75f1/Editor/Data/MonoBleedingEdge/etc'
Using monoOptions --debugger-agent=transport=dt_socket,embedding=1,server=y,suspend=n,address=127.0.0.1:56568
Using cacheserver namespaces - metadata:defaultmetadata, artifacts:defaultartifacts
Using cacheserver namespaces - metadata:defaultmetadata, artifacts:defaultartifacts
ImportWorker Server TCP listen port: 0
AcceleratorClientConnectionCallback - disconnected - :0
Begin MonoManager ReloadAssembly
Registering precompiled unity dll's ...
Register platform support module: /home/worlesenric/Unity/Hub/Editor/6000.0.75f1/Editor/Data/PlaybackEngines/MacStandaloneSupport/UnityEditor.OSXStandalone.Extensions.dll
Register platform support module: /home/worlesenric/Unity/Hub/Editor/6000.0.75f1/Editor/Data/PlaybackEngines/LinuxStandaloneSupport/UnityEditor.LinuxStandalone.Extensions.dll
Registered in 0.000990 seconds.
- Loaded All Assemblies, in  0.218 seconds
Native extension for LinuxStandalone target not found
Package Manager log level set to [2]
[Licensing::Client] Successfully resolved entitlement details
Native extension for OSXStandalone target not found
Mono: successfully reloaded assembly
- Finished resetting the current domain, in  6.810 seconds
Domain Reload Profiling: 7029ms
	BeginReloadAssembly (52ms)
		ExecutionOrderSort (0ms)
		DisableScriptedObjects (0ms)
		BackupInstance (0ms)
		ReleaseScriptingObjects (0ms)
		CreateAndSetChildDomain (1ms)
	RebuildCommonClasses (27ms)
	RebuildNativeTypeToScriptingClass (5ms)
	initialDomainReloadingComplete (35ms)
	LoadAllAssembliesAndSetupDomain (99ms)
		LoadAssemblies (52ms)
		RebuildTransferFunctionScriptingTraits (0ms)
		AnalyzeDomain (97ms)
			TypeCache.Refresh (96ms)
				TypeCache.ScanAssembly (87ms)
			BuildScriptInfoCaches (0ms)
			ResolveRequiredComponents (0ms)
	FinalizeReload (6810ms)
		ReleaseScriptCaches (0ms)
		RebuildScriptCaches (0ms)
		SetupLoadedEditorAssemblies (6783ms)
			LogAssemblyErrors (0ms)
			InitializePlatformSupportModulesInManaged (6602ms)
			SetLoadedEditorAssemblies (5ms)
			BeforeProcessingInitializeOnLoad (41ms)
			ProcessInitializeOnLoadAttributes (95ms)
			ProcessInitializeOnLoadMethodAttributes (40ms)
			AfterProcessingInitializeOnLoad (0ms)
			EditorAssembliesLoaded (0ms)
		ExecutionOrderSort2 (0ms)
		AwakeInstancesAfterBackupRestoration (0ms)
[Licensing::Client] Successfully resolved entitlement details
Application.AssetDatabase Initial Refresh Start
[Package Manager] Restoring resolved packages state from cache
[Licensing::Client] Successfully resolved entitlement details
[Package Manager] Registered 37 packages:
  Packages from [https://packages.unity.com]:
    com.unity.burst@1.8.28 (location: /home/worlesenric/wkspace/gc-wt/gc-022/unity/GameCore.Validation/Library/PackageCache/com.unity.burst@07790c2d06d9)
    com.unity.collections@2.6.6 (location: /home/worlesenric/wkspace/gc-wt/gc-022/unity/GameCore.Validation/Library/PackageCache/com.unity.collections@9796e5ee0d9e)
    com.unity.entities@1.4.6 (location: /home/worlesenric/wkspace/gc-wt/gc-022/unity/GameCore.Validation/Library/PackageCache/com.unity.entities@e90944159b94)
    com.unity.mathematics@1.3.2 (location: /home/worlesenric/wkspace/gc-wt/gc-022/unity/GameCore.Validation/Library/PackageCache/com.unity.mathematics@8017b507cc74)
    com.unity.test-framework.performance@3.0.3 (location: /home/worlesenric/wkspace/gc-wt/gc-022/unity/GameCore.Validation/Library/PackageCache/com.unity.test-framework.performance@fb0dc592af8b)
    com.unity.toolchain.linux-x86_64@2.0.11 (location: /home/worlesenric/wkspace/gc-wt/gc-022/unity/GameCore.Validation/Library/PackageCache/com.unity.toolchain.linux-x86_64@53b88ff74b51)
    com.unity.sysroot@2.0.10 (location: /home/worlesenric/wkspace/gc-wt/gc-022/unity/GameCore.Validation/Library/PackageCache/com.unity.sysroot@7bbbb9339c14)
    com.unity.sysroot.linux-x86_64@2.0.9 (location: /home/worlesenric/wkspace/gc-wt/gc-022/unity/GameCore.Validation/Library/PackageCache/com.unity.sysroot.linux-x86_64@1998d1c7730e)
    com.unity.serialization@3.1.5 (location: /home/worlesenric/wkspace/gc-wt/gc-022/unity/GameCore.Validation/Library/PackageCache/com.unity.serialization@c463b52e88d7)
    com.unity.profiling.core@1.0.3 (location: /home/worlesenric/wkspace/gc-wt/gc-022/unity/GameCore.Validation/Library/PackageCache/com.unity.profiling.core@8a49f7027d06)
    com.unity.nuget.mono-cecil@1.11.6 (location: /home/worlesenric/wkspace/gc-wt/gc-022/unity/GameCore.Validation/Library/PackageCache/com.unity.nuget.mono-cecil@ecb9724e46ff)
    com.unity.scriptablebuildpipeline@2.6.1 (location: /home/worlesenric/wkspace/gc-wt/gc-022/unity/GameCore.Validation/Library/PackageCache/com.unity.scriptablebuildpipeline@36e3b5898ee2)
  Built-in packages:
    com.unity.modules.assetbundle@1.0.0 (location: /home/worlesenric/wkspace/gc-wt/gc-022/unity/GameCore.Validation/Library/PackageCache/com.unity.modules.assetbundle)
    com.unity.modules.audio@1.0.0 (location: /home/worlesenric/wkspace/gc-wt/gc-022/unity/GameCore.Validation/Library/PackageCache/com.unity.modules.audio)
    com.unity.modules.imageconversion@1.0.0 (location: /home/worlesenric/wkspace/gc-wt/gc-022/unity/GameCore.Validation/Library/PackageCache/com.unity.modules.imageconversion)
    com.unity.modules.imgui@1.0.0 (location: /home/worlesenric/wkspace/gc-wt/gc-022/unity/GameCore.Validation/Library/PackageCache/com.unity.modules.imgui)
    com.unity.modules.jsonserialize@1.0.0 (location: /home/worlesenric/wkspace/gc-wt/gc-022/unity/GameCore.Validation/Library/PackageCache/com.unity.modules.jsonserialize)
    com.unity.modules.physics@1.0.0 (location: /home/worlesenric/wkspace/gc-wt/gc-022/unity/GameCore.Validation/Library/PackageCache/com.unity.modules.physics)
    com.unity.modules.ui@1.0.0 (location: /home/worlesenric/wkspace/gc-wt/gc-022/unity/GameCore.Validation/Library/PackageCache/com.unity.modules.ui)
    com.unity.modules.uielements@1.0.0 (location: /home/worlesenric/wkspace/gc-wt/gc-022/unity/GameCore.Validation/Library/PackageCache/com.unity.modules.uielements)
    com.unity.modules.unityanalytics@1.0.0 (location: /home/worlesenric/wkspace/gc-wt/gc-022/unity/GameCore.Validation/Library/PackageCache/com.unity.modules.unityanalytics)
    com.unity.modules.unitywebrequest@1.0.0 (location: /home/worlesenric/wkspace/gc-wt/gc-022/unity/GameCore.Validation/Library/PackageCache/com.unity.modules.unitywebrequest)
    com.unity.test-framework@1.6.0 (location: /home/worlesenric/wkspace/gc-wt/gc-022/unity/GameCore.Validation/Library/PackageCache/com.unity.test-framework@bd52b1c23814)
    com.unity.ext.nunit@2.0.5 (location: /home/worlesenric/wkspace/gc-wt/gc-022/unity/GameCore.Validation/Library/PackageCache/com.unity.ext.nunit@b16e6d09cd93)
    com.unity.modules.hierarchycore@1.0.0 (location: /home/worlesenric/wkspace/gc-wt/gc-022/unity/GameCore.Validation/Library/PackageCache/com.unity.modules.hierarchycore)
  Local packages:
    com.gamecore.composition@file:/home/worlesenric/wkspace/gc-wt/gc-022/Packages/com.gamecore.composition (location: /home/worlesenric/wkspace/gc-wt/gc-022/Packages/com.gamecore.composition)
    com.gamecore.contracts@file:/home/worlesenric/wkspace/gc-wt/gc-022/Packages/com.gamecore.contracts (location: /home/worlesenric/wkspace/gc-wt/gc-022/Packages/com.gamecore.contracts)
    com.gamecore.content.compiler@file:/home/worlesenric/wkspace/gc-wt/gc-022/Packages/com.gamecore.content.compiler (location: /home/worlesenric/wkspace/gc-wt/gc-022/Packages/com.gamecore.content.compiler)
    com.gamecore.derivation@file:/home/worlesenric/wkspace/gc-wt/gc-022/Packages/com.gamecore.derivation (location: /home/worlesenric/wkspace/gc-wt/gc-022/Packages/com.gamecore.derivation)
    com.gamecore.fault-qualification@file:/home/worlesenric/wkspace/gc-wt/gc-022/Packages/com.gamecore.fault-qualification (location: /home/worlesenric/wkspace/gc-wt/gc-022/Packages/com.gamecore.fault-qualification)
    com.gamecore.gameplay.cards@file:/home/worlesenric/wkspace/gc-wt/gc-022/Packages/com.gamecore.gameplay.cards (location: /home/worlesenric/wkspace/gc-wt/gc-022/Packages/com.gamecore.gameplay.cards)
    com.gamecore.gameplay.narrative@file:/home/worlesenric/wkspace/gc-wt/gc-022/Packages/com.gamecore.gameplay.narrative (location: /home/worlesenric/wkspace/gc-wt/gc-022/Packages/com.gamecore.gameplay.narrative)
    com.gamecore.planning@file:/home/worlesenric/wkspace/gc-wt/gc-022/Packages/com.gamecore.planning (location: /home/worlesenric/wkspace/gc-wt/gc-022/Packages/com.gamecore.planning)
    com.gamecore.rules.cards@file:/home/worlesenric/wkspace/gc-wt/gc-022/Packages/com.gamecore.rules.cards (location: /home/worlesenric/wkspace/gc-wt/gc-022/Packages/com.gamecore.rules.cards)
    com.gamecore.rules.narrative@file:/home/worlesenric/wkspace/gc-wt/gc-022/Packages/com.gamecore.rules.narrative (location: /home/worlesenric/wkspace/gc-wt/gc-022/Packages/com.gamecore.rules.narrative)
    com.gamecore.unity.adapters@file:/home/worlesenric/wkspace/gc-wt/gc-022/Packages/com.gamecore.unity.adapters (location: /home/worlesenric/wkspace/gc-wt/gc-022/Packages/com.gamecore.unity.adapters)
    com.gamecore.unity.runtime@file:/home/worlesenric/wkspace/gc-wt/gc-022/Packages/com.gamecore.unity.runtime (location: /home/worlesenric/wkspace/gc-wt/gc-022/Packages/com.gamecore.unity.runtime)
[Subsystems] No new subsystems found in resolved package list.
[Package Manager] Done registering packages in 0.00 seconds
Assembly reference Packages/com.unity.entities/Unity.Scenes.Editor/Internals/Properties/Unity.Properties.Internals.asmref has no target assembly definition
Assembly reference Packages/com.unity.entities/Unity.Scenes.Editor/Internals/Properties/Unity.Properties.Internals.asmref has no target assembly definition
[40m[32minfo[39m[22m[49m: Microsoft.Hosting.Lifetime[14]
      Now listening on: http://unix:/tmp/ilpp.sock-56c49db2fe810c5fcf35fa66ad1c9392
[40m[32minfo[39m[22m[49m: Microsoft.Hosting.Lifetime[0]
      Application started. Press Ctrl+C to shut down.
[40m[32minfo[39m[22m[49m: Microsoft.Hosting.Lifetime[0]
      Hosting environment: Production
[40m[32minfo[39m[22m[49m: Microsoft.Hosting.Lifetime[0]
      Content root path: /home/worlesenric/wkspace/gc-wt/gc-022/unity/GameCore.Validation/
[40m[32minfo[39m[22m[49m: Microsoft.AspNetCore.Hosting.Diagnostics[1]
      Request starting HTTP/2 POST http://ilpp/UnityILPP.PostProcessing/Ping application/grpc -
[40m[32minfo[39m[22m[49m: Microsoft.AspNetCore.Routing.EndpointMiddleware[0]
      Executing endpoint 'gRPC - /UnityILPP.PostProcessing/Ping'
[40m[32minfo[39m[22m[49m: Microsoft.AspNetCore.Routing.EndpointMiddleware[1]
      Executed endpoint 'gRPC - /UnityILPP.PostProcessing/Ping'
[40m[32minfo[39m[22m[49m: Microsoft.AspNetCore.Hosting.Diagnostics[2]
      Request finished HTTP/2 POST http://ilpp/UnityILPP.PostProcessing/Ping application/grpc - - 200 - application/grpc 27.7763ms
Starting: /home/worlesenric/Unity/Hub/Editor/6000.0.75f1/Editor/Data/bee_backend --ipc --defer-dag-verification --dagfile="Library/Bee/2400b0aE.dag" --continue-on-failure --profile="Library/Bee/backend1.traceevents" ScriptAssemblies
WorkingDir: /home/worlesenric/wkspace/gc-wt/gc-022/unity/GameCore.Validation
[40m[32minfo[39m[22m[49m: Microsoft.AspNetCore.Hosting.Diagnostics[1]
      Request starting HTTP/2 POST http://ilpp/UnityILPP.PostProcessing/ConfigurePostProcessors application/grpc -
[40m[32minfo[39m[22m[49m: Microsoft.AspNetCore.Routing.EndpointMiddleware[0]
      Executing endpoint 'gRPC - /UnityILPP.PostProcessing/ConfigurePostProcessors'
[40m[1m[33mwarn[39m[22m[49m: Unity.ILPP.Runner.PostProcessingAssemblyLoadContext[0]
      Assembly system.runtime.interopservices.windowsruntime has duplicate hint path. Ignoring "/home/worlesenric/Unity/Hub/Editor/6000.0.75f1/Editor/Data/UnityReferenceAssemblies/unity-4.8-api/Facades/System.Runtime.InteropServices.WindowsRuntime.dll" in favor of "/home/worlesenric/Unity/Hub/Editor/6000.0.75f1/Editor/Data/NetStandard/Extensions/2.0.0/System.Runtime.InteropServices.WindowsRuntime.dll"
[40m[1m[33mwarn[39m[22m[49m: Unity.ILPP.Runner.PostProcessingAssemblyLoadContext[0]
      Assembly system.componentmodel.composition has duplicate hint path. Ignoring "/home/worlesenric/Unity/Hub/Editor/6000.0.75f1/Editor/Data/UnityReferenceAssemblies/unity-4.8-api/System.ComponentModel.Composition.dll" in favor of "/home/worlesenric/Unity/Hub/Editor/6000.0.75f1/Editor/Data/NetStandard/compat/2.1.0/shims/netfx/System.ComponentModel.Composition.dll"
[40m[32minfo[39m[22m[49m: Unity.ILPP.Runner.PostProcessingAssemblyLoadContext[0]
      Resolved Unity.Burst.Cecil, Version=0.11.4.0, Culture=neutral, PublicKeyToken=50cebf1cceb9d05e with Library/PackageCache/com.unity.burst@07790c2d06d9/Unity.Burst.CodeGen/Unity.Burst.Cecil.dll
[40m[32minfo[39m[22m[49m: Unity.ILPP.Runner.PostProcessingAssemblyLoadContext[0]
      Resolved Mono.Cecil, Version=0.11.5.0, Culture=neutral, PublicKeyToken=50cebf1cceb9d05e with Library/PackageCache/com.unity.nuget.mono-cecil@ecb9724e46ff/Mono.Cecil.dll
[40m[32minfo[39m[22m[49m: Unity.ILPP.Runner.PostProcessingAssemblyLoadContext[0]
      Resolved Unity.Entities, Version=0.0.0.0, Culture=neutral, PublicKeyToken=null with Library/Bee/artifacts/2400b0aE.dag/Unity.Entities.dll
[40m[32minfo[39m[22m[49m: Microsoft.AspNetCore.Routing.EndpointMiddleware[1]
      Executed endpoint 'gRPC - /UnityILPP.PostProcessing/ConfigurePostProcessors'
[40m[32minfo[39m[22m[49m: Microsoft.AspNetCore.Hosting.Diagnostics[2]
      Request finished HTTP/2 POST http://ilpp/UnityILPP.PostProcessing/ConfigurePostProcessors application/grpc - - 200 - application/grpc 36.6484ms
DisplayProgressbar: Compiling Scripts
ExitCode: 0 Duration: 0s128ms
[729/994    0s] ILPP-Configuration Library/ilpp-configuration.nevergeneratedoutput
*** Tundra build success (0.11 seconds), 1 items updated, 994 evaluated
AssetDatabase: script compilation time: 0.440575s
Begin MonoManager ReloadAssembly
- Loaded All Assemblies, in  0.464 seconds
Refreshing native plugins compatible for Editor in 0.13 ms, found 1 plugins.
Native extension for LinuxStandalone target not found
Native extension for OSXStandalone target not found
Assembly reference Packages/com.unity.entities/Unity.Scenes.Editor/Internals/Properties/Unity.Properties.Internals.asmref has no target assembly definition
TypeManager.Initialize took: 88ms
Native leak detection mode: EnabledWithStackTrace
UnityEngine.Debug:ExtractStackTraceNoAlloc (byte*,int,string)
UnityEngine.StackTraceUtility:ExtractStackTrace () (at /home/bokken/build/output/unity/unity/Runtime/Export/Scripting/StackTrace.cs:35)
UnityEngine.DebugLogHandler:Internal_Log (UnityEngine.LogType,UnityEngine.LogOption,string,UnityEngine.Object)
UnityEngine.DebugLogHandler:LogFormat (UnityEngine.LogType,UnityEngine.Object,string,object[])
UnityEngine.Logger:Log (UnityEngine.LogType,object)
UnityEngine.Debug:Log (object)
CLILeakDetectionSwitcher:SetLeakDetectionModeFromEnvironment () (at ./Library/PackageCache/com.unity.collections@9796e5ee0d9e/Unity.Collections.Editor/CLILeakDetectionSwitcher.cs:29)
System.Reflection.RuntimeMethodInfo:Invoke (object,System.Reflection.BindingFlags,System.Reflection.Binder,object[],System.Globalization.CultureInfo)
System.Reflection.MethodBase:Invoke (object,object[])
UnityEditor.EditorAssemblies:ProcessInitializeOnLoadMethodAttributes () (at /home/bokken/build/output/unity/unity/Editor/Mono/EditorAssemblies.cs:142)

(Filename: ./Library/PackageCache/com.unity.collections@9796e5ee0d9e/Unity.Collections.Editor/CLILeakDetectionSwitcher.cs Line: 29)

Mono: successfully reloaded assembly
- Finished resetting the current domain, in  2.003 seconds
Domain Reload Profiling: 2466ms
	BeginReloadAssembly (219ms)
		ExecutionOrderSort (0ms)
		DisableScriptedObjects (6ms)
		BackupInstance (0ms)
		ReleaseScriptingObjects (0ms)
		CreateAndSetChildDomain (149ms)
	RebuildCommonClasses (24ms)
	RebuildNativeTypeToScriptingClass (5ms)
	initialDomainReloadingComplete (19ms)
	LoadAllAssembliesAndSetupDomain (194ms)
		LoadAssemblies (150ms)
		RebuildTransferFunctionScriptingTraits (0ms)
		AnalyzeDomain (84ms)
			TypeCache.Refresh (62ms)
				TypeCache.ScanAssembly (55ms)
			BuildScriptInfoCaches (21ms)
			ResolveRequiredComponents (0ms)
	FinalizeReload (2004ms)
		ReleaseScriptCaches (0ms)
		RebuildScriptCaches (0ms)
		SetupLoadedEditorAssemblies (1926ms)
			LogAssemblyErrors (0ms)
			InitializePlatformSupportModulesInManaged (34ms)
			SetLoadedEditorAssemblies (3ms)
			BeforeProcessingInitializeOnLoad (81ms)
			ProcessInitializeOnLoadAttributes (1695ms)
			ProcessInitializeOnLoadMethodAttributes (112ms)
			AfterProcessingInitializeOnLoad (2ms)
			EditorAssembliesLoaded (0ms)
		ExecutionOrderSort2 (0ms)
		AwakeInstancesAfterBackupRestoration (4ms)
Asset Pipeline Refresh (id=eb23d2a57c32b6f098815eae03b1e85d): Total: 3.262 seconds - Initiated by InitialRefreshV2(ForceSynchronousImport)
	Summary:
		Imports: total=0 (actual=0, local cache=0, cache server=0)
		Asset DB Process Time: managed=0 ms, native=2321 ms
		Asset DB Callback time: managed=9 ms, native=3 ms
		Scripting: domain reloads=1, domain reload time=464 ms, compile time=442 ms, other=21 ms
		Project Asset Count: scripts=848, non-scripts=703
		Asset File Changes: new=0, changed=0, moved=0, deleted=0
		Scan Filter Count: 1
	InvokeCustomDependenciesCallbacks: 0.003ms
	InvokePackagesCallback: 3.873ms
	ApplyChangesToAssetFolders: 0.196ms
	Scan: 213.964ms
	OnSourceAssetsModified: 0.003ms
	CategorizeAssetsWithTransientArtifact: 12.084ms
	ProcessAssetsWithTransientArtifactChanges: 16.708ms
	CategorizeAssets: 10.161ms
	ImportOutOfDateAssets: 2006.462ms (1563.970ms without children)
		CompileScripts: 441.853ms
		ReloadNativeAssets: 0.000ms
		UnloadImportedAssets: 0.169ms
		EnsureUptoDateAssetsAreRegisteredWithGuidPM: 0.212ms
		InitializingProgressBar: 0.000ms
		PostProcessAllAssetNotificationsAddChangedAssets: 0.000ms
		OnDemandSchedulerStart: 0.257ms
	PostProcessAllAssets: 9.747ms
	GatherAllCurrentPrimaryArtifactRevisions: 0.000ms
	UnloadStreamsBegin: 0.185ms
	PersistCurrentRevisions: 0.043ms
	UnloadStreamsEnd: 0.000ms
	GenerateScriptTypeHashes: 1.091ms
	Untracked: 988.741ms

Application.AssetDatabase Initial Refresh End
Scanning for USB devices : 0.757ms
Initializing Unity extensions:
UpdateMenuTitleForLanguage: 10
[MODES] ModeService[none].Initialize
[MODES] ModeService[none].LoadModes
[MODES] Loading mode Default (0) for mode-current-id-GameCoreProbe
Unloading 4 Unused Serialized files (Serialized files now loaded: 0)
Unloading 2944 unused Assets / (2.6 MB). Loaded Objects now: 3416.
Memory consumption went from 112.2 MB to 109.6 MB.
Total: 7.997415 ms (FindLiveObjects: 0.192134 ms CreateObjectMapping: 0.192792 ms MarkObjects: 6.035286 ms  DeleteObjects: 1.576022 ms)

[GC022] matrix started; combination=reload-off-scene-on; cycles=10; domainReload=False; sceneReload=True; optionsEnabled=True; options=DisableDomainReload; output=/home/worlesenric/wkspace/gc-wt/gc-022/artifacts/gc-022/playmode-matrix; jsonl=/home/worlesenric/wkspace/gc-wt/gc-022/artifacts/gc-022/playmode-matrix/reload-off-scene-on.jsonl; batchMode=True
UnityEngine.Debug:ExtractStackTraceNoAlloc (byte*,int,string)
UnityEngine.StackTraceUtility:ExtractStackTrace () (at /home/bokken/build/output/unity/unity/Runtime/Export/Scripting/StackTrace.cs:35)
UnityEngine.DebugLogHandler:Internal_Log (UnityEngine.LogType,UnityEngine.LogOption,string,UnityEngine.Object)
UnityEngine.DebugLogHandler:LogFormat (UnityEngine.LogType,UnityEngine.Object,string,object[])
UnityEngine.Logger:Log (UnityEngine.LogType,object)
UnityEngine.Debug:Log (object)
GameCore.Validation.Editor.LifecyclePlayModeMatrix:Run () (at Assets/GameCore.Validation/Editor/LifecyclePlayModeMatrix.cs:122)

(Filename: Assets/GameCore.Validation/Editor/LifecyclePlayModeMatrix.cs Line: 122)

[GC022] reload-off-scene-on cycle 1/10 entering Play Mode
UnityEngine.Debug:ExtractStackTraceNoAlloc (byte*,int,string)
UnityEngine.StackTraceUtility:ExtractStackTrace () (at /home/bokken/build/output/unity/unity/Runtime/Export/Scripting/StackTrace.cs:35)
UnityEngine.DebugLogHandler:Internal_Log (UnityEngine.LogType,UnityEngine.LogOption,string,UnityEngine.Object)
UnityEngine.DebugLogHandler:LogFormat (UnityEngine.LogType,UnityEngine.Object,string,object[])
UnityEngine.Logger:Log (UnityEngine.LogType,object)
UnityEngine.Debug:Log (object)
GameCore.Validation.Editor.LifecyclePlayModeMatrix:BeginCycle () (at Assets/GameCore.Validation/Editor/LifecyclePlayModeMatrix.cs:215)
GameCore.Validation.Editor.LifecyclePlayModeMatrix:Run () (at Assets/GameCore.Validation/Editor/LifecyclePlayModeMatrix.cs:134)

(Filename: Assets/GameCore.Validation/Editor/LifecyclePlayModeMatrix.cs Line: 215)


(process:3887568): GLib-GObject-CRITICAL **: 11:20:29.495: g_object_unref: assertion 'G_IS_OBJECT (object)' failed

(process:3887568): GLib-GObject-CRITICAL **: 11:20:29.495: g_object_unref: assertion 'G_IS_OBJECT (object)' failed

(process:3887568): GLib-GObject-CRITICAL **: 11:20:29.495: g_object_unref: assertion 'G_IS_OBJECT (object)' failed

(process:3887568): Gtk-CRITICAL **: 11:20:29.495: gtk_widget_destroy: assertion 'GTK_IS_WIDGET (widget)' failed
[Project] Loading completed in 10.789 seconds
	Project init time: 				10.583 seconds
		Template init time: 		0.000 seconds
		Package Manager init time: 		0.130 seconds
		Asset Database init time: 		0.010 seconds
		Global illumination init time: 	0.002 seconds
		Assemblies load time: 			7.038 seconds
		Unity extensions init time: 	0.011 seconds
		Asset Database refresh time: 	3.262 seconds
	Scene opening time: 			0.202 seconds
##utp:{"type":"ProjectInfo","version":2,"phase":"Immediate","time":1790392829495,"processId":3887568,"projectLoad":10.789344438999999,"projectInit":10.583221437,"templateInit":0.0,"packageManagerInit":0.130170945,"assetDatabaseInit":0.010499888,"globalIlluminationInit":0.002141302,"assembliesLoad":7.038179483,"unityExtensionsInit":0.010879681,"assetDatabaseRefresh":3.262221142,"sceneOpening":0.202161028}
##utp:{"type":"EditorInfo","version":2,"phase":"Immediate","time":1790392829495,"processId":3887568,"editorVersion":"6000.0.75f1 (26349cd2a5c8)","branch":"6000.0/staging","buildType":"Release","platform":"Linux"}
Entering Playmode with Reload Domain disabled.
If you experience any issues, please disable "Enter Play Mode Options" in Editor Settings
Loaded scene 'Temp/__Backupscenes/0.backup'
	Deserialize:            0.319 ms
	Integration:            302.125 ms
	Integration of assets:  0.001 ms
	Thread Wait Time:       0.005 ms
	Total Operation Time:   302.449 ms
[GC022] reload-off-scene-on cycle 1 entered Play Mode; session=ccfcc4f2eb607283fffa7385d6706b9b; reloadedOnEntry=False; runCount=1
UnityEngine.Debug:ExtractStackTraceNoAlloc (byte*,int,string)
UnityEngine.StackTraceUtility:ExtractStackTrace () (at /home/bokken/build/output/unity/unity/Runtime/Export/Scripting/StackTrace.cs:35)
UnityEngine.DebugLogHandler:Internal_Log (UnityEngine.LogType,UnityEngine.LogOption,string,UnityEngine.Object)
UnityEngine.DebugLogHandler:LogFormat (UnityEngine.LogType,UnityEngine.Object,string,object[])
UnityEngine.Logger:Log (UnityEngine.LogType,object)
UnityEngine.Debug:Log (object)
GameCore.Validation.Editor.LifecyclePlayModeMatrix:EnterPlayMode () (at Assets/GameCore.Validation/Editor/LifecyclePlayModeMatrix.cs:375)
GameCore.Validation.Editor.LifecyclePlayModeMatrix:OnPlayModeStateChanged (UnityEditor.PlayModeStateChange) (at Assets/GameCore.Validation/Editor/LifecyclePlayModeMatrix.cs:234)
UnityEditor.EditorApplication:Internal_PlayModeStateChanged (UnityEditor.PlayModeStateChange) (at /home/bokken/build/output/unity/unity/Editor/Mono/EditorApplication.cs:487)

(Filename: Assets/GameCore.Validation/Editor/LifecyclePlayModeMatrix.cs Line: 375)

Asset Pipeline Refresh (id=f9858e757c59638fbb237a4c40868077): Total: 0.067 seconds - Initiated by RefreshV2(NoUpdateAssetOptions)
Created GICache directory at /home/worlesenric/.cache/unity3d/GiCache. Took: 0.001s, timestamps: [11.410 - 11.411]
Unloading 0 Unused Serialized files (Serialized files now loaded: 0)
Loaded scene 'Temp/__Backupscenes/0.backup'
	Deserialize:            0.178 ms
	Integration:            103.082 ms
	Integration of assets:  0.001 ms
	Thread Wait Time:       0.012 ms
	Total Operation Time:   103.273 ms
Unloading 1 unused Assets / (0.8 KB). Loaded Objects now: 3450.
Memory consumption went from 125.3 MB to 125.3 MB.
Total: 5.061944 ms (FindLiveObjects: 0.127782 ms CreateObjectMapping: 0.053941 ms MarkObjects: 4.866743 ms  DeleteObjects: 0.012772 ms)

[GC022] reload-off-scene-on cycle 1/10 left Play Mode clean; routedFrames=20
UnityEngine.Debug:ExtractStackTraceNoAlloc (byte*,int,string)
UnityEngine.StackTraceUtility:ExtractStackTrace () (at /home/bokken/build/output/unity/unity/Runtime/Export/Scripting/StackTrace.cs:35)
UnityEngine.DebugLogHandler:Internal_Log (UnityEngine.LogType,UnityEngine.LogOption,string,UnityEngine.Object)
UnityEngine.DebugLogHandler:LogFormat (UnityEngine.LogType,UnityEngine.Object,string,object[])
UnityEngine.Logger:Log (UnityEngine.LogType,object)
UnityEngine.Debug:Log (object)
GameCore.Validation.Editor.LifecyclePlayModeMatrix:LeavePlayMode () (at Assets/GameCore.Validation/Editor/LifecyclePlayModeMatrix.cs:502)
GameCore.Validation.Editor.LifecyclePlayModeMatrix:OnPlayModeStateChanged (UnityEditor.PlayModeStateChange) (at Assets/GameCore.Validation/Editor/LifecyclePlayModeMatrix.cs:238)
UnityEditor.EditorApplication:Internal_PlayModeStateChanged (UnityEditor.PlayModeStateChange) (at /home/bokken/build/output/unity/unity/Editor/Mono/EditorApplication.cs:487)

(Filename: Assets/GameCore.Validation/Editor/LifecyclePlayModeMatrix.cs Line: 502)

[UnityConnectServicesConfig] config is NOT valid, switching to default
Asset Pipeline Refresh (id=f6dd3fba59bf43c22884a2faaf01fdaa): Total: 0.022 seconds - Initiated by RefreshV2(ForceSynchronousImport)
[GC022] reload-off-scene-on cycle 2/10 entering Play Mode
UnityEngine.Debug:ExtractStackTraceNoAlloc (byte*,int,string)
UnityEngine.StackTraceUtility:ExtractStackTrace () (at /home/bokken/build/output/unity/unity/Runtime/Export/Scripting/StackTrace.cs:35)
UnityEngine.DebugLogHandler:Internal_Log (UnityEngine.LogType,UnityEngine.LogOption,string,UnityEngine.Object)
UnityEngine.DebugLogHandler:LogFormat (UnityEngine.LogType,UnityEngine.Object,string,object[])
UnityEngine.Logger:Log (UnityEngine.LogType,object)
UnityEngine.Debug:Log (object)
GameCore.Validation.Editor.LifecyclePlayModeMatrix:BeginCycle () (at Assets/GameCore.Validation/Editor/LifecyclePlayModeMatrix.cs:215)
UnityEditor.EditorApplication:Internal_CallDelayFunctions () (at /home/bokken/build/output/unity/unity/Editor/Mono/EditorApplication.cs:399)

(Filename: Assets/GameCore.Validation/Editor/LifecyclePlayModeMatrix.cs Line: 215)

Entering Playmode with Reload Domain disabled.
If you experience any issues, please disable "Enter Play Mode Options" in Editor Settings
Loaded scene 'Temp/__Backupscenes/0.backup'
	Deserialize:            0.098 ms
	Integration:            105.273 ms
	Integration of assets:  0.001 ms
	Thread Wait Time:       0.004 ms
	Total Operation Time:   105.376 ms
[GC022] reload-off-scene-on cycle 2 entered Play Mode; session=c6fb2ff90f0ae10302830041d275b690; reloadedOnEntry=False; runCount=2
UnityEngine.Debug:ExtractStackTraceNoAlloc (byte*,int,string)
UnityEngine.StackTraceUtility:ExtractStackTrace () (at /home/bokken/build/output/unity/unity/Runtime/Export/Scripting/StackTrace.cs:35)
UnityEngine.DebugLogHandler:Internal_Log (UnityEngine.LogType,UnityEngine.LogOption,string,UnityEngine.Object)
UnityEngine.DebugLogHandler:LogFormat (UnityEngine.LogType,UnityEngine.Object,string,object[])
UnityEngine.Logger:Log (UnityEngine.LogType,object)
UnityEngine.Debug:Log (object)
GameCore.Validation.Editor.LifecyclePlayModeMatrix:EnterPlayMode () (at Assets/GameCore.Validation/Editor/LifecyclePlayModeMatrix.cs:375)
GameCore.Validation.Editor.LifecyclePlayModeMatrix:OnPlayModeStateChanged (UnityEditor.PlayModeStateChange) (at Assets/GameCore.Validation/Editor/LifecyclePlayModeMatrix.cs:234)
UnityEditor.EditorApplication:Internal_PlayModeStateChanged (UnityEditor.PlayModeStateChange) (at /home/bokken/build/output/unity/unity/Editor/Mono/EditorApplication.cs:487)

(Filename: Assets/GameCore.Validation/Editor/LifecyclePlayModeMatrix.cs Line: 375)

Unloading 0 Unused Serialized files (Serialized files now loaded: 0)
Loaded scene 'Temp/__Backupscenes/0.backup'
	Deserialize:            0.092 ms
	Integration:            103.991 ms
	Integration of assets:  0.001 ms
	Thread Wait Time:       0.004 ms
	Total Operation Time:   104.088 ms
Unloading 1 unused Assets / (0.8 KB). Loaded Objects now: 3451.
Memory consumption went from 125.3 MB to 125.3 MB.
Total: 4.912279 ms (FindLiveObjects: 0.102706 ms CreateObjectMapping: 0.050578 ms MarkObjects: 4.744582 ms  DeleteObjects: 0.014012 ms)

[GC022] reload-off-scene-on cycle 2/10 left Play Mode clean; routedFrames=20
UnityEngine.Debug:ExtractStackTraceNoAlloc (byte*,int,string)
UnityEngine.StackTraceUtility:ExtractStackTrace () (at /home/bokken/build/output/unity/unity/Runtime/Export/Scripting/StackTrace.cs:35)
UnityEngine.DebugLogHandler:Internal_Log (UnityEngine.LogType,UnityEngine.LogOption,string,UnityEngine.Object)
UnityEngine.DebugLogHandler:LogFormat (UnityEngine.LogType,UnityEngine.Object,string,object[])
UnityEngine.Logger:Log (UnityEngine.LogType,object)
UnityEngine.Debug:Log (object)
GameCore.Validation.Editor.LifecyclePlayModeMatrix:LeavePlayMode () (at Assets/GameCore.Validation/Editor/LifecyclePlayModeMatrix.cs:502)
GameCore.Validation.Editor.LifecyclePlayModeMatrix:OnPlayModeStateChanged (UnityEditor.PlayModeStateChange) (at Assets/GameCore.Validation/Editor/LifecyclePlayModeMatrix.cs:238)
UnityEditor.EditorApplication:Internal_PlayModeStateChanged (UnityEditor.PlayModeStateChange) (at /home/bokken/build/output/unity/unity/Editor/Mono/EditorApplication.cs:487)

(Filename: Assets/GameCore.Validation/Editor/LifecyclePlayModeMatrix.cs Line: 502)

[GC022] reload-off-scene-on cycle 3/10 entering Play Mode
UnityEngine.Debug:ExtractStackTraceNoAlloc (byte*,int,string)
UnityEngine.StackTraceUtility:ExtractStackTrace () (at /home/bokken/build/output/unity/unity/Runtime/Export/Scripting/StackTrace.cs:35)
UnityEngine.DebugLogHandler:Internal_Log (UnityEngine.LogType,UnityEngine.LogOption,string,UnityEngine.Object)
UnityEngine.DebugLogHandler:LogFormat (UnityEngine.LogType,UnityEngine.Object,string,object[])
UnityEngine.Logger:Log (UnityEngine.LogType,object)
UnityEngine.Debug:Log (object)
GameCore.Validation.Editor.LifecyclePlayModeMatrix:BeginCycle () (at Assets/GameCore.Validation/Editor/LifecyclePlayModeMatrix.cs:215)
UnityEditor.EditorApplication:Internal_CallDelayFunctions () (at /home/bokken/build/output/unity/unity/Editor/Mono/EditorApplication.cs:399)

(Filename: Assets/GameCore.Validation/Editor/LifecyclePlayModeMatrix.cs Line: 215)

Entering Playmode with Reload Domain disabled.
If you experience any issues, please disable "Enter Play Mode Options" in Editor Settings
Loaded scene 'Temp/__Backupscenes/0.backup'
	Deserialize:            0.098 ms
	Integration:            104.807 ms
	Integration of assets:  0.001 ms
	Thread Wait Time:       0.004 ms
	Total Operation Time:   104.910 ms
[GC022] reload-off-scene-on cycle 3 entered Play Mode; session=ca69c4b782b1d3275ba1c64c85f0dd80; reloadedOnEntry=False; runCount=3
UnityEngine.Debug:ExtractStackTraceNoAlloc (byte*,int,string)
UnityEngine.StackTraceUtility:ExtractStackTrace () (at /home/bokken/build/output/unity/unity/Runtime/Export/Scripting/StackTrace.cs:35)
UnityEngine.DebugLogHandler:Internal_Log (UnityEngine.LogType,UnityEngine.LogOption,string,UnityEngine.Object)
UnityEngine.DebugLogHandler:LogFormat (UnityEngine.LogType,UnityEngine.Object,string,object[])
UnityEngine.Logger:Log (UnityEngine.LogType,object)
UnityEngine.Debug:Log (object)
GameCore.Validation.Editor.LifecyclePlayModeMatrix:EnterPlayMode () (at Assets/GameCore.Validation/Editor/LifecyclePlayModeMatrix.cs:375)
GameCore.Validation.Editor.LifecyclePlayModeMatrix:OnPlayModeStateChanged (UnityEditor.PlayModeStateChange) (at Assets/GameCore.Validation/Editor/LifecyclePlayModeMatrix.cs:234)
UnityEditor.EditorApplication:Internal_PlayModeStateChanged (UnityEditor.PlayModeStateChange) (at /home/bokken/build/output/unity/unity/Editor/Mono/EditorApplication.cs:487)

(Filename: Assets/GameCore.Validation/Editor/LifecyclePlayModeMatrix.cs Line: 375)

Unloading 0 Unused Serialized files (Serialized files now loaded: 0)
Loaded scene 'Temp/__Backupscenes/0.backup'
	Deserialize:            0.064 ms
	Integration:            104.375 ms
	Integration of assets:  0.001 ms
	Thread Wait Time:       0.007 ms
	Total Operation Time:   104.446 ms
Unloading 0 unused Assets / (0 B). Loaded Objects now: 3451.
Memory consumption went from 125.3 MB to 125.3 MB.
Total: 4.939395 ms (FindLiveObjects: 0.103959 ms CreateObjectMapping: 0.052014 ms MarkObjects: 4.778479 ms  DeleteObjects: 0.004194 ms)

[GC022] reload-off-scene-on cycle 3/10 left Play Mode clean; routedFrames=20
UnityEngine.Debug:ExtractStackTraceNoAlloc (byte*,int,string)
UnityEngine.StackTraceUtility:ExtractStackTrace () (at /home/bokken/build/output/unity/unity/Runtime/Export/Scripting/StackTrace.cs:35)
UnityEngine.DebugLogHandler:Internal_Log (UnityEngine.LogType,UnityEngine.LogOption,string,UnityEngine.Object)
UnityEngine.DebugLogHandler:LogFormat (UnityEngine.LogType,UnityEngine.Object,string,object[])
UnityEngine.Logger:Log (UnityEngine.LogType,object)
UnityEngine.Debug:Log (object)
GameCore.Validation.Editor.LifecyclePlayModeMatrix:LeavePlayMode () (at Assets/GameCore.Validation/Editor/LifecyclePlayModeMatrix.cs:502)
GameCore.Validation.Editor.LifecyclePlayModeMatrix:OnPlayModeStateChanged (UnityEditor.PlayModeStateChange) (at Assets/GameCore.Validation/Editor/LifecyclePlayModeMatrix.cs:238)
UnityEditor.EditorApplication:Internal_PlayModeStateChanged (UnityEditor.PlayModeStateChange) (at /home/bokken/build/output/unity/unity/Editor/Mono/EditorApplication.cs:487)

(Filename: Assets/GameCore.Validation/Editor/LifecyclePlayModeMatrix.cs Line: 502)

[GC022] reload-off-scene-on cycle 4/10 entering Play Mode
UnityEngine.Debug:ExtractStackTraceNoAlloc (byte*,int,string)
UnityEngine.StackTraceUtility:ExtractStackTrace () (at /home/bokken/build/output/unity/unity/Runtime/Export/Scripting/StackTrace.cs:35)
UnityEngine.DebugLogHandler:Internal_Log (UnityEngine.LogType,UnityEngine.LogOption,string,UnityEngine.Object)
UnityEngine.DebugLogHandler:LogFormat (UnityEngine.LogType,UnityEngine.Object,string,object[])
UnityEngine.Logger:Log (UnityEngine.LogType,object)
UnityEngine.Debug:Log (object)
GameCore.Validation.Editor.LifecyclePlayModeMatrix:BeginCycle () (at Assets/GameCore.Validation/Editor/LifecyclePlayModeMatrix.cs:215)
UnityEditor.EditorApplication:Internal_CallDelayFunctions () (at /home/bokken/build/output/unity/unity/Editor/Mono/EditorApplication.cs:399)

(Filename: Assets/GameCore.Validation/Editor/LifecyclePlayModeMatrix.cs Line: 215)

Entering Playmode with Reload Domain disabled.
If you experience any issues, please disable "Enter Play Mode Options" in Editor Settings
Loaded scene 'Temp/__Backupscenes/0.backup'
	Deserialize:            0.071 ms
	Integration:            107.065 ms
	Integration of assets:  0.001 ms
	Thread Wait Time:       0.008 ms
	Total Operation Time:   107.146 ms
[GC022] reload-off-scene-on cycle 4 entered Play Mode; session=ccf6f807235c898e5a62ef13eead0ba5; reloadedOnEntry=False; runCount=4
UnityEngine.Debug:ExtractStackTraceNoAlloc (byte*,int,string)
UnityEngine.StackTraceUtility:ExtractStackTrace () (at /home/bokken/build/output/unity/unity/Runtime/Export/Scripting/StackTrace.cs:35)
UnityEngine.DebugLogHandler:Internal_Log (UnityEngine.LogType,UnityEngine.LogOption,string,UnityEngine.Object)
UnityEngine.DebugLogHandler:LogFormat (UnityEngine.LogType,UnityEngine.Object,string,object[])
UnityEngine.Logger:Log (UnityEngine.LogType,object)
UnityEngine.Debug:Log (object)
GameCore.Validation.Editor.LifecyclePlayModeMatrix:EnterPlayMode () (at Assets/GameCore.Validation/Editor/LifecyclePlayModeMatrix.cs:375)
GameCore.Validation.Editor.LifecyclePlayModeMatrix:OnPlayModeStateChanged (UnityEditor.PlayModeStateChange) (at Assets/GameCore.Validation/Editor/LifecyclePlayModeMatrix.cs:234)
UnityEditor.EditorApplication:Internal_PlayModeStateChanged (UnityEditor.PlayModeStateChange) (at /home/bokken/build/output/unity/unity/Editor/Mono/EditorApplication.cs:487)

(Filename: Assets/GameCore.Validation/Editor/LifecyclePlayModeMatrix.cs Line: 375)

Unloading 0 Unused Serialized files (Serialized files now loaded: 0)
Loaded scene 'Temp/__Backupscenes/0.backup'
	Deserialize:            0.097 ms
	Integration:            109.053 ms
	Integration of assets:  0.001 ms
	Thread Wait Time:       0.004 ms
	Total Operation Time:   109.155 ms
Unloading 0 unused Assets / (0 B). Loaded Objects now: 3451.
Memory consumption went from 125.3 MB to 125.3 MB.
Total: 4.956714 ms (FindLiveObjects: 0.106391 ms CreateObjectMapping: 0.051359 ms MarkObjects: 4.794054 ms  DeleteObjects: 0.004259 ms)

[GC022] reload-off-scene-on cycle 4/10 left Play Mode clean; routedFrames=20
UnityEngine.Debug:ExtractStackTraceNoAlloc (byte*,int,string)
UnityEngine.StackTraceUtility:ExtractStackTrace () (at /home/bokken/build/output/unity/unity/Runtime/Export/Scripting/StackTrace.cs:35)
UnityEngine.DebugLogHandler:Internal_Log (UnityEngine.LogType,UnityEngine.LogOption,string,UnityEngine.Object)
UnityEngine.DebugLogHandler:LogFormat (UnityEngine.LogType,UnityEngine.Object,string,object[])
UnityEngine.Logger:Log (UnityEngine.LogType,object)
UnityEngine.Debug:Log (object)
GameCore.Validation.Editor.LifecyclePlayModeMatrix:LeavePlayMode () (at Assets/GameCore.Validation/Editor/LifecyclePlayModeMatrix.cs:502)
GameCore.Validation.Editor.LifecyclePlayModeMatrix:OnPlayModeStateChanged (UnityEditor.PlayModeStateChange) (at Assets/GameCore.Validation/Editor/LifecyclePlayModeMatrix.cs:238)
UnityEditor.EditorApplication:Internal_PlayModeStateChanged (UnityEditor.PlayModeStateChange) (at /home/bokken/build/output/unity/unity/Editor/Mono/EditorApplication.cs:487)

(Filename: Assets/GameCore.Validation/Editor/LifecyclePlayModeMatrix.cs Line: 502)

[GC022] reload-off-scene-on cycle 5/10 entering Play Mode
UnityEngine.Debug:ExtractStackTraceNoAlloc (byte*,int,string)
UnityEngine.StackTraceUtility:ExtractStackTrace () (at /home/bokken/build/output/unity/unity/Runtime/Export/Scripting/StackTrace.cs:35)
UnityEngine.DebugLogHandler:Internal_Log (UnityEngine.LogType,UnityEngine.LogOption,string,UnityEngine.Object)
UnityEngine.DebugLogHandler:LogFormat (UnityEngine.LogType,UnityEngine.Object,string,object[])
UnityEngine.Logger:Log (UnityEngine.LogType,object)
UnityEngine.Debug:Log (object)
GameCore.Validation.Editor.LifecyclePlayModeMatrix:BeginCycle () (at Assets/GameCore.Validation/Editor/LifecyclePlayModeMatrix.cs:215)
UnityEditor.EditorApplication:Internal_CallDelayFunctions () (at /home/bokken/build/output/unity/unity/Editor/Mono/EditorApplication.cs:399)

(Filename: Assets/GameCore.Validation/Editor/LifecyclePlayModeMatrix.cs Line: 215)

Entering Playmode with Reload Domain disabled.
If you experience any issues, please disable "Enter Play Mode Options" in Editor Settings
Loaded scene 'Temp/__Backupscenes/0.backup'
	Deserialize:            0.069 ms
	Integration:            105.369 ms
	Integration of assets:  0.001 ms
	Thread Wait Time:       0.002 ms
	Total Operation Time:   105.442 ms
[GC022] reload-off-scene-on cycle 5 entered Play Mode; session=c2f3d1b673244405a0604f3a9e44beb3; reloadedOnEntry=False; runCount=5
UnityEngine.Debug:ExtractStackTraceNoAlloc (byte*,int,string)
UnityEngine.StackTraceUtility:ExtractStackTrace () (at /home/bokken/build/output/unity/unity/Runtime/Export/Scripting/StackTrace.cs:35)
UnityEngine.DebugLogHandler:Internal_Log (UnityEngine.LogType,UnityEngine.LogOption,string,UnityEngine.Object)
UnityEngine.DebugLogHandler:LogFormat (UnityEngine.LogType,UnityEngine.Object,string,object[])
UnityEngine.Logger:Log (UnityEngine.LogType,object)
UnityEngine.Debug:Log (object)
GameCore.Validation.Editor.LifecyclePlayModeMatrix:EnterPlayMode () (at Assets/GameCore.Validation/Editor/LifecyclePlayModeMatrix.cs:375)
GameCore.Validation.Editor.LifecyclePlayModeMatrix:OnPlayModeStateChanged (UnityEditor.PlayModeStateChange) (at Assets/GameCore.Validation/Editor/LifecyclePlayModeMatrix.cs:234)
UnityEditor.EditorApplication:Internal_PlayModeStateChanged (UnityEditor.PlayModeStateChange) (at /home/bokken/build/output/unity/unity/Editor/Mono/EditorApplication.cs:487)

(Filename: Assets/GameCore.Validation/Editor/LifecyclePlayModeMatrix.cs Line: 375)

Unloading 0 Unused Serialized files (Serialized files now loaded: 0)
Loaded scene 'Temp/__Backupscenes/0.backup'
	Deserialize:            0.098 ms
	Integration:            102.306 ms
	Integration of assets:  0.001 ms
	Thread Wait Time:       0.046 ms
	Total Operation Time:   102.452 ms
Unloading 0 unused Assets / (0 B). Loaded Objects now: 3451.
Memory consumption went from 125.3 MB to 125.3 MB.
Total: 4.930786 ms (FindLiveObjects: 0.104044 ms CreateObjectMapping: 0.052180 ms MarkObjects: 4.769691 ms  DeleteObjects: 0.004478 ms)

[GC022] reload-off-scene-on cycle 5/10 left Play Mode clean; routedFrames=20
UnityEngine.Debug:ExtractStackTraceNoAlloc (byte*,int,string)
UnityEngine.StackTraceUtility:ExtractStackTrace () (at /home/bokken/build/output/unity/unity/Runtime/Export/Scripting/StackTrace.cs:35)
UnityEngine.DebugLogHandler:Internal_Log (UnityEngine.LogType,UnityEngine.LogOption,string,UnityEngine.Object)
UnityEngine.DebugLogHandler:LogFormat (UnityEngine.LogType,UnityEngine.Object,string,object[])
UnityEngine.Logger:Log (UnityEngine.LogType,object)
UnityEngine.Debug:Log (object)
GameCore.Validation.Editor.LifecyclePlayModeMatrix:LeavePlayMode () (at Assets/GameCore.Validation/Editor/LifecyclePlayModeMatrix.cs:502)
GameCore.Validation.Editor.LifecyclePlayModeMatrix:OnPlayModeStateChanged (UnityEditor.PlayModeStateChange) (at Assets/GameCore.Validation/Editor/LifecyclePlayModeMatrix.cs:238)
UnityEditor.EditorApplication:Internal_PlayModeStateChanged (UnityEditor.PlayModeStateChange) (at /home/bokken/build/output/unity/unity/Editor/Mono/EditorApplication.cs:487)

(Filename: Assets/GameCore.Validation/Editor/LifecyclePlayModeMatrix.cs Line: 502)

[GC022] reload-off-scene-on cycle 6/10 entering Play Mode
UnityEngine.Debug:ExtractStackTraceNoAlloc (byte*,int,string)
UnityEngine.StackTraceUtility:ExtractStackTrace () (at /home/bokken/build/output/unity/unity/Runtime/Export/Scripting/StackTrace.cs:35)
UnityEngine.DebugLogHandler:Internal_Log (UnityEngine.LogType,UnityEngine.LogOption,string,UnityEngine.Object)
UnityEngine.DebugLogHandler:LogFormat (UnityEngine.LogType,UnityEngine.Object,string,object[])
UnityEngine.Logger:Log (UnityEngine.LogType,object)
UnityEngine.Debug:Log (object)
GameCore.Validation.Editor.LifecyclePlayModeMatrix:BeginCycle () (at Assets/GameCore.Validation/Editor/LifecyclePlayModeMatrix.cs:215)
UnityEditor.EditorApplication:Internal_CallDelayFunctions () (at /home/bokken/build/output/unity/unity/Editor/Mono/EditorApplication.cs:399)

(Filename: Assets/GameCore.Validation/Editor/LifecyclePlayModeMatrix.cs Line: 215)

Entering Playmode with Reload Domain disabled.
If you experience any issues, please disable "Enter Play Mode Options" in Editor Settings
Loaded scene 'Temp/__Backupscenes/0.backup'
	Deserialize:            0.098 ms
	Integration:            104.120 ms
	Integration of assets:  0.001 ms
	Thread Wait Time:       0.004 ms
	Total Operation Time:   104.223 ms
[GC022] reload-off-scene-on cycle 6 entered Play Mode; session=cff12228c939882fc0e1722d17bd27a0; reloadedOnEntry=False; runCount=6
UnityEngine.Debug:ExtractStackTraceNoAlloc (byte*,int,string)
UnityEngine.StackTraceUtility:ExtractStackTrace () (at /home/bokken/build/output/unity/unity/Runtime/Export/Scripting/StackTrace.cs:35)
UnityEngine.DebugLogHandler:Internal_Log (UnityEngine.LogType,UnityEngine.LogOption,string,UnityEngine.Object)
UnityEngine.DebugLogHandler:LogFormat (UnityEngine.LogType,UnityEngine.Object,string,object[])
UnityEngine.Logger:Log (UnityEngine.LogType,object)
UnityEngine.Debug:Log (object)
GameCore.Validation.Editor.LifecyclePlayModeMatrix:EnterPlayMode () (at Assets/GameCore.Validation/Editor/LifecyclePlayModeMatrix.cs:375)
GameCore.Validation.Editor.LifecyclePlayModeMatrix:OnPlayModeStateChanged (UnityEditor.PlayModeStateChange) (at Assets/GameCore.Validation/Editor/LifecyclePlayModeMatrix.cs:234)
UnityEditor.EditorApplication:Internal_PlayModeStateChanged (UnityEditor.PlayModeStateChange) (at /home/bokken/build/output/unity/unity/Editor/Mono/EditorApplication.cs:487)

(Filename: Assets/GameCore.Validation/Editor/LifecyclePlayModeMatrix.cs Line: 375)

Unloading 0 Unused Serialized files (Serialized files now loaded: 0)
Loaded scene 'Temp/__Backupscenes/0.backup'
	Deserialize:            0.101 ms
	Integration:            104.966 ms
	Integration of assets:  0.001 ms
	Thread Wait Time:       0.004 ms
	Total Operation Time:   105.071 ms
Unloading 0 unused Assets / (0 B). Loaded Objects now: 3451.
Memory consumption went from 125.3 MB to 125.3 MB.
Total: 4.927852 ms (FindLiveObjects: 0.102255 ms CreateObjectMapping: 0.050406 ms MarkObjects: 4.770232 ms  DeleteObjects: 0.004529 ms)

[GC022] reload-off-scene-on cycle 6/10 left Play Mode clean; routedFrames=20
UnityEngine.Debug:ExtractStackTraceNoAlloc (byte*,int,string)
UnityEngine.StackTraceUtility:ExtractStackTrace () (at /home/bokken/build/output/unity/unity/Runtime/Export/Scripting/StackTrace.cs:35)
UnityEngine.DebugLogHandler:Internal_Log (UnityEngine.LogType,UnityEngine.LogOption,string,UnityEngine.Object)
UnityEngine.DebugLogHandler:LogFormat (UnityEngine.LogType,UnityEngine.Object,string,object[])
UnityEngine.Logger:Log (UnityEngine.LogType,object)
UnityEngine.Debug:Log (object)
GameCore.Validation.Editor.LifecyclePlayModeMatrix:LeavePlayMode () (at Assets/GameCore.Validation/Editor/LifecyclePlayModeMatrix.cs:502)
GameCore.Validation.Editor.LifecyclePlayModeMatrix:OnPlayModeStateChanged (UnityEditor.PlayModeStateChange) (at Assets/GameCore.Validation/Editor/LifecyclePlayModeMatrix.cs:238)
UnityEditor.EditorApplication:Internal_PlayModeStateChanged (UnityEditor.PlayModeStateChange) (at /home/bokken/build/output/unity/unity/Editor/Mono/EditorApplication.cs:487)

(Filename: Assets/GameCore.Validation/Editor/LifecyclePlayModeMatrix.cs Line: 502)

[GC022] reload-off-scene-on cycle 7/10 entering Play Mode
UnityEngine.Debug:ExtractStackTraceNoAlloc (byte*,int,string)
UnityEngine.StackTraceUtility:ExtractStackTrace () (at /home/bokken/build/output/unity/unity/Runtime/Export/Scripting/StackTrace.cs:35)
UnityEngine.DebugLogHandler:Internal_Log (UnityEngine.LogType,UnityEngine.LogOption,string,UnityEngine.Object)
UnityEngine.DebugLogHandler:LogFormat (UnityEngine.LogType,UnityEngine.Object,string,object[])
UnityEngine.Logger:Log (UnityEngine.LogType,object)
UnityEngine.Debug:Log (object)
GameCore.Validation.Editor.LifecyclePlayModeMatrix:BeginCycle () (at Assets/GameCore.Validation/Editor/LifecyclePlayModeMatrix.cs:215)
UnityEditor.EditorApplication:Internal_CallDelayFunctions () (at /home/bokken/build/output/unity/unity/Editor/Mono/EditorApplication.cs:399)

(Filename: Assets/GameCore.Validation/Editor/LifecyclePlayModeMatrix.cs Line: 215)

Entering Playmode with Reload Domain disabled.
If you experience any issues, please disable "Enter Play Mode Options" in Editor Settings
Loaded scene 'Temp/__Backupscenes/0.backup'
	Deserialize:            0.113 ms
	Integration:            104.495 ms
	Integration of assets:  0.001 ms
	Thread Wait Time:       0.045 ms
	Total Operation Time:   104.653 ms
[GC022] reload-off-scene-on cycle 7 entered Play Mode; session=c1348b8f5b2f7065b796a1d573ae8882; reloadedOnEntry=False; runCount=7
UnityEngine.Debug:ExtractStackTraceNoAlloc (byte*,int,string)
UnityEngine.StackTraceUtility:ExtractStackTrace () (at /home/bokken/build/output/unity/unity/Runtime/Export/Scripting/StackTrace.cs:35)
UnityEngine.DebugLogHandler:Internal_Log (UnityEngine.LogType,UnityEngine.LogOption,string,UnityEngine.Object)
UnityEngine.DebugLogHandler:LogFormat (UnityEngine.LogType,UnityEngine.Object,string,object[])
UnityEngine.Logger:Log (UnityEngine.LogType,object)
UnityEngine.Debug:Log (object)
GameCore.Validation.Editor.LifecyclePlayModeMatrix:EnterPlayMode () (at Assets/GameCore.Validation/Editor/LifecyclePlayModeMatrix.cs:375)
GameCore.Validation.Editor.LifecyclePlayModeMatrix:OnPlayModeStateChanged (UnityEditor.PlayModeStateChange) (at Assets/GameCore.Validation/Editor/LifecyclePlayModeMatrix.cs:234)
UnityEditor.EditorApplication:Internal_PlayModeStateChanged (UnityEditor.PlayModeStateChange) (at /home/bokken/build/output/unity/unity/Editor/Mono/EditorApplication.cs:487)

(Filename: Assets/GameCore.Validation/Editor/LifecyclePlayModeMatrix.cs Line: 375)

Unloading 0 Unused Serialized files (Serialized files now loaded: 0)
Loaded scene 'Temp/__Backupscenes/0.backup'
	Deserialize:            0.107 ms
	Integration:            101.761 ms
	Integration of assets:  0.001 ms
	Thread Wait Time:       0.048 ms
	Total Operation Time:   101.917 ms
Unloading 0 unused Assets / (0 B). Loaded Objects now: 3451.
Memory consumption went from 125.3 MB to 125.3 MB.
Total: 4.852055 ms (FindLiveObjects: 0.105346 ms CreateObjectMapping: 0.053100 ms MarkObjects: 4.688919 ms  DeleteObjects: 0.004147 ms)

[GC022] reload-off-scene-on cycle 7/10 left Play Mode clean; routedFrames=20
UnityEngine.Debug:ExtractStackTraceNoAlloc (byte*,int,string)
UnityEngine.StackTraceUtility:ExtractStackTrace () (at /home/bokken/build/output/unity/unity/Runtime/Export/Scripting/StackTrace.cs:35)
UnityEngine.DebugLogHandler:Internal_Log (UnityEngine.LogType,UnityEngine.LogOption,string,UnityEngine.Object)
UnityEngine.DebugLogHandler:LogFormat (UnityEngine.LogType,UnityEngine.Object,string,object[])
UnityEngine.Logger:Log (UnityEngine.LogType,object)
UnityEngine.Debug:Log (object)
GameCore.Validation.Editor.LifecyclePlayModeMatrix:LeavePlayMode () (at Assets/GameCore.Validation/Editor/LifecyclePlayModeMatrix.cs:502)
GameCore.Validation.Editor.LifecyclePlayModeMatrix:OnPlayModeStateChanged (UnityEditor.PlayModeStateChange) (at Assets/GameCore.Validation/Editor/LifecyclePlayModeMatrix.cs:238)
UnityEditor.EditorApplication:Internal_PlayModeStateChanged (UnityEditor.PlayModeStateChange) (at /home/bokken/build/output/unity/unity/Editor/Mono/EditorApplication.cs:487)

(Filename: Assets/GameCore.Validation/Editor/LifecyclePlayModeMatrix.cs Line: 502)

[GC022] reload-off-scene-on cycle 8/10 entering Play Mode
UnityEngine.Debug:ExtractStackTraceNoAlloc (byte*,int,string)
UnityEngine.StackTraceUtility:ExtractStackTrace () (at /home/bokken/build/output/unity/unity/Runtime/Export/Scripting/StackTrace.cs:35)
UnityEngine.DebugLogHandler:Internal_Log (UnityEngine.LogType,UnityEngine.LogOption,string,UnityEngine.Object)
UnityEngine.DebugLogHandler:LogFormat (UnityEngine.LogType,UnityEngine.Object,string,object[])
UnityEngine.Logger:Log (UnityEngine.LogType,object)
UnityEngine.Debug:Log (object)
GameCore.Validation.Editor.LifecyclePlayModeMatrix:BeginCycle () (at Assets/GameCore.Validation/Editor/LifecyclePlayModeMatrix.cs:215)
UnityEditor.EditorApplication:Internal_CallDelayFunctions () (at /home/bokken/build/output/unity/unity/Editor/Mono/EditorApplication.cs:399)

(Filename: Assets/GameCore.Validation/Editor/LifecyclePlayModeMatrix.cs Line: 215)

Entering Playmode with Reload Domain disabled.
If you experience any issues, please disable "Enter Play Mode Options" in Editor Settings
Loaded scene 'Temp/__Backupscenes/0.backup'
	Deserialize:            0.126 ms
	Integration:            105.401 ms
	Integration of assets:  0.001 ms
	Thread Wait Time:       0.058 ms
	Total Operation Time:   105.586 ms
[GC022] reload-off-scene-on cycle 8 entered Play Mode; session=c882fca57a1c13b5a9d9178f0e85feb9; reloadedOnEntry=False; runCount=8
UnityEngine.Debug:ExtractStackTraceNoAlloc (byte*,int,string)
UnityEngine.StackTraceUtility:ExtractStackTrace () (at /home/bokken/build/output/unity/unity/Runtime/Export/Scripting/StackTrace.cs:35)
UnityEngine.DebugLogHandler:Internal_Log (UnityEngine.LogType,UnityEngine.LogOption,string,UnityEngine.Object)
UnityEngine.DebugLogHandler:LogFormat (UnityEngine.LogType,UnityEngine.Object,string,object[])
UnityEngine.Logger:Log (UnityEngine.LogType,object)
UnityEngine.Debug:Log (object)
GameCore.Validation.Editor.LifecyclePlayModeMatrix:EnterPlayMode () (at Assets/GameCore.Validation/Editor/LifecyclePlayModeMatrix.cs:375)
GameCore.Validation.Editor.LifecyclePlayModeMatrix:OnPlayModeStateChanged (UnityEditor.PlayModeStateChange) (at Assets/GameCore.Validation/Editor/LifecyclePlayModeMatrix.cs:234)
UnityEditor.EditorApplication:Internal_PlayModeStateChanged (UnityEditor.PlayModeStateChange) (at /home/bokken/build/output/unity/unity/Editor/Mono/EditorApplication.cs:487)

(Filename: Assets/GameCore.Validation/Editor/LifecyclePlayModeMatrix.cs Line: 375)

Unloading 0 Unused Serialized files (Serialized files now loaded: 0)
Loaded scene 'Temp/__Backupscenes/0.backup'
	Deserialize:            0.098 ms
	Integration:            102.893 ms
	Integration of assets:  0.001 ms
	Thread Wait Time:       0.004 ms
	Total Operation Time:   102.996 ms
Unloading 0 unused Assets / (0 B). Loaded Objects now: 3451.
Memory consumption went from 125.3 MB to 125.3 MB.
Total: 4.960258 ms (FindLiveObjects: 0.106065 ms CreateObjectMapping: 0.062146 ms MarkObjects: 4.786765 ms  DeleteObjects: 0.004883 ms)

[GC022] reload-off-scene-on cycle 8/10 left Play Mode clean; routedFrames=20
UnityEngine.Debug:ExtractStackTraceNoAlloc (byte*,int,string)
UnityEngine.StackTraceUtility:ExtractStackTrace () (at /home/bokken/build/output/unity/unity/Runtime/Export/Scripting/StackTrace.cs:35)
UnityEngine.DebugLogHandler:Internal_Log (UnityEngine.LogType,UnityEngine.LogOption,string,UnityEngine.Object)
UnityEngine.DebugLogHandler:LogFormat (UnityEngine.LogType,UnityEngine.Object,string,object[])
UnityEngine.Logger:Log (UnityEngine.LogType,object)
UnityEngine.Debug:Log (object)
GameCore.Validation.Editor.LifecyclePlayModeMatrix:LeavePlayMode () (at Assets/GameCore.Validation/Editor/LifecyclePlayModeMatrix.cs:502)
GameCore.Validation.Editor.LifecyclePlayModeMatrix:OnPlayModeStateChanged (UnityEditor.PlayModeStateChange) (at Assets/GameCore.Validation/Editor/LifecyclePlayModeMatrix.cs:238)
UnityEditor.EditorApplication:Internal_PlayModeStateChanged (UnityEditor.PlayModeStateChange) (at /home/bokken/build/output/unity/unity/Editor/Mono/EditorApplication.cs:487)

(Filename: Assets/GameCore.Validation/Editor/LifecyclePlayModeMatrix.cs Line: 502)

[GC022] reload-off-scene-on cycle 9/10 entering Play Mode
UnityEngine.Debug:ExtractStackTraceNoAlloc (byte*,int,string)
UnityEngine.StackTraceUtility:ExtractStackTrace () (at /home/bokken/build/output/unity/unity/Runtime/Export/Scripting/StackTrace.cs:35)
UnityEngine.DebugLogHandler:Internal_Log (UnityEngine.LogType,UnityEngine.LogOption,string,UnityEngine.Object)
UnityEngine.DebugLogHandler:LogFormat (UnityEngine.LogType,UnityEngine.Object,string,object[])
UnityEngine.Logger:Log (UnityEngine.LogType,object)
UnityEngine.Debug:Log (object)
GameCore.Validation.Editor.LifecyclePlayModeMatrix:BeginCycle () (at Assets/GameCore.Validation/Editor/LifecyclePlayModeMatrix.cs:215)
UnityEditor.EditorApplication:Internal_CallDelayFunctions () (at /home/bokken/build/output/unity/unity/Editor/Mono/EditorApplication.cs:399)

(Filename: Assets/GameCore.Validation/Editor/LifecyclePlayModeMatrix.cs Line: 215)

Entering Playmode with Reload Domain disabled.
If you experience any issues, please disable "Enter Play Mode Options" in Editor Settings
Loaded scene 'Temp/__Backupscenes/0.backup'
	Deserialize:            0.104 ms
	Integration:            105.763 ms
	Integration of assets:  0.001 ms
	Thread Wait Time:       0.004 ms
	Total Operation Time:   105.872 ms
[GC022] reload-off-scene-on cycle 9 entered Play Mode; session=c5deb2b63d254947cc62ea37228e56ad; reloadedOnEntry=False; runCount=9
UnityEngine.Debug:ExtractStackTraceNoAlloc (byte*,int,string)
UnityEngine.StackTraceUtility:ExtractStackTrace () (at /home/bokken/build/output/unity/unity/Runtime/Export/Scripting/StackTrace.cs:35)
UnityEngine.DebugLogHandler:Internal_Log (UnityEngine.LogType,UnityEngine.LogOption,string,UnityEngine.Object)
UnityEngine.DebugLogHandler:LogFormat (UnityEngine.LogType,UnityEngine.Object,string,object[])
UnityEngine.Logger:Log (UnityEngine.LogType,object)
UnityEngine.Debug:Log (object)
GameCore.Validation.Editor.LifecyclePlayModeMatrix:EnterPlayMode () (at Assets/GameCore.Validation/Editor/LifecyclePlayModeMatrix.cs:375)
GameCore.Validation.Editor.LifecyclePlayModeMatrix:OnPlayModeStateChanged (UnityEditor.PlayModeStateChange) (at Assets/GameCore.Validation/Editor/LifecyclePlayModeMatrix.cs:234)
UnityEditor.EditorApplication:Internal_PlayModeStateChanged (UnityEditor.PlayModeStateChange) (at /home/bokken/build/output/unity/unity/Editor/Mono/EditorApplication.cs:487)

(Filename: Assets/GameCore.Validation/Editor/LifecyclePlayModeMatrix.cs Line: 375)

Unloading 0 Unused Serialized files (Serialized files now loaded: 0)
Loaded scene 'Temp/__Backupscenes/0.backup'
	Deserialize:            0.107 ms
	Integration:            101.690 ms
	Integration of assets:  0.001 ms
	Thread Wait Time:       0.004 ms
	Total Operation Time:   101.801 ms
Unloading 0 unused Assets / (0 B). Loaded Objects now: 3451.
Memory consumption went from 125.3 MB to 125.3 MB.
Total: 4.932498 ms (FindLiveObjects: 0.104555 ms CreateObjectMapping: 0.052972 ms MarkObjects: 4.769541 ms  DeleteObjects: 0.004798 ms)

[GC022] reload-off-scene-on cycle 9/10 left Play Mode clean; routedFrames=20
UnityEngine.Debug:ExtractStackTraceNoAlloc (byte*,int,string)
UnityEngine.StackTraceUtility:ExtractStackTrace () (at /home/bokken/build/output/unity/unity/Runtime/Export/Scripting/StackTrace.cs:35)
UnityEngine.DebugLogHandler:Internal_Log (UnityEngine.LogType,UnityEngine.LogOption,string,UnityEngine.Object)
UnityEngine.DebugLogHandler:LogFormat (UnityEngine.LogType,UnityEngine.Object,string,object[])
UnityEngine.Logger:Log (UnityEngine.LogType,object)
UnityEngine.Debug:Log (object)
GameCore.Validation.Editor.LifecyclePlayModeMatrix:LeavePlayMode () (at Assets/GameCore.Validation/Editor/LifecyclePlayModeMatrix.cs:502)
GameCore.Validation.Editor.LifecyclePlayModeMatrix:OnPlayModeStateChanged (UnityEditor.PlayModeStateChange) (at Assets/GameCore.Validation/Editor/LifecyclePlayModeMatrix.cs:238)
UnityEditor.EditorApplication:Internal_PlayModeStateChanged (UnityEditor.PlayModeStateChange) (at /home/bokken/build/output/unity/unity/Editor/Mono/EditorApplication.cs:487)

(Filename: Assets/GameCore.Validation/Editor/LifecyclePlayModeMatrix.cs Line: 502)

[GC022] reload-off-scene-on cycle 10/10 entering Play Mode
UnityEngine.Debug:ExtractStackTraceNoAlloc (byte*,int,string)
UnityEngine.StackTraceUtility:ExtractStackTrace () (at /home/bokken/build/output/unity/unity/Runtime/Export/Scripting/StackTrace.cs:35)
UnityEngine.DebugLogHandler:Internal_Log (UnityEngine.LogType,UnityEngine.LogOption,string,UnityEngine.Object)
UnityEngine.DebugLogHandler:LogFormat (UnityEngine.LogType,UnityEngine.Object,string,object[])
UnityEngine.Logger:Log (UnityEngine.LogType,object)
UnityEngine.Debug:Log (object)
GameCore.Validation.Editor.LifecyclePlayModeMatrix:BeginCycle () (at Assets/GameCore.Validation/Editor/LifecyclePlayModeMatrix.cs:215)
UnityEditor.EditorApplication:Internal_CallDelayFunctions () (at /home/bokken/build/output/unity/unity/Editor/Mono/EditorApplication.cs:399)

(Filename: Assets/GameCore.Validation/Editor/LifecyclePlayModeMatrix.cs Line: 215)

Entering Playmode with Reload Domain disabled.
If you experience any issues, please disable "Enter Play Mode Options" in Editor Settings
Loaded scene 'Temp/__Backupscenes/0.backup'
	Deserialize:            0.125 ms
	Integration:            111.473 ms
	Integration of assets:  0.001 ms
	Thread Wait Time:       0.004 ms
	Total Operation Time:   111.603 ms
[GC022] reload-off-scene-on cycle 10 entered Play Mode; session=cf00a2c020f8ee97e4163193b59f0e94; reloadedOnEntry=False; runCount=10
UnityEngine.Debug:ExtractStackTraceNoAlloc (byte*,int,string)
UnityEngine.StackTraceUtility:ExtractStackTrace () (at /home/bokken/build/output/unity/unity/Runtime/Export/Scripting/StackTrace.cs:35)
UnityEngine.DebugLogHandler:Internal_Log (UnityEngine.LogType,UnityEngine.LogOption,string,UnityEngine.Object)
UnityEngine.DebugLogHandler:LogFormat (UnityEngine.LogType,UnityEngine.Object,string,object[])
UnityEngine.Logger:Log (UnityEngine.LogType,object)
UnityEngine.Debug:Log (object)
GameCore.Validation.Editor.LifecyclePlayModeMatrix:EnterPlayMode () (at Assets/GameCore.Validation/Editor/LifecyclePlayModeMatrix.cs:375)
GameCore.Validation.Editor.LifecyclePlayModeMatrix:OnPlayModeStateChanged (UnityEditor.PlayModeStateChange) (at Assets/GameCore.Validation/Editor/LifecyclePlayModeMatrix.cs:234)
UnityEditor.EditorApplication:Internal_PlayModeStateChanged (UnityEditor.PlayModeStateChange) (at /home/bokken/build/output/unity/unity/Editor/Mono/EditorApplication.cs:487)

(Filename: Assets/GameCore.Validation/Editor/LifecyclePlayModeMatrix.cs Line: 375)

Unloading 0 Unused Serialized files (Serialized files now loaded: 0)
Loaded scene 'Temp/__Backupscenes/0.backup'
	Deserialize:            0.102 ms
	Integration:            103.395 ms
	Integration of assets:  0.001 ms
	Thread Wait Time:       0.003 ms
	Total Operation Time:   103.501 ms
Unloading 0 unused Assets / (0 B). Loaded Objects now: 3451.
Memory consumption went from 125.3 MB to 125.3 MB.
Total: 7.974815 ms (FindLiveObjects: 0.107887 ms CreateObjectMapping: 0.053373 ms MarkObjects: 7.808389 ms  DeleteObjects: 0.004507 ms)

[GC022] reload-off-scene-on cycle 10/10 left Play Mode clean; routedFrames=20
UnityEngine.Debug:ExtractStackTraceNoAlloc (byte*,int,string)
UnityEngine.StackTraceUtility:ExtractStackTrace () (at /home/bokken/build/output/unity/unity/Runtime/Export/Scripting/StackTrace.cs:35)
UnityEngine.DebugLogHandler:Internal_Log (UnityEngine.LogType,UnityEngine.LogOption,string,UnityEngine.Object)
UnityEngine.DebugLogHandler:LogFormat (UnityEngine.LogType,UnityEngine.Object,string,object[])
UnityEngine.Logger:Log (UnityEngine.LogType,object)
UnityEngine.Debug:Log (object)
GameCore.Validation.Editor.LifecyclePlayModeMatrix:LeavePlayMode () (at Assets/GameCore.Validation/Editor/LifecyclePlayModeMatrix.cs:502)
GameCore.Validation.Editor.LifecyclePlayModeMatrix:OnPlayModeStateChanged (UnityEditor.PlayModeStateChange) (at Assets/GameCore.Validation/Editor/LifecyclePlayModeMatrix.cs:238)
UnityEditor.EditorApplication:Internal_PlayModeStateChanged (UnityEditor.PlayModeStateChange) (at /home/bokken/build/output/unity/unity/Editor/Mono/EditorApplication.cs:487)

(Filename: Assets/GameCore.Validation/Editor/LifecyclePlayModeMatrix.cs Line: 502)

[GC022] summary written to /home/worlesenric/wkspace/gc-wt/gc-022/artifacts/gc-022/playmode-matrix/reload-off-scene-on-summary.json; result=Pass
UnityEngine.Debug:ExtractStackTraceNoAlloc (byte*,int,string)
UnityEngine.StackTraceUtility:ExtractStackTrace () (at /home/bokken/build/output/unity/unity/Runtime/Export/Scripting/StackTrace.cs:35)
UnityEngine.DebugLogHandler:Internal_Log (UnityEngine.LogType,UnityEngine.LogOption,string,UnityEngine.Object)
UnityEngine.DebugLogHandler:LogFormat (UnityEngine.LogType,UnityEngine.Object,string,object[])
UnityEngine.Logger:Log (UnityEngine.LogType,object)
UnityEngine.Debug:Log (object)
GameCore.Validation.Editor.LifecyclePlayModeMatrix:WriteSummary (GameCore.Validation.Editor.LifecyclePlayModeMatrix/Combination,int,int,string,int,System.Collections.Generic.List`1<string>) (at Assets/GameCore.Validation/Editor/LifecyclePlayModeMatrix.cs:578)
GameCore.Validation.Editor.LifecyclePlayModeMatrix:LeavePlayMode () (at Assets/GameCore.Validation/Editor/LifecyclePlayModeMatrix.cs:508)
GameCore.Validation.Editor.LifecyclePlayModeMatrix:OnPlayModeStateChanged (UnityEditor.PlayModeStateChange) (at Assets/GameCore.Validation/Editor/LifecyclePlayModeMatrix.cs:238)
UnityEditor.EditorApplication:Internal_PlayModeStateChanged (UnityEditor.PlayModeStateChange) (at /home/bokken/build/output/unity/unity/Editor/Mono/EditorApplication.cs:487)

(Filename: Assets/GameCore.Validation/Editor/LifecyclePlayModeMatrix.cs Line: 578)

[GC022] restored enter-play settings; optionsEnabled=False; options=None
UnityEngine.Debug:ExtractStackTraceNoAlloc (byte*,int,string)
UnityEngine.StackTraceUtility:ExtractStackTrace () (at /home/bokken/build/output/unity/unity/Runtime/Export/Scripting/StackTrace.cs:35)
UnityEngine.DebugLogHandler:Internal_Log (UnityEngine.LogType,UnityEngine.LogOption,string,UnityEngine.Object)
UnityEngine.DebugLogHandler:LogFormat (UnityEngine.LogType,UnityEngine.Object,string,object[])
UnityEngine.Logger:Log (UnityEngine.LogType,object)
UnityEngine.Debug:Log (object)
GameCore.Validation.Editor.LifecyclePlayModeMatrix:Finish (int) (at Assets/GameCore.Validation/Editor/LifecyclePlayModeMatrix.cs:594)
GameCore.Validation.Editor.LifecyclePlayModeMatrix:LeavePlayMode () (at Assets/GameCore.Validation/Editor/LifecyclePlayModeMatrix.cs:509)
GameCore.Validation.Editor.LifecyclePlayModeMatrix:OnPlayModeStateChanged (UnityEditor.PlayModeStateChange) (at Assets/GameCore.Validation/Editor/LifecyclePlayModeMatrix.cs:238)
UnityEditor.EditorApplication:Internal_PlayModeStateChanged (UnityEditor.PlayModeStateChange) (at /home/bokken/build/output/unity/unity/Editor/Mono/EditorApplication.cs:487)

(Filename: Assets/GameCore.Validation/Editor/LifecyclePlayModeMatrix.cs Line: 594)

[GC022] exiting with code 0; batchMode=True
UnityEngine.Debug:ExtractStackTraceNoAlloc (byte*,int,string)
UnityEngine.StackTraceUtility:ExtractStackTrace () (at /home/bokken/build/output/unity/unity/Runtime/Export/Scripting/StackTrace.cs:35)
UnityEngine.DebugLogHandler:Internal_Log (UnityEngine.LogType,UnityEngine.LogOption,string,UnityEngine.Object)
UnityEngine.DebugLogHandler:LogFormat (UnityEngine.LogType,UnityEngine.Object,string,object[])
UnityEngine.Logger:Log (UnityEngine.LogType,object)
UnityEngine.Debug:Log (object)
GameCore.Validation.Editor.LifecyclePlayModeMatrix:Finish (int) (at Assets/GameCore.Validation/Editor/LifecyclePlayModeMatrix.cs:600)
GameCore.Validation.Editor.LifecyclePlayModeMatrix:LeavePlayMode () (at Assets/GameCore.Validation/Editor/LifecyclePlayModeMatrix.cs:509)
GameCore.Validation.Editor.LifecyclePlayModeMatrix:OnPlayModeStateChanged (UnityEditor.PlayModeStateChange) (at Assets/GameCore.Validation/Editor/LifecyclePlayModeMatrix.cs:238)
UnityEditor.EditorApplication:Internal_PlayModeStateChanged (UnityEditor.PlayModeStateChange) (at /home/bokken/build/output/unity/unity/Editor/Mono/EditorApplication.cs:487)

(Filename: Assets/GameCore.Validation/Editor/LifecyclePlayModeMatrix.cs Line: 600)

Unloading 0 Unused Serialized files (Serialized files now loaded: 0)
Start importing ProjectSettings/EditorSettings.asset using Guid(0000000000000000c000000000000000) (LibraryAssetImporter) -> (artifact id: '88a81b0cd41f2e6791b296dbea0c2761') in 0.003717606 seconds
Refreshing native plugins compatible for Editor in 0.15 ms, found 1 plugins.
Preloading 0 native plugins for Editor in 0.00 ms.
Asset Pipeline Refresh (id=29309927befeb65f481740b17c24eb1d): Total: 0.040 seconds - Initiated by StopAssetImportingV2(NoUpdateAssetOptions)
Unloading 4 unused Assets / (0.8 KB). Loaded Objects now: 3451.
Memory consumption went from 122.0 MB to 122.0 MB.
Total: 5.127225 ms (FindLiveObjects: 0.102600 ms CreateObjectMapping: 0.051496 ms MarkObjects: 4.959563 ms  DeleteObjects: 0.012877 ms)

[Physics::Module] Cleanup current backned.
[Physics::Module] Id: 0xf2b8ea05
Input System module state changed to: ShutdownInProgress.
Input System polling thread exited.
Input System module state changed to: Shutdown.
[Licensing::IpcConnector] LicenseClient-worlesenric-notifications channel disconnected successfully.
[Licensing::IpcConnector] LicenseClient-worlesenric channel disconnected successfully.
AcceleratorClientConnectionCallback - disconnected - :0
[40m[32minfo[39m[22m[49m: Microsoft.Hosting.Lifetime[0]
      Application is shutting down...
[40m[32minfo[39m[22m[49m: Unity.ILPP.Runner.PostProcessingAssemblyLoadContext[0]
      ALC ILPP context 1 is unloading
Cleanup mono
debugger-agent: Unable to listen on 42
[Package Manager] Server process was shutdown
Checking for leaked weakptr:
  Found no leaked weakptrs.
##utp:{"type":"MemoryLeaks","version":2,"phase":"Immediate","time":1790392836429,"processId":3887568,"allocatedMemory":12022672,"memoryLabels":[{"Default":23549},{"Permanent":16147},{"Thread":1084616},{"Manager":3079110},{"VertexData":8},{"Geometry":408},{"VFX":-104},{"Texture":296},{"Shader":79299},{"Material":24},{"GfxDevice":35976},{"Animation":456},{"Audio":4032},{"FontEngine":320},{"Physics":2081},{"Serialization":472},{"Input":26752},{"JobScheduler":33024},{"TextLib":160},{"Mono":32},{"ScriptingNativeRuntime":155096},{"BaseObject":1622832},{"Resource":1032},{"Renderer":2928},{"Transform":4678},{"File":828},{"WebCam":80},{"Culling":32},{"Terrain":11298},{"Wind":24},{"String":22690},{"DynamicArray":91847},{"HashMap":84230},{"Utility":2665105},{"PoolAlloc":3776},{"AI":72},{"TypeTree":5005},{"ScriptManager":512},{"RuntimeInitializeOnLoadManager":64},{"SpriteAtlas":112},{"GI":7448},{"Director":8208},{"CloudService":10928},{"WebRequest":808},{"VR":45689},{"SceneManager":528},{"Video":64},{"LazyScriptCache":32},{"Camera":17},{"Secure":8401},{"SerializationCache":1576},{"APIUpdating":10320},{"Subsystems":336},{"VirtualTexturing":57552},{"StaticSafetyDebugInfo":278528},{"Analytics":384},{"Hierarchy":832},{"CoreStats":12456},{"Identifiers":12384},{"Gui":112},{"EditorUtility":23467},{"VersionControl":4},{"Undo":979},{"AssetDatabase":2442526},{"EditorGi":328},{"UnityConnect":24816},{"Upm":1852},{"DrivenProperties":72},{"LocalIPC":210},{"ProfilerEditor":9778},{"CoreBusinessMetrics":2386},{"Licensing":688},{"AssetReference":32},{"IPCStream":32}]}
