Unity Editor version:    6000.0.75f1 (26349cd2a5c8)
Branch:                  6000.0/staging
Build type:              Release
Batch mode:              YES
System name:             Linux
Distro version:          #31~24.04.1-Ubuntu SMP PREEMPT_DYNAMIC Mon Aug 10 09:38:02 UTC 2
Kernel version:          7.0.0-31-generic
Architecture:            x86_64
Available memory:        31897 MB
[Licensing::Module] Trying to connect to existing licensing client channel...
Initialize udev device monitor.
[Licensing::IpcConnector] Successfully connected to: "LicenseClient-worlesenric" at "2026-09-26T03:20:36.556985Z"
[SignatureVerifier] Application signature verification not supported on this platform.

COMMAND LINE ARGUMENTS:
/home/worlesenric/Unity/Hub/Editor/6000.0.75f1/Editor/Unity
-batchmode
-nographics
-projectPath
/home/worlesenric/wkspace/gc-wt/gc-022/unity/GameCore.Validation
-executeMethod
GameCore.Validation.Editor.LifecyclePlayModeMatrix.Run
-gc022Combination
reload-off-scene-off
-gc022Cycles
10
-gc022OutputDirectory
/home/worlesenric/wkspace/gc-wt/gc-022/artifacts/gc-022/playmode-matrix
-logFile
/home/worlesenric/wkspace/gc-wt/gc-022/artifacts/gc-022/playmode-matrix/reload-off-scene-off.log
[Licensing::Client] Handshaking with LicensingClient:
  Version:                 1.18.3+d7ffd15
  Session Id:              d9473520836146c38cbd7771f3b32c48
  Correlation Id:          a4aac8f8da2bbfc2169791db8bc4c264
  External correlation Id: 7430574911468156001
  Machine Id:              jd93gYTNlAg1qIhTY9iII/nAhSo=
Successfully changed project path to: /home/worlesenric/wkspace/gc-wt/gc-022/unity/GameCore.Validation
[Licensing::Module] Successfully connected to LicensingClient on channel: "LicenseClient-worlesenric" (connect: 0.00s, validation: 0.00s, handshake: 0.00s)
[Licensing::IpcConnector] Successfully connected to: "LicenseClient-worlesenric-notifications" at "2026-09-26T03:20:36.558242Z"
[Licensing::Module] Error: Access token is unavailable; failed to update

(process:3888688): Gtk-CRITICAL **: 11:20:36.558: gtk_label_set_text: assertion 'GTK_IS_LABEL (label)' failed

(process:3888688): Gtk-CRITICAL **: 11:20:36.558: gtk_label_set_text: assertion 'GTK_IS_LABEL (label)' failed
/home/worlesenric/wkspace/gc-wt/gc-022/unity/GameCore.Validation
[Licensing::Client] Successfully resolved entitlement details
[Licensing::Module] License group:
  Id: 1375999166540-UnityPersXXXX
  Product: Unity Personal
  Type: Assigned
  Expiration: Unlimited
[Licensing::Client] Successfully updated license, isAsync: True, time: 0.00
[UnityMemory] Configuration Parameters - Can be set up in boot.config
    "memorysetup-bucket-allocator-granularity=16"
    "memorysetup-bucket-allocator-bucket-count=8"
    "memorysetup-bucket-allocator-block-size=33554432"
    "memorysetup-bucket-allocator-block-count=8"
    "memorysetup-main-allocator-block-size=16777216"
    "memorysetup-thread-allocator-block-size=16777216"
    "memorysetup-gfx-main-allocator-block-size=16777216"
    "memorysetup-gfx-thread-allocator-block-size=16777216"
    "memorysetup-cache-allocator-block-size=4194304"
    "memorysetup-typetree-allocator-block-size=2097152"
    "memorysetup-profiler-bucket-allocator-granularity=16"
    "memorysetup-profiler-bucket-allocator-bucket-count=8"
    "memorysetup-profiler-bucket-allocator-block-size=33554432"
    "memorysetup-profiler-bucket-allocator-block-count=8"
    "memorysetup-profiler-allocator-block-size=16777216"
    "memorysetup-profiler-editor-allocator-block-size=1048576"
    "memorysetup-temp-allocator-size-main=16777216"
    "memorysetup-job-temp-allocator-block-size=2097152"
    "memorysetup-job-temp-allocator-block-size-background=1048576"
    "memorysetup-job-temp-allocator-reduction-small-platforms=262144"
    "memorysetup-allocator-temp-initial-block-size-main=262144"
    "memorysetup-allocator-temp-initial-block-size-worker=262144"
    "memorysetup-temp-allocator-size-background-worker=32768"
    "memorysetup-temp-allocator-size-job-worker=262144"
    "memorysetup-temp-allocator-size-preload-manager=33554432"
    "memorysetup-temp-allocator-size-nav-mesh-worker=65536"
    "memorysetup-temp-allocator-size-audio-worker=65536"
    "memorysetup-temp-allocator-size-cloud-worker=32768"
    "memorysetup-temp-allocator-size-gi-baking-worker=262144"
    "memorysetup-temp-allocator-size-gi-baking-worker=262144"
    "memorysetup-temp-allocator-size-gi-baking-worker=262144"
    "memorysetup-temp-allocator-size-gi-baking-worker=262144"
    "memorysetup-temp-allocator-size-gi-baking-worker=262144"
    "memorysetup-temp-allocator-size-gfx=262144"
[Licensing::Client] Successfully resolved entitlement details
[Licensing::Module] Licensing Background thread has ended after 0.00s
Player connection [137749314585920]  Target information:

Player connection [137749314585920]  * "[IP] 192.168.0.21 [Port] 55504 [Flags] 2 [Guid] 3481209349 [EditorId] 3481209349 [Version] 1048832 [Id] LinuxEditor(16,192.168.0.21) [Debug] 1 [PackageName] LinuxEditor [ProjectName] Editor" 

Player connection [137749314585920]  * "[IP] 100.66.195.58 [Port] 55504 [Flags] 2 [Guid] 3481209349 [EditorId] 3481209349 [Version] 1048832 [Id] LinuxEditor(16,192.168.0.21) [Debug] 1 [PackageName] LinuxEditor [ProjectName] Editor" 

Player connection [137749314585920]  * "[IP] 172.18.0.1 [Port] 55504 [Flags] 2 [Guid] 3481209349 [EditorId] 3481209349 [Version] 1048832 [Id] LinuxEditor(16,192.168.0.21) [Debug] 1 [PackageName] LinuxEditor [ProjectName] Editor" 

Player connection [137749314585920]  * "[IP] 172.17.0.1 [Port] 55504 [Flags] 2 [Guid] 3481209349 [EditorId] 3481209349 [Version] 1048832 [Id] LinuxEditor(16,192.168.0.21) [Debug] 1 [PackageName] LinuxEditor [ProjectName] Editor" 

Player connection [137749314585920]  * "[IP] 10.42.0.0 [Port] 55504 [Flags] 2 [Guid] 3481209349 [EditorId] 3481209349 [Version] 1048832 [Id] LinuxEditor(16,192.168.0.21) [Debug] 1 [PackageName] LinuxEditor [ProjectName] Editor" 

Player connection [137749314585920]  * "[IP] 10.42.0.1 [Port] 55504 [Flags] 2 [Guid] 3481209349 [EditorId] 3481209349 [Version] 1048832 [Id] LinuxEditor(16,192.168.0.21) [Debug] 1 [PackageName] LinuxEditor [ProjectName] Editor" 

Player connection [137749314585920] Host joined multi-casting on [225.0.0.222:54997]...
Player connection [137749314585920] Host joined alternative multi-casting on [225.0.0.222:34997]...
Input System module state changed to: Initialized.
[Physics::Module] Initialized fallback backend.
[Physics::Module] Id: 0xdecafbad
[Package Manager] Connected to IPC stream "Upm-3888688" after 0.1 seconds.
Library Redirect Path: Library/
[Physics::Module] Selected backend.
[Physics::Module] Name: PhysX
[Physics::Module] Id: 0xf2b8ea05
[Physics::Module] SDK Version: 4.1.2
[Physics::Module] Integration Version: 1.0.0
[Physics::Module] Threading Mode: Multi-Threaded
Refreshing native plugins compatible for Editor in 0.13 ms, found 0 plugins.
Preloading 0 native plugins for Editor in 0.00 ms.
Initialize engine version: 6000.0.75f1 (26349cd2a5c8)
[Subsystems] Discovering subsystems at path /home/worlesenric/Unity/Hub/Editor/6000.0.75f1/Editor/Data/Resources/UnitySubsystems
[Subsystems] Discovering subsystems at path /home/worlesenric/wkspace/gc-wt/gc-022/unity/GameCore.Validation/Assets
Forcing GfxDevice: Null
GfxDevice: creating device client; kGfxThreadingModeNonThreaded
NullGfxDevice:
    Version:  NULL 1.0 [1.0]
    Renderer: Null Device
    Vendor:   Unity Technologies
Initialize mono
Mono path[0] = '/home/worlesenric/Unity/Hub/Editor/6000.0.75f1/Editor/Data/Managed'
Mono path[1] = '/home/worlesenric/Unity/Hub/Editor/6000.0.75f1/Editor/Data/MonoBleedingEdge/lib/mono/unityjit-linux'
Mono config path = '/home/worlesenric/Unity/Hub/Editor/6000.0.75f1/Editor/Data/MonoBleedingEdge/etc'
Using monoOptions --debugger-agent=transport=dt_socket,embedding=1,server=y,suspend=n,address=127.0.0.1:56688
Using cacheserver namespaces - metadata:defaultmetadata, artifacts:defaultartifacts
Using cacheserver namespaces - metadata:defaultmetadata, artifacts:defaultartifacts
ImportWorker Server TCP listen port: 0
AcceleratorClientConnectionCallback - disconnected - :0
Begin MonoManager ReloadAssembly
Registering precompiled unity dll's ...
Register platform support module: /home/worlesenric/Unity/Hub/Editor/6000.0.75f1/Editor/Data/PlaybackEngines/MacStandaloneSupport/UnityEditor.OSXStandalone.Extensions.dll
Register platform support module: /home/worlesenric/Unity/Hub/Editor/6000.0.75f1/Editor/Data/PlaybackEngines/LinuxStandaloneSupport/UnityEditor.LinuxStandalone.Extensions.dll
Registered in 0.000942 seconds.
- Loaded All Assemblies, in  0.216 seconds
Native extension for LinuxStandalone target not found
Package Manager log level set to [2]
[Licensing::Client] Successfully resolved entitlement details
Native extension for OSXStandalone target not found
Mono: successfully reloaded assembly
- Finished resetting the current domain, in  6.851 seconds
Domain Reload Profiling: 7067ms
	BeginReloadAssembly (52ms)
		ExecutionOrderSort (0ms)
		DisableScriptedObjects (0ms)
		BackupInstance (0ms)
		ReleaseScriptingObjects (0ms)
		CreateAndSetChildDomain (0ms)
	RebuildCommonClasses (24ms)
	RebuildNativeTypeToScriptingClass (5ms)
	initialDomainReloadingComplete (35ms)
	LoadAllAssembliesAndSetupDomain (99ms)
		LoadAssemblies (52ms)
		RebuildTransferFunctionScriptingTraits (0ms)
		AnalyzeDomain (97ms)
			TypeCache.Refresh (96ms)
				TypeCache.ScanAssembly (87ms)
			BuildScriptInfoCaches (0ms)
			ResolveRequiredComponents (0ms)
	FinalizeReload (6851ms)
		ReleaseScriptCaches (0ms)
		RebuildScriptCaches (0ms)
		SetupLoadedEditorAssemblies (6829ms)
			LogAssemblyErrors (0ms)
			InitializePlatformSupportModulesInManaged (6659ms)
			SetLoadedEditorAssemblies (4ms)
			BeforeProcessingInitializeOnLoad (41ms)
			ProcessInitializeOnLoadAttributes (89ms)
			ProcessInitializeOnLoadMethodAttributes (37ms)
			AfterProcessingInitializeOnLoad (0ms)
			EditorAssembliesLoaded (0ms)
		ExecutionOrderSort2 (0ms)
		AwakeInstancesAfterBackupRestoration (0ms)
[Licensing::Client] Successfully resolved entitlement details
Application.AssetDatabase Initial Refresh Start
[Package Manager] Restoring resolved packages state from cache
[Licensing::Client] Successfully resolved entitlement details
[Package Manager] Registered 37 packages:
  Packages from [https://packages.unity.com]:
    com.unity.burst@1.8.28 (location: /home/worlesenric/wkspace/gc-wt/gc-022/unity/GameCore.Validation/Library/PackageCache/com.unity.burst@07790c2d06d9)
    com.unity.collections@2.6.6 (location: /home/worlesenric/wkspace/gc-wt/gc-022/unity/GameCore.Validation/Library/PackageCache/com.unity.collections@9796e5ee0d9e)
    com.unity.entities@1.4.6 (location: /home/worlesenric/wkspace/gc-wt/gc-022/unity/GameCore.Validation/Library/PackageCache/com.unity.entities@e90944159b94)
    com.unity.mathematics@1.3.2 (location: /home/worlesenric/wkspace/gc-wt/gc-022/unity/GameCore.Validation/Library/PackageCache/com.unity.mathematics@8017b507cc74)
    com.unity.test-framework.performance@3.0.3 (location: /home/worlesenric/wkspace/gc-wt/gc-022/unity/GameCore.Validation/Library/PackageCache/com.unity.test-framework.performance@fb0dc592af8b)
    com.unity.toolchain.linux-x86_64@2.0.11 (location: /home/worlesenric/wkspace/gc-wt/gc-022/unity/GameCore.Validation/Library/PackageCache/com.unity.toolchain.linux-x86_64@53b88ff74b51)
    com.unity.sysroot@2.0.10 (location: /home/worlesenric/wkspace/gc-wt/gc-022/unity/GameCore.Validation/Library/PackageCache/com.unity.sysroot@7bbbb9339c14)
    com.unity.sysroot.linux-x86_64@2.0.9 (location: /home/worlesenric/wkspace/gc-wt/gc-022/unity/GameCore.Validation/Library/PackageCache/com.unity.sysroot.linux-x86_64@1998d1c7730e)
    com.unity.serialization@3.1.5 (location: /home/worlesenric/wkspace/gc-wt/gc-022/unity/GameCore.Validation/Library/PackageCache/com.unity.serialization@c463b52e88d7)
    com.unity.profiling.core@1.0.3 (location: /home/worlesenric/wkspace/gc-wt/gc-022/unity/GameCore.Validation/Library/PackageCache/com.unity.profiling.core@8a49f7027d06)
    com.unity.nuget.mono-cecil@1.11.6 (location: /home/worlesenric/wkspace/gc-wt/gc-022/unity/GameCore.Validation/Library/PackageCache/com.unity.nuget.mono-cecil@ecb9724e46ff)
    com.unity.scriptablebuildpipeline@2.6.1 (location: /home/worlesenric/wkspace/gc-wt/gc-022/unity/GameCore.Validation/Library/PackageCache/com.unity.scriptablebuildpipeline@36e3b5898ee2)
  Built-in packages:
    com.unity.modules.assetbundle@1.0.0 (location: /home/worlesenric/wkspace/gc-wt/gc-022/unity/GameCore.Validation/Library/PackageCache/com.unity.modules.assetbundle)
    com.unity.modules.audio@1.0.0 (location: /home/worlesenric/wkspace/gc-wt/gc-022/unity/GameCore.Validation/Library/PackageCache/com.unity.modules.audio)
    com.unity.modules.imageconversion@1.0.0 (location: /home/worlesenric/wkspace/gc-wt/gc-022/unity/GameCore.Validation/Library/PackageCache/com.unity.modules.imageconversion)
    com.unity.modules.imgui@1.0.0 (location: /home/worlesenric/wkspace/gc-wt/gc-022/unity/GameCore.Validation/Library/PackageCache/com.unity.modules.imgui)
    com.unity.modules.jsonserialize@1.0.0 (location: /home/worlesenric/wkspace/gc-wt/gc-022/unity/GameCore.Validation/Library/PackageCache/com.unity.modules.jsonserialize)
    com.unity.modules.physics@1.0.0 (location: /home/worlesenric/wkspace/gc-wt/gc-022/unity/GameCore.Validation/Library/PackageCache/com.unity.modules.physics)
    com.unity.modules.ui@1.0.0 (location: /home/worlesenric/wkspace/gc-wt/gc-022/unity/GameCore.Validation/Library/PackageCache/com.unity.modules.ui)
    com.unity.modules.uielements@1.0.0 (location: /home/worlesenric/wkspace/gc-wt/gc-022/unity/GameCore.Validation/Library/PackageCache/com.unity.modules.uielements)
    com.unity.modules.unityanalytics@1.0.0 (location: /home/worlesenric/wkspace/gc-wt/gc-022/unity/GameCore.Validation/Library/PackageCache/com.unity.modules.unityanalytics)
    com.unity.modules.unitywebrequest@1.0.0 (location: /home/worlesenric/wkspace/gc-wt/gc-022/unity/GameCore.Validation/Library/PackageCache/com.unity.modules.unitywebrequest)
    com.unity.test-framework@1.6.0 (location: /home/worlesenric/wkspace/gc-wt/gc-022/unity/GameCore.Validation/Library/PackageCache/com.unity.test-framework@bd52b1c23814)
    com.unity.ext.nunit@2.0.5 (location: /home/worlesenric/wkspace/gc-wt/gc-022/unity/GameCore.Validation/Library/PackageCache/com.unity.ext.nunit@b16e6d09cd93)
    com.unity.modules.hierarchycore@1.0.0 (location: /home/worlesenric/wkspace/gc-wt/gc-022/unity/GameCore.Validation/Library/PackageCache/com.unity.modules.hierarchycore)
  Local packages:
    com.gamecore.composition@file:/home/worlesenric/wkspace/gc-wt/gc-022/Packages/com.gamecore.composition (location: /home/worlesenric/wkspace/gc-wt/gc-022/Packages/com.gamecore.composition)
    com.gamecore.contracts@file:/home/worlesenric/wkspace/gc-wt/gc-022/Packages/com.gamecore.contracts (location: /home/worlesenric/wkspace/gc-wt/gc-022/Packages/com.gamecore.contracts)
    com.gamecore.content.compiler@file:/home/worlesenric/wkspace/gc-wt/gc-022/Packages/com.gamecore.content.compiler (location: /home/worlesenric/wkspace/gc-wt/gc-022/Packages/com.gamecore.content.compiler)
    com.gamecore.derivation@file:/home/worlesenric/wkspace/gc-wt/gc-022/Packages/com.gamecore.derivation (location: /home/worlesenric/wkspace/gc-wt/gc-022/Packages/com.gamecore.derivation)
    com.gamecore.fault-qualification@file:/home/worlesenric/wkspace/gc-wt/gc-022/Packages/com.gamecore.fault-qualification (location: /home/worlesenric/wkspace/gc-wt/gc-022/Packages/com.gamecore.fault-qualification)
    com.gamecore.gameplay.cards@file:/home/worlesenric/wkspace/gc-wt/gc-022/Packages/com.gamecore.gameplay.cards (location: /home/worlesenric/wkspace/gc-wt/gc-022/Packages/com.gamecore.gameplay.cards)
    com.gamecore.gameplay.narrative@file:/home/worlesenric/wkspace/gc-wt/gc-022/Packages/com.gamecore.gameplay.narrative (location: /home/worlesenric/wkspace/gc-wt/gc-022/Packages/com.gamecore.gameplay.narrative)
    com.gamecore.planning@file:/home/worlesenric/wkspace/gc-wt/gc-022/Packages/com.gamecore.planning (location: /home/worlesenric/wkspace/gc-wt/gc-022/Packages/com.gamecore.planning)
    com.gamecore.rules.cards@file:/home/worlesenric/wkspace/gc-wt/gc-022/Packages/com.gamecore.rules.cards (location: /home/worlesenric/wkspace/gc-wt/gc-022/Packages/com.gamecore.rules.cards)
    com.gamecore.rules.narrative@file:/home/worlesenric/wkspace/gc-wt/gc-022/Packages/com.gamecore.rules.narrative (location: /home/worlesenric/wkspace/gc-wt/gc-022/Packages/com.gamecore.rules.narrative)
    com.gamecore.unity.adapters@file:/home/worlesenric/wkspace/gc-wt/gc-022/Packages/com.gamecore.unity.adapters (location: /home/worlesenric/wkspace/gc-wt/gc-022/Packages/com.gamecore.unity.adapters)
    com.gamecore.unity.runtime@file:/home/worlesenric/wkspace/gc-wt/gc-022/Packages/com.gamecore.unity.runtime (location: /home/worlesenric/wkspace/gc-wt/gc-022/Packages/com.gamecore.unity.runtime)
[Subsystems] No new subsystems found in resolved package list.
[Package Manager] Done registering packages in 0.00 seconds
Assembly reference Packages/com.unity.entities/Unity.Scenes.Editor/Internals/Properties/Unity.Properties.Internals.asmref has no target assembly definition
Assembly reference Packages/com.unity.entities/Unity.Scenes.Editor/Internals/Properties/Unity.Properties.Internals.asmref has no target assembly definition
[40m[32minfo[39m[22m[49m: Microsoft.Hosting.Lifetime[14]
      Now listening on: http://unix:/tmp/ilpp.sock-56c49db2fe810c5fcf35fa66ad1c9392
[40m[32minfo[39m[22m[49m: Microsoft.Hosting.Lifetime[0]
      Application started. Press Ctrl+C to shut down.
[40m[32minfo[39m[22m[49m: Microsoft.Hosting.Lifetime[0]
      Hosting environment: Production
[40m[32minfo[39m[22m[49m: Microsoft.Hosting.Lifetime[0]
      Content root path: /home/worlesenric/wkspace/gc-wt/gc-022/unity/GameCore.Validation/
[40m[32minfo[39m[22m[49m: Microsoft.AspNetCore.Hosting.Diagnostics[1]
      Request starting HTTP/2 POST http://ilpp/UnityILPP.PostProcessing/Ping application/grpc -
[40m[32minfo[39m[22m[49m: Microsoft.AspNetCore.Routing.EndpointMiddleware[0]
      Executing endpoint 'gRPC - /UnityILPP.PostProcessing/Ping'
[40m[32minfo[39m[22m[49m: Microsoft.AspNetCore.Routing.EndpointMiddleware[1]
      Executed endpoint 'gRPC - /UnityILPP.PostProcessing/Ping'
[40m[32minfo[39m[22m[49m: Microsoft.AspNetCore.Hosting.Diagnostics[2]
      Request finished HTTP/2 POST http://ilpp/UnityILPP.PostProcessing/Ping application/grpc - - 200 - application/grpc 27.9580ms
Starting: /home/worlesenric/Unity/Hub/Editor/6000.0.75f1/Editor/Data/bee_backend --ipc --defer-dag-verification --dagfile="Library/Bee/2400b0aE.dag" --continue-on-failure --profile="Library/Bee/backend1.traceevents" ScriptAssemblies
WorkingDir: /home/worlesenric/wkspace/gc-wt/gc-022/unity/GameCore.Validation
[40m[32minfo[39m[22m[49m: Microsoft.AspNetCore.Hosting.Diagnostics[1]
      Request starting HTTP/2 POST http://ilpp/UnityILPP.PostProcessing/ConfigurePostProcessors application/grpc -
[40m[32minfo[39m[22m[49m: Microsoft.AspNetCore.Routing.EndpointMiddleware[0]
      Executing endpoint 'gRPC - /UnityILPP.PostProcessing/ConfigurePostProcessors'
[40m[1m[33mwarn[39m[22m[49m: Unity.ILPP.Runner.PostProcessingAssemblyLoadContext[0]
      Assembly system.runtime.interopservices.windowsruntime has duplicate hint path. Ignoring "/home/worlesenric/Unity/Hub/Editor/6000.0.75f1/Editor/Data/UnityReferenceAssemblies/unity-4.8-api/Facades/System.Runtime.InteropServices.WindowsRuntime.dll" in favor of "/home/worlesenric/Unity/Hub/Editor/6000.0.75f1/Editor/Data/NetStandard/Extensions/2.0.0/System.Runtime.InteropServices.WindowsRuntime.dll"
[40m[1m[33mwarn[39m[22m[49m: Unity.ILPP.Runner.PostProcessingAssemblyLoadContext[0]
      Assembly system.componentmodel.composition has duplicate hint path. Ignoring "/home/worlesenric/Unity/Hub/Editor/6000.0.75f1/Editor/Data/UnityReferenceAssemblies/unity-4.8-api/System.ComponentModel.Composition.dll" in favor of "/home/worlesenric/Unity/Hub/Editor/6000.0.75f1/Editor/Data/NetStandard/compat/2.1.0/shims/netfx/System.ComponentModel.Composition.dll"
[40m[32minfo[39m[22m[49m: Unity.ILPP.Runner.PostProcessingAssemblyLoadContext[0]
      Resolved Unity.Burst.Cecil, Version=0.11.4.0, Culture=neutral, PublicKeyToken=50cebf1cceb9d05e with Library/PackageCache/com.unity.burst@07790c2d06d9/Unity.Burst.CodeGen/Unity.Burst.Cecil.dll
[40m[32minfo[39m[22m[49m: Unity.ILPP.Runner.PostProcessingAssemblyLoadContext[0]
      Resolved Mono.Cecil, Version=0.11.5.0, Culture=neutral, PublicKeyToken=50cebf1cceb9d05e with Library/PackageCache/com.unity.nuget.mono-cecil@ecb9724e46ff/Mono.Cecil.dll
[40m[32minfo[39m[22m[49m: Unity.ILPP.Runner.PostProcessingAssemblyLoadContext[0]
      Resolved Unity.Entities, Version=0.0.0.0, Culture=neutral, PublicKeyToken=null with Library/Bee/artifacts/2400b0aE.dag/Unity.Entities.dll
[40m[32minfo[39m[22m[49m: Microsoft.AspNetCore.Routing.EndpointMiddleware[1]
      Executed endpoint 'gRPC - /UnityILPP.PostProcessing/ConfigurePostProcessors'
[40m[32minfo[39m[22m[49m: Microsoft.AspNetCore.Hosting.Diagnostics[2]
      Request finished HTTP/2 POST http://ilpp/UnityILPP.PostProcessing/ConfigurePostProcessors application/grpc - - 200 - application/grpc 34.4266ms
DisplayProgressbar: Compiling Scripts
ExitCode: 0 Duration: 0s125ms
[729/994    0s] ILPP-Configuration Library/ilpp-configuration.nevergeneratedoutput
*** Tundra build success (0.11 seconds), 1 items updated, 994 evaluated
AssetDatabase: script compilation time: 0.434598s
Begin MonoManager ReloadAssembly
- Loaded All Assemblies, in  0.449 seconds
Refreshing native plugins compatible for Editor in 0.13 ms, found 1 plugins.
Native extension for LinuxStandalone target not found
Native extension for OSXStandalone target not found
Assembly reference Packages/com.unity.entities/Unity.Scenes.Editor/Internals/Properties/Unity.Properties.Internals.asmref has no target assembly definition
TypeManager.Initialize took: 86ms
Native leak detection mode: EnabledWithStackTrace
UnityEngine.Debug:ExtractStackTraceNoAlloc (byte*,int,string)
UnityEngine.StackTraceUtility:ExtractStackTrace () (at /home/bokken/build/output/unity/unity/Runtime/Export/Scripting/StackTrace.cs:35)
UnityEngine.DebugLogHandler:Internal_Log (UnityEngine.LogType,UnityEngine.LogOption,string,UnityEngine.Object)
UnityEngine.DebugLogHandler:LogFormat (UnityEngine.LogType,UnityEngine.Object,string,object[])
UnityEngine.Logger:Log (UnityEngine.LogType,object)
UnityEngine.Debug:Log (object)
CLILeakDetectionSwitcher:SetLeakDetectionModeFromEnvironment () (at ./Library/PackageCache/com.unity.collections@9796e5ee0d9e/Unity.Collections.Editor/CLILeakDetectionSwitcher.cs:29)
System.Reflection.RuntimeMethodInfo:Invoke (object,System.Reflection.BindingFlags,System.Reflection.Binder,object[],System.Globalization.CultureInfo)
System.Reflection.MethodBase:Invoke (object,object[])
UnityEditor.EditorAssemblies:ProcessInitializeOnLoadMethodAttributes () (at /home/bokken/build/output/unity/unity/Editor/Mono/EditorAssemblies.cs:142)

(Filename: ./Library/PackageCache/com.unity.collections@9796e5ee0d9e/Unity.Collections.Editor/CLILeakDetectionSwitcher.cs Line: 29)

Mono: successfully reloaded assembly
- Finished resetting the current domain, in  1.871 seconds
Domain Reload Profiling: 2319ms
	BeginReloadAssembly (199ms)
		ExecutionOrderSort (0ms)
		DisableScriptedObjects (7ms)
		BackupInstance (0ms)
		ReleaseScriptingObjects (0ms)
		CreateAndSetChildDomain (126ms)
	RebuildCommonClasses (24ms)
	RebuildNativeTypeToScriptingClass (5ms)
	initialDomainReloadingComplete (20ms)
	LoadAllAssembliesAndSetupDomain (200ms)
		LoadAssemblies (153ms)
		RebuildTransferFunctionScriptingTraits (0ms)
		AnalyzeDomain (88ms)
			TypeCache.Refresh (64ms)
				TypeCache.ScanAssembly (57ms)
			BuildScriptInfoCaches (22ms)
			ResolveRequiredComponents (0ms)
	FinalizeReload (1871ms)
		ReleaseScriptCaches (0ms)
		RebuildScriptCaches (0ms)
		SetupLoadedEditorAssemblies (1792ms)
			LogAssemblyErrors (0ms)
			InitializePlatformSupportModulesInManaged (35ms)
			SetLoadedEditorAssemblies (4ms)
			BeforeProcessingInitializeOnLoad (92ms)
			ProcessInitializeOnLoadAttributes (1593ms)
			ProcessInitializeOnLoadMethodAttributes (66ms)
			AfterProcessingInitializeOnLoad (2ms)
			EditorAssembliesLoaded (0ms)
		ExecutionOrderSort2 (0ms)
		AwakeInstancesAfterBackupRestoration (4ms)
Asset Pipeline Refresh (id=71f6f62909c10ceb1843cd10292667f7): Total: 3.245 seconds - Initiated by InitialRefreshV2(ForceSynchronousImport)
	Summary:
		Imports: total=0 (actual=0, local cache=0, cache server=0)
		Asset DB Process Time: managed=0 ms, native=2155 ms
		Asset DB Callback time: managed=164 ms, native=3 ms
		Scripting: domain reloads=1, domain reload time=449 ms, compile time=440 ms, other=30 ms
		Project Asset Count: scripts=848, non-scripts=703
		Asset File Changes: new=0, changed=0, moved=0, deleted=0
		Scan Filter Count: 1
	InvokeCustomDependenciesCallbacks: 0.003ms
	InvokePackagesCallback: 4.097ms
	ApplyChangesToAssetFolders: 0.190ms
	Scan: 173.236ms
	OnSourceAssetsModified: 0.003ms
	CategorizeAssetsWithTransientArtifact: 11.886ms
	ProcessAssetsWithTransientArtifactChanges: 18.426ms
	CategorizeAssets: 18.140ms
	ImportOutOfDateAssets: 1873.622ms (1432.599ms without children)
		CompileScripts: 440.178ms
		ReloadNativeAssets: 0.000ms
		UnloadImportedAssets: 0.175ms
		EnsureUptoDateAssetsAreRegisteredWithGuidPM: 0.248ms
		InitializingProgressBar: 0.000ms
		PostProcessAllAssetNotificationsAddChangedAssets: 0.000ms
		OnDemandSchedulerStart: 0.421ms
	PostProcessAllAssets: 164.595ms
	GatherAllCurrentPrimaryArtifactRevisions: 0.000ms
	UnloadStreamsBegin: 0.179ms
	PersistCurrentRevisions: 0.053ms
	UnloadStreamsEnd: 0.001ms
	GenerateScriptTypeHashes: 7.727ms
	Untracked: 980.686ms

Application.AssetDatabase Initial Refresh End
Scanning for USB devices : 0.910ms
Initializing Unity extensions:
UpdateMenuTitleForLanguage: 10
[MODES] ModeService[none].Initialize
[MODES] ModeService[none].LoadModes
[MODES] Loading mode Default (0) for mode-current-id-GameCoreProbe
Unloading 4 Unused Serialized files (Serialized files now loaded: 0)
Unloading 2944 unused Assets / (2.1 MB). Loaded Objects now: 3416.
Memory consumption went from 112.2 MB to 110.1 MB.
Total: 7.876788 ms (FindLiveObjects: 0.177654 ms CreateObjectMapping: 0.185412 ms MarkObjects: 5.987698 ms  DeleteObjects: 1.525387 ms)

[GC022] matrix started; combination=reload-off-scene-off; cycles=10; domainReload=False; sceneReload=False; optionsEnabled=True; options=DisableDomainReload, DisableSceneReload; output=/home/worlesenric/wkspace/gc-wt/gc-022/artifacts/gc-022/playmode-matrix; jsonl=/home/worlesenric/wkspace/gc-wt/gc-022/artifacts/gc-022/playmode-matrix/reload-off-scene-off.jsonl; batchMode=True
UnityEngine.Debug:ExtractStackTraceNoAlloc (byte*,int,string)
UnityEngine.StackTraceUtility:ExtractStackTrace () (at /home/bokken/build/output/unity/unity/Runtime/Export/Scripting/StackTrace.cs:35)
UnityEngine.DebugLogHandler:Internal_Log (UnityEngine.LogType,UnityEngine.LogOption,string,UnityEngine.Object)
UnityEngine.DebugLogHandler:LogFormat (UnityEngine.LogType,UnityEngine.Object,string,object[])
UnityEngine.Logger:Log (UnityEngine.LogType,object)
UnityEngine.Debug:Log (object)
GameCore.Validation.Editor.LifecyclePlayModeMatrix:Run () (at Assets/GameCore.Validation/Editor/LifecyclePlayModeMatrix.cs:122)

(Filename: Assets/GameCore.Validation/Editor/LifecyclePlayModeMatrix.cs Line: 122)

[GC022] reload-off-scene-off cycle 1/10 entering Play Mode
UnityEngine.Debug:ExtractStackTraceNoAlloc (byte*,int,string)
UnityEngine.StackTraceUtility:ExtractStackTrace () (at /home/bokken/build/output/unity/unity/Runtime/Export/Scripting/StackTrace.cs:35)
UnityEngine.DebugLogHandler:Internal_Log (UnityEngine.LogType,UnityEngine.LogOption,string,UnityEngine.Object)
UnityEngine.DebugLogHandler:LogFormat (UnityEngine.LogType,UnityEngine.Object,string,object[])
UnityEngine.Logger:Log (UnityEngine.LogType,object)
UnityEngine.Debug:Log (object)
GameCore.Validation.Editor.LifecyclePlayModeMatrix:BeginCycle () (at Assets/GameCore.Validation/Editor/LifecyclePlayModeMatrix.cs:215)
GameCore.Validation.Editor.LifecyclePlayModeMatrix:Run () (at Assets/GameCore.Validation/Editor/LifecyclePlayModeMatrix.cs:134)

(Filename: Assets/GameCore.Validation/Editor/LifecyclePlayModeMatrix.cs Line: 215)


(process:3888688): GLib-GObject-CRITICAL **: 11:20:47.331: g_object_unref: assertion 'G_IS_OBJECT (object)' failed

(process:3888688): GLib-GObject-CRITICAL **: 11:20:47.331: g_object_unref: assertion 'G_IS_OBJECT (object)' failed

(process:3888688): GLib-GObject-CRITICAL **: 11:20:47.331: g_object_unref: assertion 'G_IS_OBJECT (object)' failed

(process:3888688): Gtk-CRITICAL **: 11:20:47.331: gtk_widget_destroy: assertion 'GTK_IS_WIDGET (widget)' failed
[Project] Loading completed in 10.780 seconds
	Project init time: 				10.601 seconds
		Template init time: 		0.000 seconds
		Package Manager init time: 		0.130 seconds
		Asset Database init time: 		0.011 seconds
		Global illumination init time: 	0.002 seconds
		Assemblies load time: 			7.078 seconds
		Unity extensions init time: 	0.011 seconds
		Asset Database refresh time: 	3.245 seconds
	Scene opening time: 			0.173 seconds
##utp:{"type":"ProjectInfo","version":2,"phase":"Immediate","time":1790392847332,"processId":3888688,"projectLoad":10.779825181,"projectInit":10.601170273,"templateInit":0.0,"packageManagerInit":0.130172336,"assetDatabaseInit":0.011025741,"globalIlluminationInit":0.001927621,"assembliesLoad":7.078165688,"unityExtensionsInit":0.011408553,"assetDatabaseRefresh":3.245176017,"sceneOpening":0.173474712}
##utp:{"type":"EditorInfo","version":2,"phase":"Immediate","time":1790392847332,"processId":3888688,"editorVersion":"6000.0.75f1 (26349cd2a5c8)","branch":"6000.0/staging","buildType":"Release","platform":"Linux"}
Entering Playmode with Reload Domain disabled.
If you experience any issues, please disable "Enter Play Mode Options" in Editor Settings
Entering Playmode with Reload Scene disabled. If you experience any issues, please disable "Enter Play Mode Options" in Editor Settings
[GC022] reload-off-scene-off cycle 1 entered Play Mode; session=c268bb9b1b9d7f93fe93291fc5003e9e; reloadedOnEntry=False; runCount=1
UnityEngine.Debug:ExtractStackTraceNoAlloc (byte*,int,string)
UnityEngine.StackTraceUtility:ExtractStackTrace () (at /home/bokken/build/output/unity/unity/Runtime/Export/Scripting/StackTrace.cs:35)
UnityEngine.DebugLogHandler:Internal_Log (UnityEngine.LogType,UnityEngine.LogOption,string,UnityEngine.Object)
UnityEngine.DebugLogHandler:LogFormat (UnityEngine.LogType,UnityEngine.Object,string,object[])
UnityEngine.Logger:Log (UnityEngine.LogType,object)
UnityEngine.Debug:Log (object)
GameCore.Validation.Editor.LifecyclePlayModeMatrix:EnterPlayMode () (at Assets/GameCore.Validation/Editor/LifecyclePlayModeMatrix.cs:375)
GameCore.Validation.Editor.LifecyclePlayModeMatrix:OnPlayModeStateChanged (UnityEditor.PlayModeStateChange) (at Assets/GameCore.Validation/Editor/LifecyclePlayModeMatrix.cs:234)
UnityEditor.EditorApplication:Internal_PlayModeStateChanged (UnityEditor.PlayModeStateChange) (at /home/bokken/build/output/unity/unity/Editor/Mono/EditorApplication.cs:487)

(Filename: Assets/GameCore.Validation/Editor/LifecyclePlayModeMatrix.cs Line: 375)

Asset Pipeline Refresh (id=0335e2b3b5031fd0dbb201bf949d6e28): Total: 0.061 seconds - Initiated by RefreshV2(NoUpdateAssetOptions)
Created GICache directory at /home/worlesenric/.cache/unity3d/GiCache. Took: 0.001s, timestamps: [11.352 - 11.353]
Unloading 0 Unused Serialized files (Serialized files now loaded: 0)
Loaded scene 'Temp/__Backupscenes/0.backup'
	Deserialize:            0.280 ms
	Integration:            93.101 ms
	Integration of assets:  0.001 ms
	Thread Wait Time:       0.004 ms
	Total Operation Time:   93.387 ms
Unloading 1 unused Assets / (0.8 KB). Loaded Objects now: 3450.
Memory consumption went from 125.2 MB to 125.2 MB.
Total: 5.354255 ms (FindLiveObjects: 0.104416 ms CreateObjectMapping: 0.052237 ms MarkObjects: 5.184836 ms  DeleteObjects: 0.012311 ms)

[GC022] reload-off-scene-off cycle 1/10 left Play Mode clean; routedFrames=20
UnityEngine.Debug:ExtractStackTraceNoAlloc (byte*,int,string)
UnityEngine.StackTraceUtility:ExtractStackTrace () (at /home/bokken/build/output/unity/unity/Runtime/Export/Scripting/StackTrace.cs:35)
UnityEngine.DebugLogHandler:Internal_Log (UnityEngine.LogType,UnityEngine.LogOption,string,UnityEngine.Object)
UnityEngine.DebugLogHandler:LogFormat (UnityEngine.LogType,UnityEngine.Object,string,object[])
UnityEngine.Logger:Log (UnityEngine.LogType,object)
UnityEngine.Debug:Log (object)
GameCore.Validation.Editor.LifecyclePlayModeMatrix:LeavePlayMode () (at Assets/GameCore.Validation/Editor/LifecyclePlayModeMatrix.cs:502)
GameCore.Validation.Editor.LifecyclePlayModeMatrix:OnPlayModeStateChanged (UnityEditor.PlayModeStateChange) (at Assets/GameCore.Validation/Editor/LifecyclePlayModeMatrix.cs:238)
UnityEditor.EditorApplication:Internal_PlayModeStateChanged (UnityEditor.PlayModeStateChange) (at /home/bokken/build/output/unity/unity/Editor/Mono/EditorApplication.cs:487)

(Filename: Assets/GameCore.Validation/Editor/LifecyclePlayModeMatrix.cs Line: 502)

[UnityConnectServicesConfig] config is NOT valid, switching to default
Asset Pipeline Refresh (id=68895fa8f02989622a01dc62a3a708a7): Total: 0.023 seconds - Initiated by RefreshV2(ForceSynchronousImport)
[GC022] reload-off-scene-off cycle 2/10 entering Play Mode
UnityEngine.Debug:ExtractStackTraceNoAlloc (byte*,int,string)
UnityEngine.StackTraceUtility:ExtractStackTrace () (at /home/bokken/build/output/unity/unity/Runtime/Export/Scripting/StackTrace.cs:35)
UnityEngine.DebugLogHandler:Internal_Log (UnityEngine.LogType,UnityEngine.LogOption,string,UnityEngine.Object)
UnityEngine.DebugLogHandler:LogFormat (UnityEngine.LogType,UnityEngine.Object,string,object[])
UnityEngine.Logger:Log (UnityEngine.LogType,object)
UnityEngine.Debug:Log (object)
GameCore.Validation.Editor.LifecyclePlayModeMatrix:BeginCycle () (at Assets/GameCore.Validation/Editor/LifecyclePlayModeMatrix.cs:215)
UnityEditor.EditorApplication:Internal_CallDelayFunctions () (at /home/bokken/build/output/unity/unity/Editor/Mono/EditorApplication.cs:399)

(Filename: Assets/GameCore.Validation/Editor/LifecyclePlayModeMatrix.cs Line: 215)

Entering Playmode with Reload Domain disabled.
If you experience any issues, please disable "Enter Play Mode Options" in Editor Settings
Entering Playmode with Reload Scene disabled. If you experience any issues, please disable "Enter Play Mode Options" in Editor Settings
[GC022] reload-off-scene-off cycle 2 entered Play Mode; session=c1e22ae77663835a381974d24a7a4eb7; reloadedOnEntry=False; runCount=2
UnityEngine.Debug:ExtractStackTraceNoAlloc (byte*,int,string)
UnityEngine.StackTraceUtility:ExtractStackTrace () (at /home/bokken/build/output/unity/unity/Runtime/Export/Scripting/StackTrace.cs:35)
UnityEngine.DebugLogHandler:Internal_Log (UnityEngine.LogType,UnityEngine.LogOption,string,UnityEngine.Object)
UnityEngine.DebugLogHandler:LogFormat (UnityEngine.LogType,UnityEngine.Object,string,object[])
UnityEngine.Logger:Log (UnityEngine.LogType,object)
UnityEngine.Debug:Log (object)
GameCore.Validation.Editor.LifecyclePlayModeMatrix:EnterPlayMode () (at Assets/GameCore.Validation/Editor/LifecyclePlayModeMatrix.cs:375)
GameCore.Validation.Editor.LifecyclePlayModeMatrix:OnPlayModeStateChanged (UnityEditor.PlayModeStateChange) (at Assets/GameCore.Validation/Editor/LifecyclePlayModeMatrix.cs:234)
UnityEditor.EditorApplication:Internal_PlayModeStateChanged (UnityEditor.PlayModeStateChange) (at /home/bokken/build/output/unity/unity/Editor/Mono/EditorApplication.cs:487)

(Filename: Assets/GameCore.Validation/Editor/LifecyclePlayModeMatrix.cs Line: 375)

Unloading 0 Unused Serialized files (Serialized files now loaded: 0)
Loaded scene 'Temp/__Backupscenes/0.backup'
	Deserialize:            0.113 ms
	Integration:            94.295 ms
	Integration of assets:  0.001 ms
	Thread Wait Time:       0.004 ms
	Total Operation Time:   94.413 ms
Unloading 1 unused Assets / (0.8 KB). Loaded Objects now: 3451.
Memory consumption went from 125.3 MB to 125.3 MB.
Total: 4.967421 ms (FindLiveObjects: 0.104284 ms CreateObjectMapping: 0.050950 ms MarkObjects: 4.796816 ms  DeleteObjects: 0.014671 ms)

[GC022] reload-off-scene-off cycle 2/10 left Play Mode clean; routedFrames=20
UnityEngine.Debug:ExtractStackTraceNoAlloc (byte*,int,string)
UnityEngine.StackTraceUtility:ExtractStackTrace () (at /home/bokken/build/output/unity/unity/Runtime/Export/Scripting/StackTrace.cs:35)
UnityEngine.DebugLogHandler:Internal_Log (UnityEngine.LogType,UnityEngine.LogOption,string,UnityEngine.Object)
UnityEngine.DebugLogHandler:LogFormat (UnityEngine.LogType,UnityEngine.Object,string,object[])
UnityEngine.Logger:Log (UnityEngine.LogType,object)
UnityEngine.Debug:Log (object)
GameCore.Validation.Editor.LifecyclePlayModeMatrix:LeavePlayMode () (at Assets/GameCore.Validation/Editor/LifecyclePlayModeMatrix.cs:502)
GameCore.Validation.Editor.LifecyclePlayModeMatrix:OnPlayModeStateChanged (UnityEditor.PlayModeStateChange) (at Assets/GameCore.Validation/Editor/LifecyclePlayModeMatrix.cs:238)
UnityEditor.EditorApplication:Internal_PlayModeStateChanged (UnityEditor.PlayModeStateChange) (at /home/bokken/build/output/unity/unity/Editor/Mono/EditorApplication.cs:487)

(Filename: Assets/GameCore.Validation/Editor/LifecyclePlayModeMatrix.cs Line: 502)

[GC022] reload-off-scene-off cycle 3/10 entering Play Mode
UnityEngine.Debug:ExtractStackTraceNoAlloc (byte*,int,string)
UnityEngine.StackTraceUtility:ExtractStackTrace () (at /home/bokken/build/output/unity/unity/Runtime/Export/Scripting/StackTrace.cs:35)
UnityEngine.DebugLogHandler:Internal_Log (UnityEngine.LogType,UnityEngine.LogOption,string,UnityEngine.Object)
UnityEngine.DebugLogHandler:LogFormat (UnityEngine.LogType,UnityEngine.Object,string,object[])
UnityEngine.Logger:Log (UnityEngine.LogType,object)
UnityEngine.Debug:Log (object)
GameCore.Validation.Editor.LifecyclePlayModeMatrix:BeginCycle () (at Assets/GameCore.Validation/Editor/LifecyclePlayModeMatrix.cs:215)
UnityEditor.EditorApplication:Internal_CallDelayFunctions () (at /home/bokken/build/output/unity/unity/Editor/Mono/EditorApplication.cs:399)

(Filename: Assets/GameCore.Validation/Editor/LifecyclePlayModeMatrix.cs Line: 215)

Entering Playmode with Reload Domain disabled.
If you experience any issues, please disable "Enter Play Mode Options" in Editor Settings
Entering Playmode with Reload Scene disabled. If you experience any issues, please disable "Enter Play Mode Options" in Editor Settings
[GC022] reload-off-scene-off cycle 3 entered Play Mode; session=c7c713528185e0304176c9b73daff481; reloadedOnEntry=False; runCount=3
UnityEngine.Debug:ExtractStackTraceNoAlloc (byte*,int,string)
UnityEngine.StackTraceUtility:ExtractStackTrace () (at /home/bokken/build/output/unity/unity/Runtime/Export/Scripting/StackTrace.cs:35)
UnityEngine.DebugLogHandler:Internal_Log (UnityEngine.LogType,UnityEngine.LogOption,string,UnityEngine.Object)
UnityEngine.DebugLogHandler:LogFormat (UnityEngine.LogType,UnityEngine.Object,string,object[])
UnityEngine.Logger:Log (UnityEngine.LogType,object)
UnityEngine.Debug:Log (object)
GameCore.Validation.Editor.LifecyclePlayModeMatrix:EnterPlayMode () (at Assets/GameCore.Validation/Editor/LifecyclePlayModeMatrix.cs:375)
GameCore.Validation.Editor.LifecyclePlayModeMatrix:OnPlayModeStateChanged (UnityEditor.PlayModeStateChange) (at Assets/GameCore.Validation/Editor/LifecyclePlayModeMatrix.cs:234)
UnityEditor.EditorApplication:Internal_PlayModeStateChanged (UnityEditor.PlayModeStateChange) (at /home/bokken/build/output/unity/unity/Editor/Mono/EditorApplication.cs:487)

(Filename: Assets/GameCore.Validation/Editor/LifecyclePlayModeMatrix.cs Line: 375)

Unloading 0 Unused Serialized files (Serialized files now loaded: 0)
Loaded scene 'Temp/__Backupscenes/0.backup'
	Deserialize:            0.070 ms
	Integration:            93.381 ms
	Integration of assets:  0.001 ms
	Thread Wait Time:       0.002 ms
	Total Operation Time:   93.454 ms
Unloading 0 unused Assets / (0 B). Loaded Objects now: 3451.
Memory consumption went from 125.3 MB to 125.3 MB.
Total: 4.859296 ms (FindLiveObjects: 0.102411 ms CreateObjectMapping: 0.051735 ms MarkObjects: 4.699478 ms  DeleteObjects: 0.005015 ms)

[GC022] reload-off-scene-off cycle 3/10 left Play Mode clean; routedFrames=20
UnityEngine.Debug:ExtractStackTraceNoAlloc (byte*,int,string)
UnityEngine.StackTraceUtility:ExtractStackTrace () (at /home/bokken/build/output/unity/unity/Runtime/Export/Scripting/StackTrace.cs:35)
UnityEngine.DebugLogHandler:Internal_Log (UnityEngine.LogType,UnityEngine.LogOption,string,UnityEngine.Object)
UnityEngine.DebugLogHandler:LogFormat (UnityEngine.LogType,UnityEngine.Object,string,object[])
UnityEngine.Logger:Log (UnityEngine.LogType,object)
UnityEngine.Debug:Log (object)
GameCore.Validation.Editor.LifecyclePlayModeMatrix:LeavePlayMode () (at Assets/GameCore.Validation/Editor/LifecyclePlayModeMatrix.cs:502)
GameCore.Validation.Editor.LifecyclePlayModeMatrix:OnPlayModeStateChanged (UnityEditor.PlayModeStateChange) (at Assets/GameCore.Validation/Editor/LifecyclePlayModeMatrix.cs:238)
UnityEditor.EditorApplication:Internal_PlayModeStateChanged (UnityEditor.PlayModeStateChange) (at /home/bokken/build/output/unity/unity/Editor/Mono/EditorApplication.cs:487)

(Filename: Assets/GameCore.Validation/Editor/LifecyclePlayModeMatrix.cs Line: 502)

[GC022] reload-off-scene-off cycle 4/10 entering Play Mode
UnityEngine.Debug:ExtractStackTraceNoAlloc (byte*,int,string)
UnityEngine.StackTraceUtility:ExtractStackTrace () (at /home/bokken/build/output/unity/unity/Runtime/Export/Scripting/StackTrace.cs:35)
UnityEngine.DebugLogHandler:Internal_Log (UnityEngine.LogType,UnityEngine.LogOption,string,UnityEngine.Object)
UnityEngine.DebugLogHandler:LogFormat (UnityEngine.LogType,UnityEngine.Object,string,object[])
UnityEngine.Logger:Log (UnityEngine.LogType,object)
UnityEngine.Debug:Log (object)
GameCore.Validation.Editor.LifecyclePlayModeMatrix:BeginCycle () (at Assets/GameCore.Validation/Editor/LifecyclePlayModeMatrix.cs:215)
UnityEditor.EditorApplication:Internal_CallDelayFunctions () (at /home/bokken/build/output/unity/unity/Editor/Mono/EditorApplication.cs:399)

(Filename: Assets/GameCore.Validation/Editor/LifecyclePlayModeMatrix.cs Line: 215)

Entering Playmode with Reload Domain disabled.
If you experience any issues, please disable "Enter Play Mode Options" in Editor Settings
Entering Playmode with Reload Scene disabled. If you experience any issues, please disable "Enter Play Mode Options" in Editor Settings
[GC022] reload-off-scene-off cycle 4 entered Play Mode; session=c3f8d83f4a4876cce72431b2111b7eb9; reloadedOnEntry=False; runCount=4
UnityEngine.Debug:ExtractStackTraceNoAlloc (byte*,int,string)
UnityEngine.StackTraceUtility:ExtractStackTrace () (at /home/bokken/build/output/unity/unity/Runtime/Export/Scripting/StackTrace.cs:35)
UnityEngine.DebugLogHandler:Internal_Log (UnityEngine.LogType,UnityEngine.LogOption,string,UnityEngine.Object)
UnityEngine.DebugLogHandler:LogFormat (UnityEngine.LogType,UnityEngine.Object,string,object[])
UnityEngine.Logger:Log (UnityEngine.LogType,object)
UnityEngine.Debug:Log (object)
GameCore.Validation.Editor.LifecyclePlayModeMatrix:EnterPlayMode () (at Assets/GameCore.Validation/Editor/LifecyclePlayModeMatrix.cs:375)
GameCore.Validation.Editor.LifecyclePlayModeMatrix:OnPlayModeStateChanged (UnityEditor.PlayModeStateChange) (at Assets/GameCore.Validation/Editor/LifecyclePlayModeMatrix.cs:234)
UnityEditor.EditorApplication:Internal_PlayModeStateChanged (UnityEditor.PlayModeStateChange) (at /home/bokken/build/output/unity/unity/Editor/Mono/EditorApplication.cs:487)

(Filename: Assets/GameCore.Validation/Editor/LifecyclePlayModeMatrix.cs Line: 375)

Unloading 0 Unused Serialized files (Serialized files now loaded: 0)
Loaded scene 'Temp/__Backupscenes/0.backup'
	Deserialize:            0.065 ms
	Integration:            103.885 ms
	Integration of assets:  0.001 ms
	Thread Wait Time:       0.008 ms
	Total Operation Time:   103.960 ms
Unloading 0 unused Assets / (0 B). Loaded Objects now: 3451.
Memory consumption went from 125.3 MB to 125.3 MB.
Total: 4.952163 ms (FindLiveObjects: 0.108263 ms CreateObjectMapping: 0.054030 ms MarkObjects: 4.784468 ms  DeleteObjects: 0.004706 ms)

[GC022] reload-off-scene-off cycle 4/10 left Play Mode clean; routedFrames=20
UnityEngine.Debug:ExtractStackTraceNoAlloc (byte*,int,string)
UnityEngine.StackTraceUtility:ExtractStackTrace () (at /home/bokken/build/output/unity/unity/Runtime/Export/Scripting/StackTrace.cs:35)
UnityEngine.DebugLogHandler:Internal_Log (UnityEngine.LogType,UnityEngine.LogOption,string,UnityEngine.Object)
UnityEngine.DebugLogHandler:LogFormat (UnityEngine.LogType,UnityEngine.Object,string,object[])
UnityEngine.Logger:Log (UnityEngine.LogType,object)
UnityEngine.Debug:Log (object)
GameCore.Validation.Editor.LifecyclePlayModeMatrix:LeavePlayMode () (at Assets/GameCore.Validation/Editor/LifecyclePlayModeMatrix.cs:502)
GameCore.Validation.Editor.LifecyclePlayModeMatrix:OnPlayModeStateChanged (UnityEditor.PlayModeStateChange) (at Assets/GameCore.Validation/Editor/LifecyclePlayModeMatrix.cs:238)
UnityEditor.EditorApplication:Internal_PlayModeStateChanged (UnityEditor.PlayModeStateChange) (at /home/bokken/build/output/unity/unity/Editor/Mono/EditorApplication.cs:487)

(Filename: Assets/GameCore.Validation/Editor/LifecyclePlayModeMatrix.cs Line: 502)

[GC022] reload-off-scene-off cycle 5/10 entering Play Mode
UnityEngine.Debug:ExtractStackTraceNoAlloc (byte*,int,string)
UnityEngine.StackTraceUtility:ExtractStackTrace () (at /home/bokken/build/output/unity/unity/Runtime/Export/Scripting/StackTrace.cs:35)
UnityEngine.DebugLogHandler:Internal_Log (UnityEngine.LogType,UnityEngine.LogOption,string,UnityEngine.Object)
UnityEngine.DebugLogHandler:LogFormat (UnityEngine.LogType,UnityEngine.Object,string,object[])
UnityEngine.Logger:Log (UnityEngine.LogType,object)
UnityEngine.Debug:Log (object)
GameCore.Validation.Editor.LifecyclePlayModeMatrix:BeginCycle () (at Assets/GameCore.Validation/Editor/LifecyclePlayModeMatrix.cs:215)
UnityEditor.EditorApplication:Internal_CallDelayFunctions () (at /home/bokken/build/output/unity/unity/Editor/Mono/EditorApplication.cs:399)

(Filename: Assets/GameCore.Validation/Editor/LifecyclePlayModeMatrix.cs Line: 215)

Entering Playmode with Reload Domain disabled.
If you experience any issues, please disable "Enter Play Mode Options" in Editor Settings
Entering Playmode with Reload Scene disabled. If you experience any issues, please disable "Enter Play Mode Options" in Editor Settings
[GC022] reload-off-scene-off cycle 5 entered Play Mode; session=cec773883efa2bf9f2f15b7b1655ae87; reloadedOnEntry=False; runCount=5
UnityEngine.Debug:ExtractStackTraceNoAlloc (byte*,int,string)
UnityEngine.StackTraceUtility:ExtractStackTrace () (at /home/bokken/build/output/unity/unity/Runtime/Export/Scripting/StackTrace.cs:35)
UnityEngine.DebugLogHandler:Internal_Log (UnityEngine.LogType,UnityEngine.LogOption,string,UnityEngine.Object)
UnityEngine.DebugLogHandler:LogFormat (UnityEngine.LogType,UnityEngine.Object,string,object[])
UnityEngine.Logger:Log (UnityEngine.LogType,object)
UnityEngine.Debug:Log (object)
GameCore.Validation.Editor.LifecyclePlayModeMatrix:EnterPlayMode () (at Assets/GameCore.Validation/Editor/LifecyclePlayModeMatrix.cs:375)
GameCore.Validation.Editor.LifecyclePlayModeMatrix:OnPlayModeStateChanged (UnityEditor.PlayModeStateChange) (at Assets/GameCore.Validation/Editor/LifecyclePlayModeMatrix.cs:234)
UnityEditor.EditorApplication:Internal_PlayModeStateChanged (UnityEditor.PlayModeStateChange) (at /home/bokken/build/output/unity/unity/Editor/Mono/EditorApplication.cs:487)

(Filename: Assets/GameCore.Validation/Editor/LifecyclePlayModeMatrix.cs Line: 375)

Unloading 0 Unused Serialized files (Serialized files now loaded: 0)
Loaded scene 'Temp/__Backupscenes/0.backup'
	Deserialize:            0.107 ms
	Integration:            97.571 ms
	Integration of assets:  0.001 ms
	Thread Wait Time:       0.004 ms
	Total Operation Time:   97.682 ms
Unloading 0 unused Assets / (0 B). Loaded Objects now: 3451.
Memory consumption went from 125.3 MB to 125.3 MB.
Total: 4.823725 ms (FindLiveObjects: 0.104441 ms CreateObjectMapping: 0.051381 ms MarkObjects: 4.661492 ms  DeleteObjects: 0.005803 ms)

[GC022] reload-off-scene-off cycle 5/10 left Play Mode clean; routedFrames=20
UnityEngine.Debug:ExtractStackTraceNoAlloc (byte*,int,string)
UnityEngine.StackTraceUtility:ExtractStackTrace () (at /home/bokken/build/output/unity/unity/Runtime/Export/Scripting/StackTrace.cs:35)
UnityEngine.DebugLogHandler:Internal_Log (UnityEngine.LogType,UnityEngine.LogOption,string,UnityEngine.Object)
UnityEngine.DebugLogHandler:LogFormat (UnityEngine.LogType,UnityEngine.Object,string,object[])
UnityEngine.Logger:Log (UnityEngine.LogType,object)
UnityEngine.Debug:Log (object)
GameCore.Validation.Editor.LifecyclePlayModeMatrix:LeavePlayMode () (at Assets/GameCore.Validation/Editor/LifecyclePlayModeMatrix.cs:502)
GameCore.Validation.Editor.LifecyclePlayModeMatrix:OnPlayModeStateChanged (UnityEditor.PlayModeStateChange) (at Assets/GameCore.Validation/Editor/LifecyclePlayModeMatrix.cs:238)
UnityEditor.EditorApplication:Internal_PlayModeStateChanged (UnityEditor.PlayModeStateChange) (at /home/bokken/build/output/unity/unity/Editor/Mono/EditorApplication.cs:487)

(Filename: Assets/GameCore.Validation/Editor/LifecyclePlayModeMatrix.cs Line: 502)

[GC022] reload-off-scene-off cycle 6/10 entering Play Mode
UnityEngine.Debug:ExtractStackTraceNoAlloc (byte*,int,string)
UnityEngine.StackTraceUtility:ExtractStackTrace () (at /home/bokken/build/output/unity/unity/Runtime/Export/Scripting/StackTrace.cs:35)
UnityEngine.DebugLogHandler:Internal_Log (UnityEngine.LogType,UnityEngine.LogOption,string,UnityEngine.Object)
UnityEngine.DebugLogHandler:LogFormat (UnityEngine.LogType,UnityEngine.Object,string,object[])
UnityEngine.Logger:Log (UnityEngine.LogType,object)
UnityEngine.Debug:Log (object)
GameCore.Validation.Editor.LifecyclePlayModeMatrix:BeginCycle () (at Assets/GameCore.Validation/Editor/LifecyclePlayModeMatrix.cs:215)
UnityEditor.EditorApplication:Internal_CallDelayFunctions () (at /home/bokken/build/output/unity/unity/Editor/Mono/EditorApplication.cs:399)

(Filename: Assets/GameCore.Validation/Editor/LifecyclePlayModeMatrix.cs Line: 215)

Entering Playmode with Reload Domain disabled.
If you experience any issues, please disable "Enter Play Mode Options" in Editor Settings
Entering Playmode with Reload Scene disabled. If you experience any issues, please disable "Enter Play Mode Options" in Editor Settings
[GC022] reload-off-scene-off cycle 6 entered Play Mode; session=cd8f6ce4ae9d7fea12e0be17fba494af; reloadedOnEntry=False; runCount=6
UnityEngine.Debug:ExtractStackTraceNoAlloc (byte*,int,string)
UnityEngine.StackTraceUtility:ExtractStackTrace () (at /home/bokken/build/output/unity/unity/Runtime/Export/Scripting/StackTrace.cs:35)
UnityEngine.DebugLogHandler:Internal_Log (UnityEngine.LogType,UnityEngine.LogOption,string,UnityEngine.Object)
UnityEngine.DebugLogHandler:LogFormat (UnityEngine.LogType,UnityEngine.Object,string,object[])
UnityEngine.Logger:Log (UnityEngine.LogType,object)
UnityEngine.Debug:Log (object)
GameCore.Validation.Editor.LifecyclePlayModeMatrix:EnterPlayMode () (at Assets/GameCore.Validation/Editor/LifecyclePlayModeMatrix.cs:375)
GameCore.Validation.Editor.LifecyclePlayModeMatrix:OnPlayModeStateChanged (UnityEditor.PlayModeStateChange) (at Assets/GameCore.Validation/Editor/LifecyclePlayModeMatrix.cs:234)
UnityEditor.EditorApplication:Internal_PlayModeStateChanged (UnityEditor.PlayModeStateChange) (at /home/bokken/build/output/unity/unity/Editor/Mono/EditorApplication.cs:487)

(Filename: Assets/GameCore.Validation/Editor/LifecyclePlayModeMatrix.cs Line: 375)

Unloading 0 Unused Serialized files (Serialized files now loaded: 0)
Loaded scene 'Temp/__Backupscenes/0.backup'
	Deserialize:            0.107 ms
	Integration:            94.124 ms
	Integration of assets:  0.001 ms
	Thread Wait Time:       0.003 ms
	Total Operation Time:   94.235 ms
Unloading 0 unused Assets / (0 B). Loaded Objects now: 3451.
Memory consumption went from 125.3 MB to 125.3 MB.
Total: 4.885068 ms (FindLiveObjects: 0.102223 ms CreateObjectMapping: 0.053006 ms MarkObjects: 4.724411 ms  DeleteObjects: 0.004730 ms)

[GC022] reload-off-scene-off cycle 6/10 left Play Mode clean; routedFrames=20
UnityEngine.Debug:ExtractStackTraceNoAlloc (byte*,int,string)
UnityEngine.StackTraceUtility:ExtractStackTrace () (at /home/bokken/build/output/unity/unity/Runtime/Export/Scripting/StackTrace.cs:35)
UnityEngine.DebugLogHandler:Internal_Log (UnityEngine.LogType,UnityEngine.LogOption,string,UnityEngine.Object)
UnityEngine.DebugLogHandler:LogFormat (UnityEngine.LogType,UnityEngine.Object,string,object[])
UnityEngine.Logger:Log (UnityEngine.LogType,object)
UnityEngine.Debug:Log (object)
GameCore.Validation.Editor.LifecyclePlayModeMatrix:LeavePlayMode () (at Assets/GameCore.Validation/Editor/LifecyclePlayModeMatrix.cs:502)
GameCore.Validation.Editor.LifecyclePlayModeMatrix:OnPlayModeStateChanged (UnityEditor.PlayModeStateChange) (at Assets/GameCore.Validation/Editor/LifecyclePlayModeMatrix.cs:238)
UnityEditor.EditorApplication:Internal_PlayModeStateChanged (UnityEditor.PlayModeStateChange) (at /home/bokken/build/output/unity/unity/Editor/Mono/EditorApplication.cs:487)

(Filename: Assets/GameCore.Validation/Editor/LifecyclePlayModeMatrix.cs Line: 502)

[GC022] reload-off-scene-off cycle 7/10 entering Play Mode
UnityEngine.Debug:ExtractStackTraceNoAlloc (byte*,int,string)
UnityEngine.StackTraceUtility:ExtractStackTrace () (at /home/bokken/build/output/unity/unity/Runtime/Export/Scripting/StackTrace.cs:35)
UnityEngine.DebugLogHandler:Internal_Log (UnityEngine.LogType,UnityEngine.LogOption,string,UnityEngine.Object)
UnityEngine.DebugLogHandler:LogFormat (UnityEngine.LogType,UnityEngine.Object,string,object[])
UnityEngine.Logger:Log (UnityEngine.LogType,object)
UnityEngine.Debug:Log (object)
GameCore.Validation.Editor.LifecyclePlayModeMatrix:BeginCycle () (at Assets/GameCore.Validation/Editor/LifecyclePlayModeMatrix.cs:215)
UnityEditor.EditorApplication:Internal_CallDelayFunctions () (at /home/bokken/build/output/unity/unity/Editor/Mono/EditorApplication.cs:399)

(Filename: Assets/GameCore.Validation/Editor/LifecyclePlayModeMatrix.cs Line: 215)

Entering Playmode with Reload Domain disabled.
If you experience any issues, please disable "Enter Play Mode Options" in Editor Settings
Entering Playmode with Reload Scene disabled. If you experience any issues, please disable "Enter Play Mode Options" in Editor Settings
[GC022] reload-off-scene-off cycle 7 entered Play Mode; session=c8bf72acf0b8ef2b2e6f7a00d753eabc; reloadedOnEntry=False; runCount=7
UnityEngine.Debug:ExtractStackTraceNoAlloc (byte*,int,string)
UnityEngine.StackTraceUtility:ExtractStackTrace () (at /home/bokken/build/output/unity/unity/Runtime/Export/Scripting/StackTrace.cs:35)
UnityEngine.DebugLogHandler:Internal_Log (UnityEngine.LogType,UnityEngine.LogOption,string,UnityEngine.Object)
UnityEngine.DebugLogHandler:LogFormat (UnityEngine.LogType,UnityEngine.Object,string,object[])
UnityEngine.Logger:Log (UnityEngine.LogType,object)
UnityEngine.Debug:Log (object)
GameCore.Validation.Editor.LifecyclePlayModeMatrix:EnterPlayMode () (at Assets/GameCore.Validation/Editor/LifecyclePlayModeMatrix.cs:375)
GameCore.Validation.Editor.LifecyclePlayModeMatrix:OnPlayModeStateChanged (UnityEditor.PlayModeStateChange) (at Assets/GameCore.Validation/Editor/LifecyclePlayModeMatrix.cs:234)
UnityEditor.EditorApplication:Internal_PlayModeStateChanged (UnityEditor.PlayModeStateChange) (at /home/bokken/build/output/unity/unity/Editor/Mono/EditorApplication.cs:487)

(Filename: Assets/GameCore.Validation/Editor/LifecyclePlayModeMatrix.cs Line: 375)

Unloading 0 Unused Serialized files (Serialized files now loaded: 0)
Loaded scene 'Temp/__Backupscenes/0.backup'
	Deserialize:            0.106 ms
	Integration:            93.533 ms
	Integration of assets:  0.001 ms
	Thread Wait Time:       0.004 ms
	Total Operation Time:   93.644 ms
Unloading 0 unused Assets / (0 B). Loaded Objects now: 3451.
Memory consumption went from 125.3 MB to 125.3 MB.
Total: 4.886165 ms (FindLiveObjects: 0.103718 ms CreateObjectMapping: 0.050998 ms MarkObjects: 4.725508 ms  DeleteObjects: 0.005324 ms)

[GC022] reload-off-scene-off cycle 7/10 left Play Mode clean; routedFrames=20
UnityEngine.Debug:ExtractStackTraceNoAlloc (byte*,int,string)
UnityEngine.StackTraceUtility:ExtractStackTrace () (at /home/bokken/build/output/unity/unity/Runtime/Export/Scripting/StackTrace.cs:35)
UnityEngine.DebugLogHandler:Internal_Log (UnityEngine.LogType,UnityEngine.LogOption,string,UnityEngine.Object)
UnityEngine.DebugLogHandler:LogFormat (UnityEngine.LogType,UnityEngine.Object,string,object[])
UnityEngine.Logger:Log (UnityEngine.LogType,object)
UnityEngine.Debug:Log (object)
GameCore.Validation.Editor.LifecyclePlayModeMatrix:LeavePlayMode () (at Assets/GameCore.Validation/Editor/LifecyclePlayModeMatrix.cs:502)
GameCore.Validation.Editor.LifecyclePlayModeMatrix:OnPlayModeStateChanged (UnityEditor.PlayModeStateChange) (at Assets/GameCore.Validation/Editor/LifecyclePlayModeMatrix.cs:238)
UnityEditor.EditorApplication:Internal_PlayModeStateChanged (UnityEditor.PlayModeStateChange) (at /home/bokken/build/output/unity/unity/Editor/Mono/EditorApplication.cs:487)

(Filename: Assets/GameCore.Validation/Editor/LifecyclePlayModeMatrix.cs Line: 502)

[GC022] reload-off-scene-off cycle 8/10 entering Play Mode
UnityEngine.Debug:ExtractStackTraceNoAlloc (byte*,int,string)
UnityEngine.StackTraceUtility:ExtractStackTrace () (at /home/bokken/build/output/unity/unity/Runtime/Export/Scripting/StackTrace.cs:35)
UnityEngine.DebugLogHandler:Internal_Log (UnityEngine.LogType,UnityEngine.LogOption,string,UnityEngine.Object)
UnityEngine.DebugLogHandler:LogFormat (UnityEngine.LogType,UnityEngine.Object,string,object[])
UnityEngine.Logger:Log (UnityEngine.LogType,object)
UnityEngine.Debug:Log (object)
GameCore.Validation.Editor.LifecyclePlayModeMatrix:BeginCycle () (at Assets/GameCore.Validation/Editor/LifecyclePlayModeMatrix.cs:215)
UnityEditor.EditorApplication:Internal_CallDelayFunctions () (at /home/bokken/build/output/unity/unity/Editor/Mono/EditorApplication.cs:399)

(Filename: Assets/GameCore.Validation/Editor/LifecyclePlayModeMatrix.cs Line: 215)

Entering Playmode with Reload Domain disabled.
If you experience any issues, please disable "Enter Play Mode Options" in Editor Settings
Entering Playmode with Reload Scene disabled. If you experience any issues, please disable "Enter Play Mode Options" in Editor Settings
[GC022] reload-off-scene-off cycle 8 entered Play Mode; session=ce65a1ef12afbfa3e81ce5176979f2bd; reloadedOnEntry=False; runCount=8
UnityEngine.Debug:ExtractStackTraceNoAlloc (byte*,int,string)
UnityEngine.StackTraceUtility:ExtractStackTrace () (at /home/bokken/build/output/unity/unity/Runtime/Export/Scripting/StackTrace.cs:35)
UnityEngine.DebugLogHandler:Internal_Log (UnityEngine.LogType,UnityEngine.LogOption,string,UnityEngine.Object)
UnityEngine.DebugLogHandler:LogFormat (UnityEngine.LogType,UnityEngine.Object,string,object[])
UnityEngine.Logger:Log (UnityEngine.LogType,object)
UnityEngine.Debug:Log (object)
GameCore.Validation.Editor.LifecyclePlayModeMatrix:EnterPlayMode () (at Assets/GameCore.Validation/Editor/LifecyclePlayModeMatrix.cs:375)
GameCore.Validation.Editor.LifecyclePlayModeMatrix:OnPlayModeStateChanged (UnityEditor.PlayModeStateChange) (at Assets/GameCore.Validation/Editor/LifecyclePlayModeMatrix.cs:234)
UnityEditor.EditorApplication:Internal_PlayModeStateChanged (UnityEditor.PlayModeStateChange) (at /home/bokken/build/output/unity/unity/Editor/Mono/EditorApplication.cs:487)

(Filename: Assets/GameCore.Validation/Editor/LifecyclePlayModeMatrix.cs Line: 375)

Unloading 0 Unused Serialized files (Serialized files now loaded: 0)
Loaded scene 'Temp/__Backupscenes/0.backup'
	Deserialize:            0.099 ms
	Integration:            93.760 ms
	Integration of assets:  0.001 ms
	Thread Wait Time:       0.044 ms
	Total Operation Time:   93.904 ms
Unloading 0 unused Assets / (0 B). Loaded Objects now: 3451.
Memory consumption went from 125.3 MB to 125.3 MB.
Total: 5.113625 ms (FindLiveObjects: 0.104548 ms CreateObjectMapping: 0.052338 ms MarkObjects: 4.950574 ms  DeleteObjects: 0.005535 ms)

[GC022] reload-off-scene-off cycle 8/10 left Play Mode clean; routedFrames=20
UnityEngine.Debug:ExtractStackTraceNoAlloc (byte*,int,string)
UnityEngine.StackTraceUtility:ExtractStackTrace () (at /home/bokken/build/output/unity/unity/Runtime/Export/Scripting/StackTrace.cs:35)
UnityEngine.DebugLogHandler:Internal_Log (UnityEngine.LogType,UnityEngine.LogOption,string,UnityEngine.Object)
UnityEngine.DebugLogHandler:LogFormat (UnityEngine.LogType,UnityEngine.Object,string,object[])
UnityEngine.Logger:Log (UnityEngine.LogType,object)
UnityEngine.Debug:Log (object)
GameCore.Validation.Editor.LifecyclePlayModeMatrix:LeavePlayMode () (at Assets/GameCore.Validation/Editor/LifecyclePlayModeMatrix.cs:502)
GameCore.Validation.Editor.LifecyclePlayModeMatrix:OnPlayModeStateChanged (UnityEditor.PlayModeStateChange) (at Assets/GameCore.Validation/Editor/LifecyclePlayModeMatrix.cs:238)
UnityEditor.EditorApplication:Internal_PlayModeStateChanged (UnityEditor.PlayModeStateChange) (at /home/bokken/build/output/unity/unity/Editor/Mono/EditorApplication.cs:487)

(Filename: Assets/GameCore.Validation/Editor/LifecyclePlayModeMatrix.cs Line: 502)

[GC022] reload-off-scene-off cycle 9/10 entering Play Mode
UnityEngine.Debug:ExtractStackTraceNoAlloc (byte*,int,string)
UnityEngine.StackTraceUtility:ExtractStackTrace () (at /home/bokken/build/output/unity/unity/Runtime/Export/Scripting/StackTrace.cs:35)
UnityEngine.DebugLogHandler:Internal_Log (UnityEngine.LogType,UnityEngine.LogOption,string,UnityEngine.Object)
UnityEngine.DebugLogHandler:LogFormat (UnityEngine.LogType,UnityEngine.Object,string,object[])
UnityEngine.Logger:Log (UnityEngine.LogType,object)
UnityEngine.Debug:Log (object)
GameCore.Validation.Editor.LifecyclePlayModeMatrix:BeginCycle () (at Assets/GameCore.Validation/Editor/LifecyclePlayModeMatrix.cs:215)
UnityEditor.EditorApplication:Internal_CallDelayFunctions () (at /home/bokken/build/output/unity/unity/Editor/Mono/EditorApplication.cs:399)

(Filename: Assets/GameCore.Validation/Editor/LifecyclePlayModeMatrix.cs Line: 215)

Entering Playmode with Reload Domain disabled.
If you experience any issues, please disable "Enter Play Mode Options" in Editor Settings
Entering Playmode with Reload Scene disabled. If you experience any issues, please disable "Enter Play Mode Options" in Editor Settings
[GC022] reload-off-scene-off cycle 9 entered Play Mode; session=c7c050de144a51f90da993958a0d8898; reloadedOnEntry=False; runCount=9
UnityEngine.Debug:ExtractStackTraceNoAlloc (byte*,int,string)
UnityEngine.StackTraceUtility:ExtractStackTrace () (at /home/bokken/build/output/unity/unity/Runtime/Export/Scripting/StackTrace.cs:35)
UnityEngine.DebugLogHandler:Internal_Log (UnityEngine.LogType,UnityEngine.LogOption,string,UnityEngine.Object)
UnityEngine.DebugLogHandler:LogFormat (UnityEngine.LogType,UnityEngine.Object,string,object[])
UnityEngine.Logger:Log (UnityEngine.LogType,object)
UnityEngine.Debug:Log (object)
GameCore.Validation.Editor.LifecyclePlayModeMatrix:EnterPlayMode () (at Assets/GameCore.Validation/Editor/LifecyclePlayModeMatrix.cs:375)
GameCore.Validation.Editor.LifecyclePlayModeMatrix:OnPlayModeStateChanged (UnityEditor.PlayModeStateChange) (at Assets/GameCore.Validation/Editor/LifecyclePlayModeMatrix.cs:234)
UnityEditor.EditorApplication:Internal_PlayModeStateChanged (UnityEditor.PlayModeStateChange) (at /home/bokken/build/output/unity/unity/Editor/Mono/EditorApplication.cs:487)

(Filename: Assets/GameCore.Validation/Editor/LifecyclePlayModeMatrix.cs Line: 375)

Unloading 0 Unused Serialized files (Serialized files now loaded: 0)
Loaded scene 'Temp/__Backupscenes/0.backup'
	Deserialize:            0.071 ms
	Integration:            97.523 ms
	Integration of assets:  0.001 ms
	Thread Wait Time:       0.008 ms
	Total Operation Time:   97.602 ms
Unloading 0 unused Assets / (0 B). Loaded Objects now: 3451.
Memory consumption went from 125.3 MB to 125.3 MB.
Total: 5.489230 ms (FindLiveObjects: 0.105047 ms CreateObjectMapping: 0.053660 ms MarkObjects: 5.323732 ms  DeleteObjects: 0.006313 ms)

[GC022] reload-off-scene-off cycle 9/10 left Play Mode clean; routedFrames=20
UnityEngine.Debug:ExtractStackTraceNoAlloc (byte*,int,string)
UnityEngine.StackTraceUtility:ExtractStackTrace () (at /home/bokken/build/output/unity/unity/Runtime/Export/Scripting/StackTrace.cs:35)
UnityEngine.DebugLogHandler:Internal_Log (UnityEngine.LogType,UnityEngine.LogOption,string,UnityEngine.Object)
UnityEngine.DebugLogHandler:LogFormat (UnityEngine.LogType,UnityEngine.Object,string,object[])
UnityEngine.Logger:Log (UnityEngine.LogType,object)
UnityEngine.Debug:Log (object)
GameCore.Validation.Editor.LifecyclePlayModeMatrix:LeavePlayMode () (at Assets/GameCore.Validation/Editor/LifecyclePlayModeMatrix.cs:502)
GameCore.Validation.Editor.LifecyclePlayModeMatrix:OnPlayModeStateChanged (UnityEditor.PlayModeStateChange) (at Assets/GameCore.Validation/Editor/LifecyclePlayModeMatrix.cs:238)
UnityEditor.EditorApplication:Internal_PlayModeStateChanged (UnityEditor.PlayModeStateChange) (at /home/bokken/build/output/unity/unity/Editor/Mono/EditorApplication.cs:487)

(Filename: Assets/GameCore.Validation/Editor/LifecyclePlayModeMatrix.cs Line: 502)

[GC022] reload-off-scene-off cycle 10/10 entering Play Mode
UnityEngine.Debug:ExtractStackTraceNoAlloc (byte*,int,string)
UnityEngine.StackTraceUtility:ExtractStackTrace () (at /home/bokken/build/output/unity/unity/Runtime/Export/Scripting/StackTrace.cs:35)
UnityEngine.DebugLogHandler:Internal_Log (UnityEngine.LogType,UnityEngine.LogOption,string,UnityEngine.Object)
UnityEngine.DebugLogHandler:LogFormat (UnityEngine.LogType,UnityEngine.Object,string,object[])
UnityEngine.Logger:Log (UnityEngine.LogType,object)
UnityEngine.Debug:Log (object)
GameCore.Validation.Editor.LifecyclePlayModeMatrix:BeginCycle () (at Assets/GameCore.Validation/Editor/LifecyclePlayModeMatrix.cs:215)
UnityEditor.EditorApplication:Internal_CallDelayFunctions () (at /home/bokken/build/output/unity/unity/Editor/Mono/EditorApplication.cs:399)

(Filename: Assets/GameCore.Validation/Editor/LifecyclePlayModeMatrix.cs Line: 215)

Entering Playmode with Reload Domain disabled.
If you experience any issues, please disable "Enter Play Mode Options" in Editor Settings
Entering Playmode with Reload Scene disabled. If you experience any issues, please disable "Enter Play Mode Options" in Editor Settings
[GC022] reload-off-scene-off cycle 10 entered Play Mode; session=c144c156a001017a4713677fa1d6e9ba; reloadedOnEntry=False; runCount=10
UnityEngine.Debug:ExtractStackTraceNoAlloc (byte*,int,string)
UnityEngine.StackTraceUtility:ExtractStackTrace () (at /home/bokken/build/output/unity/unity/Runtime/Export/Scripting/StackTrace.cs:35)
UnityEngine.DebugLogHandler:Internal_Log (UnityEngine.LogType,UnityEngine.LogOption,string,UnityEngine.Object)
UnityEngine.DebugLogHandler:LogFormat (UnityEngine.LogType,UnityEngine.Object,string,object[])
UnityEngine.Logger:Log (UnityEngine.LogType,object)
UnityEngine.Debug:Log (object)
GameCore.Validation.Editor.LifecyclePlayModeMatrix:EnterPlayMode () (at Assets/GameCore.Validation/Editor/LifecyclePlayModeMatrix.cs:375)
GameCore.Validation.Editor.LifecyclePlayModeMatrix:OnPlayModeStateChanged (UnityEditor.PlayModeStateChange) (at Assets/GameCore.Validation/Editor/LifecyclePlayModeMatrix.cs:234)
UnityEditor.EditorApplication:Internal_PlayModeStateChanged (UnityEditor.PlayModeStateChange) (at /home/bokken/build/output/unity/unity/Editor/Mono/EditorApplication.cs:487)

(Filename: Assets/GameCore.Validation/Editor/LifecyclePlayModeMatrix.cs Line: 375)

Unloading 0 Unused Serialized files (Serialized files now loaded: 0)
Loaded scene 'Temp/__Backupscenes/0.backup'
	Deserialize:            0.101 ms
	Integration:            93.352 ms
	Integration of assets:  0.001 ms
	Thread Wait Time:       0.004 ms
	Total Operation Time:   93.458 ms
Unloading 0 unused Assets / (0 B). Loaded Objects now: 3451.
Memory consumption went from 125.3 MB to 125.3 MB.
Total: 4.948756 ms (FindLiveObjects: 0.102502 ms CreateObjectMapping: 0.051841 ms MarkObjects: 4.789392 ms  DeleteObjects: 0.004486 ms)

[GC022] reload-off-scene-off cycle 10/10 left Play Mode clean; routedFrames=20
UnityEngine.Debug:ExtractStackTraceNoAlloc (byte*,int,string)
UnityEngine.StackTraceUtility:ExtractStackTrace () (at /home/bokken/build/output/unity/unity/Runtime/Export/Scripting/StackTrace.cs:35)
UnityEngine.DebugLogHandler:Internal_Log (UnityEngine.LogType,UnityEngine.LogOption,string,UnityEngine.Object)
UnityEngine.DebugLogHandler:LogFormat (UnityEngine.LogType,UnityEngine.Object,string,object[])
UnityEngine.Logger:Log (UnityEngine.LogType,object)
UnityEngine.Debug:Log (object)
GameCore.Validation.Editor.LifecyclePlayModeMatrix:LeavePlayMode () (at Assets/GameCore.Validation/Editor/LifecyclePlayModeMatrix.cs:502)
GameCore.Validation.Editor.LifecyclePlayModeMatrix:OnPlayModeStateChanged (UnityEditor.PlayModeStateChange) (at Assets/GameCore.Validation/Editor/LifecyclePlayModeMatrix.cs:238)
UnityEditor.EditorApplication:Internal_PlayModeStateChanged (UnityEditor.PlayModeStateChange) (at /home/bokken/build/output/unity/unity/Editor/Mono/EditorApplication.cs:487)

(Filename: Assets/GameCore.Validation/Editor/LifecyclePlayModeMatrix.cs Line: 502)

[GC022] summary written to /home/worlesenric/wkspace/gc-wt/gc-022/artifacts/gc-022/playmode-matrix/reload-off-scene-off-summary.json; result=Pass
UnityEngine.Debug:ExtractStackTraceNoAlloc (byte*,int,string)
UnityEngine.StackTraceUtility:ExtractStackTrace () (at /home/bokken/build/output/unity/unity/Runtime/Export/Scripting/StackTrace.cs:35)
UnityEngine.DebugLogHandler:Internal_Log (UnityEngine.LogType,UnityEngine.LogOption,string,UnityEngine.Object)
UnityEngine.DebugLogHandler:LogFormat (UnityEngine.LogType,UnityEngine.Object,string,object[])
UnityEngine.Logger:Log (UnityEngine.LogType,object)
UnityEngine.Debug:Log (object)
GameCore.Validation.Editor.LifecyclePlayModeMatrix:WriteSummary (GameCore.Validation.Editor.LifecyclePlayModeMatrix/Combination,int,int,string,int,System.Collections.Generic.List`1<string>) (at Assets/GameCore.Validation/Editor/LifecyclePlayModeMatrix.cs:578)
GameCore.Validation.Editor.LifecyclePlayModeMatrix:LeavePlayMode () (at Assets/GameCore.Validation/Editor/LifecyclePlayModeMatrix.cs:508)
GameCore.Validation.Editor.LifecyclePlayModeMatrix:OnPlayModeStateChanged (UnityEditor.PlayModeStateChange) (at Assets/GameCore.Validation/Editor/LifecyclePlayModeMatrix.cs:238)
UnityEditor.EditorApplication:Internal_PlayModeStateChanged (UnityEditor.PlayModeStateChange) (at /home/bokken/build/output/unity/unity/Editor/Mono/EditorApplication.cs:487)

(Filename: Assets/GameCore.Validation/Editor/LifecyclePlayModeMatrix.cs Line: 578)

[GC022] restored enter-play settings; optionsEnabled=False; options=None
UnityEngine.Debug:ExtractStackTraceNoAlloc (byte*,int,string)
UnityEngine.StackTraceUtility:ExtractStackTrace () (at /home/bokken/build/output/unity/unity/Runtime/Export/Scripting/StackTrace.cs:35)
UnityEngine.DebugLogHandler:Internal_Log (UnityEngine.LogType,UnityEngine.LogOption,string,UnityEngine.Object)
UnityEngine.DebugLogHandler:LogFormat (UnityEngine.LogType,UnityEngine.Object,string,object[])
UnityEngine.Logger:Log (UnityEngine.LogType,object)
UnityEngine.Debug:Log (object)
GameCore.Validation.Editor.LifecyclePlayModeMatrix:Finish (int) (at Assets/GameCore.Validation/Editor/LifecyclePlayModeMatrix.cs:594)
GameCore.Validation.Editor.LifecyclePlayModeMatrix:LeavePlayMode () (at Assets/GameCore.Validation/Editor/LifecyclePlayModeMatrix.cs:509)
GameCore.Validation.Editor.LifecyclePlayModeMatrix:OnPlayModeStateChanged (UnityEditor.PlayModeStateChange) (at Assets/GameCore.Validation/Editor/LifecyclePlayModeMatrix.cs:238)
UnityEditor.EditorApplication:Internal_PlayModeStateChanged (UnityEditor.PlayModeStateChange) (at /home/bokken/build/output/unity/unity/Editor/Mono/EditorApplication.cs:487)

(Filename: Assets/GameCore.Validation/Editor/LifecyclePlayModeMatrix.cs Line: 594)

[GC022] exiting with code 0; batchMode=True
UnityEngine.Debug:ExtractStackTraceNoAlloc (byte*,int,string)
UnityEngine.StackTraceUtility:ExtractStackTrace () (at /home/bokken/build/output/unity/unity/Runtime/Export/Scripting/StackTrace.cs:35)
UnityEngine.DebugLogHandler:Internal_Log (UnityEngine.LogType,UnityEngine.LogOption,string,UnityEngine.Object)
UnityEngine.DebugLogHandler:LogFormat (UnityEngine.LogType,UnityEngine.Object,string,object[])
UnityEngine.Logger:Log (UnityEngine.LogType,object)
UnityEngine.Debug:Log (object)
GameCore.Validation.Editor.LifecyclePlayModeMatrix:Finish (int) (at Assets/GameCore.Validation/Editor/LifecyclePlayModeMatrix.cs:600)
GameCore.Validation.Editor.LifecyclePlayModeMatrix:LeavePlayMode () (at Assets/GameCore.Validation/Editor/LifecyclePlayModeMatrix.cs:509)
GameCore.Validation.Editor.LifecyclePlayModeMatrix:OnPlayModeStateChanged (UnityEditor.PlayModeStateChange) (at Assets/GameCore.Validation/Editor/LifecyclePlayModeMatrix.cs:238)
UnityEditor.EditorApplication:Internal_PlayModeStateChanged (UnityEditor.PlayModeStateChange) (at /home/bokken/build/output/unity/unity/Editor/Mono/EditorApplication.cs:487)

(Filename: Assets/GameCore.Validation/Editor/LifecyclePlayModeMatrix.cs Line: 600)

Unloading 0 Unused Serialized files (Serialized files now loaded: 0)
Start importing ProjectSettings/EditorSettings.asset using Guid(0000000000000000c000000000000000) (LibraryAssetImporter) -> (artifact id: '88a81b0cd41f2e6791b296dbea0c2761') in 0.003581032 seconds
Refreshing native plugins compatible for Editor in 0.15 ms, found 1 plugins.
Preloading 0 native plugins for Editor in 0.00 ms.
Asset Pipeline Refresh (id=ed8d52854eaa8ea1f8d5fb615a5711c9): Total: 0.039 seconds - Initiated by StopAssetImportingV2(NoUpdateAssetOptions)
Unloading 4 unused Assets / (0.8 KB). Loaded Objects now: 3451.
Memory consumption went from 121.9 MB to 121.9 MB.
Total: 5.254252 ms (FindLiveObjects: 0.103301 ms CreateObjectMapping: 0.051780 ms MarkObjects: 5.083616 ms  DeleteObjects: 0.014813 ms)

[Physics::Module] Cleanup current backned.
[Physics::Module] Id: 0xf2b8ea05
Input System module state changed to: ShutdownInProgress.
Input System polling thread exited.
Input System module state changed to: Shutdown.
[Licensing::IpcConnector] LicenseClient-worlesenric-notifications channel disconnected successfully.
[Licensing::IpcConnector] LicenseClient-worlesenric channel disconnected successfully.
AcceleratorClientConnectionCallback - disconnected - :0
[40m[32minfo[39m[22m[49m: Microsoft.Hosting.Lifetime[0]
      Application is shutting down...
[40m[32minfo[39m[22m[49m: Unity.ILPP.Runner.PostProcessingAssemblyLoadContext[0]
      ALC ILPP context 1 is unloading
Cleanup mono
debugger-agent: Unable to listen on 42
[Package Manager] Server process was shutdown
Checking for leaked weakptr:
  Found no leaked weakptrs.
##utp:{"type":"MemoryLeaks","version":2,"phase":"Immediate","time":1790392854304,"processId":3888688,"allocatedMemory":12019076,"memoryLabels":[{"Default":23549},{"Permanent":16147},{"Thread":1084616},{"Manager":3073822},{"VertexData":8},{"Geometry":408},{"VFX":-104},{"Texture":296},{"Shader":79299},{"Material":24},{"GfxDevice":35976},{"Animation":456},{"Audio":4032},{"FontEngine":320},{"Physics":2081},{"Serialization":472},{"Input":26752},{"JobScheduler":33024},{"TextLib":160},{"Mono":32},{"ScriptingNativeRuntime":155096},{"BaseObject":1622832},{"Resource":1032},{"Renderer":2928},{"Transform":4678},{"File":828},{"WebCam":80},{"Culling":32},{"Terrain":11298},{"Wind":24},{"String":22878},{"DynamicArray":92480},{"HashMap":84157},{"Utility":2665105},{"PoolAlloc":3776},{"AI":72},{"TypeTree":5005},{"ScriptManager":512},{"RuntimeInitializeOnLoadManager":64},{"SpriteAtlas":112},{"GI":7448},{"Director":8208},{"CloudService":10928},{"WebRequest":808},{"VR":45689},{"SceneManager":528},{"Video":64},{"LazyScriptCache":32},{"Camera":17},{"Secure":8401},{"SerializationCache":1576},{"APIUpdating":10320},{"Subsystems":336},{"VirtualTexturing":57552},{"StaticSafetyDebugInfo":278528},{"Analytics":384},{"Hierarchy":832},{"CoreStats":12456},{"Identifiers":12384},{"Gui":112},{"EditorUtility":23467},{"VersionControl":4},{"Undo":979},{"AssetDatabase":2442526},{"EditorGi":328},{"UnityConnect":24816},{"Upm":1852},{"DrivenProperties":72},{"LocalIPC":210},{"ProfilerEditor":9778},{"CoreBusinessMetrics":2386},{"Licensing":1632},{"AssetReference":32},{"IPCStream":32}]}
