[2026-10-07T23:35:47.036Z][INFO] Command-line: ~/Unity/Hub/Editor/6000.0.75f1/Editor/Data/Resources/PackageManager/Server/UnityPackageManager -s 538267 -ipc -ipc-path /tmp/Unity-Upm-538267.sock -l 2 --log-file ~/wkspace/gc-studio/p4.2l/artifacts/studio/verification/W-DOC-01/p42l-creator-guide-20261007T233546.090584Z/upm.log
[2026-10-07T23:35:47.044Z][INFO] IPC server started (IPC path=/tmp/Unity-Upm-538267.sock).
[2026-10-07T23:35:47.044Z][INFO] Hint: To connect to this UPM instance, launch Unity with the command-line parameter -upmIpcPath Upm-538267.
[2026-10-07T23:35:47.967Z][INFO] project:add-dependency <-- Request received
params: {
  "packageId": "com.unity.toolchain.linux-x86_64"
}
[2026-10-07T23:36:06.123Z][INFO] project:add-dependency --> 200 (18157 ms)
[2026-10-07T23:36:06.485Z][INFO] project:list-packages <-- Request received
params: {}
[2026-10-07T23:36:06.576Z][INFO] project:list-packages <-- Request received
params: {}
[2026-10-07T23:36:06.591Z][INFO] project:list-packages <-- Request received
params: {}
[2026-10-07T23:36:06.603Z][INFO] config:project:get-registries <-- Request received
params: {}
[2026-10-07T23:36:06.631Z][INFO] config:project:get-registries --> 200 (28 ms)
[2026-10-07T23:36:08.283Z][INFO] project:list-packages --> 200 (1798 ms)
[2026-10-07T23:36:08.658Z][INFO] project:list-packages --> 200 (2081 ms)
[2026-10-07T23:36:09.830Z][INFO] project:list-packages --> 200 (3239 ms)
[2026-10-07T23:36:15.494Z][INFO] project:list-packages <-- Request received
params: {}
[2026-10-07T23:36:15.933Z][INFO] project:list-packages --> 200 (440 ms)
[2026-10-07T23:36:19.272Z][INFO] project:list-packages <-- Request received
params: {}
[2026-10-07T23:36:19.282Z][INFO] project:list-packages <-- Request received
params: {}
[2026-10-07T23:36:19.364Z][INFO] config:project:get-registries <-- Request received
params: {}
[2026-10-07T23:36:19.377Z][INFO] config:project:get-registries --> 200 (13 ms)
[2026-10-07T23:36:19.916Z][INFO] project:list-packages --> 200 (633 ms)
[2026-10-07T23:36:22.764Z][INFO] project:list-packages <-- Request received
params: {}
[2026-10-07T23:36:22.775Z][INFO] project:list-packages <-- Request received
params: {}
[2026-10-07T23:36:23.708Z][INFO] project:list-packages --> 200 (945 ms)
[2026-10-07T23:36:31.655Z][INFO] project:list-packages --> 200 (12383 ms)
[2026-10-07T23:36:37.696Z][INFO] project:list-packages --> 200 (14921 ms)
[2026-10-07T23:36:48.217Z][INFO] Received shutdown request (SIGINT), shutting down Unity Package Manager
