[2026-10-07T05:12:40.367Z][INFO] Command-line: ~/Unity/Hub/Editor/6000.0.75f1/Editor/Data/Resources/PackageManager/Server/UnityPackageManager -s 1351825 -ipc -ipc-path /tmp/Unity-Upm-1351825.sock -l 2 --log-file ~/wkspace/gc-studio/p4.2i/artifacts/studio/verification/W-DOC-01/p42i-creator-guide-20261007T051239.640968Z/upm.log
[2026-10-07T05:12:40.374Z][INFO] IPC server started (IPC path=/tmp/Unity-Upm-1351825.sock).
[2026-10-07T05:12:40.374Z][INFO] Hint: To connect to this UPM instance, launch Unity with the command-line parameter -upmIpcPath Upm-1351825.
[2026-10-07T05:12:41.313Z][INFO] project:add-dependency <-- Request received
params: {
  "packageId": "com.unity.toolchain.linux-x86_64"
}
[2026-10-07T05:13:08.562Z][INFO] project:add-dependency --> 200 (27249 ms)
[2026-10-07T05:13:08.940Z][INFO] project:list-packages <-- Request received
params: {}
[2026-10-07T05:13:09.034Z][INFO] project:list-packages <-- Request received
params: {}
[2026-10-07T05:13:09.044Z][INFO] project:list-packages <-- Request received
params: {}
[2026-10-07T05:13:09.061Z][INFO] config:project:get-registries <-- Request received
params: {}
[2026-10-07T05:13:09.088Z][INFO] config:project:get-registries --> 200 (27 ms)
[2026-10-07T05:13:10.494Z][INFO] project:list-packages --> 200 (1554 ms)
[2026-10-07T05:13:10.850Z][INFO] project:list-packages --> 200 (1816 ms)
[2026-10-07T05:13:12.617Z][INFO] project:list-packages --> 200 (3573 ms)
[2026-10-07T05:13:16.698Z][INFO] project:list-packages <-- Request received
params: {}
[2026-10-07T05:13:17.128Z][INFO] project:list-packages --> 200 (430 ms)
[2026-10-07T05:13:20.455Z][INFO] project:list-packages <-- Request received
params: {}
[2026-10-07T05:13:20.466Z][INFO] project:list-packages <-- Request received
params: {}
[2026-10-07T05:13:20.475Z][INFO] config:project:get-registries <-- Request received
params: {}
[2026-10-07T05:13:20.498Z][INFO] config:project:get-registries --> 200 (23 ms)
[2026-10-07T05:13:21.147Z][INFO] project:list-packages --> 200 (682 ms)
[2026-10-07T05:13:23.315Z][INFO] project:list-packages <-- Request received
params: {}
[2026-10-07T05:13:23.328Z][INFO] project:list-packages <-- Request received
params: {}
[2026-10-07T05:13:24.238Z][INFO] project:list-packages --> 200 (923 ms)
[2026-10-07T05:13:45.438Z][INFO] Received shutdown request (SIGINT), shutting down Unity Package Manager
