[2026-10-07T04:48:38.144Z][INFO] Command-line: ~/Unity/Hub/Editor/6000.0.75f1/Editor/Data/Resources/PackageManager/Server/UnityPackageManager -s 1276282 -ipc -ipc-path /tmp/Unity-Upm-1276282.sock -l 2 --log-file ~/wkspace/gc-studio/p4.2i/artifacts/studio/verification/W-UI-03/p42i-lantern-20261007T044837.239366Z/upm.log
[2026-10-07T04:48:38.153Z][INFO] IPC server started (IPC path=/tmp/Unity-Upm-1276282.sock).
[2026-10-07T04:48:38.153Z][INFO] Hint: To connect to this UPM instance, launch Unity with the command-line parameter -upmIpcPath Upm-1276282.
[2026-10-07T04:48:39.143Z][INFO] project:add-dependency <-- Request received
params: {
  "packageId": "com.unity.toolchain.linux-x86_64"
}
[2026-10-07T04:49:03.483Z][INFO] project:add-dependency --> 200 (24341 ms)
[2026-10-07T04:49:03.774Z][INFO] project:list-packages <-- Request received
params: {}
[2026-10-07T04:49:03.835Z][INFO] project:list-packages <-- Request received
params: {}
[2026-10-07T04:49:03.848Z][INFO] project:list-packages <-- Request received
params: {}
[2026-10-07T04:49:03.856Z][INFO] config:project:get-registries <-- Request received
params: {}
[2026-10-07T04:49:03.880Z][INFO] config:project:get-registries --> 200 (25 ms)
[2026-10-07T04:49:04.916Z][INFO] project:list-packages --> 200 (1142 ms)
[2026-10-07T04:49:05.198Z][INFO] project:list-packages --> 200 (1363 ms)
[2026-10-07T04:49:06.821Z][INFO] project:list-packages <-- Request received
params: {}
[2026-10-07T04:49:07.007Z][INFO] project:list-packages --> 200 (3159 ms)
[2026-10-07T04:49:07.212Z][INFO] project:list-packages --> 200 (391 ms)
[2026-10-07T04:49:10.230Z][INFO] project:list-packages <-- Request received
params: {}
[2026-10-07T04:49:10.241Z][INFO] project:list-packages <-- Request received
params: {}
[2026-10-07T04:49:10.257Z][INFO] config:project:get-registries <-- Request received
params: {}
[2026-10-07T04:49:10.279Z][INFO] config:project:get-registries --> 200 (22 ms)
[2026-10-07T04:49:11.382Z][INFO] project:list-packages --> 200 (1141 ms)
[2026-10-07T04:49:12.312Z][INFO] project:list-packages --> 200 (2081 ms)
[2026-10-07T04:49:13.078Z][INFO] project:list-packages <-- Request received
params: {}
[2026-10-07T04:49:13.092Z][INFO] project:list-packages <-- Request received
params: {}
[2026-10-07T04:49:13.965Z][INFO] project:list-packages --> 200 (887 ms)
[2026-10-07T04:49:24.886Z][INFO] Received shutdown request (SIGINT), shutting down Unity Package Manager
