The selected window backend is x11 
Input System module state changed to: Initialized.
Display 0 'U32J59x 31"': 1920x1080 (primary device).
[Physics::Module] Initialized fallback backend.
[Physics::Module] Id: 0xdecafbad
Desktop is 1920 x 1080 @ 60 Hz
Initialize engine version: 6000.0.75f1 (26349cd2a5c8)
[Subsystems] Discovering subsystems at path ~/wkspace/gc-studio/p4.2k/.evidence/P42kPlayer/player/Hollowmere_Data/UnitySubsystems
Forcing GfxDevice: OpenGL Core
kGfxThreadingModeClientWorkerNativeJobs is not supported on OpenGL Core. Reverting to kGfxThreadingModeClientWorkerJobs instead.
GfxDevice: creating device client; kGfxThreadingModeClientWorkerJobs
Renderer: NVIDIA GeForce RTX 4060 Ti/PCIe/SSE2
Vendor:   NVIDIA Corporation
Version:  4.5.0 NVIDIA 595.84
GLES:     0
 GL_AMD_multi_draw_indirect GL_AMD_seamless_cubemap_per_texture GL_AMD_vertex_shader_viewport_index GL_AMD_vertex_shader_layer GL_ARB_arrays_of_arrays GL_ARB_base_instance GL_ARB_bindless_texture GL_ARB_blend_func_extended GL_ARB_buffer_storage GL_ARB_clear_buffer_object GL_ARB_clear_texture GL_ARB_clip_control GL_ARB_color_buffer_float GL_ARB_compressed_texture_pixel_storage GL_ARB_conservative_depth GL_ARB_compute_shader GL_ARB_compute_variable_group_size GL_ARB_conditional_render_inverted GL_ARB_copy_buffer GL_ARB_copy_image GL_ARB_cull_distance GL_ARB_debug_output GL_ARB_depth_buffer_float GL_ARB_depth_clamp GL_ARB_depth_texture GL_ARB_derivative_control GL_ARB_direct_state_access GL_ARB_draw_buffers GL_ARB_draw_buffers_blend GL_ARB_draw_indirect GL_ARB_draw_elements_base_vertex GL_ARB_draw_instanced GL_ARB_enhanced_layouts GL_ARB_ES2_compatibility GL_ARB_ES3_compatibility GL_ARB_ES3_1_compatibility GL_ARB_ES3_2_compatibility GL_ARB_explicit_attrib_location GL_ARB_explicit_uniform_location GL_ARB_fragmen
t_coord_conventions GL_ARB_fragment_layer_viewport GL_ARB_fragment_program GL_ARB_fragment_program_shadow GL_ARB_fragment_shader GL_ARB_fragment_shader_interlock GL_ARB_framebuffer_no_attachments GL_ARB_framebuffer_object GL_ARB_framebuffer_sRGB GL_ARB_geometry_shader4 GL_ARB_get_program_binary GL_ARB_get_texture_sub_image GL_ARB_gl_spirv GL_ARB_gpu_shader5 GL_ARB_gpu_shader_fp64 GL_ARB_gpu_shader_int64 GL_ARB_half_float_pixel GL_ARB_half_float_vertex GL_ARB_imaging GL_ARB_indirect_parameters GL_ARB_instanced_arrays GL_ARB_internalformat_query GL_ARB_internalformat_query2 GL_ARB_invalidate_subdata GL_ARB_map_buffer_alignment GL_ARB_map_buffer_range GL_ARB_multi_bind GL_ARB_multi_draw_indirect GL_ARB_multisample GL_ARB_multitexture GL_ARB_occlusion_query GL_ARB_occlusion_query2 GL_ARB_parallel_shader_compile GL_ARB_pipeline_statistics_query GL_ARB_pixel_buffer_object GL_ARB_point_parameters GL_ARB_point_sprite GL_ARB_polygon_offset_clamp GL_ARB_post_depth_coverage GL_ARB_program_interface_query GL_ARB_provoki
ng_vertex GL_ARB_query_buffer_object GL_ARB_robust_buffer_access_behavior GL_ARB_robustness GL_ARB_sample_locations GL_ARB_sample_shading GL_ARB_sampler_objects GL_ARB_seamless_cube_map GL_ARB_seamless_cubemap_per_texture GL_ARB_separate_shader_objects GL_ARB_shader_atomic_counter_ops GL_ARB_shader_atomic_counters GL_ARB_shader_ballot GL_ARB_shader_bit_encoding GL_ARB_shader_clock GL_ARB_shader_draw_parameters GL_ARB_shader_group_vote GL_ARB_shader_image_load_store GL_ARB_shader_image_size GL_ARB_shader_objects GL_ARB_shader_precision GL_ARB_shader_storage_buffer_object GL_ARB_shader_subroutine GL_ARB_shader_texture_image_samples GL_ARB_shader_texture_lod GL_ARB_shading_language_100 GL_ARB_shader_viewport_layer_array GL_ARB_shading_language_420pack GL_ARB_shading_language_include GL_ARB_shading_language_packing GL_ARB_shadow GL_ARB_sparse_buffer GL_ARB_sparse_texture GL_ARB_sparse_texture2 GL_ARB_sparse_texture_clamp GL_ARB_spirv_extensions GL_ARB_stencil_texturing GL_ARB_sync GL_ARB_tessellation_shader GL_A
RB_texture_barrier GL_ARB_texture_border_clamp GL_ARB_texture_buffer_object GL_ARB_texture_buffer_object_rgb32 GL_ARB_texture_buffer_range GL_ARB_texture_compression GL_ARB_texture_compression_bptc GL_ARB_texture_compression_rgtc GL_ARB_texture_cube_map GL_ARB_texture_cube_map_array GL_ARB_texture_env_add GL_ARB_texture_env_combine GL_ARB_texture_env_crossbar GL_ARB_texture_env_dot3 GL_ARB_texture_filter_anisotropic GL_ARB_texture_filter_minmax GL_ARB_texture_float GL_ARB_texture_gather GL_ARB_texture_mirror_clamp_to_edge GL_ARB_texture_mirrored_repeat GL_ARB_texture_multisample GL_ARB_texture_non_power_of_two GL_ARB_texture_query_levels GL_ARB_texture_query_lod GL_ARB_texture_rectangle GL_ARB_texture_rg GL_ARB_texture_rgb10_a2ui GL_ARB_texture_stencil8 GL_ARB_texture_storage GL_ARB_texture_storage_multisample GL_ARB_texture_swizzle GL_ARB_texture_view GL_ARB_timer_query GL_ARB_transform_feedback2 GL_ARB_transform_feedback3 GL_ARB_transform_feedback_instanced GL_ARB_transform_feedback_overflow_query GL_ARB_t
ranspose_matrix GL_ARB_uniform_buffer_object GL_ARB_vertex_array_bgra GL_ARB_vertex_array_object GL_ARB_vertex_attrib_64bit GL_ARB_vertex_attrib_binding GL_ARB_vertex_buffer_object GL_ARB_vertex_program GL_ARB_vertex_shader GL_ARB_vertex_type_10f_11f_11f_rev GL_ARB_vertex_type_2_10_10_10_rev GL_ARB_viewport_array GL_ARB_window_pos GL_ATI_draw_buffers GL_ATI_texture_float GL_ATI_texture_mirror_once GL_S3_s3tc GL_EXT_texture_env_add GL_EXT_abgr GL_EXT_bgra GL_EXT_bindable_uniform GL_EXT_blend_color GL_EXT_blend_equation_separate GL_EXT_blend_func_separate GL_EXT_blend_minmax GL_EXT_blend_subtract GL_EXT_compiled_vertex_array GL_EXT_Cg_shader GL_EXT_depth_bounds_test GL_EXT_direct_state_access GL_EXT_draw_buffers2 GL_EXT_draw_instanced GL_EXT_draw_range_elements GL_EXT_fog_coord GL_EXT_framebuffer_blit GL_EXT_framebuffer_multisample GL_EXTX_framebuffer_mixed_formats GL_EXT_framebuffer_multisample_blit_scaled GL_EXT_framebuffer_object GL_EXT_framebuffer_sRGB GL_EXT_geometry_shader4 GL_EXT_gpu_program_parameters 
GL_EXT_gpu_shader4 GL_EXT_multi_draw_arrays GL_EXT_multiview_texture_multisample GL_EXT_multiview_timer_query GL_EXT_packed_depth_stencil GL_EXT_packed_float GL_EXT_packed_pixels GL_EXT_pixel_buffer_object GL_EXT_point_parameters GL_EXT_polygon_offset_clamp GL_EXT_post_depth_coverage GL_EXT_provoking_vertex GL_EXT_raster_multisample GL_EXT_rescale_normal GL_EXT_secondary_color GL_EXT_separate_shader_objects GL_EXT_separate_specular_color GL_EXT_shader_image_load_formatted GL_EXT_shader_image_load_store GL_EXT_shader_integer_mix GL_EXT_shadow_funcs GL_EXT_sparse_texture2 GL_EXT_stencil_two_side GL_EXT_stencil_wrap GL_EXT_texture3D GL_EXT_texture_array GL_EXT_texture_buffer_object GL_EXT_texture_compression_dxt1 GL_EXT_texture_compression_latc GL_EXT_texture_compression_rgtc GL_EXT_texture_compression_s3tc GL_EXT_texture_cube_map GL_EXT_texture_edge_clamp GL_EXT_texture_env_combine GL_EXT_texture_env_dot3 GL_EXT_texture_filter_anisotropic GL_EXT_texture_filter_minmax GL_EXT_texture_integer GL_EXT_texture_lod G
L_EXT_texture_lod_bias GL_EXT_texture_mirror_clamp GL_EXT_texture_object GL_EXT_texture_shadow_lod GL_EXT_texture_shared_exponent GL_EXT_texture_sRGB GL_EXT_texture_sRGB_R8 GL_EXT_texture_sRGB_decode GL_EXT_texture_storage GL_EXT_texture_swizzle GL_EXT_timer_query GL_EXT_transform_feedback2 GL_EXT_vertex_array GL_EXT_vertex_array_bgra GL_EXT_vertex_attrib_64bit GL_EXT_window_rectangles GL_EXT_x11_sync_object GL_EXT_import_sync_object GL_NV_robustness_video_memory_purge GL_IBM_rasterpos_clip GL_IBM_texture_mirrored_repeat GL_KHR_context_flush_control GL_KHR_debug GL_EXT_memory_object GL_EXT_memory_object_fd GL_NV_memory_object_sparse GL_KHR_parallel_shader_compile GL_KHR_no_error GL_KHR_robust_buffer_access_behavior GL_KHR_robustness GL_EXT_semaphore GL_EXT_semaphore_fd GL_NV_timeline_semaphore GL_KHR_shader_subgroup GL_KTX_buffer_region GL_NV_alpha_to_coverage_dither_control GL_NV_bindless_multi_draw_indirect GL_NV_bindless_multi_draw_indirect_count GL_NV_bindless_texture GL_NV_blend_equation_advanced GL_NV_
blend_equation_advanced_coherent GL_NVX_blend_equation_advanced_multi_draw_buffers GL_NV_blend_minmax_factor GL_NV_blend_square GL_NV_clip_space_w_scaling GL_NV_command_list GL_NV_compute_program5 GL_NV_compute_shader_derivatives GL_NV_conditional_render GL_NV_conservative_raster GL_NV_conservative_raster_dilate GL_NV_conservative_raster_pre_snap GL_NV_conservative_raster_pre_snap_triangles GL_NV_conservative_raster_underestimation GL_NV_copy_depth_to_color GL_NV_copy_image GL_NV_depth_buffer_float GL_NV_depth_clamp GL_NV_draw_texture GL_NV_draw_vulkan_image GL_NV_ES1_1_compatibility GL_NV_ES3_1_compatibility GL_NV_explicit_multisample GL_NV_feature_query GL_NV_fence GL_NV_fill_rectangle GL_NV_float_buffer GL_NV_fog_distance GL_NV_fragment_coverage_to_color GL_NV_fragment_program GL_NV_fragment_program_option GL_NV_fragment_program2 GL_NV_fragment_shader_barycentric GL_NV_fragment_shader_interlock GL_NV_framebuffer_mixed_samples GL_NV_framebuffer_multisample_coverage GL_NV_geometry_shader4 GL_NV_geometry_sha
der_passthrough GL_NV_gpu_program4 GL_NV_internalformat_sample_query GL_NV_gpu_program4_1 GL_NV_gpu_program5 GL_NV_gpu_program5_mem_extended GL_NV_gpu_program_fp64 GL_NV_gpu_program_multiview GL_NV_gpu_shader5 GL_NV_half_float GL_NV_light_max_exponent GL_NV_memory_attachment GL_NV_mesh_shader GL_NV_multisample_coverage GL_NV_multisample_filter_hint GL_NV_occlusion_query GL_NV_packed_depth_stencil GL_NV_parameter_buffer_object GL_NV_parameter_buffer_object2 GL_NV_path_rendering GL_NV_path_rendering_shared_edge GL_NV_pixel_data_range GL_NV_point_sprite GL_NV_primitive_restart GL_NV_primitive_shading_rate GL_NV_query_resource GL_NV_query_resource_tag GL_NV_register_combiners GL_NV_register_combiners2 GL_NV_representative_fragment_test GL_NV_sample_locations GL_NV_sample_mask_override_coverage GL_NV_scissor_exclusive GL_NV_shader_atomic_counters GL_NV_shader_atomic_float GL_NV_shader_atomic_float64 GL_NV_shader_atomic_fp16_vector GL_NV_shader_atomic_int64 GL_NV_shader_buffer_load GL_NV_shader_storage_buffer_obje
ct GL_NV_shader_subgroup_partitioned GL_NV_shader_texture_footprint GL_NV_shading_rate_image GL_NV_stereo_view_rendering GL_NV_texgen_reflection GL_NV_texture_barrier GL_NV_texture_compression_vtc GL_NV_texture_dirty_tile_map GL_NV_texture_env_combine4 GL_NV_texture_multisample GL_NV_texture_rectangle GL_NV_texture_rectangle_compressed GL_NV_texture_shader GL_NV_texture_shader2 GL_NV_texture_shader3 GL_NV_transform_feedback GL_NV_transform_feedback2 GL_NV_uniform_buffer_unified_memory GL_NV_uniform_buffer_std430_layout GL_NV_vdpau_interop GL_NV_vdpau_interop2 GL_NV_vertex_array_range GL_NV_vertex_array_range2 GL_NV_vertex_attrib_integer_64bit GL_NV_vertex_buffer_unified_memory GL_NV_vertex_program GL_NV_vertex_program1_1 GL_NV_vertex_program2 GL_NV_vertex_program2_option GL_NV_vertex_program3 GL_NV_viewport_array2 GL_NV_viewport_swizzle GL_NVX_conditional_render GL_NV_gpu_multicast GL_NVX_progress_fence GL_NVX_gpu_memory_info GL_NVX_nvenc_interop GL_NV_shader_thread_group GL_NV_shader_thread_shuffle GL_KHR_b
lend_equation_advanced GL_KHR_blend_equation_advanced_coherent GL_OVR_multiview GL_OVR_multiview2 GL_SGIS_generate_mipmap GL_SGIS_texture_lod GL_SGIX_depth_texture GL_SGIX_shadow GL_SUN_slice_accum
OPENGL LOG: Creating OpenGL 4.5 graphics device ; Context level  <OpenGL 4.5> ; Context handle 174291784
[Physics::Module] Selected backend.
[Physics::Module] Name: PhysX
[Physics::Module] Id: 0xf2b8ea05
[Physics::Module] SDK Version: 4.1.2
[Physics::Module] Integration Version: 1.0.0
[Physics::Module] Threading Mode: Multi-Threaded
[Hollowmere] registered the application definition at SubsystemRegistration (11 plugins)
UnityEngine.DebugLogHandler:Internal_Log(LogType, LogOption, String, Object)
Hollowmere.Boot.HollowmereApplication:RegisterAtStartup()

Default vsync count 1
requesting resize 1920 x 1080
Using native desktop resolution 1920 x 1080
requesting fullscreen 1920 x 1080 at 0/1 Hz
Desktop is 1920 x 1080 @ 60 Hz
Disable old input system
UnloadTime: 0.281295 ms
[Hollowmere] adopted the application root registered at SubsystemRegistration
UnityEngine.DebugLogHandler:Internal_Log(LogType, LogOption, String, Object)
Hollowmere.Boot.GameBoot:Adopt(HollowmereApplication)
Hollowmere.Boot.GameBoot:Start()

[Hollowmere] frame pacing vsync=0 target=-1
UnityEngine.DebugLogHandler:Internal_Log(LogType, LogOption, String, Object)
Hollowmere.Game.FrameProfile:Configure(GameObject)
Hollowmere.Game.HollowmerePersistentSession:Begin(HollowmereCommandLine)
Hollowmere.Game.HollowmerePersistentSession:Ensure(HollowmereCommandLine)
Hollowmere.Game.HollowmereGame:Start()

[Hollowmere] frame log -> ~/wkspace/gc-studio/p4.2k/.evidence/P42kPlayer/measurement/vsync0/run1/frame-log.csv
UnityEngine.DebugLogHandler:Internal_Log(LogType, LogOption, String, Object)
Hollowmere.Game.HollowmerePersistentSession:Begin(HollowmereCommandLine)
Hollowmere.Game.HollowmerePersistentSession:Ensure(HollowmereCommandLine)
Hollowmere.Game.HollowmereGame:Start()

RenderGraph is now enabled.
UnityEngine.DebugLogHandler:Internal_Log(LogType, LogOption, String, Object)
UnityEngine.Rendering.Universal.UniversalRenderPipeline:.ctor(UniversalRenderPipelineAsset)
UnityEngine.Rendering.Universal.UniversalRenderPipelineAsset:CreatePipeline()
UnityEngine.Rendering.RenderPipelineAsset:InternalCreatePipeline()
UnityEngine.Rendering.RenderPipelineManager:TryPrepareRenderPipeline(RenderPipelineAsset)
UnityEngine.Rendering.RenderPipelineManager:DoRenderLoop_Internal(RenderPipelineAsset, IntPtr, Object)

[Hollowmere] menu presented frame=3 input=True focus=menu-new
UnityEngine.DebugLogHandler:Internal_Log(LogType, LogOption, String, Object)
Hollowmere.UiAudio.<Warm>d__11:MoveNext()
UnityEngine.SetupCoroutine:InvokeMoveNext(IEnumerator, IntPtr)

Unloading 6 Unused Serialized files (Serialized files now loaded: 0)
Unloading 36 unused Assets to reduce memory usage. Loaded Objects now: 2992.
Total: 8.547101 ms (FindLiveObjects: 0.095146 ms CreateObjectMapping: 0.055969 ms MarkObjects: 8.329428 ms  DeleteObjects: 0.066081 ms)

[P3.1b] save capture slot-1 mainThreadMs=48.514
UnityEngine.DebugLogHandler:Internal_Log(LogType, LogOption, String, Object)
Hollowmere.UiAudio.<SaveAndConfirm>d__38:MoveNext()
System.Runtime.CompilerServices.AsyncTaskMethodBuilder`1:Start(TStateMachine&)
Hollowmere.UiAudio.HollowmereUiAudio:SaveAndConfirm(String)
Hollowmere.UiAudio.HollowmereUiAudio:Dispatch(String, Single)
Hollowmere.Game.HollowmerePersistentSession:Dispatch(String, String&)
Hollowmere.Game.AutoplayRunner:Step(AutoplayCommand)
Hollowmere.Game.AutoplayRunner:Update()

Unloading 5 Unused Serialized files (Serialized files now loaded: 0)
Unloading 38 unused Assets to reduce memory usage. Loaded Objects now: 3317.
Total: 7.242869 ms (FindLiveObjects: 0.110548 ms CreateObjectMapping: 0.069089 ms MarkObjects: 7.004980 ms  DeleteObjects: 0.057905 ms)

Unloading 0 Unused Serialized files (Serialized files now loaded: 0)
Unloading 0 unused Assets to reduce memory usage. Loaded Objects now: 3317.
Total: 7.191880 ms (FindLiveObjects: 0.111172 ms CreateObjectMapping: 0.060302 ms MarkObjects: 7.013370 ms  DeleteObjects: 0.006614 ms)

Unloading 2 Unused Serialized files (Serialized files now loaded: 0)
UnloadTime: 1.513642 ms
Unloading 26 unused Assets to reduce memory usage. Loaded Objects now: 2927.
Total: 7.447251 ms (FindLiveObjects: 0.101350 ms CreateObjectMapping: 0.060400 ms MarkObjects: 7.230916 ms  DeleteObjects: 0.054210 ms)

Failed to create agent because it is not close enough to the NavMesh
UnityEngine.GameObject:Internal_AddComponentWithType(Type)
UnityEngine.GameObject:AddComponent()
GameCore.Gameplay.Npc.NavMeshAgentBinder:Steer(NpcRecord, GameObject, Vector3)
GameCore.Gameplay.Npc.NavMeshAgentBinder:Present(ICommittedSlotReader)
GameCore.Gameplay.World.GameplayWorld:Present()
GameCore.Gameplay.World.GameplayPresentationFrame:Present()
GameCore.Unity.App.GameApplicationTimeFrame:Present()
GameCore.Unity.App.GameApplicationPumpCounter:Present()
GameCore.Unity.Adapters.AdapterFrameRegistry:Invoke(IAdapterFrame, Boolean)
GameCore.Unity.Adapters.AdapterFrameRegistry:Present(WorldId)
GameCore.Unity.Adapters.GameCoreApplicationPump:PumpFrame()

[ line -1117336728]

Failed to create agent because it is not close enough to the NavMesh
UnityEngine.GameObject:Internal_AddComponentWithType(Type)
UnityEngine.GameObject:AddComponent()
GameCore.Gameplay.Npc.NavMeshAgentBinder:Steer(NpcRecord, GameObject, Vector3)
GameCore.Gameplay.Npc.NavMeshAgentBinder:Present(ICommittedSlotReader)
GameCore.Gameplay.World.GameplayWorld:Present()
GameCore.Gameplay.World.GameplayPresentationFrame:Present()
GameCore.Unity.App.GameApplicationTimeFrame:Present()
GameCore.Unity.App.GameApplicationPumpCounter:Present()
GameCore.Unity.Adapters.AdapterFrameRegistry:Invoke(IAdapterFrame, Boolean)
GameCore.Unity.Adapters.AdapterFrameRegistry:Present(WorldId)
GameCore.Unity.Adapters.GameCoreApplicationPump:PumpFrame()

[ line -1117336728]

Failed to create agent because it is not close enough to the NavMesh
UnityEngine.GameObject:Internal_AddComponentWithType(Type)
UnityEngine.GameObject:AddComponent()
GameCore.Gameplay.Npc.NavMeshAgentBinder:Steer(NpcRecord, GameObject, Vector3)
GameCore.Gameplay.Npc.NavMeshAgentBinder:Present(ICommittedSlotReader)
GameCore.Gameplay.World.GameplayWorld:Present()
GameCore.Gameplay.World.GameplayPresentationFrame:Present()
GameCore.Unity.App.GameApplicationTimeFrame:Present()
GameCore.Unity.App.GameApplicationPumpCounter:Present()
GameCore.Unity.Adapters.AdapterFrameRegistry:Invoke(IAdapterFrame, Boolean)
GameCore.Unity.Adapters.AdapterFrameRegistry:Present(WorldId)
GameCore.Unity.Adapters.GameCoreApplicationPump:PumpFrame()

[ line -1117336728]

Failed to create agent because it is not close enough to the NavMesh
UnityEngine.AI.NavMesh:AddNavMeshData(NavMeshData, Vector3, Quaternion)
Unity.AI.Navigation.NavMeshSurface:AddData()

[ line -1117336440]

Failed to create agent because it is not close enough to the NavMesh
UnityEngine.AI.NavMesh:AddNavMeshData(NavMeshData, Vector3, Quaternion)
Unity.AI.Navigation.NavMeshSurface:AddData()

[ line -1117336440]

[autoplay] script with 280 commands, quitAfterFrames=0 frame=1
[autoplay] 9 waituntil ready timeout 120 frame=4
[autoplay] 9 reached 'ready' after 0.00 s (Running)
[autoplay] 10 mark menu frame=4
[autoplay] 11 wait 12 frame=4
[autoplay] 12 ui newgame frame=6050
[autoplay] 13 waituntil ready timeout 120 frame=6050
[autoplay] 13 reached 'ready' after 0.00 s (Running)
[autoplay] 14 mark new-game frame=6050
[autoplay] 15 wait 4 frame=6050
[autoplay] 18 log a look around the square frame=8176
[autoplay] a look around the square
[autoplay] 19 face 30 frame=8176
[autoplay] 20 wait 5 frame=8176
[autoplay] 21 face -40 frame=10873
[autoplay] 22 wait 5 frame=10873
[autoplay] 23 face 160 frame=13403
[autoplay] 24 wait 5 frame=13403
[autoplay] 25 face 0 frame=15952
[autoplay] 26 wait 4 frame=15952
[autoplay] 27 walk -2 -6 frame=17948
[autoplay] 27 arrived at (-1.65, -6.93) after 2.16 s
[autoplay] 28 mark maren frame=19050
[autoplay] 29 approach Maren within 1.8 timeout 40 frame=19050
[autoplay] 29 reached Maren at (-6.29, -7.06), 1.79 m, facing -73.53 after 2.33 s
[autoplay] 30 waituntil prompt Maren timeout 15 frame=20149
[autoplay] 30 reached 'prompt Maren' after 0.00 s (prompt Talk to Maren)
[autoplay] 31 interact frame=20149
[autoplay] 32 waituntil dialogue active timeout 10 frame=20149
[autoplay] 32 reached 'dialogue active' after 0.00 s (dialogue active)
[autoplay] 33 wait 4 frame=20151
[autoplay] 34 advance frame=22195
[autoplay] 35 wait 5 frame=22195
[autoplay] 36 advance frame=24879
[autoplay] 37 wait 3 frame=24879
[autoplay] 38 choose 1 frame=26378
[autoplay] 39 wait 6 frame=26378
[autoplay] 40 advance frame=29532
[autoplay] 41 waituntil dialogue none timeout 10 frame=29532
[autoplay] 41 reached 'dialogue none' after 0.00 s (dialogue none)
[autoplay] 42 waituntil fact heard_rumour >= 1 timeout 10 frame=29533
[autoplay] 42 reached 'fact heard_rumour >= 1' after 0.00 s (fact heard_rumour=1)
[autoplay] 43 wait 2 frame=29533
[autoplay] 45 mark coins frame=30598
[autoplay] 46 approach "Coins (square)" within 1.4 timeout 30 frame=30598
[autoplay] 46 reached Coins (square) at (2.73, -3.59), 1.40 m, facing 65.12 after 4.09 s
[autoplay] 47 waituntil prompt coins timeout 10 frame=32486
[autoplay] 47 reached 'prompt coins' after 0.00 s (prompt Pick up the coins)
[autoplay] 48 interact frame=32486
[autoplay] 49 waituntil item OldCoin >= 5 timeout 10 frame=32486
[autoplay] 49 reached 'item OldCoin >= 5' after 0.01 s (item OldCoin=5)
[autoplay] 50 wait 2 frame=32490
[autoplay] 52 log Pip knows the shrine order frame=33485
[autoplay] Pip knows the shrine order
[autoplay] 53 mark pip frame=33485
[autoplay] 54 approach Pip within 1.8 timeout 60 frame=33485
[autoplay] 54 reached Pip at (8.23, -2.32), 1.80 m, facing 79.66 after 2.24 s
[autoplay] 55 waituntil prompt Pip timeout 15 frame=34666
[autoplay] 55 reached 'prompt Pip' after 0.00 s (prompt Talk to Pip)
[autoplay] 56 interact frame=34666
[autoplay] 57 waituntil dialogue active timeout 10 frame=34666
[autoplay] 57 reached 'dialogue active' after 0.01 s (dialogue active)
[autoplay] 58 wait 5 frame=34668
[autoplay] 59 advance frame=37267
[autoplay] 60 wait 3 frame=37267
[autoplay] 61 choose 1 frame=38843
[autoplay] 62 wait 7 frame=38843
[autoplay] 63 advance frame=42505
[autoplay] 64 waituntil dialogue none timeout 10 frame=42505
[autoplay] 64 reached 'dialogue none' after 0.00 s (dialogue none)
[autoplay] 65 wait 4 frame=42506
[autoplay] 67 mark bram frame=44571
[autoplay] 68 walk 6 -8 frame=44571
[autoplay] 68 arrived at (6.35, -7.07) after 2.03 s
[autoplay] 69 approach Bram within 1.8 timeout 40 frame=45555
[autoplay] 69 reached Bram at (9.90, -11.58), 1.80 m, facing 142.29 after 2.29 s
[autoplay] 70 waituntil prompt Bram timeout 15 frame=46518
[autoplay] 70 reached 'prompt Bram' after 0.00 s (prompt Talk to Bram)
[autoplay] 71 interact frame=46518
[autoplay] 72 waituntil dialogue active timeout 10 frame=46518
[autoplay] 72 reached 'dialogue active' after 0.01 s (dialogue active)
[autoplay] 73 wait 3 frame=46520
[autoplay] 74 advance frame=47943
[autoplay] 75 wait 2 frame=47943
[autoplay] 76 choose 0 frame=48932
[autoplay] 77 wait 3 frame=48932
[autoplay] 78 advance frame=50515
[autoplay] 79 waituntil dialogue none timeout 10 frame=50515
[autoplay] 79 reached 'dialogue none' after 0.00 s (dialogue none)
[autoplay] 80 waituntil item Lantern >= 1 timeout 10 frame=50516
[autoplay] 80 reached 'item Lantern >= 1' after 0.00 s (item Lantern=1)
[autoplay] 81 wait 2 frame=50516
[autoplay] 82 interact frame=51480
[autoplay] 83 waituntil dialogue active timeout 10 frame=51480
[autoplay] 83 reached 'dialogue active' after 0.00 s (dialogue active)
[autoplay] 84 wait 2 frame=51482
[autoplay] 85 advance frame=52492
[autoplay] 86 wait 2 frame=52492
[autoplay] 87 choose 2 frame=53477
[autoplay] 88 wait 3 frame=53477
[autoplay] 89 advance frame=55041
[autoplay] 90 waituntil dialogue none timeout 10 frame=55041
[autoplay] 90 reached 'dialogue none' after 0.00 s (dialogue none)
[autoplay] 91 wait 2 frame=55042
[autoplay] 93 log the healer's garden and the barn on the way out frame=55994
[autoplay] the healer's garden and the barn on the way out
[autoplay] 94 walk 4 -6 frame=55994
[autoplay] 94 arrived at (4.72, -6.69) after 2.86 s
[autoplay] 95 walk 2 6 frame=57191
[autoplay] 95 arrived at (2.32, 5.06) after 5.15 s
[autoplay] 96 walk -6 12 frame=59520
[autoplay] 96 sidestep right at (0.81, 6.33); ahead: Traveller/Body at 0.00 m; Stone 1/Body at 0.00 m
[autoplay] 96 arrived at (-5.12, 11.52) after 6.36 s
[autoplay] 97 face 0 frame=62466
[autoplay] 98 wait 10 frame=62466
[autoplay] 99 face -90 frame=67696
[autoplay] 100 wait 6 frame=67696
[autoplay] 101 walk 2 4 frame=70900
[autoplay] 101 arrived at (1.23, 4.63) after 3.93 s
[autoplay] 102 wait 4 frame=72655
[autoplay] 103 walk 12 1 frame=74769
[autoplay] 103 arrived at (11.08, 1.39) after 4.31 s
[autoplay] 104 walk 22 0 frame=76686
[autoplay] 104 arrived at (21.01, 0.11) after 4.00 s
[autoplay] 105 face 90 frame=78512
[autoplay] 106 wait 4 frame=78512
[autoplay] 107 log the road east: a last look back at the village frame=80525
[autoplay] the road east: a last look back at the village
[autoplay] 108 face -90 frame=80525
[autoplay] 109 wait 8 frame=80525
[autoplay] 110 face 90 frame=84633
[autoplay] 111 wait 4 frame=84633
[autoplay] 112 mark gate frame=86552
[autoplay] 113 walk 30 0 frame=86552
[autoplay] 113 arrived at (29.01, 0.09) after 3.21 s
[autoplay] 114 walk 166.5 0 timeout 40 frame=87973
[autoplay] 114 crossed a portal to (167.50, 0.00) after 2.06 s
[autoplay] 115 waituntil region Blackmere timeout 30 frame=88995
[autoplay] 115 reached 'region Blackmere' after 0.00 s (region Blackmere Marsh)
[autoplay] 118 mark marsh frame=88995
[autoplay] 119 wait 6 frame=88995
[autoplay] 120 face 45 frame=91793
[autoplay] 121 wait 6 frame=91793
[autoplay] 122 face -60 frame=94788
[autoplay] 123 wait 6 frame=94788
[autoplay] 124 face 90 frame=97817
[autoplay] 125 wait 3 frame=97817
[autoplay] 126 approach Hale within 1.8 timeout 30 frame=99488
[autoplay] 126 reached Hale at (167.50, 2.70), 1.80 m, facing 0.00 after 1.09 s
[autoplay] 127 waituntil prompt Hale timeout 15 frame=99999
[autoplay] 127 reached 'prompt Hale' after 0.00 s (prompt Talk to Hale)
[autoplay] 128 interact frame=99999
[autoplay] 129 waituntil dialogue active timeout 10 frame=99999
[autoplay] 129 reached 'dialogue active' after 0.01 s (dialogue active)
[autoplay] 130 wait 4 frame=100001
[autoplay] 131 advance frame=102006
[autoplay] 132 waituntil dialogue none timeout 10 frame=102006
[autoplay] 132 reached 'dialogue none' after 0.00 s (dialogue none)
[autoplay] 133 waituntil fact gate_open >= 1 timeout 10 frame=102007
[autoplay] 133 reached 'fact gate_open >= 1' after 0.00 s (fact gate_open=1)
[autoplay] 134 wait 4 frame=102007
[autoplay] 135 face 0 frame=104243
[autoplay] 136 wait 6 frame=104243
[autoplay] 137 face 90 frame=107326
[autoplay] 138 wait 3 frame=107326
[autoplay] 139 approach "Causeway Gate" within 1.6 timeout 20 frame=108941
[autoplay] 139 reached Causeway Gate at (168.00, 2.54), 1.60 m, facing 109.81 after 0.21 s
[autoplay] 140 waituntil prompt gate timeout 10 frame=109054
[autoplay] 140 reached 'prompt gate' after 0.00 s (prompt The gate is barred)
[autoplay] 141 interact frame=109054
[autoplay] 142 wait 3 frame=109054
[autoplay] 143 walk 172 2 frame=110513
[autoplay] 143 arrived at (171.01, 2.10) after 1.22 s
[autoplay] 144 walk 180 2 frame=111056
[autoplay] 144 arrived at (179.01, 2.08) after 3.21 s
[autoplay] 145 mark shrine frame=112520
[autoplay] 146 walk 192 -1 frame=112520
[autoplay] 146 arrived at (191.04, -0.72) after 4.97 s
[autoplay] 147 approach "Shrine Lantern West" within 1.6 timeout 30 frame=114877
[autoplay] 147 reached Shrine Lantern West at (197.63, 3.18), 1.60 m, facing 58.99 after 3.06 s
[autoplay] 148 waituntil prompt west timeout 10 frame=116256
[autoplay] 148 reached 'prompt west' after 0.00 s (prompt Light the west shrine lantern)
[autoplay] 149 interact frame=116256
[autoplay] 150 waituntil fact shrine_post_1 >= 1 timeout 10 frame=116256
[autoplay] 150 reached 'fact shrine_post_1 >= 1' after 0.01 s (fact shrine_post_1=1)
[autoplay] 151 wait 3 frame=116260
[autoplay] 152 approach "Shrine Lantern Middle" within 1.6 timeout 30 frame=117717
[autoplay] 152 reached Shrine Lantern Middle at (204.41, 2.17), 1.60 m, facing 96.07 after 2.73 s
[autoplay] 153 waituntil prompt middle timeout 10 frame=119045
[autoplay] 153 reached 'prompt middle' after 0.00 s (prompt Light the middle shrine lantern)
[autoplay] 154 interact frame=119045
[autoplay] 155 waituntil fact shrine_post_2 >= 1 timeout 10 frame=119045
[autoplay] 155 reached 'fact shrine_post_2 >= 1' after 0.01 s (fact shrine_post_2=1)
[autoplay] 156 wait 3 frame=119049
[autoplay] 157 approach "Shrine Lantern East" within 1.6 timeout 30 frame=120314
[autoplay] 157 reached Shrine Lantern East at (211.44, 3.70), 1.58 m, facing 79.19 after 2.91 s
[autoplay] 158 waituntil prompt east timeout 10 frame=121517
[autoplay] 158 reached 'prompt east' after 0.00 s (prompt Light the east shrine lantern)
[autoplay] 159 interact frame=121517
[autoplay] 160 waituntil fact shrine_lit >= 1 timeout 10 frame=121517
[autoplay] 160 reached 'fact shrine_lit >= 1' after 0.01 s (fact shrine_lit=1)
[autoplay] 161 mark shrine-lit frame=121523
[autoplay] 162 wait 12 frame=121523
[autoplay] 163 face 180 frame=127419
[autoplay] 164 wait 8 frame=127419
[autoplay] 165 face 0 frame=131442
[autoplay] 166 wait 6 frame=131442
[autoplay] 168 mark clapper frame=134527
[autoplay] 169 walk 213 -2 frame=134527
[autoplay] 169 arrived at (212.71, -1.04) after 1.98 s
[autoplay] 170 walk 200 -3 frame=135404
[autoplay] 170 arrived at (200.99, -2.89) after 4.74 s
[autoplay] 171 approach "Bell Clapper" within 1.4 timeout 40 frame=137588
[autoplay] 171 reached Bell Clapper at (194.71, 7.80), 1.40 m, facing -30.53 after 4.97 s
[autoplay] 172 waituntil prompt clapper timeout 10 frame=139763
[autoplay] 172 reached 'prompt clapper' after 0.00 s (prompt Lift the bell clapper)
[autoplay] 173 interact frame=139763
[autoplay] 174 waituntil item BellClapper >= 1 timeout 10 frame=139763
[autoplay] 174 reached 'item BellClapper >= 1' after 0.01 s (item BellClapper=1)
[autoplay] 175 wait 2 frame=139767
[autoplay] 176 ui open.pause frame=140588
[autoplay] 177 waituntil screen Pause timeout 10 frame=140588
[autoplay] 177 reached 'screen Pause' after 0.00 s (screen Pause)
[autoplay] 178 wait 1 frame=140589
[autoplay] 179 ui open.save frame=141007
[autoplay] 180 waituntil screen Save timeout 10 frame=141007
[autoplay] 180 reached 'screen Save' after 0.00 s (screen Save)
[autoplay] 181 wait 1 frame=141008
[autoplay] 182 ui save.1 frame=141427
[autoplay] 183 waituntil slot slot-1 timeout 20 frame=141427
[autoplay] 183 reached 'slot slot-1' after 0.01 s (slot slot-1 exists)
[autoplay] 184 mark saved frame=141433
[autoplay] 185 wait 4 frame=141433
[autoplay] 186 ui close frame=143122
[autoplay] 187 wait 1 frame=143122
[autoplay] 188 ui resume frame=143544
[autoplay] 189 waituntil screen Hud timeout 10 frame=143544
[autoplay] 189 reached 'screen Hud' after 0.00 s (screen Hud)
[autoplay] 190 wait 2 frame=143545
[autoplay] 192 log the satchel in the reeds frame=144352
[autoplay] the satchel in the reeds
[autoplay] 193 walk 190 -6 frame=144352
[autoplay] 193 arrived at (190.30, -5.06) after 5.42 s
[autoplay] 194 approach "Drowned Satchel" within 1.4 timeout 30 frame=146573
[autoplay] 194 reached Drowned Satchel at (186.52, -14.70), 1.40 m, facing -158.06 after 4.14 s
[autoplay] 195 waituntil prompt satchel timeout 10 frame=148115
[autoplay] 195 reached 'prompt satchel' after 0.00 s (prompt Search the drowned satchel)
[autoplay] 196 interact frame=148115
[autoplay] 197 wait 4 frame=148115
[autoplay] 199 mark odd frame=149825
[autoplay] 200 walk 192 0 frame=149825
[autoplay] 200 arrived at (191.68, -0.94) after 5.85 s
[autoplay] 201 walk 200 16 frame=152125
[autoplay] 201 arrived at (199.55, 15.12) after 7.18 s
[autoplay] 202 walk 212 19.5 frame=155031
[autoplay] 202 arrived at (211.05, 19.19) after 4.85 s
[autoplay] 203 approach Odd within 1.8 timeout 40 frame=157015
[autoplay] 203 reached Odd at (219.22, 19.81), 1.80 m, facing 83.86 after 3.29 s
[autoplay] 204 waituntil prompt Odd timeout 15 frame=158501
[autoplay] 204 reached 'prompt Odd' after 0.00 s (prompt Talk to Odd)
[autoplay] 205 interact frame=158501
[autoplay] 206 waituntil dialogue active timeout 10 frame=158501
[autoplay] 206 reached 'dialogue active' after 0.01 s (dialogue active)
[autoplay] 207 wait 5 frame=158503
[autoplay] 208 advance frame=160645
[autoplay] 209 wait 3 frame=160645
[autoplay] 210 choose 0 frame=161972
[autoplay] 211 waituntil region Belfry timeout 30 frame=161972
[autoplay] 211 reached 'region Belfry' after 0.00 s (region Drowned Belfry)
[autoplay] 212 wait 4 frame=161974
[autoplay] 215 mark belfry frame=164038
[autoplay] 216 wait 8 frame=164038
[autoplay] 217 face 90 frame=168071
[autoplay] 218 wait 6 frame=168071
[autoplay] 219 face -90 frame=171013
[autoplay] 220 wait 6 frame=171013
[autoplay] 221 face 0 frame=174094
[autoplay] 222 wait 4 frame=174094
[autoplay] 223 approach "Belfry Echo" within 1.8 timeout 30 frame=176028
[autoplay] 223 reached Belfry Echo at (101.04, 189.54), 1.80 m, facing -35.53 after 9.22 s
[autoplay] 224 waituntil prompt Echo timeout 15 frame=180473
[autoplay] 224 reached 'prompt Echo' after 0.00 s (prompt Talk to Belfry Echo)
[autoplay] 225 interact frame=180473
[autoplay] 226 waituntil dialogue active timeout 10 frame=180473
[autoplay] 226 reached 'dialogue active' after 0.00 s (dialogue active)
[autoplay] 227 wait 5 frame=180475
[autoplay] 228 advance frame=183006
[autoplay] 229 wait 4 frame=183006
[autoplay] 230 choose 0 frame=185014
[autoplay] 231 wait 5 frame=185014
[autoplay] 232 advance frame=187580
[autoplay] 233 waituntil dialogue none timeout 10 frame=187580
[autoplay] 233 reached 'dialogue none' after 0.00 s (dialogue none)
[autoplay] 234 approach "Drowned Bell" within 1.8 timeout 30 frame=187581
[autoplay] 234 reached Drowned Bell at (100.17, 196.22), 1.79 m, facing -5.54 after 2.69 s
[autoplay] 235 waituntil prompt bell timeout 15 frame=188870
[autoplay] 235 reached 'prompt bell' after 0.00 s (prompt Ring the bell)
[autoplay] 236 mark ring frame=188870
[autoplay] 237 interact frame=188870
[autoplay] 238 waituntil fact bell_rung >= 1 timeout 10 frame=188870
[autoplay] 238 reached 'fact bell_rung >= 1' after 0.02 s (fact bell_rung=1)
[autoplay] 239 waituntil ending timeout 30 frame=188874
[autoplay] 239 reached 'ending' after 3.02 s (ending True Ending C: The Freed Echo)
[autoplay] 240 mark ending frame=190428
[autoplay] 241 wait 24 frame=190428
[autoplay] 244 ui restart frame=203549
[autoplay] 245 waituntil ready timeout 120 frame=203549
[autoplay] 245 reached 'ready' after 0.00 s (Running)
[autoplay] 246 mark restarted frame=203549
[autoplay] 247 wait 6 frame=203549
[autoplay] 248 log a last look at the square before loading frame=206472
[autoplay] a last look at the square before loading
[autoplay] 249 face 160 frame=206472
[autoplay] 250 wait 5 frame=206472
[autoplay] 251 face 0 frame=208852
[autoplay] 252 wait 4 frame=208852
[autoplay] 253 ui open.pause frame=210663
[autoplay] 254 waituntil screen Pause timeout 10 frame=210663
[autoplay] 254 reached 'screen Pause' after 0.00 s (screen Pause)
[autoplay] 255 wait 1 frame=210664
[autoplay] 256 ui open.load frame=211152
[autoplay] 257 waituntil screen Load timeout 10 frame=211152
[autoplay] 257 reached 'screen Load' after 0.00 s (screen Load)
[autoplay] 258 wait 1 frame=211153
[autoplay] 259 ui load.1 frame=211652
[autoplay] 260 waituntil restored timeout 60 frame=211652
[autoplay] 260 reached 'restored' after 0.13 s (restores 1)
[autoplay] 261 mark loaded frame=211654
[autoplay] 262 wait 6 frame=211654
[autoplay] 263 log a walk on the causeway at dusk frame=214318
[autoplay] a walk on the causeway at dusk
[autoplay] 264 walk 196 0 frame=214318
[autoplay] 264 arrived at (195.87, 0.99) after 2.76 s
[autoplay] 265 face 90 frame=215403
[autoplay] 266 wait 8 frame=215403
[autoplay] 267 walk 192 -1 frame=218837
[autoplay] 267 arrived at (192.88, -0.54) after 1.34 s
[autoplay] 268 wait 5 frame=219375
[autoplay] 269 walk 180 2 frame=221633
[autoplay] 269 arrived at (180.97, 1.77) after 4.86 s
[autoplay] 270 face -90 frame=223559
[autoplay] 271 wait 8 frame=223559
[autoplay] 272 walk 172 2 frame=226970
[autoplay] 272 arrived at (172.99, 1.93) after 3.19 s
[autoplay] 273 wait 5 frame=228120
[autoplay] 274 walk 180 2 frame=230162
[autoplay] 274 arrived at (179.01, 1.94) after 2.41 s
[autoplay] 275 walk 192 -1 frame=231044
[autoplay] 275 arrived at (191.04, -0.76) after 4.95 s
[autoplay] 276 face 0 frame=232837
[autoplay] 277 wait 10 frame=232837
[autoplay] 278 walk 200 16 frame=237150
[autoplay] 278 arrived at (199.52, 15.13) after 7.23 s
[autoplay] 279 wait 6 frame=240232
[autoplay] 280 face 90 frame=242877
[autoplay] 281 wait 10 frame=242877
[autoplay] 282 log back along the causeway to the shrine and the gate frame=247192
[autoplay] back along the causeway to the shrine and the gate
[autoplay] 283 walk 192 0 frame=247192
[autoplay] 283 arrived at (192.45, 0.89) after 6.38 s
[autoplay] 284 wait 4 frame=249674
[autoplay] 285 walk 192 -1 frame=251390
[autoplay] 285 arrived at (192.25, -0.03) after 0.38 s
[autoplay] 286 face 180 frame=251540
[autoplay] 287 wait 10 frame=251540
[autoplay] 288 walk 180 2 frame=255758
[autoplay] 288 arrived at (180.98, 1.85) after 4.56 s
[autoplay] 289 wait 6 frame=257510
[autoplay] 290 walk 172 2 frame=260067
[autoplay] 290 arrived at (172.99, 1.92) after 3.20 s
[autoplay] 291 face 0 frame=261237
[autoplay] 292 wait 10 frame=261237
[autoplay] 293 face 180 frame=265431
[autoplay] 294 wait 8 frame=265431
[autoplay] 295 walk 180 2 frame=268902
[autoplay] 295 arrived at (179.01, 1.93) after 2.41 s
[autoplay] 296 walk 192 -1 frame=269828
[autoplay] 296 arrived at (191.04, -0.75) after 4.94 s
[autoplay] 297 face 90 frame=271715
[autoplay] 298 wait 12 frame=271715
[autoplay] 299 walk 196 0 frame=276917
[autoplay] 299 arrived at (195.01, -0.09) after 1.60 s
[autoplay] 300 face 0 frame=277586
[autoplay] 301 wait 15 frame=277586
[autoplay] 302 mark done frame=284252
[autoplay] 303 quit 0 frame=284252
[autoplay] quit 0 at frame 284252
UnityEngine.DebugLogHandler:Internal_Log(LogType, LogOption, String, Object)
Hollowmere.Game.FrameLogRecorder:Flush()

[Physics::Module] Cleanup current backned.
[Physics::Module] Id: 0xf2b8ea05
Input System module state changed to: ShutdownInProgress.
Input System polling thread exited.
Input System module state changed to: Shutdown.
