[2026-10-07T18:40:13.905Z][INFO] Command-line: ~/Unity/Hub/Editor/6000.0.75f1/Editor/Data/Resources/PackageManager/Server/UnityPackageManager -s 3806485 -ipc -ipc-path /tmp/Unity-Upm-3806485.sock -l 2 --log-file ~/wkspace/gc-studio/p4.2k/artifacts/studio/verification/W-EDIT-04/p42k-edit-lifecycle-20261007T184013.246609Z/upm.log
[2026-10-07T18:40:13.911Z][INFO] IPC server started (IPC path=/tmp/Unity-Upm-3806485.sock).
[2026-10-07T18:40:13.911Z][INFO] Hint: To connect to this UPM instance, launch Unity with the command-line parameter -upmIpcPath Upm-3806485.
[2026-10-07T18:40:14.866Z][INFO] project:add-dependency <-- Request received
params: {
  "packageId": "com.unity.toolchain.linux-x86_64"
}
[2026-10-07T18:40:32.982Z][INFO] project:add-dependency --> 200 (18116 ms)
[2026-10-07T18:40:33.336Z][INFO] project:list-packages <-- Request received
params: {}
[2026-10-07T18:40:33.408Z][INFO] project:list-packages <-- Request received
params: {}
[2026-10-07T18:40:33.418Z][INFO] project:list-packages <-- Request received
params: {}
[2026-10-07T18:40:33.436Z][INFO] config:project:get-registries <-- Request received
params: {}
[2026-10-07T18:40:33.460Z][INFO] config:project:get-registries --> 200 (24 ms)
[2026-10-07T18:40:34.478Z][INFO] project:list-packages --> 200 (1142 ms)
[2026-10-07T18:40:34.764Z][INFO] project:list-packages --> 200 (1356 ms)
[2026-10-07T18:40:36.024Z][INFO] project:list-packages --> 200 (2606 ms)
[2026-10-07T18:40:40.029Z][INFO] project:list-packages <-- Request received
params: {}
[2026-10-07T18:40:40.400Z][INFO] project:list-packages --> 200 (370 ms)
[2026-10-07T18:40:43.419Z][INFO] project:list-packages <-- Request received
params: {}
[2026-10-07T18:40:43.429Z][INFO] project:list-packages <-- Request received
params: {}
[2026-10-07T18:40:43.442Z][INFO] config:project:get-registries <-- Request received
params: {}
[2026-10-07T18:40:43.461Z][INFO] config:project:get-registries --> 200 (19 ms)
[2026-10-07T18:40:44.321Z][INFO] project:list-packages --> 200 (902 ms)
[2026-10-07T18:40:44.387Z][INFO] project:list-packages --> 200 (958 ms)
[2026-10-07T18:40:46.335Z][INFO] project:list-packages <-- Request received
params: {}
[2026-10-07T18:40:46.345Z][INFO] project:list-packages <-- Request received
params: {}
[2026-10-07T18:40:47.072Z][INFO] project:list-packages --> 200 (738 ms)
[2026-10-07T18:40:52.211Z][INFO] project:list-packages <-- Request received
params: {}
[2026-10-07T18:40:52.565Z][INFO] project:list-packages --> 200 (354 ms)
[2026-10-07T18:40:52.718Z][INFO] project:list-packages <-- Request received
params: {}
[2026-10-07T18:40:52.728Z][INFO] project:list-packages <-- Request received
params: {}
[2026-10-07T18:40:52.741Z][INFO] config:project:get-registries <-- Request received
params: {}
[2026-10-07T18:40:52.750Z][INFO] config:project:get-registries --> 200 (9 ms)
[2026-10-07T18:40:53.080Z][INFO] project:list-packages --> 200 (352 ms)
[2026-10-07T18:41:04.544Z][INFO] Received shutdown request (SIGINT), shutting down Unity Package Manager
