<?xml version="1.0" encoding="utf-8"?>
<TestRun id="4c8617a9-0304-408b-b2ad-d5fbf97baf04" name="@worlesenric 2026-10-07 15:57:05" xmlns="http://microsoft.com/schemas/VisualStudio/TeamTest/2010">
  <Times creation="2026-10-07T15:57:06.0248008+08:00" queuing="2026-10-07T15:57:06.0248009+08:00" start="2026-10-07T15:57:04.1319939+08:00" finish="2026-10-07T15:57:06.1469284+08:00" />
  <TestSettings name="default" id="372e99fe-cc64-4314-a5bb-f41f9908a73d">
    <Deployment runDeploymentRoot="_worlesenric_2026-10-07_15_57_05" />
  </TestSettings>
  <Results>
    <UnitTestResult executionId="83069c94-bdee-410b-a68f-3913203a24b4" testId="ec66d16c-da92-5be7-5581-6647e667f577" testName="OracleDistinguishesValidFromInvalidOutcomes" computerName="worlesenric" duration="00:00:00.0027230" startTime="2026-10-07T15:57:05.7645514+08:00" endTime="2026-10-07T15:57:05.7672743+08:00" testType="13cdc9d9-ddb5-4fa4-a97d-d965ccfc6d4b" outcome="Passed" testListId="8c84fa94-04c1-424b-9868-57a2d4851a1d" relativeResultsDirectory="83069c94-bdee-410b-a68f-3913203a24b4" />
    <UnitTestResult executionId="3370c005-6c7d-44fa-af14-340d1cbc3ebe" testId="e7e93aac-7c1a-5453-cf95-a8c1c9dae88d" testName="EveryCaseExecutesAndMatchesItsExpectation" computerName="worlesenric" duration="00:00:00.0031460" startTime="2026-10-07T15:57:05.7346237+08:00" endTime="2026-10-07T15:57:05.7377696+08:00" testType="13cdc9d9-ddb5-4fa4-a97d-d965ccfc6d4b" outcome="Passed" testListId="8c84fa94-04c1-424b-9868-57a2d4851a1d" relativeResultsDirectory="3370c005-6c7d-44fa-af14-340d1cbc3ebe" />
    <UnitTestResult executionId="5102cdbe-27ec-44f1-97ee-77aa056018be" testId="e74443c0-61ac-d466-da7c-985be79c937e" testName="ShuffledInsertionOrdersProduceIdenticalCanonicalOutput" computerName="worlesenric" duration="00:00:00.0011770" startTime="2026-10-07T15:57:05.8228344+08:00" endTime="2026-10-07T15:57:05.8240115+08:00" testType="13cdc9d9-ddb5-4fa4-a97d-d965ccfc6d4b" outcome="Passed" testListId="8c84fa94-04c1-424b-9868-57a2d4851a1d" relativeResultsDirectory="5102cdbe-27ec-44f1-97ee-77aa056018be" />
    <UnitTestResult executionId="024978a4-5437-44c6-b0c2-f6dd54b4a164" testId="ebe62b2b-1c9a-c860-5765-06504db4532b" testName="FixtureLoaderRejectsMalformedCasesAndRunnerBlocksUnknownKinds" computerName="worlesenric" duration="00:00:00.0234710" startTime="2026-10-07T15:57:05.7387479+08:00" endTime="2026-10-07T15:57:05.7622183+08:00" testType="13cdc9d9-ddb5-4fa4-a97d-d965ccfc6d4b" outcome="Passed" testListId="8c84fa94-04c1-424b-9868-57a2d4851a1d" relativeResultsDirectory="024978a4-5437-44c6-b0c2-f6dd54b4a164" />
    <UnitTestResult executionId="ba6bbd82-4ef1-4c8a-9280-27b6ee6b67e2" testId="a9659cad-8f9d-a8b9-5c60-1b65bcb979ef" testName="CaseIdentifiersAreUniqueAcrossFiles" computerName="worlesenric" duration="00:00:00.0013010" startTime="2026-10-07T15:57:05.7216973+08:00" endTime="2026-10-07T15:57:05.7229985+08:00" testType="13cdc9d9-ddb5-4fa4-a97d-d965ccfc6d4b" outcome="Passed" testListId="8c84fa94-04c1-424b-9868-57a2d4851a1d" relativeResultsDirectory="ba6bbd82-4ef1-4c8a-9280-27b6ee6b67e2" />
    <UnitTestResult executionId="963ec0f9-2169-4b33-9f72-bd6ec718029a" testId="6dc46e33-e6fe-6c0d-cd43-d4d74306cc1e" testName="ResultDocumentRoundTripsAndIsWrittenToTheDocumentedPath" computerName="worlesenric" duration="00:00:00.0279380" startTime="2026-10-07T15:57:05.7705804+08:00" endTime="2026-10-07T15:57:05.7985178+08:00" testType="13cdc9d9-ddb5-4fa4-a97d-d965ccfc6d4b" outcome="Passed" testListId="8c84fa94-04c1-424b-9868-57a2d4851a1d" relativeResultsDirectory="963ec0f9-2169-4b33-9f72-bd6ec718029a" />
    <UnitTestResult executionId="e6f25103-37dd-4ead-9fd2-36b5e97719f5" testId="54d609ba-4e44-519c-8e8e-67102732bab6" testName="EveryDocumentedKindAndRequirementIsExercised" computerName="worlesenric" duration="00:00:00.0009100" startTime="2026-10-07T15:57:05.7378084+08:00" endTime="2026-10-07T15:57:05.7387187+08:00" testType="13cdc9d9-ddb5-4fa4-a97d-d965ccfc6d4b" outcome="Passed" testListId="8c84fa94-04c1-424b-9868-57a2d4851a1d" relativeResultsDirectory="e6f25103-37dd-4ead-9fd2-36b5e97719f5" />
    <UnitTestResult executionId="498a0ecf-aa00-48bd-82f0-c2b36d226275" testId="67384850-57cf-e60b-76c8-6c5563ce8253" testName="CaseDirectoryContainsFixtureFiles" computerName="worlesenric" duration="00:00:00.0078870" startTime="2026-10-07T15:57:05.7112296+08:00" endTime="2026-10-07T15:57:05.7189484+08:00" testType="13cdc9d9-ddb5-4fa4-a97d-d965ccfc6d4b" outcome="Passed" testListId="8c84fa94-04c1-424b-9868-57a2d4851a1d" relativeResultsDirectory="498a0ecf-aa00-48bd-82f0-c2b36d226275" />
    <UnitTestResult executionId="8483556f-609c-4f73-86ff-05669c181363" testId="f0d7789e-efdf-4b3f-8a5d-fc2ffd3a2161" testName="SeamCodecAgreesWithOracleCanonicalBytes" computerName="worlesenric" duration="00:00:00.0140800" startTime="2026-10-07T15:57:05.8018750+08:00" endTime="2026-10-07T15:57:05.8159555+08:00" testType="13cdc9d9-ddb5-4fa4-a97d-d965ccfc6d4b" outcome="Passed" testListId="8c84fa94-04c1-424b-9868-57a2d4851a1d" relativeResultsDirectory="8483556f-609c-4f73-86ff-05669c181363" />
    <UnitTestResult executionId="375c8a6d-de13-4cbf-bd53-617def022ba5" testId="5254b54a-0d82-e965-53b9-5c20d8817f6f" testName="CounterOracleRefusesOverflowForEveryCounter" computerName="worlesenric" duration="00:00:00.0115440" startTime="2026-10-07T15:57:05.7230425+08:00" endTime="2026-10-07T15:57:05.7345865+08:00" testType="13cdc9d9-ddb5-4fa4-a97d-d965ccfc6d4b" outcome="Passed" testListId="8c84fa94-04c1-424b-9868-57a2d4851a1d" relativeResultsDirectory="375c8a6d-de13-4cbf-bd53-617def022ba5" />
  </Results>
  <TestDefinitions>
    <UnitTest name="CaseIdentifiersAreUniqueAcrossFiles" storage="~/wkspace/gc-studio/p4.2i/dotnet/tests/gamecore.protocolfixtures.production.tests/bin/release/net8.0/gamecore.protocolfixtures.production.tests.dll" id="a9659cad-8f9d-a8b9-5c60-1b65bcb979ef">
      <Execution id="ba6bbd82-4ef1-4c8a-9280-27b6ee6b67e2" />
      <TestMethod codeBase="~/wkspace/gc-studio/p4.2i/dotnet/tests/GameCore.ProtocolFixtures.Production.Tests/bin/Release/net8.0/GameCore.ProtocolFixtures.Production.Tests.dll" adapterTypeName="executor://nunit3testexecutor/" className="GameCore.ProtocolFixtures.Tests.ProtocolFixtureTests" name="CaseIdentifiersAreUniqueAcrossFiles" />
    </UnitTest>
    <UnitTest name="ResultDocumentRoundTripsAndIsWrittenToTheDocumentedPath" storage="~/wkspace/gc-studio/p4.2i/dotnet/tests/gamecore.protocolfixtures.production.tests/bin/release/net8.0/gamecore.protocolfixtures.production.tests.dll" id="6dc46e33-e6fe-6c0d-cd43-d4d74306cc1e">
      <Execution id="963ec0f9-2169-4b33-9f72-bd6ec718029a" />
      <TestMethod codeBase="~/wkspace/gc-studio/p4.2i/dotnet/tests/GameCore.ProtocolFixtures.Production.Tests/bin/Release/net8.0/GameCore.ProtocolFixtures.Production.Tests.dll" adapterTypeName="executor://nunit3testexecutor/" className="GameCore.ProtocolFixtures.Tests.ProtocolFixtureTests" name="ResultDocumentRoundTripsAndIsWrittenToTheDocumentedPath" />
    </UnitTest>
    <UnitTest name="FixtureLoaderRejectsMalformedCasesAndRunnerBlocksUnknownKinds" storage="~/wkspace/gc-studio/p4.2i/dotnet/tests/gamecore.protocolfixtures.production.tests/bin/release/net8.0/gamecore.protocolfixtures.production.tests.dll" id="ebe62b2b-1c9a-c860-5765-06504db4532b">
      <Execution id="024978a4-5437-44c6-b0c2-f6dd54b4a164" />
      <TestMethod codeBase="~/wkspace/gc-studio/p4.2i/dotnet/tests/GameCore.ProtocolFixtures.Production.Tests/bin/Release/net8.0/GameCore.ProtocolFixtures.Production.Tests.dll" adapterTypeName="executor://nunit3testexecutor/" className="GameCore.ProtocolFixtures.Tests.ProtocolFixtureTests" name="FixtureLoaderRejectsMalformedCasesAndRunnerBlocksUnknownKinds" />
    </UnitTest>
    <UnitTest name="SeamCodecAgreesWithOracleCanonicalBytes" storage="~/wkspace/gc-studio/p4.2i/dotnet/tests/gamecore.protocolfixtures.production.tests/bin/release/net8.0/gamecore.protocolfixtures.production.tests.dll" id="f0d7789e-efdf-4b3f-8a5d-fc2ffd3a2161">
      <Execution id="8483556f-609c-4f73-86ff-05669c181363" />
      <TestMethod codeBase="~/wkspace/gc-studio/p4.2i/dotnet/tests/GameCore.ProtocolFixtures.Production.Tests/bin/Release/net8.0/GameCore.ProtocolFixtures.Production.Tests.dll" adapterTypeName="executor://nunit3testexecutor/" className="GameCore.ProtocolFixtures.Tests.ProtocolFixtureTests" name="SeamCodecAgreesWithOracleCanonicalBytes" />
    </UnitTest>
    <UnitTest name="ShuffledInsertionOrdersProduceIdenticalCanonicalOutput" storage="~/wkspace/gc-studio/p4.2i/dotnet/tests/gamecore.protocolfixtures.production.tests/bin/release/net8.0/gamecore.protocolfixtures.production.tests.dll" id="e74443c0-61ac-d466-da7c-985be79c937e">
      <Execution id="5102cdbe-27ec-44f1-97ee-77aa056018be" />
      <TestMethod codeBase="~/wkspace/gc-studio/p4.2i/dotnet/tests/GameCore.ProtocolFixtures.Production.Tests/bin/Release/net8.0/GameCore.ProtocolFixtures.Production.Tests.dll" adapterTypeName="executor://nunit3testexecutor/" className="GameCore.ProtocolFixtures.Tests.ProtocolFixtureTests" name="ShuffledInsertionOrdersProduceIdenticalCanonicalOutput" />
    </UnitTest>
    <UnitTest name="OracleDistinguishesValidFromInvalidOutcomes" storage="~/wkspace/gc-studio/p4.2i/dotnet/tests/gamecore.protocolfixtures.production.tests/bin/release/net8.0/gamecore.protocolfixtures.production.tests.dll" id="ec66d16c-da92-5be7-5581-6647e667f577">
      <Execution id="83069c94-bdee-410b-a68f-3913203a24b4" />
      <TestMethod codeBase="~/wkspace/gc-studio/p4.2i/dotnet/tests/GameCore.ProtocolFixtures.Production.Tests/bin/Release/net8.0/GameCore.ProtocolFixtures.Production.Tests.dll" adapterTypeName="executor://nunit3testexecutor/" className="GameCore.ProtocolFixtures.Tests.ProtocolFixtureTests" name="OracleDistinguishesValidFromInvalidOutcomes" />
    </UnitTest>
    <UnitTest name="EveryCaseExecutesAndMatchesItsExpectation" storage="~/wkspace/gc-studio/p4.2i/dotnet/tests/gamecore.protocolfixtures.production.tests/bin/release/net8.0/gamecore.protocolfixtures.production.tests.dll" id="e7e93aac-7c1a-5453-cf95-a8c1c9dae88d">
      <Execution id="3370c005-6c7d-44fa-af14-340d1cbc3ebe" />
      <TestMethod codeBase="~/wkspace/gc-studio/p4.2i/dotnet/tests/GameCore.ProtocolFixtures.Production.Tests/bin/Release/net8.0/GameCore.ProtocolFixtures.Production.Tests.dll" adapterTypeName="executor://nunit3testexecutor/" className="GameCore.ProtocolFixtures.Tests.ProtocolFixtureTests" name="EveryCaseExecutesAndMatchesItsExpectation" />
    </UnitTest>
    <UnitTest name="CounterOracleRefusesOverflowForEveryCounter" storage="~/wkspace/gc-studio/p4.2i/dotnet/tests/gamecore.protocolfixtures.production.tests/bin/release/net8.0/gamecore.protocolfixtures.production.tests.dll" id="5254b54a-0d82-e965-53b9-5c20d8817f6f">
      <Execution id="375c8a6d-de13-4cbf-bd53-617def022ba5" />
      <TestMethod codeBase="~/wkspace/gc-studio/p4.2i/dotnet/tests/GameCore.ProtocolFixtures.Production.Tests/bin/Release/net8.0/GameCore.ProtocolFixtures.Production.Tests.dll" adapterTypeName="executor://nunit3testexecutor/" className="GameCore.ProtocolFixtures.Tests.ProtocolFixtureTests" name="CounterOracleRefusesOverflowForEveryCounter" />
    </UnitTest>
    <UnitTest name="EveryDocumentedKindAndRequirementIsExercised" storage="~/wkspace/gc-studio/p4.2i/dotnet/tests/gamecore.protocolfixtures.production.tests/bin/release/net8.0/gamecore.protocolfixtures.production.tests.dll" id="54d609ba-4e44-519c-8e8e-67102732bab6">
      <Execution id="e6f25103-37dd-4ead-9fd2-36b5e97719f5" />
      <TestMethod codeBase="~/wkspace/gc-studio/p4.2i/dotnet/tests/GameCore.ProtocolFixtures.Production.Tests/bin/Release/net8.0/GameCore.ProtocolFixtures.Production.Tests.dll" adapterTypeName="executor://nunit3testexecutor/" className="GameCore.ProtocolFixtures.Tests.ProtocolFixtureTests" name="EveryDocumentedKindAndRequirementIsExercised" />
    </UnitTest>
    <UnitTest name="CaseDirectoryContainsFixtureFiles" storage="~/wkspace/gc-studio/p4.2i/dotnet/tests/gamecore.protocolfixtures.production.tests/bin/release/net8.0/gamecore.protocolfixtures.production.tests.dll" id="67384850-57cf-e60b-76c8-6c5563ce8253">
      <Execution id="498a0ecf-aa00-48bd-82f0-c2b36d226275" />
      <TestMethod codeBase="~/wkspace/gc-studio/p4.2i/dotnet/tests/GameCore.ProtocolFixtures.Production.Tests/bin/Release/net8.0/GameCore.ProtocolFixtures.Production.Tests.dll" adapterTypeName="executor://nunit3testexecutor/" className="GameCore.ProtocolFixtures.Tests.ProtocolFixtureTests" name="CaseDirectoryContainsFixtureFiles" />
    </UnitTest>
  </TestDefinitions>
  <TestEntries>
    <TestEntry testId="ec66d16c-da92-5be7-5581-6647e667f577" executionId="83069c94-bdee-410b-a68f-3913203a24b4" testListId="8c84fa94-04c1-424b-9868-57a2d4851a1d" />
    <TestEntry testId="e7e93aac-7c1a-5453-cf95-a8c1c9dae88d" executionId="3370c005-6c7d-44fa-af14-340d1cbc3ebe" testListId="8c84fa94-04c1-424b-9868-57a2d4851a1d" />
    <TestEntry testId="e74443c0-61ac-d466-da7c-985be79c937e" executionId="5102cdbe-27ec-44f1-97ee-77aa056018be" testListId="8c84fa94-04c1-424b-9868-57a2d4851a1d" />
    <TestEntry testId="ebe62b2b-1c9a-c860-5765-06504db4532b" executionId="024978a4-5437-44c6-b0c2-f6dd54b4a164" testListId="8c84fa94-04c1-424b-9868-57a2d4851a1d" />
    <TestEntry testId="a9659cad-8f9d-a8b9-5c60-1b65bcb979ef" executionId="ba6bbd82-4ef1-4c8a-9280-27b6ee6b67e2" testListId="8c84fa94-04c1-424b-9868-57a2d4851a1d" />
    <TestEntry testId="6dc46e33-e6fe-6c0d-cd43-d4d74306cc1e" executionId="963ec0f9-2169-4b33-9f72-bd6ec718029a" testListId="8c84fa94-04c1-424b-9868-57a2d4851a1d" />
    <TestEntry testId="54d609ba-4e44-519c-8e8e-67102732bab6" executionId="e6f25103-37dd-4ead-9fd2-36b5e97719f5" testListId="8c84fa94-04c1-424b-9868-57a2d4851a1d" />
    <TestEntry testId="67384850-57cf-e60b-76c8-6c5563ce8253" executionId="498a0ecf-aa00-48bd-82f0-c2b36d226275" testListId="8c84fa94-04c1-424b-9868-57a2d4851a1d" />
    <TestEntry testId="f0d7789e-efdf-4b3f-8a5d-fc2ffd3a2161" executionId="8483556f-609c-4f73-86ff-05669c181363" testListId="8c84fa94-04c1-424b-9868-57a2d4851a1d" />
    <TestEntry testId="5254b54a-0d82-e965-53b9-5c20d8817f6f" executionId="375c8a6d-de13-4cbf-bd53-617def022ba5" testListId="8c84fa94-04c1-424b-9868-57a2d4851a1d" />
  </TestEntries>
  <TestLists>
    <TestList name="Results Not in a List" id="8c84fa94-04c1-424b-9868-57a2d4851a1d" />
    <TestList name="All Loaded Results" id="19431567-8539-422a-85d7-44ee4e166bda" />
  </TestLists>
  <ResultSummary outcome="Completed">
    <Counters total="10" executed="10" passed="10" failed="0" error="0" timeout="0" aborted="0" inconclusive="0" passedButRunAborted="0" notRunnable="0" notExecuted="0" disconnected="0" warning="0" completed="0" inProgress="0" pending="0" />
    <Output>
      <StdOut>NUnit Adapter 4.5.0.0: Test execution started
Running all tests in ~/wkspace/gc-studio/p4.2i/dotnet/tests/GameCore.ProtocolFixtures.Production.Tests/bin/Release/net8.0/GameCore.ProtocolFixtures.Production.Tests.dll
   NUnit3TestExecutor discovered 10 of 10 NUnit test cases using Current Discovery mode, Non-Explicit run
NUnit Adapter 4.5.0.0: Test execution complete
</StdOut>
    </Output>
  </ResultSummary>
</TestRun>
