The selected window backend is x11
Input System module state changed to: Initialized.
[Physics::Module] Initialized fallback backend.
[Physics::Module] Id: 0xdecafbad
PlayerPrefs - Creating folder: ~/wkspace/gc-studio/p4.2l/.evidence/P42lCleanPlayerState/unity3d/GameCore
PlayerPrefs - Creating folder: ~/wkspace/gc-studio/p4.2l/.evidence/P42lCleanPlayerState/unity3d/GameCore/Saltmarsh
Unable to load player prefs
Initialize engine version: 6000.0.75f1 (26349cd2a5c8)
[Subsystems] Discovering subsystems at path /tmp/gamecore-p42l-6e8e73c4/build-source/games/cleanproof/Builds/Linux/Saltmarsh_Data/UnitySubsystems
Forcing GfxDevice: Null
GfxDevice: creating device client; kGfxThreadingModeNonThreaded
NullGfxDevice:
    Version:  NULL 1.0 [1.0]
    Renderer: Null Device
    Vendor:   Unity Technologies
[Physics::Module] Selected backend.
[Physics::Module] Name: PhysX
[Physics::Module] Id: 0xf2b8ea05
[Physics::Module] SDK Version: 4.1.2
[Physics::Module] Integration Version: 1.0.0
[Physics::Module] Threading Mode: Multi-Threaded
Disable old input system
UnloadTime: 0.193360 ms
Unloading 7 Unused Serialized files (Serialized files now loaded: 0)
Unloading 5 unused Assets to reduce memory usage. Loaded Objects now: 2424.
Total: 2.338724 ms (FindLiveObjects: 0.057877 ms CreateObjectMapping: 0.071716 ms MarkObjects: 2.194466 ms  DeleteObjects: 0.014432 ms)

[Saltmarsh] branch=0 captured/restored slot hash=e472dda426efcdfd5e082062e180336b487f37e0ee6ccfb51fcc93c1dedc1911
UnityEngine.DebugLogHandler:Internal_Log(LogType, LogOption, String, Object)
Saltmarsh.<Play>d__7:MoveNext()
Saltmarsh.<Start>d__2:MoveNext()
UnityEngine.SetupCoroutine:InvokeMoveNext(IEnumerator, IntPtr)

Unloading 6 Unused Serialized files (Serialized files now loaded: 0)
Unloading 1 unused Assets to reduce memory usage. Loaded Objects now: 2437.
Total: 7.782753 ms (FindLiveObjects: 0.124157 ms CreateObjectMapping: 0.089225 ms MarkObjects: 7.552364 ms  DeleteObjects: 0.015967 ms)

[Saltmarsh] AUTOPLAY PASS frames=600 pumps=587 violations=0
UnityEngine.DebugLogHandler:Internal_Log(LogType, LogOption, String, Object)
Saltmarsh.<Start>d__2:MoveNext()
UnityEngine.SetupCoroutine:InvokeMoveNext(IEnumerator, IntPtr)

[Physics::Module] Cleanup current backned.
[Physics::Module] Id: 0xf2b8ea05
Input System module state changed to: ShutdownInProgress.
Input System polling thread exited.
Input System module state changed to: Shutdown.
