<?xml version="1.0" encoding="utf-8"?>
<TestRun id="7394c03d-544c-47bd-9cf9-7c526da3a900" name="@worlesenric 2026-09-26 14:57:11" xmlns="http://microsoft.com/schemas/VisualStudio/TeamTest/2010">
  <Times creation="2026-09-26T14:57:11.9132484+08:00" queuing="2026-09-26T14:57:11.9132484+08:00" start="2026-09-26T14:57:10.2722647+08:00" finish="2026-09-26T14:57:12.2774799+08:00" />
  <TestSettings name="default" id="02767c2f-bfc7-4123-9880-e66b873cd83a">
    <Deployment runDeploymentRoot="_worlesenric_2026-09-26_14_57_11" />
  </TestSettings>
  <Results>
    <UnitTestResult executionId="5a1f8fa7-a6c5-4b71-955b-edb705c6fe35" testId="f9352d4e-1c68-5156-44d6-9c0e393891bf" testName="ValidDescriptionEmitsDeterministicBytes" computerName="worlesenric" duration="00:00:00.0027610" startTime="2026-09-26T14:57:11.7682610+08:00" endTime="2026-09-26T14:57:11.7710223+08:00" testType="13cdc9d9-ddb5-4fa4-a97d-d965ccfc6d4b" outcome="Passed" testListId="8c84fa94-04c1-424b-9868-57a2d4851a1d" relativeResultsDirectory="5a1f8fa7-a6c5-4b71-955b-edb705c6fe35" />
    <UnitTestResult executionId="d1aa818b-3ad1-4262-b71d-50516fc03e29" testId="db5fa11c-61f1-b840-f7d8-d72274333fb9" testName="CommittedProbeCatalogFingerprintMatchesItsDeclarations" computerName="worlesenric" duration="00:00:00.0012300" startTime="2026-09-26T14:57:12.2113111+08:00" endTime="2026-09-26T14:57:12.2125406+08:00" testType="13cdc9d9-ddb5-4fa4-a97d-d965ccfc6d4b" outcome="Passed" testListId="8c84fa94-04c1-424b-9868-57a2d4851a1d" relativeResultsDirectory="d1aa818b-3ad1-4262-b71d-50516fc03e29" />
    <UnitTestResult executionId="f84f31bf-b5ce-44f3-b851-ee659aee2d28" testId="1bdc01b8-aa5a-4047-67cf-8a70f7b04a5d" testName="CommittedCheckpointCatalogMatchesAFreshGeneration" computerName="worlesenric" duration="00:00:00.4029980" startTime="2026-09-26T14:57:11.7971847+08:00" endTime="2026-09-26T14:57:12.2001819+08:00" testType="13cdc9d9-ddb5-4fa4-a97d-d965ccfc6d4b" outcome="Passed" testListId="8c84fa94-04c1-424b-9868-57a2d4851a1d" relativeResultsDirectory="f84f31bf-b5ce-44f3-b851-ee659aee2d28" />
    <UnitTestResult executionId="f9ae3ec9-0452-4c13-998f-586c2c687cb7" testId="3ba806a4-bbf3-7b7e-27b5-2f86df0fc91e" testName="RepeatedEmissionIsByteIdentical" computerName="worlesenric" duration="00:00:00.0023830" startTime="2026-09-26T14:57:11.7430659+08:00" endTime="2026-09-26T14:57:11.7454484+08:00" testType="13cdc9d9-ddb5-4fa4-a97d-d965ccfc6d4b" outcome="Passed" testListId="8c84fa94-04c1-424b-9868-57a2d4851a1d" relativeResultsDirectory="f9ae3ec9-0452-4c13-998f-586c2c687cb7" />
    <UnitTestResult executionId="b3a9c961-e28f-4502-aa00-595c0f0851b2" testId="8613c9dc-f124-68c2-ef82-d40b6dce25ca" testName="FingerprintLiteralMatchesTheDeclarations" computerName="worlesenric" duration="00:00:00.0025260" startTime="2026-09-26T14:57:11.7296394+08:00" endTime="2026-09-26T14:57:11.7321655+08:00" testType="13cdc9d9-ddb5-4fa4-a97d-d965ccfc6d4b" outcome="Passed" testListId="8c84fa94-04c1-424b-9868-57a2d4851a1d" relativeResultsDirectory="b3a9c961-e28f-4502-aa00-595c0f0851b2" />
    <UnitTestResult executionId="ec206b3d-33b5-4f5a-b193-bf0c73e8adcf" testId="10a632d9-c0aa-8090-0dd4-c44bfef506d7" testName="MissingRequiredMemberRejects" computerName="worlesenric" duration="00:00:00.0000860" startTime="2026-09-26T14:57:11.7215360+08:00" endTime="2026-09-26T14:57:11.7216224+08:00" testType="13cdc9d9-ddb5-4fa4-a97d-d965ccfc6d4b" outcome="Passed" testListId="8c84fa94-04c1-424b-9868-57a2d4851a1d" relativeResultsDirectory="ec206b3d-33b5-4f5a-b193-bf0c73e8adcf" />
    <UnitTestResult executionId="1200f14a-c69e-41ca-805d-d629acc02fe4" testId="99fbf920-1989-3afa-e14d-521d4d16a8a2" testName="GroupMemberCollidingWithAReservedGeneratedMemberRejects" computerName="worlesenric" duration="00:00:00.0001920" startTime="2026-09-26T14:57:11.7206237+08:00" endTime="2026-09-26T14:57:11.7208153+08:00" testType="13cdc9d9-ddb5-4fa4-a97d-d965ccfc6d4b" outcome="Passed" testListId="8c84fa94-04c1-424b-9868-57a2d4851a1d" relativeResultsDirectory="1200f14a-c69e-41ca-805d-d629acc02fe4" />
    <UnitTestResult executionId="fcc40b72-c487-4b06-a6c2-8228d903674e" testId="eda82127-ff29-41db-13bd-e18efa6bad16" testName="GeneratedSerializerDeclaresRequiredFieldsAndEnvelopeCalls" computerName="worlesenric" duration="00:00:00.0032880" startTime="2026-09-26T14:57:11.7345710+08:00" endTime="2026-09-26T14:57:11.7378584+08:00" testType="13cdc9d9-ddb5-4fa4-a97d-d965ccfc6d4b" outcome="Passed" testListId="8c84fa94-04c1-424b-9868-57a2d4851a1d" relativeResultsDirectory="fcc40b72-c487-4b06-a6c2-8228d903674e" />
    <UnitTestResult executionId="89901e28-d6c7-4d0f-971e-93399a26fb16" testId="5518edeb-57f1-cd40-289d-a92c12e305ae" testName="OptionalBytesFieldIsAcceptedAndEmittedAsNullable" computerName="worlesenric" duration="00:00:00.0006890" startTime="2026-09-26T14:57:11.7216299+08:00" endTime="2026-09-26T14:57:11.7223186+08:00" testType="13cdc9d9-ddb5-4fa4-a97d-d965ccfc6d4b" outcome="Passed" testListId="8c84fa94-04c1-424b-9868-57a2d4851a1d" relativeResultsDirectory="89901e28-d6c7-4d0f-971e-93399a26fb16" />
    <UnitTestResult executionId="a2e4e087-d2b6-457c-8d00-fa46558cfd8d" testId="7ed4bff5-de38-8fb8-34f1-2ff229d1b5c9" testName="InvalidIdentityHexRejects" computerName="worlesenric" duration="00:00:00.0001310" startTime="2026-09-26T14:57:11.7210841+08:00" endTime="2026-09-26T14:57:11.7212147+08:00" testType="13cdc9d9-ddb5-4fa4-a97d-d965ccfc6d4b" outcome="Passed" testListId="8c84fa94-04c1-424b-9868-57a2d4851a1d" relativeResultsDirectory="a2e4e087-d2b6-457c-8d00-fa46558cfd8d" />
    <UnitTestResult executionId="0fcf29a2-efd1-430a-a203-5889cdbf7f52" testId="435e0ca1-e757-c30d-ee9f-e04b15fca79d" testName="InvalidCodeFragmentRejects" computerName="worlesenric" duration="00:00:00.0001399" startTime="2026-09-26T14:57:11.7208388+08:00" endTime="2026-09-26T14:57:11.7209784+08:00" testType="13cdc9d9-ddb5-4fa4-a97d-d965ccfc6d4b" outcome="Passed" testListId="8c84fa94-04c1-424b-9868-57a2d4851a1d" relativeResultsDirectory="0fcf29a2-efd1-430a-a203-5889cdbf7f52" />
    <UnitTestResult executionId="b61df770-74aa-4a03-90a5-72ee29607682" testId="d64d72ea-7173-f86a-f0f0-b80bbefcdcf6" testName="DuplicateJsonMemberRejectsAsInvalidDocument" computerName="worlesenric" duration="00:00:00.0002660" startTime="2026-09-26T14:57:11.7182464+08:00" endTime="2026-09-26T14:57:11.7185124+08:00" testType="13cdc9d9-ddb5-4fa4-a97d-d965ccfc6d4b" outcome="Passed" testListId="8c84fa94-04c1-424b-9868-57a2d4851a1d" relativeResultsDirectory="b61df770-74aa-4a03-90a5-72ee29607682" />
    <UnitTestResult executionId="4fc66e08-c7ce-4f5a-9b75-f25fee55b3df" testId="948f1c00-52cc-8709-370c-1146d5c9950c" testName="UnsupportedWireTypeRejects" computerName="worlesenric" duration="00:00:00.0001380" startTime="2026-09-26T14:57:11.7230546+08:00" endTime="2026-09-26T14:57:11.7231922+08:00" testType="13cdc9d9-ddb5-4fa4-a97d-d965ccfc6d4b" outcome="Passed" testListId="8c84fa94-04c1-424b-9868-57a2d4851a1d" relativeResultsDirectory="4fc66e08-c7ce-4f5a-9b75-f25fee55b3df" />
    <UnitTestResult executionId="9f78202a-d7ae-469e-8682-5fcd2d87d4a9" testId="ef277f34-d036-305a-c91f-b7c197fd6f5a" testName="UnimplementedMinorRejects" computerName="worlesenric" duration="00:00:00.0000649" startTime="2026-09-26T14:57:11.7226337+08:00" endTime="2026-09-26T14:57:11.7226984+08:00" testType="13cdc9d9-ddb5-4fa4-a97d-d965ccfc6d4b" outcome="Passed" testListId="8c84fa94-04c1-424b-9868-57a2d4851a1d" relativeResultsDirectory="9f78202a-d7ae-469e-8682-5fcd2d87d4a9" />
    <UnitTestResult executionId="ab4c7a3e-106b-48f3-b278-57536b9b1525" testId="c121d14e-825f-8d1f-529b-c478c16dc572" testName="CommittedCardCatalogFingerprintMatchesItsDeclarations" computerName="worlesenric" duration="00:00:00.0682939" startTime="2026-09-26T14:57:11.5900536+08:00" endTime="2026-09-26T14:57:11.6582860+08:00" testType="13cdc9d9-ddb5-4fa4-a97d-d965ccfc6d4b" outcome="Passed" testListId="8c84fa94-04c1-424b-9868-57a2d4851a1d" relativeResultsDirectory="ab4c7a3e-106b-48f3-b278-57536b9b1525" />
    <UnitTestResult executionId="e8767029-46e4-43cb-beed-607034994aa3" testId="bb935116-be01-14ef-e044-2191c3664db7" testName="CommittedCheckpointCatalogPassesItsOwnVerification" computerName="worlesenric" duration="00:00:00.0048270" startTime="2026-09-26T14:57:12.2002240+08:00" endTime="2026-09-26T14:57:12.2050506+08:00" testType="13cdc9d9-ddb5-4fa4-a97d-d965ccfc6d4b" outcome="Passed" testListId="8c84fa94-04c1-424b-9868-57a2d4851a1d" relativeResultsDirectory="e8767029-46e4-43cb-beed-607034994aa3" />
    <UnitTestResult executionId="37b86028-28d7-44f1-9a3d-2d8cda2d78a6" testId="62555781-d38d-97ac-09ee-252bcd5b99d5" testName="UnknownFactoryKindRejects" computerName="worlesenric" duration="00:00:00.0001070" startTime="2026-09-26T14:57:11.7227038+08:00" endTime="2026-09-26T14:57:11.7228105+08:00" testType="13cdc9d9-ddb5-4fa4-a97d-d965ccfc6d4b" outcome="Passed" testListId="8c84fa94-04c1-424b-9868-57a2d4851a1d" relativeResultsDirectory="37b86028-28d7-44f1-9a3d-2d8cda2d78a6" />
    <UnitTestResult executionId="7cf6cbd3-c716-4344-844e-788fe66fb6c9" testId="22b95d6a-5061-f409-c55c-173dfdb0009d" testName="EveryRejectionReportsAPathOrAnExplicitDocumentScope" computerName="worlesenric" duration="00:00:00.0018240" startTime="2026-09-26T14:57:11.7187741+08:00" endTime="2026-09-26T14:57:11.7205975+08:00" testType="13cdc9d9-ddb5-4fa4-a97d-d965ccfc6d4b" outcome="Passed" testListId="8c84fa94-04c1-424b-9868-57a2d4851a1d" relativeResultsDirectory="7cf6cbd3-c716-4344-844e-788fe66fb6c9" />
    <UnitTestResult executionId="4bb345fe-b570-4117-9b92-0248ac1f8f2d" testId="d79887d3-a91f-2118-f432-95132cc40b07" testName="CommittedCardCatalogPassesItsOwnVerification" computerName="worlesenric" duration="00:00:00.0045400" startTime="2026-09-26T14:57:11.6978289+08:00" endTime="2026-09-26T14:57:11.7023691+08:00" testType="13cdc9d9-ddb5-4fa4-a97d-d965ccfc6d4b" outcome="Passed" testListId="8c84fa94-04c1-424b-9868-57a2d4851a1d" relativeResultsDirectory="4bb345fe-b570-4117-9b92-0248ac1f8f2d" />
    <UnitTestResult executionId="2e2bd12f-97df-47a2-9373-ce3bda8caec2" testId="eae65d2c-f5c2-f597-c2f6-823f72c30479" testName="GenerationReportVerifiesWhatItWrote" computerName="worlesenric" duration="00:00:00.0041590" startTime="2026-09-26T14:57:11.7378824+08:00" endTime="2026-09-26T14:57:11.7420412+08:00" testType="13cdc9d9-ddb5-4fa4-a97d-d965ccfc6d4b" outcome="Passed" testListId="8c84fa94-04c1-424b-9868-57a2d4851a1d" relativeResultsDirectory="2e2bd12f-97df-47a2-9373-ce3bda8caec2" />
    <UnitTestResult executionId="9495e823-e31b-44fc-9c45-bccf01e18d8b" testId="a368381b-c826-da5a-07f6-882159508464" testName="AllZeroImplementationIdentityRejects" computerName="worlesenric" duration="00:00:00.0010500" startTime="2026-09-26T14:57:11.7043589+08:00" endTime="2026-09-26T14:57:11.7054087+08:00" testType="13cdc9d9-ddb5-4fa4-a97d-d965ccfc6d4b" outcome="Passed" testListId="8c84fa94-04c1-424b-9868-57a2d4851a1d" relativeResultsDirectory="9495e823-e31b-44fc-9c45-bccf01e18d8b" />
    <UnitTestResult executionId="c0fe3148-d984-44a8-bd10-9e9602a9cfbe" testId="957ea0be-e5c6-8b07-d28f-4de7d4fec13f" testName="UnknownMemberRejects" computerName="worlesenric" duration="00:00:00.0001100" startTime="2026-09-26T14:57:11.7228337+08:00" endTime="2026-09-26T14:57:11.7229442+08:00" testType="13cdc9d9-ddb5-4fa4-a97d-d965ccfc6d4b" outcome="Passed" testListId="8c84fa94-04c1-424b-9868-57a2d4851a1d" relativeResultsDirectory="c0fe3148-d984-44a8-bd10-9e9602a9cfbe" />
    <UnitTestResult executionId="758e9366-35ff-42d7-ac21-6f77d5f38a51" testId="993883a5-b1e2-b818-b8df-804ff1a82623" testName="CommittedCardCatalogMatchesAFreshGeneration" computerName="worlesenric" duration="00:00:00.0012470" startTime="2026-09-26T14:57:11.6928294+08:00" endTime="2026-09-26T14:57:11.6940767+08:00" testType="13cdc9d9-ddb5-4fa4-a97d-d965ccfc6d4b" outcome="Passed" testListId="8c84fa94-04c1-424b-9868-57a2d4851a1d" relativeResultsDirectory="758e9366-35ff-42d7-ac21-6f77d5f38a51" />
    <UnitTestResult executionId="286deeb4-088b-45fe-bba4-f829b7195677" testId="9c637530-027b-7de2-d98f-03650bbed66a" testName="DeclarationOrderDoesNotChangeGeneratedBytes" computerName="worlesenric" duration="00:00:00.0010660" startTime="2026-09-26T14:57:11.7237874+08:00" endTime="2026-09-26T14:57:11.7248533+08:00" testType="13cdc9d9-ddb5-4fa4-a97d-d965ccfc6d4b" outcome="Passed" testListId="8c84fa94-04c1-424b-9868-57a2d4851a1d" relativeResultsDirectory="286deeb4-088b-45fe-bba4-f829b7195677" />
    <UnitTestResult executionId="fac424bc-f427-47c6-a9be-460805a7df32" testId="4a4f7ec1-0f1b-146c-8f0b-642d1643ee5c" testName="DuplicateStableNameRejects" computerName="worlesenric" duration="00:00:00.0002330" startTime="2026-09-26T14:57:11.7185274+08:00" endTime="2026-09-26T14:57:11.7187604+08:00" testType="13cdc9d9-ddb5-4fa4-a97d-d965ccfc6d4b" outcome="Passed" testListId="8c84fa94-04c1-424b-9868-57a2d4851a1d" relativeResultsDirectory="fac424bc-f427-47c6-a9be-460805a7df32" />
    <UnitTestResult executionId="33c7918b-0336-4b95-a04b-3d8cc0c57df6" testId="2109dcb9-5531-7c07-80ae-102d5db235ab" testName="CommittedCardCatalogKeyLiteralsMatchTheirDerivation" computerName="worlesenric" duration="00:00:00.0049020" startTime="2026-09-26T14:57:11.6828280+08:00" endTime="2026-09-26T14:57:11.6877297+08:00" testType="13cdc9d9-ddb5-4fa4-a97d-d965ccfc6d4b" outcome="Passed" testListId="8c84fa94-04c1-424b-9868-57a2d4851a1d" relativeResultsDirectory="33c7918b-0336-4b95-a04b-3d8cc0c57df6" />
    <UnitTestResult executionId="569d779a-4fe7-4f5d-b9d9-c83042897db0" testId="49ea4e69-52f4-11c0-268c-ff2c8e945926" testName="GeneratedClosedGenericRootsAndAttributesAreEmittedWithTerminators" computerName="worlesenric" duration="00:00:00.0023580" startTime="2026-09-26T14:57:11.7321887+08:00" endTime="2026-09-26T14:57:11.7345459+08:00" testType="13cdc9d9-ddb5-4fa4-a97d-d965ccfc6d4b" outcome="Passed" testListId="8c84fa94-04c1-424b-9868-57a2d4851a1d" relativeResultsDirectory="569d779a-4fe7-4f5d-b9d9-c83042897db0" />
    <UnitTestResult executionId="81cba830-67fc-44d6-b1c1-4d8b76474330" testId="1e9dac80-9afc-f5b6-3b75-0fc15f043b6f" testName="ReservedFieldIdRejects" computerName="worlesenric" duration="00:00:00.0001770" startTime="2026-09-26T14:57:11.7223314+08:00" endTime="2026-09-26T14:57:11.7225079+08:00" testType="13cdc9d9-ddb5-4fa4-a97d-d965ccfc6d4b" outcome="Passed" testListId="8c84fa94-04c1-424b-9868-57a2d4851a1d" relativeResultsDirectory="81cba830-67fc-44d6-b1c1-4d8b76474330" />
    <UnitTestResult executionId="7311211a-f87c-4795-8ba1-81d00b639bab" testId="abe7560b-0107-ad48-75f7-887769837b50" testName="EveryCheckpointSchemaIsDeclaredRequiredWithAscendingFieldIds" computerName="worlesenric" duration="00:00:00.0046730" startTime="2026-09-26T14:57:12.2050841+08:00" endTime="2026-09-26T14:57:12.2097563+08:00" testType="13cdc9d9-ddb5-4fa4-a97d-d965ccfc6d4b" outcome="Passed" testListId="8c84fa94-04c1-424b-9868-57a2d4851a1d" relativeResultsDirectory="7311211a-f87c-4795-8ba1-81d00b639bab" />
    <UnitTestResult executionId="77c5c49e-5645-4a74-aa87-56b2d39df6b7" testId="7f00720d-4676-b91e-004b-d6d34e4dd4fa" testName="MemberNamedAfterTheGeneratedClassRejects" computerName="worlesenric" duration="00:00:00.0001670" startTime="2026-09-26T14:57:11.7213601+08:00" endTime="2026-09-26T14:57:11.7215267+08:00" testType="13cdc9d9-ddb5-4fa4-a97d-d965ccfc6d4b" outcome="Passed" testListId="8c84fa94-04c1-424b-9868-57a2d4851a1d" relativeResultsDirectory="77c5c49e-5645-4a74-aa87-56b2d39df6b7" />
    <UnitTestResult executionId="8ab24f15-e769-4de7-841e-356032504b77" testId="4d635dde-9025-0f50-e5e6-4a0320b1f861" testName="CommittedGeneratedCatalogPassesItsOwnVerification" computerName="worlesenric" duration="00:00:00.0004340" startTime="2026-09-26T14:57:12.2108572+08:00" endTime="2026-09-26T14:57:12.2112914+08:00" testType="13cdc9d9-ddb5-4fa4-a97d-d965ccfc6d4b" outcome="Passed" testListId="8c84fa94-04c1-424b-9868-57a2d4851a1d" relativeResultsDirectory="8ab24f15-e769-4de7-841e-356032504b77" />
    <UnitTestResult executionId="08373d61-d1ea-470e-baad-c7f7e1aaf24e" testId="07bdb500-f0b7-2ee6-905c-d6571a555619" testName="UnsupportedProtocolVersionRejects" computerName="worlesenric" duration="00:00:00.0000970" startTime="2026-09-26T14:57:11.7229517+08:00" endTime="2026-09-26T14:57:11.7230483+08:00" testType="13cdc9d9-ddb5-4fa4-a97d-d965ccfc6d4b" outcome="Passed" testListId="8c84fa94-04c1-424b-9868-57a2d4851a1d" relativeResultsDirectory="08373d61-d1ea-470e-baad-c7f7e1aaf24e" />
    <UnitTestResult executionId="010af958-bcef-4776-b249-53d81575d765" testId="c2a72dd0-27bf-137f-7c70-71c4bb2a9025" testName="InvalidDocumentRootRejects" computerName="worlesenric" duration="00:00:00.0000860" startTime="2026-09-26T14:57:11.7209896+08:00" endTime="2026-09-26T14:57:11.7210759+08:00" testType="13cdc9d9-ddb5-4fa4-a97d-d965ccfc6d4b" outcome="Passed" testListId="8c84fa94-04c1-424b-9868-57a2d4851a1d" relativeResultsDirectory="010af958-bcef-4776-b249-53d81575d765" />
    <UnitTestResult executionId="5069e92e-85e7-416c-94c5-a258dc1c683a" testId="4a59641e-8e86-0476-d892-39db58235546" testName="DescriptionThatWouldBuildAnInvalidCatalogRejects" computerName="worlesenric" duration="00:00:00.0031000" startTime="2026-09-26T14:57:11.7148947+08:00" endTime="2026-09-26T14:57:11.7179947+08:00" testType="13cdc9d9-ddb5-4fa4-a97d-d965ccfc6d4b" outcome="Passed" testListId="8c84fa94-04c1-424b-9868-57a2d4851a1d" relativeResultsDirectory="5069e92e-85e7-416c-94c5-a258dc1c683a" />
    <UnitTestResult executionId="bbd43421-4a03-4401-a09a-4bc4aa4763b4" testId="ebc2e79d-0013-5ac5-1a10-fdc0f753882f" testName="CommittedGeneratedCatalogMatchesAFreshGeneration" computerName="worlesenric" duration="00:00:00.0008510" startTime="2026-09-26T14:57:12.2099839+08:00" endTime="2026-09-26T14:57:12.2108351+08:00" testType="13cdc9d9-ddb5-4fa4-a97d-d965ccfc6d4b" outcome="Passed" testListId="8c84fa94-04c1-424b-9868-57a2d4851a1d" relativeResultsDirectory="bbd43421-4a03-4401-a09a-4bc4aa4763b4" />
    <UnitTestResult executionId="6aec84a6-8777-4e9b-9455-02bc5abe09e1" testId="e291aa66-ef60-353a-bdc1-17429cdfe2d3" testName="GeneratorArgumentsParseTheDocumentedCommandLine" computerName="worlesenric" duration="00:00:00.0009810" startTime="2026-09-26T14:57:11.7420651+08:00" endTime="2026-09-26T14:57:11.7430454+08:00" testType="13cdc9d9-ddb5-4fa4-a97d-d965ccfc6d4b" outcome="Passed" testListId="8c84fa94-04c1-424b-9868-57a2d4851a1d" relativeResultsDirectory="6aec84a6-8777-4e9b-9455-02bc5abe09e1" />
    <UnitTestResult executionId="6d4e1092-c480-4992-bf56-b3be588503f5" testId="ce07497c-4dc6-a0b3-bd22-bf118f2b179f" testName="ClassNamedAfterAGeneratedMemberRejects" computerName="worlesenric" duration="00:00:00.0091550" startTime="2026-09-26T14:57:11.7054367+08:00" endTime="2026-09-26T14:57:11.7145913+08:00" testType="13cdc9d9-ddb5-4fa4-a97d-d965ccfc6d4b" outcome="Passed" testListId="8c84fa94-04c1-424b-9868-57a2d4851a1d" relativeResultsDirectory="6d4e1092-c480-4992-bf56-b3be588503f5" />
    <UnitTestResult executionId="c34d9702-317f-43d5-a495-1ba1f1955248" testId="f08fd216-3f6d-36d8-7a1a-55c818194c5b" testName="CommittedCheckpointCatalogKeyLiteralsMatchTheirDerivation" computerName="worlesenric" duration="00:00:00.0208140" startTime="2026-09-26T14:57:11.7763468+08:00" endTime="2026-09-26T14:57:11.7971608+08:00" testType="13cdc9d9-ddb5-4fa4-a97d-d965ccfc6d4b" outcome="Passed" testListId="8c84fa94-04c1-424b-9868-57a2d4851a1d" relativeResultsDirectory="c34d9702-317f-43d5-a495-1ba1f1955248" />
    <UnitTestResult executionId="855fb8e3-7ac4-465c-a7c0-693d485bea98" testId="8b8f1802-4a72-d248-a440-52463b95133b" testName="FeatureDeclarationOrderDoesNotChangeGeneratedBytes" computerName="worlesenric" duration="00:00:00.0011580" startTime="2026-09-26T14:57:11.7275595+08:00" endTime="2026-09-26T14:57:11.7287170+08:00" testType="13cdc9d9-ddb5-4fa4-a97d-d965ccfc6d4b" outcome="Passed" testListId="8c84fa94-04c1-424b-9868-57a2d4851a1d" relativeResultsDirectory="855fb8e3-7ac4-465c-a7c0-693d485bea98" />
    <UnitTestResult executionId="4f05cc26-3f46-418a-96d7-e0d4fa45151f" testId="388d1b6c-c036-23fb-6a43-e112170bf466" testName="CommittedCheckpointCatalogFingerprintMatchesItsDeclarations" computerName="worlesenric" duration="00:00:00.0051210" startTime="2026-09-26T14:57:11.7712012+08:00" endTime="2026-09-26T14:57:11.7763222+08:00" testType="13cdc9d9-ddb5-4fa4-a97d-d965ccfc6d4b" outcome="Passed" testListId="8c84fa94-04c1-424b-9868-57a2d4851a1d" relativeResultsDirectory="4f05cc26-3f46-418a-96d7-e0d4fa45151f" />
    <UnitTestResult executionId="47c18bd5-f973-4d40-9c16-fde80231cda4" testId="2386ee34-1c98-0e7e-f863-0e97b7c67c92" testName="WrongDescriptionFormatRejects" computerName="worlesenric" duration="00:00:00.0002750" startTime="2026-09-26T14:57:11.7231994+08:00" endTime="2026-09-26T14:57:11.7234744+08:00" testType="13cdc9d9-ddb5-4fa4-a97d-d965ccfc6d4b" outcome="Passed" testListId="8c84fa94-04c1-424b-9868-57a2d4851a1d" relativeResultsDirectory="47c18bd5-f973-4d40-9c16-fde80231cda4" />
    <UnitTestResult executionId="2427ceee-fd62-4df7-9ffa-67d09fd67171" testId="a01acef7-6957-0e86-ccf9-6e0a07aed5f4" testName="UsedCatalogDescriptionHasNoClosedGenericRootsWhenNoneAreDeclared" computerName="worlesenric" duration="00:00:00.0140610" startTime="2026-09-26T14:57:11.7454702+08:00" endTime="2026-09-26T14:57:11.7595306+08:00" testType="13cdc9d9-ddb5-4fa4-a97d-d965ccfc6d4b" outcome="Passed" testListId="8c84fa94-04c1-424b-9868-57a2d4851a1d" relativeResultsDirectory="2427ceee-fd62-4df7-9ffa-67d09fd67171" />
    <UnitTestResult executionId="5a318f2e-979f-4025-9874-045d115d5778" testId="191bd9eb-d6f4-9118-bbe7-31b63664155d" testName="ZeroVersionRejects" computerName="worlesenric" duration="00:00:00.0001530" startTime="2026-09-26T14:57:11.7234838+08:00" endTime="2026-09-26T14:57:11.7236371+08:00" testType="13cdc9d9-ddb5-4fa4-a97d-d965ccfc6d4b" outcome="Passed" testListId="8c84fa94-04c1-424b-9868-57a2d4851a1d" relativeResultsDirectory="5a318f2e-979f-4025-9874-045d115d5778" />
    <UnitTestResult executionId="3e3c0a8b-86e0-40ce-8988-dca23d59c31e" testId="99e59fa0-006c-3199-9f95-8228467dab50" testName="MalformedJsonIsReportedAsInvalidDocument" computerName="worlesenric" duration="00:00:00.0001270" startTime="2026-09-26T14:57:11.7212237+08:00" endTime="2026-09-26T14:57:11.7213509+08:00" testType="13cdc9d9-ddb5-4fa4-a97d-d965ccfc6d4b" outcome="Passed" testListId="8c84fa94-04c1-424b-9868-57a2d4851a1d" relativeResultsDirectory="3e3c0a8b-86e0-40ce-8988-dca23d59c31e" />
    <UnitTestResult executionId="a0cac2de-0f38-4619-ba13-7441a549e23b" testId="0fac49ff-9fc4-70da-0e12-4468b853b5ca" testName="FileHashCoversTheGeneratedPrefixAndDetectsEdits" computerName="worlesenric" duration="00:00:00.0008790" startTime="2026-09-26T14:57:11.7287375+08:00" endTime="2026-09-26T14:57:11.7296164+08:00" testType="13cdc9d9-ddb5-4fa4-a97d-d965ccfc6d4b" outcome="Passed" testListId="8c84fa94-04c1-424b-9868-57a2d4851a1d" relativeResultsDirectory="a0cac2de-0f38-4619-ba13-7441a549e23b" />
    <UnitTestResult executionId="2f64f0db-de6b-4f7b-9c7c-b2d962638890" testId="d661a575-f5db-dcc3-2651-f7a20a82908e" testName="SchemaMemberCollidingWithAReservedGeneratedMemberRejects" computerName="worlesenric" duration="00:00:00.0001090" startTime="2026-09-26T14:57:11.7225176+08:00" endTime="2026-09-26T14:57:11.7226264+08:00" testType="13cdc9d9-ddb5-4fa4-a97d-d965ccfc6d4b" outcome="Passed" testListId="8c84fa94-04c1-424b-9868-57a2d4851a1d" relativeResultsDirectory="2f64f0db-de6b-4f7b-9c7c-b2d962638890" />
    <UnitTestResult executionId="894527a8-85f9-454a-b3a4-09b38b147b51" testId="fa394697-3424-9c25-ece5-7e2d369a8920" testName="CodeFragmentWithStatementTerminatorRejects" computerName="worlesenric" duration="00:00:00.0002200" startTime="2026-09-26T14:57:11.7146600+08:00" endTime="2026-09-26T14:57:11.7148797+08:00" testType="13cdc9d9-ddb5-4fa4-a97d-d965ccfc6d4b" outcome="Passed" testListId="8c84fa94-04c1-424b-9868-57a2d4851a1d" relativeResultsDirectory="894527a8-85f9-454a-b3a4-09b38b147b51" />
    <UnitTestResult executionId="50593211-8152-4660-b58d-b91aa538809b" testId="15fffbf7-3b66-6103-20fd-b18305a69632" testName="DuplicateFieldIdRejects" computerName="worlesenric" duration="00:00:00.0002140" startTime="2026-09-26T14:57:11.7180181+08:00" endTime="2026-09-26T14:57:11.7182317+08:00" testType="13cdc9d9-ddb5-4fa4-a97d-d965ccfc6d4b" outcome="Passed" testListId="8c84fa94-04c1-424b-9868-57a2d4851a1d" relativeResultsDirectory="50593211-8152-4660-b58d-b91aa538809b" />
    <UnitTestResult executionId="ee00e4eb-20c3-435d-bba9-bf77c532caef" testId="13e8be3f-a736-bbee-f765-0cd1b7840ac4" testName="EmittedFieldCasesCloseWithBreakAndBraceAndKeepBracesBalanced" computerName="worlesenric" duration="00:00:00.0026679" startTime="2026-09-26T14:57:11.7248687+08:00" endTime="2026-09-26T14:57:11.7275359+08:00" testType="13cdc9d9-ddb5-4fa4-a97d-d965ccfc6d4b" outcome="Passed" testListId="8c84fa94-04c1-424b-9868-57a2d4851a1d" relativeResultsDirectory="ee00e4eb-20c3-435d-bba9-bf77c532caef" />
  </Results>
  <TestDefinitions>
    <UnitTest name="InvalidIdentityHexRejects" storage="/home/worlesenric/wkspace/gc-wt/w6-gate/dotnet/tests/gamecore.content.compiler.tests/bin/release/net8.0/gamecore.content.compiler.tests.dll" id="7ed4bff5-de38-8fb8-34f1-2ff229d1b5c9">
      <Execution id="a2e4e087-d2b6-457c-8d00-fa46558cfd8d" />
      <TestMethod codeBase="/home/worlesenric/wkspace/gc-wt/w6-gate/dotnet/tests/GameCore.Content.Compiler.Tests/bin/Release/net8.0/GameCore.Content.Compiler.Tests.dll" adapterTypeName="executor://nunit3testexecutor/" className="GameCore.Content.Compiler.Tests.CatalogDescriptionRejectionTests" name="InvalidIdentityHexRejects" />
    </UnitTest>
    <UnitTest name="InvalidCodeFragmentRejects" storage="/home/worlesenric/wkspace/gc-wt/w6-gate/dotnet/tests/gamecore.content.compiler.tests/bin/release/net8.0/gamecore.content.compiler.tests.dll" id="435e0ca1-e757-c30d-ee9f-e04b15fca79d">
      <Execution id="0fcf29a2-efd1-430a-a203-5889cdbf7f52" />
      <TestMethod codeBase="/home/worlesenric/wkspace/gc-wt/w6-gate/dotnet/tests/GameCore.Content.Compiler.Tests/bin/Release/net8.0/GameCore.Content.Compiler.Tests.dll" adapterTypeName="executor://nunit3testexecutor/" className="GameCore.Content.Compiler.Tests.CatalogDescriptionRejectionTests" name="InvalidCodeFragmentRejects" />
    </UnitTest>
    <UnitTest name="DuplicateFieldIdRejects" storage="/home/worlesenric/wkspace/gc-wt/w6-gate/dotnet/tests/gamecore.content.compiler.tests/bin/release/net8.0/gamecore.content.compiler.tests.dll" id="15fffbf7-3b66-6103-20fd-b18305a69632">
      <Execution id="50593211-8152-4660-b58d-b91aa538809b" />
      <TestMethod codeBase="/home/worlesenric/wkspace/gc-wt/w6-gate/dotnet/tests/GameCore.Content.Compiler.Tests/bin/Release/net8.0/GameCore.Content.Compiler.Tests.dll" adapterTypeName="executor://nunit3testexecutor/" className="GameCore.Content.Compiler.Tests.CatalogDescriptionRejectionTests" name="DuplicateFieldIdRejects" />
    </UnitTest>
    <UnitTest name="CommittedGeneratedCatalogMatchesAFreshGeneration" storage="/home/worlesenric/wkspace/gc-wt/w6-gate/dotnet/tests/gamecore.content.compiler.tests/bin/release/net8.0/gamecore.content.compiler.tests.dll" id="ebc2e79d-0013-5ac5-1a10-fdc0f753882f">
      <Execution id="bbd43421-4a03-4401-a09a-4bc4aa4763b4" />
      <TestMethod codeBase="/home/worlesenric/wkspace/gc-wt/w6-gate/dotnet/tests/GameCore.Content.Compiler.Tests/bin/Release/net8.0/GameCore.Content.Compiler.Tests.dll" adapterTypeName="executor://nunit3testexecutor/" className="GameCore.Content.Compiler.Tests.CommittedProbeCatalogTests" name="CommittedGeneratedCatalogMatchesAFreshGeneration" />
    </UnitTest>
    <UnitTest name="CommittedProbeCatalogFingerprintMatchesItsDeclarations" storage="/home/worlesenric/wkspace/gc-wt/w6-gate/dotnet/tests/gamecore.content.compiler.tests/bin/release/net8.0/gamecore.content.compiler.tests.dll" id="db5fa11c-61f1-b840-f7d8-d72274333fb9">
      <Execution id="d1aa818b-3ad1-4262-b71d-50516fc03e29" />
      <TestMethod codeBase="/home/worlesenric/wkspace/gc-wt/w6-gate/dotnet/tests/GameCore.Content.Compiler.Tests/bin/Release/net8.0/GameCore.Content.Compiler.Tests.dll" adapterTypeName="executor://nunit3testexecutor/" className="GameCore.Content.Compiler.Tests.CommittedProbeCatalogTests" name="CommittedProbeCatalogFingerprintMatchesItsDeclarations" />
    </UnitTest>
    <UnitTest name="GroupMemberCollidingWithAReservedGeneratedMemberRejects" storage="/home/worlesenric/wkspace/gc-wt/w6-gate/dotnet/tests/gamecore.content.compiler.tests/bin/release/net8.0/gamecore.content.compiler.tests.dll" id="99fbf920-1989-3afa-e14d-521d4d16a8a2">
      <Execution id="1200f14a-c69e-41ca-805d-d629acc02fe4" />
      <TestMethod codeBase="/home/worlesenric/wkspace/gc-wt/w6-gate/dotnet/tests/GameCore.Content.Compiler.Tests/bin/Release/net8.0/GameCore.Content.Compiler.Tests.dll" adapterTypeName="executor://nunit3testexecutor/" className="GameCore.Content.Compiler.Tests.CatalogDescriptionRejectionTests" name="GroupMemberCollidingWithAReservedGeneratedMemberRejects" />
    </UnitTest>
    <UnitTest name="SchemaMemberCollidingWithAReservedGeneratedMemberRejects" storage="/home/worlesenric/wkspace/gc-wt/w6-gate/dotnet/tests/gamecore.content.compiler.tests/bin/release/net8.0/gamecore.content.compiler.tests.dll" id="d661a575-f5db-dcc3-2651-f7a20a82908e">
      <Execution id="2f64f0db-de6b-4f7b-9c7c-b2d962638890" />
      <TestMethod codeBase="/home/worlesenric/wkspace/gc-wt/w6-gate/dotnet/tests/GameCore.Content.Compiler.Tests/bin/Release/net8.0/GameCore.Content.Compiler.Tests.dll" adapterTypeName="executor://nunit3testexecutor/" className="GameCore.Content.Compiler.Tests.CatalogDescriptionRejectionTests" name="SchemaMemberCollidingWithAReservedGeneratedMemberRejects" />
    </UnitTest>
    <UnitTest name="FileHashCoversTheGeneratedPrefixAndDetectsEdits" storage="/home/worlesenric/wkspace/gc-wt/w6-gate/dotnet/tests/gamecore.content.compiler.tests/bin/release/net8.0/gamecore.content.compiler.tests.dll" id="0fac49ff-9fc4-70da-0e12-4468b853b5ca">
      <Execution id="a0cac2de-0f38-4619-ba13-7441a549e23b" />
      <TestMethod codeBase="/home/worlesenric/wkspace/gc-wt/w6-gate/dotnet/tests/GameCore.Content.Compiler.Tests/bin/Release/net8.0/GameCore.Content.Compiler.Tests.dll" adapterTypeName="executor://nunit3testexecutor/" className="GameCore.Content.Compiler.Tests.CatalogEmissionTests" name="FileHashCoversTheGeneratedPrefixAndDetectsEdits" />
    </UnitTest>
    <UnitTest name="UsedCatalogDescriptionHasNoClosedGenericRootsWhenNoneAreDeclared" storage="/home/worlesenric/wkspace/gc-wt/w6-gate/dotnet/tests/gamecore.content.compiler.tests/bin/release/net8.0/gamecore.content.compiler.tests.dll" id="a01acef7-6957-0e86-ccf9-6e0a07aed5f4">
      <Execution id="2427ceee-fd62-4df7-9ffa-67d09fd67171" />
      <TestMethod codeBase="/home/worlesenric/wkspace/gc-wt/w6-gate/dotnet/tests/GameCore.Content.Compiler.Tests/bin/Release/net8.0/GameCore.Content.Compiler.Tests.dll" adapterTypeName="executor://nunit3testexecutor/" className="GameCore.Content.Compiler.Tests.CatalogEmissionTests" name="UsedCatalogDescriptionHasNoClosedGenericRootsWhenNoneAreDeclared" />
    </UnitTest>
    <UnitTest name="OptionalBytesFieldIsAcceptedAndEmittedAsNullable" storage="/home/worlesenric/wkspace/gc-wt/w6-gate/dotnet/tests/gamecore.content.compiler.tests/bin/release/net8.0/gamecore.content.compiler.tests.dll" id="5518edeb-57f1-cd40-289d-a92c12e305ae">
      <Execution id="89901e28-d6c7-4d0f-971e-93399a26fb16" />
      <TestMethod codeBase="/home/worlesenric/wkspace/gc-wt/w6-gate/dotnet/tests/GameCore.Content.Compiler.Tests/bin/Release/net8.0/GameCore.Content.Compiler.Tests.dll" adapterTypeName="executor://nunit3testexecutor/" className="GameCore.Content.Compiler.Tests.CatalogDescriptionRejectionTests" name="OptionalBytesFieldIsAcceptedAndEmittedAsNullable" />
    </UnitTest>
    <UnitTest name="RepeatedEmissionIsByteIdentical" storage="/home/worlesenric/wkspace/gc-wt/w6-gate/dotnet/tests/gamecore.content.compiler.tests/bin/release/net8.0/gamecore.content.compiler.tests.dll" id="3ba806a4-bbf3-7b7e-27b5-2f86df0fc91e">
      <Execution id="f9ae3ec9-0452-4c13-998f-586c2c687cb7" />
      <TestMethod codeBase="/home/worlesenric/wkspace/gc-wt/w6-gate/dotnet/tests/GameCore.Content.Compiler.Tests/bin/Release/net8.0/GameCore.Content.Compiler.Tests.dll" adapterTypeName="executor://nunit3testexecutor/" className="GameCore.Content.Compiler.Tests.CatalogEmissionTests" name="RepeatedEmissionIsByteIdentical" />
    </UnitTest>
    <UnitTest name="ValidDescriptionEmitsDeterministicBytes" storage="/home/worlesenric/wkspace/gc-wt/w6-gate/dotnet/tests/gamecore.content.compiler.tests/bin/release/net8.0/gamecore.content.compiler.tests.dll" id="f9352d4e-1c68-5156-44d6-9c0e393891bf">
      <Execution id="5a1f8fa7-a6c5-4b71-955b-edb705c6fe35" />
      <TestMethod codeBase="/home/worlesenric/wkspace/gc-wt/w6-gate/dotnet/tests/GameCore.Content.Compiler.Tests/bin/Release/net8.0/GameCore.Content.Compiler.Tests.dll" adapterTypeName="executor://nunit3testexecutor/" className="GameCore.Content.Compiler.Tests.CatalogEmissionTests" name="ValidDescriptionEmitsDeterministicBytes" />
    </UnitTest>
    <UnitTest name="UnimplementedMinorRejects" storage="/home/worlesenric/wkspace/gc-wt/w6-gate/dotnet/tests/gamecore.content.compiler.tests/bin/release/net8.0/gamecore.content.compiler.tests.dll" id="ef277f34-d036-305a-c91f-b7c197fd6f5a">
      <Execution id="9f78202a-d7ae-469e-8682-5fcd2d87d4a9" />
      <TestMethod codeBase="/home/worlesenric/wkspace/gc-wt/w6-gate/dotnet/tests/GameCore.Content.Compiler.Tests/bin/Release/net8.0/GameCore.Content.Compiler.Tests.dll" adapterTypeName="executor://nunit3testexecutor/" className="GameCore.Content.Compiler.Tests.CatalogDescriptionRejectionTests" name="UnimplementedMinorRejects" />
    </UnitTest>
    <UnitTest name="CommittedCardCatalogPassesItsOwnVerification" storage="/home/worlesenric/wkspace/gc-wt/w6-gate/dotnet/tests/gamecore.content.compiler.tests/bin/release/net8.0/gamecore.content.compiler.tests.dll" id="d79887d3-a91f-2118-f432-95132cc40b07">
      <Execution id="4bb345fe-b570-4117-9b92-0248ac1f8f2d" />
      <TestMethod codeBase="/home/worlesenric/wkspace/gc-wt/w6-gate/dotnet/tests/GameCore.Content.Compiler.Tests/bin/Release/net8.0/GameCore.Content.Compiler.Tests.dll" adapterTypeName="executor://nunit3testexecutor/" className="GameCore.Content.Compiler.Tests.CardCatalogTests" name="CommittedCardCatalogPassesItsOwnVerification" />
    </UnitTest>
    <UnitTest name="EmittedFieldCasesCloseWithBreakAndBraceAndKeepBracesBalanced" storage="/home/worlesenric/wkspace/gc-wt/w6-gate/dotnet/tests/gamecore.content.compiler.tests/bin/release/net8.0/gamecore.content.compiler.tests.dll" id="13e8be3f-a736-bbee-f765-0cd1b7840ac4">
      <Execution id="ee00e4eb-20c3-435d-bba9-bf77c532caef" />
      <TestMethod codeBase="/home/worlesenric/wkspace/gc-wt/w6-gate/dotnet/tests/GameCore.Content.Compiler.Tests/bin/Release/net8.0/GameCore.Content.Compiler.Tests.dll" adapterTypeName="executor://nunit3testexecutor/" className="GameCore.Content.Compiler.Tests.CatalogEmissionTests" name="EmittedFieldCasesCloseWithBreakAndBraceAndKeepBracesBalanced" />
    </UnitTest>
    <UnitTest name="MemberNamedAfterTheGeneratedClassRejects" storage="/home/worlesenric/wkspace/gc-wt/w6-gate/dotnet/tests/gamecore.content.compiler.tests/bin/release/net8.0/gamecore.content.compiler.tests.dll" id="7f00720d-4676-b91e-004b-d6d34e4dd4fa">
      <Execution id="77c5c49e-5645-4a74-aa87-56b2d39df6b7" />
      <TestMethod codeBase="/home/worlesenric/wkspace/gc-wt/w6-gate/dotnet/tests/GameCore.Content.Compiler.Tests/bin/Release/net8.0/GameCore.Content.Compiler.Tests.dll" adapterTypeName="executor://nunit3testexecutor/" className="GameCore.Content.Compiler.Tests.CatalogDescriptionRejectionTests" name="MemberNamedAfterTheGeneratedClassRejects" />
    </UnitTest>
    <UnitTest name="CommittedCheckpointCatalogPassesItsOwnVerification" storage="/home/worlesenric/wkspace/gc-wt/w6-gate/dotnet/tests/gamecore.content.compiler.tests/bin/release/net8.0/gamecore.content.compiler.tests.dll" id="bb935116-be01-14ef-e044-2191c3664db7">
      <Execution id="e8767029-46e4-43cb-beed-607034994aa3" />
      <TestMethod codeBase="/home/worlesenric/wkspace/gc-wt/w6-gate/dotnet/tests/GameCore.Content.Compiler.Tests/bin/Release/net8.0/GameCore.Content.Compiler.Tests.dll" adapterTypeName="executor://nunit3testexecutor/" className="GameCore.Content.Compiler.Tests.CheckpointCatalogTests" name="CommittedCheckpointCatalogPassesItsOwnVerification" />
    </UnitTest>
    <UnitTest name="GenerationReportVerifiesWhatItWrote" storage="/home/worlesenric/wkspace/gc-wt/w6-gate/dotnet/tests/gamecore.content.compiler.tests/bin/release/net8.0/gamecore.content.compiler.tests.dll" id="eae65d2c-f5c2-f597-c2f6-823f72c30479">
      <Execution id="2e2bd12f-97df-47a2-9373-ce3bda8caec2" />
      <TestMethod codeBase="/home/worlesenric/wkspace/gc-wt/w6-gate/dotnet/tests/GameCore.Content.Compiler.Tests/bin/Release/net8.0/GameCore.Content.Compiler.Tests.dll" adapterTypeName="executor://nunit3testexecutor/" className="GameCore.Content.Compiler.Tests.CatalogEmissionTests" name="GenerationReportVerifiesWhatItWrote" />
    </UnitTest>
    <UnitTest name="EveryRejectionReportsAPathOrAnExplicitDocumentScope" storage="/home/worlesenric/wkspace/gc-wt/w6-gate/dotnet/tests/gamecore.content.compiler.tests/bin/release/net8.0/gamecore.content.compiler.tests.dll" id="22b95d6a-5061-f409-c55c-173dfdb0009d">
      <Execution id="7cf6cbd3-c716-4344-844e-788fe66fb6c9" />
      <TestMethod codeBase="/home/worlesenric/wkspace/gc-wt/w6-gate/dotnet/tests/GameCore.Content.Compiler.Tests/bin/Release/net8.0/GameCore.Content.Compiler.Tests.dll" adapterTypeName="executor://nunit3testexecutor/" className="GameCore.Content.Compiler.Tests.CatalogDescriptionRejectionTests" name="EveryRejectionReportsAPathOrAnExplicitDocumentScope" />
    </UnitTest>
    <UnitTest name="GeneratedSerializerDeclaresRequiredFieldsAndEnvelopeCalls" storage="/home/worlesenric/wkspace/gc-wt/w6-gate/dotnet/tests/gamecore.content.compiler.tests/bin/release/net8.0/gamecore.content.compiler.tests.dll" id="eda82127-ff29-41db-13bd-e18efa6bad16">
      <Execution id="fcc40b72-c487-4b06-a6c2-8228d903674e" />
      <TestMethod codeBase="/home/worlesenric/wkspace/gc-wt/w6-gate/dotnet/tests/GameCore.Content.Compiler.Tests/bin/Release/net8.0/GameCore.Content.Compiler.Tests.dll" adapterTypeName="executor://nunit3testexecutor/" className="GameCore.Content.Compiler.Tests.CatalogEmissionTests" name="GeneratedSerializerDeclaresRequiredFieldsAndEnvelopeCalls" />
    </UnitTest>
    <UnitTest name="MalformedJsonIsReportedAsInvalidDocument" storage="/home/worlesenric/wkspace/gc-wt/w6-gate/dotnet/tests/gamecore.content.compiler.tests/bin/release/net8.0/gamecore.content.compiler.tests.dll" id="99e59fa0-006c-3199-9f95-8228467dab50">
      <Execution id="3e3c0a8b-86e0-40ce-8988-dca23d59c31e" />
      <TestMethod codeBase="/home/worlesenric/wkspace/gc-wt/w6-gate/dotnet/tests/GameCore.Content.Compiler.Tests/bin/Release/net8.0/GameCore.Content.Compiler.Tests.dll" adapterTypeName="executor://nunit3testexecutor/" className="GameCore.Content.Compiler.Tests.CatalogDescriptionRejectionTests" name="MalformedJsonIsReportedAsInvalidDocument" />
    </UnitTest>
    <UnitTest name="CommittedCardCatalogMatchesAFreshGeneration" storage="/home/worlesenric/wkspace/gc-wt/w6-gate/dotnet/tests/gamecore.content.compiler.tests/bin/release/net8.0/gamecore.content.compiler.tests.dll" id="993883a5-b1e2-b818-b8df-804ff1a82623">
      <Execution id="758e9366-35ff-42d7-ac21-6f77d5f38a51" />
      <TestMethod codeBase="/home/worlesenric/wkspace/gc-wt/w6-gate/dotnet/tests/GameCore.Content.Compiler.Tests/bin/Release/net8.0/GameCore.Content.Compiler.Tests.dll" adapterTypeName="executor://nunit3testexecutor/" className="GameCore.Content.Compiler.Tests.CardCatalogTests" name="CommittedCardCatalogMatchesAFreshGeneration" />
    </UnitTest>
    <UnitTest name="ZeroVersionRejects" storage="/home/worlesenric/wkspace/gc-wt/w6-gate/dotnet/tests/gamecore.content.compiler.tests/bin/release/net8.0/gamecore.content.compiler.tests.dll" id="191bd9eb-d6f4-9118-bbe7-31b63664155d">
      <Execution id="5a318f2e-979f-4025-9874-045d115d5778" />
      <TestMethod codeBase="/home/worlesenric/wkspace/gc-wt/w6-gate/dotnet/tests/GameCore.Content.Compiler.Tests/bin/Release/net8.0/GameCore.Content.Compiler.Tests.dll" adapterTypeName="executor://nunit3testexecutor/" className="GameCore.Content.Compiler.Tests.CatalogDescriptionRejectionTests" name="ZeroVersionRejects" />
    </UnitTest>
    <UnitTest name="InvalidDocumentRootRejects" storage="/home/worlesenric/wkspace/gc-wt/w6-gate/dotnet/tests/gamecore.content.compiler.tests/bin/release/net8.0/gamecore.content.compiler.tests.dll" id="c2a72dd0-27bf-137f-7c70-71c4bb2a9025">
      <Execution id="010af958-bcef-4776-b249-53d81575d765" />
      <TestMethod codeBase="/home/worlesenric/wkspace/gc-wt/w6-gate/dotnet/tests/GameCore.Content.Compiler.Tests/bin/Release/net8.0/GameCore.Content.Compiler.Tests.dll" adapterTypeName="executor://nunit3testexecutor/" className="GameCore.Content.Compiler.Tests.CatalogDescriptionRejectionTests" name="InvalidDocumentRootRejects" />
    </UnitTest>
    <UnitTest name="CommittedCardCatalogKeyLiteralsMatchTheirDerivation" storage="/home/worlesenric/wkspace/gc-wt/w6-gate/dotnet/tests/gamecore.content.compiler.tests/bin/release/net8.0/gamecore.content.compiler.tests.dll" id="2109dcb9-5531-7c07-80ae-102d5db235ab">
      <Execution id="33c7918b-0336-4b95-a04b-3d8cc0c57df6" />
      <TestMethod codeBase="/home/worlesenric/wkspace/gc-wt/w6-gate/dotnet/tests/GameCore.Content.Compiler.Tests/bin/Release/net8.0/GameCore.Content.Compiler.Tests.dll" adapterTypeName="executor://nunit3testexecutor/" className="GameCore.Content.Compiler.Tests.CardCatalogTests" name="CommittedCardCatalogKeyLiteralsMatchTheirDerivation" />
    </UnitTest>
    <UnitTest name="CommittedCardCatalogFingerprintMatchesItsDeclarations" storage="/home/worlesenric/wkspace/gc-wt/w6-gate/dotnet/tests/gamecore.content.compiler.tests/bin/release/net8.0/gamecore.content.compiler.tests.dll" id="c121d14e-825f-8d1f-529b-c478c16dc572">
      <Execution id="ab4c7a3e-106b-48f3-b278-57536b9b1525" />
      <TestMethod codeBase="/home/worlesenric/wkspace/gc-wt/w6-gate/dotnet/tests/GameCore.Content.Compiler.Tests/bin/Release/net8.0/GameCore.Content.Compiler.Tests.dll" adapterTypeName="executor://nunit3testexecutor/" className="GameCore.Content.Compiler.Tests.CardCatalogTests" name="CommittedCardCatalogFingerprintMatchesItsDeclarations" />
    </UnitTest>
    <UnitTest name="FeatureDeclarationOrderDoesNotChangeGeneratedBytes" storage="/home/worlesenric/wkspace/gc-wt/w6-gate/dotnet/tests/gamecore.content.compiler.tests/bin/release/net8.0/gamecore.content.compiler.tests.dll" id="8b8f1802-4a72-d248-a440-52463b95133b">
      <Execution id="855fb8e3-7ac4-465c-a7c0-693d485bea98" />
      <TestMethod codeBase="/home/worlesenric/wkspace/gc-wt/w6-gate/dotnet/tests/GameCore.Content.Compiler.Tests/bin/Release/net8.0/GameCore.Content.Compiler.Tests.dll" adapterTypeName="executor://nunit3testexecutor/" className="GameCore.Content.Compiler.Tests.CatalogEmissionTests" name="FeatureDeclarationOrderDoesNotChangeGeneratedBytes" />
    </UnitTest>
    <UnitTest name="UnsupportedWireTypeRejects" storage="/home/worlesenric/wkspace/gc-wt/w6-gate/dotnet/tests/gamecore.content.compiler.tests/bin/release/net8.0/gamecore.content.compiler.tests.dll" id="948f1c00-52cc-8709-370c-1146d5c9950c">
      <Execution id="4fc66e08-c7ce-4f5a-9b75-f25fee55b3df" />
      <TestMethod codeBase="/home/worlesenric/wkspace/gc-wt/w6-gate/dotnet/tests/GameCore.Content.Compiler.Tests/bin/Release/net8.0/GameCore.Content.Compiler.Tests.dll" adapterTypeName="executor://nunit3testexecutor/" className="GameCore.Content.Compiler.Tests.CatalogDescriptionRejectionTests" name="UnsupportedWireTypeRejects" />
    </UnitTest>
    <UnitTest name="DuplicateStableNameRejects" storage="/home/worlesenric/wkspace/gc-wt/w6-gate/dotnet/tests/gamecore.content.compiler.tests/bin/release/net8.0/gamecore.content.compiler.tests.dll" id="4a4f7ec1-0f1b-146c-8f0b-642d1643ee5c">
      <Execution id="fac424bc-f427-47c6-a9be-460805a7df32" />
      <TestMethod codeBase="/home/worlesenric/wkspace/gc-wt/w6-gate/dotnet/tests/GameCore.Content.Compiler.Tests/bin/Release/net8.0/GameCore.Content.Compiler.Tests.dll" adapterTypeName="executor://nunit3testexecutor/" className="GameCore.Content.Compiler.Tests.CatalogDescriptionRejectionTests" name="DuplicateStableNameRejects" />
    </UnitTest>
    <UnitTest name="UnsupportedProtocolVersionRejects" storage="/home/worlesenric/wkspace/gc-wt/w6-gate/dotnet/tests/gamecore.content.compiler.tests/bin/release/net8.0/gamecore.content.compiler.tests.dll" id="07bdb500-f0b7-2ee6-905c-d6571a555619">
      <Execution id="08373d61-d1ea-470e-baad-c7f7e1aaf24e" />
      <TestMethod codeBase="/home/worlesenric/wkspace/gc-wt/w6-gate/dotnet/tests/GameCore.Content.Compiler.Tests/bin/Release/net8.0/GameCore.Content.Compiler.Tests.dll" adapterTypeName="executor://nunit3testexecutor/" className="GameCore.Content.Compiler.Tests.CatalogDescriptionRejectionTests" name="UnsupportedProtocolVersionRejects" />
    </UnitTest>
    <UnitTest name="CommittedCheckpointCatalogFingerprintMatchesItsDeclarations" storage="/home/worlesenric/wkspace/gc-wt/w6-gate/dotnet/tests/gamecore.content.compiler.tests/bin/release/net8.0/gamecore.content.compiler.tests.dll" id="388d1b6c-c036-23fb-6a43-e112170bf466">
      <Execution id="4f05cc26-3f46-418a-96d7-e0d4fa45151f" />
      <TestMethod codeBase="/home/worlesenric/wkspace/gc-wt/w6-gate/dotnet/tests/GameCore.Content.Compiler.Tests/bin/Release/net8.0/GameCore.Content.Compiler.Tests.dll" adapterTypeName="executor://nunit3testexecutor/" className="GameCore.Content.Compiler.Tests.CheckpointCatalogTests" name="CommittedCheckpointCatalogFingerprintMatchesItsDeclarations" />
    </UnitTest>
    <UnitTest name="MissingRequiredMemberRejects" storage="/home/worlesenric/wkspace/gc-wt/w6-gate/dotnet/tests/gamecore.content.compiler.tests/bin/release/net8.0/gamecore.content.compiler.tests.dll" id="10a632d9-c0aa-8090-0dd4-c44bfef506d7">
      <Execution id="ec206b3d-33b5-4f5a-b193-bf0c73e8adcf" />
      <TestMethod codeBase="/home/worlesenric/wkspace/gc-wt/w6-gate/dotnet/tests/GameCore.Content.Compiler.Tests/bin/Release/net8.0/GameCore.Content.Compiler.Tests.dll" adapterTypeName="executor://nunit3testexecutor/" className="GameCore.Content.Compiler.Tests.CatalogDescriptionRejectionTests" name="MissingRequiredMemberRejects" />
    </UnitTest>
    <UnitTest name="DescriptionThatWouldBuildAnInvalidCatalogRejects" storage="/home/worlesenric/wkspace/gc-wt/w6-gate/dotnet/tests/gamecore.content.compiler.tests/bin/release/net8.0/gamecore.content.compiler.tests.dll" id="4a59641e-8e86-0476-d892-39db58235546">
      <Execution id="5069e92e-85e7-416c-94c5-a258dc1c683a" />
      <TestMethod codeBase="/home/worlesenric/wkspace/gc-wt/w6-gate/dotnet/tests/GameCore.Content.Compiler.Tests/bin/Release/net8.0/GameCore.Content.Compiler.Tests.dll" adapterTypeName="executor://nunit3testexecutor/" className="GameCore.Content.Compiler.Tests.CatalogDescriptionRejectionTests" name="DescriptionThatWouldBuildAnInvalidCatalogRejects" />
    </UnitTest>
    <UnitTest name="ClassNamedAfterAGeneratedMemberRejects" storage="/home/worlesenric/wkspace/gc-wt/w6-gate/dotnet/tests/gamecore.content.compiler.tests/bin/release/net8.0/gamecore.content.compiler.tests.dll" id="ce07497c-4dc6-a0b3-bd22-bf118f2b179f">
      <Execution id="6d4e1092-c480-4992-bf56-b3be588503f5" />
      <TestMethod codeBase="/home/worlesenric/wkspace/gc-wt/w6-gate/dotnet/tests/GameCore.Content.Compiler.Tests/bin/Release/net8.0/GameCore.Content.Compiler.Tests.dll" adapterTypeName="executor://nunit3testexecutor/" className="GameCore.Content.Compiler.Tests.CatalogDescriptionRejectionTests" name="ClassNamedAfterAGeneratedMemberRejects" />
    </UnitTest>
    <UnitTest name="GeneratorArgumentsParseTheDocumentedCommandLine" storage="/home/worlesenric/wkspace/gc-wt/w6-gate/dotnet/tests/gamecore.content.compiler.tests/bin/release/net8.0/gamecore.content.compiler.tests.dll" id="e291aa66-ef60-353a-bdc1-17429cdfe2d3">
      <Execution id="6aec84a6-8777-4e9b-9455-02bc5abe09e1" />
      <TestMethod codeBase="/home/worlesenric/wkspace/gc-wt/w6-gate/dotnet/tests/GameCore.Content.Compiler.Tests/bin/Release/net8.0/GameCore.Content.Compiler.Tests.dll" adapterTypeName="executor://nunit3testexecutor/" className="GameCore.Content.Compiler.Tests.CatalogEmissionTests" name="GeneratorArgumentsParseTheDocumentedCommandLine" />
    </UnitTest>
    <UnitTest name="AllZeroImplementationIdentityRejects" storage="/home/worlesenric/wkspace/gc-wt/w6-gate/dotnet/tests/gamecore.content.compiler.tests/bin/release/net8.0/gamecore.content.compiler.tests.dll" id="a368381b-c826-da5a-07f6-882159508464">
      <Execution id="9495e823-e31b-44fc-9c45-bccf01e18d8b" />
      <TestMethod codeBase="/home/worlesenric/wkspace/gc-wt/w6-gate/dotnet/tests/GameCore.Content.Compiler.Tests/bin/Release/net8.0/GameCore.Content.Compiler.Tests.dll" adapterTypeName="executor://nunit3testexecutor/" className="GameCore.Content.Compiler.Tests.CatalogDescriptionRejectionTests" name="AllZeroImplementationIdentityRejects" />
    </UnitTest>
    <UnitTest name="UnknownFactoryKindRejects" storage="/home/worlesenric/wkspace/gc-wt/w6-gate/dotnet/tests/gamecore.content.compiler.tests/bin/release/net8.0/gamecore.content.compiler.tests.dll" id="62555781-d38d-97ac-09ee-252bcd5b99d5">
      <Execution id="37b86028-28d7-44f1-9a3d-2d8cda2d78a6" />
      <TestMethod codeBase="/home/worlesenric/wkspace/gc-wt/w6-gate/dotnet/tests/GameCore.Content.Compiler.Tests/bin/Release/net8.0/GameCore.Content.Compiler.Tests.dll" adapterTypeName="executor://nunit3testexecutor/" className="GameCore.Content.Compiler.Tests.CatalogDescriptionRejectionTests" name="UnknownFactoryKindRejects" />
    </UnitTest>
    <UnitTest name="EveryCheckpointSchemaIsDeclaredRequiredWithAscendingFieldIds" storage="/home/worlesenric/wkspace/gc-wt/w6-gate/dotnet/tests/gamecore.content.compiler.tests/bin/release/net8.0/gamecore.content.compiler.tests.dll" id="abe7560b-0107-ad48-75f7-887769837b50">
      <Execution id="7311211a-f87c-4795-8ba1-81d00b639bab" />
      <TestMethod codeBase="/home/worlesenric/wkspace/gc-wt/w6-gate/dotnet/tests/GameCore.Content.Compiler.Tests/bin/Release/net8.0/GameCore.Content.Compiler.Tests.dll" adapterTypeName="executor://nunit3testexecutor/" className="GameCore.Content.Compiler.Tests.CheckpointCatalogTests" name="EveryCheckpointSchemaIsDeclaredRequiredWithAscendingFieldIds" />
    </UnitTest>
    <UnitTest name="FingerprintLiteralMatchesTheDeclarations" storage="/home/worlesenric/wkspace/gc-wt/w6-gate/dotnet/tests/gamecore.content.compiler.tests/bin/release/net8.0/gamecore.content.compiler.tests.dll" id="8613c9dc-f124-68c2-ef82-d40b6dce25ca">
      <Execution id="b3a9c961-e28f-4502-aa00-595c0f0851b2" />
      <TestMethod codeBase="/home/worlesenric/wkspace/gc-wt/w6-gate/dotnet/tests/GameCore.Content.Compiler.Tests/bin/Release/net8.0/GameCore.Content.Compiler.Tests.dll" adapterTypeName="executor://nunit3testexecutor/" className="GameCore.Content.Compiler.Tests.CatalogEmissionTests" name="FingerprintLiteralMatchesTheDeclarations" />
    </UnitTest>
    <UnitTest name="DeclarationOrderDoesNotChangeGeneratedBytes" storage="/home/worlesenric/wkspace/gc-wt/w6-gate/dotnet/tests/gamecore.content.compiler.tests/bin/release/net8.0/gamecore.content.compiler.tests.dll" id="9c637530-027b-7de2-d98f-03650bbed66a">
      <Execution id="286deeb4-088b-45fe-bba4-f829b7195677" />
      <TestMethod codeBase="/home/worlesenric/wkspace/gc-wt/w6-gate/dotnet/tests/GameCore.Content.Compiler.Tests/bin/Release/net8.0/GameCore.Content.Compiler.Tests.dll" adapterTypeName="executor://nunit3testexecutor/" className="GameCore.Content.Compiler.Tests.CatalogEmissionTests" name="DeclarationOrderDoesNotChangeGeneratedBytes" />
    </UnitTest>
    <UnitTest name="UnknownMemberRejects" storage="/home/worlesenric/wkspace/gc-wt/w6-gate/dotnet/tests/gamecore.content.compiler.tests/bin/release/net8.0/gamecore.content.compiler.tests.dll" id="957ea0be-e5c6-8b07-d28f-4de7d4fec13f">
      <Execution id="c0fe3148-d984-44a8-bd10-9e9602a9cfbe" />
      <TestMethod codeBase="/home/worlesenric/wkspace/gc-wt/w6-gate/dotnet/tests/GameCore.Content.Compiler.Tests/bin/Release/net8.0/GameCore.Content.Compiler.Tests.dll" adapterTypeName="executor://nunit3testexecutor/" className="GameCore.Content.Compiler.Tests.CatalogDescriptionRejectionTests" name="UnknownMemberRejects" />
    </UnitTest>
    <UnitTest name="CodeFragmentWithStatementTerminatorRejects" storage="/home/worlesenric/wkspace/gc-wt/w6-gate/dotnet/tests/gamecore.content.compiler.tests/bin/release/net8.0/gamecore.content.compiler.tests.dll" id="fa394697-3424-9c25-ece5-7e2d369a8920">
      <Execution id="894527a8-85f9-454a-b3a4-09b38b147b51" />
      <TestMethod codeBase="/home/worlesenric/wkspace/gc-wt/w6-gate/dotnet/tests/GameCore.Content.Compiler.Tests/bin/Release/net8.0/GameCore.Content.Compiler.Tests.dll" adapterTypeName="executor://nunit3testexecutor/" className="GameCore.Content.Compiler.Tests.CatalogDescriptionRejectionTests" name="CodeFragmentWithStatementTerminatorRejects" />
    </UnitTest>
    <UnitTest name="CommittedGeneratedCatalogPassesItsOwnVerification" storage="/home/worlesenric/wkspace/gc-wt/w6-gate/dotnet/tests/gamecore.content.compiler.tests/bin/release/net8.0/gamecore.content.compiler.tests.dll" id="4d635dde-9025-0f50-e5e6-4a0320b1f861">
      <Execution id="8ab24f15-e769-4de7-841e-356032504b77" />
      <TestMethod codeBase="/home/worlesenric/wkspace/gc-wt/w6-gate/dotnet/tests/GameCore.Content.Compiler.Tests/bin/Release/net8.0/GameCore.Content.Compiler.Tests.dll" adapterTypeName="executor://nunit3testexecutor/" className="GameCore.Content.Compiler.Tests.CommittedProbeCatalogTests" name="CommittedGeneratedCatalogPassesItsOwnVerification" />
    </UnitTest>
    <UnitTest name="ReservedFieldIdRejects" storage="/home/worlesenric/wkspace/gc-wt/w6-gate/dotnet/tests/gamecore.content.compiler.tests/bin/release/net8.0/gamecore.content.compiler.tests.dll" id="1e9dac80-9afc-f5b6-3b75-0fc15f043b6f">
      <Execution id="81cba830-67fc-44d6-b1c1-4d8b76474330" />
      <TestMethod codeBase="/home/worlesenric/wkspace/gc-wt/w6-gate/dotnet/tests/GameCore.Content.Compiler.Tests/bin/Release/net8.0/GameCore.Content.Compiler.Tests.dll" adapterTypeName="executor://nunit3testexecutor/" className="GameCore.Content.Compiler.Tests.CatalogDescriptionRejectionTests" name="ReservedFieldIdRejects" />
    </UnitTest>
    <UnitTest name="CommittedCheckpointCatalogMatchesAFreshGeneration" storage="/home/worlesenric/wkspace/gc-wt/w6-gate/dotnet/tests/gamecore.content.compiler.tests/bin/release/net8.0/gamecore.content.compiler.tests.dll" id="1bdc01b8-aa5a-4047-67cf-8a70f7b04a5d">
      <Execution id="f84f31bf-b5ce-44f3-b851-ee659aee2d28" />
      <TestMethod codeBase="/home/worlesenric/wkspace/gc-wt/w6-gate/dotnet/tests/GameCore.Content.Compiler.Tests/bin/Release/net8.0/GameCore.Content.Compiler.Tests.dll" adapterTypeName="executor://nunit3testexecutor/" className="GameCore.Content.Compiler.Tests.CheckpointCatalogTests" name="CommittedCheckpointCatalogMatchesAFreshGeneration" />
    </UnitTest>
    <UnitTest name="DuplicateJsonMemberRejectsAsInvalidDocument" storage="/home/worlesenric/wkspace/gc-wt/w6-gate/dotnet/tests/gamecore.content.compiler.tests/bin/release/net8.0/gamecore.content.compiler.tests.dll" id="d64d72ea-7173-f86a-f0f0-b80bbefcdcf6">
      <Execution id="b61df770-74aa-4a03-90a5-72ee29607682" />
      <TestMethod codeBase="/home/worlesenric/wkspace/gc-wt/w6-gate/dotnet/tests/GameCore.Content.Compiler.Tests/bin/Release/net8.0/GameCore.Content.Compiler.Tests.dll" adapterTypeName="executor://nunit3testexecutor/" className="GameCore.Content.Compiler.Tests.CatalogDescriptionRejectionTests" name="DuplicateJsonMemberRejectsAsInvalidDocument" />
    </UnitTest>
    <UnitTest name="CommittedCheckpointCatalogKeyLiteralsMatchTheirDerivation" storage="/home/worlesenric/wkspace/gc-wt/w6-gate/dotnet/tests/gamecore.content.compiler.tests/bin/release/net8.0/gamecore.content.compiler.tests.dll" id="f08fd216-3f6d-36d8-7a1a-55c818194c5b">
      <Execution id="c34d9702-317f-43d5-a495-1ba1f1955248" />
      <TestMethod codeBase="/home/worlesenric/wkspace/gc-wt/w6-gate/dotnet/tests/GameCore.Content.Compiler.Tests/bin/Release/net8.0/GameCore.Content.Compiler.Tests.dll" adapterTypeName="executor://nunit3testexecutor/" className="GameCore.Content.Compiler.Tests.CheckpointCatalogTests" name="CommittedCheckpointCatalogKeyLiteralsMatchTheirDerivation" />
    </UnitTest>
    <UnitTest name="GeneratedClosedGenericRootsAndAttributesAreEmittedWithTerminators" storage="/home/worlesenric/wkspace/gc-wt/w6-gate/dotnet/tests/gamecore.content.compiler.tests/bin/release/net8.0/gamecore.content.compiler.tests.dll" id="49ea4e69-52f4-11c0-268c-ff2c8e945926">
      <Execution id="569d779a-4fe7-4f5d-b9d9-c83042897db0" />
      <TestMethod codeBase="/home/worlesenric/wkspace/gc-wt/w6-gate/dotnet/tests/GameCore.Content.Compiler.Tests/bin/Release/net8.0/GameCore.Content.Compiler.Tests.dll" adapterTypeName="executor://nunit3testexecutor/" className="GameCore.Content.Compiler.Tests.CatalogEmissionTests" name="GeneratedClosedGenericRootsAndAttributesAreEmittedWithTerminators" />
    </UnitTest>
    <UnitTest name="WrongDescriptionFormatRejects" storage="/home/worlesenric/wkspace/gc-wt/w6-gate/dotnet/tests/gamecore.content.compiler.tests/bin/release/net8.0/gamecore.content.compiler.tests.dll" id="2386ee34-1c98-0e7e-f863-0e97b7c67c92">
      <Execution id="47c18bd5-f973-4d40-9c16-fde80231cda4" />
      <TestMethod codeBase="/home/worlesenric/wkspace/gc-wt/w6-gate/dotnet/tests/GameCore.Content.Compiler.Tests/bin/Release/net8.0/GameCore.Content.Compiler.Tests.dll" adapterTypeName="executor://nunit3testexecutor/" className="GameCore.Content.Compiler.Tests.CatalogDescriptionRejectionTests" name="WrongDescriptionFormatRejects" />
    </UnitTest>
  </TestDefinitions>
  <TestEntries>
    <TestEntry testId="f9352d4e-1c68-5156-44d6-9c0e393891bf" executionId="5a1f8fa7-a6c5-4b71-955b-edb705c6fe35" testListId="8c84fa94-04c1-424b-9868-57a2d4851a1d" />
    <TestEntry testId="db5fa11c-61f1-b840-f7d8-d72274333fb9" executionId="d1aa818b-3ad1-4262-b71d-50516fc03e29" testListId="8c84fa94-04c1-424b-9868-57a2d4851a1d" />
    <TestEntry testId="1bdc01b8-aa5a-4047-67cf-8a70f7b04a5d" executionId="f84f31bf-b5ce-44f3-b851-ee659aee2d28" testListId="8c84fa94-04c1-424b-9868-57a2d4851a1d" />
    <TestEntry testId="3ba806a4-bbf3-7b7e-27b5-2f86df0fc91e" executionId="f9ae3ec9-0452-4c13-998f-586c2c687cb7" testListId="8c84fa94-04c1-424b-9868-57a2d4851a1d" />
    <TestEntry testId="8613c9dc-f124-68c2-ef82-d40b6dce25ca" executionId="b3a9c961-e28f-4502-aa00-595c0f0851b2" testListId="8c84fa94-04c1-424b-9868-57a2d4851a1d" />
    <TestEntry testId="10a632d9-c0aa-8090-0dd4-c44bfef506d7" executionId="ec206b3d-33b5-4f5a-b193-bf0c73e8adcf" testListId="8c84fa94-04c1-424b-9868-57a2d4851a1d" />
    <TestEntry testId="99fbf920-1989-3afa-e14d-521d4d16a8a2" executionId="1200f14a-c69e-41ca-805d-d629acc02fe4" testListId="8c84fa94-04c1-424b-9868-57a2d4851a1d" />
    <TestEntry testId="eda82127-ff29-41db-13bd-e18efa6bad16" executionId="fcc40b72-c487-4b06-a6c2-8228d903674e" testListId="8c84fa94-04c1-424b-9868-57a2d4851a1d" />
    <TestEntry testId="5518edeb-57f1-cd40-289d-a92c12e305ae" executionId="89901e28-d6c7-4d0f-971e-93399a26fb16" testListId="8c84fa94-04c1-424b-9868-57a2d4851a1d" />
    <TestEntry testId="7ed4bff5-de38-8fb8-34f1-2ff229d1b5c9" executionId="a2e4e087-d2b6-457c-8d00-fa46558cfd8d" testListId="8c84fa94-04c1-424b-9868-57a2d4851a1d" />
    <TestEntry testId="435e0ca1-e757-c30d-ee9f-e04b15fca79d" executionId="0fcf29a2-efd1-430a-a203-5889cdbf7f52" testListId="8c84fa94-04c1-424b-9868-57a2d4851a1d" />
    <TestEntry testId="d64d72ea-7173-f86a-f0f0-b80bbefcdcf6" executionId="b61df770-74aa-4a03-90a5-72ee29607682" testListId="8c84fa94-04c1-424b-9868-57a2d4851a1d" />
    <TestEntry testId="948f1c00-52cc-8709-370c-1146d5c9950c" executionId="4fc66e08-c7ce-4f5a-9b75-f25fee55b3df" testListId="8c84fa94-04c1-424b-9868-57a2d4851a1d" />
    <TestEntry testId="ef277f34-d036-305a-c91f-b7c197fd6f5a" executionId="9f78202a-d7ae-469e-8682-5fcd2d87d4a9" testListId="8c84fa94-04c1-424b-9868-57a2d4851a1d" />
    <TestEntry testId="c121d14e-825f-8d1f-529b-c478c16dc572" executionId="ab4c7a3e-106b-48f3-b278-57536b9b1525" testListId="8c84fa94-04c1-424b-9868-57a2d4851a1d" />
    <TestEntry testId="bb935116-be01-14ef-e044-2191c3664db7" executionId="e8767029-46e4-43cb-beed-607034994aa3" testListId="8c84fa94-04c1-424b-9868-57a2d4851a1d" />
    <TestEntry testId="62555781-d38d-97ac-09ee-252bcd5b99d5" executionId="37b86028-28d7-44f1-9a3d-2d8cda2d78a6" testListId="8c84fa94-04c1-424b-9868-57a2d4851a1d" />
    <TestEntry testId="22b95d6a-5061-f409-c55c-173dfdb0009d" executionId="7cf6cbd3-c716-4344-844e-788fe66fb6c9" testListId="8c84fa94-04c1-424b-9868-57a2d4851a1d" />
    <TestEntry testId="d79887d3-a91f-2118-f432-95132cc40b07" executionId="4bb345fe-b570-4117-9b92-0248ac1f8f2d" testListId="8c84fa94-04c1-424b-9868-57a2d4851a1d" />
    <TestEntry testId="eae65d2c-f5c2-f597-c2f6-823f72c30479" executionId="2e2bd12f-97df-47a2-9373-ce3bda8caec2" testListId="8c84fa94-04c1-424b-9868-57a2d4851a1d" />
    <TestEntry testId="a368381b-c826-da5a-07f6-882159508464" executionId="9495e823-e31b-44fc-9c45-bccf01e18d8b" testListId="8c84fa94-04c1-424b-9868-57a2d4851a1d" />
    <TestEntry testId="957ea0be-e5c6-8b07-d28f-4de7d4fec13f" executionId="c0fe3148-d984-44a8-bd10-9e9602a9cfbe" testListId="8c84fa94-04c1-424b-9868-57a2d4851a1d" />
    <TestEntry testId="993883a5-b1e2-b818-b8df-804ff1a82623" executionId="758e9366-35ff-42d7-ac21-6f77d5f38a51" testListId="8c84fa94-04c1-424b-9868-57a2d4851a1d" />
    <TestEntry testId="9c637530-027b-7de2-d98f-03650bbed66a" executionId="286deeb4-088b-45fe-bba4-f829b7195677" testListId="8c84fa94-04c1-424b-9868-57a2d4851a1d" />
    <TestEntry testId="4a4f7ec1-0f1b-146c-8f0b-642d1643ee5c" executionId="fac424bc-f427-47c6-a9be-460805a7df32" testListId="8c84fa94-04c1-424b-9868-57a2d4851a1d" />
    <TestEntry testId="2109dcb9-5531-7c07-80ae-102d5db235ab" executionId="33c7918b-0336-4b95-a04b-3d8cc0c57df6" testListId="8c84fa94-04c1-424b-9868-57a2d4851a1d" />
    <TestEntry testId="49ea4e69-52f4-11c0-268c-ff2c8e945926" executionId="569d779a-4fe7-4f5d-b9d9-c83042897db0" testListId="8c84fa94-04c1-424b-9868-57a2d4851a1d" />
    <TestEntry testId="1e9dac80-9afc-f5b6-3b75-0fc15f043b6f" executionId="81cba830-67fc-44d6-b1c1-4d8b76474330" testListId="8c84fa94-04c1-424b-9868-57a2d4851a1d" />
    <TestEntry testId="abe7560b-0107-ad48-75f7-887769837b50" executionId="7311211a-f87c-4795-8ba1-81d00b639bab" testListId="8c84fa94-04c1-424b-9868-57a2d4851a1d" />
    <TestEntry testId="7f00720d-4676-b91e-004b-d6d34e4dd4fa" executionId="77c5c49e-5645-4a74-aa87-56b2d39df6b7" testListId="8c84fa94-04c1-424b-9868-57a2d4851a1d" />
    <TestEntry testId="4d635dde-9025-0f50-e5e6-4a0320b1f861" executionId="8ab24f15-e769-4de7-841e-356032504b77" testListId="8c84fa94-04c1-424b-9868-57a2d4851a1d" />
    <TestEntry testId="07bdb500-f0b7-2ee6-905c-d6571a555619" executionId="08373d61-d1ea-470e-baad-c7f7e1aaf24e" testListId="8c84fa94-04c1-424b-9868-57a2d4851a1d" />
    <TestEntry testId="c2a72dd0-27bf-137f-7c70-71c4bb2a9025" executionId="010af958-bcef-4776-b249-53d81575d765" testListId="8c84fa94-04c1-424b-9868-57a2d4851a1d" />
    <TestEntry testId="4a59641e-8e86-0476-d892-39db58235546" executionId="5069e92e-85e7-416c-94c5-a258dc1c683a" testListId="8c84fa94-04c1-424b-9868-57a2d4851a1d" />
    <TestEntry testId="ebc2e79d-0013-5ac5-1a10-fdc0f753882f" executionId="bbd43421-4a03-4401-a09a-4bc4aa4763b4" testListId="8c84fa94-04c1-424b-9868-57a2d4851a1d" />
    <TestEntry testId="e291aa66-ef60-353a-bdc1-17429cdfe2d3" executionId="6aec84a6-8777-4e9b-9455-02bc5abe09e1" testListId="8c84fa94-04c1-424b-9868-57a2d4851a1d" />
    <TestEntry testId="ce07497c-4dc6-a0b3-bd22-bf118f2b179f" executionId="6d4e1092-c480-4992-bf56-b3be588503f5" testListId="8c84fa94-04c1-424b-9868-57a2d4851a1d" />
    <TestEntry testId="f08fd216-3f6d-36d8-7a1a-55c818194c5b" executionId="c34d9702-317f-43d5-a495-1ba1f1955248" testListId="8c84fa94-04c1-424b-9868-57a2d4851a1d" />
    <TestEntry testId="8b8f1802-4a72-d248-a440-52463b95133b" executionId="855fb8e3-7ac4-465c-a7c0-693d485bea98" testListId="8c84fa94-04c1-424b-9868-57a2d4851a1d" />
    <TestEntry testId="388d1b6c-c036-23fb-6a43-e112170bf466" executionId="4f05cc26-3f46-418a-96d7-e0d4fa45151f" testListId="8c84fa94-04c1-424b-9868-57a2d4851a1d" />
    <TestEntry testId="2386ee34-1c98-0e7e-f863-0e97b7c67c92" executionId="47c18bd5-f973-4d40-9c16-fde80231cda4" testListId="8c84fa94-04c1-424b-9868-57a2d4851a1d" />
    <TestEntry testId="a01acef7-6957-0e86-ccf9-6e0a07aed5f4" executionId="2427ceee-fd62-4df7-9ffa-67d09fd67171" testListId="8c84fa94-04c1-424b-9868-57a2d4851a1d" />
    <TestEntry testId="191bd9eb-d6f4-9118-bbe7-31b63664155d" executionId="5a318f2e-979f-4025-9874-045d115d5778" testListId="8c84fa94-04c1-424b-9868-57a2d4851a1d" />
    <TestEntry testId="99e59fa0-006c-3199-9f95-8228467dab50" executionId="3e3c0a8b-86e0-40ce-8988-dca23d59c31e" testListId="8c84fa94-04c1-424b-9868-57a2d4851a1d" />
    <TestEntry testId="0fac49ff-9fc4-70da-0e12-4468b853b5ca" executionId="a0cac2de-0f38-4619-ba13-7441a549e23b" testListId="8c84fa94-04c1-424b-9868-57a2d4851a1d" />
    <TestEntry testId="d661a575-f5db-dcc3-2651-f7a20a82908e" executionId="2f64f0db-de6b-4f7b-9c7c-b2d962638890" testListId="8c84fa94-04c1-424b-9868-57a2d4851a1d" />
    <TestEntry testId="fa394697-3424-9c25-ece5-7e2d369a8920" executionId="894527a8-85f9-454a-b3a4-09b38b147b51" testListId="8c84fa94-04c1-424b-9868-57a2d4851a1d" />
    <TestEntry testId="15fffbf7-3b66-6103-20fd-b18305a69632" executionId="50593211-8152-4660-b58d-b91aa538809b" testListId="8c84fa94-04c1-424b-9868-57a2d4851a1d" />
    <TestEntry testId="13e8be3f-a736-bbee-f765-0cd1b7840ac4" executionId="ee00e4eb-20c3-435d-bba9-bf77c532caef" testListId="8c84fa94-04c1-424b-9868-57a2d4851a1d" />
  </TestEntries>
  <TestLists>
    <TestList name="Results Not in a List" id="8c84fa94-04c1-424b-9868-57a2d4851a1d" />
    <TestList name="All Loaded Results" id="19431567-8539-422a-85d7-44ee4e166bda" />
  </TestLists>
  <ResultSummary outcome="Completed">
    <Counters total="49" executed="49" passed="49" failed="0" error="0" timeout="0" aborted="0" inconclusive="0" passedButRunAborted="0" notRunnable="0" notExecuted="0" disconnected="0" warning="0" completed="0" inProgress="0" pending="0" />
    <Output>
      <StdOut>NUnit Adapter 4.5.0.0: Test execution started
Running all tests in /home/worlesenric/wkspace/gc-wt/w6-gate/dotnet/tests/GameCore.Content.Compiler.Tests/bin/Release/net8.0/GameCore.Content.Compiler.Tests.dll
   NUnit3TestExecutor discovered 49 of 49 NUnit test cases using Current Discovery mode, Non-Explicit run
NUnit Adapter 4.5.0.0: Test execution complete
</StdOut>
    </Output>
  </ResultSummary>
</TestRun>