[2026-10-07T05:43:58.279Z][INFO] Command-line: ~/Unity/Hub/Editor/6000.0.75f1/Editor/Data/Resources/PackageManager/Server/UnityPackageManager -s 1443375 -ipc -ipc-path /tmp/Unity-Upm-1443375.sock -l 2 --log-file ~/wkspace/gc-studio/p4.2i/artifacts/studio/verification/W-ETOS-05/p42i-cancel-20261007T054357.507172Z/upm.log
[2026-10-07T05:43:58.288Z][INFO] IPC server started (IPC path=/tmp/Unity-Upm-1443375.sock).
[2026-10-07T05:43:58.289Z][INFO] Hint: To connect to this UPM instance, launch Unity with the command-line parameter -upmIpcPath Upm-1443375.
[2026-10-07T05:43:59.124Z][INFO] project:add-dependency <-- Request received
params: {
  "packageId": "com.unity.toolchain.linux-x86_64"
}
[2026-10-07T05:44:28.422Z][INFO] project:add-dependency --> 200 (29298 ms)
[2026-10-07T05:44:28.719Z][INFO] project:list-packages <-- Request received
params: {}
[2026-10-07T05:44:28.769Z][INFO] project:list-packages <-- Request received
params: {}
[2026-10-07T05:44:28.780Z][INFO] project:list-packages <-- Request received
params: {}
[2026-10-07T05:44:28.790Z][INFO] config:project:get-registries <-- Request received
params: {}
[2026-10-07T05:44:28.816Z][INFO] config:project:get-registries --> 200 (26 ms)
[2026-10-07T05:44:29.548Z][INFO] project:list-packages --> 200 (829 ms)
[2026-10-07T05:44:29.747Z][INFO] project:list-packages --> 200 (978 ms)
[2026-10-07T05:44:31.184Z][INFO] project:list-packages <-- Request received
params: {}
[2026-10-07T05:44:31.472Z][INFO] project:list-packages --> 200 (288 ms)
[2026-10-07T05:44:32.736Z][INFO] project:list-packages --> 200 (3956 ms)
[2026-10-07T05:44:33.925Z][INFO] project:list-packages <-- Request received
params: {}
[2026-10-07T05:44:33.935Z][INFO] project:list-packages <-- Request received
params: {}
[2026-10-07T05:44:33.946Z][INFO] config:project:get-registries <-- Request received
params: {}
[2026-10-07T05:44:33.957Z][INFO] config:project:get-registries --> 200 (11 ms)
[2026-10-07T05:44:34.341Z][INFO] project:list-packages --> 200 (406 ms)
[2026-10-07T05:44:37.720Z][INFO] project:list-packages <-- Request received
params: {}
[2026-10-07T05:44:37.731Z][INFO] project:list-packages <-- Request received
params: {}
[2026-10-07T05:44:38.105Z][INFO] project:list-packages --> 200 (385 ms)
[2026-10-07T05:44:43.969Z][INFO] project:list-packages --> 200 (10044 ms)
[2026-10-07T05:44:43.971Z][INFO] project:list-packages --> 200 (6240 ms)
[2026-10-07T05:44:54.617Z][INFO] Received shutdown request (SIGINT), shutting down Unity Package Manager
