[2026-10-07T23:41:11.984Z][INFO] Command-line: ~/Unity/Hub/Editor/6000.0.75f1/Editor/Data/Resources/PackageManager/Server/UnityPackageManager -s 554084 -ipc -ipc-path /tmp/Unity-Upm-554084.sock -l 2 --log-file ~/wkspace/gc-studio/p4.2l/artifacts/studio/verification/W-AI-01/p42l-robe-20261007T234111.325341Z/upm.log
[2026-10-07T23:41:11.991Z][INFO] IPC server started (IPC path=/tmp/Unity-Upm-554084.sock).
[2026-10-07T23:41:11.991Z][INFO] Hint: To connect to this UPM instance, launch Unity with the command-line parameter -upmIpcPath Upm-554084.
[2026-10-07T23:41:12.843Z][INFO] project:add-dependency <-- Request received
params: {
  "packageId": "com.unity.toolchain.linux-x86_64"
}
[2026-10-07T23:41:31.462Z][INFO] project:add-dependency --> 200 (18619 ms)
[2026-10-07T23:41:31.787Z][INFO] project:list-packages <-- Request received
params: {}
[2026-10-07T23:41:31.848Z][INFO] project:list-packages <-- Request received
params: {}
[2026-10-07T23:41:31.859Z][INFO] project:list-packages <-- Request received
params: {}
[2026-10-07T23:41:31.872Z][INFO] config:project:get-registries <-- Request received
params: {}
[2026-10-07T23:41:31.896Z][INFO] config:project:get-registries --> 200 (24 ms)
[2026-10-07T23:41:32.781Z][INFO] project:list-packages --> 200 (994 ms)
[2026-10-07T23:41:33.022Z][INFO] project:list-packages --> 200 (1174 ms)
[2026-10-07T23:41:34.569Z][INFO] project:list-packages <-- Request received
params: {}
[2026-10-07T23:41:34.739Z][INFO] project:list-packages --> 200 (2880 ms)
[2026-10-07T23:41:34.934Z][INFO] project:list-packages --> 200 (365 ms)
[2026-10-07T23:41:37.789Z][INFO] project:list-packages <-- Request received
params: {}
[2026-10-07T23:41:37.800Z][INFO] project:list-packages <-- Request received
params: {}
[2026-10-07T23:41:37.809Z][INFO] config:project:get-registries <-- Request received
params: {}
[2026-10-07T23:41:37.847Z][INFO] config:project:get-registries --> 200 (38 ms)
[2026-10-07T23:41:38.651Z][INFO] project:list-packages --> 200 (862 ms)
[2026-10-07T23:41:38.690Z][INFO] project:list-packages --> 200 (890 ms)
[2026-10-07T23:41:41.802Z][INFO] project:list-packages <-- Request received
params: {}
[2026-10-07T23:41:41.812Z][INFO] project:list-packages <-- Request received
params: {}
[2026-10-07T23:41:42.717Z][INFO] project:list-packages --> 200 (915 ms)
[2026-10-07T23:41:42.810Z][INFO] project:list-packages --> 200 (998 ms)
[2026-10-07T23:41:52.887Z][INFO] Received shutdown request (SIGINT), shutting down Unity Package Manager
