2026-10-06T11:26:35.056142Z  INFO gamecore_studio::voice: voice session open session=vs_1a110f724ef84903ef151c1
2026-10-06T11:26:35.243627Z  INFO gamecore_studio::voice: voice audio received session=vs_1a110f724ef84903ef151c1 frame=audio-0 bytes=4800 peak=0
2026-10-06T11:26:35.243746Z  INFO gamecore_studio::voice: voice audio forwarded session=vs_1a110f724ef84903ef151c1 frame=audio-0 bytes=4800
2026-10-06T11:26:35.317477Z  INFO gamecore_studio::voice: voice audio received session=vs_1a110f724ef84903ef151c1 frame=audio-1 bytes=4800 peak=4
2026-10-06T11:26:35.317576Z  INFO gamecore_studio::voice: voice audio forwarded session=vs_1a110f724ef84903ef151c1 frame=audio-1 bytes=4800
2026-10-06T11:26:35.446010Z  INFO gamecore_studio::voice: voice audio received session=vs_1a110f724ef84903ef151c1 frame=audio-2 bytes=4800 peak=2608
2026-10-06T11:26:35.446108Z  INFO gamecore_studio::voice: voice audio forwarded session=vs_1a110f724ef84903ef151c1 frame=audio-2 bytes=4800
2026-10-06T11:26:35.530687Z  INFO gamecore_studio::voice: voice audio received session=vs_1a110f724ef84903ef151c1 frame=audio-3 bytes=4800 peak=8615
2026-10-06T11:26:35.530765Z  INFO gamecore_studio::voice: voice audio forwarded session=vs_1a110f724ef84903ef151c1 frame=audio-3 bytes=4800
2026-10-06T11:26:35.616307Z  INFO gamecore_studio::voice: voice audio received session=vs_1a110f724ef84903ef151c1 frame=audio-4 bytes=4800 peak=8714
2026-10-06T11:26:35.616373Z  INFO gamecore_studio::voice: voice audio forwarded session=vs_1a110f724ef84903ef151c1 frame=audio-4 bytes=4800
2026-10-06T11:26:35.744230Z  INFO gamecore_studio::voice: voice audio received session=vs_1a110f724ef84903ef151c1 frame=audio-5 bytes=4800 peak=9013
2026-10-06T11:26:35.744294Z  INFO gamecore_studio::voice: voice audio forwarded session=vs_1a110f724ef84903ef151c1 frame=audio-5 bytes=4800
2026-10-06T11:26:35.829461Z  INFO gamecore_studio::voice: voice audio received session=vs_1a110f724ef84903ef151c1 frame=audio-6 bytes=4800 peak=6748
2026-10-06T11:26:35.829524Z  INFO gamecore_studio::voice: voice audio forwarded session=vs_1a110f724ef84903ef151c1 frame=audio-6 bytes=4800
2026-10-06T11:26:35.914599Z  INFO gamecore_studio::voice: voice audio received session=vs_1a110f724ef84903ef151c1 frame=audio-7 bytes=4800 peak=7861
2026-10-06T11:26:35.914667Z  INFO gamecore_studio::voice: voice audio forwarded session=vs_1a110f724ef84903ef151c1 frame=audio-7 bytes=4800
2026-10-06T11:26:36.042785Z  INFO gamecore_studio::voice: voice audio received session=vs_1a110f724ef84903ef151c1 frame=audio-8 bytes=4800 peak=8514
2026-10-06T11:26:36.042860Z  INFO gamecore_studio::voice: voice audio forwarded session=vs_1a110f724ef84903ef151c1 frame=audio-8 bytes=4800
2026-10-06T11:26:36.128448Z  INFO gamecore_studio::voice: voice audio received session=vs_1a110f724ef84903ef151c1 frame=audio-9 bytes=4800 peak=14348
2026-10-06T11:26:36.128516Z  INFO gamecore_studio::voice: voice audio forwarded session=vs_1a110f724ef84903ef151c1 frame=audio-9 bytes=4800
2026-10-06T11:26:36.214283Z  INFO gamecore_studio::voice: voice audio received session=vs_1a110f724ef84903ef151c1 frame=audio-10 bytes=4800 peak=11248
2026-10-06T11:26:36.214409Z  INFO gamecore_studio::voice: voice audio forwarded session=vs_1a110f724ef84903ef151c1 frame=audio-10 bytes=4800
2026-10-06T11:26:36.341340Z  INFO gamecore_studio::voice: voice audio received session=vs_1a110f724ef84903ef151c1 frame=audio-11 bytes=4800 peak=11716
2026-10-06T11:26:36.341408Z  INFO gamecore_studio::voice: voice audio forwarded session=vs_1a110f724ef84903ef151c1 frame=audio-11 bytes=4800
2026-10-06T11:26:36.427136Z  INFO gamecore_studio::voice: voice audio received session=vs_1a110f724ef84903ef151c1 frame=audio-12 bytes=4800 peak=11719
2026-10-06T11:26:36.427193Z  INFO gamecore_studio::voice: voice audio forwarded session=vs_1a110f724ef84903ef151c1 frame=audio-12 bytes=4800
2026-10-06T11:26:36.433373Z  INFO gamecore_studio::voice: voice provider event session=vs_1a110f724ef84903ef151c1 provider_session=vs_1a110f724ef84903ef151c1 generation=1 event_id=1 event="speech_started"
2026-10-06T11:26:36.511815Z  INFO gamecore_studio::voice: voice audio received session=vs_1a110f724ef84903ef151c1 frame=audio-13 bytes=4800 peak=12806
2026-10-06T11:26:36.511883Z  INFO gamecore_studio::voice: voice audio forwarded session=vs_1a110f724ef84903ef151c1 frame=audio-13 bytes=4800
2026-10-06T11:26:36.640180Z  INFO gamecore_studio::voice: voice audio received session=vs_1a110f724ef84903ef151c1 frame=audio-14 bytes=4800 peak=8271
2026-10-06T11:26:36.640287Z  INFO gamecore_studio::voice: voice audio forwarded session=vs_1a110f724ef84903ef151c1 frame=audio-14 bytes=4800
2026-10-06T11:26:36.725585Z  INFO gamecore_studio::voice: voice audio received session=vs_1a110f724ef84903ef151c1 frame=audio-15 bytes=4800 peak=5943
2026-10-06T11:26:36.725651Z  INFO gamecore_studio::voice: voice audio forwarded session=vs_1a110f724ef84903ef151c1 frame=audio-15 bytes=4800
2026-10-06T11:26:36.810657Z  INFO gamecore_studio::voice: voice audio received session=vs_1a110f724ef84903ef151c1 frame=audio-16 bytes=4800 peak=7059
2026-10-06T11:26:36.810737Z  INFO gamecore_studio::voice: voice audio forwarded session=vs_1a110f724ef84903ef151c1 frame=audio-16 bytes=4800
2026-10-06T11:26:36.939113Z  INFO gamecore_studio::voice: voice audio received session=vs_1a110f724ef84903ef151c1 frame=audio-17 bytes=4800 peak=4240
2026-10-06T11:26:36.939187Z  INFO gamecore_studio::voice: voice audio forwarded session=vs_1a110f724ef84903ef151c1 frame=audio-17 bytes=4800
2026-10-06T11:26:37.024382Z  INFO gamecore_studio::voice: voice audio received session=vs_1a110f724ef84903ef151c1 frame=audio-18 bytes=4800 peak=7446
2026-10-06T11:26:37.024451Z  INFO gamecore_studio::voice: voice audio forwarded session=vs_1a110f724ef84903ef151c1 frame=audio-18 bytes=4800
2026-10-06T11:26:37.111771Z  INFO gamecore_studio::voice: voice audio received session=vs_1a110f724ef84903ef151c1 frame=audio-19 bytes=4800 peak=6419
2026-10-06T11:26:37.111852Z  INFO gamecore_studio::voice: voice audio forwarded session=vs_1a110f724ef84903ef151c1 frame=audio-19 bytes=4800
2026-10-06T11:26:37.237716Z  INFO gamecore_studio::voice: voice audio received session=vs_1a110f724ef84903ef151c1 frame=audio-20 bytes=4800 peak=6239
2026-10-06T11:26:37.237793Z  INFO gamecore_studio::voice: voice audio forwarded session=vs_1a110f724ef84903ef151c1 frame=audio-20 bytes=4800
2026-10-06T11:26:37.322937Z  INFO gamecore_studio::voice: voice audio received session=vs_1a110f724ef84903ef151c1 frame=audio-21 bytes=4800 peak=6051
2026-10-06T11:26:37.323005Z  INFO gamecore_studio::voice: voice audio forwarded session=vs_1a110f724ef84903ef151c1 frame=audio-21 bytes=4800
2026-10-06T11:26:37.408201Z  INFO gamecore_studio::voice: voice audio received session=vs_1a110f724ef84903ef151c1 frame=audio-22 bytes=4800 peak=9865
2026-10-06T11:26:37.408268Z  INFO gamecore_studio::voice: voice audio forwarded session=vs_1a110f724ef84903ef151c1 frame=audio-22 bytes=4800
2026-10-06T11:26:37.536298Z  INFO gamecore_studio::voice: voice audio received session=vs_1a110f724ef84903ef151c1 frame=audio-23 bytes=4800 peak=6143
2026-10-06T11:26:37.536366Z  INFO gamecore_studio::voice: voice audio forwarded session=vs_1a110f724ef84903ef151c1 frame=audio-23 bytes=4800
2026-10-06T11:26:37.621411Z  INFO gamecore_studio::voice: voice audio received session=vs_1a110f724ef84903ef151c1 frame=audio-24 bytes=4800 peak=8612
2026-10-06T11:26:37.621476Z  INFO gamecore_studio::voice: voice audio forwarded session=vs_1a110f724ef84903ef151c1 frame=audio-24 bytes=4800
2026-10-06T11:26:37.706712Z  INFO gamecore_studio::voice: voice audio received session=vs_1a110f724ef84903ef151c1 frame=audio-25 bytes=4800 peak=6959
2026-10-06T11:26:37.706778Z  INFO gamecore_studio::voice: voice audio forwarded session=vs_1a110f724ef84903ef151c1 frame=audio-25 bytes=4800
2026-10-06T11:26:37.835426Z  INFO gamecore_studio::voice: voice audio received session=vs_1a110f724ef84903ef151c1 frame=audio-26 bytes=4800 peak=2118
2026-10-06T11:26:37.835492Z  INFO gamecore_studio::voice: voice audio forwarded session=vs_1a110f724ef84903ef151c1 frame=audio-26 bytes=4800
2026-10-06T11:26:37.898680Z  INFO gamecore_studio::voice: voice audio received session=vs_1a110f724ef84903ef151c1 frame=audio-27 bytes=4800 peak=728
2026-10-06T11:26:37.898755Z  INFO gamecore_studio::voice: voice audio forwarded session=vs_1a110f724ef84903ef151c1 frame=audio-27 bytes=4800
2026-10-06T11:26:38.005299Z  INFO gamecore_studio::voice: voice audio received session=vs_1a110f724ef84903ef151c1 frame=audio-28 bytes=4800 peak=0
2026-10-06T11:26:38.005368Z  INFO gamecore_studio::voice: voice audio forwarded session=vs_1a110f724ef84903ef151c1 frame=audio-28 bytes=4800
2026-10-06T11:26:38.133712Z  INFO gamecore_studio::voice: voice audio received session=vs_1a110f724ef84903ef151c1 frame=audio-29 bytes=4800 peak=0
2026-10-06T11:26:38.133782Z  INFO gamecore_studio::voice: voice audio forwarded session=vs_1a110f724ef84903ef151c1 frame=audio-29 bytes=4800
2026-10-06T11:26:38.219142Z  INFO gamecore_studio::voice: voice audio received session=vs_1a110f724ef84903ef151c1 frame=audio-30 bytes=4800 peak=0
2026-10-06T11:26:38.219219Z  INFO gamecore_studio::voice: voice audio forwarded session=vs_1a110f724ef84903ef151c1 frame=audio-30 bytes=4800
2026-10-06T11:26:38.305309Z  INFO gamecore_studio::voice: voice audio received session=vs_1a110f724ef84903ef151c1 frame=audio-31 bytes=4800 peak=0
2026-10-06T11:26:38.305371Z  INFO gamecore_studio::voice: voice audio forwarded session=vs_1a110f724ef84903ef151c1 frame=audio-31 bytes=4800
2026-10-06T11:26:38.381501Z  INFO gamecore_studio::voice: voice provider event session=vs_1a110f724ef84903ef151c1 provider_session=vs_1a110f724ef84903ef151c1 generation=1 event_id=2 event="speech_ended"
2026-10-06T11:26:38.432651Z  INFO gamecore_studio::voice: voice audio received session=vs_1a110f724ef84903ef151c1 frame=audio-32 bytes=4800 peak=0
2026-10-06T11:26:38.432715Z  INFO gamecore_studio::voice: voice audio forwarded session=vs_1a110f724ef84903ef151c1 frame=audio-32 bytes=4800
2026-10-06T11:26:38.517746Z  INFO gamecore_studio::voice: voice audio received session=vs_1a110f724ef84903ef151c1 frame=audio-33 bytes=4800 peak=0
2026-10-06T11:26:38.517832Z  INFO gamecore_studio::voice: voice audio forwarded session=vs_1a110f724ef84903ef151c1 frame=audio-33 bytes=4800
2026-10-06T11:26:38.601461Z  INFO gamecore_studio::voice: voice provider event session=vs_1a110f724ef84903ef151c1 provider_session=vs_1a110f724ef84903ef151c1 generation=1 event_id=3 event="transcript"
2026-10-06T11:26:38.601493Z  INFO gamecore_studio::voice: voice transcript received session=vs_1a110f724ef84903ef151c1 event_id=3 item=item_ILlnYL6KZbpDZhurOEmwi role=user revision=1 final_revision=true text_bytes=36
2026-10-06T11:26:38.605108Z  INFO gamecore_studio::voice: voice transcript forwarded session=vs_1a110f724ef84903ef151c1 event_id=3 revision=1 final_revision=true delivered=true
2026-10-06T11:26:38.645400Z  INFO gamecore_studio::voice: voice audio received session=vs_1a110f724ef84903ef151c1 frame=audio-34 bytes=4800 peak=0
2026-10-06T11:26:38.645478Z  INFO gamecore_studio::voice: voice audio forwarded session=vs_1a110f724ef84903ef151c1 frame=audio-34 bytes=4800
2026-10-06T11:26:38.709433Z  INFO gamecore_studio::voice: voice audio received session=vs_1a110f724ef84903ef151c1 frame=audio-35 bytes=4800 peak=0
2026-10-06T11:26:38.709501Z  INFO gamecore_studio::voice: voice audio forwarded session=vs_1a110f724ef84903ef151c1 frame=audio-35 bytes=4800
2026-10-06T11:26:38.795150Z  INFO gamecore_studio::voice: voice audio received session=vs_1a110f724ef84903ef151c1 frame=audio-36 bytes=4800 peak=0
2026-10-06T11:26:38.795242Z  INFO gamecore_studio::voice: voice audio forwarded session=vs_1a110f724ef84903ef151c1 frame=audio-36 bytes=4800
2026-10-06T11:26:38.944075Z  INFO gamecore_studio::voice: voice audio received session=vs_1a110f724ef84903ef151c1 frame=audio-37 bytes=4800 peak=0
2026-10-06T11:26:38.944140Z  INFO gamecore_studio::voice: voice audio forwarded session=vs_1a110f724ef84903ef151c1 frame=audio-37 bytes=4800
2026-10-06T11:26:39.008207Z  INFO gamecore_studio::voice: voice audio received session=vs_1a110f724ef84903ef151c1 frame=audio-38 bytes=4800 peak=0
2026-10-06T11:26:39.008272Z  INFO gamecore_studio::voice: voice audio forwarded session=vs_1a110f724ef84903ef151c1 frame=audio-38 bytes=4800
2026-10-06T11:26:39.115126Z  INFO gamecore_studio::voice: voice audio received session=vs_1a110f724ef84903ef151c1 frame=audio-39 bytes=4800 peak=0
2026-10-06T11:26:39.115195Z  INFO gamecore_studio::voice: voice audio forwarded session=vs_1a110f724ef84903ef151c1 frame=audio-39 bytes=4800
2026-10-06T11:26:39.244227Z  INFO gamecore_studio::voice: voice audio received session=vs_1a110f724ef84903ef151c1 frame=audio-40 bytes=4800 peak=0
2026-10-06T11:26:39.244295Z  INFO gamecore_studio::voice: voice audio forwarded session=vs_1a110f724ef84903ef151c1 frame=audio-40 bytes=4800
2026-10-06T11:26:39.328020Z  INFO gamecore_studio::voice: voice audio received session=vs_1a110f724ef84903ef151c1 frame=audio-41 bytes=4800 peak=0
2026-10-06T11:26:39.328089Z  INFO gamecore_studio::voice: voice audio forwarded session=vs_1a110f724ef84903ef151c1 frame=audio-41 bytes=4800
2026-10-06T11:26:39.393140Z  INFO gamecore_studio::voice: voice audio received session=vs_1a110f724ef84903ef151c1 frame=audio-42 bytes=1152 peak=0
2026-10-06T11:26:39.393340Z  INFO gamecore_studio::voice: voice audio forwarded session=vs_1a110f724ef84903ef151c1 frame=audio-42 bytes=1152
2026-10-06T11:26:39.398855Z  INFO gamecore_studio::voice: voice stop received session=vs_1a110f724ef84903ef151c1 chunks=43 audio_bytes=202752 transcripts=1 pending_audio=false
2026-10-06T11:26:39.398867Z  INFO gamecore_studio::voice: voice closing after drain session=vs_1a110f724ef84903ef151c1 provider_events=3
2026-10-06T11:26:39.406789Z  INFO gamecore_studio::voice: voice session closed session=vs_1a110f724ef84903ef151c1 reason=stopped chunks=43 audio_bytes=202752 transcripts=1 provider_events=3
2026-10-06T11:26:39.825917Z  INFO gamecore_studio::voice: voice session open session=vs_1a110f7373ef226390757b5
2026-10-06T11:26:39.989717Z  INFO gamecore_studio::voice: voice audio received session=vs_1a110f7373ef226390757b5 frame=audio-0 bytes=4800 peak=0
2026-10-06T11:26:39.989836Z  INFO gamecore_studio::voice: voice audio forwarded session=vs_1a110f7373ef226390757b5 frame=audio-0 bytes=4800
2026-10-06T11:26:40.075563Z  INFO gamecore_studio::voice: voice audio received session=vs_1a110f7373ef226390757b5 frame=audio-1 bytes=4800 peak=5
2026-10-06T11:26:40.075651Z  INFO gamecore_studio::voice: voice audio forwarded session=vs_1a110f7373ef226390757b5 frame=audio-1 bytes=4800
2026-10-06T11:26:40.203685Z  INFO gamecore_studio::voice: voice audio received session=vs_1a110f7373ef226390757b5 frame=audio-2 bytes=4800 peak=4278
2026-10-06T11:26:40.203763Z  INFO gamecore_studio::voice: voice audio forwarded session=vs_1a110f7373ef226390757b5 frame=audio-2 bytes=4800
2026-10-06T11:26:40.287790Z  INFO gamecore_studio::voice: voice audio received session=vs_1a110f7373ef226390757b5 frame=audio-3 bytes=4800 peak=7987
2026-10-06T11:26:40.287864Z  INFO gamecore_studio::voice: voice audio forwarded session=vs_1a110f7373ef226390757b5 frame=audio-3 bytes=4800
2026-10-06T11:26:40.373172Z  INFO gamecore_studio::voice: voice audio received session=vs_1a110f7373ef226390757b5 frame=audio-4 bytes=4800 peak=4362
2026-10-06T11:26:40.373237Z  INFO gamecore_studio::voice: voice audio forwarded session=vs_1a110f7373ef226390757b5 frame=audio-4 bytes=4800
2026-10-06T11:26:40.501345Z  INFO gamecore_studio::voice: voice audio received session=vs_1a110f7373ef226390757b5 frame=audio-5 bytes=4800 peak=6968
2026-10-06T11:26:40.501404Z  INFO gamecore_studio::voice: voice audio forwarded session=vs_1a110f7373ef226390757b5 frame=audio-5 bytes=4800
2026-10-06T11:26:40.586860Z  INFO gamecore_studio::voice: voice audio received session=vs_1a110f7373ef226390757b5 frame=audio-6 bytes=4800 peak=5735
2026-10-06T11:26:40.586938Z  INFO gamecore_studio::voice: voice audio forwarded session=vs_1a110f7373ef226390757b5 frame=audio-6 bytes=4800
2026-10-06T11:26:40.673050Z  INFO gamecore_studio::voice: voice audio received session=vs_1a110f7373ef226390757b5 frame=audio-7 bytes=4800 peak=3046
2026-10-06T11:26:40.673132Z  INFO gamecore_studio::voice: voice audio forwarded session=vs_1a110f7373ef226390757b5 frame=audio-7 bytes=4800
2026-10-06T11:26:40.799742Z  INFO gamecore_studio::voice: voice audio received session=vs_1a110f7373ef226390757b5 frame=audio-8 bytes=4800 peak=1431
2026-10-06T11:26:40.799798Z  INFO gamecore_studio::voice: voice audio forwarded session=vs_1a110f7373ef226390757b5 frame=audio-8 bytes=4800
2026-10-06T11:26:40.885847Z  INFO gamecore_studio::voice: voice audio received session=vs_1a110f7373ef226390757b5 frame=audio-9 bytes=4800 peak=121
2026-10-06T11:26:40.885905Z  INFO gamecore_studio::voice: voice audio forwarded session=vs_1a110f7373ef226390757b5 frame=audio-9 bytes=4800
2026-10-06T11:26:40.970486Z  INFO gamecore_studio::voice: voice audio received session=vs_1a110f7373ef226390757b5 frame=audio-10 bytes=4800 peak=10002
2026-10-06T11:26:40.970554Z  INFO gamecore_studio::voice: voice audio forwarded session=vs_1a110f7373ef226390757b5 frame=audio-10 bytes=4800
2026-10-06T11:26:41.098529Z  INFO gamecore_studio::voice: voice audio received session=vs_1a110f7373ef226390757b5 frame=audio-11 bytes=4800 peak=10079
2026-10-06T11:26:41.098595Z  INFO gamecore_studio::voice: voice audio forwarded session=vs_1a110f7373ef226390757b5 frame=audio-11 bytes=4800
2026-10-06T11:26:41.184386Z  INFO gamecore_studio::voice: voice audio received session=vs_1a110f7373ef226390757b5 frame=audio-12 bytes=4800 peak=6799
2026-10-06T11:26:41.184468Z  INFO gamecore_studio::voice: voice audio forwarded session=vs_1a110f7373ef226390757b5 frame=audio-12 bytes=4800
2026-10-06T11:26:41.269725Z  INFO gamecore_studio::voice: voice audio received session=vs_1a110f7373ef226390757b5 frame=audio-13 bytes=4800 peak=6470
2026-10-06T11:26:41.269788Z  INFO gamecore_studio::voice: voice audio forwarded session=vs_1a110f7373ef226390757b5 frame=audio-13 bytes=4800
2026-10-06T11:26:41.397340Z  INFO gamecore_studio::voice: voice audio received session=vs_1a110f7373ef226390757b5 frame=audio-14 bytes=4800 peak=10175
2026-10-06T11:26:41.397395Z  INFO gamecore_studio::voice: voice audio forwarded session=vs_1a110f7373ef226390757b5 frame=audio-14 bytes=4800
2026-10-06T11:26:41.483062Z  INFO gamecore_studio::voice: voice audio received session=vs_1a110f7373ef226390757b5 frame=audio-15 bytes=4800 peak=9163
2026-10-06T11:26:41.483105Z  INFO gamecore_studio::voice: voice audio forwarded session=vs_1a110f7373ef226390757b5 frame=audio-15 bytes=4800
2026-10-06T11:26:41.568298Z  INFO gamecore_studio::voice: voice audio received session=vs_1a110f7373ef226390757b5 frame=audio-16 bytes=4800 peak=2837
2026-10-06T11:26:41.568337Z  INFO gamecore_studio::voice: voice audio forwarded session=vs_1a110f7373ef226390757b5 frame=audio-16 bytes=4800
2026-10-06T11:26:41.696016Z  INFO gamecore_studio::voice: voice audio received session=vs_1a110f7373ef226390757b5 frame=audio-17 bytes=4800 peak=5079
2026-10-06T11:26:41.696062Z  INFO gamecore_studio::voice: voice audio forwarded session=vs_1a110f7373ef226390757b5 frame=audio-17 bytes=4800
2026-10-06T11:26:41.783998Z  INFO gamecore_studio::voice: voice audio received session=vs_1a110f7373ef226390757b5 frame=audio-18 bytes=4800 peak=3285
2026-10-06T11:26:41.784042Z  INFO gamecore_studio::voice: voice audio forwarded session=vs_1a110f7373ef226390757b5 frame=audio-18 bytes=4800
2026-10-06T11:26:41.867553Z  INFO gamecore_studio::voice: voice audio received session=vs_1a110f7373ef226390757b5 frame=audio-19 bytes=4800 peak=7016
2026-10-06T11:26:41.867603Z  INFO gamecore_studio::voice: voice audio forwarded session=vs_1a110f7373ef226390757b5 frame=audio-19 bytes=4800
2026-10-06T11:26:41.996108Z  INFO gamecore_studio::voice: voice audio received session=vs_1a110f7373ef226390757b5 frame=audio-20 bytes=4800 peak=7754
2026-10-06T11:26:41.996161Z  INFO gamecore_studio::voice: voice audio forwarded session=vs_1a110f7373ef226390757b5 frame=audio-20 bytes=4800
2026-10-06T11:26:42.093869Z  INFO gamecore_studio::voice: voice audio received session=vs_1a110f7373ef226390757b5 frame=audio-21 bytes=4800 peak=10205
2026-10-06T11:26:42.093918Z  INFO gamecore_studio::voice: voice audio forwarded session=vs_1a110f7373ef226390757b5 frame=audio-21 bytes=4800
2026-10-06T11:26:42.165901Z  INFO gamecore_studio::voice: voice audio received session=vs_1a110f7373ef226390757b5 frame=audio-22 bytes=4800 peak=10276
2026-10-06T11:26:42.165957Z  INFO gamecore_studio::voice: voice audio forwarded session=vs_1a110f7373ef226390757b5 frame=audio-22 bytes=4800
2026-10-06T11:26:42.295650Z  INFO gamecore_studio::voice: voice audio received session=vs_1a110f7373ef226390757b5 frame=audio-23 bytes=4800 peak=10316
2026-10-06T11:26:42.295697Z  INFO gamecore_studio::voice: voice audio forwarded session=vs_1a110f7373ef226390757b5 frame=audio-23 bytes=4800
2026-10-06T11:26:42.378626Z  INFO gamecore_studio::voice: voice audio received session=vs_1a110f7373ef226390757b5 frame=audio-24 bytes=4800 peak=9482
2026-10-06T11:26:42.378670Z  INFO gamecore_studio::voice: voice audio forwarded session=vs_1a110f7373ef226390757b5 frame=audio-24 bytes=4800
2026-10-06T11:26:42.464350Z  INFO gamecore_studio::voice: voice audio received session=vs_1a110f7373ef226390757b5 frame=audio-25 bytes=4800 peak=6115
2026-10-06T11:26:42.464398Z  INFO gamecore_studio::voice: voice audio forwarded session=vs_1a110f7373ef226390757b5 frame=audio-25 bytes=4800
2026-10-06T11:26:42.592028Z  INFO gamecore_studio::voice: voice audio received session=vs_1a110f7373ef226390757b5 frame=audio-26 bytes=4800 peak=2311
2026-10-06T11:26:42.592105Z  INFO gamecore_studio::voice: voice audio forwarded session=vs_1a110f7373ef226390757b5 frame=audio-26 bytes=4800
2026-10-06T11:26:42.677864Z  INFO gamecore_studio::voice: voice audio received session=vs_1a110f7373ef226390757b5 frame=audio-27 bytes=4800 peak=2100
2026-10-06T11:26:42.677974Z  INFO gamecore_studio::voice: voice audio forwarded session=vs_1a110f7373ef226390757b5 frame=audio-27 bytes=4800
2026-10-06T11:26:42.762571Z  INFO gamecore_studio::voice: voice audio received session=vs_1a110f7373ef226390757b5 frame=audio-28 bytes=4800 peak=12
2026-10-06T11:26:42.762639Z  INFO gamecore_studio::voice: voice audio forwarded session=vs_1a110f7373ef226390757b5 frame=audio-28 bytes=4800
2026-10-06T11:26:42.870118Z  INFO gamecore_studio::voice: voice audio received session=vs_1a110f7373ef226390757b5 frame=audio-29 bytes=4800 peak=0
2026-10-06T11:26:42.870191Z  INFO gamecore_studio::voice: voice audio forwarded session=vs_1a110f7373ef226390757b5 frame=audio-29 bytes=4800
2026-10-06T11:26:42.976625Z  INFO gamecore_studio::voice: voice audio received session=vs_1a110f7373ef226390757b5 frame=audio-30 bytes=4800 peak=0
2026-10-06T11:26:42.976701Z  INFO gamecore_studio::voice: voice audio forwarded session=vs_1a110f7373ef226390757b5 frame=audio-30 bytes=4800
2026-10-06T11:26:43.039952Z  INFO gamecore_studio::voice: voice audio received session=vs_1a110f7373ef226390757b5 frame=audio-31 bytes=4800 peak=0
2026-10-06T11:26:43.040018Z  INFO gamecore_studio::voice: voice audio forwarded session=vs_1a110f7373ef226390757b5 frame=audio-31 bytes=4800
2026-10-06T11:26:43.190251Z  INFO gamecore_studio::voice: voice audio received session=vs_1a110f7373ef226390757b5 frame=audio-32 bytes=4800 peak=0
2026-10-06T11:26:43.190332Z  INFO gamecore_studio::voice: voice audio forwarded session=vs_1a110f7373ef226390757b5 frame=audio-32 bytes=4800
2026-10-06T11:26:43.275508Z  INFO gamecore_studio::voice: voice audio received session=vs_1a110f7373ef226390757b5 frame=audio-33 bytes=4800 peak=0
2026-10-06T11:26:43.275584Z  INFO gamecore_studio::voice: voice audio forwarded session=vs_1a110f7373ef226390757b5 frame=audio-33 bytes=4800
2026-10-06T11:26:43.403087Z  INFO gamecore_studio::voice: voice audio received session=vs_1a110f7373ef226390757b5 frame=audio-34 bytes=4800 peak=0
2026-10-06T11:26:43.403154Z  INFO gamecore_studio::voice: voice audio forwarded session=vs_1a110f7373ef226390757b5 frame=audio-34 bytes=4800
2026-10-06T11:26:43.487930Z  INFO gamecore_studio::voice: voice audio received session=vs_1a110f7373ef226390757b5 frame=audio-35 bytes=4800 peak=0
2026-10-06T11:26:43.488000Z  INFO gamecore_studio::voice: voice audio forwarded session=vs_1a110f7373ef226390757b5 frame=audio-35 bytes=4800
2026-10-06T11:26:43.573257Z  INFO gamecore_studio::voice: voice audio received session=vs_1a110f7373ef226390757b5 frame=audio-36 bytes=4800 peak=0
2026-10-06T11:26:43.573322Z  INFO gamecore_studio::voice: voice audio forwarded session=vs_1a110f7373ef226390757b5 frame=audio-36 bytes=4800
2026-10-06T11:26:43.702394Z  INFO gamecore_studio::voice: voice audio received session=vs_1a110f7373ef226390757b5 frame=audio-37 bytes=4800 peak=0
2026-10-06T11:26:43.702470Z  INFO gamecore_studio::voice: voice audio forwarded session=vs_1a110f7373ef226390757b5 frame=audio-37 bytes=4800
2026-10-06T11:26:43.786625Z  INFO gamecore_studio::voice: voice audio received session=vs_1a110f7373ef226390757b5 frame=audio-38 bytes=4800 peak=0
2026-10-06T11:26:43.786698Z  INFO gamecore_studio::voice: voice audio forwarded session=vs_1a110f7373ef226390757b5 frame=audio-38 bytes=4800
2026-10-06T11:26:43.851392Z  INFO gamecore_studio::voice: voice audio received session=vs_1a110f7373ef226390757b5 frame=audio-39 bytes=4800 peak=0
2026-10-06T11:26:43.851475Z  INFO gamecore_studio::voice: voice audio forwarded session=vs_1a110f7373ef226390757b5 frame=audio-39 bytes=4800
2026-10-06T11:26:43.978887Z  INFO gamecore_studio::voice: voice audio received session=vs_1a110f7373ef226390757b5 frame=audio-40 bytes=4800 peak=0
2026-10-06T11:26:43.978968Z  INFO gamecore_studio::voice: voice audio forwarded session=vs_1a110f7373ef226390757b5 frame=audio-40 bytes=4800
2026-10-06T11:26:44.085674Z  INFO gamecore_studio::voice: voice audio received session=vs_1a110f7373ef226390757b5 frame=audio-41 bytes=4800 peak=0
2026-10-06T11:26:44.085745Z  INFO gamecore_studio::voice: voice audio forwarded session=vs_1a110f7373ef226390757b5 frame=audio-41 bytes=4800
2026-10-06T11:26:44.171222Z  INFO gamecore_studio::voice: voice audio received session=vs_1a110f7373ef226390757b5 frame=audio-42 bytes=4800 peak=0
2026-10-06T11:26:44.171300Z  INFO gamecore_studio::voice: voice audio forwarded session=vs_1a110f7373ef226390757b5 frame=audio-42 bytes=4800
2026-10-06T11:26:44.192051Z  INFO gamecore_studio::voice: voice audio received session=vs_1a110f7373ef226390757b5 frame=audio-43 bytes=448 peak=0
2026-10-06T11:26:44.192135Z  INFO gamecore_studio::voice: voice audio forwarded session=vs_1a110f7373ef226390757b5 frame=audio-43 bytes=448
2026-10-06T11:26:44.192216Z  INFO gamecore_studio::voice: voice stop received session=vs_1a110f7373ef226390757b5 chunks=44 audio_bytes=206848 transcripts=0 pending_audio=true
2026-10-06T11:26:44.192261Z  INFO gamecore_studio::voice: voice input committed session=vs_1a110f7373ef226390757b5 command="commit-stop"
2026-10-06T11:26:44.247689Z  INFO gamecore_studio::voice: voice provider event session=vs_1a110f7373ef226390757b5 provider_session=vs_1a110f7373ef226390757b5 generation=1 event_id=1 event="control_applied"
2026-10-06T11:26:44.459571Z  INFO gamecore_studio::voice: voice provider event session=vs_1a110f7373ef226390757b5 provider_session=vs_1a110f7373ef226390757b5 generation=1 event_id=2 event="transcript"
2026-10-06T11:26:44.459603Z  INFO gamecore_studio::voice: voice transcript received session=vs_1a110f7373ef226390757b5 event_id=2 item=item_Ne1TowofB9MlIrn1Q5Zrk role=user revision=1 final_revision=true text_bytes=32
2026-10-06T11:26:44.462548Z  INFO gamecore_studio::voice: voice transcript forwarded session=vs_1a110f7373ef226390757b5 event_id=2 revision=1 final_revision=true delivered=true
2026-10-06T11:26:52.192854Z  INFO gamecore_studio::voice: voice closing after drain session=vs_1a110f7373ef226390757b5 provider_events=2
2026-10-06T11:26:52.218886Z  INFO gamecore_studio::voice: voice session closed session=vs_1a110f7373ef226390757b5 reason=stopped chunks=44 audio_bytes=206848 transcripts=1 provider_events=2
2026-10-06T11:30:07.012652Z  WARN gamecore_studio::voice: voice session refused provider=studio-voice code=bad_response
2026-10-06T11:31:18.739230Z  INFO gamecore_studio::voice: voice session open session=vs_1a110fb792826257a5a66d5
2026-10-06T11:31:19.358662Z  INFO gamecore_studio::voice: voice audio received session=vs_1a110fb792826257a5a66d5 frame=audio-0 bytes=4800 peak=0
2026-10-06T11:31:19.358734Z  INFO gamecore_studio::voice: voice audio forwarded session=vs_1a110fb792826257a5a66d5 frame=audio-0 bytes=4800
2026-10-06T11:31:19.399275Z  INFO gamecore_studio::voice: voice audio received session=vs_1a110fb792826257a5a66d5 frame=audio-1 bytes=4800 peak=0
2026-10-06T11:31:19.399429Z  INFO gamecore_studio::voice: voice audio forwarded session=vs_1a110fb792826257a5a66d5 frame=audio-1 bytes=4800
2026-10-06T11:31:19.470901Z  INFO gamecore_studio::voice: voice audio received session=vs_1a110fb792826257a5a66d5 frame=audio-2 bytes=4800 peak=0
2026-10-06T11:31:19.471023Z  INFO gamecore_studio::voice: voice audio forwarded session=vs_1a110fb792826257a5a66d5 frame=audio-2 bytes=4800
2026-10-06T11:31:19.559625Z  INFO gamecore_studio::voice: voice audio received session=vs_1a110fb792826257a5a66d5 frame=audio-3 bytes=4800 peak=0
2026-10-06T11:31:19.559771Z  INFO gamecore_studio::voice: voice audio forwarded session=vs_1a110fb792826257a5a66d5 frame=audio-3 bytes=4800
2026-10-06T11:31:19.656467Z  INFO gamecore_studio::voice: voice audio received session=vs_1a110fb792826257a5a66d5 frame=audio-4 bytes=4800 peak=0
2026-10-06T11:31:19.656561Z  INFO gamecore_studio::voice: voice audio forwarded session=vs_1a110fb792826257a5a66d5 frame=audio-4 bytes=4800
2026-10-06T11:31:19.759710Z  INFO gamecore_studio::voice: voice audio received session=vs_1a110fb792826257a5a66d5 frame=audio-5 bytes=4800 peak=0
2026-10-06T11:31:19.759966Z  INFO gamecore_studio::voice: voice audio forwarded session=vs_1a110fb792826257a5a66d5 frame=audio-5 bytes=4800
2026-10-06T11:31:19.859054Z  INFO gamecore_studio::voice: voice audio received session=vs_1a110fb792826257a5a66d5 frame=audio-6 bytes=4800 peak=0
2026-10-06T11:31:19.859241Z  INFO gamecore_studio::voice: voice audio forwarded session=vs_1a110fb792826257a5a66d5 frame=audio-6 bytes=4800
2026-10-06T11:31:19.957118Z  INFO gamecore_studio::voice: voice audio received session=vs_1a110fb792826257a5a66d5 frame=audio-7 bytes=4800 peak=0
2026-10-06T11:31:19.957245Z  INFO gamecore_studio::voice: voice audio forwarded session=vs_1a110fb792826257a5a66d5 frame=audio-7 bytes=4800
2026-10-06T11:31:20.058409Z  INFO gamecore_studio::voice: voice audio received session=vs_1a110fb792826257a5a66d5 frame=audio-8 bytes=4800 peak=0
2026-10-06T11:31:20.058589Z  INFO gamecore_studio::voice: voice audio forwarded session=vs_1a110fb792826257a5a66d5 frame=audio-8 bytes=4800
2026-10-06T11:31:20.157742Z  INFO gamecore_studio::voice: voice audio received session=vs_1a110fb792826257a5a66d5 frame=audio-9 bytes=4800 peak=0
2026-10-06T11:31:20.157997Z  INFO gamecore_studio::voice: voice audio forwarded session=vs_1a110fb792826257a5a66d5 frame=audio-9 bytes=4800
2026-10-06T11:31:20.256293Z  INFO gamecore_studio::voice: voice audio received session=vs_1a110fb792826257a5a66d5 frame=audio-10 bytes=4800 peak=0
2026-10-06T11:31:20.256498Z  INFO gamecore_studio::voice: voice audio forwarded session=vs_1a110fb792826257a5a66d5 frame=audio-10 bytes=4800
2026-10-06T11:31:20.360192Z  INFO gamecore_studio::voice: voice audio received session=vs_1a110fb792826257a5a66d5 frame=audio-11 bytes=4800 peak=0
2026-10-06T11:31:20.360390Z  INFO gamecore_studio::voice: voice audio forwarded session=vs_1a110fb792826257a5a66d5 frame=audio-11 bytes=4800
2026-10-06T11:31:20.458448Z  INFO gamecore_studio::voice: voice audio received session=vs_1a110fb792826257a5a66d5 frame=audio-12 bytes=4800 peak=0
2026-10-06T11:31:20.458661Z  INFO gamecore_studio::voice: voice audio forwarded session=vs_1a110fb792826257a5a66d5 frame=audio-12 bytes=4800
2026-10-06T11:31:20.558376Z  INFO gamecore_studio::voice: voice audio received session=vs_1a110fb792826257a5a66d5 frame=audio-13 bytes=4800 peak=0
2026-10-06T11:31:20.558497Z  INFO gamecore_studio::voice: voice audio forwarded session=vs_1a110fb792826257a5a66d5 frame=audio-13 bytes=4800
2026-10-06T11:31:20.657333Z  INFO gamecore_studio::voice: voice audio received session=vs_1a110fb792826257a5a66d5 frame=audio-14 bytes=4800 peak=0
2026-10-06T11:31:20.657613Z  INFO gamecore_studio::voice: voice audio forwarded session=vs_1a110fb792826257a5a66d5 frame=audio-14 bytes=4800
2026-10-06T11:31:20.757411Z  INFO gamecore_studio::voice: voice audio received session=vs_1a110fb792826257a5a66d5 frame=audio-15 bytes=4800 peak=0
2026-10-06T11:31:20.757611Z  INFO gamecore_studio::voice: voice audio forwarded session=vs_1a110fb792826257a5a66d5 frame=audio-15 bytes=4800
2026-10-06T11:31:20.853726Z  INFO gamecore_studio::voice: voice audio received session=vs_1a110fb792826257a5a66d5 frame=audio-16 bytes=4800 peak=0
2026-10-06T11:31:20.853864Z  INFO gamecore_studio::voice: voice audio forwarded session=vs_1a110fb792826257a5a66d5 frame=audio-16 bytes=4800
2026-10-06T11:31:20.952240Z  INFO gamecore_studio::voice: voice audio received session=vs_1a110fb792826257a5a66d5 frame=audio-17 bytes=4800 peak=0
2026-10-06T11:31:20.952302Z  INFO gamecore_studio::voice: voice audio forwarded session=vs_1a110fb792826257a5a66d5 frame=audio-17 bytes=4800
2026-10-06T11:31:21.055499Z  INFO gamecore_studio::voice: voice audio received session=vs_1a110fb792826257a5a66d5 frame=audio-18 bytes=4800 peak=0
2026-10-06T11:31:21.055552Z  INFO gamecore_studio::voice: voice audio forwarded session=vs_1a110fb792826257a5a66d5 frame=audio-18 bytes=4800
2026-10-06T11:31:21.266014Z  INFO gamecore_studio::voice: voice audio received session=vs_1a110fb792826257a5a66d5 frame=audio-19 bytes=4800 peak=0
2026-10-06T11:31:21.266094Z  INFO gamecore_studio::voice: voice audio forwarded session=vs_1a110fb792826257a5a66d5 frame=audio-19 bytes=4800
2026-10-06T11:31:21.266314Z  INFO gamecore_studio::voice: voice audio received session=vs_1a110fb792826257a5a66d5 frame=audio-20 bytes=4800 peak=0
2026-10-06T11:31:21.266356Z  INFO gamecore_studio::voice: voice audio forwarded session=vs_1a110fb792826257a5a66d5 frame=audio-20 bytes=4800
2026-10-06T11:31:21.378746Z  INFO gamecore_studio::voice: voice audio received session=vs_1a110fb792826257a5a66d5 frame=audio-21 bytes=4800 peak=0
2026-10-06T11:31:21.379095Z  INFO gamecore_studio::voice: voice audio forwarded session=vs_1a110fb792826257a5a66d5 frame=audio-21 bytes=4800
2026-10-06T11:31:21.482385Z  INFO gamecore_studio::voice: voice audio received session=vs_1a110fb792826257a5a66d5 frame=audio-22 bytes=4800 peak=0
2026-10-06T11:31:21.482599Z  INFO gamecore_studio::voice: voice audio forwarded session=vs_1a110fb792826257a5a66d5 frame=audio-22 bytes=4800
2026-10-06T11:31:21.583443Z  INFO gamecore_studio::voice: voice audio received session=vs_1a110fb792826257a5a66d5 frame=audio-23 bytes=4800 peak=0
2026-10-06T11:31:21.583601Z  INFO gamecore_studio::voice: voice audio forwarded session=vs_1a110fb792826257a5a66d5 frame=audio-23 bytes=4800
2026-10-06T11:31:21.674327Z  INFO gamecore_studio::voice: voice audio received session=vs_1a110fb792826257a5a66d5 frame=audio-24 bytes=4800 peak=0
2026-10-06T11:31:21.674385Z  INFO gamecore_studio::voice: voice audio forwarded session=vs_1a110fb792826257a5a66d5 frame=audio-24 bytes=4800
2026-10-06T11:31:21.773760Z  INFO gamecore_studio::voice: voice audio received session=vs_1a110fb792826257a5a66d5 frame=audio-25 bytes=4800 peak=0
2026-10-06T11:31:21.773812Z  INFO gamecore_studio::voice: voice audio forwarded session=vs_1a110fb792826257a5a66d5 frame=audio-25 bytes=4800
2026-10-06T11:31:21.873242Z  INFO gamecore_studio::voice: voice audio received session=vs_1a110fb792826257a5a66d5 frame=audio-26 bytes=4800 peak=0
2026-10-06T11:31:21.873297Z  INFO gamecore_studio::voice: voice audio forwarded session=vs_1a110fb792826257a5a66d5 frame=audio-26 bytes=4800
2026-10-06T11:31:21.973029Z  INFO gamecore_studio::voice: voice audio received session=vs_1a110fb792826257a5a66d5 frame=audio-27 bytes=4800 peak=0
2026-10-06T11:31:21.973091Z  INFO gamecore_studio::voice: voice audio forwarded session=vs_1a110fb792826257a5a66d5 frame=audio-27 bytes=4800
2026-10-06T11:31:22.073463Z  INFO gamecore_studio::voice: voice audio received session=vs_1a110fb792826257a5a66d5 frame=audio-28 bytes=4800 peak=0
2026-10-06T11:31:22.073524Z  INFO gamecore_studio::voice: voice audio forwarded session=vs_1a110fb792826257a5a66d5 frame=audio-28 bytes=4800
2026-10-06T11:31:22.171885Z  INFO gamecore_studio::voice: voice audio received session=vs_1a110fb792826257a5a66d5 frame=audio-29 bytes=4800 peak=0
2026-10-06T11:31:22.171922Z  INFO gamecore_studio::voice: voice audio forwarded session=vs_1a110fb792826257a5a66d5 frame=audio-29 bytes=4800
2026-10-06T11:31:22.272421Z  INFO gamecore_studio::voice: voice audio received session=vs_1a110fb792826257a5a66d5 frame=audio-30 bytes=4800 peak=0
2026-10-06T11:31:22.272467Z  INFO gamecore_studio::voice: voice audio forwarded session=vs_1a110fb792826257a5a66d5 frame=audio-30 bytes=4800
2026-10-06T11:31:22.371389Z  INFO gamecore_studio::voice: voice audio received session=vs_1a110fb792826257a5a66d5 frame=audio-31 bytes=4800 peak=0
2026-10-06T11:31:22.371433Z  INFO gamecore_studio::voice: voice audio forwarded session=vs_1a110fb792826257a5a66d5 frame=audio-31 bytes=4800
2026-10-06T11:31:22.470727Z  INFO gamecore_studio::voice: voice audio received session=vs_1a110fb792826257a5a66d5 frame=audio-32 bytes=4800 peak=0
2026-10-06T11:31:22.470769Z  INFO gamecore_studio::voice: voice audio forwarded session=vs_1a110fb792826257a5a66d5 frame=audio-32 bytes=4800
2026-10-06T11:31:22.570548Z  INFO gamecore_studio::voice: voice audio received session=vs_1a110fb792826257a5a66d5 frame=audio-33 bytes=4800 peak=0
2026-10-06T11:31:22.570591Z  INFO gamecore_studio::voice: voice audio forwarded session=vs_1a110fb792826257a5a66d5 frame=audio-33 bytes=4800
2026-10-06T11:31:22.671804Z  INFO gamecore_studio::voice: voice audio received session=vs_1a110fb792826257a5a66d5 frame=audio-34 bytes=4800 peak=0
2026-10-06T11:31:22.671858Z  INFO gamecore_studio::voice: voice audio forwarded session=vs_1a110fb792826257a5a66d5 frame=audio-34 bytes=4800
2026-10-06T11:31:22.770027Z  INFO gamecore_studio::voice: voice audio received session=vs_1a110fb792826257a5a66d5 frame=audio-35 bytes=4800 peak=0
2026-10-06T11:31:22.770071Z  INFO gamecore_studio::voice: voice audio forwarded session=vs_1a110fb792826257a5a66d5 frame=audio-35 bytes=4800
2026-10-06T11:31:22.870001Z  INFO gamecore_studio::voice: voice audio received session=vs_1a110fb792826257a5a66d5 frame=audio-36 bytes=4800 peak=0
2026-10-06T11:31:22.870045Z  INFO gamecore_studio::voice: voice audio forwarded session=vs_1a110fb792826257a5a66d5 frame=audio-36 bytes=4800
2026-10-06T11:31:22.969794Z  INFO gamecore_studio::voice: voice audio received session=vs_1a110fb792826257a5a66d5 frame=audio-37 bytes=4800 peak=0
2026-10-06T11:31:22.969843Z  INFO gamecore_studio::voice: voice audio forwarded session=vs_1a110fb792826257a5a66d5 frame=audio-37 bytes=4800
2026-10-06T11:31:23.070650Z  INFO gamecore_studio::voice: voice audio received session=vs_1a110fb792826257a5a66d5 frame=audio-38 bytes=4800 peak=0
2026-10-06T11:31:23.070712Z  INFO gamecore_studio::voice: voice audio forwarded session=vs_1a110fb792826257a5a66d5 frame=audio-38 bytes=4800
2026-10-06T11:31:23.273401Z  INFO gamecore_studio::voice: voice audio received session=vs_1a110fb792826257a5a66d5 frame=audio-39 bytes=4800 peak=0
2026-10-06T11:31:23.273456Z  INFO gamecore_studio::voice: voice audio forwarded session=vs_1a110fb792826257a5a66d5 frame=audio-39 bytes=4800
2026-10-06T11:31:23.273602Z  INFO gamecore_studio::voice: voice audio received session=vs_1a110fb792826257a5a66d5 frame=audio-40 bytes=4800 peak=0
2026-10-06T11:31:23.273622Z  INFO gamecore_studio::voice: voice audio forwarded session=vs_1a110fb792826257a5a66d5 frame=audio-40 bytes=4800
2026-10-06T11:31:23.382572Z  INFO gamecore_studio::voice: voice audio received session=vs_1a110fb792826257a5a66d5 frame=audio-41 bytes=4800 peak=0
2026-10-06T11:31:23.382638Z  INFO gamecore_studio::voice: voice audio forwarded session=vs_1a110fb792826257a5a66d5 frame=audio-41 bytes=4800
2026-10-06T11:31:23.482500Z  INFO gamecore_studio::voice: voice audio received session=vs_1a110fb792826257a5a66d5 frame=audio-42 bytes=4800 peak=0
2026-10-06T11:31:23.482547Z  INFO gamecore_studio::voice: voice audio forwarded session=vs_1a110fb792826257a5a66d5 frame=audio-42 bytes=4800
2026-10-06T11:31:23.582943Z  INFO gamecore_studio::voice: voice audio received session=vs_1a110fb792826257a5a66d5 frame=audio-43 bytes=4800 peak=0
2026-10-06T11:31:23.583012Z  INFO gamecore_studio::voice: voice audio forwarded session=vs_1a110fb792826257a5a66d5 frame=audio-43 bytes=4800
2026-10-06T11:31:23.681859Z  INFO gamecore_studio::voice: voice audio received session=vs_1a110fb792826257a5a66d5 frame=audio-44 bytes=4800 peak=0
2026-10-06T11:31:23.681918Z  INFO gamecore_studio::voice: voice audio forwarded session=vs_1a110fb792826257a5a66d5 frame=audio-44 bytes=4800
2026-10-06T11:31:23.780545Z  INFO gamecore_studio::voice: voice audio received session=vs_1a110fb792826257a5a66d5 frame=audio-45 bytes=4800 peak=0
2026-10-06T11:31:23.780598Z  INFO gamecore_studio::voice: voice audio forwarded session=vs_1a110fb792826257a5a66d5 frame=audio-45 bytes=4800
2026-10-06T11:31:23.880804Z  INFO gamecore_studio::voice: voice audio received session=vs_1a110fb792826257a5a66d5 frame=audio-46 bytes=4800 peak=0
2026-10-06T11:31:23.880884Z  INFO gamecore_studio::voice: voice audio forwarded session=vs_1a110fb792826257a5a66d5 frame=audio-46 bytes=4800
2026-10-06T11:31:23.979677Z  INFO gamecore_studio::voice: voice audio received session=vs_1a110fb792826257a5a66d5 frame=audio-47 bytes=4800 peak=0
2026-10-06T11:31:23.979757Z  INFO gamecore_studio::voice: voice audio forwarded session=vs_1a110fb792826257a5a66d5 frame=audio-47 bytes=4800
2026-10-06T11:31:24.078616Z  INFO gamecore_studio::voice: voice audio received session=vs_1a110fb792826257a5a66d5 frame=audio-48 bytes=4800 peak=0
2026-10-06T11:31:24.078675Z  INFO gamecore_studio::voice: voice audio forwarded session=vs_1a110fb792826257a5a66d5 frame=audio-48 bytes=4800
2026-10-06T11:31:24.177844Z  INFO gamecore_studio::voice: voice audio received session=vs_1a110fb792826257a5a66d5 frame=audio-49 bytes=4800 peak=0
2026-10-06T11:31:24.177890Z  INFO gamecore_studio::voice: voice audio forwarded session=vs_1a110fb792826257a5a66d5 frame=audio-49 bytes=4800
2026-10-06T11:31:24.277708Z  INFO gamecore_studio::voice: voice audio received session=vs_1a110fb792826257a5a66d5 frame=audio-50 bytes=4800 peak=0
2026-10-06T11:31:24.277746Z  INFO gamecore_studio::voice: voice audio forwarded session=vs_1a110fb792826257a5a66d5 frame=audio-50 bytes=4800
2026-10-06T11:31:24.377330Z  INFO gamecore_studio::voice: voice audio received session=vs_1a110fb792826257a5a66d5 frame=audio-51 bytes=4800 peak=0
2026-10-06T11:31:24.377373Z  INFO gamecore_studio::voice: voice audio forwarded session=vs_1a110fb792826257a5a66d5 frame=audio-51 bytes=4800
2026-10-06T11:31:24.477625Z  INFO gamecore_studio::voice: voice audio received session=vs_1a110fb792826257a5a66d5 frame=audio-52 bytes=4800 peak=0
2026-10-06T11:31:24.477671Z  INFO gamecore_studio::voice: voice audio forwarded session=vs_1a110fb792826257a5a66d5 frame=audio-52 bytes=4800
2026-10-06T11:31:24.576519Z  INFO gamecore_studio::voice: voice audio received session=vs_1a110fb792826257a5a66d5 frame=audio-53 bytes=4800 peak=0
2026-10-06T11:31:24.576573Z  INFO gamecore_studio::voice: voice audio forwarded session=vs_1a110fb792826257a5a66d5 frame=audio-53 bytes=4800
2026-10-06T11:31:24.677090Z  INFO gamecore_studio::voice: voice audio received session=vs_1a110fb792826257a5a66d5 frame=audio-54 bytes=4800 peak=0
2026-10-06T11:31:24.677153Z  INFO gamecore_studio::voice: voice audio forwarded session=vs_1a110fb792826257a5a66d5 frame=audio-54 bytes=4800
2026-10-06T11:31:24.776068Z  INFO gamecore_studio::voice: voice audio received session=vs_1a110fb792826257a5a66d5 frame=audio-55 bytes=4800 peak=0
2026-10-06T11:31:24.776115Z  INFO gamecore_studio::voice: voice audio forwarded session=vs_1a110fb792826257a5a66d5 frame=audio-55 bytes=4800
2026-10-06T11:31:24.875071Z  INFO gamecore_studio::voice: voice audio received session=vs_1a110fb792826257a5a66d5 frame=audio-56 bytes=4800 peak=0
2026-10-06T11:31:24.875113Z  INFO gamecore_studio::voice: voice audio forwarded session=vs_1a110fb792826257a5a66d5 frame=audio-56 bytes=4800
2026-10-06T11:31:24.974929Z  INFO gamecore_studio::voice: voice audio received session=vs_1a110fb792826257a5a66d5 frame=audio-57 bytes=4800 peak=0
2026-10-06T11:31:24.974993Z  INFO gamecore_studio::voice: voice audio forwarded session=vs_1a110fb792826257a5a66d5 frame=audio-57 bytes=4800
2026-10-06T11:31:25.075060Z  INFO gamecore_studio::voice: voice audio received session=vs_1a110fb792826257a5a66d5 frame=audio-58 bytes=4800 peak=0
2026-10-06T11:31:25.075125Z  INFO gamecore_studio::voice: voice audio forwarded session=vs_1a110fb792826257a5a66d5 frame=audio-58 bytes=4800
2026-10-06T11:31:25.283648Z  INFO gamecore_studio::voice: voice audio received session=vs_1a110fb792826257a5a66d5 frame=audio-59 bytes=4800 peak=0
2026-10-06T11:31:25.283733Z  INFO gamecore_studio::voice: voice audio forwarded session=vs_1a110fb792826257a5a66d5 frame=audio-59 bytes=4800
2026-10-06T11:31:25.283884Z  INFO gamecore_studio::voice: voice audio received session=vs_1a110fb792826257a5a66d5 frame=audio-60 bytes=4800 peak=0
2026-10-06T11:31:25.283950Z  INFO gamecore_studio::voice: voice audio forwarded session=vs_1a110fb792826257a5a66d5 frame=audio-60 bytes=4800
2026-10-06T11:31:25.398189Z  INFO gamecore_studio::voice: voice audio received session=vs_1a110fb792826257a5a66d5 frame=audio-61 bytes=4800 peak=0
2026-10-06T11:31:25.398280Z  INFO gamecore_studio::voice: voice audio forwarded session=vs_1a110fb792826257a5a66d5 frame=audio-61 bytes=4800
2026-10-06T11:31:25.498230Z  INFO gamecore_studio::voice: voice audio received session=vs_1a110fb792826257a5a66d5 frame=audio-62 bytes=4800 peak=0
2026-10-06T11:31:25.498311Z  INFO gamecore_studio::voice: voice audio forwarded session=vs_1a110fb792826257a5a66d5 frame=audio-62 bytes=4800
2026-10-06T11:31:25.498435Z  INFO gamecore_studio::voice: voice audio received session=vs_1a110fb792826257a5a66d5 frame=audio-63 bytes=4800 peak=0
2026-10-06T11:31:25.498481Z  INFO gamecore_studio::voice: voice audio forwarded session=vs_1a110fb792826257a5a66d5 frame=audio-63 bytes=4800
2026-10-06T11:31:25.697447Z  INFO gamecore_studio::voice: voice audio received session=vs_1a110fb792826257a5a66d5 frame=audio-64 bytes=4800 peak=0
2026-10-06T11:31:25.697500Z  INFO gamecore_studio::voice: voice audio forwarded session=vs_1a110fb792826257a5a66d5 frame=audio-64 bytes=4800
2026-10-06T11:31:26.012627Z  INFO gamecore_studio::voice: voice audio received session=vs_1a110fb792826257a5a66d5 frame=audio-65 bytes=4800 peak=0
2026-10-06T11:31:26.012684Z  INFO gamecore_studio::voice: voice audio forwarded session=vs_1a110fb792826257a5a66d5 frame=audio-65 bytes=4800
2026-10-06T11:31:26.012707Z  INFO gamecore_studio::voice: voice audio received session=vs_1a110fb792826257a5a66d5 frame=audio-66 bytes=4800 peak=0
2026-10-06T11:31:26.012727Z  INFO gamecore_studio::voice: voice audio forwarded session=vs_1a110fb792826257a5a66d5 frame=audio-66 bytes=4800
2026-10-06T11:31:26.012791Z  INFO gamecore_studio::voice: voice audio received session=vs_1a110fb792826257a5a66d5 frame=audio-67 bytes=4800 peak=0
2026-10-06T11:31:26.012808Z  INFO gamecore_studio::voice: voice audio forwarded session=vs_1a110fb792826257a5a66d5 frame=audio-67 bytes=4800
2026-10-06T11:31:26.012930Z  INFO gamecore_studio::voice: voice audio received session=vs_1a110fb792826257a5a66d5 frame=audio-68 bytes=4800 peak=0
2026-10-06T11:31:26.012949Z  INFO gamecore_studio::voice: voice audio forwarded session=vs_1a110fb792826257a5a66d5 frame=audio-68 bytes=4800
2026-10-06T11:31:26.033342Z  INFO gamecore_studio::voice: voice audio received session=vs_1a110fb792826257a5a66d5 frame=audio-69 bytes=576 peak=0
2026-10-06T11:31:26.033373Z  INFO gamecore_studio::voice: voice audio forwarded session=vs_1a110fb792826257a5a66d5 frame=audio-69 bytes=576
2026-10-06T11:31:26.034677Z  INFO gamecore_studio::voice: voice stop received session=vs_1a110fb792826257a5a66d5 chunks=70 audio_bytes=331776 transcripts=0 pending_audio=false
2026-10-06T11:31:26.034697Z  INFO gamecore_studio::voice: voice input committed session=vs_1a110fb792826257a5a66d5 command="commit-stop"
2026-10-06T11:31:26.092207Z  INFO gamecore_studio::voice: voice provider event session=vs_1a110fb792826257a5a66d5 provider_session=vs_1a110fb792826257a5a66d5 generation=1 event_id=1 event="control_applied"
2026-10-06T11:31:34.035847Z  INFO gamecore_studio::voice: voice closing after drain session=vs_1a110fb792826257a5a66d5 provider_events=1
2026-10-06T11:31:34.044761Z  INFO gamecore_studio::voice: voice session closed session=vs_1a110fb792826257a5a66d5 reason=transcript drain timed out chunks=70 audio_bytes=331776 transcripts=0 provider_events=1
2026-10-06T11:32:41.682157Z  INFO gamecore_studio::voice: voice session open session=vs_1a110fcbd16257c5347b4ba
2026-10-06T11:32:42.259059Z  INFO gamecore_studio::voice: voice audio received session=vs_1a110fcbd16257c5347b4ba frame=audio-0 bytes=4800 peak=0
2026-10-06T11:32:42.259146Z  INFO gamecore_studio::voice: voice audio forwarded session=vs_1a110fcbd16257c5347b4ba frame=audio-0 bytes=4800
2026-10-06T11:32:42.300005Z  INFO gamecore_studio::voice: voice audio received session=vs_1a110fcbd16257c5347b4ba frame=audio-1 bytes=4800 peak=0
2026-10-06T11:32:42.300094Z  INFO gamecore_studio::voice: voice audio forwarded session=vs_1a110fcbd16257c5347b4ba frame=audio-1 bytes=4800
2026-10-06T11:32:42.359679Z  INFO gamecore_studio::voice: voice audio received session=vs_1a110fcbd16257c5347b4ba frame=audio-2 bytes=4800 peak=0
2026-10-06T11:32:42.359772Z  INFO gamecore_studio::voice: voice audio forwarded session=vs_1a110fcbd16257c5347b4ba frame=audio-2 bytes=4800
2026-10-06T11:32:42.458050Z  INFO gamecore_studio::voice: voice audio received session=vs_1a110fcbd16257c5347b4ba frame=audio-3 bytes=4800 peak=0
2026-10-06T11:32:42.458146Z  INFO gamecore_studio::voice: voice audio forwarded session=vs_1a110fcbd16257c5347b4ba frame=audio-3 bytes=4800
2026-10-06T11:32:42.558468Z  INFO gamecore_studio::voice: voice audio received session=vs_1a110fcbd16257c5347b4ba frame=audio-4 bytes=4800 peak=0
2026-10-06T11:32:42.558526Z  INFO gamecore_studio::voice: voice audio forwarded session=vs_1a110fcbd16257c5347b4ba frame=audio-4 bytes=4800
2026-10-06T11:32:42.657636Z  INFO gamecore_studio::voice: voice audio received session=vs_1a110fcbd16257c5347b4ba frame=audio-5 bytes=4800 peak=0
2026-10-06T11:32:42.657692Z  INFO gamecore_studio::voice: voice audio forwarded session=vs_1a110fcbd16257c5347b4ba frame=audio-5 bytes=4800
2026-10-06T11:32:42.757087Z  INFO gamecore_studio::voice: voice audio received session=vs_1a110fcbd16257c5347b4ba frame=audio-6 bytes=4800 peak=0
2026-10-06T11:32:42.757138Z  INFO gamecore_studio::voice: voice audio forwarded session=vs_1a110fcbd16257c5347b4ba frame=audio-6 bytes=4800
2026-10-06T11:32:42.856873Z  INFO gamecore_studio::voice: voice audio received session=vs_1a110fcbd16257c5347b4ba frame=audio-7 bytes=4800 peak=0
2026-10-06T11:32:42.856940Z  INFO gamecore_studio::voice: voice audio forwarded session=vs_1a110fcbd16257c5347b4ba frame=audio-7 bytes=4800
2026-10-06T11:32:42.956529Z  INFO gamecore_studio::voice: voice audio received session=vs_1a110fcbd16257c5347b4ba frame=audio-8 bytes=4800 peak=0
2026-10-06T11:32:42.956585Z  INFO gamecore_studio::voice: voice audio forwarded session=vs_1a110fcbd16257c5347b4ba frame=audio-8 bytes=4800
2026-10-06T11:32:43.055609Z  INFO gamecore_studio::voice: voice audio received session=vs_1a110fcbd16257c5347b4ba frame=audio-9 bytes=4800 peak=0
2026-10-06T11:32:43.055661Z  INFO gamecore_studio::voice: voice audio forwarded session=vs_1a110fcbd16257c5347b4ba frame=audio-9 bytes=4800
2026-10-06T11:32:43.156263Z  INFO gamecore_studio::voice: voice audio received session=vs_1a110fcbd16257c5347b4ba frame=audio-10 bytes=4800 peak=0
2026-10-06T11:32:43.156315Z  INFO gamecore_studio::voice: voice audio forwarded session=vs_1a110fcbd16257c5347b4ba frame=audio-10 bytes=4800
2026-10-06T11:32:43.255241Z  INFO gamecore_studio::voice: voice audio received session=vs_1a110fcbd16257c5347b4ba frame=audio-11 bytes=4800 peak=0
2026-10-06T11:32:43.255281Z  INFO gamecore_studio::voice: voice audio forwarded session=vs_1a110fcbd16257c5347b4ba frame=audio-11 bytes=4800
2026-10-06T11:32:43.354665Z  INFO gamecore_studio::voice: voice audio received session=vs_1a110fcbd16257c5347b4ba frame=audio-12 bytes=4800 peak=0
2026-10-06T11:32:43.354729Z  INFO gamecore_studio::voice: voice audio forwarded session=vs_1a110fcbd16257c5347b4ba frame=audio-12 bytes=4800
2026-10-06T11:32:43.454629Z  INFO gamecore_studio::voice: voice audio received session=vs_1a110fcbd16257c5347b4ba frame=audio-13 bytes=4800 peak=0
2026-10-06T11:32:43.454692Z  INFO gamecore_studio::voice: voice audio forwarded session=vs_1a110fcbd16257c5347b4ba frame=audio-13 bytes=4800
2026-10-06T11:32:43.554302Z  INFO gamecore_studio::voice: voice audio received session=vs_1a110fcbd16257c5347b4ba frame=audio-14 bytes=4800 peak=0
2026-10-06T11:32:43.554364Z  INFO gamecore_studio::voice: voice audio forwarded session=vs_1a110fcbd16257c5347b4ba frame=audio-14 bytes=4800
2026-10-06T11:32:43.654421Z  INFO gamecore_studio::voice: voice audio received session=vs_1a110fcbd16257c5347b4ba frame=audio-15 bytes=4800 peak=0
2026-10-06T11:32:43.654461Z  INFO gamecore_studio::voice: voice audio forwarded session=vs_1a110fcbd16257c5347b4ba frame=audio-15 bytes=4800
2026-10-06T11:32:43.754932Z  INFO gamecore_studio::voice: voice audio received session=vs_1a110fcbd16257c5347b4ba frame=audio-16 bytes=4800 peak=0
2026-10-06T11:32:43.754975Z  INFO gamecore_studio::voice: voice audio forwarded session=vs_1a110fcbd16257c5347b4ba frame=audio-16 bytes=4800
2026-10-06T11:32:43.854602Z  INFO gamecore_studio::voice: voice audio received session=vs_1a110fcbd16257c5347b4ba frame=audio-17 bytes=4800 peak=0
2026-10-06T11:32:43.854641Z  INFO gamecore_studio::voice: voice audio forwarded session=vs_1a110fcbd16257c5347b4ba frame=audio-17 bytes=4800
2026-10-06T11:32:43.953486Z  INFO gamecore_studio::voice: voice audio received session=vs_1a110fcbd16257c5347b4ba frame=audio-18 bytes=4800 peak=0
2026-10-06T11:32:43.953535Z  INFO gamecore_studio::voice: voice audio forwarded session=vs_1a110fcbd16257c5347b4ba frame=audio-18 bytes=4800
2026-10-06T11:32:44.053370Z  INFO gamecore_studio::voice: voice audio received session=vs_1a110fcbd16257c5347b4ba frame=audio-19 bytes=4800 peak=0
2026-10-06T11:32:44.053423Z  INFO gamecore_studio::voice: voice audio forwarded session=vs_1a110fcbd16257c5347b4ba frame=audio-19 bytes=4800
2026-10-06T11:32:44.254923Z  INFO gamecore_studio::voice: voice audio received session=vs_1a110fcbd16257c5347b4ba frame=audio-20 bytes=4800 peak=0
2026-10-06T11:32:44.254973Z  INFO gamecore_studio::voice: voice audio forwarded session=vs_1a110fcbd16257c5347b4ba frame=audio-20 bytes=4800
2026-10-06T11:32:44.255264Z  INFO gamecore_studio::voice: voice audio received session=vs_1a110fcbd16257c5347b4ba frame=audio-21 bytes=4800 peak=0
2026-10-06T11:32:44.255283Z  INFO gamecore_studio::voice: voice audio forwarded session=vs_1a110fcbd16257c5347b4ba frame=audio-21 bytes=4800
2026-10-06T11:32:44.365943Z  INFO gamecore_studio::voice: voice audio received session=vs_1a110fcbd16257c5347b4ba frame=audio-22 bytes=4800 peak=0
2026-10-06T11:32:44.366006Z  INFO gamecore_studio::voice: voice audio forwarded session=vs_1a110fcbd16257c5347b4ba frame=audio-22 bytes=4800
2026-10-06T11:32:44.465833Z  INFO gamecore_studio::voice: voice audio received session=vs_1a110fcbd16257c5347b4ba frame=audio-23 bytes=4800 peak=0
2026-10-06T11:32:44.465880Z  INFO gamecore_studio::voice: voice audio forwarded session=vs_1a110fcbd16257c5347b4ba frame=audio-23 bytes=4800
2026-10-06T11:32:44.564314Z  INFO gamecore_studio::voice: voice audio received session=vs_1a110fcbd16257c5347b4ba frame=audio-24 bytes=4800 peak=0
2026-10-06T11:32:44.564373Z  INFO gamecore_studio::voice: voice audio forwarded session=vs_1a110fcbd16257c5347b4ba frame=audio-24 bytes=4800
2026-10-06T11:32:44.664231Z  INFO gamecore_studio::voice: voice audio received session=vs_1a110fcbd16257c5347b4ba frame=audio-25 bytes=4800 peak=0
2026-10-06T11:32:44.664304Z  INFO gamecore_studio::voice: voice audio forwarded session=vs_1a110fcbd16257c5347b4ba frame=audio-25 bytes=4800
2026-10-06T11:32:44.764263Z  INFO gamecore_studio::voice: voice audio received session=vs_1a110fcbd16257c5347b4ba frame=audio-26 bytes=4800 peak=0
2026-10-06T11:32:44.764313Z  INFO gamecore_studio::voice: voice audio forwarded session=vs_1a110fcbd16257c5347b4ba frame=audio-26 bytes=4800
2026-10-06T11:32:44.865328Z  INFO gamecore_studio::voice: voice audio received session=vs_1a110fcbd16257c5347b4ba frame=audio-27 bytes=4800 peak=0
2026-10-06T11:32:44.865391Z  INFO gamecore_studio::voice: voice audio forwarded session=vs_1a110fcbd16257c5347b4ba frame=audio-27 bytes=4800
2026-10-06T11:32:44.963973Z  INFO gamecore_studio::voice: voice audio received session=vs_1a110fcbd16257c5347b4ba frame=audio-28 bytes=4800 peak=0
2026-10-06T11:32:44.964010Z  INFO gamecore_studio::voice: voice audio forwarded session=vs_1a110fcbd16257c5347b4ba frame=audio-28 bytes=4800
2026-10-06T11:32:45.063499Z  INFO gamecore_studio::voice: voice audio received session=vs_1a110fcbd16257c5347b4ba frame=audio-29 bytes=4800 peak=0
2026-10-06T11:32:45.063540Z  INFO gamecore_studio::voice: voice audio forwarded session=vs_1a110fcbd16257c5347b4ba frame=audio-29 bytes=4800
2026-10-06T11:32:45.163443Z  INFO gamecore_studio::voice: voice audio received session=vs_1a110fcbd16257c5347b4ba frame=audio-30 bytes=4800 peak=0
2026-10-06T11:32:45.163488Z  INFO gamecore_studio::voice: voice audio forwarded session=vs_1a110fcbd16257c5347b4ba frame=audio-30 bytes=4800
2026-10-06T11:32:45.263181Z  INFO gamecore_studio::voice: voice audio received session=vs_1a110fcbd16257c5347b4ba frame=audio-31 bytes=4800 peak=0
2026-10-06T11:32:45.263241Z  INFO gamecore_studio::voice: voice audio forwarded session=vs_1a110fcbd16257c5347b4ba frame=audio-31 bytes=4800
2026-10-06T11:32:45.361954Z  INFO gamecore_studio::voice: voice audio received session=vs_1a110fcbd16257c5347b4ba frame=audio-32 bytes=4800 peak=0
2026-10-06T11:32:45.361998Z  INFO gamecore_studio::voice: voice audio forwarded session=vs_1a110fcbd16257c5347b4ba frame=audio-32 bytes=4800
2026-10-06T11:32:45.461483Z  INFO gamecore_studio::voice: voice audio received session=vs_1a110fcbd16257c5347b4ba frame=audio-33 bytes=4800 peak=0
2026-10-06T11:32:45.461521Z  INFO gamecore_studio::voice: voice audio forwarded session=vs_1a110fcbd16257c5347b4ba frame=audio-33 bytes=4800
2026-10-06T11:32:45.565029Z  INFO gamecore_studio::voice: voice audio received session=vs_1a110fcbd16257c5347b4ba frame=audio-34 bytes=4800 peak=0
2026-10-06T11:32:45.565066Z  INFO gamecore_studio::voice: voice audio forwarded session=vs_1a110fcbd16257c5347b4ba frame=audio-34 bytes=4800
2026-10-06T11:32:45.660803Z  INFO gamecore_studio::voice: voice audio received session=vs_1a110fcbd16257c5347b4ba frame=audio-35 bytes=4800 peak=0
2026-10-06T11:32:45.660870Z  INFO gamecore_studio::voice: voice audio forwarded session=vs_1a110fcbd16257c5347b4ba frame=audio-35 bytes=4800
2026-10-06T11:32:45.764937Z  INFO gamecore_studio::voice: voice audio received session=vs_1a110fcbd16257c5347b4ba frame=audio-36 bytes=4800 peak=0
2026-10-06T11:32:45.765166Z  INFO gamecore_studio::voice: voice audio forwarded session=vs_1a110fcbd16257c5347b4ba frame=audio-36 bytes=4800
2026-10-06T11:32:45.864648Z  INFO gamecore_studio::voice: voice audio received session=vs_1a110fcbd16257c5347b4ba frame=audio-37 bytes=4800 peak=0
2026-10-06T11:32:45.864705Z  INFO gamecore_studio::voice: voice audio forwarded session=vs_1a110fcbd16257c5347b4ba frame=audio-37 bytes=4800
2026-10-06T11:32:45.961669Z  INFO gamecore_studio::voice: voice audio received session=vs_1a110fcbd16257c5347b4ba frame=audio-38 bytes=4800 peak=0
2026-10-06T11:32:45.961850Z  INFO gamecore_studio::voice: voice audio forwarded session=vs_1a110fcbd16257c5347b4ba frame=audio-38 bytes=4800
2026-10-06T11:32:46.066896Z  INFO gamecore_studio::voice: voice audio received session=vs_1a110fcbd16257c5347b4ba frame=audio-39 bytes=4800 peak=0
2026-10-06T11:32:46.067097Z  INFO gamecore_studio::voice: voice audio forwarded session=vs_1a110fcbd16257c5347b4ba frame=audio-39 bytes=4800
2026-10-06T11:32:46.289757Z  INFO gamecore_studio::voice: voice audio received session=vs_1a110fcbd16257c5347b4ba frame=audio-40 bytes=4800 peak=0
2026-10-06T11:32:46.289836Z  INFO gamecore_studio::voice: voice audio forwarded session=vs_1a110fcbd16257c5347b4ba frame=audio-40 bytes=4800
2026-10-06T11:32:46.289945Z  INFO gamecore_studio::voice: voice audio received session=vs_1a110fcbd16257c5347b4ba frame=audio-41 bytes=4800 peak=0
2026-10-06T11:32:46.289995Z  INFO gamecore_studio::voice: voice audio forwarded session=vs_1a110fcbd16257c5347b4ba frame=audio-41 bytes=4800
2026-10-06T11:32:46.305310Z  INFO gamecore_studio::voice: voice audio received session=vs_1a110fcbd16257c5347b4ba frame=audio-42 bytes=4800 peak=0
2026-10-06T11:32:46.305346Z  INFO gamecore_studio::voice: voice audio forwarded session=vs_1a110fcbd16257c5347b4ba frame=audio-42 bytes=4800
2026-10-06T11:32:46.507699Z  INFO gamecore_studio::voice: voice audio received session=vs_1a110fcbd16257c5347b4ba frame=audio-43 bytes=4800 peak=0
2026-10-06T11:32:46.507894Z  INFO gamecore_studio::voice: voice audio forwarded session=vs_1a110fcbd16257c5347b4ba frame=audio-43 bytes=4800
2026-10-06T11:32:46.610960Z  INFO gamecore_studio::voice: voice audio received session=vs_1a110fcbd16257c5347b4ba frame=audio-44 bytes=4800 peak=0
2026-10-06T11:32:46.611018Z  INFO gamecore_studio::voice: voice audio forwarded session=vs_1a110fcbd16257c5347b4ba frame=audio-44 bytes=4800
2026-10-06T11:32:46.611037Z  INFO gamecore_studio::voice: voice audio received session=vs_1a110fcbd16257c5347b4ba frame=audio-45 bytes=4800 peak=0
2026-10-06T11:32:46.611054Z  INFO gamecore_studio::voice: voice audio forwarded session=vs_1a110fcbd16257c5347b4ba frame=audio-45 bytes=4800
2026-10-06T11:32:46.710455Z  INFO gamecore_studio::voice: voice audio received session=vs_1a110fcbd16257c5347b4ba frame=audio-46 bytes=4800 peak=0
2026-10-06T11:32:46.710506Z  INFO gamecore_studio::voice: voice audio forwarded session=vs_1a110fcbd16257c5347b4ba frame=audio-46 bytes=4800
2026-10-06T11:32:46.809977Z  INFO gamecore_studio::voice: voice audio received session=vs_1a110fcbd16257c5347b4ba frame=audio-47 bytes=4800 peak=0
2026-10-06T11:32:46.810198Z  INFO gamecore_studio::voice: voice audio forwarded session=vs_1a110fcbd16257c5347b4ba frame=audio-47 bytes=4800
2026-10-06T11:32:46.909055Z  INFO gamecore_studio::voice: voice audio received session=vs_1a110fcbd16257c5347b4ba frame=audio-48 bytes=4800 peak=0
2026-10-06T11:32:46.909244Z  INFO gamecore_studio::voice: voice audio forwarded session=vs_1a110fcbd16257c5347b4ba frame=audio-48 bytes=4800
2026-10-06T11:32:47.009026Z  INFO gamecore_studio::voice: voice audio received session=vs_1a110fcbd16257c5347b4ba frame=audio-49 bytes=4800 peak=0
2026-10-06T11:32:47.009266Z  INFO gamecore_studio::voice: voice audio forwarded session=vs_1a110fcbd16257c5347b4ba frame=audio-49 bytes=4800
2026-10-06T11:32:47.204490Z  INFO gamecore_studio::voice: voice audio received session=vs_1a110fcbd16257c5347b4ba frame=audio-50 bytes=4800 peak=0
2026-10-06T11:32:47.204538Z  INFO gamecore_studio::voice: voice audio forwarded session=vs_1a110fcbd16257c5347b4ba frame=audio-50 bytes=4800
2026-10-06T11:32:47.204681Z  INFO gamecore_studio::voice: voice audio received session=vs_1a110fcbd16257c5347b4ba frame=audio-51 bytes=4800 peak=0
2026-10-06T11:32:47.204694Z  INFO gamecore_studio::voice: voice audio forwarded session=vs_1a110fcbd16257c5347b4ba frame=audio-51 bytes=4800
2026-10-06T11:32:47.309150Z  INFO gamecore_studio::voice: voice audio received session=vs_1a110fcbd16257c5347b4ba frame=audio-52 bytes=4800 peak=0
2026-10-06T11:32:47.309303Z  INFO gamecore_studio::voice: voice audio forwarded session=vs_1a110fcbd16257c5347b4ba frame=audio-52 bytes=4800
2026-10-06T11:32:47.505994Z  INFO gamecore_studio::voice: voice audio received session=vs_1a110fcbd16257c5347b4ba frame=audio-53 bytes=4800 peak=0
2026-10-06T11:32:47.506152Z  INFO gamecore_studio::voice: voice audio forwarded session=vs_1a110fcbd16257c5347b4ba frame=audio-53 bytes=4800
2026-10-06T11:32:47.506254Z  INFO gamecore_studio::voice: voice audio received session=vs_1a110fcbd16257c5347b4ba frame=audio-54 bytes=4800 peak=0
2026-10-06T11:32:47.506327Z  INFO gamecore_studio::voice: voice audio forwarded session=vs_1a110fcbd16257c5347b4ba frame=audio-54 bytes=4800
2026-10-06T11:32:47.706584Z  INFO gamecore_studio::voice: voice audio received session=vs_1a110fcbd16257c5347b4ba frame=audio-55 bytes=4800 peak=0
2026-10-06T11:32:47.706620Z  INFO gamecore_studio::voice: voice audio forwarded session=vs_1a110fcbd16257c5347b4ba frame=audio-55 bytes=4800
2026-10-06T11:32:47.809485Z  INFO gamecore_studio::voice: voice audio received session=vs_1a110fcbd16257c5347b4ba frame=audio-56 bytes=4800 peak=0
2026-10-06T11:32:47.809597Z  INFO gamecore_studio::voice: voice audio forwarded session=vs_1a110fcbd16257c5347b4ba frame=audio-56 bytes=4800
2026-10-06T11:32:47.810074Z  INFO gamecore_studio::voice: voice audio received session=vs_1a110fcbd16257c5347b4ba frame=audio-57 bytes=4800 peak=0
2026-10-06T11:32:47.810134Z  INFO gamecore_studio::voice: voice audio forwarded session=vs_1a110fcbd16257c5347b4ba frame=audio-57 bytes=4800
2026-10-06T11:32:48.003426Z  INFO gamecore_studio::voice: voice audio received session=vs_1a110fcbd16257c5347b4ba frame=audio-58 bytes=4800 peak=0
2026-10-06T11:32:48.003512Z  INFO gamecore_studio::voice: voice audio forwarded session=vs_1a110fcbd16257c5347b4ba frame=audio-58 bytes=4800
2026-10-06T11:32:48.107117Z  INFO gamecore_studio::voice: voice audio received session=vs_1a110fcbd16257c5347b4ba frame=audio-59 bytes=4800 peak=0
2026-10-06T11:32:48.107277Z  INFO gamecore_studio::voice: voice audio forwarded session=vs_1a110fcbd16257c5347b4ba frame=audio-59 bytes=4800
2026-10-06T11:32:48.108243Z  INFO gamecore_studio::voice: voice audio received session=vs_1a110fcbd16257c5347b4ba frame=audio-60 bytes=4800 peak=0
2026-10-06T11:32:48.108328Z  INFO gamecore_studio::voice: voice audio forwarded session=vs_1a110fcbd16257c5347b4ba frame=audio-60 bytes=4800
2026-10-06T11:32:48.292247Z  INFO gamecore_studio::voice: voice audio received session=vs_1a110fcbd16257c5347b4ba frame=audio-61 bytes=4800 peak=0
2026-10-06T11:32:48.292287Z  INFO gamecore_studio::voice: voice audio forwarded session=vs_1a110fcbd16257c5347b4ba frame=audio-61 bytes=4800
2026-10-06T11:32:48.407612Z  INFO gamecore_studio::voice: voice audio received session=vs_1a110fcbd16257c5347b4ba frame=audio-62 bytes=4800 peak=0
2026-10-06T11:32:48.407757Z  INFO gamecore_studio::voice: voice audio forwarded session=vs_1a110fcbd16257c5347b4ba frame=audio-62 bytes=4800
2026-10-06T11:32:48.407881Z  INFO gamecore_studio::voice: voice audio received session=vs_1a110fcbd16257c5347b4ba frame=audio-63 bytes=4800 peak=0
2026-10-06T11:32:48.407950Z  INFO gamecore_studio::voice: voice audio forwarded session=vs_1a110fcbd16257c5347b4ba frame=audio-63 bytes=4800
2026-10-06T11:32:48.604508Z  INFO gamecore_studio::voice: voice audio received session=vs_1a110fcbd16257c5347b4ba frame=audio-64 bytes=4800 peak=0
2026-10-06T11:32:48.604653Z  INFO gamecore_studio::voice: voice audio forwarded session=vs_1a110fcbd16257c5347b4ba frame=audio-64 bytes=4800
2026-10-06T11:32:48.700976Z  INFO gamecore_studio::voice: voice audio received session=vs_1a110fcbd16257c5347b4ba frame=audio-65 bytes=4800 peak=0
2026-10-06T11:32:48.701016Z  INFO gamecore_studio::voice: voice audio forwarded session=vs_1a110fcbd16257c5347b4ba frame=audio-65 bytes=4800
2026-10-06T11:32:48.805635Z  INFO gamecore_studio::voice: voice audio received session=vs_1a110fcbd16257c5347b4ba frame=audio-66 bytes=4800 peak=0
2026-10-06T11:32:48.805786Z  INFO gamecore_studio::voice: voice audio forwarded session=vs_1a110fcbd16257c5347b4ba frame=audio-66 bytes=4800
2026-10-06T11:32:48.805948Z  INFO gamecore_studio::voice: voice audio received session=vs_1a110fcbd16257c5347b4ba frame=audio-67 bytes=4800 peak=0
2026-10-06T11:32:48.806016Z  INFO gamecore_studio::voice: voice audio forwarded session=vs_1a110fcbd16257c5347b4ba frame=audio-67 bytes=4800
2026-10-06T11:32:49.005734Z  INFO gamecore_studio::voice: voice audio received session=vs_1a110fcbd16257c5347b4ba frame=audio-68 bytes=4800 peak=0
2026-10-06T11:32:49.005898Z  INFO gamecore_studio::voice: voice audio forwarded session=vs_1a110fcbd16257c5347b4ba frame=audio-68 bytes=4800
2026-10-06T11:32:49.104686Z  INFO gamecore_studio::voice: voice audio received session=vs_1a110fcbd16257c5347b4ba frame=audio-69 bytes=4800 peak=0
2026-10-06T11:32:49.104884Z  INFO gamecore_studio::voice: voice audio forwarded session=vs_1a110fcbd16257c5347b4ba frame=audio-69 bytes=4800
2026-10-06T11:32:49.199622Z  INFO gamecore_studio::voice: voice audio received session=vs_1a110fcbd16257c5347b4ba frame=audio-70 bytes=4800 peak=0
2026-10-06T11:32:49.199659Z  INFO gamecore_studio::voice: voice audio forwarded session=vs_1a110fcbd16257c5347b4ba frame=audio-70 bytes=4800
2026-10-06T11:32:49.303628Z  INFO gamecore_studio::voice: voice audio received session=vs_1a110fcbd16257c5347b4ba frame=audio-71 bytes=4800 peak=0
2026-10-06T11:32:49.303666Z  INFO gamecore_studio::voice: voice audio forwarded session=vs_1a110fcbd16257c5347b4ba frame=audio-71 bytes=4800
2026-10-06T11:32:49.403602Z  INFO gamecore_studio::voice: voice audio received session=vs_1a110fcbd16257c5347b4ba frame=audio-72 bytes=4800 peak=0
2026-10-06T11:32:49.403768Z  INFO gamecore_studio::voice: voice audio forwarded session=vs_1a110fcbd16257c5347b4ba frame=audio-72 bytes=4800
2026-10-06T11:32:49.501638Z  INFO gamecore_studio::voice: voice audio received session=vs_1a110fcbd16257c5347b4ba frame=audio-73 bytes=4800 peak=0
2026-10-06T11:32:49.501720Z  INFO gamecore_studio::voice: voice audio forwarded session=vs_1a110fcbd16257c5347b4ba frame=audio-73 bytes=4800
2026-10-06T11:32:49.501778Z  INFO gamecore_studio::voice: voice audio received session=vs_1a110fcbd16257c5347b4ba frame=audio-74 bytes=4800 peak=0
2026-10-06T11:32:49.501824Z  INFO gamecore_studio::voice: voice audio forwarded session=vs_1a110fcbd16257c5347b4ba frame=audio-74 bytes=4800
2026-10-06T11:32:49.701397Z  INFO gamecore_studio::voice: voice audio received session=vs_1a110fcbd16257c5347b4ba frame=audio-75 bytes=4800 peak=0
2026-10-06T11:32:49.701552Z  INFO gamecore_studio::voice: voice audio forwarded session=vs_1a110fcbd16257c5347b4ba frame=audio-75 bytes=4800
2026-10-06T11:32:49.702219Z  INFO gamecore_studio::voice: voice audio received session=vs_1a110fcbd16257c5347b4ba frame=audio-76 bytes=4800 peak=0
2026-10-06T11:32:49.702372Z  INFO gamecore_studio::voice: voice audio forwarded session=vs_1a110fcbd16257c5347b4ba frame=audio-76 bytes=4800
2026-10-06T11:32:49.799855Z  INFO gamecore_studio::voice: voice audio received session=vs_1a110fcbd16257c5347b4ba frame=audio-77 bytes=4800 peak=0
2026-10-06T11:32:49.799942Z  INFO gamecore_studio::voice: voice audio forwarded session=vs_1a110fcbd16257c5347b4ba frame=audio-77 bytes=4800
2026-10-06T11:32:50.000745Z  INFO gamecore_studio::voice: voice audio received session=vs_1a110fcbd16257c5347b4ba frame=audio-78 bytes=4800 peak=0
2026-10-06T11:32:50.000977Z  INFO gamecore_studio::voice: voice audio forwarded session=vs_1a110fcbd16257c5347b4ba frame=audio-78 bytes=4800
2026-10-06T11:32:50.101555Z  INFO gamecore_studio::voice: voice audio received session=vs_1a110fcbd16257c5347b4ba frame=audio-79 bytes=4800 peak=0
2026-10-06T11:32:50.101745Z  INFO gamecore_studio::voice: voice audio forwarded session=vs_1a110fcbd16257c5347b4ba frame=audio-79 bytes=4800
2026-10-06T11:32:50.197005Z  INFO gamecore_studio::voice: voice audio received session=vs_1a110fcbd16257c5347b4ba frame=audio-80 bytes=4800 peak=0
2026-10-06T11:32:50.197041Z  INFO gamecore_studio::voice: voice audio forwarded session=vs_1a110fcbd16257c5347b4ba frame=audio-80 bytes=4800
2026-10-06T11:32:50.382837Z  INFO gamecore_studio::voice: voice audio received session=vs_1a110fcbd16257c5347b4ba frame=audio-81 bytes=4800 peak=0
2026-10-06T11:32:50.382879Z  INFO gamecore_studio::voice: voice audio forwarded session=vs_1a110fcbd16257c5347b4ba frame=audio-81 bytes=4800
2026-10-06T11:32:50.382897Z  INFO gamecore_studio::voice: voice audio received session=vs_1a110fcbd16257c5347b4ba frame=audio-82 bytes=4800 peak=0
2026-10-06T11:32:50.382910Z  INFO gamecore_studio::voice: voice audio forwarded session=vs_1a110fcbd16257c5347b4ba frame=audio-82 bytes=4800
2026-10-06T11:32:50.383090Z  INFO gamecore_studio::voice: voice audio received session=vs_1a110fcbd16257c5347b4ba frame=audio-83 bytes=4800 peak=0
2026-10-06T11:32:50.383111Z  INFO gamecore_studio::voice: voice audio forwarded session=vs_1a110fcbd16257c5347b4ba frame=audio-83 bytes=4800
2026-10-06T11:32:50.600631Z  INFO gamecore_studio::voice: voice audio received session=vs_1a110fcbd16257c5347b4ba frame=audio-84 bytes=4800 peak=0
2026-10-06T11:32:50.600920Z  INFO gamecore_studio::voice: voice audio forwarded session=vs_1a110fcbd16257c5347b4ba frame=audio-84 bytes=4800
2026-10-06T11:32:50.698100Z  INFO gamecore_studio::voice: voice audio received session=vs_1a110fcbd16257c5347b4ba frame=audio-85 bytes=4800 peak=0
2026-10-06T11:32:50.698213Z  INFO gamecore_studio::voice: voice audio forwarded session=vs_1a110fcbd16257c5347b4ba frame=audio-85 bytes=4800
2026-10-06T11:32:50.698362Z  INFO gamecore_studio::voice: voice audio received session=vs_1a110fcbd16257c5347b4ba frame=audio-86 bytes=4800 peak=0
2026-10-06T11:32:50.698400Z  INFO gamecore_studio::voice: voice audio forwarded session=vs_1a110fcbd16257c5347b4ba frame=audio-86 bytes=4800
2026-10-06T11:32:50.899178Z  INFO gamecore_studio::voice: voice audio received session=vs_1a110fcbd16257c5347b4ba frame=audio-87 bytes=4800 peak=0
2026-10-06T11:32:50.899432Z  INFO gamecore_studio::voice: voice audio forwarded session=vs_1a110fcbd16257c5347b4ba frame=audio-87 bytes=4800
2026-10-06T11:32:50.996567Z  INFO gamecore_studio::voice: voice audio received session=vs_1a110fcbd16257c5347b4ba frame=audio-88 bytes=4800 peak=0
2026-10-06T11:32:50.996622Z  INFO gamecore_studio::voice: voice audio forwarded session=vs_1a110fcbd16257c5347b4ba frame=audio-88 bytes=4800
2026-10-06T11:32:50.996683Z  INFO gamecore_studio::voice: voice audio received session=vs_1a110fcbd16257c5347b4ba frame=audio-89 bytes=4800 peak=0
2026-10-06T11:32:50.996700Z  INFO gamecore_studio::voice: voice audio forwarded session=vs_1a110fcbd16257c5347b4ba frame=audio-89 bytes=4800
2026-10-06T11:32:51.194187Z  INFO gamecore_studio::voice: voice audio received session=vs_1a110fcbd16257c5347b4ba frame=audio-90 bytes=4800 peak=0
2026-10-06T11:32:51.194248Z  INFO gamecore_studio::voice: voice audio forwarded session=vs_1a110fcbd16257c5347b4ba frame=audio-90 bytes=4800
2026-10-06T11:32:51.298165Z  INFO gamecore_studio::voice: voice audio received session=vs_1a110fcbd16257c5347b4ba frame=audio-91 bytes=4800 peak=0
2026-10-06T11:32:51.298220Z  INFO gamecore_studio::voice: voice audio forwarded session=vs_1a110fcbd16257c5347b4ba frame=audio-91 bytes=4800
2026-10-06T11:32:51.298387Z  INFO gamecore_studio::voice: voice audio received session=vs_1a110fcbd16257c5347b4ba frame=audio-92 bytes=4800 peak=0
2026-10-06T11:32:51.298405Z  INFO gamecore_studio::voice: voice audio forwarded session=vs_1a110fcbd16257c5347b4ba frame=audio-92 bytes=4800
2026-10-06T11:32:51.497091Z  INFO gamecore_studio::voice: voice audio received session=vs_1a110fcbd16257c5347b4ba frame=audio-93 bytes=4800 peak=0
2026-10-06T11:32:51.497241Z  INFO gamecore_studio::voice: voice audio forwarded session=vs_1a110fcbd16257c5347b4ba frame=audio-93 bytes=4800
2026-10-06T11:32:51.599183Z  INFO gamecore_studio::voice: voice audio received session=vs_1a110fcbd16257c5347b4ba frame=audio-94 bytes=4800 peak=0
2026-10-06T11:32:51.599335Z  INFO gamecore_studio::voice: voice audio forwarded session=vs_1a110fcbd16257c5347b4ba frame=audio-94 bytes=4800
2026-10-06T11:32:51.600377Z  INFO gamecore_studio::voice: voice audio received session=vs_1a110fcbd16257c5347b4ba frame=audio-95 bytes=4800 peak=0
2026-10-06T11:32:51.600463Z  INFO gamecore_studio::voice: voice audio forwarded session=vs_1a110fcbd16257c5347b4ba frame=audio-95 bytes=4800
2026-10-06T11:32:51.792176Z  INFO gamecore_studio::voice: voice audio received session=vs_1a110fcbd16257c5347b4ba frame=audio-96 bytes=4800 peak=0
2026-10-06T11:32:51.792223Z  INFO gamecore_studio::voice: voice audio forwarded session=vs_1a110fcbd16257c5347b4ba frame=audio-96 bytes=4800
2026-10-06T11:32:51.894894Z  INFO gamecore_studio::voice: voice audio received session=vs_1a110fcbd16257c5347b4ba frame=audio-97 bytes=4800 peak=0
2026-10-06T11:32:51.894990Z  INFO gamecore_studio::voice: voice audio forwarded session=vs_1a110fcbd16257c5347b4ba frame=audio-97 bytes=4800
2026-10-06T11:32:51.991558Z  INFO gamecore_studio::voice: voice audio received session=vs_1a110fcbd16257c5347b4ba frame=audio-98 bytes=4800 peak=0
2026-10-06T11:32:51.991624Z  INFO gamecore_studio::voice: voice audio forwarded session=vs_1a110fcbd16257c5347b4ba frame=audio-98 bytes=4800
2026-10-06T11:32:52.093869Z  INFO gamecore_studio::voice: voice audio received session=vs_1a110fcbd16257c5347b4ba frame=audio-99 bytes=4800 peak=0
2026-10-06T11:32:52.094002Z  INFO gamecore_studio::voice: voice audio forwarded session=vs_1a110fcbd16257c5347b4ba frame=audio-99 bytes=4800
2026-10-06T11:32:52.190522Z  INFO gamecore_studio::voice: voice audio received session=vs_1a110fcbd16257c5347b4ba frame=audio-100 bytes=4800 peak=0
2026-10-06T11:32:52.190559Z  INFO gamecore_studio::voice: voice audio forwarded session=vs_1a110fcbd16257c5347b4ba frame=audio-100 bytes=4800
2026-10-06T11:32:52.289588Z  INFO gamecore_studio::voice: voice audio received session=vs_1a110fcbd16257c5347b4ba frame=audio-101 bytes=4800 peak=0
2026-10-06T11:32:52.289632Z  INFO gamecore_studio::voice: voice audio forwarded session=vs_1a110fcbd16257c5347b4ba frame=audio-101 bytes=4800
2026-10-06T11:32:52.490370Z  INFO gamecore_studio::voice: voice audio received session=vs_1a110fcbd16257c5347b4ba frame=audio-102 bytes=4800 peak=0
2026-10-06T11:32:52.490411Z  INFO gamecore_studio::voice: voice audio forwarded session=vs_1a110fcbd16257c5347b4ba frame=audio-102 bytes=4800
2026-10-06T11:32:52.490429Z  INFO gamecore_studio::voice: voice audio received session=vs_1a110fcbd16257c5347b4ba frame=audio-103 bytes=4800 peak=0
2026-10-06T11:32:52.490442Z  INFO gamecore_studio::voice: voice audio forwarded session=vs_1a110fcbd16257c5347b4ba frame=audio-103 bytes=4800
2026-10-06T11:32:52.606426Z  INFO gamecore_studio::voice: voice audio received session=vs_1a110fcbd16257c5347b4ba frame=audio-104 bytes=4800 peak=0
2026-10-06T11:32:52.606582Z  INFO gamecore_studio::voice: voice audio forwarded session=vs_1a110fcbd16257c5347b4ba frame=audio-104 bytes=4800
2026-10-06T11:32:52.703573Z  INFO gamecore_studio::voice: voice audio received session=vs_1a110fcbd16257c5347b4ba frame=audio-105 bytes=4800 peak=0
2026-10-06T11:32:52.703621Z  INFO gamecore_studio::voice: voice audio forwarded session=vs_1a110fcbd16257c5347b4ba frame=audio-105 bytes=4800
2026-10-06T11:32:52.703644Z  INFO gamecore_studio::voice: voice audio received session=vs_1a110fcbd16257c5347b4ba frame=audio-106 bytes=4800 peak=0
2026-10-06T11:32:52.703661Z  INFO gamecore_studio::voice: voice audio forwarded session=vs_1a110fcbd16257c5347b4ba frame=audio-106 bytes=4800
2026-10-06T11:32:52.902352Z  INFO gamecore_studio::voice: voice audio received session=vs_1a110fcbd16257c5347b4ba frame=audio-107 bytes=4800 peak=0
2026-10-06T11:32:52.902402Z  INFO gamecore_studio::voice: voice audio forwarded session=vs_1a110fcbd16257c5347b4ba frame=audio-107 bytes=4800
2026-10-06T11:32:53.001920Z  INFO gamecore_studio::voice: voice audio received session=vs_1a110fcbd16257c5347b4ba frame=audio-108 bytes=4800 peak=0
2026-10-06T11:32:53.001967Z  INFO gamecore_studio::voice: voice audio forwarded session=vs_1a110fcbd16257c5347b4ba frame=audio-108 bytes=4800
2026-10-06T11:32:53.002001Z  INFO gamecore_studio::voice: voice audio received session=vs_1a110fcbd16257c5347b4ba frame=audio-109 bytes=4800 peak=0
2026-10-06T11:32:53.002023Z  INFO gamecore_studio::voice: voice audio forwarded session=vs_1a110fcbd16257c5347b4ba frame=audio-109 bytes=4800
2026-10-06T11:32:53.201860Z  INFO gamecore_studio::voice: voice audio received session=vs_1a110fcbd16257c5347b4ba frame=audio-110 bytes=4800 peak=0
2026-10-06T11:32:53.201911Z  INFO gamecore_studio::voice: voice audio forwarded session=vs_1a110fcbd16257c5347b4ba frame=audio-110 bytes=4800
2026-10-06T11:32:53.300988Z  INFO gamecore_studio::voice: voice audio received session=vs_1a110fcbd16257c5347b4ba frame=audio-111 bytes=4800 peak=0
2026-10-06T11:32:53.301043Z  INFO gamecore_studio::voice: voice audio forwarded session=vs_1a110fcbd16257c5347b4ba frame=audio-111 bytes=4800
2026-10-06T11:32:53.301067Z  INFO gamecore_studio::voice: voice audio received session=vs_1a110fcbd16257c5347b4ba frame=audio-112 bytes=4800 peak=0
2026-10-06T11:32:53.301088Z  INFO gamecore_studio::voice: voice audio forwarded session=vs_1a110fcbd16257c5347b4ba frame=audio-112 bytes=4800
2026-10-06T11:32:53.499513Z  INFO gamecore_studio::voice: voice audio received session=vs_1a110fcbd16257c5347b4ba frame=audio-113 bytes=4800 peak=0
2026-10-06T11:32:53.499566Z  INFO gamecore_studio::voice: voice audio forwarded session=vs_1a110fcbd16257c5347b4ba frame=audio-113 bytes=4800
2026-10-06T11:32:53.499774Z  INFO gamecore_studio::voice: voice audio received session=vs_1a110fcbd16257c5347b4ba frame=audio-114 bytes=4800 peak=0
2026-10-06T11:32:53.499825Z  INFO gamecore_studio::voice: voice audio forwarded session=vs_1a110fcbd16257c5347b4ba frame=audio-114 bytes=4800
2026-10-06T11:32:53.599308Z  INFO gamecore_studio::voice: voice audio received session=vs_1a110fcbd16257c5347b4ba frame=audio-115 bytes=4800 peak=0
2026-10-06T11:32:53.599366Z  INFO gamecore_studio::voice: voice audio forwarded session=vs_1a110fcbd16257c5347b4ba frame=audio-115 bytes=4800
2026-10-06T11:32:53.798391Z  INFO gamecore_studio::voice: voice audio received session=vs_1a110fcbd16257c5347b4ba frame=audio-116 bytes=4800 peak=0
2026-10-06T11:32:53.798456Z  INFO gamecore_studio::voice: voice audio forwarded session=vs_1a110fcbd16257c5347b4ba frame=audio-116 bytes=4800
2026-10-06T11:32:53.798507Z  INFO gamecore_studio::voice: voice audio received session=vs_1a110fcbd16257c5347b4ba frame=audio-117 bytes=4800 peak=0
2026-10-06T11:32:53.798539Z  INFO gamecore_studio::voice: voice audio forwarded session=vs_1a110fcbd16257c5347b4ba frame=audio-117 bytes=4800
2026-10-06T11:32:53.898163Z  INFO gamecore_studio::voice: voice audio received session=vs_1a110fcbd16257c5347b4ba frame=audio-118 bytes=4800 peak=0
2026-10-06T11:32:53.898230Z  INFO gamecore_studio::voice: voice audio forwarded session=vs_1a110fcbd16257c5347b4ba frame=audio-118 bytes=4800
2026-10-06T11:32:54.096996Z  INFO gamecore_studio::voice: voice audio received session=vs_1a110fcbd16257c5347b4ba frame=audio-119 bytes=4800 peak=0
2026-10-06T11:32:54.097052Z  INFO gamecore_studio::voice: voice audio forwarded session=vs_1a110fcbd16257c5347b4ba frame=audio-119 bytes=4800
2026-10-06T11:32:54.097297Z  INFO gamecore_studio::voice: voice audio received session=vs_1a110fcbd16257c5347b4ba frame=audio-120 bytes=4800 peak=0
2026-10-06T11:32:54.097361Z  INFO gamecore_studio::voice: voice audio forwarded session=vs_1a110fcbd16257c5347b4ba frame=audio-120 bytes=4800
2026-10-06T11:32:54.400395Z  INFO gamecore_studio::voice: voice audio received session=vs_1a110fcbd16257c5347b4ba frame=audio-121 bytes=4800 peak=0
2026-10-06T11:32:54.400467Z  INFO gamecore_studio::voice: voice audio forwarded session=vs_1a110fcbd16257c5347b4ba frame=audio-121 bytes=4800
2026-10-06T11:32:54.400490Z  INFO gamecore_studio::voice: voice audio received session=vs_1a110fcbd16257c5347b4ba frame=audio-122 bytes=4800 peak=0
2026-10-06T11:32:54.400519Z  INFO gamecore_studio::voice: voice audio forwarded session=vs_1a110fcbd16257c5347b4ba frame=audio-122 bytes=4800
2026-10-06T11:32:54.509544Z  INFO gamecore_studio::voice: voice audio received session=vs_1a110fcbd16257c5347b4ba frame=audio-123 bytes=4800 peak=0
2026-10-06T11:32:54.509605Z  INFO gamecore_studio::voice: voice audio forwarded session=vs_1a110fcbd16257c5347b4ba frame=audio-123 bytes=4800
2026-10-06T11:32:54.509622Z  INFO gamecore_studio::voice: voice audio received session=vs_1a110fcbd16257c5347b4ba frame=audio-124 bytes=4800 peak=0
2026-10-06T11:32:54.509643Z  INFO gamecore_studio::voice: voice audio forwarded session=vs_1a110fcbd16257c5347b4ba frame=audio-124 bytes=4800
2026-10-06T11:32:54.722999Z  INFO gamecore_studio::voice: voice audio received session=vs_1a110fcbd16257c5347b4ba frame=audio-125 bytes=4800 peak=0
2026-10-06T11:32:54.723077Z  INFO gamecore_studio::voice: voice audio forwarded session=vs_1a110fcbd16257c5347b4ba frame=audio-125 bytes=4800
2026-10-06T11:32:54.723234Z  INFO gamecore_studio::voice: voice audio received session=vs_1a110fcbd16257c5347b4ba frame=audio-126 bytes=4800 peak=0
2026-10-06T11:32:54.723281Z  INFO gamecore_studio::voice: voice audio forwarded session=vs_1a110fcbd16257c5347b4ba frame=audio-126 bytes=4800
2026-10-06T11:32:54.823594Z  INFO gamecore_studio::voice: voice audio received session=vs_1a110fcbd16257c5347b4ba frame=audio-127 bytes=4800 peak=0
2026-10-06T11:32:54.823661Z  INFO gamecore_studio::voice: voice audio forwarded session=vs_1a110fcbd16257c5347b4ba frame=audio-127 bytes=4800
2026-10-06T11:32:54.923602Z  INFO gamecore_studio::voice: voice audio received session=vs_1a110fcbd16257c5347b4ba frame=audio-128 bytes=4800 peak=0
2026-10-06T11:32:54.923687Z  INFO gamecore_studio::voice: voice audio forwarded session=vs_1a110fcbd16257c5347b4ba frame=audio-128 bytes=4800
2026-10-06T11:32:55.021434Z  INFO gamecore_studio::voice: voice audio received session=vs_1a110fcbd16257c5347b4ba frame=audio-129 bytes=4800 peak=0
2026-10-06T11:32:55.021495Z  INFO gamecore_studio::voice: voice audio forwarded session=vs_1a110fcbd16257c5347b4ba frame=audio-129 bytes=4800
2026-10-06T11:32:55.120546Z  INFO gamecore_studio::voice: voice audio received session=vs_1a110fcbd16257c5347b4ba frame=audio-130 bytes=4800 peak=0
2026-10-06T11:32:55.120625Z  INFO gamecore_studio::voice: voice audio forwarded session=vs_1a110fcbd16257c5347b4ba frame=audio-130 bytes=4800
2026-10-06T11:32:55.319482Z  INFO gamecore_studio::voice: voice audio received session=vs_1a110fcbd16257c5347b4ba frame=audio-131 bytes=4800 peak=0
2026-10-06T11:32:55.319544Z  INFO gamecore_studio::voice: voice audio forwarded session=vs_1a110fcbd16257c5347b4ba frame=audio-131 bytes=4800
2026-10-06T11:32:55.319690Z  INFO gamecore_studio::voice: voice audio received session=vs_1a110fcbd16257c5347b4ba frame=audio-132 bytes=4800 peak=0
2026-10-06T11:32:55.319718Z  INFO gamecore_studio::voice: voice audio forwarded session=vs_1a110fcbd16257c5347b4ba frame=audio-132 bytes=4800
2026-10-06T11:32:55.519174Z  INFO gamecore_studio::voice: voice audio received session=vs_1a110fcbd16257c5347b4ba frame=audio-133 bytes=4800 peak=0
2026-10-06T11:32:55.519229Z  INFO gamecore_studio::voice: voice audio forwarded session=vs_1a110fcbd16257c5347b4ba frame=audio-133 bytes=4800
2026-10-06T11:32:55.519267Z  INFO gamecore_studio::voice: voice audio received session=vs_1a110fcbd16257c5347b4ba frame=audio-134 bytes=4800 peak=0
2026-10-06T11:32:55.519289Z  INFO gamecore_studio::voice: voice audio forwarded session=vs_1a110fcbd16257c5347b4ba frame=audio-134 bytes=4800
2026-10-06T11:32:55.618061Z  INFO gamecore_studio::voice: voice audio received session=vs_1a110fcbd16257c5347b4ba frame=audio-135 bytes=4800 peak=0
2026-10-06T11:32:55.618101Z  INFO gamecore_studio::voice: voice audio forwarded session=vs_1a110fcbd16257c5347b4ba frame=audio-135 bytes=4800
2026-10-06T11:32:55.817061Z  INFO gamecore_studio::voice: voice audio received session=vs_1a110fcbd16257c5347b4ba frame=audio-136 bytes=4800 peak=0
2026-10-06T11:32:55.817102Z  INFO gamecore_studio::voice: voice audio forwarded session=vs_1a110fcbd16257c5347b4ba frame=audio-136 bytes=4800
2026-10-06T11:32:55.916873Z  INFO gamecore_studio::voice: voice audio received session=vs_1a110fcbd16257c5347b4ba frame=audio-137 bytes=4800 peak=0
2026-10-06T11:32:55.916914Z  INFO gamecore_studio::voice: voice audio forwarded session=vs_1a110fcbd16257c5347b4ba frame=audio-137 bytes=4800
2026-10-06T11:32:55.916946Z  INFO gamecore_studio::voice: voice audio received session=vs_1a110fcbd16257c5347b4ba frame=audio-138 bytes=4800 peak=0
2026-10-06T11:32:55.916962Z  INFO gamecore_studio::voice: voice audio forwarded session=vs_1a110fcbd16257c5347b4ba frame=audio-138 bytes=4800
2026-10-06T11:32:56.116368Z  INFO gamecore_studio::voice: voice audio received session=vs_1a110fcbd16257c5347b4ba frame=audio-139 bytes=4800 peak=0
2026-10-06T11:32:56.116424Z  INFO gamecore_studio::voice: voice audio forwarded session=vs_1a110fcbd16257c5347b4ba frame=audio-139 bytes=4800
2026-10-06T11:32:56.215588Z  INFO gamecore_studio::voice: voice audio received session=vs_1a110fcbd16257c5347b4ba frame=audio-140 bytes=4800 peak=0
2026-10-06T11:32:56.215629Z  INFO gamecore_studio::voice: voice audio forwarded session=vs_1a110fcbd16257c5347b4ba frame=audio-140 bytes=4800
2026-10-06T11:32:56.215648Z  INFO gamecore_studio::voice: voice audio received session=vs_1a110fcbd16257c5347b4ba frame=audio-141 bytes=4800 peak=0
2026-10-06T11:32:56.215666Z  INFO gamecore_studio::voice: voice audio forwarded session=vs_1a110fcbd16257c5347b4ba frame=audio-141 bytes=4800
2026-10-06T11:32:56.414930Z  INFO gamecore_studio::voice: voice audio received session=vs_1a110fcbd16257c5347b4ba frame=audio-142 bytes=4800 peak=0
2026-10-06T11:32:56.414985Z  INFO gamecore_studio::voice: voice audio forwarded session=vs_1a110fcbd16257c5347b4ba frame=audio-142 bytes=4800
2026-10-06T11:32:56.415014Z  INFO gamecore_studio::voice: voice audio received session=vs_1a110fcbd16257c5347b4ba frame=audio-143 bytes=4800 peak=0
2026-10-06T11:32:56.415036Z  INFO gamecore_studio::voice: voice audio forwarded session=vs_1a110fcbd16257c5347b4ba frame=audio-143 bytes=4800
2026-10-06T11:33:02.289213Z  INFO gamecore_studio::voice: voice closing after drain session=vs_1a110fcbd16257c5347b4ba provider_events=0
2026-10-06T11:33:02.297246Z  INFO gamecore_studio::voice: voice session closed session=vs_1a110fcbd16257c5347b4ba reason=client connection failed chunks=144 audio_bytes=691200 transcripts=0 provider_events=0
