   Compiling proc-macro2 v1.0.107
   Compiling unicode-ident v1.0.26
   Compiling quote v1.0.47
   Compiling libc v0.2.190
    Checking cfg-if v1.0.5
    Checking once_cell v1.21.4
    Checking memchr v2.8.3
   Compiling find-msvc-tools v0.1.14
    Checking itoa v1.0.18
   Compiling shlex v2.0.1
    Checking pin-project-lite v0.2.17
   Compiling serde_core v1.0.229
    Checking stable_deref_trait v1.2.1
   Compiling version_check v0.9.5
    Checking bytes v1.12.1
    Checking futures-core v0.3.34
    Checking smallvec v1.16.2
    Checking futures-sink v0.3.34
    Checking log v0.4.34
   Compiling getrandom v0.3.4
   Compiling zerocopy v0.8.59
    Checking zeroize v1.9.0
   Compiling autocfg v1.5.1
    Checking percent-encoding v2.3.2
    Checking futures-task v0.3.34
    Checking futures-channel v0.3.34
    Checking futures-io v0.3.34
    Checking litemap v0.8.3
   Compiling serde v1.0.229
    Checking tracing-core v0.1.36
   Compiling cc v1.6.0
    Checking slab v0.4.12
    Checking writeable v0.6.4
    Checking rustls-pki-types v1.15.1
   Compiling icu_normalizer_data v2.3.0
    Checking utf8_iter v1.0.4
    Checking typenum v1.20.1
   Compiling httparse v1.10.1
    Checking untrusted v0.9.0
   Compiling icu_properties_data v2.3.0
   Compiling generic-array v0.14.7
   Compiling rustls v0.23.45
    Checking subtle v2.6.1
    Checking tower-service v0.3.3
   Compiling zmij v1.0.23
    Checking try-lock v0.2.5
   Compiling serde_json v1.0.151
    Checking form_urlencoded v1.2.2
    Checking sync_wrapper v1.0.2
    Checking want v0.3.1
   Compiling thiserror v2.0.21
    Checking tower-layer v0.3.3
    Checking bitflags v2.13.2
    Checking atomic-waker v1.1.2
    Checking httpdate v1.0.3
    Checking cpufeatures v0.2.17
    Checking aho-corasick v1.1.5
    Checking ipnet v2.12.2
    Checking base64 v0.23.1
   Compiling ref-cast v1.0.27
   Compiling num-traits v0.2.19
    Checking regex-syntax v0.8.11
   Compiling ahash v0.8.12
    Checking webpki-roots v1.0.9
    Checking http v1.5.0
    Checking ryu v1.0.23
    Checking lazy_static v1.5.1
   Compiling pkg-config v0.3.34
    Checking base64 v0.22.1
    Checking data-encoding v2.11.1
   Compiling vcpkg v0.2.15
    Checking webpki-roots v0.26.11
    Checking foldhash v0.1.5
    Checking bit-vec v0.8.0
    Checking borrow-or-share v0.2.4
    Checking mime v0.3.17
    Checking uuid v1.27.0
    Checking winnow v1.0.4
    Checking outref v0.5.2
    Checking bit-set v0.8.0
    Checking hashbrown v0.15.5
    Checking vsimd v0.8.0
    Checking sharded-slab v0.1.7
    Checking tracing-log v0.2.0
    Checking thread_local v1.1.10
    Checking num-cmp v0.1.0
   Compiling syn v3.0.6
   Compiling syn v2.0.119
    Checking toml_parser v1.1.3+spec-1.1.0
   Compiling gamecore-studio v0.1.0 (~/wkspace/gc-studio/p4.2d/studio/agent)
   Compiling getrandom v0.4.3
    Checking hex v0.4.3
    Checking http-body v1.1.0
   Compiling rustix v1.1.5
    Checking uuid-simd v0.8.0
    Checking http-body-util v0.1.5
    Checking winnow v0.7.15
    Checking hashlink v0.10.0
    Checking toml_writer v1.1.2+spec-1.1.0
    Checking errno v0.3.14
    Checking mio v1.2.4
    Checking socket2 v0.6.5
    Checking getrandom v0.2.17
    Checking crypto-common v0.1.7
    Checking block-buffer v0.10.4
    Checking num-integer v0.1.47
    Checking num-complex v0.4.6
    Checking signal-hook-registry v1.4.8
    Checking fallible-iterator v0.3.0
    Checking matchit v0.8.4
    Checking fallible-streaming-iterator v0.1.9
    Checking bytecount v0.6.9
    Checking rand_core v0.9.5
    Checking nu-ansi-term v0.50.3
    Checking digest v0.10.7
    Checking linux-raw-sys v0.12.1
    Checking fastrand v2.5.0
    Checking num-bigint v0.4.8
    Checking num-iter v0.1.46
    Checking sha1 v0.10.7
    Checking sha2 v0.10.9
   Compiling ring v0.17.14
   Compiling libsqlite3-sys v0.35.0
    Checking toml_datetime v0.7.5+spec-1.1.0
    Checking serde_spanned v1.1.1
    Checking serde_path_to_error v0.1.20
    Checking regex-automata v0.4.18
    Checking toml v0.9.12+spec-1.1.0
    Checking num-rational v0.4.2
    Checking ppv-lite86 v0.2.21
    Checking rand_chacha v0.9.0
    Checking num v0.4.3
    Checking fraction v0.15.4
    Checking rand v0.9.5
    Checking tempfile v3.27.0
   Compiling tracing-attributes v0.1.31
   Compiling synstructure v0.14.0
   Compiling zerofrom-derive v0.1.8
   Compiling yoke-derive v0.8.4
   Compiling zerovec-derive v0.11.6
   Compiling displaydoc v0.2.7
   Compiling futures-macro v0.3.34
   Compiling tokio-macros v2.7.2
   Compiling serde_derive v1.0.229
   Compiling thiserror-impl v2.0.21
   Compiling ref-cast-impl v1.0.27
    Checking matchers v0.2.0
    Checking fancy-regex v0.14.0
    Checking tracing v0.1.44
    Checking axum-core v0.5.6
    Checking tracing-subscriber v0.3.23
    Checking tokio v1.53.2
    Checking futures-util v0.3.34
    Checking zerofrom v0.1.8
    Checking yoke v0.8.3
    Checking zerovec v0.11.8
    Checking zerotrie v0.2.5
    Checking tinystr v0.8.4
    Checking potential_utf v0.1.6
    Checking icu_collections v2.3.0
    Checking icu_locale_core v2.3.0
    Checking rustls-webpki v0.103.15
    Checking icu_provider v2.3.1
    Checking icu_properties v2.3.0
    Checking icu_normalizer v2.3.0
    Checking serde_urlencoded v0.7.1
    Checking fluent-uri v0.3.2
    Checking email_address v0.2.9
    Checking futures-executor v0.3.34
    Checking referencing v0.26.2
    Checking futures v0.3.34
    Checking idna_adapter v1.2.2
    Checking idna v1.1.0
    Checking url v2.5.8
    Checking jsonschema v0.26.2
    Checking hyper v1.11.1
    Checking tower v0.5.3
    Checking tokio-rustls v0.26.6
    Checking tungstenite v0.29.0
    Checking tower-http v0.6.11
    Checking hyper-util v0.1.21
    Checking tokio-tungstenite v0.29.0
    Checking hyper-rustls v0.27.10
    Checking axum v0.8.9
    Checking reqwest v0.12.28
    Checking rusqlite v0.37.0
    Checking etos-sdk v1.0.0 (~/wkspace/gc-studio/p4.2d/studio/agent/vendor/etos-sdk)
    Finished `dev` profile [unoptimized + debuginfo] target(s) in 17.28s
   Compiling cfg-if v1.0.5
   Compiling once_cell v1.21.4
   Compiling memchr v2.8.3
   Compiling pin-project-lite v0.2.17
   Compiling itoa v1.0.18
   Compiling stable_deref_trait v1.2.1
   Compiling futures-core v0.3.34
   Compiling bytes v1.12.1
   Compiling smallvec v1.16.2
   Compiling futures-sink v0.3.34
   Compiling log v0.4.34
   Compiling zeroize v1.9.0
   Compiling libc v0.2.190
   Compiling serde_core v1.0.229
   Compiling futures-io v0.3.34
   Compiling litemap v0.8.3
   Compiling percent-encoding v2.3.2
   Compiling zerofrom v0.1.8
   Compiling writeable v0.6.4
   Compiling slab v0.4.12
   Compiling futures-task v0.3.34
   Compiling zerocopy v0.8.59
   Compiling typenum v1.20.1
   Compiling utf8_iter v1.0.4
   Compiling yoke v0.8.3
   Compiling futures-channel v0.3.34
   Compiling untrusted v0.9.0
   Compiling rustls-pki-types v1.15.1
   Compiling tracing-core v0.1.36
   Compiling num-traits v0.2.19
   Compiling httparse v1.10.1
   Compiling icu_properties_data v2.3.0
   Compiling icu_normalizer_data v2.3.0
   Compiling subtle v2.6.1
   Compiling tower-service v0.3.3
   Compiling try-lock v0.2.5
   Compiling zmij v1.0.23
   Compiling form_urlencoded v1.2.2
   Compiling sync_wrapper v1.0.2
   Compiling httpdate v1.0.3
   Compiling want v0.3.1
   Compiling zerovec v0.11.8
   Compiling zerotrie v0.2.5
   Compiling cpufeatures v0.2.17
   Compiling atomic-waker v1.1.2
   Compiling tower-layer v0.3.3
   Compiling bitflags v2.13.2
   Compiling regex-syntax v0.8.11
   Compiling ipnet v2.12.2
   Compiling base64 v0.23.1
   Compiling thiserror v2.0.21
   Compiling base64 v0.22.1
   Compiling data-encoding v2.11.1
   Compiling ryu v1.0.23
   Compiling lazy_static v1.5.1
   Compiling webpki-roots v1.0.9
   Compiling ref-cast v1.0.27
   Compiling bit-vec v0.8.0
   Compiling http v1.5.0
   Compiling futures-util v0.3.34
   Compiling tracing v0.1.44
   Compiling aho-corasick v1.1.5
   Compiling webpki-roots v0.26.11
   Compiling borrow-or-share v0.2.4
   Compiling foldhash v0.1.5
   Compiling winnow v1.0.4
   Compiling outref v0.5.2
   Compiling bit-set v0.8.0
   Compiling vsimd v0.8.0
   Compiling num-integer v0.1.47
   Compiling generic-array v0.14.7
   Compiling num-complex v0.4.6
   Compiling hashbrown v0.15.5
   Compiling uuid v1.27.0
   Compiling mime v0.3.17
   Compiling libsqlite3-sys v0.35.0
   Compiling tinystr v0.8.4
   Compiling potential_utf v0.1.6
   Compiling tracing-log v0.2.0
   Compiling icu_collections v2.3.0
   Compiling icu_locale_core v2.3.0
   Compiling num-bigint v0.4.8
   Compiling num-iter v0.1.46
   Compiling toml_parser v1.1.3+spec-1.1.0
   Compiling errno v0.3.14
   Compiling socket2 v0.6.5
   Compiling mio v1.2.4
   Compiling getrandom v0.3.4
   Compiling signal-hook-registry v1.4.8
   Compiling getrandom v0.2.17
   Compiling uuid-simd v0.8.0
   Compiling rand_core v0.9.5
   Compiling ring v0.17.14
   Compiling sharded-slab v0.1.7
   Compiling block-buffer v0.10.4
   Compiling crypto-common v0.1.7
   Compiling hashlink v0.10.0
   Compiling http-body v1.1.0
   Compiling tokio v1.53.2
   Compiling digest v0.10.7
   Compiling thread_local v1.1.10
   Compiling http-body-util v0.1.5
   Compiling fallible-iterator v0.3.0
   Compiling toml_writer v1.1.2+spec-1.1.0
   Compiling sha1 v0.10.7
   Compiling sha2 v0.10.9
   Compiling matchit v0.8.4
   Compiling winnow v0.7.15
   Compiling fallible-streaming-iterator v0.1.9
   Compiling axum-core v0.5.6
   Compiling hex v0.4.3
   Compiling nu-ansi-term v0.50.3
   Compiling bytecount v0.6.9
   Compiling num-cmp v0.1.0
   Compiling gamecore-studio v0.1.0 (~/wkspace/gc-studio/p4.2d/studio/agent)
   Compiling linux-raw-sys v0.12.1
   Compiling icu_provider v2.3.1
   Compiling rusqlite v0.37.0
   Compiling getrandom v0.4.3
   Compiling fastrand v2.5.0
   Compiling num-rational v0.4.2
   Compiling icu_properties v2.3.0
   Compiling icu_normalizer v2.3.0
   Compiling rustix v1.1.5
   Compiling regex-automata v0.4.18
   Compiling serde v1.0.229
   Compiling serde_json v1.0.151
   Compiling num v0.4.3
   Compiling serde_path_to_error v0.1.20
   Compiling toml_datetime v0.7.5+spec-1.1.0
   Compiling serde_spanned v1.1.1
   Compiling fraction v0.15.4
   Compiling rustls-webpki v0.103.15
   Compiling serde_urlencoded v0.7.1
   Compiling fluent-uri v0.3.2
   Compiling email_address v0.2.9
   Compiling rustls v0.23.45
   Compiling idna_adapter v1.2.2
   Compiling idna v1.1.0
   Compiling toml v0.9.12+spec-1.1.0
   Compiling futures-executor v0.3.34
   Compiling futures v0.3.34
   Compiling url v2.5.8
   Compiling ppv-lite86 v0.2.21
   Compiling ahash v0.8.12
   Compiling tempfile v3.27.0
   Compiling referencing v0.26.2
   Compiling rand_chacha v0.9.0
   Compiling rand v0.9.5
   Compiling fancy-regex v0.14.0
   Compiling matchers v0.2.0
   Compiling tracing-subscriber v0.3.23
   Compiling jsonschema v0.26.2
   Compiling hyper v1.11.1
   Compiling tower v0.5.3
   Compiling tower-http v0.6.11
   Compiling tokio-rustls v0.26.6
   Compiling tungstenite v0.29.0
   Compiling hyper-util v0.1.21
   Compiling tokio-tungstenite v0.29.0
   Compiling hyper-rustls v0.27.10
   Compiling axum v0.8.9
   Compiling reqwest v0.12.28
   Compiling etos-sdk v1.0.0 (~/wkspace/gc-studio/p4.2d/studio/agent/vendor/etos-sdk)
    Finished `test` profile [unoptimized + debuginfo] target(s) in 29.29s
     Running unittests src/lib.rs (target/debug/deps/gamecore_studio-7c49548b0c6f1153)

running 96 tests
test desk::tests::body_limit_covers_the_attachment_budget ... ok
test desk::tests::degraded_models_are_named_in_outcomes ... ok
test desk::tests::rg_extensions_are_stripped ... ok
test api::tests::framework_rejections_become_etos_errors ... ok
test error::tests::messages_are_redacted ... ok
test config::tests::file_and_env_override_defaults ... ok
test config::tests::unknown_keys_are_errors ... ok
test desk::tests::digest_ignores_the_catalog_and_attachment_encoding ... ok
test error::tests::refusals_pass_through ... ok
test index::tests::authorable_type_ids_map_to_kinds ... ok
test index::tests::nodes_map_to_rows ... ok
test index::tests::states_are_consistent ... ok
test index::tests::deltas_coalesce_per_key ... ok
test model::tests::contract_examples_round_trip ... ok
test model::tests::edit_requests_parse ... ok
test pricing::tests::r3_d14_bailian_published_character_examples ... ok
test ops::tests::studio_ops_map_to_etos_ops ... ok
test redact::tests::keys_tokens_and_bearers_are_redacted ... ok
test pricing::tests::r4_tariff_provenance_missing_placeholder_and_invalid_refuse ... ok
test stage::cli::tests::arguments_parse_and_unknown_options_are_refused ... ok
test schema::tests::embedded_schemas_match_authoritative_documents_byte_for_byte ... ok
test stage::cli::tests::bad_invocations_exit_2 ... ok
test stage::env::tests::provider_keys_and_tokens_never_reach_a_stage_child ... ok
test stage::env::tests::secret_names_are_recognised_case_insensitively ... ok
test stage::env::tests::this_process_environment_is_filtered ... ok
test stage::pipeline::semantic::tests::r2_11_stage_int_shared_analyzer_fixture_and_strict_results ... ok
test stage::pipeline::tests::dotnet_summary ... ok
test stage::pipeline::tests::nunit_totals_and_failures ... ok
test redact::tests::r2_19_stream_and_json_secrets_are_redacted_before_write ... ok
test stage::pipeline::semantic::tests::stage_tmp2_metadata_ignores_mutable_library_and_rejects_corruption ... ok
test stage::pipeline::semantic::tests::r2_11_stage_int_denied_transitive_dependency_has_named_seam ... ok
test stage::pipeline::tests::integrity_finds_missing_changed_and_extra_files ... ok
test stage::sandbox::licensing::tests::r2_f2_license_links_and_unapproved_sources_fail_closed_and_clean_up ... ok
test stage::sandbox::licensing::tests::r2_f2_private_license_copies_are_writable_isolated_and_deleted ... ok
test stage::sandbox::tests::r2_11_docker_isolation_blocks_host_files_environment_and_network ... ignored, requires the locally provisioned gamecore-stage Docker image; no Unity or ETOS
test stage::pipeline::tests::r2_11_cache_versions_and_one_cold_budget ... ok
test stage::sandbox::tests::r2_11_stage_int_results_are_owned_by_host_allocator ... ok
test stage::sandbox::licensing::tests::stage_tmp_unity_cache_copy_is_private_and_disposable ... ok
test stage::sandbox::tests::r2_f2_probe_requires_engine_handshake_even_when_allocator_exits_zero ... ok
test stage::sandbox::tests::r2_11_docker_command_has_no_live_project_or_host_home ... ok
test stage::sandbox::tests::stage_tmp_short_mounts_refuse_symlink_escapes ... ok
test stage::sandbox::tests::r2_f2_licensing_command_mounts_only_private_state_and_fixed_identity ... ok
test stage::scan::tests::credentials_are_found_and_redacted ... ok
test stage::cli::tests::scan_and_gc_and_discard_work_on_a_temporary_root ... ok
test stage::scan::tests::legitimate_code_is_not_a_hit ... ok
test stage::scan::tests::an_exemption_covers_only_its_exact_shape ... ok
test stage::sandbox::tests::stage_tmp_unity_paths_are_short_and_job_private ... ok
test stage::scan::tests::r2_11_textual_paths_and_editor_hooks_never_bypass_prefilter ... ok
test stage::scan::tests::rule_list_is_complete ... ok
test stage::scan::tests::r2_11_unsafe_reason_never_grants_authority ... ok
test stage::scan::tests::every_rule_has_a_positive_case ... ok
test stage::scan::tests::unity_editor_is_legal_in_editor_code_only ... ok
test stage::scan::tests::the_repository_allowlist_loads_and_bad_entries_are_refused ... ok
test stage::slot::tests::a_lock_of_a_dead_process_is_replaced ... ok
test stage::slot::tests::a_recent_verdict_keeps_a_slot ... ok
test stage::slot::tests::one_slot_per_change_set_and_one_change_set_per_slot ... ok
test desk::tests::slices_are_capped_from_the_end ... ok
test stage::slot::tests::r2_16_stage_int_guard_drop_unlocks_inherited_description ... ok
test stage::signing::tests::r2_09_hmac_rfc4231_and_installation_binding ... ok
test stage::slot::tests::slot_ids_and_defaults ... ok
test stage::slot::tests::gc_removes_old_unlocked_slots_only ... ok
test stage::tests::lane_requests_are_strict ... ok
test stage::tests::the_proposed_package_is_found_in_either_argument_shape ... ok
test stage::tests::verdicts_and_env ... ok
test stage::verdict::tests::pass_needs_every_step_acceptable_and_a_full_run ... ok
test stage::verdict::tests::r2_09_not_applicable_never_bypasses_a_mandatory_step ... ok
test stage::verdict::tests::a_wrong_schema_is_refused ... ok
test stage::slot::tests::r2_16_unparsable_locked_inode_survives_acquisition_and_gc ... ok
test stage::verdict::tests::the_verdict_ref_is_stable_and_changes_with_content ... ok
test stage::verdict::tests::verdict_serialises_camel_case_without_nulls_and_round_trips ... ok
test util::tests::canonical_json_sorts_keys ... ok
test util::tests::catalog_revision_ignores_the_revision_member ... ok
test stage::scan::tests::package_scan_covers_blobs_native_plugins_and_asmdefs ... ok
test util::tests::digests_normalise ... ok
test util::tests::nulls_are_pruned_and_found ... ok
test util::tests::topic_segments_are_valid_and_distinct ... ok
test voice::tests::realtime_refusals_are_recovered_from_sdk_errors ... ok
test util::tests::catalog_revision_matches_the_csharp_registry ... ok
test stage::slot::tests::one_stage_per_slot ... ok
test store::tests::put_verifies_and_addresses_by_content ... ok
test store::tests::r2_26_corruption_is_refused_and_verified_put_repairs ... ok
test candidate::tests::a_complete_output_is_valid ... ok
test candidate::tests::missing_ambiguous_schema_and_clarification ... ok
test schema::tests::vendored_schema_accepts_the_contract_example_and_rejects_garbage ... ok
test candidate::tests::structural_rules_match_the_unity_validator ... ok
test candidate::tests::digest_size_id_and_reference_failures_are_reported ... ok
test candidate::tests::catalog_and_candidate_mode_rules ... ok
test stage::sandbox::tests::r2_11_stage_int_launcher_refuses_missing_cache_before_execution ... ok
test schema::tests::request_schemas_compile_and_check ... ok
test schema::tests::unity_sample_catalog_and_current_metadata_are_accepted ... ok
test ledger::tests::catalogs_meta_and_stage_jobs ... ok
test ledger::tests::requests_are_idempotent_and_conflicts_refused ... ok
test ledger::tests::reask_candidate_inputs_and_give_up_are_atomic ... ok
test blocking::tests::r2_27_slow_storage_does_not_stall_executor ... ok
test stage::pipeline::tests::r2_19_child_log_is_redacted_before_process_exit ... ok
test stage::pipeline::tests::a_child_gets_the_allowlisted_env_and_is_killed_at_its_deadline ... ok

test result: ok. 95 passed; 0 failed; 1 ignored; 0 measured; 0 filtered out; finished in 0.82s

     Running unittests src/main.rs (target/debug/deps/gamecore_studio-78a602b15b9e6176)

running 0 tests

test result: ok. 0 passed; 0 failed; 0 ignored; 0 measured; 0 filtered out; finished in 0.00s

     Running tests/companion.rs (target/debug/deps/companion-8455471aa95cbf08)

running 32 tests
test r2_19_legacy_stage_extractor_is_retired ... ok
test r3_d14_retained_budget_refuses_unpriced_before_provider_call ... ok
test p42_ops_01_retained_unconfigured_3d_precedes_budget ... ok
test etos_task_refusal_passes_through ... ok
test proxy_token_and_app_are_checked_and_follow_restarts ... ok
test r3_d14_priced_budget_binds_quantity_and_provider ... ok
test a_degraded_model_is_named_in_the_outcome ... ok
test invalid_candidate_without_reask_is_terminal ... ok
test r2_09_signed_verdict_transport_rejects_tampering_and_partial_jobs ... ok
test ops_generate_stores_artifacts_and_passes_refusals ... ok
test r3_d3b_hello_negotiates_before_project_header ... ok
test r3_d24_unregistered_project_has_registration_hint ... ok
test r2_25_all_routes_isolate_apps_and_projects_and_replay_cursors ... ok
test p42_live_01_ambiguous_scope_reasks_exactly_once ... ok
test digest_mismatch_is_reasked_once_with_parent ... ok
test r4_published_tts_charge_and_configured_missing_tariff ... ok
test r4_tariffs_operator_cap_pair_ledger_and_hot_reload ... ok
test requests_are_scoped_to_the_calling_app_and_rejections_are_etos_shaped ... ok
test catalog_rules_are_reasked_and_a_refused_reask_settles_invalid ... ok
test requests_are_idempotent_and_conflicts_refused ... ok
test p42_live_01_published_candidate_uses_request_index_slice ... ok
test unresolved_requests_are_followed_at_most_three_more_times ... ok
test request_task_candidate_with_verified_artifacts ... ok
test voice_session_ready_transcripts_and_close ... ok
test voice_refusal_passes_through ... ok
test restart_resumes_from_the_ledger_without_reopening ... ok
test index_deltas_are_coalesced_and_delivered ... ok
test cancel_reports_the_etos_status ... ok
test request6_voice_stop_commits_before_close_when_vad_emits_nothing ... ok
test r3_d23_retained_sample_signed_app_stage_and_tamper_refusals ... ok
test a_slow_task_open_is_reread_not_failed ... ok
test a_slow_media_op_is_held_up_to_the_op_timeout ... ok

test result: ok. 32 passed; 0 failed; 0 ignored; 0 measured; 0 filtered out; finished in 7.87s

     Running tests/r3_f_candidate.rs (target/debug/deps/r3_f_candidate-d7e1965be6fb8826)

running 4 tests
test d5_singleton_intersection_normalizes_raw_and_typed_with_nonblocking_evidence ... ok
test d4_d5_retained_robe_has_same_refusals_as_core ... ok
test d5_ambiguous_empty_and_explicit_disallowed_scopes_refuse ... ok
test d4_instance_tint_contract_precheck ... ok

test result: ok. 4 passed; 0 failed; 0 ignored; 0 measured; 0 filtered out; finished in 0.08s

     Running tests/r4_c.rs (target/debug/deps/r4_c-424de33cadca0046)

running 2 tests
test p42_live_01_missing_or_ambiguous_index_refuses_and_reasks ... ok
test p42_live_01_retained_generic_move_infers_indexed_instance ... ok

test result: ok. 2 passed; 0 failed; 0 ignored; 0 measured; 0 filtered out; finished in 0.08s

     Running tests/real_node.rs (target/debug/deps/real_node-0d2460e338186a61)

running 3 tests
test r4_one_priced_tts_records_published_tariff ... ignored, requires live-run guard, R4 companion, paired client, and explicit paid TTS opt-in
test real_node_end_to_end ... ignored, needs a real etosd with gamecore-studio installed (STUDIO_REAL_APP_KEY)
test real_node_restart_recovery ... ignored, needs a real etosd and STUDIO_REAL_ETOS (restarts the agent)

test result: ok. 0 passed; 0 failed; 3 ignored; 0 measured; 0 filtered out; finished in 0.00s

     Running tests/stage_int.rs (target/debug/deps/stage_int-e9d9e47cf31621f7)

running 1 test
test r2_11_stage_int_docker_pressure_signed_verdict ... ignored, myubuntu: provision stage-int cache first; real Docker Unity via shared allocator

test result: ok. 0 passed; 0 failed; 1 ignored; 0 measured; 0 filtered out; finished in 0.00s

     Running tests/stage_lane.rs (target/debug/deps/stage_lane-ad27e8df4c7c2de6)

running 4 tests
test bad_lane_requests_are_refused ... ok
test r2_11_missing_semantic_analyzer_fails_dotnet_without_executing_candidate ... ok
test forbidden_content_fails_the_scan_and_no_code_runs ... ok
test a_candidate_is_staged_scanned_and_checked_into_its_own_slot ... ok

test result: ok. 4 passed; 0 failed; 0 ignored; 0 measured; 0 filtered out; finished in 0.63s

     Running tests/stage_licensing.rs (target/debug/deps/stage_licensing-ddb1cdd0b6638693)

running 1 test
test r2_f2_default_docker_launcher_licenses_offline_and_removes_private_state ... ignored, myubuntu only: installed Unity entitlement and gamecore-stage Docker image; host allocator

test result: ok. 0 passed; 0 failed; 1 ignored; 0 measured; 0 filtered out; finished in 0.00s

     Running tests/stage_project_root.rs (target/debug/deps/stage_project_root-3ee78041fb374a75)

running 5 tests
test r5_04_existing_slot_cannot_reuse_another_project_binding ... ok
test r5_04_revision_refuses_before_rebinding_mount ... ok
test r5_04_mount_mismatch_refuses_before_slot_creation ... ok
test r5_04_real_candidate_accepts_canonical_equivalent_source_path ... ok
test r5_04_registered_project_pins_and_mount_share_root ... ok

test result: ok. 5 passed; 0 failed; 0 ignored; 0 measured; 0 filtered out; finished in 0.32s

     Running tests/stage_real.rs (target/debug/deps/stage_real-52b62e22d9aedb66)

running 2 tests
test stage_real_negative_fixtures ... ignored, host only: batchmode Unity, dotnet and python3 (cargo test -- --ignored stage_real)
test stage_real_pressure_plate ... ignored, host only: batchmode Unity, dotnet and python3 (cargo test -- --ignored stage_real)

test result: ok. 0 passed; 0 failed; 2 ignored; 0 measured; 0 filtered out; finished in 0.00s

     Running tests/stage_tmp.rs (target/debug/deps/stage_tmp-9522fe6b9b156c16)

running 1 test
test stage_tmp_docker_cold_warm_pressure ... ignored, myubuntu: provision stage-tmp cache first; real Docker Unity via shared allocator

test result: ok. 0 passed; 0 failed; 1 ignored; 0 measured; 0 filtered out; finished in 0.00s

     Running tests/stage_tmp2.rs (target/debug/deps/stage_tmp2-591e47c972e906b9)

running 2 tests
test stage_tmp2_timeout_removes_attempt_container_before_next_attempt ... ignored, real Docker; STAGE_TMP_CACHE is a private provisioned cache; no real Unity
test stage_tmp2_streams_before_exit_and_retains_interrupted_attempts ... ok

test result: ok. 1 passed; 0 failed; 1 ignored; 0 measured; 0 filtered out; finished in 0.55s

     Running tests/stage_tmp2_acceptance.rs (target/debug/deps/stage_tmp2_acceptance-b0d42fb24bd2adc1)

running 1 test
test stage_tmp2_docker_cold_warm_pressure ... ignored, myubuntu: provision stage-tmp2 cache first; real Docker Unity via shared allocator

test result: ok. 0 passed; 0 failed; 1 ignored; 0 measured; 0 filtered out; finished in 0.00s

   Doc-tests gamecore_studio

running 0 tests

test result: ok. 0 passed; 0 failed; 0 ignored; 0 measured; 0 filtered out; finished in 0.00s

   Compiling proc-macro2 v1.0.107
   Compiling unicode-ident v1.0.26
   Compiling quote v1.0.47
   Compiling libc v0.2.190
   Compiling cfg-if v1.0.5
   Compiling memchr v2.8.3
   Compiling once_cell v1.21.4
   Compiling itoa v1.0.18
   Compiling shlex v2.0.1
   Compiling find-msvc-tools v0.1.14
   Compiling pin-project-lite v0.2.17
   Compiling serde_core v1.0.229
   Compiling stable_deref_trait v1.2.1
   Compiling version_check v0.9.5
   Compiling futures-core v0.3.34
   Compiling bytes v1.12.1
   Compiling smallvec v1.16.2
   Compiling log v0.4.34
   Compiling futures-sink v0.3.34
   Compiling getrandom v0.3.4
   Compiling zeroize v1.9.0
   Compiling zerocopy v0.8.59
   Compiling litemap v0.8.3
   Compiling autocfg v1.5.1
   Compiling futures-channel v0.3.34
   Compiling writeable v0.6.4
   Compiling cc v1.6.0
   Compiling rustls-pki-types v1.15.1
   Compiling tracing-core v0.1.36
   Compiling serde v1.0.229
   Compiling generic-array v0.14.7
   Compiling slab v0.4.12
   Compiling futures-io v0.3.34
   Compiling percent-encoding v2.3.2
   Compiling futures-task v0.3.34
   Compiling num-traits v0.2.19
   Compiling icu_properties_data v2.3.0
   Compiling utf8_iter v1.0.4
   Compiling untrusted v0.9.0
   Compiling typenum v1.20.1
   Compiling icu_normalizer_data v2.3.0
   Compiling httparse v1.10.1
   Compiling rustls v0.23.45
   Compiling subtle v2.6.1
   Compiling tower-service v0.3.3
   Compiling zmij v1.0.23
   Compiling try-lock v0.2.5
   Compiling serde_json v1.0.151
   Compiling webpki-roots v1.0.9
   Compiling http v1.5.0
   Compiling want v0.3.1
   Compiling form_urlencoded v1.2.2
   Compiling sync_wrapper v1.0.2
   Compiling thiserror v2.0.21
   Compiling cpufeatures v0.2.17
   Compiling httpdate v1.0.3
   Compiling tower-layer v0.3.3
   Compiling atomic-waker v1.1.2
   Compiling syn v3.0.6
   Compiling syn v2.0.119
   Compiling aho-corasick v1.1.5
   Compiling base64 v0.23.1
   Compiling ref-cast v1.0.27
   Compiling regex-syntax v0.8.11
   Compiling ipnet v2.12.2
   Compiling ahash v0.8.12
   Compiling base64 v0.22.1
   Compiling errno v0.3.14
   Compiling mio v1.2.4
   Compiling socket2 v0.6.5
   Compiling signal-hook-registry v1.4.8
   Compiling getrandom v0.2.17
   Compiling rand_core v0.9.5
   Compiling http-body v1.1.0
   Compiling num-integer v0.1.47
   Compiling http-body-util v0.1.5
   Compiling vcpkg v0.2.15
   Compiling ryu v1.0.23
   Compiling bitflags v2.13.2
   Compiling crypto-common v0.1.7
   Compiling block-buffer v0.10.4
   Compiling data-encoding v2.11.1
   Compiling digest v0.10.7
   Compiling num-bigint v0.4.8
   Compiling pkg-config v0.3.34
   Compiling ring v0.17.14
   Compiling lazy_static v1.5.1
   Compiling num-iter v0.1.46
   Compiling sha1 v0.10.7
   Compiling num-complex v0.4.6
   Compiling webpki-roots v0.26.11
   Compiling foldhash v0.1.5
   Compiling borrow-or-share v0.2.4
   Compiling bit-vec v0.8.0
   Compiling outref v0.5.2
   Compiling winnow v1.0.4
   Compiling hashbrown v0.15.5
   Compiling mime v0.3.17
   Compiling bit-set v0.8.0
   Compiling libsqlite3-sys v0.35.0
   Compiling uuid v1.27.0
   Compiling vsimd v0.8.0
   Compiling sharded-slab v0.1.7
   Compiling toml_parser v1.1.3+spec-1.1.0
   Compiling serde_spanned v1.1.1
   Compiling serde_path_to_error v0.1.20
   Compiling toml_datetime v0.7.5+spec-1.1.0
   Compiling sha2 v0.10.9
   Compiling tracing-log v0.2.0
   Compiling regex-automata v0.4.18
   Compiling uuid-simd v0.8.0
   Compiling hashlink v0.10.0
   Compiling thread_local v1.1.10
   Compiling fallible-iterator v0.3.0
   Compiling hex v0.4.3
   Compiling winnow v0.7.15
   Compiling fallible-streaming-iterator v0.1.9
   Compiling num-cmp v0.1.0
   Compiling toml_writer v1.1.2+spec-1.1.0
   Compiling bytecount v0.6.9
   Compiling nu-ansi-term v0.50.3
   Compiling num-rational v0.4.2
   Compiling gamecore-studio v0.1.0 (~/wkspace/gc-studio/p4.2d/studio/agent)
   Compiling matchit v0.8.4
   Compiling synstructure v0.14.0
   Compiling num v0.4.3
   Compiling ppv-lite86 v0.2.21
   Compiling fraction v0.15.4
   Compiling rand_chacha v0.9.0
   Compiling rand v0.9.5
   Compiling tracing-attributes v0.1.31
   Compiling toml v0.9.12+spec-1.1.0
   Compiling zerofrom-derive v0.1.8
   Compiling yoke-derive v0.8.4
   Compiling zerovec-derive v0.11.6
   Compiling displaydoc v0.2.7
   Compiling futures-macro v0.3.34
   Compiling tokio-macros v2.7.2
   Compiling serde_derive v1.0.229
   Compiling thiserror-impl v2.0.21
   Compiling ref-cast-impl v1.0.27
   Compiling tracing v0.1.44
   Compiling zerofrom v0.1.8
   Compiling futures-util v0.3.34
   Compiling tokio v1.53.2
   Compiling yoke v0.8.3
   Compiling axum-core v0.5.6
   Compiling zerovec v0.11.8
   Compiling zerotrie v0.2.5
   Compiling matchers v0.2.0
   Compiling fancy-regex v0.14.0
   Compiling tracing-subscriber v0.3.23
   Compiling tinystr v0.8.4
   Compiling potential_utf v0.1.6
   Compiling icu_locale_core v2.3.0
   Compiling icu_collections v2.3.0
   Compiling serde_urlencoded v0.7.1
   Compiling icu_provider v2.3.1
   Compiling fluent-uri v0.3.2
   Compiling email_address v0.2.9
   Compiling icu_properties v2.3.0
   Compiling icu_normalizer v2.3.0
   Compiling futures-executor v0.3.34
   Compiling referencing v0.26.2
   Compiling futures v0.3.34
   Compiling idna_adapter v1.2.2
   Compiling idna v1.1.0
   Compiling url v2.5.8
   Compiling jsonschema v0.26.2
   Compiling hyper v1.11.1
   Compiling tower v0.5.3
   Compiling tower-http v0.6.11
   Compiling hyper-util v0.1.21
   Compiling rustls-webpki v0.103.15
   Compiling tokio-rustls v0.26.6
   Compiling tungstenite v0.29.0
   Compiling hyper-rustls v0.27.10
   Compiling reqwest v0.12.28
   Compiling tokio-tungstenite v0.29.0
   Compiling axum v0.8.9
   Compiling etos-sdk v1.0.0 (~/wkspace/gc-studio/p4.2d/studio/agent/vendor/etos-sdk)
   Compiling rusqlite v0.37.0
    Finished `release` profile [optimized] target(s) in 1m 15s
