[2026-10-07T23:54:57.542Z][INFO] Command-line: ~/Unity/Hub/Editor/6000.0.75f1/Editor/Data/Resources/PackageManager/Server/UnityPackageManager -s 594485 -ipc -ipc-path /tmp/Unity-Upm-594485.sock -l 2 --log-file ~/wkspace/gc-studio/p4.2l/artifacts/studio/verification/W-AI-02/p42l-npc-view-20261007T235456.871621Z/upm.log
[2026-10-07T23:54:57.549Z][INFO] IPC server started (IPC path=/tmp/Unity-Upm-594485.sock).
[2026-10-07T23:54:57.549Z][INFO] Hint: To connect to this UPM instance, launch Unity with the command-line parameter -upmIpcPath Upm-594485.
[2026-10-07T23:54:58.309Z][INFO] project:add-dependency <-- Request received
params: {
  "packageId": "com.unity.toolchain.linux-x86_64"
}
[2026-10-07T23:55:17.783Z][INFO] project:add-dependency --> 200 (19474 ms)
[2026-10-07T23:55:18.160Z][INFO] project:list-packages <-- Request received
params: {}
[2026-10-07T23:55:18.252Z][INFO] project:list-packages <-- Request received
params: {}
[2026-10-07T23:55:18.261Z][INFO] project:list-packages <-- Request received
params: {}
[2026-10-07T23:55:18.278Z][INFO] config:project:get-registries <-- Request received
params: {}
[2026-10-07T23:55:18.305Z][INFO] config:project:get-registries --> 200 (28 ms)
[2026-10-07T23:55:19.667Z][INFO] project:list-packages --> 200 (1508 ms)
[2026-10-07T23:55:20.006Z][INFO] project:list-packages --> 200 (1754 ms)
[2026-10-07T23:55:21.322Z][INFO] project:list-packages --> 200 (3061 ms)
[2026-10-07T23:55:22.036Z][INFO] project:list-packages <-- Request received
params: {}
[2026-10-07T23:55:22.470Z][INFO] project:list-packages --> 200 (434 ms)
[2026-10-07T23:55:25.662Z][INFO] project:list-packages <-- Request received
params: {}
[2026-10-07T23:55:25.674Z][INFO] project:list-packages <-- Request received
params: {}
[2026-10-07T23:55:25.716Z][INFO] config:project:get-registries <-- Request received
params: {}
[2026-10-07T23:55:25.726Z][INFO] config:project:get-registries --> 200 (10 ms)
[2026-10-07T23:55:26.680Z][INFO] project:list-packages --> 200 (1018 ms)
[2026-10-07T23:55:26.732Z][INFO] project:list-packages --> 200 (1059 ms)
[2026-10-07T23:55:30.018Z][INFO] project:list-packages <-- Request received
params: {}
[2026-10-07T23:55:30.029Z][INFO] project:list-packages <-- Request received
params: {}
[2026-10-07T23:55:30.458Z][INFO] project:list-packages --> 200 (440 ms)
[2026-10-07T23:55:33.092Z][INFO] project:list-packages <-- Request received
params: {}
[2026-10-07T23:55:33.493Z][INFO] project:list-packages --> 200 (401 ms)
[2026-10-07T23:55:33.628Z][INFO] project:list-packages <-- Request received
params: {}
[2026-10-07T23:55:33.638Z][INFO] project:list-packages <-- Request received
params: {}
[2026-10-07T23:55:33.650Z][INFO] config:project:get-registries <-- Request received
params: {}
[2026-10-07T23:55:33.671Z][INFO] config:project:get-registries --> 200 (21 ms)
[2026-10-07T23:55:34.099Z][INFO] project:list-packages --> 200 (461 ms)
[2026-10-07T23:55:44.569Z][INFO] Received shutdown request (SIGINT), shutting down Unity Package Manager
