[2026-10-08T00:20:43.295Z][INFO] Command-line: ~/Unity/Hub/Editor/6000.0.75f1/Editor/Data/Resources/PackageManager/Server/UnityPackageManager -s 685478 -ipc -ipc-path /tmp/Unity-Upm-685478.sock -l 2 --log-file ~/wkspace/gc-studio/p4.2l/artifacts/studio/verification/W-REC-03/p42l-region-cancel-20261008T002042.391754Z/upm.log
[2026-10-08T00:20:43.305Z][INFO] IPC server started (IPC path=/tmp/Unity-Upm-685478.sock).
[2026-10-08T00:20:43.305Z][INFO] Hint: To connect to this UPM instance, launch Unity with the command-line parameter -upmIpcPath Upm-685478.
[2026-10-08T00:20:44.387Z][INFO] project:add-dependency <-- Request received
params: {
  "packageId": "com.unity.toolchain.linux-x86_64"
}
[2026-10-08T00:21:03.511Z][INFO] project:add-dependency --> 200 (19124 ms)
[2026-10-08T00:21:03.809Z][INFO] project:list-packages <-- Request received
params: {}
[2026-10-08T00:21:03.859Z][INFO] project:list-packages <-- Request received
params: {}
[2026-10-08T00:21:03.870Z][INFO] project:list-packages <-- Request received
params: {}
[2026-10-08T00:21:03.882Z][INFO] config:project:get-registries <-- Request received
params: {}
[2026-10-08T00:21:03.910Z][INFO] config:project:get-registries --> 200 (27 ms)
[2026-10-08T00:21:04.726Z][INFO] project:list-packages --> 200 (918 ms)
[2026-10-08T00:21:04.895Z][INFO] project:list-packages --> 200 (1036 ms)
[2026-10-08T00:21:06.115Z][INFO] project:list-packages --> 200 (2245 ms)
[2026-10-08T00:21:06.593Z][INFO] project:list-packages <-- Request received
params: {}
[2026-10-08T00:21:06.915Z][INFO] project:list-packages --> 200 (322 ms)
[2026-10-08T00:21:09.476Z][INFO] project:list-packages <-- Request received
params: {}
[2026-10-08T00:21:09.486Z][INFO] project:list-packages <-- Request received
params: {}
[2026-10-08T00:21:09.496Z][INFO] config:project:get-registries <-- Request received
params: {}
[2026-10-08T00:21:09.517Z][INFO] config:project:get-registries --> 200 (21 ms)
[2026-10-08T00:21:10.254Z][INFO] project:list-packages --> 200 (778 ms)
[2026-10-08T00:21:10.323Z][INFO] project:list-packages --> 200 (837 ms)
[2026-10-08T00:21:13.888Z][INFO] project:list-packages <-- Request received
params: {}
[2026-10-08T00:21:13.900Z][INFO] project:list-packages <-- Request received
params: {}
[2026-10-08T00:21:14.394Z][INFO] project:list-packages --> 200 (506 ms)
[2026-10-08T00:21:14.427Z][INFO] project:list-packages --> 200 (527 ms)
[2026-10-08T00:21:16.510Z][INFO] project:list-packages <-- Request received
params: {}
[2026-10-08T00:21:16.891Z][INFO] project:list-packages --> 200 (381 ms)
[2026-10-08T00:21:17.030Z][INFO] project:list-packages <-- Request received
params: {}
[2026-10-08T00:21:17.040Z][INFO] project:list-packages <-- Request received
params: {}
[2026-10-08T00:21:17.051Z][INFO] config:project:get-registries <-- Request received
params: {}
[2026-10-08T00:21:17.059Z][INFO] config:project:get-registries --> 200 (8 ms)
[2026-10-08T00:21:17.383Z][INFO] project:list-packages --> 200 (343 ms)
[2026-10-08T00:21:24.877Z][INFO] Received shutdown request (SIGINT), shutting down Unity Package Manager
