[2026-10-07T19:17:55.562Z][INFO] Command-line: ~/Unity/Hub/Editor/6000.0.75f1/Editor/Data/Resources/PackageManager/Server/UnityPackageManager -s 3922844 -ipc -ipc-path /tmp/Unity-Upm-3922844.sock -l 2 --log-file ~/wkspace/gc-studio/p4.2k/artifacts/studio/verification/W-EDIT-01/p42k-move-20261007T191754.881437Z/upm.log
[2026-10-07T19:17:55.568Z][INFO] IPC server started (IPC path=/tmp/Unity-Upm-3922844.sock).
[2026-10-07T19:17:55.569Z][INFO] Hint: To connect to this UPM instance, launch Unity with the command-line parameter -upmIpcPath Upm-3922844.
[2026-10-07T19:17:56.481Z][INFO] project:add-dependency <-- Request received
params: {
  "packageId": "com.unity.toolchain.linux-x86_64"
}
[2026-10-07T19:18:15.513Z][INFO] project:add-dependency --> 200 (19032 ms)
[2026-10-07T19:18:15.877Z][INFO] project:list-packages <-- Request received
params: {}
[2026-10-07T19:18:15.968Z][INFO] project:list-packages <-- Request received
params: {}
[2026-10-07T19:18:15.979Z][INFO] project:list-packages <-- Request received
params: {}
[2026-10-07T19:18:15.998Z][INFO] config:project:get-registries <-- Request received
params: {}
[2026-10-07T19:18:16.037Z][INFO] config:project:get-registries --> 200 (39 ms)
[2026-10-07T19:18:17.615Z][INFO] project:list-packages --> 200 (1739 ms)
[2026-10-07T19:18:18.060Z][INFO] project:list-packages --> 200 (2092 ms)
[2026-10-07T19:18:19.205Z][INFO] project:list-packages --> 200 (3226 ms)
[2026-10-07T19:18:20.465Z][INFO] project:list-packages <-- Request received
params: {}
[2026-10-07T19:18:20.965Z][INFO] project:list-packages --> 200 (500 ms)
[2026-10-07T19:18:24.281Z][INFO] project:list-packages <-- Request received
params: {}
[2026-10-07T19:18:24.293Z][INFO] project:list-packages <-- Request received
params: {}
[2026-10-07T19:18:24.305Z][INFO] config:project:get-registries <-- Request received
params: {}
[2026-10-07T19:18:24.342Z][INFO] config:project:get-registries --> 200 (37 ms)
[2026-10-07T19:18:25.382Z][INFO] project:list-packages --> 200 (1101 ms)
[2026-10-07T19:18:25.420Z][INFO] project:list-packages --> 200 (1127 ms)
[2026-10-07T19:18:28.987Z][INFO] project:list-packages <-- Request received
params: {}
[2026-10-07T19:18:28.998Z][INFO] project:list-packages <-- Request received
params: {}
[2026-10-07T19:18:29.399Z][INFO] project:list-packages --> 200 (412 ms)
[2026-10-07T19:18:41.698Z][INFO] project:list-packages <-- Request received
params: {}
[2026-10-07T19:18:42.286Z][INFO] project:list-packages --> 200 (588 ms)
[2026-10-07T19:18:42.421Z][INFO] project:list-packages <-- Request received
params: {}
[2026-10-07T19:18:42.432Z][INFO] project:list-packages <-- Request received
params: {}
[2026-10-07T19:18:42.447Z][INFO] config:project:get-registries <-- Request received
params: {}
[2026-10-07T19:18:42.490Z][INFO] config:project:get-registries --> 200 (43 ms)
[2026-10-07T19:18:43.204Z][INFO] project:list-packages --> 200 (772 ms)
[2026-10-07T19:18:47.027Z][INFO] project:list-packages --> 200 (4606 ms)
[2026-10-07T19:18:47.029Z][INFO] project:list-packages --> 200 (18031 ms)
[2026-10-07T19:19:47.410Z][INFO] Received shutdown request (SIGINT), shutting down Unity Package Manager
