[2026-10-07T19:12:36.291Z][INFO] Command-line: ~/Unity/Hub/Editor/6000.0.75f1/Editor/Data/Resources/PackageManager/Server/UnityPackageManager -s 3906181 -ipc -ipc-path /tmp/Unity-Upm-3906181.sock -l 2 --log-file ~/wkspace/gc-studio/p4.2k/artifacts/studio/verification/W-AI-02/p42k-npc-view-20261007T191235.565763Z/upm.log
[2026-10-07T19:12:36.298Z][INFO] IPC server started (IPC path=/tmp/Unity-Upm-3906181.sock).
[2026-10-07T19:12:36.299Z][INFO] Hint: To connect to this UPM instance, launch Unity with the command-line parameter -upmIpcPath Upm-3906181.
[2026-10-07T19:12:37.007Z][INFO] project:add-dependency <-- Request received
params: {
  "packageId": "com.unity.toolchain.linux-x86_64"
}
[2026-10-07T19:12:55.436Z][INFO] project:add-dependency --> 200 (18429 ms)
[2026-10-07T19:12:55.698Z][INFO] project:list-packages <-- Request received
params: {}
[2026-10-07T19:12:55.751Z][INFO] project:list-packages <-- Request received
params: {}
[2026-10-07T19:12:55.761Z][INFO] project:list-packages <-- Request received
params: {}
[2026-10-07T19:12:55.769Z][INFO] config:project:get-registries <-- Request received
params: {}
[2026-10-07T19:12:55.794Z][INFO] config:project:get-registries --> 200 (25 ms)
[2026-10-07T19:12:56.713Z][INFO] project:list-packages --> 200 (1015 ms)
[2026-10-07T19:12:56.940Z][INFO] project:list-packages --> 200 (1189 ms)
[2026-10-07T19:12:58.126Z][INFO] project:list-packages --> 200 (2365 ms)
[2026-10-07T19:12:58.472Z][INFO] project:list-packages <-- Request received
params: {}
[2026-10-07T19:12:58.804Z][INFO] project:list-packages --> 200 (332 ms)
[2026-10-07T19:13:01.418Z][INFO] project:list-packages <-- Request received
params: {}
[2026-10-07T19:13:01.428Z][INFO] project:list-packages <-- Request received
params: {}
[2026-10-07T19:13:01.438Z][INFO] config:project:get-registries <-- Request received
params: {}
[2026-10-07T19:13:01.464Z][INFO] config:project:get-registries --> 200 (26 ms)
[2026-10-07T19:13:02.216Z][INFO] project:list-packages --> 200 (798 ms)
[2026-10-07T19:13:02.278Z][INFO] project:list-packages --> 200 (850 ms)
[2026-10-07T19:13:05.046Z][INFO] project:list-packages <-- Request received
params: {}
[2026-10-07T19:13:05.059Z][INFO] project:list-packages <-- Request received
params: {}
[2026-10-07T19:13:05.521Z][INFO] project:list-packages --> 200 (475 ms)
[2026-10-07T19:13:05.558Z][INFO] project:list-packages --> 200 (499 ms)
[2026-10-07T19:13:07.812Z][INFO] project:list-packages <-- Request received
params: {}
[2026-10-07T19:13:08.166Z][INFO] project:list-packages --> 200 (355 ms)
[2026-10-07T19:13:08.327Z][INFO] project:list-packages <-- Request received
params: {}
[2026-10-07T19:13:08.337Z][INFO] project:list-packages <-- Request received
params: {}
[2026-10-07T19:13:08.348Z][INFO] config:project:get-registries <-- Request received
params: {}
[2026-10-07T19:13:08.362Z][INFO] config:project:get-registries --> 200 (14 ms)
[2026-10-07T19:13:08.723Z][INFO] project:list-packages --> 200 (386 ms)
[2026-10-07T19:13:16.825Z][INFO] Received shutdown request (SIGINT), shutting down Unity Package Manager
