[2026-10-07T04:49:25.741Z][INFO] Command-line: ~/Unity/Hub/Editor/6000.0.75f1/Editor/Data/Resources/PackageManager/Server/UnityPackageManager -s 1278575 -ipc -ipc-path /tmp/Unity-Upm-1278575.sock -l 2 --log-file ~/wkspace/gc-studio/p4.2i/artifacts/studio/verification/GRAPHICAL/p42i-graphics-20261007T044925.083020Z/upm.log
[2026-10-07T04:49:25.747Z][INFO] IPC server started (IPC path=/tmp/Unity-Upm-1278575.sock).
[2026-10-07T04:49:25.747Z][INFO] Hint: To connect to this UPM instance, launch Unity with the command-line parameter -upmIpcPath Upm-1278575.
[2026-10-07T04:49:26.418Z][INFO] project:add-dependency <-- Request received
params: {
  "packageId": "com.unity.toolchain.linux-x86_64"
}
[2026-10-07T04:49:54.975Z][INFO] project:add-dependency --> 200 (28558 ms)
[2026-10-07T04:49:55.373Z][INFO] project:list-packages <-- Request received
params: {}
[2026-10-07T04:49:55.457Z][INFO] project:list-packages <-- Request received
params: {}
[2026-10-07T04:49:55.468Z][INFO] project:list-packages <-- Request received
params: {}
[2026-10-07T04:49:55.475Z][INFO] config:project:get-registries <-- Request received
params: {}
[2026-10-07T04:49:55.515Z][INFO] config:project:get-registries --> 200 (40 ms)
[2026-10-07T04:49:56.849Z][INFO] project:list-packages --> 200 (1475 ms)
[2026-10-07T04:49:57.214Z][INFO] project:list-packages --> 200 (1757 ms)
[2026-10-07T04:49:59.035Z][INFO] project:list-packages --> 200 (3567 ms)
[2026-10-07T04:49:59.267Z][INFO] project:list-packages <-- Request received
params: {}
[2026-10-07T04:49:59.752Z][INFO] project:list-packages --> 200 (485 ms)
[2026-10-07T04:50:03.314Z][INFO] project:list-packages <-- Request received
params: {}
[2026-10-07T04:50:03.327Z][INFO] project:list-packages <-- Request received
params: {}
[2026-10-07T04:50:03.335Z][INFO] config:project:get-registries <-- Request received
params: {}
[2026-10-07T04:50:03.342Z][INFO] config:project:get-registries --> 200 (7 ms)
[2026-10-07T04:50:04.020Z][INFO] project:list-packages --> 200 (693 ms)
[2026-10-07T04:50:06.891Z][INFO] project:list-packages <-- Request received
params: {}
[2026-10-07T04:50:06.902Z][INFO] project:list-packages <-- Request received
params: {}
[2026-10-07T04:50:07.612Z][INFO] project:list-packages --> 200 (720 ms)
[2026-10-07T04:50:26.842Z][INFO] Received shutdown request (SIGINT), shutting down Unity Package Manager
