The selected window backend is x11 
Input System module state changed to: Initialized.
Display 0 'U32J59x 31"': 1920x1080 (primary device).
[Physics::Module] Initialized fallback backend.
[Physics::Module] Id: 0xdecafbad
Desktop is 1920 x 1080 @ 60 Hz
Initialize engine version: 6000.0.75f1 (26349cd2a5c8)
[Subsystems] Discovering subsystems at path ~/wkspace/gc-studio/p4.2j/.evidence/P42jPlayer/player/Hollowmere_Data/UnitySubsystems
kGfxThreadingModeClientWorkerNativeJobs is not supported on OpenGL Core. Reverting to kGfxThreadingModeClientWorkerJobs instead.
GfxDevice: creating device client; kGfxThreadingModeClientWorkerJobs
Renderer: NVIDIA GeForce RTX 4060 Ti/PCIe/SSE2
Vendor:   NVIDIA Corporation
Version:  4.5.0 NVIDIA 595.84
GLES:     0
 GL_AMD_multi_draw_indirect GL_AMD_seamless_cubemap_per_texture GL_AMD_vertex_shader_viewport_index GL_AMD_vertex_shader_layer GL_ARB_arrays_of_arrays GL_ARB_base_instance GL_ARB_bindless_texture GL_ARB_blend_func_extended GL_ARB_buffer_storage GL_ARB_clear_buffer_object GL_ARB_clear_texture GL_ARB_clip_control GL_ARB_color_buffer_float GL_ARB_compressed_texture_pixel_storage GL_ARB_conservative_depth GL_ARB_compute_shader GL_ARB_compute_variable_group_size GL_ARB_conditional_render_inverted GL_ARB_copy_buffer GL_ARB_copy_image GL_ARB_cull_distance GL_ARB_debug_output GL_ARB_depth_buffer_float GL_ARB_depth_clamp GL_ARB_depth_texture GL_ARB_derivative_control GL_ARB_direct_state_access GL_ARB_draw_buffers GL_ARB_draw_buffers_blend GL_ARB_draw_indirect GL_ARB_draw_elements_base_vertex GL_ARB_draw_instanced GL_ARB_enhanced_layouts GL_ARB_ES2_compatibility GL_ARB_ES3_compatibility GL_ARB_ES3_1_compatibility GL_ARB_ES3_2_compatibility GL_ARB_explicit_attrib_location GL_ARB_explicit_uniform_location GL_ARB_fragmen
t_coord_conventions GL_ARB_fragment_layer_viewport GL_ARB_fragment_program GL_ARB_fragment_program_shadow GL_ARB_fragment_shader GL_ARB_fragment_shader_interlock GL_ARB_framebuffer_no_attachments GL_ARB_framebuffer_object GL_ARB_framebuffer_sRGB GL_ARB_geometry_shader4 GL_ARB_get_program_binary GL_ARB_get_texture_sub_image GL_ARB_gl_spirv GL_ARB_gpu_shader5 GL_ARB_gpu_shader_fp64 GL_ARB_gpu_shader_int64 GL_ARB_half_float_pixel GL_ARB_half_float_vertex GL_ARB_imaging GL_ARB_indirect_parameters GL_ARB_instanced_arrays GL_ARB_internalformat_query GL_ARB_internalformat_query2 GL_ARB_invalidate_subdata GL_ARB_map_buffer_alignment GL_ARB_map_buffer_range GL_ARB_multi_bind GL_ARB_multi_draw_indirect GL_ARB_multisample GL_ARB_multitexture GL_ARB_occlusion_query GL_ARB_occlusion_query2 GL_ARB_parallel_shader_compile GL_ARB_pipeline_statistics_query GL_ARB_pixel_buffer_object GL_ARB_point_parameters GL_ARB_point_sprite GL_ARB_polygon_offset_clamp GL_ARB_post_depth_coverage GL_ARB_program_interface_query GL_ARB_provoki
ng_vertex GL_ARB_query_buffer_object GL_ARB_robust_buffer_access_behavior GL_ARB_robustness GL_ARB_sample_locations GL_ARB_sample_shading GL_ARB_sampler_objects GL_ARB_seamless_cube_map GL_ARB_seamless_cubemap_per_texture GL_ARB_separate_shader_objects GL_ARB_shader_atomic_counter_ops GL_ARB_shader_atomic_counters GL_ARB_shader_ballot GL_ARB_shader_bit_encoding GL_ARB_shader_clock GL_ARB_shader_draw_parameters GL_ARB_shader_group_vote GL_ARB_shader_image_load_store GL_ARB_shader_image_size GL_ARB_shader_objects GL_ARB_shader_precision GL_ARB_shader_storage_buffer_object GL_ARB_shader_subroutine GL_ARB_shader_texture_image_samples GL_ARB_shader_texture_lod GL_ARB_shading_language_100 GL_ARB_shader_viewport_layer_array GL_ARB_shading_language_420pack GL_ARB_shading_language_include GL_ARB_shading_language_packing GL_ARB_shadow GL_ARB_sparse_buffer GL_ARB_sparse_texture GL_ARB_sparse_texture2 GL_ARB_sparse_texture_clamp GL_ARB_spirv_extensions GL_ARB_stencil_texturing GL_ARB_sync GL_ARB_tessellation_shader GL_A
RB_texture_barrier GL_ARB_texture_border_clamp GL_ARB_texture_buffer_object GL_ARB_texture_buffer_object_rgb32 GL_ARB_texture_buffer_range GL_ARB_texture_compression GL_ARB_texture_compression_bptc GL_ARB_texture_compression_rgtc GL_ARB_texture_cube_map GL_ARB_texture_cube_map_array GL_ARB_texture_env_add GL_ARB_texture_env_combine GL_ARB_texture_env_crossbar GL_ARB_texture_env_dot3 GL_ARB_texture_filter_anisotropic GL_ARB_texture_filter_minmax GL_ARB_texture_float GL_ARB_texture_gather GL_ARB_texture_mirror_clamp_to_edge GL_ARB_texture_mirrored_repeat GL_ARB_texture_multisample GL_ARB_texture_non_power_of_two GL_ARB_texture_query_levels GL_ARB_texture_query_lod GL_ARB_texture_rectangle GL_ARB_texture_rg GL_ARB_texture_rgb10_a2ui GL_ARB_texture_stencil8 GL_ARB_texture_storage GL_ARB_texture_storage_multisample GL_ARB_texture_swizzle GL_ARB_texture_view GL_ARB_timer_query GL_ARB_transform_feedback2 GL_ARB_transform_feedback3 GL_ARB_transform_feedback_instanced GL_ARB_transform_feedback_overflow_query GL_ARB_t
ranspose_matrix GL_ARB_uniform_buffer_object GL_ARB_vertex_array_bgra GL_ARB_vertex_array_object GL_ARB_vertex_attrib_64bit GL_ARB_vertex_attrib_binding GL_ARB_vertex_buffer_object GL_ARB_vertex_program GL_ARB_vertex_shader GL_ARB_vertex_type_10f_11f_11f_rev GL_ARB_vertex_type_2_10_10_10_rev GL_ARB_viewport_array GL_ARB_window_pos GL_ATI_draw_buffers GL_ATI_texture_float GL_ATI_texture_mirror_once GL_S3_s3tc GL_EXT_texture_env_add GL_EXT_abgr GL_EXT_bgra GL_EXT_bindable_uniform GL_EXT_blend_color GL_EXT_blend_equation_separate GL_EXT_blend_func_separate GL_EXT_blend_minmax GL_EXT_blend_subtract GL_EXT_compiled_vertex_array GL_EXT_Cg_shader GL_EXT_depth_bounds_test GL_EXT_direct_state_access GL_EXT_draw_buffers2 GL_EXT_draw_instanced GL_EXT_draw_range_elements GL_EXT_fog_coord GL_EXT_framebuffer_blit GL_EXT_framebuffer_multisample GL_EXTX_framebuffer_mixed_formats GL_EXT_framebuffer_multisample_blit_scaled GL_EXT_framebuffer_object GL_EXT_framebuffer_sRGB GL_EXT_geometry_shader4 GL_EXT_gpu_program_parameters 
GL_EXT_gpu_shader4 GL_EXT_multi_draw_arrays GL_EXT_multiview_texture_multisample GL_EXT_multiview_timer_query GL_EXT_packed_depth_stencil GL_EXT_packed_float GL_EXT_packed_pixels GL_EXT_pixel_buffer_object GL_EXT_point_parameters GL_EXT_polygon_offset_clamp GL_EXT_post_depth_coverage GL_EXT_provoking_vertex GL_EXT_raster_multisample GL_EXT_rescale_normal GL_EXT_secondary_color GL_EXT_separate_shader_objects GL_EXT_separate_specular_color GL_EXT_shader_image_load_formatted GL_EXT_shader_image_load_store GL_EXT_shader_integer_mix GL_EXT_shadow_funcs GL_EXT_sparse_texture2 GL_EXT_stencil_two_side GL_EXT_stencil_wrap GL_EXT_texture3D GL_EXT_texture_array GL_EXT_texture_buffer_object GL_EXT_texture_compression_dxt1 GL_EXT_texture_compression_latc GL_EXT_texture_compression_rgtc GL_EXT_texture_compression_s3tc GL_EXT_texture_cube_map GL_EXT_texture_edge_clamp GL_EXT_texture_env_combine GL_EXT_texture_env_dot3 GL_EXT_texture_filter_anisotropic GL_EXT_texture_filter_minmax GL_EXT_texture_integer GL_EXT_texture_lod G
L_EXT_texture_lod_bias GL_EXT_texture_mirror_clamp GL_EXT_texture_object GL_EXT_texture_shadow_lod GL_EXT_texture_shared_exponent GL_EXT_texture_sRGB GL_EXT_texture_sRGB_R8 GL_EXT_texture_sRGB_decode GL_EXT_texture_storage GL_EXT_texture_swizzle GL_EXT_timer_query GL_EXT_transform_feedback2 GL_EXT_vertex_array GL_EXT_vertex_array_bgra GL_EXT_vertex_attrib_64bit GL_EXT_window_rectangles GL_EXT_x11_sync_object GL_EXT_import_sync_object GL_NV_robustness_video_memory_purge GL_IBM_rasterpos_clip GL_IBM_texture_mirrored_repeat GL_KHR_context_flush_control GL_KHR_debug GL_EXT_memory_object GL_EXT_memory_object_fd GL_NV_memory_object_sparse GL_KHR_parallel_shader_compile GL_KHR_no_error GL_KHR_robust_buffer_access_behavior GL_KHR_robustness GL_EXT_semaphore GL_EXT_semaphore_fd GL_NV_timeline_semaphore GL_KHR_shader_subgroup GL_KTX_buffer_region GL_NV_alpha_to_coverage_dither_control GL_NV_bindless_multi_draw_indirect GL_NV_bindless_multi_draw_indirect_count GL_NV_bindless_texture GL_NV_blend_equation_advanced GL_NV_
blend_equation_advanced_coherent GL_NVX_blend_equation_advanced_multi_draw_buffers GL_NV_blend_minmax_factor GL_NV_blend_square GL_NV_clip_space_w_scaling GL_NV_command_list GL_NV_compute_program5 GL_NV_compute_shader_derivatives GL_NV_conditional_render GL_NV_conservative_raster GL_NV_conservative_raster_dilate GL_NV_conservative_raster_pre_snap GL_NV_conservative_raster_pre_snap_triangles GL_NV_conservative_raster_underestimation GL_NV_copy_depth_to_color GL_NV_copy_image GL_NV_depth_buffer_float GL_NV_depth_clamp GL_NV_draw_texture GL_NV_draw_vulkan_image GL_NV_ES1_1_compatibility GL_NV_ES3_1_compatibility GL_NV_explicit_multisample GL_NV_feature_query GL_NV_fence GL_NV_fill_rectangle GL_NV_float_buffer GL_NV_fog_distance GL_NV_fragment_coverage_to_color GL_NV_fragment_program GL_NV_fragment_program_option GL_NV_fragment_program2 GL_NV_fragment_shader_barycentric GL_NV_fragment_shader_interlock GL_NV_framebuffer_mixed_samples GL_NV_framebuffer_multisample_coverage GL_NV_geometry_shader4 GL_NV_geometry_sha
der_passthrough GL_NV_gpu_program4 GL_NV_internalformat_sample_query GL_NV_gpu_program4_1 GL_NV_gpu_program5 GL_NV_gpu_program5_mem_extended GL_NV_gpu_program_fp64 GL_NV_gpu_program_multiview GL_NV_gpu_shader5 GL_NV_half_float GL_NV_light_max_exponent GL_NV_memory_attachment GL_NV_mesh_shader GL_NV_multisample_coverage GL_NV_multisample_filter_hint GL_NV_occlusion_query GL_NV_packed_depth_stencil GL_NV_parameter_buffer_object GL_NV_parameter_buffer_object2 GL_NV_path_rendering GL_NV_path_rendering_shared_edge GL_NV_pixel_data_range GL_NV_point_sprite GL_NV_primitive_restart GL_NV_primitive_shading_rate GL_NV_query_resource GL_NV_query_resource_tag GL_NV_register_combiners GL_NV_register_combiners2 GL_NV_representative_fragment_test GL_NV_sample_locations GL_NV_sample_mask_override_coverage GL_NV_scissor_exclusive GL_NV_shader_atomic_counters GL_NV_shader_atomic_float GL_NV_shader_atomic_float64 GL_NV_shader_atomic_fp16_vector GL_NV_shader_atomic_int64 GL_NV_shader_buffer_load GL_NV_shader_storage_buffer_obje
ct GL_NV_shader_subgroup_partitioned GL_NV_shader_texture_footprint GL_NV_shading_rate_image GL_NV_stereo_view_rendering GL_NV_texgen_reflection GL_NV_texture_barrier GL_NV_texture_compression_vtc GL_NV_texture_dirty_tile_map GL_NV_texture_env_combine4 GL_NV_texture_multisample GL_NV_texture_rectangle GL_NV_texture_rectangle_compressed GL_NV_texture_shader GL_NV_texture_shader2 GL_NV_texture_shader3 GL_NV_transform_feedback GL_NV_transform_feedback2 GL_NV_uniform_buffer_unified_memory GL_NV_uniform_buffer_std430_layout GL_NV_vdpau_interop GL_NV_vdpau_interop2 GL_NV_vertex_array_range GL_NV_vertex_array_range2 GL_NV_vertex_attrib_integer_64bit GL_NV_vertex_buffer_unified_memory GL_NV_vertex_program GL_NV_vertex_program1_1 GL_NV_vertex_program2 GL_NV_vertex_program2_option GL_NV_vertex_program3 GL_NV_viewport_array2 GL_NV_viewport_swizzle GL_NVX_conditional_render GL_NV_gpu_multicast GL_NVX_progress_fence GL_NVX_gpu_memory_info GL_NVX_nvenc_interop GL_NV_shader_thread_group GL_NV_shader_thread_shuffle GL_KHR_b
lend_equation_advanced GL_KHR_blend_equation_advanced_coherent GL_OVR_multiview GL_OVR_multiview2 GL_SGIS_generate_mipmap GL_SGIS_texture_lod GL_SGIX_depth_texture GL_SGIX_shadow GL_SUN_slice_accum
OPENGL LOG: Creating OpenGL 4.5 graphics device ; Context level  <OpenGL 4.5> ; Context handle 849948184
[Physics::Module] Selected backend.
[Physics::Module] Name: PhysX
[Physics::Module] Id: 0xf2b8ea05
[Physics::Module] SDK Version: 4.1.2
[Physics::Module] Integration Version: 1.0.0
[Physics::Module] Threading Mode: Multi-Threaded
[Hollowmere] registered the application definition at SubsystemRegistration (11 plugins)
UnityEngine.DebugLogHandler:Internal_Log(LogType, LogOption, String, Object)
Hollowmere.Boot.HollowmereApplication:RegisterAtStartup()

Default vsync count 1
requesting resize 1920 x 1080
Using native desktop resolution 1920 x 1080
requesting fullscreen 1920 x 1080 at 0/1 Hz
Desktop is 1920 x 1080 @ 60 Hz
Disable old input system
UnloadTime: 0.302713 ms
[Hollowmere] adopted the application root registered at SubsystemRegistration
UnityEngine.DebugLogHandler:Internal_Log(LogType, LogOption, String, Object)
Hollowmere.Boot.GameBoot:Adopt(HollowmereApplication)
Hollowmere.Boot.GameBoot:Start()

[Hollowmere] frame pacing vsync=0 target=-1
UnityEngine.DebugLogHandler:Internal_Log(LogType, LogOption, String, Object)
Hollowmere.Game.FrameProfile:Configure(GameObject)
Hollowmere.Game.HollowmerePersistentSession:Begin(HollowmereCommandLine)
Hollowmere.Game.HollowmerePersistentSession:Ensure(HollowmereCommandLine)
Hollowmere.Game.HollowmereGame:Start()

[Hollowmere] frame log -> ~/wkspace/gc-studio/p4.2j/.evidence/P42jLifecycleOwned/save-quit-frames.csv
UnityEngine.DebugLogHandler:Internal_Log(LogType, LogOption, String, Object)
Hollowmere.Game.HollowmerePersistentSession:Begin(HollowmereCommandLine)
Hollowmere.Game.HollowmerePersistentSession:Ensure(HollowmereCommandLine)
Hollowmere.Game.HollowmereGame:Start()

[autoplay] script with 112 commands, quitAfterFrames=0 frame=1
UnityEngine.DebugLogHandler:Internal_Log(LogType, LogOption, String, Object)
Hollowmere.Game.AutoplayRunner:Run(AutoplayScript, IAutoplayHost, Int32)
Hollowmere.Game.HollowmerePersistentSession:Begin(HollowmereCommandLine)
Hollowmere.Game.HollowmerePersistentSession:Ensure(HollowmereCommandLine)
Hollowmere.Game.HollowmereGame:Start()

RenderGraph is now enabled.
UnityEngine.DebugLogHandler:Internal_Log(LogType, LogOption, String, Object)
UnityEngine.Rendering.Universal.UniversalRenderPipeline:.ctor(UniversalRenderPipelineAsset)
UnityEngine.Rendering.Universal.UniversalRenderPipelineAsset:CreatePipeline()
UnityEngine.Rendering.RenderPipelineAsset:InternalCreatePipeline()
UnityEngine.Rendering.RenderPipelineManager:TryPrepareRenderPipeline(RenderPipelineAsset)
UnityEngine.Rendering.RenderPipelineManager:DoRenderLoop_Internal(RenderPipelineAsset, IntPtr, Object)

[Hollowmere] menu presented frame=3 input=True focus=menu-new
UnityEngine.DebugLogHandler:Internal_Log(LogType, LogOption, String, Object)
Hollowmere.UiAudio.<Warm>d__11:MoveNext()
UnityEngine.SetupCoroutine:InvokeMoveNext(IEnumerator, IntPtr)

[autoplay] 3 waituntil ready timeout 120 frame=4
UnityEngine.DebugLogHandler:Internal_Log(LogType, LogOption, String, Object)
Hollowmere.Game.AutoplayRunner:Begin(AutoplayCommand)
Hollowmere.Game.AutoplayRunner:Update()

[autoplay] 3 reached 'ready' after 0.00 s (Running)
UnityEngine.DebugLogHandler:Internal_Log(LogType, LogOption, String, Object)
Hollowmere.Game.AutoplayRunner:Step(AutoplayCommand)
Hollowmere.Game.AutoplayRunner:Update()

[autoplay] 4 waituntil lifecycle menu timeout 30 frame=4
UnityEngine.DebugLogHandler:Internal_Log(LogType, LogOption, String, Object)
Hollowmere.Game.AutoplayRunner:Begin(AutoplayCommand)
Hollowmere.Game.AutoplayRunner:Update()

[R7-C lifecycle] PASS stage=menu menu screen=Menu state={"region":"11e8dd95-6622-43d0-8b48-5e17b72f0bb8","position":{"x":0.0,"y":0.0,"z":-12.0},"quest":0,"stage":0,"branch":0,"outcome":0,"lantern":0,"clapper":0,"coins":2,"rumour":0,"gate":0,"shrine":0,"bell":0,"ending":0} attaches=1 restores=0
UnityEngine.DebugLogHandler:Internal_Log(LogType, LogOption, String, Object)
Hollowmere.Game.HollowmereLifecycleAudit:CheckStage(HollowmereGame, String, String&)
Hollowmere.Game.HollowmereConditions:Check(HollowmereGame, String, String&)
Hollowmere.Game.AutoplayRunner:Step(AutoplayCommand)
Hollowmere.Game.AutoplayRunner:Update()

[autoplay] 4 reached 'lifecycle menu' after 0.00 s (menu screen=Menu state={"region":"11e8dd95-6622-43d0-8b48-5e17b72f0bb8","position":{"x":0.0,"y":0.0,"z":-12.0},"quest":0,"stage":0,"branch":0,"outcome":0,"lantern":0,"clapper":0,"coins":2,"rumour":0,"gate":0,"shrine":0,"bell":0,"ending":0} attaches=1 restores=0)
UnityEngine.DebugLogHandler:Internal_Log(LogType, LogOption, String, Object)
Hollowmere.Game.AutoplayRunner:Step(AutoplayCommand)
Hollowmere.Game.AutoplayRunner:Update()

[autoplay] 5 wait 8 frame=4
UnityEngine.DebugLogHandler:Internal_Log(LogType, LogOption, String, Object)
Hollowmere.Game.AutoplayRunner:Begin(AutoplayCommand)
Hollowmere.Game.AutoplayRunner:Update()

[autoplay] 6 ui newgame frame=4592
UnityEngine.DebugLogHandler:Internal_Log(LogType, LogOption, String, Object)
Hollowmere.Game.AutoplayRunner:Begin(AutoplayCommand)
Hollowmere.Game.AutoplayRunner:Update()

[autoplay] 7 waituntil lifecycle newgame timeout 120 frame=4592
UnityEngine.DebugLogHandler:Internal_Log(LogType, LogOption, String, Object)
Hollowmere.Game.AutoplayRunner:Begin(AutoplayCommand)
Hollowmere.Game.AutoplayRunner:Update()

[R7-C lifecycle] PASS stage=newgame newgame screen=Hud state={"region":"11e8dd95-6622-43d0-8b48-5e17b72f0bb8","position":{"x":0.25,"y":0.0,"z":-12.0},"quest":0,"stage":0,"branch":0,"outcome":0,"lantern":0,"clapper":0,"coins":2,"rumour":0,"gate":0,"shrine":0,"bell":0,"ending":0} attaches=1 restores=0
UnityEngine.DebugLogHandler:Internal_Log(LogType, LogOption, String, Object)
Hollowmere.Game.HollowmereLifecycleAudit:CheckStage(HollowmereGame, String, String&)
Hollowmere.Game.HollowmereConditions:Check(HollowmereGame, String, String&)
Hollowmere.Game.AutoplayRunner:Step(AutoplayCommand)
Hollowmere.Game.AutoplayRunner:Update()

[autoplay] 7 reached 'lifecycle newgame' after 0.00 s (newgame screen=Hud state={"region":"11e8dd95-6622-43d0-8b48-5e17b72f0bb8","position":{"x":0.25,"y":0.0,"z":-12.0},"quest":0,"stage":0,"branch":0,"outcome":0,"lantern":0,"clapper":0,"coins":2,"rumour":0,"gate":0,"shrine":0,"bell":0,"ending":0} attaches=1 restores=0)
UnityEngine.DebugLogHandler:Internal_Log(LogType, LogOption, String, Object)
Hollowmere.Game.AutoplayRunner:Step(AutoplayCommand)
Hollowmere.Game.AutoplayRunner:Update()

[autoplay] 8 wait 4 frame=4593
UnityEngine.DebugLogHandler:Internal_Log(LogType, LogOption, String, Object)
Hollowmere.Game.AutoplayRunner:Begin(AutoplayCommand)
Hollowmere.Game.AutoplayRunner:Update()

[autoplay] 9 walk -2 -6 frame=6521
UnityEngine.DebugLogHandler:Internal_Log(LogType, LogOption, String, Object)
Hollowmere.Game.AutoplayRunner:Begin(AutoplayCommand)
Hollowmere.Game.AutoplayRunner:Update()

[autoplay] 9 arrived at (-1.67, -6.94) after 2.15 s
UnityEngine.DebugLogHandler:Internal_Log(LogType, LogOption, String, Object)
Hollowmere.Game.AutoplayRunner:Walk(AutoplayCommand, Single)
Hollowmere.Game.AutoplayRunner:Step(AutoplayCommand)
Hollowmere.Game.AutoplayRunner:Update()

[autoplay] 10 mark voice-maren frame=7497
UnityEngine.DebugLogHandler:Internal_Log(LogType, LogOption, String, Object)
Hollowmere.Game.AutoplayRunner:Begin(AutoplayCommand)
Hollowmere.Game.AutoplayRunner:Update()

[autoplay] 11 approach Maren within 1.8 timeout 40 frame=7497
UnityEngine.DebugLogHandler:Internal_Log(LogType, LogOption, String, Object)
Hollowmere.Game.AutoplayRunner:Begin(AutoplayCommand)
Hollowmere.Game.AutoplayRunner:Update()

[autoplay] 11 reached Maren at (-6.64, -8.31), 1.77 m, facing -129.90 after 2.61 s
UnityEngine.DebugLogHandler:Internal_Log(LogType, LogOption, String, Object)
Hollowmere.Game.AutoplayRunner:Approach(AutoplayCommand, Single)
Hollowmere.Game.AutoplayRunner:Step(AutoplayCommand)
Hollowmere.Game.AutoplayRunner:Update()

[autoplay] 12 waituntil prompt Maren timeout 15 frame=8573
UnityEngine.DebugLogHandler:Internal_Log(LogType, LogOption, String, Object)
Hollowmere.Game.AutoplayRunner:Begin(AutoplayCommand)
Hollowmere.Game.AutoplayRunner:Update()

[autoplay] 12 reached 'prompt Maren' after 0.00 s (prompt Talk to Maren)
UnityEngine.DebugLogHandler:Internal_Log(LogType, LogOption, String, Object)
Hollowmere.Game.AutoplayRunner:Step(AutoplayCommand)
Hollowmere.Game.AutoplayRunner:Update()

[autoplay] 13 interact frame=8573
UnityEngine.DebugLogHandler:Internal_Log(LogType, LogOption, String, Object)
Hollowmere.Game.AutoplayRunner:Begin(AutoplayCommand)
Hollowmere.Game.AutoplayRunner:Update()

[autoplay] 14 waituntil dialogue active timeout 10 frame=8573
UnityEngine.DebugLogHandler:Internal_Log(LogType, LogOption, String, Object)
Hollowmere.Game.AutoplayRunner:Begin(AutoplayCommand)
Hollowmere.Game.AutoplayRunner:Update()

[autoplay] 14 reached 'dialogue active' after 0.01 s (dialogue active)
UnityEngine.DebugLogHandler:Internal_Log(LogType, LogOption, String, Object)
Hollowmere.Game.AutoplayRunner:Step(AutoplayCommand)
Hollowmere.Game.AutoplayRunner:Update()

[autoplay] 15 wait 8 frame=8575
UnityEngine.DebugLogHandler:Internal_Log(LogType, LogOption, String, Object)
Hollowmere.Game.AutoplayRunner:Begin(AutoplayCommand)
Hollowmere.Game.AutoplayRunner:Update()

[autoplay] 16 advance frame=12534
UnityEngine.DebugLogHandler:Internal_Log(LogType, LogOption, String, Object)
Hollowmere.Game.AutoplayRunner:Begin(AutoplayCommand)
Hollowmere.Game.AutoplayRunner:Update()

[autoplay] 17 wait 8 frame=12534
UnityEngine.DebugLogHandler:Internal_Log(LogType, LogOption, String, Object)
Hollowmere.Game.AutoplayRunner:Begin(AutoplayCommand)
Hollowmere.Game.AutoplayRunner:Update()

[autoplay] 18 advance frame=16409
UnityEngine.DebugLogHandler:Internal_Log(LogType, LogOption, String, Object)
Hollowmere.Game.AutoplayRunner:Begin(AutoplayCommand)
Hollowmere.Game.AutoplayRunner:Update()

[autoplay] 19 wait 3 frame=16409
UnityEngine.DebugLogHandler:Internal_Log(LogType, LogOption, String, Object)
Hollowmere.Game.AutoplayRunner:Begin(AutoplayCommand)
Hollowmere.Game.AutoplayRunner:Update()

[autoplay] 20 choose 1 frame=17871
UnityEngine.DebugLogHandler:Internal_Log(LogType, LogOption, String, Object)
Hollowmere.Game.AutoplayRunner:Begin(AutoplayCommand)
Hollowmere.Game.AutoplayRunner:Update()

[autoplay] 21 wait 8 frame=17871
UnityEngine.DebugLogHandler:Internal_Log(LogType, LogOption, String, Object)
Hollowmere.Game.AutoplayRunner:Begin(AutoplayCommand)
Hollowmere.Game.AutoplayRunner:Update()

[autoplay] 22 advance frame=21669
UnityEngine.DebugLogHandler:Internal_Log(LogType, LogOption, String, Object)
Hollowmere.Game.AutoplayRunner:Begin(AutoplayCommand)
Hollowmere.Game.AutoplayRunner:Update()

[autoplay] 23 waituntil dialogue none timeout 10 frame=21669
UnityEngine.DebugLogHandler:Internal_Log(LogType, LogOption, String, Object)
Hollowmere.Game.AutoplayRunner:Begin(AutoplayCommand)
Hollowmere.Game.AutoplayRunner:Update()

[autoplay] 23 reached 'dialogue none' after 0.01 s (dialogue none)
UnityEngine.DebugLogHandler:Internal_Log(LogType, LogOption, String, Object)
Hollowmere.Game.AutoplayRunner:Step(AutoplayCommand)
Hollowmere.Game.AutoplayRunner:Update()

[autoplay] 24 waituntil fact heard_rumour == 1 timeout 10 frame=21670
UnityEngine.DebugLogHandler:Internal_Log(LogType, LogOption, String, Object)
Hollowmere.Game.AutoplayRunner:Begin(AutoplayCommand)
Hollowmere.Game.AutoplayRunner:Update()

[autoplay] 24 reached 'fact heard_rumour == 1' after 0.00 s (fact heard_rumour=1)
UnityEngine.DebugLogHandler:Internal_Log(LogType, LogOption, String, Object)
Hollowmere.Game.AutoplayRunner:Step(AutoplayCommand)
Hollowmere.Game.AutoplayRunner:Update()

[autoplay] 25 waituntil quest active timeout 10 frame=21670
UnityEngine.DebugLogHandler:Internal_Log(LogType, LogOption, String, Object)
Hollowmere.Game.AutoplayRunner:Begin(AutoplayCommand)
Hollowmere.Game.AutoplayRunner:Update()

[autoplay] 25 reached 'quest active' after 0.00 s (quest active)
UnityEngine.DebugLogHandler:Internal_Log(LogType, LogOption, String, Object)
Hollowmere.Game.AutoplayRunner:Step(AutoplayCommand)
Hollowmere.Game.AutoplayRunner:Update()

[autoplay] 26 wait 2 frame=21670
UnityEngine.DebugLogHandler:Internal_Log(LogType, LogOption, String, Object)
Hollowmere.Game.AutoplayRunner:Begin(AutoplayCommand)
Hollowmere.Game.AutoplayRunner:Update()

[autoplay] 28 mark coins frame=22611
UnityEngine.DebugLogHandler:Internal_Log(LogType, LogOption, String, Object)
Hollowmere.Game.AutoplayRunner:Begin(AutoplayCommand)
Hollowmere.Game.AutoplayRunner:Update()

[autoplay] 29 approach "Coins (square)" within 1.4 timeout 30 frame=22611
UnityEngine.DebugLogHandler:Internal_Log(LogType, LogOption, String, Object)
Hollowmere.Game.AutoplayRunner:Begin(AutoplayCommand)
Hollowmere.Game.AutoplayRunner:Update()

[autoplay] 29 reached Coins (square) at (2.75, -3.63), 1.40 m, facing 63.10 after 4.22 s
UnityEngine.DebugLogHandler:Internal_Log(LogType, LogOption, String, Object)
Hollowmere.Game.AutoplayRunner:Approach(AutoplayCommand, Single)
Hollowmere.Game.AutoplayRunner:Step(AutoplayCommand)
Hollowmere.Game.AutoplayRunner:Update()

[autoplay] 30 waituntil prompt coins timeout 10 frame=24345
UnityEngine.DebugLogHandler:Internal_Log(LogType, LogOption, String, Object)
Hollowmere.Game.AutoplayRunner:Begin(AutoplayCommand)
Hollowmere.Game.AutoplayRunner:Update()

[autoplay] 30 reached 'prompt coins' after 0.00 s (prompt Pick up the coins)
UnityEngine.DebugLogHandler:Internal_Log(LogType, LogOption, String, Object)
Hollowmere.Game.AutoplayRunner:Step(AutoplayCommand)
Hollowmere.Game.AutoplayRunner:Update()

[autoplay] 31 interact frame=24345
UnityEngine.DebugLogHandler:Internal_Log(LogType, LogOption, String, Object)
Hollowmere.Game.AutoplayRunner:Begin(AutoplayCommand)
Hollowmere.Game.AutoplayRunner:Update()

[autoplay] 32 waituntil item OldCoin >= 5 timeout 10 frame=24345
UnityEngine.DebugLogHandler:Internal_Log(LogType, LogOption, String, Object)
Hollowmere.Game.AutoplayRunner:Begin(AutoplayCommand)
Hollowmere.Game.AutoplayRunner:Update()

[autoplay] 32 reached 'item OldCoin >= 5' after 0.01 s (item OldCoin=5)
UnityEngine.DebugLogHandler:Internal_Log(LogType, LogOption, String, Object)
Hollowmere.Game.AutoplayRunner:Step(AutoplayCommand)
Hollowmere.Game.AutoplayRunner:Update()

[autoplay] 33 wait 2 frame=24349
UnityEngine.DebugLogHandler:Internal_Log(LogType, LogOption, String, Object)
Hollowmere.Game.AutoplayRunner:Begin(AutoplayCommand)
Hollowmere.Game.AutoplayRunner:Update()

[autoplay] 34 mark bram frame=25272
UnityEngine.DebugLogHandler:Internal_Log(LogType, LogOption, String, Object)
Hollowmere.Game.AutoplayRunner:Begin(AutoplayCommand)
Hollowmere.Game.AutoplayRunner:Update()

[autoplay] 35 walk 6 -8 frame=25272
UnityEngine.DebugLogHandler:Internal_Log(LogType, LogOption, String, Object)
Hollowmere.Game.AutoplayRunner:Begin(AutoplayCommand)
Hollowmere.Game.AutoplayRunner:Update()

[autoplay] 35 arrived at (5.70, -7.05) after 4.16 s
UnityEngine.DebugLogHandler:Internal_Log(LogType, LogOption, String, Object)
Hollowmere.Game.AutoplayRunner:Walk(AutoplayCommand, Single)
Hollowmere.Game.AutoplayRunner:Step(AutoplayCommand)
Hollowmere.Game.AutoplayRunner:Update()

[autoplay] 36 approach Bram within 1.8 timeout 40 frame=27146
UnityEngine.DebugLogHandler:Internal_Log(LogType, LogOption, String, Object)
Hollowmere.Game.AutoplayRunner:Begin(AutoplayCommand)
Hollowmere.Game.AutoplayRunner:Update()

[autoplay] 36 reached Bram at (9.80, -11.66), 1.80 m, facing 138.16 after 2.48 s
UnityEngine.DebugLogHandler:Internal_Log(LogType, LogOption, String, Object)
Hollowmere.Game.AutoplayRunner:Approach(AutoplayCommand, Single)
Hollowmere.Game.AutoplayRunner:Step(AutoplayCommand)
Hollowmere.Game.AutoplayRunner:Update()

[autoplay] 37 waituntil prompt Bram timeout 15 frame=28172
UnityEngine.DebugLogHandler:Internal_Log(LogType, LogOption, String, Object)
Hollowmere.Game.AutoplayRunner:Begin(AutoplayCommand)
Hollowmere.Game.AutoplayRunner:Update()

[autoplay] 37 reached 'prompt Bram' after 0.00 s (prompt Talk to Bram)
UnityEngine.DebugLogHandler:Internal_Log(LogType, LogOption, String, Object)
Hollowmere.Game.AutoplayRunner:Step(AutoplayCommand)
Hollowmere.Game.AutoplayRunner:Update()

[autoplay] 38 interact frame=28172
UnityEngine.DebugLogHandler:Internal_Log(LogType, LogOption, String, Object)
Hollowmere.Game.AutoplayRunner:Begin(AutoplayCommand)
Hollowmere.Game.AutoplayRunner:Update()

[autoplay] 39 waituntil dialogue active timeout 10 frame=28172
UnityEngine.DebugLogHandler:Internal_Log(LogType, LogOption, String, Object)
Hollowmere.Game.AutoplayRunner:Begin(AutoplayCommand)
Hollowmere.Game.AutoplayRunner:Update()

[autoplay] 39 reached 'dialogue active' after 0.01 s (dialogue active)
UnityEngine.DebugLogHandler:Internal_Log(LogType, LogOption, String, Object)
Hollowmere.Game.AutoplayRunner:Step(AutoplayCommand)
Hollowmere.Game.AutoplayRunner:Update()

[autoplay] 40 wait 6 frame=28174
UnityEngine.DebugLogHandler:Internal_Log(LogType, LogOption, String, Object)
Hollowmere.Game.AutoplayRunner:Begin(AutoplayCommand)
Hollowmere.Game.AutoplayRunner:Update()

[autoplay] 41 advance frame=30890
UnityEngine.DebugLogHandler:Internal_Log(LogType, LogOption, String, Object)
Hollowmere.Game.AutoplayRunner:Begin(AutoplayCommand)
Hollowmere.Game.AutoplayRunner:Update()

[autoplay] 42 wait 2 frame=30890
UnityEngine.DebugLogHandler:Internal_Log(LogType, LogOption, String, Object)
Hollowmere.Game.AutoplayRunner:Begin(AutoplayCommand)
Hollowmere.Game.AutoplayRunner:Update()

[autoplay] 43 choose 0 frame=31760
UnityEngine.DebugLogHandler:Internal_Log(LogType, LogOption, String, Object)
Hollowmere.Game.AutoplayRunner:Begin(AutoplayCommand)
Hollowmere.Game.AutoplayRunner:Update()

[autoplay] 44 wait 6 frame=31760
UnityEngine.DebugLogHandler:Internal_Log(LogType, LogOption, String, Object)
Hollowmere.Game.AutoplayRunner:Begin(AutoplayCommand)
Hollowmere.Game.AutoplayRunner:Update()

[autoplay] 45 advance frame=34603
UnityEngine.DebugLogHandler:Internal_Log(LogType, LogOption, String, Object)
Hollowmere.Game.AutoplayRunner:Begin(AutoplayCommand)
Hollowmere.Game.AutoplayRunner:Update()

[autoplay] 46 waituntil dialogue none timeout 10 frame=34603
UnityEngine.DebugLogHandler:Internal_Log(LogType, LogOption, String, Object)
Hollowmere.Game.AutoplayRunner:Begin(AutoplayCommand)
Hollowmere.Game.AutoplayRunner:Update()

[autoplay] 46 reached 'dialogue none' after 0.00 s (dialogue none)
UnityEngine.DebugLogHandler:Internal_Log(LogType, LogOption, String, Object)
Hollowmere.Game.AutoplayRunner:Step(AutoplayCommand)
Hollowmere.Game.AutoplayRunner:Update()

[autoplay] 47 waituntil item Lantern == 1 timeout 10 frame=34604
UnityEngine.DebugLogHandler:Internal_Log(LogType, LogOption, String, Object)
Hollowmere.Game.AutoplayRunner:Begin(AutoplayCommand)
Hollowmere.Game.AutoplayRunner:Update()

[autoplay] 47 reached 'item Lantern == 1' after 0.00 s (item Lantern=1)
UnityEngine.DebugLogHandler:Internal_Log(LogType, LogOption, String, Object)
Hollowmere.Game.AutoplayRunner:Step(AutoplayCommand)
Hollowmere.Game.AutoplayRunner:Update()

[autoplay] 48 wait 4 frame=34604
UnityEngine.DebugLogHandler:Internal_Log(LogType, LogOption, String, Object)
Hollowmere.Game.AutoplayRunner:Begin(AutoplayCommand)
Hollowmere.Game.AutoplayRunner:Update()

[autoplay] 51 walk 4 -6 frame=36546
UnityEngine.DebugLogHandler:Internal_Log(LogType, LogOption, String, Object)
Hollowmere.Game.AutoplayRunner:Begin(AutoplayCommand)
Hollowmere.Game.AutoplayRunner:Update()

[autoplay] 51 arrived at (4.71, -6.70) after 2.87 s
UnityEngine.DebugLogHandler:Internal_Log(LogType, LogOption, String, Object)
Hollowmere.Game.AutoplayRunner:Walk(AutoplayCommand, Single)
Hollowmere.Game.AutoplayRunner:Step(AutoplayCommand)
Hollowmere.Game.AutoplayRunner:Update()

[autoplay] 52 walk 2 4 frame=37833
UnityEngine.DebugLogHandler:Internal_Log(LogType, LogOption, String, Object)
Hollowmere.Game.AutoplayRunner:Begin(AutoplayCommand)
Hollowmere.Game.AutoplayRunner:Update()

[autoplay] 52 arrived at (2.34, 3.06) after 4.43 s
UnityEngine.DebugLogHandler:Internal_Log(LogType, LogOption, String, Object)
Hollowmere.Game.AutoplayRunner:Walk(AutoplayCommand, Single)
Hollowmere.Game.AutoplayRunner:Step(AutoplayCommand)
Hollowmere.Game.AutoplayRunner:Update()

[autoplay] 53 walk 12 1 frame=39878
UnityEngine.DebugLogHandler:Internal_Log(LogType, LogOption, String, Object)
Hollowmere.Game.AutoplayRunner:Begin(AutoplayCommand)
Hollowmere.Game.AutoplayRunner:Update()

[autoplay] 53 sidestep right at (5.63, 2.36); ahead: Stone 2/Body at 0.00 m; Traveller/Body at 0.00 m
UnityEngine.DebugLogHandler:Internal_Log(LogType, LogOption, String, Object)
Hollowmere.Game.AutoplayRunner:Steer(AutoplayCommand, String, String, Vector3, Vector3, Single)
Hollowmere.Game.AutoplayRunner:Walk(AutoplayCommand, Single)
Hollowmere.Game.AutoplayRunner:Step(AutoplayCommand)
Hollowmere.Game.AutoplayRunner:Update()

[autoplay] 53 arrived at (11.01, 0.91) after 5.93 s
UnityEngine.DebugLogHandler:Internal_Log(LogType, LogOption, String, Object)
Hollowmere.Game.AutoplayRunner:Walk(AutoplayCommand, Single)
Hollowmere.Game.AutoplayRunner:Step(AutoplayCommand)
Hollowmere.Game.AutoplayRunner:Update()

[autoplay] 54 walk 22 0 frame=42561
UnityEngine.DebugLogHandler:Internal_Log(LogType, LogOption, String, Object)
Hollowmere.Game.AutoplayRunner:Begin(AutoplayCommand)
Hollowmere.Game.AutoplayRunner:Update()

[autoplay] 54 arrived at (21.01, 0.11) after 4.03 s
UnityEngine.DebugLogHandler:Internal_Log(LogType, LogOption, String, Object)
Hollowmere.Game.AutoplayRunner:Walk(AutoplayCommand, Single)
Hollowmere.Game.AutoplayRunner:Step(AutoplayCommand)
Hollowmere.Game.AutoplayRunner:Update()

[autoplay] 55 face 90 frame=44407
UnityEngine.DebugLogHandler:Internal_Log(LogType, LogOption, String, Object)
Hollowmere.Game.AutoplayRunner:Begin(AutoplayCommand)
Hollowmere.Game.AutoplayRunner:Update()

[autoplay] 56 mark audio-village-before-marsh frame=44407
UnityEngine.DebugLogHandler:Internal_Log(LogType, LogOption, String, Object)
Hollowmere.Game.AutoplayRunner:Begin(AutoplayCommand)
Hollowmere.Game.AutoplayRunner:Update()

[autoplay] 57 wait 8 frame=44407
UnityEngine.DebugLogHandler:Internal_Log(LogType, LogOption, String, Object)
Hollowmere.Game.AutoplayRunner:Begin(AutoplayCommand)
Hollowmere.Game.AutoplayRunner:Update()

[autoplay] 58 walk 30 0 frame=48372
UnityEngine.DebugLogHandler:Internal_Log(LogType, LogOption, String, Object)
Hollowmere.Game.AutoplayRunner:Begin(AutoplayCommand)
Hollowmere.Game.AutoplayRunner:Update()

[autoplay] 58 arrived at (29.01, 0.09) after 3.20 s
UnityEngine.DebugLogHandler:Internal_Log(LogType, LogOption, String, Object)
Hollowmere.Game.AutoplayRunner:Walk(AutoplayCommand, Single)
Hollowmere.Game.AutoplayRunner:Step(AutoplayCommand)
Hollowmere.Game.AutoplayRunner:Update()

[autoplay] 59 walk 166.5 0 timeout 40 frame=49896
UnityEngine.DebugLogHandler:Internal_Log(LogType, LogOption, String, Object)
Hollowmere.Game.AutoplayRunner:Begin(AutoplayCommand)
Hollowmere.Game.AutoplayRunner:Update()

[autoplay] 59 crossed a portal to (167.50, 0.00) after 2.06 s
UnityEngine.DebugLogHandler:Internal_Log(LogType, LogOption, String, Object)
Hollowmere.Game.AutoplayRunner:Walk(AutoplayCommand, Single)
Hollowmere.Game.AutoplayRunner:Step(AutoplayCommand)
Hollowmere.Game.AutoplayRunner:Update()

[autoplay] 60 waituntil region Blackmere timeout 30 frame=50793
UnityEngine.DebugLogHandler:Internal_Log(LogType, LogOption, String, Object)
Hollowmere.Game.AutoplayRunner:Begin(AutoplayCommand)
Hollowmere.Game.AutoplayRunner:Update()

[autoplay] 60 reached 'region Blackmere' after 0.00 s (region Blackmere Marsh)
UnityEngine.DebugLogHandler:Internal_Log(LogType, LogOption, String, Object)
Hollowmere.Game.AutoplayRunner:Step(AutoplayCommand)
Hollowmere.Game.AutoplayRunner:Update()

[autoplay] 61 mark audio-marsh-after-travel frame=50793
UnityEngine.DebugLogHandler:Internal_Log(LogType, LogOption, String, Object)
Hollowmere.Game.AutoplayRunner:Begin(AutoplayCommand)
Hollowmere.Game.AutoplayRunner:Update()

[autoplay] 63 wait 8 frame=50793
UnityEngine.DebugLogHandler:Internal_Log(LogType, LogOption, String, Object)
Hollowmere.Game.AutoplayRunner:Begin(AutoplayCommand)
Hollowmere.Game.AutoplayRunner:Update()

Unloading 6 Unused Serialized files (Serialized files now loaded: 0)
Unloading 36 unused Assets to reduce memory usage. Loaded Objects now: 2991.
Total: 7.754664 ms (FindLiveObjects: 0.109642 ms CreateObjectMapping: 0.065026 ms MarkObjects: 7.521662 ms  DeleteObjects: 0.057988 ms)

[autoplay] 64 face 90 frame=54781
UnityEngine.DebugLogHandler:Internal_Log(LogType, LogOption, String, Object)
Hollowmere.Game.AutoplayRunner:Begin(AutoplayCommand)
Hollowmere.Game.AutoplayRunner:Update()

[autoplay] 65 approach Hale within 1.8 timeout 30 frame=54781
UnityEngine.DebugLogHandler:Internal_Log(LogType, LogOption, String, Object)
Hollowmere.Game.AutoplayRunner:Begin(AutoplayCommand)
Hollowmere.Game.AutoplayRunner:Update()

[autoplay] 65 reached Hale at (167.50, 2.70), 1.80 m, facing 0.00 after 1.09 s
UnityEngine.DebugLogHandler:Internal_Log(LogType, LogOption, String, Object)
Hollowmere.Game.AutoplayRunner:Approach(AutoplayCommand, Single)
Hollowmere.Game.AutoplayRunner:Step(AutoplayCommand)
Hollowmere.Game.AutoplayRunner:Update()

[autoplay] 66 waituntil prompt Hale timeout 15 frame=55282
UnityEngine.DebugLogHandler:Internal_Log(LogType, LogOption, String, Object)
Hollowmere.Game.AutoplayRunner:Begin(AutoplayCommand)
Hollowmere.Game.AutoplayRunner:Update()

[autoplay] 66 reached 'prompt Hale' after 0.00 s (prompt Talk to Hale)
UnityEngine.DebugLogHandler:Internal_Log(LogType, LogOption, String, Object)
Hollowmere.Game.AutoplayRunner:Step(AutoplayCommand)
Hollowmere.Game.AutoplayRunner:Update()

[autoplay] 67 interact frame=55282
UnityEngine.DebugLogHandler:Internal_Log(LogType, LogOption, String, Object)
Hollowmere.Game.AutoplayRunner:Begin(AutoplayCommand)
Hollowmere.Game.AutoplayRunner:Update()

[autoplay] 68 waituntil dialogue active timeout 10 frame=55282
UnityEngine.DebugLogHandler:Internal_Log(LogType, LogOption, String, Object)
Hollowmere.Game.AutoplayRunner:Begin(AutoplayCommand)
Hollowmere.Game.AutoplayRunner:Update()

[autoplay] 68 reached 'dialogue active' after 0.00 s (dialogue active)
UnityEngine.DebugLogHandler:Internal_Log(LogType, LogOption, String, Object)
Hollowmere.Game.AutoplayRunner:Step(AutoplayCommand)
Hollowmere.Game.AutoplayRunner:Update()

[autoplay] 69 wait 8 frame=55284
UnityEngine.DebugLogHandler:Internal_Log(LogType, LogOption, String, Object)
Hollowmere.Game.AutoplayRunner:Begin(AutoplayCommand)
Hollowmere.Game.AutoplayRunner:Update()

[autoplay] 70 advance frame=59128
UnityEngine.DebugLogHandler:Internal_Log(LogType, LogOption, String, Object)
Hollowmere.Game.AutoplayRunner:Begin(AutoplayCommand)
Hollowmere.Game.AutoplayRunner:Update()

[autoplay] 71 waituntil dialogue none timeout 10 frame=59128
UnityEngine.DebugLogHandler:Internal_Log(LogType, LogOption, String, Object)
Hollowmere.Game.AutoplayRunner:Begin(AutoplayCommand)
Hollowmere.Game.AutoplayRunner:Update()

[autoplay] 71 reached 'dialogue none' after 0.00 s (dialogue none)
UnityEngine.DebugLogHandler:Internal_Log(LogType, LogOption, String, Object)
Hollowmere.Game.AutoplayRunner:Step(AutoplayCommand)
Hollowmere.Game.AutoplayRunner:Update()

[autoplay] 72 waituntil fact gate_open == 1 timeout 10 frame=59129
UnityEngine.DebugLogHandler:Internal_Log(LogType, LogOption, String, Object)
Hollowmere.Game.AutoplayRunner:Begin(AutoplayCommand)
Hollowmere.Game.AutoplayRunner:Update()

[autoplay] 72 reached 'fact gate_open == 1' after 0.00 s (fact gate_open=1)
UnityEngine.DebugLogHandler:Internal_Log(LogType, LogOption, String, Object)
Hollowmere.Game.AutoplayRunner:Step(AutoplayCommand)
Hollowmere.Game.AutoplayRunner:Update()

[autoplay] 73 wait 4 frame=59129
UnityEngine.DebugLogHandler:Internal_Log(LogType, LogOption, String, Object)
Hollowmere.Game.AutoplayRunner:Begin(AutoplayCommand)
Hollowmere.Game.AutoplayRunner:Update()

[autoplay] 74 approach "Causeway Gate" within 1.6 timeout 20 frame=61034
UnityEngine.DebugLogHandler:Internal_Log(LogType, LogOption, String, Object)
Hollowmere.Game.AutoplayRunner:Begin(AutoplayCommand)
Hollowmere.Game.AutoplayRunner:Update()

[autoplay] 74 reached Causeway Gate at (167.99, 2.52), 1.60 m, facing 109.12 after 0.21 s
UnityEngine.DebugLogHandler:Internal_Log(LogType, LogOption, String, Object)
Hollowmere.Game.AutoplayRunner:Approach(AutoplayCommand, Single)
Hollowmere.Game.AutoplayRunner:Step(AutoplayCommand)
Hollowmere.Game.AutoplayRunner:Update()

[autoplay] 75 waituntil prompt gate timeout 10 frame=61127
UnityEngine.DebugLogHandler:Internal_Log(LogType, LogOption, String, Object)
Hollowmere.Game.AutoplayRunner:Begin(AutoplayCommand)
Hollowmere.Game.AutoplayRunner:Update()

[autoplay] 75 reached 'prompt gate' after 0.00 s (prompt The gate is barred)
UnityEngine.DebugLogHandler:Internal_Log(LogType, LogOption, String, Object)
Hollowmere.Game.AutoplayRunner:Step(AutoplayCommand)
Hollowmere.Game.AutoplayRunner:Update()

[autoplay] 76 interact frame=61127
UnityEngine.DebugLogHandler:Internal_Log(LogType, LogOption, String, Object)
Hollowmere.Game.AutoplayRunner:Begin(AutoplayCommand)
Hollowmere.Game.AutoplayRunner:Update()

[autoplay] 77 wait 3 frame=61127
UnityEngine.DebugLogHandler:Internal_Log(LogType, LogOption, String, Object)
Hollowmere.Game.AutoplayRunner:Begin(AutoplayCommand)
Hollowmere.Game.AutoplayRunner:Update()

[autoplay] 78 walk 172 2 frame=62495
UnityEngine.DebugLogHandler:Internal_Log(LogType, LogOption, String, Object)
Hollowmere.Game.AutoplayRunner:Begin(AutoplayCommand)
Hollowmere.Game.AutoplayRunner:Update()

[autoplay] 78 arrived at (171.01, 2.11) after 1.22 s
UnityEngine.DebugLogHandler:Internal_Log(LogType, LogOption, String, Object)
Hollowmere.Game.AutoplayRunner:Walk(AutoplayCommand, Single)
Hollowmere.Game.AutoplayRunner:Step(AutoplayCommand)
Hollowmere.Game.AutoplayRunner:Update()

[autoplay] 79 walk 180 2 frame=63086
UnityEngine.DebugLogHandler:Internal_Log(LogType, LogOption, String, Object)
Hollowmere.Game.AutoplayRunner:Begin(AutoplayCommand)
Hollowmere.Game.AutoplayRunner:Update()

[autoplay] 79 arrived at (179.01, 2.09) after 3.20 s
UnityEngine.DebugLogHandler:Internal_Log(LogType, LogOption, String, Object)
Hollowmere.Game.AutoplayRunner:Walk(AutoplayCommand, Single)
Hollowmere.Game.AutoplayRunner:Step(AutoplayCommand)
Hollowmere.Game.AutoplayRunner:Update()

[autoplay] 80 walk 192 -1 frame=64539
UnityEngine.DebugLogHandler:Internal_Log(LogType, LogOption, String, Object)
Hollowmere.Game.AutoplayRunner:Begin(AutoplayCommand)
Hollowmere.Game.AutoplayRunner:Update()

[autoplay] 80 arrived at (191.04, -0.72) after 4.98 s
UnityEngine.DebugLogHandler:Internal_Log(LogType, LogOption, String, Object)
Hollowmere.Game.AutoplayRunner:Walk(AutoplayCommand, Single)
Hollowmere.Game.AutoplayRunner:Step(AutoplayCommand)
Hollowmere.Game.AutoplayRunner:Update()

[autoplay] 81 mark shrine frame=66720
UnityEngine.DebugLogHandler:Internal_Log(LogType, LogOption, String, Object)
Hollowmere.Game.AutoplayRunner:Begin(AutoplayCommand)
Hollowmere.Game.AutoplayRunner:Update()

[autoplay] 82 approach "Shrine Lantern West" within 1.6 timeout 30 frame=66720
UnityEngine.DebugLogHandler:Internal_Log(LogType, LogOption, String, Object)
Hollowmere.Game.AutoplayRunner:Begin(AutoplayCommand)
Hollowmere.Game.AutoplayRunner:Update()

[autoplay] 82 reached Shrine Lantern West at (197.64, 3.16), 1.60 m, facing 58.12 after 3.08 s
UnityEngine.DebugLogHandler:Internal_Log(LogType, LogOption, String, Object)
Hollowmere.Game.AutoplayRunner:Approach(AutoplayCommand, Single)
Hollowmere.Game.AutoplayRunner:Step(AutoplayCommand)
Hollowmere.Game.AutoplayRunner:Update()

[autoplay] 83 waituntil prompt west timeout 10 frame=68268
UnityEngine.DebugLogHandler:Internal_Log(LogType, LogOption, String, Object)
Hollowmere.Game.AutoplayRunner:Begin(AutoplayCommand)
Hollowmere.Game.AutoplayRunner:Update()

[autoplay] 83 reached 'prompt west' after 0.00 s (prompt Light the west shrine lantern)
UnityEngine.DebugLogHandler:Internal_Log(LogType, LogOption, String, Object)
Hollowmere.Game.AutoplayRunner:Step(AutoplayCommand)
Hollowmere.Game.AutoplayRunner:Update()

[autoplay] 84 interact frame=68268
UnityEngine.DebugLogHandler:Internal_Log(LogType, LogOption, String, Object)
Hollowmere.Game.AutoplayRunner:Begin(AutoplayCommand)
Hollowmere.Game.AutoplayRunner:Update()

[autoplay] 85 waituntil fact shrine_post_1 == 1 timeout 10 frame=68268
UnityEngine.DebugLogHandler:Internal_Log(LogType, LogOption, String, Object)
Hollowmere.Game.AutoplayRunner:Begin(AutoplayCommand)
Hollowmere.Game.AutoplayRunner:Update()

[autoplay] 85 reached 'fact shrine_post_1 == 1' after 0.01 s (fact shrine_post_1=1)
UnityEngine.DebugLogHandler:Internal_Log(LogType, LogOption, String, Object)
Hollowmere.Game.AutoplayRunner:Step(AutoplayCommand)
Hollowmere.Game.AutoplayRunner:Update()

[autoplay] 86 wait 3 frame=68272
UnityEngine.DebugLogHandler:Internal_Log(LogType, LogOption, String, Object)
Hollowmere.Game.AutoplayRunner:Begin(AutoplayCommand)
Hollowmere.Game.AutoplayRunner:Update()

[autoplay] 87 approach "Shrine Lantern Middle" within 1.6 timeout 30 frame=69788
UnityEngine.DebugLogHandler:Internal_Log(LogType, LogOption, String, Object)
Hollowmere.Game.AutoplayRunner:Begin(AutoplayCommand)
Hollowmere.Game.AutoplayRunner:Update()

[autoplay] 87 reached Shrine Lantern Middle at (204.41, 2.16), 1.60 m, facing 95.81 after 2.73 s
UnityEngine.DebugLogHandler:Internal_Log(LogType, LogOption, String, Object)
Hollowmere.Game.AutoplayRunner:Approach(AutoplayCommand, Single)
Hollowmere.Game.AutoplayRunner:Step(AutoplayCommand)
Hollowmere.Game.AutoplayRunner:Update()

[autoplay] 88 waituntil prompt middle timeout 10 frame=71055
UnityEngine.DebugLogHandler:Internal_Log(LogType, LogOption, String, Object)
Hollowmere.Game.AutoplayRunner:Begin(AutoplayCommand)
Hollowmere.Game.AutoplayRunner:Update()

[autoplay] 88 reached 'prompt middle' after 0.00 s (prompt Light the middle shrine lantern)
UnityEngine.DebugLogHandler:Internal_Log(LogType, LogOption, String, Object)
Hollowmere.Game.AutoplayRunner:Step(AutoplayCommand)
Hollowmere.Game.AutoplayRunner:Update()

[autoplay] 89 interact frame=71055
UnityEngine.DebugLogHandler:Internal_Log(LogType, LogOption, String, Object)
Hollowmere.Game.AutoplayRunner:Begin(AutoplayCommand)
Hollowmere.Game.AutoplayRunner:Update()

[autoplay] 90 waituntil fact shrine_post_2 == 1 timeout 10 frame=71055
UnityEngine.DebugLogHandler:Internal_Log(LogType, LogOption, String, Object)
Hollowmere.Game.AutoplayRunner:Begin(AutoplayCommand)
Hollowmere.Game.AutoplayRunner:Update()

[autoplay] 90 reached 'fact shrine_post_2 == 1' after 0.01 s (fact shrine_post_2=1)
UnityEngine.DebugLogHandler:Internal_Log(LogType, LogOption, String, Object)
Hollowmere.Game.AutoplayRunner:Step(AutoplayCommand)
Hollowmere.Game.AutoplayRunner:Update()

[autoplay] 91 wait 3 frame=71059
UnityEngine.DebugLogHandler:Internal_Log(LogType, LogOption, String, Object)
Hollowmere.Game.AutoplayRunner:Begin(AutoplayCommand)
Hollowmere.Game.AutoplayRunner:Update()

[autoplay] 92 approach "Shrine Lantern East" within 1.6 timeout 30 frame=72608
UnityEngine.DebugLogHandler:Internal_Log(LogType, LogOption, String, Object)
Hollowmere.Game.AutoplayRunner:Begin(AutoplayCommand)
Hollowmere.Game.AutoplayRunner:Update()

[autoplay] 92 reached Shrine Lantern East at (211.43, 3.73), 1.59 m, facing 80.10 after 2.89 s
UnityEngine.DebugLogHandler:Internal_Log(LogType, LogOption, String, Object)
Hollowmere.Game.AutoplayRunner:Approach(AutoplayCommand, Single)
Hollowmere.Game.AutoplayRunner:Step(AutoplayCommand)
Hollowmere.Game.AutoplayRunner:Update()

[autoplay] 93 waituntil prompt east timeout 10 frame=73935
UnityEngine.DebugLogHandler:Internal_Log(LogType, LogOption, String, Object)
Hollowmere.Game.AutoplayRunner:Begin(AutoplayCommand)
Hollowmere.Game.AutoplayRunner:Update()

[autoplay] 93 reached 'prompt east' after 0.00 s (prompt Light the east shrine lantern)
UnityEngine.DebugLogHandler:Internal_Log(LogType, LogOption, String, Object)
Hollowmere.Game.AutoplayRunner:Step(AutoplayCommand)
Hollowmere.Game.AutoplayRunner:Update()

[autoplay] 94 interact frame=73935
UnityEngine.DebugLogHandler:Internal_Log(LogType, LogOption, String, Object)
Hollowmere.Game.AutoplayRunner:Begin(AutoplayCommand)
Hollowmere.Game.AutoplayRunner:Update()

[autoplay] 95 waituntil fact shrine_lit == 1 timeout 10 frame=73935
UnityEngine.DebugLogHandler:Internal_Log(LogType, LogOption, String, Object)
Hollowmere.Game.AutoplayRunner:Begin(AutoplayCommand)
Hollowmere.Game.AutoplayRunner:Update()

[autoplay] 95 reached 'fact shrine_lit == 1' after 0.02 s (fact shrine_lit=1)
UnityEngine.DebugLogHandler:Internal_Log(LogType, LogOption, String, Object)
Hollowmere.Game.AutoplayRunner:Step(AutoplayCommand)
Hollowmere.Game.AutoplayRunner:Update()

[autoplay] 96 wait 8 frame=73941
UnityEngine.DebugLogHandler:Internal_Log(LogType, LogOption, String, Object)
Hollowmere.Game.AutoplayRunner:Begin(AutoplayCommand)
Hollowmere.Game.AutoplayRunner:Update()

[autoplay] 97 mark clapper frame=77660
UnityEngine.DebugLogHandler:Internal_Log(LogType, LogOption, String, Object)
Hollowmere.Game.AutoplayRunner:Begin(AutoplayCommand)
Hollowmere.Game.AutoplayRunner:Update()

[autoplay] 98 walk 213 -2 frame=77660
UnityEngine.DebugLogHandler:Internal_Log(LogType, LogOption, String, Object)
Hollowmere.Game.AutoplayRunner:Begin(AutoplayCommand)
Hollowmere.Game.AutoplayRunner:Update()

[autoplay] 98 arrived at (212.71, -1.05) after 2.00 s
UnityEngine.DebugLogHandler:Internal_Log(LogType, LogOption, String, Object)
Hollowmere.Game.AutoplayRunner:Walk(AutoplayCommand, Single)
Hollowmere.Game.AutoplayRunner:Step(AutoplayCommand)
Hollowmere.Game.AutoplayRunner:Update()

[autoplay] 99 walk 200 -3 frame=78564
UnityEngine.DebugLogHandler:Internal_Log(LogType, LogOption, String, Object)
Hollowmere.Game.AutoplayRunner:Begin(AutoplayCommand)
Hollowmere.Game.AutoplayRunner:Update()

[autoplay] 99 arrived at (200.99, -2.90) after 4.73 s
UnityEngine.DebugLogHandler:Internal_Log(LogType, LogOption, String, Object)
Hollowmere.Game.AutoplayRunner:Walk(AutoplayCommand, Single)
Hollowmere.Game.AutoplayRunner:Step(AutoplayCommand)
Hollowmere.Game.AutoplayRunner:Update()

[autoplay] 100 approach "Bell Clapper" within 1.4 timeout 40 frame=80671
UnityEngine.DebugLogHandler:Internal_Log(LogType, LogOption, String, Object)
Hollowmere.Game.AutoplayRunner:Begin(AutoplayCommand)
Hollowmere.Game.AutoplayRunner:Update()

[autoplay] 100 reached Bell Clapper at (194.73, 7.81), 1.40 m, facing -31.53 after 4.98 s
UnityEngine.DebugLogHandler:Internal_Log(LogType, LogOption, String, Object)
Hollowmere.Game.AutoplayRunner:Approach(AutoplayCommand, Single)
Hollowmere.Game.AutoplayRunner:Step(AutoplayCommand)
Hollowmere.Game.AutoplayRunner:Update()

[autoplay] 101 waituntil prompt clapper timeout 10 frame=83071
UnityEngine.DebugLogHandler:Internal_Log(LogType, LogOption, String, Object)
Hollowmere.Game.AutoplayRunner:Begin(AutoplayCommand)
Hollowmere.Game.AutoplayRunner:Update()

[autoplay] 101 reached 'prompt clapper' after 0.00 s (prompt Lift the bell clapper)
UnityEngine.DebugLogHandler:Internal_Log(LogType, LogOption, String, Object)
Hollowmere.Game.AutoplayRunner:Step(AutoplayCommand)
Hollowmere.Game.AutoplayRunner:Update()

[autoplay] 102 interact frame=83071
UnityEngine.DebugLogHandler:Internal_Log(LogType, LogOption, String, Object)
Hollowmere.Game.AutoplayRunner:Begin(AutoplayCommand)
Hollowmere.Game.AutoplayRunner:Update()

[autoplay] 103 waituntil item BellClapper == 1 timeout 10 frame=83071
UnityEngine.DebugLogHandler:Internal_Log(LogType, LogOption, String, Object)
Hollowmere.Game.AutoplayRunner:Begin(AutoplayCommand)
Hollowmere.Game.AutoplayRunner:Update()

[autoplay] 103 reached 'item BellClapper == 1' after 0.01 s (item BellClapper=1)
UnityEngine.DebugLogHandler:Internal_Log(LogType, LogOption, String, Object)
Hollowmere.Game.AutoplayRunner:Step(AutoplayCommand)
Hollowmere.Game.AutoplayRunner:Update()

[autoplay] 104 wait 2 frame=83075
UnityEngine.DebugLogHandler:Internal_Log(LogType, LogOption, String, Object)
Hollowmere.Game.AutoplayRunner:Begin(AutoplayCommand)
Hollowmere.Game.AutoplayRunner:Update()

[autoplay] 105 ui open.pause frame=83911
UnityEngine.DebugLogHandler:Internal_Log(LogType, LogOption, String, Object)
Hollowmere.Game.AutoplayRunner:Begin(AutoplayCommand)
Hollowmere.Game.AutoplayRunner:Update()

[autoplay] 106 waituntil lifecycle paused timeout 10 frame=83911
UnityEngine.DebugLogHandler:Internal_Log(LogType, LogOption, String, Object)
Hollowmere.Game.AutoplayRunner:Begin(AutoplayCommand)
Hollowmere.Game.AutoplayRunner:Update()

[R7-C lifecycle] PASS stage=paused paused screen=Pause state={"region":"7f21b99a-8e74-412f-a1da-5f7d60843080","position":{"x":194.73199462890626,"y":0.0,"z":7.807000160217285},"quest":1,"stage":2,"branch":0,"outcome":0,"lantern":1,"clapper":1,"coins":1,"rumour":1,"gate":1,"shrine":1,"bell":0,"ending":0} attaches=1 restores=0
UnityEngine.DebugLogHandler:Internal_Log(LogType, LogOption, String, Object)
Hollowmere.Game.HollowmereLifecycleAudit:CheckStage(HollowmereGame, String, String&)
Hollowmere.Game.HollowmereConditions:Check(HollowmereGame, String, String&)
Hollowmere.Game.AutoplayRunner:Step(AutoplayCommand)
Hollowmere.Game.AutoplayRunner:Update()

[autoplay] 106 reached 'lifecycle paused' after 0.00 s (paused screen=Pause state={"region":"7f21b99a-8e74-412f-a1da-5f7d60843080","position":{"x":194.73199462890626,"y":0.0,"z":7.807000160217285},"quest":1,"stage":2,"branch":0,"outcome":0,"lantern":1,"clapper":1,"coins":1,"rumour":1,"gate":1,"shrine":1,"bell":0,"ending":0} attaches=1 restores=0)
UnityEngine.DebugLogHandler:Internal_Log(LogType, LogOption, String, Object)
Hollowmere.Game.AutoplayRunner:Step(AutoplayCommand)
Hollowmere.Game.AutoplayRunner:Update()

[autoplay] 107 wait 4 frame=83912
UnityEngine.DebugLogHandler:Internal_Log(LogType, LogOption, String, Object)
Hollowmere.Game.AutoplayRunner:Begin(AutoplayCommand)
Hollowmere.Game.AutoplayRunner:Update()

[autoplay] 108 ui open.save frame=85663
UnityEngine.DebugLogHandler:Internal_Log(LogType, LogOption, String, Object)
Hollowmere.Game.AutoplayRunner:Begin(AutoplayCommand)
Hollowmere.Game.AutoplayRunner:Update()

[autoplay] 109 waituntil screen Save timeout 10 frame=85663
UnityEngine.DebugLogHandler:Internal_Log(LogType, LogOption, String, Object)
Hollowmere.Game.AutoplayRunner:Begin(AutoplayCommand)
Hollowmere.Game.AutoplayRunner:Update()

[autoplay] 109 reached 'screen Save' after 0.00 s (screen Save)
UnityEngine.DebugLogHandler:Internal_Log(LogType, LogOption, String, Object)
Hollowmere.Game.AutoplayRunner:Step(AutoplayCommand)
Hollowmere.Game.AutoplayRunner:Update()

[autoplay] 110 wait 4 frame=85664
UnityEngine.DebugLogHandler:Internal_Log(LogType, LogOption, String, Object)
Hollowmere.Game.AutoplayRunner:Begin(AutoplayCommand)
Hollowmere.Game.AutoplayRunner:Update()

[autoplay] 111 ui save.1 frame=87440
UnityEngine.DebugLogHandler:Internal_Log(LogType, LogOption, String, Object)
Hollowmere.Game.AutoplayRunner:Begin(AutoplayCommand)
Hollowmere.Game.AutoplayRunner:Update()

[P3.1b] save capture slot-1 mainThreadMs=50.418
UnityEngine.DebugLogHandler:Internal_Log(LogType, LogOption, String, Object)
Hollowmere.UiAudio.<SaveAndConfirm>d__38:MoveNext()
System.Runtime.CompilerServices.AsyncTaskMethodBuilder`1:Start(TStateMachine&)
Hollowmere.UiAudio.HollowmereUiAudio:SaveAndConfirm(String)
Hollowmere.UiAudio.HollowmereUiAudio:Dispatch(String, Single)
Hollowmere.Game.HollowmerePersistentSession:Dispatch(String, String&)
Hollowmere.Game.AutoplayRunner:Step(AutoplayCommand)
Hollowmere.Game.AutoplayRunner:Update()

[autoplay] 112 waituntil lifecycle saved timeout 30 frame=87440
UnityEngine.DebugLogHandler:Internal_Log(LogType, LogOption, String, Object)
Hollowmere.Game.AutoplayRunner:Begin(AutoplayCommand)
Hollowmere.Game.AutoplayRunner:Update()

[R7-C lifecycle] PASS stage=saved saved screen=Save state={"region":"7f21b99a-8e74-412f-a1da-5f7d60843080","position":{"x":194.73199462890626,"y":0.0,"z":7.807000160217285},"quest":1,"stage":2,"branch":0,"outcome":0,"lantern":1,"clapper":1,"coins":1,"rumour":1,"gate":1,"shrine":1,"bell":0,"ending":0} attaches=1 restores=0
UnityEngine.DebugLogHandler:Internal_Log(LogType, LogOption, String, Object)
Hollowmere.Game.HollowmereLifecycleAudit:CheckStage(HollowmereGame, String, String&)
Hollowmere.Game.HollowmereConditions:Check(HollowmereGame, String, String&)
Hollowmere.Game.AutoplayRunner:Step(AutoplayCommand)
Hollowmere.Game.AutoplayRunner:Update()

[autoplay] 112 reached 'lifecycle saved' after 0.02 s (saved screen=Save state={"region":"7f21b99a-8e74-412f-a1da-5f7d60843080","position":{"x":194.73199462890626,"y":0.0,"z":7.807000160217285},"quest":1,"stage":2,"branch":0,"outcome":0,"lantern":1,"clapper":1,"coins":1,"rumour":1,"gate":1,"shrine":1,"bell":0,"ending":0} attaches=1 restores=0)
UnityEngine.DebugLogHandler:Internal_Log(LogType, LogOption, String, Object)
Hollowmere.Game.AutoplayRunner:Step(AutoplayCommand)
Hollowmere.Game.AutoplayRunner:Update()

[autoplay] 113 wait 6 frame=87447
UnityEngine.DebugLogHandler:Internal_Log(LogType, LogOption, String, Object)
Hollowmere.Game.AutoplayRunner:Begin(AutoplayCommand)
Hollowmere.Game.AutoplayRunner:Update()

[autoplay] 114 ui close frame=89882
UnityEngine.DebugLogHandler:Internal_Log(LogType, LogOption, String, Object)
Hollowmere.Game.AutoplayRunner:Begin(AutoplayCommand)
Hollowmere.Game.AutoplayRunner:Update()

[autoplay] 115 waituntil lifecycle quit-ready timeout 10 frame=89882
UnityEngine.DebugLogHandler:Internal_Log(LogType, LogOption, String, Object)
Hollowmere.Game.AutoplayRunner:Begin(AutoplayCommand)
Hollowmere.Game.AutoplayRunner:Update()

[R7-C lifecycle] PASS stage=quit-ready quit-ready screen=Pause state={"region":"7f21b99a-8e74-412f-a1da-5f7d60843080","position":{"x":194.73199462890626,"y":0.0,"z":7.807000160217285},"quest":1,"stage":2,"branch":0,"outcome":0,"lantern":1,"clapper":1,"coins":1,"rumour":1,"gate":1,"shrine":1,"bell":0,"ending":0} attaches=1 restores=0
UnityEngine.DebugLogHandler:Internal_Log(LogType, LogOption, String, Object)
Hollowmere.Game.HollowmereLifecycleAudit:CheckStage(HollowmereGame, String, String&)
Hollowmere.Game.HollowmereConditions:Check(HollowmereGame, String, String&)
Hollowmere.Game.AutoplayRunner:Step(AutoplayCommand)
Hollowmere.Game.AutoplayRunner:Update()

[autoplay] 115 reached 'lifecycle quit-ready' after 0.00 s (quit-ready screen=Pause state={"region":"7f21b99a-8e74-412f-a1da-5f7d60843080","position":{"x":194.73199462890626,"y":0.0,"z":7.807000160217285},"quest":1,"stage":2,"branch":0,"outcome":0,"lantern":1,"clapper":1,"coins":1,"rumour":1,"gate":1,"shrine":1,"bell":0,"ending":0} attaches=1 restores=0)
UnityEngine.DebugLogHandler:Internal_Log(LogType, LogOption, String, Object)
Hollowmere.Game.AutoplayRunner:Step(AutoplayCommand)
Hollowmere.Game.AutoplayRunner:Update()

[autoplay] 116 wait 4 frame=89883
UnityEngine.DebugLogHandler:Internal_Log(LogType, LogOption, String, Object)
Hollowmere.Game.AutoplayRunner:Begin(AutoplayCommand)
Hollowmere.Game.AutoplayRunner:Update()

[autoplay] 118 ui quit frame=91609
UnityEngine.DebugLogHandler:Internal_Log(LogType, LogOption, String, Object)
Hollowmere.Game.AutoplayRunner:Begin(AutoplayCommand)
Hollowmere.Game.AutoplayRunner:Update()

[autoplay] 120 waituntil lifecycle unexpected-surviving-quit timeout 15 frame=91609
UnityEngine.DebugLogHandler:Internal_Log(LogType, LogOption, String, Object)
Hollowmere.Game.AutoplayRunner:Begin(AutoplayCommand)
Hollowmere.Game.AutoplayRunner:Update()

[R7-C lifecycle] AWAITING_RELAUNCH 
UnityEngine.DebugLogHandler:Internal_Log(LogType, LogOption, String, Object)

[Physics::Module] Cleanup current backned.
[Physics::Module] Id: 0xf2b8ea05
Input System module state changed to: ShutdownInProgress.
Input System polling thread exited.
Input System module state changed to: Shutdown.
