[2026-10-07T05:41:58.189Z][INFO] Command-line: ~/Unity/Hub/Editor/6000.0.75f1/Editor/Data/Resources/PackageManager/Server/UnityPackageManager -s 1436252 -ipc -ipc-path /tmp/Unity-Upm-1436252.sock -l 2 --log-file ~/wkspace/gc-studio/p4.2i/artifacts/studio/verification/W-ETOS-04/p42i-query-20261007T054157.439022Z/upm.log
[2026-10-07T05:41:58.197Z][INFO] IPC server started (IPC path=/tmp/Unity-Upm-1436252.sock).
[2026-10-07T05:41:58.197Z][INFO] Hint: To connect to this UPM instance, launch Unity with the command-line parameter -upmIpcPath Upm-1436252.
[2026-10-07T05:41:59.148Z][INFO] project:add-dependency <-- Request received
params: {
  "packageId": "com.unity.toolchain.linux-x86_64"
}
[2026-10-07T05:42:25.460Z][INFO] project:add-dependency --> 200 (26312 ms)
[2026-10-07T05:42:25.767Z][INFO] project:list-packages <-- Request received
params: {}
[2026-10-07T05:42:25.818Z][INFO] project:list-packages <-- Request received
params: {}
[2026-10-07T05:42:25.829Z][INFO] project:list-packages <-- Request received
params: {}
[2026-10-07T05:42:25.840Z][INFO] config:project:get-registries <-- Request received
params: {}
[2026-10-07T05:42:25.864Z][INFO] config:project:get-registries --> 200 (24 ms)
[2026-10-07T05:42:27.167Z][INFO] project:list-packages --> 200 (1400 ms)
[2026-10-07T05:42:27.595Z][INFO] project:list-packages --> 200 (1777 ms)
[2026-10-07T05:42:29.320Z][INFO] project:list-packages --> 200 (3491 ms)
[2026-10-07T05:42:30.209Z][INFO] project:list-packages <-- Request received
params: {}
[2026-10-07T05:42:30.755Z][INFO] project:list-packages --> 200 (546 ms)
[2026-10-07T05:42:34.523Z][INFO] project:list-packages <-- Request received
params: {}
[2026-10-07T05:42:34.535Z][INFO] project:list-packages <-- Request received
params: {}
[2026-10-07T05:42:34.545Z][INFO] config:project:get-registries <-- Request received
params: {}
[2026-10-07T05:42:34.559Z][INFO] config:project:get-registries --> 200 (14 ms)
[2026-10-07T05:42:35.270Z][INFO] project:list-packages --> 200 (735 ms)
[2026-10-07T05:42:39.238Z][INFO] project:list-packages <-- Request received
params: {}
[2026-10-07T05:42:39.250Z][INFO] project:list-packages <-- Request received
params: {}
[2026-10-07T05:42:40.240Z][INFO] project:list-packages --> 200 (1002 ms)
[2026-10-07T05:43:02.479Z][INFO] project:list-packages --> 200 (23229 ms)
[2026-10-07T05:43:02.480Z][INFO] project:list-packages --> 200 (27957 ms)
[2026-10-07T05:43:57.098Z][INFO] Received shutdown request (SIGINT), shutting down Unity Package Manager
