[2026-10-07T19:38:24.061Z][INFO] Command-line: ~/Unity/Hub/Editor/6000.0.75f1/Editor/Data/Resources/PackageManager/Server/UnityPackageManager -s 3991914 -ipc -ipc-path /tmp/Unity-Upm-3991914.sock -l 2 --log-file ~/wkspace/gc-studio/p4.2k/artifacts/studio/verification/W-MECH-01/p42k-stage-review-cold-20261007T193823.372400Z/upm.log
[2026-10-07T19:38:24.068Z][INFO] IPC server started (IPC path=/tmp/Unity-Upm-3991914.sock).
[2026-10-07T19:38:24.068Z][INFO] Hint: To connect to this UPM instance, launch Unity with the command-line parameter -upmIpcPath Upm-3991914.
[2026-10-07T19:38:24.981Z][INFO] project:add-dependency <-- Request received
params: {
  "packageId": "com.unity.toolchain.linux-x86_64"
}
[2026-10-07T19:38:43.327Z][INFO] project:add-dependency --> 200 (18347 ms)
[2026-10-07T19:38:43.591Z][INFO] project:list-packages <-- Request received
params: {}
[2026-10-07T19:38:43.632Z][INFO] project:list-packages <-- Request received
params: {}
[2026-10-07T19:38:43.642Z][INFO] project:list-packages <-- Request received
params: {}
[2026-10-07T19:38:43.653Z][INFO] config:project:get-registries <-- Request received
params: {}
[2026-10-07T19:38:43.683Z][INFO] config:project:get-registries --> 200 (30 ms)
[2026-10-07T19:38:44.454Z][INFO] project:list-packages --> 200 (863 ms)
[2026-10-07T19:38:44.664Z][INFO] project:list-packages --> 200 (1032 ms)
[2026-10-07T19:38:45.793Z][INFO] project:list-packages --> 200 (2151 ms)
[2026-10-07T19:38:46.098Z][INFO] project:list-packages <-- Request received
params: {}
[2026-10-07T19:38:46.390Z][INFO] project:list-packages --> 200 (292 ms)
[2026-10-07T19:38:48.868Z][INFO] project:list-packages <-- Request received
params: {}
[2026-10-07T19:38:48.879Z][INFO] project:list-packages <-- Request received
params: {}
[2026-10-07T19:38:48.888Z][INFO] config:project:get-registries <-- Request received
params: {}
[2026-10-07T19:38:48.916Z][INFO] config:project:get-registries --> 200 (28 ms)
[2026-10-07T19:38:49.827Z][INFO] project:list-packages --> 200 (959 ms)
[2026-10-07T19:38:49.883Z][INFO] project:list-packages --> 200 (1004 ms)
[2026-10-07T19:38:53.551Z][INFO] project:list-packages <-- Request received
params: {}
[2026-10-07T19:38:53.562Z][INFO] project:list-packages <-- Request received
params: {}
[2026-10-07T19:38:54.256Z][INFO] project:list-packages --> 200 (705 ms)
[2026-10-07T19:38:54.327Z][INFO] project:list-packages --> 200 (765 ms)
[2026-10-07T19:39:05.665Z][INFO] project:list-packages <-- Request received
params: {}
[2026-10-07T19:39:06.037Z][INFO] project:list-packages --> 200 (372 ms)
[2026-10-07T19:39:06.181Z][INFO] config:project:get-registries <-- Request received
params: {}
[2026-10-07T19:39:06.183Z][INFO] config:project:get-registries --> 200 (2 ms)
[2026-10-07T19:39:14.757Z][INFO] project:resolve-packages <-- Request received
params: {}
[2026-10-07T19:39:31.330Z][WARN] Requested version [3.1.3] for package [com.unity.serialization] overridden by minimum version [3.1.5].
[2026-10-07T19:39:31.331Z][WARN] Requested version [1.23.1] for package [com.unity.scriptablebuildpipeline] overridden by minimum version [2.6.1].
[2026-10-07T19:39:31.331Z][WARN] Requested version [3.0.3] for package [com.unity.test-framework.performance] overridden by minimum version [3.4.0].
[2026-10-07T19:39:31.337Z][INFO] project:resolve-packages --> 200 (16580 ms)
[2026-10-07T19:39:31.399Z][INFO] config:project:get-registries <-- Request received
params: {}
[2026-10-07T19:39:31.411Z][INFO] project:list-packages <-- Request received
params: {}
[2026-10-07T19:39:31.446Z][INFO] config:project:get-registries --> 200 (47 ms)
[2026-10-07T19:39:31.981Z][INFO] project:list-packages --> 200 (570 ms)
[2026-10-07T19:39:42.548Z][INFO] project:list-packages <-- Request received
params: {}
[2026-10-07T19:39:42.970Z][INFO] project:list-packages --> 200 (422 ms)
[2026-10-07T19:39:43.116Z][INFO] project:list-packages <-- Request received
params: {}
[2026-10-07T19:39:43.126Z][INFO] config:project:get-registries <-- Request received
params: {}
[2026-10-07T19:39:43.140Z][INFO] config:project:get-registries --> 200 (14 ms)
[2026-10-07T19:39:43.507Z][INFO] project:list-packages --> 200 (391 ms)
[2026-10-07T19:39:49.674Z][INFO] project:list-packages <-- Request received
params: {}
[2026-10-07T19:39:50.036Z][INFO] project:list-packages --> 200 (362 ms)
[2026-10-07T19:39:50.221Z][INFO] config:project:get-registries <-- Request received
params: {}
[2026-10-07T19:39:50.226Z][INFO] config:project:get-registries --> 200 (5 ms)
[2026-10-07T19:39:58.415Z][INFO] project:resolve-packages <-- Request received
params: {}
[2026-10-07T19:40:16.764Z][WARN] Requested version [3.1.3] for package [com.unity.serialization] overridden by minimum version [3.1.5].
[2026-10-07T19:40:16.764Z][WARN] Requested version [1.23.1] for package [com.unity.scriptablebuildpipeline] overridden by minimum version [2.6.1].
[2026-10-07T19:40:16.764Z][WARN] Requested version [3.0.3] for package [com.unity.test-framework.performance] overridden by minimum version [3.4.0].
[2026-10-07T19:40:16.775Z][INFO] project:resolve-packages --> 200 (18360 ms)
[2026-10-07T19:40:16.843Z][INFO] config:project:get-registries <-- Request received
params: {}
[2026-10-07T19:40:16.850Z][INFO] config:project:get-registries --> 200 (7 ms)
[2026-10-07T19:40:16.853Z][INFO] project:list-packages <-- Request received
params: {}
[2026-10-07T19:40:17.321Z][INFO] project:list-packages --> 200 (468 ms)
[2026-10-07T19:40:24.334Z][INFO] project:list-packages <-- Request received
params: {}
[2026-10-07T19:40:24.697Z][INFO] project:list-packages --> 200 (363 ms)
[2026-10-07T19:40:24.850Z][INFO] project:list-packages <-- Request received
params: {}
[2026-10-07T19:40:24.860Z][INFO] config:project:get-registries <-- Request received
params: {}
[2026-10-07T19:40:24.877Z][INFO] config:project:get-registries --> 200 (17 ms)
[2026-10-07T19:40:25.205Z][INFO] project:list-packages --> 200 (355 ms)
[2026-10-07T19:40:34.547Z][INFO] Received shutdown request (SIGINT), shutting down Unity Package Manager
