[2026-10-07T05:46:55.927Z][INFO] Command-line: ~/Unity/Hub/Editor/6000.0.75f1/Editor/Data/Resources/PackageManager/Server/UnityPackageManager -s 1452185 -ipc -ipc-path /tmp/Unity-Upm-1452185.sock -l 2 --log-file ~/wkspace/gc-studio/p4.2i/artifacts/studio/verification/W-MECH-01/p42i-stage-submit-cold-20261007T054655.315450Z/upm.log
[2026-10-07T05:46:55.932Z][INFO] IPC server started (IPC path=/tmp/Unity-Upm-1452185.sock).
[2026-10-07T05:46:55.933Z][INFO] Hint: To connect to this UPM instance, launch Unity with the command-line parameter -upmIpcPath Upm-1452185.
[2026-10-07T05:46:56.798Z][INFO] project:add-dependency <-- Request received
params: {
  "packageId": "com.unity.toolchain.linux-x86_64"
}
[2026-10-07T05:47:20.269Z][INFO] project:add-dependency --> 200 (23471 ms)
[2026-10-07T05:47:20.576Z][INFO] project:list-packages <-- Request received
params: {}
[2026-10-07T05:47:20.648Z][INFO] project:list-packages <-- Request received
params: {}
[2026-10-07T05:47:20.658Z][INFO] project:list-packages <-- Request received
params: {}
[2026-10-07T05:47:20.670Z][INFO] config:project:get-registries <-- Request received
params: {}
[2026-10-07T05:47:20.690Z][INFO] config:project:get-registries --> 200 (20 ms)
[2026-10-07T05:47:21.700Z][INFO] project:list-packages --> 200 (1124 ms)
[2026-10-07T05:47:21.953Z][INFO] project:list-packages --> 200 (1305 ms)
[2026-10-07T05:47:24.601Z][INFO] project:list-packages --> 200 (3943 ms)
[2026-10-07T05:47:25.684Z][INFO] project:list-packages <-- Request received
params: {}
[2026-10-07T05:47:26.007Z][INFO] project:list-packages --> 200 (323 ms)
[2026-10-07T05:47:28.629Z][INFO] project:list-packages <-- Request received
params: {}
[2026-10-07T05:47:28.639Z][INFO] project:list-packages <-- Request received
params: {}
[2026-10-07T05:47:28.650Z][INFO] config:project:get-registries <-- Request received
params: {}
[2026-10-07T05:47:28.671Z][INFO] config:project:get-registries --> 200 (22 ms)
[2026-10-07T05:47:29.132Z][INFO] project:list-packages --> 200 (493 ms)
[2026-10-07T05:47:32.686Z][INFO] project:list-packages <-- Request received
params: {}
[2026-10-07T05:47:32.698Z][INFO] project:list-packages <-- Request received
params: {}
[2026-10-07T05:47:33.273Z][INFO] project:list-packages --> 200 (587 ms)
[2026-10-07T05:47:41.695Z][INFO] Received shutdown request (SIGINT), shutting down Unity Package Manager
