The selected window backend is x11 
Input System module state changed to: Initialized.
Display 0 'U32J59x 31"': 1920x1080 (primary device).
[Physics::Module] Initialized fallback backend.
[Physics::Module] Id: 0xdecafbad
Desktop is 1920 x 1080 @ 60 Hz
Initialize engine version: 6000.0.75f1 (26349cd2a5c8)
[Subsystems] Discovering subsystems at path <REPO>/.evidence/P42hPlayer-final/player/Hollowmere_Data/UnitySubsystems
Forcing GfxDevice: OpenGL Core
kGfxThreadingModeClientWorkerNativeJobs is not supported on OpenGL Core. Reverting to kGfxThreadingModeClientWorkerJobs instead.
GfxDevice: creating device client; kGfxThreadingModeClientWorkerJobs
Renderer: NVIDIA GeForce RTX 4060 Ti/PCIe/SSE2
Vendor:   NVIDIA Corporation
Version:  4.5.0 NVIDIA 595.84
GLES:     0
 GL_AMD_multi_draw_indirect GL_AMD_seamless_cubemap_per_texture GL_AMD_vertex_shader_viewport_index GL_AMD_vertex_shader_layer GL_ARB_arrays_of_arrays GL_ARB_base_instance GL_ARB_bindless_texture GL_ARB_blend_func_extended GL_ARB_buffer_storage GL_ARB_clear_buffer_object GL_ARB_clear_texture GL_ARB_clip_control GL_ARB_color_buffer_float GL_ARB_compressed_texture_pixel_storage GL_ARB_conservative_depth GL_ARB_compute_shader GL_ARB_compute_variable_group_size GL_ARB_conditional_render_inverted GL_ARB_copy_buffer GL_ARB_copy_image GL_ARB_cull_distance GL_ARB_debug_output GL_ARB_depth_buffer_float GL_ARB_depth_clamp GL_ARB_depth_texture GL_ARB_derivative_control GL_ARB_direct_state_access GL_ARB_draw_buffers GL_ARB_draw_buffers_blend GL_ARB_draw_indirect GL_ARB_draw_elements_base_vertex GL_ARB_draw_instanced GL_ARB_enhanced_layouts GL_ARB_ES2_compatibility GL_ARB_ES3_compatibility GL_ARB_ES3_1_compatibility GL_ARB_ES3_2_compatibility GL_ARB_explicit_attrib_location GL_ARB_explicit_uniform_location GL_ARB_fragmen
t_coord_conventions GL_ARB_fragment_layer_viewport GL_ARB_fragment_program GL_ARB_fragment_program_shadow GL_ARB_fragment_shader GL_ARB_fragment_shader_interlock GL_ARB_framebuffer_no_attachments GL_ARB_framebuffer_object GL_ARB_framebuffer_sRGB GL_ARB_geometry_shader4 GL_ARB_get_program_binary GL_ARB_get_texture_sub_image GL_ARB_gl_spirv GL_ARB_gpu_shader5 GL_ARB_gpu_shader_fp64 GL_ARB_gpu_shader_int64 GL_ARB_half_float_pixel GL_ARB_half_float_vertex GL_ARB_imaging GL_ARB_indirect_parameters GL_ARB_instanced_arrays GL_ARB_internalformat_query GL_ARB_internalformat_query2 GL_ARB_invalidate_subdata GL_ARB_map_buffer_alignment GL_ARB_map_buffer_range GL_ARB_multi_bind GL_ARB_multi_draw_indirect GL_ARB_multisample GL_ARB_multitexture GL_ARB_occlusion_query GL_ARB_occlusion_query2 GL_ARB_parallel_shader_compile GL_ARB_pipeline_statistics_query GL_ARB_pixel_buffer_object GL_ARB_point_parameters GL_ARB_point_sprite GL_ARB_polygon_offset_clamp GL_ARB_post_depth_coverage GL_ARB_program_interface_query GL_ARB_provoki
ng_vertex GL_ARB_query_buffer_object GL_ARB_robust_buffer_access_behavior GL_ARB_robustness GL_ARB_sample_locations GL_ARB_sample_shading GL_ARB_sampler_objects GL_ARB_seamless_cube_map GL_ARB_seamless_cubemap_per_texture GL_ARB_separate_shader_objects GL_ARB_shader_atomic_counter_ops GL_ARB_shader_atomic_counters GL_ARB_shader_ballot GL_ARB_shader_bit_encoding GL_ARB_shader_clock GL_ARB_shader_draw_parameters GL_ARB_shader_group_vote GL_ARB_shader_image_load_store GL_ARB_shader_image_size GL_ARB_shader_objects GL_ARB_shader_precision GL_ARB_shader_storage_buffer_object GL_ARB_shader_subroutine GL_ARB_shader_texture_image_samples GL_ARB_shader_texture_lod GL_ARB_shading_language_100 GL_ARB_shader_viewport_layer_array GL_ARB_shading_language_420pack GL_ARB_shading_language_include GL_ARB_shading_language_packing GL_ARB_shadow GL_ARB_sparse_buffer GL_ARB_sparse_texture GL_ARB_sparse_texture2 GL_ARB_sparse_texture_clamp GL_ARB_spirv_extensions GL_ARB_stencil_texturing GL_ARB_sync GL_ARB_tessellation_shader GL_A
RB_texture_barrier GL_ARB_texture_border_clamp GL_ARB_texture_buffer_object GL_ARB_texture_buffer_object_rgb32 GL_ARB_texture_buffer_range GL_ARB_texture_compression GL_ARB_texture_compression_bptc GL_ARB_texture_compression_rgtc GL_ARB_texture_cube_map GL_ARB_texture_cube_map_array GL_ARB_texture_env_add GL_ARB_texture_env_combine GL_ARB_texture_env_crossbar GL_ARB_texture_env_dot3 GL_ARB_texture_filter_anisotropic GL_ARB_texture_filter_minmax GL_ARB_texture_float GL_ARB_texture_gather GL_ARB_texture_mirror_clamp_to_edge GL_ARB_texture_mirrored_repeat GL_ARB_texture_multisample GL_ARB_texture_non_power_of_two GL_ARB_texture_query_levels GL_ARB_texture_query_lod GL_ARB_texture_rectangle GL_ARB_texture_rg GL_ARB_texture_rgb10_a2ui GL_ARB_texture_stencil8 GL_ARB_texture_storage GL_ARB_texture_storage_multisample GL_ARB_texture_swizzle GL_ARB_texture_view GL_ARB_timer_query GL_ARB_transform_feedback2 GL_ARB_transform_feedback3 GL_ARB_transform_feedback_instanced GL_ARB_transform_feedback_overflow_query GL_ARB_t
ranspose_matrix GL_ARB_uniform_buffer_object GL_ARB_vertex_array_bgra GL_ARB_vertex_array_object GL_ARB_vertex_attrib_64bit GL_ARB_vertex_attrib_binding GL_ARB_vertex_buffer_object GL_ARB_vertex_program GL_ARB_vertex_shader GL_ARB_vertex_type_10f_11f_11f_rev GL_ARB_vertex_type_2_10_10_10_rev GL_ARB_viewport_array GL_ARB_window_pos GL_ATI_draw_buffers GL_ATI_texture_float GL_ATI_texture_mirror_once GL_S3_s3tc GL_EXT_texture_env_add GL_EXT_abgr GL_EXT_bgra GL_EXT_bindable_uniform GL_EXT_blend_color GL_EXT_blend_equation_separate GL_EXT_blend_func_separate GL_EXT_blend_minmax GL_EXT_blend_subtract GL_EXT_compiled_vertex_array GL_EXT_Cg_shader GL_EXT_depth_bounds_test GL_EXT_direct_state_access GL_EXT_draw_buffers2 GL_EXT_draw_instanced GL_EXT_draw_range_elements GL_EXT_fog_coord GL_EXT_framebuffer_blit GL_EXT_framebuffer_multisample GL_EXTX_framebuffer_mixed_formats GL_EXT_framebuffer_multisample_blit_scaled GL_EXT_framebuffer_object GL_EXT_framebuffer_sRGB GL_EXT_geometry_shader4 GL_EXT_gpu_program_parameters 
GL_EXT_gpu_shader4 GL_EXT_multi_draw_arrays GL_EXT_multiview_texture_multisample GL_EXT_multiview_timer_query GL_EXT_packed_depth_stencil GL_EXT_packed_float GL_EXT_packed_pixels GL_EXT_pixel_buffer_object GL_EXT_point_parameters GL_EXT_polygon_offset_clamp GL_EXT_post_depth_coverage GL_EXT_provoking_vertex GL_EXT_raster_multisample GL_EXT_rescale_normal GL_EXT_secondary_color GL_EXT_separate_shader_objects GL_EXT_separate_specular_color GL_EXT_shader_image_load_formatted GL_EXT_shader_image_load_store GL_EXT_shader_integer_mix GL_EXT_shadow_funcs GL_EXT_sparse_texture2 GL_EXT_stencil_two_side GL_EXT_stencil_wrap GL_EXT_texture3D GL_EXT_texture_array GL_EXT_texture_buffer_object GL_EXT_texture_compression_dxt1 GL_EXT_texture_compression_latc GL_EXT_texture_compression_rgtc GL_EXT_texture_compression_s3tc GL_EXT_texture_cube_map GL_EXT_texture_edge_clamp GL_EXT_texture_env_combine GL_EXT_texture_env_dot3 GL_EXT_texture_filter_anisotropic GL_EXT_texture_filter_minmax GL_EXT_texture_integer GL_EXT_texture_lod G
L_EXT_texture_lod_bias GL_EXT_texture_mirror_clamp GL_EXT_texture_object GL_EXT_texture_shadow_lod GL_EXT_texture_shared_exponent GL_EXT_texture_sRGB GL_EXT_texture_sRGB_R8 GL_EXT_texture_sRGB_decode GL_EXT_texture_storage GL_EXT_texture_swizzle GL_EXT_timer_query GL_EXT_transform_feedback2 GL_EXT_vertex_array GL_EXT_vertex_array_bgra GL_EXT_vertex_attrib_64bit GL_EXT_window_rectangles GL_EXT_x11_sync_object GL_EXT_import_sync_object GL_NV_robustness_video_memory_purge GL_IBM_rasterpos_clip GL_IBM_texture_mirrored_repeat GL_KHR_context_flush_control GL_KHR_debug GL_EXT_memory_object GL_EXT_memory_object_fd GL_NV_memory_object_sparse GL_KHR_parallel_shader_compile GL_KHR_no_error GL_KHR_robust_buffer_access_behavior GL_KHR_robustness GL_EXT_semaphore GL_EXT_semaphore_fd GL_NV_timeline_semaphore GL_KHR_shader_subgroup GL_KTX_buffer_region GL_NV_alpha_to_coverage_dither_control GL_NV_bindless_multi_draw_indirect GL_NV_bindless_multi_draw_indirect_count GL_NV_bindless_texture GL_NV_blend_equation_advanced GL_NV_
blend_equation_advanced_coherent GL_NVX_blend_equation_advanced_multi_draw_buffers GL_NV_blend_minmax_factor GL_NV_blend_square GL_NV_clip_space_w_scaling GL_NV_command_list GL_NV_compute_program5 GL_NV_compute_shader_derivatives GL_NV_conditional_render GL_NV_conservative_raster GL_NV_conservative_raster_dilate GL_NV_conservative_raster_pre_snap GL_NV_conservative_raster_pre_snap_triangles GL_NV_conservative_raster_underestimation GL_NV_copy_depth_to_color GL_NV_copy_image GL_NV_depth_buffer_float GL_NV_depth_clamp GL_NV_draw_texture GL_NV_draw_vulkan_image GL_NV_ES1_1_compatibility GL_NV_ES3_1_compatibility GL_NV_explicit_multisample GL_NV_feature_query GL_NV_fence GL_NV_fill_rectangle GL_NV_float_buffer GL_NV_fog_distance GL_NV_fragment_coverage_to_color GL_NV_fragment_program GL_NV_fragment_program_option GL_NV_fragment_program2 GL_NV_fragment_shader_barycentric GL_NV_fragment_shader_interlock GL_NV_framebuffer_mixed_samples GL_NV_framebuffer_multisample_coverage GL_NV_geometry_shader4 GL_NV_geometry_sha
der_passthrough GL_NV_gpu_program4 GL_NV_internalformat_sample_query GL_NV_gpu_program4_1 GL_NV_gpu_program5 GL_NV_gpu_program5_mem_extended GL_NV_gpu_program_fp64 GL_NV_gpu_program_multiview GL_NV_gpu_shader5 GL_NV_half_float GL_NV_light_max_exponent GL_NV_memory_attachment GL_NV_mesh_shader GL_NV_multisample_coverage GL_NV_multisample_filter_hint GL_NV_occlusion_query GL_NV_packed_depth_stencil GL_NV_parameter_buffer_object GL_NV_parameter_buffer_object2 GL_NV_path_rendering GL_NV_path_rendering_shared_edge GL_NV_pixel_data_range GL_NV_point_sprite GL_NV_primitive_restart GL_NV_primitive_shading_rate GL_NV_query_resource GL_NV_query_resource_tag GL_NV_register_combiners GL_NV_register_combiners2 GL_NV_representative_fragment_test GL_NV_sample_locations GL_NV_sample_mask_override_coverage GL_NV_scissor_exclusive GL_NV_shader_atomic_counters GL_NV_shader_atomic_float GL_NV_shader_atomic_float64 GL_NV_shader_atomic_fp16_vector GL_NV_shader_atomic_int64 GL_NV_shader_buffer_load GL_NV_shader_storage_buffer_obje
ct GL_NV_shader_subgroup_partitioned GL_NV_shader_texture_footprint GL_NV_shading_rate_image GL_NV_stereo_view_rendering GL_NV_texgen_reflection GL_NV_texture_barrier GL_NV_texture_compression_vtc GL_NV_texture_dirty_tile_map GL_NV_texture_env_combine4 GL_NV_texture_multisample GL_NV_texture_rectangle GL_NV_texture_rectangle_compressed GL_NV_texture_shader GL_NV_texture_shader2 GL_NV_texture_shader3 GL_NV_transform_feedback GL_NV_transform_feedback2 GL_NV_uniform_buffer_unified_memory GL_NV_uniform_buffer_std430_layout GL_NV_vdpau_interop GL_NV_vdpau_interop2 GL_NV_vertex_array_range GL_NV_vertex_array_range2 GL_NV_vertex_attrib_integer_64bit GL_NV_vertex_buffer_unified_memory GL_NV_vertex_program GL_NV_vertex_program1_1 GL_NV_vertex_program2 GL_NV_vertex_program2_option GL_NV_vertex_program3 GL_NV_viewport_array2 GL_NV_viewport_swizzle GL_NVX_conditional_render GL_NV_gpu_multicast GL_NVX_progress_fence GL_NVX_gpu_memory_info GL_NVX_nvenc_interop GL_NV_shader_thread_group GL_NV_shader_thread_shuffle GL_KHR_b
lend_equation_advanced GL_KHR_blend_equation_advanced_coherent GL_OVR_multiview GL_OVR_multiview2 GL_SGIS_generate_mipmap GL_SGIS_texture_lod GL_SGIX_depth_texture GL_SGIX_shadow GL_SUN_slice_accum
OPENGL LOG: Creating OpenGL 4.5 graphics device ; Context level  <OpenGL 4.5> ; Context handle 514870152
[Physics::Module] Selected backend.
[Physics::Module] Name: PhysX
[Physics::Module] Id: 0xf2b8ea05
[Physics::Module] SDK Version: 4.1.2
[Physics::Module] Integration Version: 1.0.0
[Physics::Module] Threading Mode: Multi-Threaded
[Hollowmere] registered the application definition at SubsystemRegistration (11 plugins)
UnityEngine.DebugLogHandler:Internal_Log(LogType, LogOption, String, Object)
Hollowmere.Boot.HollowmereApplication:RegisterAtStartup()

Default vsync count 1
requesting resize 1920 x 1080
Using native desktop resolution 1920 x 1080
requesting fullscreen 1920 x 1080 at 0/1 Hz
Desktop is 1920 x 1080 @ 60 Hz
Disable old input system
UnloadTime: 0.315700 ms
[Hollowmere] adopted the application root registered at SubsystemRegistration
UnityEngine.DebugLogHandler:Internal_Log(LogType, LogOption, String, Object)
Hollowmere.Boot.GameBoot:Adopt(HollowmereApplication)
Hollowmere.Boot.GameBoot:Start()

[Hollowmere] frame pacing vsync=0 target=-1
UnityEngine.DebugLogHandler:Internal_Log(LogType, LogOption, String, Object)
Hollowmere.Game.FrameProfile:Configure(GameObject)
Hollowmere.Game.HollowmerePersistentSession:Begin(HollowmereCommandLine)
Hollowmere.Game.HollowmerePersistentSession:Ensure(HollowmereCommandLine)
Hollowmere.Game.HollowmereGame:Start()

[Hollowmere] frame log -> <REPO>/.evidence/P42hPlayer-final/measurement/vsync0/run1/frame-log.csv
UnityEngine.DebugLogHandler:Internal_Log(LogType, LogOption, String, Object)
Hollowmere.Game.HollowmerePersistentSession:Begin(HollowmereCommandLine)
Hollowmere.Game.HollowmerePersistentSession:Ensure(HollowmereCommandLine)
Hollowmere.Game.HollowmereGame:Start()

[autoplay] script with 280 commands, quitAfterFrames=0 frame=1
UnityEngine.DebugLogHandler:Internal_Log(LogType, LogOption, String, Object)
Hollowmere.Game.AutoplayRunner:Run(AutoplayScript, IAutoplayHost, Int32)
Hollowmere.Game.HollowmerePersistentSession:Begin(HollowmereCommandLine)
Hollowmere.Game.HollowmerePersistentSession:Ensure(HollowmereCommandLine)
Hollowmere.Game.HollowmereGame:Start()

RenderGraph is now enabled.
UnityEngine.DebugLogHandler:Internal_Log(LogType, LogOption, String, Object)
UnityEngine.Rendering.Universal.UniversalRenderPipeline:.ctor(UniversalRenderPipelineAsset)
UnityEngine.Rendering.Universal.UniversalRenderPipelineAsset:CreatePipeline()
UnityEngine.Rendering.RenderPipelineAsset:InternalCreatePipeline()
UnityEngine.Rendering.RenderPipelineManager:TryPrepareRenderPipeline(RenderPipelineAsset)
UnityEngine.Rendering.RenderPipelineManager:DoRenderLoop_Internal(RenderPipelineAsset, IntPtr, Object)

[Hollowmere] menu presented frame=3 input=True focus=menu-new
UnityEngine.DebugLogHandler:Internal_Log(LogType, LogOption, String, Object)
Hollowmere.UiAudio.<Warm>d__11:MoveNext()
UnityEngine.SetupCoroutine:InvokeMoveNext(IEnumerator, IntPtr)

[autoplay] 9 waituntil ready timeout 120 frame=4
UnityEngine.DebugLogHandler:Internal_Log(LogType, LogOption, String, Object)
Hollowmere.Game.AutoplayRunner:Begin(AutoplayCommand)
Hollowmere.Game.AutoplayRunner:Update()

[autoplay] 9 reached 'ready' after 0.00 s (Running)
UnityEngine.DebugLogHandler:Internal_Log(LogType, LogOption, String, Object)
Hollowmere.Game.AutoplayRunner:Step(AutoplayCommand)
Hollowmere.Game.AutoplayRunner:Update()

[autoplay] 10 mark menu frame=4
UnityEngine.DebugLogHandler:Internal_Log(LogType, LogOption, String, Object)
Hollowmere.Game.AutoplayRunner:Begin(AutoplayCommand)
Hollowmere.Game.AutoplayRunner:Update()

[autoplay] 11 wait 12 frame=4
UnityEngine.DebugLogHandler:Internal_Log(LogType, LogOption, String, Object)
Hollowmere.Game.AutoplayRunner:Begin(AutoplayCommand)
Hollowmere.Game.AutoplayRunner:Update()

[autoplay] 12 ui newgame frame=6957
UnityEngine.DebugLogHandler:Internal_Log(LogType, LogOption, String, Object)
Hollowmere.Game.AutoplayRunner:Begin(AutoplayCommand)
Hollowmere.Game.AutoplayRunner:Update()

[autoplay] 13 waituntil ready timeout 120 frame=6957
UnityEngine.DebugLogHandler:Internal_Log(LogType, LogOption, String, Object)
Hollowmere.Game.AutoplayRunner:Begin(AutoplayCommand)
Hollowmere.Game.AutoplayRunner:Update()

[autoplay] 13 reached 'ready' after 0.00 s (Running)
UnityEngine.DebugLogHandler:Internal_Log(LogType, LogOption, String, Object)
Hollowmere.Game.AutoplayRunner:Step(AutoplayCommand)
Hollowmere.Game.AutoplayRunner:Update()

[autoplay] 14 mark new-game frame=6957
UnityEngine.DebugLogHandler:Internal_Log(LogType, LogOption, String, Object)
Hollowmere.Game.AutoplayRunner:Begin(AutoplayCommand)
Hollowmere.Game.AutoplayRunner:Update()

[autoplay] 15 wait 4 frame=6957
UnityEngine.DebugLogHandler:Internal_Log(LogType, LogOption, String, Object)
Hollowmere.Game.AutoplayRunner:Begin(AutoplayCommand)
Hollowmere.Game.AutoplayRunner:Update()

[autoplay] 18 log a look around the square frame=9574
UnityEngine.DebugLogHandler:Internal_Log(LogType, LogOption, String, Object)
Hollowmere.Game.AutoplayRunner:Begin(AutoplayCommand)
Hollowmere.Game.AutoplayRunner:Update()

[autoplay] a look around the square
UnityEngine.DebugLogHandler:Internal_Log(LogType, LogOption, String, Object)
Hollowmere.Game.AutoplayRunner:Step(AutoplayCommand)
Hollowmere.Game.AutoplayRunner:Update()

[autoplay] 19 face 30 frame=9574
UnityEngine.DebugLogHandler:Internal_Log(LogType, LogOption, String, Object)
Hollowmere.Game.AutoplayRunner:Begin(AutoplayCommand)
Hollowmere.Game.AutoplayRunner:Update()

[autoplay] 20 wait 5 frame=9574
UnityEngine.DebugLogHandler:Internal_Log(LogType, LogOption, String, Object)
Hollowmere.Game.AutoplayRunner:Begin(AutoplayCommand)
Hollowmere.Game.AutoplayRunner:Update()

[autoplay] 21 face -40 frame=12568
UnityEngine.DebugLogHandler:Internal_Log(LogType, LogOption, String, Object)
Hollowmere.Game.AutoplayRunner:Begin(AutoplayCommand)
Hollowmere.Game.AutoplayRunner:Update()

[autoplay] 22 wait 5 frame=12568
UnityEngine.DebugLogHandler:Internal_Log(LogType, LogOption, String, Object)
Hollowmere.Game.AutoplayRunner:Begin(AutoplayCommand)
Hollowmere.Game.AutoplayRunner:Update()

[autoplay] 23 face 160 frame=15961
UnityEngine.DebugLogHandler:Internal_Log(LogType, LogOption, String, Object)
Hollowmere.Game.AutoplayRunner:Begin(AutoplayCommand)
Hollowmere.Game.AutoplayRunner:Update()

[autoplay] 24 wait 5 frame=15961
UnityEngine.DebugLogHandler:Internal_Log(LogType, LogOption, String, Object)
Hollowmere.Game.AutoplayRunner:Begin(AutoplayCommand)
Hollowmere.Game.AutoplayRunner:Update()

[autoplay] 25 face 0 frame=19028
UnityEngine.DebugLogHandler:Internal_Log(LogType, LogOption, String, Object)
Hollowmere.Game.AutoplayRunner:Begin(AutoplayCommand)
Hollowmere.Game.AutoplayRunner:Update()

[autoplay] 26 wait 4 frame=19028
UnityEngine.DebugLogHandler:Internal_Log(LogType, LogOption, String, Object)
Hollowmere.Game.AutoplayRunner:Begin(AutoplayCommand)
Hollowmere.Game.AutoplayRunner:Update()

[autoplay] 27 walk -2 -6 frame=21649
UnityEngine.DebugLogHandler:Internal_Log(LogType, LogOption, String, Object)
Hollowmere.Game.AutoplayRunner:Begin(AutoplayCommand)
Hollowmere.Game.AutoplayRunner:Update()

[autoplay] 27 arrived at (-1.60, -6.91) after 2.23 s
UnityEngine.DebugLogHandler:Internal_Log(LogType, LogOption, String, Object)
Hollowmere.Game.AutoplayRunner:Walk(AutoplayCommand, Single)
Hollowmere.Game.AutoplayRunner:Step(AutoplayCommand)
Hollowmere.Game.AutoplayRunner:Update()

[autoplay] 28 mark maren frame=23102
UnityEngine.DebugLogHandler:Internal_Log(LogType, LogOption, String, Object)
Hollowmere.Game.AutoplayRunner:Begin(AutoplayCommand)
Hollowmere.Game.AutoplayRunner:Update()

[autoplay] 29 approach Maren within 1.8 timeout 40 frame=23102
UnityEngine.DebugLogHandler:Internal_Log(LogType, LogOption, String, Object)
Hollowmere.Game.AutoplayRunner:Begin(AutoplayCommand)
Hollowmere.Game.AutoplayRunner:Update()

[autoplay] 29 reached Maren at (-6.43, -8.04), 1.79 m, facing -118.71 after 2.49 s
UnityEngine.DebugLogHandler:Internal_Log(LogType, LogOption, String, Object)
Hollowmere.Game.AutoplayRunner:Approach(AutoplayCommand, Single)
Hollowmere.Game.AutoplayRunner:Step(AutoplayCommand)
Hollowmere.Game.AutoplayRunner:Update()

[autoplay] 30 waituntil prompt Maren timeout 15 frame=24619
UnityEngine.DebugLogHandler:Internal_Log(LogType, LogOption, String, Object)
Hollowmere.Game.AutoplayRunner:Begin(AutoplayCommand)
Hollowmere.Game.AutoplayRunner:Update()

[autoplay] 30 reached 'prompt Maren' after 0.00 s (prompt Talk to Maren)
UnityEngine.DebugLogHandler:Internal_Log(LogType, LogOption, String, Object)
Hollowmere.Game.AutoplayRunner:Step(AutoplayCommand)
Hollowmere.Game.AutoplayRunner:Update()

[autoplay] 31 interact frame=24619
UnityEngine.DebugLogHandler:Internal_Log(LogType, LogOption, String, Object)
Hollowmere.Game.AutoplayRunner:Begin(AutoplayCommand)
Hollowmere.Game.AutoplayRunner:Update()

[autoplay] 32 waituntil dialogue active timeout 10 frame=24619
UnityEngine.DebugLogHandler:Internal_Log(LogType, LogOption, String, Object)
Hollowmere.Game.AutoplayRunner:Begin(AutoplayCommand)
Hollowmere.Game.AutoplayRunner:Update()

[autoplay] 32 reached 'dialogue active' after 0.00 s (dialogue active)
UnityEngine.DebugLogHandler:Internal_Log(LogType, LogOption, String, Object)
Hollowmere.Game.AutoplayRunner:Step(AutoplayCommand)
Hollowmere.Game.AutoplayRunner:Update()

[autoplay] 33 wait 4 frame=24621
UnityEngine.DebugLogHandler:Internal_Log(LogType, LogOption, String, Object)
Hollowmere.Game.AutoplayRunner:Begin(AutoplayCommand)
Hollowmere.Game.AutoplayRunner:Update()

[autoplay] 34 advance frame=27229
UnityEngine.DebugLogHandler:Internal_Log(LogType, LogOption, String, Object)
Hollowmere.Game.AutoplayRunner:Begin(AutoplayCommand)
Hollowmere.Game.AutoplayRunner:Update()

[autoplay] 35 wait 5 frame=27229
UnityEngine.DebugLogHandler:Internal_Log(LogType, LogOption, String, Object)
Hollowmere.Game.AutoplayRunner:Begin(AutoplayCommand)
Hollowmere.Game.AutoplayRunner:Update()

[autoplay] 36 advance frame=30417
UnityEngine.DebugLogHandler:Internal_Log(LogType, LogOption, String, Object)
Hollowmere.Game.AutoplayRunner:Begin(AutoplayCommand)
Hollowmere.Game.AutoplayRunner:Update()

[autoplay] 37 wait 3 frame=30417
UnityEngine.DebugLogHandler:Internal_Log(LogType, LogOption, String, Object)
Hollowmere.Game.AutoplayRunner:Begin(AutoplayCommand)
Hollowmere.Game.AutoplayRunner:Update()

[autoplay] 38 choose 1 frame=32215
UnityEngine.DebugLogHandler:Internal_Log(LogType, LogOption, String, Object)
Hollowmere.Game.AutoplayRunner:Begin(AutoplayCommand)
Hollowmere.Game.AutoplayRunner:Update()

[autoplay] 39 wait 6 frame=32215
UnityEngine.DebugLogHandler:Internal_Log(LogType, LogOption, String, Object)
Hollowmere.Game.AutoplayRunner:Begin(AutoplayCommand)
Hollowmere.Game.AutoplayRunner:Update()

[autoplay] 40 advance frame=35927
UnityEngine.DebugLogHandler:Internal_Log(LogType, LogOption, String, Object)
Hollowmere.Game.AutoplayRunner:Begin(AutoplayCommand)
Hollowmere.Game.AutoplayRunner:Update()

[autoplay] 41 waituntil dialogue none timeout 10 frame=35927
UnityEngine.DebugLogHandler:Internal_Log(LogType, LogOption, String, Object)
Hollowmere.Game.AutoplayRunner:Begin(AutoplayCommand)
Hollowmere.Game.AutoplayRunner:Update()

[autoplay] 41 reached 'dialogue none' after 0.00 s (dialogue none)
UnityEngine.DebugLogHandler:Internal_Log(LogType, LogOption, String, Object)
Hollowmere.Game.AutoplayRunner:Step(AutoplayCommand)
Hollowmere.Game.AutoplayRunner:Update()

[autoplay] 42 waituntil fact heard_rumour >= 1 timeout 10 frame=35928
UnityEngine.DebugLogHandler:Internal_Log(LogType, LogOption, String, Object)
Hollowmere.Game.AutoplayRunner:Begin(AutoplayCommand)
Hollowmere.Game.AutoplayRunner:Update()

[autoplay] 42 reached 'fact heard_rumour >= 1' after 0.00 s (fact heard_rumour=1)
UnityEngine.DebugLogHandler:Internal_Log(LogType, LogOption, String, Object)
Hollowmere.Game.AutoplayRunner:Step(AutoplayCommand)
Hollowmere.Game.AutoplayRunner:Update()

[autoplay] 43 wait 2 frame=35928
UnityEngine.DebugLogHandler:Internal_Log(LogType, LogOption, String, Object)
Hollowmere.Game.AutoplayRunner:Begin(AutoplayCommand)
Hollowmere.Game.AutoplayRunner:Update()

[autoplay] 45 mark coins frame=37055
UnityEngine.DebugLogHandler:Internal_Log(LogType, LogOption, String, Object)
Hollowmere.Game.AutoplayRunner:Begin(AutoplayCommand)
Hollowmere.Game.AutoplayRunner:Update()

[autoplay] 46 approach "Coins (square)" within 1.4 timeout 30 frame=37055
UnityEngine.DebugLogHandler:Internal_Log(LogType, LogOption, String, Object)
Hollowmere.Game.AutoplayRunner:Begin(AutoplayCommand)
Hollowmere.Game.AutoplayRunner:Update()

[autoplay] 46 reached Coins (square) at (2.74, -3.60), 1.40 m, facing 64.70 after 4.13 s
UnityEngine.DebugLogHandler:Internal_Log(LogType, LogOption, String, Object)
Hollowmere.Game.AutoplayRunner:Approach(AutoplayCommand, Single)
Hollowmere.Game.AutoplayRunner:Step(AutoplayCommand)
Hollowmere.Game.AutoplayRunner:Update()

[autoplay] 47 waituntil prompt coins timeout 10 frame=39598
UnityEngine.DebugLogHandler:Internal_Log(LogType, LogOption, String, Object)
Hollowmere.Game.AutoplayRunner:Begin(AutoplayCommand)
Hollowmere.Game.AutoplayRunner:Update()

[autoplay] 47 reached 'prompt coins' after 0.00 s (prompt Pick up the coins)
UnityEngine.DebugLogHandler:Internal_Log(LogType, LogOption, String, Object)
Hollowmere.Game.AutoplayRunner:Step(AutoplayCommand)
Hollowmere.Game.AutoplayRunner:Update()

[autoplay] 48 interact frame=39598
UnityEngine.DebugLogHandler:Internal_Log(LogType, LogOption, String, Object)
Hollowmere.Game.AutoplayRunner:Begin(AutoplayCommand)
Hollowmere.Game.AutoplayRunner:Update()

[autoplay] 49 waituntil item OldCoin >= 5 timeout 10 frame=39598
UnityEngine.DebugLogHandler:Internal_Log(LogType, LogOption, String, Object)
Hollowmere.Game.AutoplayRunner:Begin(AutoplayCommand)
Hollowmere.Game.AutoplayRunner:Update()

[autoplay] 49 reached 'item OldCoin >= 5' after 0.01 s (item OldCoin=5)
UnityEngine.DebugLogHandler:Internal_Log(LogType, LogOption, String, Object)
Hollowmere.Game.AutoplayRunner:Step(AutoplayCommand)
Hollowmere.Game.AutoplayRunner:Update()

[autoplay] 50 wait 2 frame=39602
UnityEngine.DebugLogHandler:Internal_Log(LogType, LogOption, String, Object)
Hollowmere.Game.AutoplayRunner:Begin(AutoplayCommand)
Hollowmere.Game.AutoplayRunner:Update()

[autoplay] 52 log Pip knows the shrine order frame=40912
UnityEngine.DebugLogHandler:Internal_Log(LogType, LogOption, String, Object)
Hollowmere.Game.AutoplayRunner:Begin(AutoplayCommand)
Hollowmere.Game.AutoplayRunner:Update()

[autoplay] Pip knows the shrine order
UnityEngine.DebugLogHandler:Internal_Log(LogType, LogOption, String, Object)
Hollowmere.Game.AutoplayRunner:Step(AutoplayCommand)
Hollowmere.Game.AutoplayRunner:Update()

[autoplay] 53 mark pip frame=40912
UnityEngine.DebugLogHandler:Internal_Log(LogType, LogOption, String, Object)
Hollowmere.Game.AutoplayRunner:Begin(AutoplayCommand)
Hollowmere.Game.AutoplayRunner:Update()

[autoplay] 54 approach Pip within 1.8 timeout 60 frame=40912
UnityEngine.DebugLogHandler:Internal_Log(LogType, LogOption, String, Object)
Hollowmere.Game.AutoplayRunner:Begin(AutoplayCommand)
Hollowmere.Game.AutoplayRunner:Update()

[autoplay] 54 reached Pip at (5.88, 1.44), 1.80 m, facing -29.38 after 5.30 s
UnityEngine.DebugLogHandler:Internal_Log(LogType, LogOption, String, Object)
Hollowmere.Game.AutoplayRunner:Approach(AutoplayCommand, Single)
Hollowmere.Game.AutoplayRunner:Step(AutoplayCommand)
Hollowmere.Game.AutoplayRunner:Update()

[autoplay] 55 waituntil prompt Pip timeout 15 frame=44105
UnityEngine.DebugLogHandler:Internal_Log(LogType, LogOption, String, Object)
Hollowmere.Game.AutoplayRunner:Begin(AutoplayCommand)
Hollowmere.Game.AutoplayRunner:Update()

[autoplay] 55 reached 'prompt Pip' after 0.00 s (prompt Talk to Pip)
UnityEngine.DebugLogHandler:Internal_Log(LogType, LogOption, String, Object)
Hollowmere.Game.AutoplayRunner:Step(AutoplayCommand)
Hollowmere.Game.AutoplayRunner:Update()

[autoplay] 56 interact frame=44105
UnityEngine.DebugLogHandler:Internal_Log(LogType, LogOption, String, Object)
Hollowmere.Game.AutoplayRunner:Begin(AutoplayCommand)
Hollowmere.Game.AutoplayRunner:Update()

[autoplay] 57 waituntil dialogue active timeout 10 frame=44105
UnityEngine.DebugLogHandler:Internal_Log(LogType, LogOption, String, Object)
Hollowmere.Game.AutoplayRunner:Begin(AutoplayCommand)
Hollowmere.Game.AutoplayRunner:Update()

[autoplay] 57 reached 'dialogue active' after 0.00 s (dialogue active)
UnityEngine.DebugLogHandler:Internal_Log(LogType, LogOption, String, Object)
Hollowmere.Game.AutoplayRunner:Step(AutoplayCommand)
Hollowmere.Game.AutoplayRunner:Update()

[autoplay] 58 wait 5 frame=44107
UnityEngine.DebugLogHandler:Internal_Log(LogType, LogOption, String, Object)
Hollowmere.Game.AutoplayRunner:Begin(AutoplayCommand)
Hollowmere.Game.AutoplayRunner:Update()

[autoplay] 59 advance frame=47331
UnityEngine.DebugLogHandler:Internal_Log(LogType, LogOption, String, Object)
Hollowmere.Game.AutoplayRunner:Begin(AutoplayCommand)
Hollowmere.Game.AutoplayRunner:Update()

[autoplay] 60 wait 3 frame=47331
UnityEngine.DebugLogHandler:Internal_Log(LogType, LogOption, String, Object)
Hollowmere.Game.AutoplayRunner:Begin(AutoplayCommand)
Hollowmere.Game.AutoplayRunner:Update()

[autoplay] 61 choose 1 frame=49077
UnityEngine.DebugLogHandler:Internal_Log(LogType, LogOption, String, Object)
Hollowmere.Game.AutoplayRunner:Begin(AutoplayCommand)
Hollowmere.Game.AutoplayRunner:Update()

[autoplay] 62 wait 7 frame=49077
UnityEngine.DebugLogHandler:Internal_Log(LogType, LogOption, String, Object)
Hollowmere.Game.AutoplayRunner:Begin(AutoplayCommand)
Hollowmere.Game.AutoplayRunner:Update()

[autoplay] 63 advance frame=53406
UnityEngine.DebugLogHandler:Internal_Log(LogType, LogOption, String, Object)
Hollowmere.Game.AutoplayRunner:Begin(AutoplayCommand)
Hollowmere.Game.AutoplayRunner:Update()

[autoplay] 64 waituntil dialogue none timeout 10 frame=53406
UnityEngine.DebugLogHandler:Internal_Log(LogType, LogOption, String, Object)
Hollowmere.Game.AutoplayRunner:Begin(AutoplayCommand)
Hollowmere.Game.AutoplayRunner:Update()

[autoplay] 64 reached 'dialogue none' after 0.00 s (dialogue none)
UnityEngine.DebugLogHandler:Internal_Log(LogType, LogOption, String, Object)
Hollowmere.Game.AutoplayRunner:Step(AutoplayCommand)
Hollowmere.Game.AutoplayRunner:Update()

[autoplay] 65 wait 4 frame=53407
UnityEngine.DebugLogHandler:Internal_Log(LogType, LogOption, String, Object)
Hollowmere.Game.AutoplayRunner:Begin(AutoplayCommand)
Hollowmere.Game.AutoplayRunner:Update()

[autoplay] 67 mark bram frame=55732
UnityEngine.DebugLogHandler:Internal_Log(LogType, LogOption, String, Object)
Hollowmere.Game.AutoplayRunner:Begin(AutoplayCommand)
Hollowmere.Game.AutoplayRunner:Update()

[autoplay] 68 walk 6 -8 frame=55732
UnityEngine.DebugLogHandler:Internal_Log(LogType, LogOption, String, Object)
Hollowmere.Game.AutoplayRunner:Begin(AutoplayCommand)
Hollowmere.Game.AutoplayRunner:Update()

[autoplay] 68 arrived at (5.89, -7.01) after 3.39 s
UnityEngine.DebugLogHandler:Internal_Log(LogType, LogOption, String, Object)
Hollowmere.Game.AutoplayRunner:Walk(AutoplayCommand, Single)
Hollowmere.Game.AutoplayRunner:Step(AutoplayCommand)
Hollowmere.Game.AutoplayRunner:Update()

[autoplay] 69 approach Bram within 1.8 timeout 40 frame=57832
UnityEngine.DebugLogHandler:Internal_Log(LogType, LogOption, String, Object)
Hollowmere.Game.AutoplayRunner:Begin(AutoplayCommand)
Hollowmere.Game.AutoplayRunner:Update()

[autoplay] 69 reached Bram at (9.77, -11.69), 1.80 m, facing 136.85 after 2.44 s
UnityEngine.DebugLogHandler:Internal_Log(LogType, LogOption, String, Object)
Hollowmere.Game.AutoplayRunner:Approach(AutoplayCommand, Single)
Hollowmere.Game.AutoplayRunner:Step(AutoplayCommand)
Hollowmere.Game.AutoplayRunner:Update()

[autoplay] 70 waituntil prompt Bram timeout 15 frame=59359
UnityEngine.DebugLogHandler:Internal_Log(LogType, LogOption, String, Object)
Hollowmere.Game.AutoplayRunner:Begin(AutoplayCommand)
Hollowmere.Game.AutoplayRunner:Update()

[autoplay] 70 reached 'prompt Bram' after 0.00 s (prompt Talk to Bram)
UnityEngine.DebugLogHandler:Internal_Log(LogType, LogOption, String, Object)
Hollowmere.Game.AutoplayRunner:Step(AutoplayCommand)
Hollowmere.Game.AutoplayRunner:Update()

[autoplay] 71 interact frame=59359
UnityEngine.DebugLogHandler:Internal_Log(LogType, LogOption, String, Object)
Hollowmere.Game.AutoplayRunner:Begin(AutoplayCommand)
Hollowmere.Game.AutoplayRunner:Update()

[autoplay] 72 waituntil dialogue active timeout 10 frame=59359
UnityEngine.DebugLogHandler:Internal_Log(LogType, LogOption, String, Object)
Hollowmere.Game.AutoplayRunner:Begin(AutoplayCommand)
Hollowmere.Game.AutoplayRunner:Update()

[autoplay] 72 reached 'dialogue active' after 0.00 s (dialogue active)
UnityEngine.DebugLogHandler:Internal_Log(LogType, LogOption, String, Object)
Hollowmere.Game.AutoplayRunner:Step(AutoplayCommand)
Hollowmere.Game.AutoplayRunner:Update()

[autoplay] 73 wait 3 frame=59361
UnityEngine.DebugLogHandler:Internal_Log(LogType, LogOption, String, Object)
Hollowmere.Game.AutoplayRunner:Begin(AutoplayCommand)
Hollowmere.Game.AutoplayRunner:Update()

[autoplay] 74 advance frame=61087
UnityEngine.DebugLogHandler:Internal_Log(LogType, LogOption, String, Object)
Hollowmere.Game.AutoplayRunner:Begin(AutoplayCommand)
Hollowmere.Game.AutoplayRunner:Update()

[autoplay] 75 wait 2 frame=61087
UnityEngine.DebugLogHandler:Internal_Log(LogType, LogOption, String, Object)
Hollowmere.Game.AutoplayRunner:Begin(AutoplayCommand)
Hollowmere.Game.AutoplayRunner:Update()

[autoplay] 76 choose 0 frame=62263
UnityEngine.DebugLogHandler:Internal_Log(LogType, LogOption, String, Object)
Hollowmere.Game.AutoplayRunner:Begin(AutoplayCommand)
Hollowmere.Game.AutoplayRunner:Update()

[autoplay] 77 wait 3 frame=62263
UnityEngine.DebugLogHandler:Internal_Log(LogType, LogOption, String, Object)
Hollowmere.Game.AutoplayRunner:Begin(AutoplayCommand)
Hollowmere.Game.AutoplayRunner:Update()

[autoplay] 78 advance frame=64161
UnityEngine.DebugLogHandler:Internal_Log(LogType, LogOption, String, Object)
Hollowmere.Game.AutoplayRunner:Begin(AutoplayCommand)
Hollowmere.Game.AutoplayRunner:Update()

[autoplay] 79 waituntil dialogue none timeout 10 frame=64161
UnityEngine.DebugLogHandler:Internal_Log(LogType, LogOption, String, Object)
Hollowmere.Game.AutoplayRunner:Begin(AutoplayCommand)
Hollowmere.Game.AutoplayRunner:Update()

[autoplay] 79 reached 'dialogue none' after 0.00 s (dialogue none)
UnityEngine.DebugLogHandler:Internal_Log(LogType, LogOption, String, Object)
Hollowmere.Game.AutoplayRunner:Step(AutoplayCommand)
Hollowmere.Game.AutoplayRunner:Update()

[autoplay] 80 waituntil item Lantern >= 1 timeout 10 frame=64162
UnityEngine.DebugLogHandler:Internal_Log(LogType, LogOption, String, Object)
Hollowmere.Game.AutoplayRunner:Begin(AutoplayCommand)
Hollowmere.Game.AutoplayRunner:Update()

[autoplay] 80 reached 'item Lantern >= 1' after 0.00 s (item Lantern=1)
UnityEngine.DebugLogHandler:Internal_Log(LogType, LogOption, String, Object)
Hollowmere.Game.AutoplayRunner:Step(AutoplayCommand)
Hollowmere.Game.AutoplayRunner:Update()

[autoplay] 81 wait 2 frame=64162
UnityEngine.DebugLogHandler:Internal_Log(LogType, LogOption, String, Object)
Hollowmere.Game.AutoplayRunner:Begin(AutoplayCommand)
Hollowmere.Game.AutoplayRunner:Update()

[autoplay] 82 interact frame=65418
UnityEngine.DebugLogHandler:Internal_Log(LogType, LogOption, String, Object)
Hollowmere.Game.AutoplayRunner:Begin(AutoplayCommand)
Hollowmere.Game.AutoplayRunner:Update()

[autoplay] 83 waituntil dialogue active timeout 10 frame=65418
UnityEngine.DebugLogHandler:Internal_Log(LogType, LogOption, String, Object)
Hollowmere.Game.AutoplayRunner:Begin(AutoplayCommand)
Hollowmere.Game.AutoplayRunner:Update()

[autoplay] 83 reached 'dialogue active' after 0.00 s (dialogue active)
UnityEngine.DebugLogHandler:Internal_Log(LogType, LogOption, String, Object)
Hollowmere.Game.AutoplayRunner:Step(AutoplayCommand)
Hollowmere.Game.AutoplayRunner:Update()

[autoplay] 84 wait 2 frame=65420
UnityEngine.DebugLogHandler:Internal_Log(LogType, LogOption, String, Object)
Hollowmere.Game.AutoplayRunner:Begin(AutoplayCommand)
Hollowmere.Game.AutoplayRunner:Update()

[autoplay] 85 advance frame=66577
UnityEngine.DebugLogHandler:Internal_Log(LogType, LogOption, String, Object)
Hollowmere.Game.AutoplayRunner:Begin(AutoplayCommand)
Hollowmere.Game.AutoplayRunner:Update()

[autoplay] 86 wait 2 frame=66577
UnityEngine.DebugLogHandler:Internal_Log(LogType, LogOption, String, Object)
Hollowmere.Game.AutoplayRunner:Begin(AutoplayCommand)
Hollowmere.Game.AutoplayRunner:Update()

[autoplay] 87 choose 2 frame=67751
UnityEngine.DebugLogHandler:Internal_Log(LogType, LogOption, String, Object)
Hollowmere.Game.AutoplayRunner:Begin(AutoplayCommand)
Hollowmere.Game.AutoplayRunner:Update()

[autoplay] 88 wait 3 frame=67751
UnityEngine.DebugLogHandler:Internal_Log(LogType, LogOption, String, Object)
Hollowmere.Game.AutoplayRunner:Begin(AutoplayCommand)
Hollowmere.Game.AutoplayRunner:Update()

[autoplay] 89 advance frame=69494
UnityEngine.DebugLogHandler:Internal_Log(LogType, LogOption, String, Object)
Hollowmere.Game.AutoplayRunner:Begin(AutoplayCommand)
Hollowmere.Game.AutoplayRunner:Update()

[autoplay] 90 waituntil dialogue none timeout 10 frame=69494
UnityEngine.DebugLogHandler:Internal_Log(LogType, LogOption, String, Object)
Hollowmere.Game.AutoplayRunner:Begin(AutoplayCommand)
Hollowmere.Game.AutoplayRunner:Update()

[autoplay] 90 reached 'dialogue none' after 0.00 s (dialogue none)
UnityEngine.DebugLogHandler:Internal_Log(LogType, LogOption, String, Object)
Hollowmere.Game.AutoplayRunner:Step(AutoplayCommand)
Hollowmere.Game.AutoplayRunner:Update()

[autoplay] 91 wait 2 frame=69495
UnityEngine.DebugLogHandler:Internal_Log(LogType, LogOption, String, Object)
Hollowmere.Game.AutoplayRunner:Begin(AutoplayCommand)
Hollowmere.Game.AutoplayRunner:Update()

[autoplay] 93 log the healer's garden and the barn on the way out frame=70780
UnityEngine.DebugLogHandler:Internal_Log(LogType, LogOption, String, Object)
Hollowmere.Game.AutoplayRunner:Begin(AutoplayCommand)
Hollowmere.Game.AutoplayRunner:Update()

[autoplay] the healer's garden and the barn on the way out
UnityEngine.DebugLogHandler:Internal_Log(LogType, LogOption, String, Object)
Hollowmere.Game.AutoplayRunner:Step(AutoplayCommand)
Hollowmere.Game.AutoplayRunner:Update()

[autoplay] 94 walk 4 -6 frame=70780
UnityEngine.DebugLogHandler:Internal_Log(LogType, LogOption, String, Object)
Hollowmere.Game.AutoplayRunner:Begin(AutoplayCommand)
Hollowmere.Game.AutoplayRunner:Update()

[autoplay] 94 arrived at (4.72, -6.70) after 2.77 s
UnityEngine.DebugLogHandler:Internal_Log(LogType, LogOption, String, Object)
Hollowmere.Game.AutoplayRunner:Walk(AutoplayCommand, Single)
Hollowmere.Game.AutoplayRunner:Step(AutoplayCommand)
Hollowmere.Game.AutoplayRunner:Update()

[autoplay] 95 walk 2 6 frame=72379
UnityEngine.DebugLogHandler:Internal_Log(LogType, LogOption, String, Object)
Hollowmere.Game.AutoplayRunner:Begin(AutoplayCommand)
Hollowmere.Game.AutoplayRunner:Update()

[autoplay] 95 arrived at (2.35, 5.06) after 5.16 s
UnityEngine.DebugLogHandler:Internal_Log(LogType, LogOption, String, Object)
Hollowmere.Game.AutoplayRunner:Walk(AutoplayCommand, Single)
Hollowmere.Game.AutoplayRunner:Step(AutoplayCommand)
Hollowmere.Game.AutoplayRunner:Update()

[autoplay] 96 walk -6 12 frame=75271
UnityEngine.DebugLogHandler:Internal_Log(LogType, LogOption, String, Object)
Hollowmere.Game.AutoplayRunner:Begin(AutoplayCommand)
Hollowmere.Game.AutoplayRunner:Update()

[autoplay] 96 sidestep right at (0.74, 6.25); ahead: Traveller/Body at 0.00 m; Stone 1/Body at 0.00 m
UnityEngine.DebugLogHandler:Internal_Log(LogType, LogOption, String, Object)
Hollowmere.Game.AutoplayRunner:Steer(AutoplayCommand, String, String, Vector3, Vector3, Single)
Hollowmere.Game.AutoplayRunner:Walk(AutoplayCommand, Single)
Hollowmere.Game.AutoplayRunner:Step(AutoplayCommand)
Hollowmere.Game.AutoplayRunner:Update()

[autoplay] 96 arrived at (-5.08, 11.61) after 6.31 s
UnityEngine.DebugLogHandler:Internal_Log(LogType, LogOption, String, Object)
Hollowmere.Game.AutoplayRunner:Walk(AutoplayCommand, Single)
Hollowmere.Game.AutoplayRunner:Step(AutoplayCommand)
Hollowmere.Game.AutoplayRunner:Update()

[autoplay] 97 face 0 frame=79140
UnityEngine.DebugLogHandler:Internal_Log(LogType, LogOption, String, Object)
Hollowmere.Game.AutoplayRunner:Begin(AutoplayCommand)
Hollowmere.Game.AutoplayRunner:Update()

[autoplay] 98 wait 10 frame=79140
UnityEngine.DebugLogHandler:Internal_Log(LogType, LogOption, String, Object)
Hollowmere.Game.AutoplayRunner:Begin(AutoplayCommand)
Hollowmere.Game.AutoplayRunner:Update()

[autoplay] 99 face -90 frame=85257
UnityEngine.DebugLogHandler:Internal_Log(LogType, LogOption, String, Object)
Hollowmere.Game.AutoplayRunner:Begin(AutoplayCommand)
Hollowmere.Game.AutoplayRunner:Update()

[autoplay] 100 wait 6 frame=85257
UnityEngine.DebugLogHandler:Internal_Log(LogType, LogOption, String, Object)
Hollowmere.Game.AutoplayRunner:Begin(AutoplayCommand)
Hollowmere.Game.AutoplayRunner:Update()

[autoplay] 101 walk 2 4 frame=88906
UnityEngine.DebugLogHandler:Internal_Log(LogType, LogOption, String, Object)
Hollowmere.Game.AutoplayRunner:Begin(AutoplayCommand)
Hollowmere.Game.AutoplayRunner:Update()

[autoplay] 101 arrived at (1.24, 4.65) after 3.88 s
UnityEngine.DebugLogHandler:Internal_Log(LogType, LogOption, String, Object)
Hollowmere.Game.AutoplayRunner:Walk(AutoplayCommand, Single)
Hollowmere.Game.AutoplayRunner:Step(AutoplayCommand)
Hollowmere.Game.AutoplayRunner:Update()

[autoplay] 102 wait 4 frame=91239
UnityEngine.DebugLogHandler:Internal_Log(LogType, LogOption, String, Object)
Hollowmere.Game.AutoplayRunner:Begin(AutoplayCommand)
Hollowmere.Game.AutoplayRunner:Update()

[autoplay] 103 walk 12 1 frame=93609
UnityEngine.DebugLogHandler:Internal_Log(LogType, LogOption, String, Object)
Hollowmere.Game.AutoplayRunner:Begin(AutoplayCommand)
Hollowmere.Game.AutoplayRunner:Update()

[autoplay] 103 arrived at (11.08, 1.38) after 4.33 s
UnityEngine.DebugLogHandler:Internal_Log(LogType, LogOption, String, Object)
Hollowmere.Game.AutoplayRunner:Walk(AutoplayCommand, Single)
Hollowmere.Game.AutoplayRunner:Step(AutoplayCommand)
Hollowmere.Game.AutoplayRunner:Update()

[autoplay] 104 walk 22 0 frame=96218
UnityEngine.DebugLogHandler:Internal_Log(LogType, LogOption, String, Object)
Hollowmere.Game.AutoplayRunner:Begin(AutoplayCommand)
Hollowmere.Game.AutoplayRunner:Update()

[autoplay] 104 arrived at (21.02, 0.13) after 3.94 s
UnityEngine.DebugLogHandler:Internal_Log(LogType, LogOption, String, Object)
Hollowmere.Game.AutoplayRunner:Walk(AutoplayCommand, Single)
Hollowmere.Game.AutoplayRunner:Step(AutoplayCommand)
Hollowmere.Game.AutoplayRunner:Update()

[autoplay] 105 face 90 frame=98463
UnityEngine.DebugLogHandler:Internal_Log(LogType, LogOption, String, Object)
Hollowmere.Game.AutoplayRunner:Begin(AutoplayCommand)
Hollowmere.Game.AutoplayRunner:Update()

[autoplay] 106 wait 4 frame=98463
UnityEngine.DebugLogHandler:Internal_Log(LogType, LogOption, String, Object)
Hollowmere.Game.AutoplayRunner:Begin(AutoplayCommand)
Hollowmere.Game.AutoplayRunner:Update()

[autoplay] 107 log the road east: a last look back at the village frame=100951
UnityEngine.DebugLogHandler:Internal_Log(LogType, LogOption, String, Object)
Hollowmere.Game.AutoplayRunner:Begin(AutoplayCommand)
Hollowmere.Game.AutoplayRunner:Update()

[autoplay] the road east: a last look back at the village
UnityEngine.DebugLogHandler:Internal_Log(LogType, LogOption, String, Object)
Hollowmere.Game.AutoplayRunner:Step(AutoplayCommand)
Hollowmere.Game.AutoplayRunner:Update()

[autoplay] 108 face -90 frame=100951
UnityEngine.DebugLogHandler:Internal_Log(LogType, LogOption, String, Object)
Hollowmere.Game.AutoplayRunner:Begin(AutoplayCommand)
Hollowmere.Game.AutoplayRunner:Update()

[autoplay] 109 wait 8 frame=100951
UnityEngine.DebugLogHandler:Internal_Log(LogType, LogOption, String, Object)
Hollowmere.Game.AutoplayRunner:Begin(AutoplayCommand)
Hollowmere.Game.AutoplayRunner:Update()

[autoplay] 110 face 90 frame=105690
UnityEngine.DebugLogHandler:Internal_Log(LogType, LogOption, String, Object)
Hollowmere.Game.AutoplayRunner:Begin(AutoplayCommand)
Hollowmere.Game.AutoplayRunner:Update()

[autoplay] 111 wait 4 frame=105690
UnityEngine.DebugLogHandler:Internal_Log(LogType, LogOption, String, Object)
Hollowmere.Game.AutoplayRunner:Begin(AutoplayCommand)
Hollowmere.Game.AutoplayRunner:Update()

[autoplay] 112 mark gate frame=108171
UnityEngine.DebugLogHandler:Internal_Log(LogType, LogOption, String, Object)
Hollowmere.Game.AutoplayRunner:Begin(AutoplayCommand)
Hollowmere.Game.AutoplayRunner:Update()

[autoplay] 113 walk 30 0 frame=108171
UnityEngine.DebugLogHandler:Internal_Log(LogType, LogOption, String, Object)
Hollowmere.Game.AutoplayRunner:Begin(AutoplayCommand)
Hollowmere.Game.AutoplayRunner:Update()

[autoplay] 113 arrived at (29.01, 0.11) after 3.16 s
UnityEngine.DebugLogHandler:Internal_Log(LogType, LogOption, String, Object)
Hollowmere.Game.AutoplayRunner:Walk(AutoplayCommand, Single)
Hollowmere.Game.AutoplayRunner:Step(AutoplayCommand)
Hollowmere.Game.AutoplayRunner:Update()

[autoplay] 114 walk 166.5 0 timeout 40 frame=109954
UnityEngine.DebugLogHandler:Internal_Log(LogType, LogOption, String, Object)
Hollowmere.Game.AutoplayRunner:Begin(AutoplayCommand)
Hollowmere.Game.AutoplayRunner:Update()

[autoplay] 114 crossed a portal to (167.50, 0.00) after 2.04 s
UnityEngine.DebugLogHandler:Internal_Log(LogType, LogOption, String, Object)
Hollowmere.Game.AutoplayRunner:Walk(AutoplayCommand, Single)
Hollowmere.Game.AutoplayRunner:Step(AutoplayCommand)
Hollowmere.Game.AutoplayRunner:Update()

[autoplay] 115 waituntil region Blackmere timeout 30 frame=111147
UnityEngine.DebugLogHandler:Internal_Log(LogType, LogOption, String, Object)
Hollowmere.Game.AutoplayRunner:Begin(AutoplayCommand)
Hollowmere.Game.AutoplayRunner:Update()

[autoplay] 115 reached 'region Blackmere' after 0.00 s (region Blackmere Marsh)
UnityEngine.DebugLogHandler:Internal_Log(LogType, LogOption, String, Object)
Hollowmere.Game.AutoplayRunner:Step(AutoplayCommand)
Hollowmere.Game.AutoplayRunner:Update()

[autoplay] 118 mark marsh frame=111147
UnityEngine.DebugLogHandler:Internal_Log(LogType, LogOption, String, Object)
Hollowmere.Game.AutoplayRunner:Begin(AutoplayCommand)
Hollowmere.Game.AutoplayRunner:Update()

[autoplay] 119 wait 6 frame=111147
UnityEngine.DebugLogHandler:Internal_Log(LogType, LogOption, String, Object)
Hollowmere.Game.AutoplayRunner:Begin(AutoplayCommand)
Hollowmere.Game.AutoplayRunner:Update()

Unloading 6 Unused Serialized files (Serialized files now loaded: 0)
Unloading 36 unused Assets to reduce memory usage. Loaded Objects now: 2990.
Total: 7.597914 ms (FindLiveObjects: 0.096787 ms CreateObjectMapping: 0.060688 ms MarkObjects: 7.371896 ms  DeleteObjects: 0.068085 ms)

[autoplay] 120 face 45 frame=114634
UnityEngine.DebugLogHandler:Internal_Log(LogType, LogOption, String, Object)
Hollowmere.Game.AutoplayRunner:Begin(AutoplayCommand)
Hollowmere.Game.AutoplayRunner:Update()

[autoplay] 121 wait 6 frame=114634
UnityEngine.DebugLogHandler:Internal_Log(LogType, LogOption, String, Object)
Hollowmere.Game.AutoplayRunner:Begin(AutoplayCommand)
Hollowmere.Game.AutoplayRunner:Update()

[autoplay] 122 face -60 frame=118111
UnityEngine.DebugLogHandler:Internal_Log(LogType, LogOption, String, Object)
Hollowmere.Game.AutoplayRunner:Begin(AutoplayCommand)
Hollowmere.Game.AutoplayRunner:Update()

[autoplay] 123 wait 6 frame=118111
UnityEngine.DebugLogHandler:Internal_Log(LogType, LogOption, String, Object)
Hollowmere.Game.AutoplayRunner:Begin(AutoplayCommand)
Hollowmere.Game.AutoplayRunner:Update()

[autoplay] 124 face 90 frame=121619
UnityEngine.DebugLogHandler:Internal_Log(LogType, LogOption, String, Object)
Hollowmere.Game.AutoplayRunner:Begin(AutoplayCommand)
Hollowmere.Game.AutoplayRunner:Update()

[autoplay] 125 wait 3 frame=121619
UnityEngine.DebugLogHandler:Internal_Log(LogType, LogOption, String, Object)
Hollowmere.Game.AutoplayRunner:Begin(AutoplayCommand)
Hollowmere.Game.AutoplayRunner:Update()

[autoplay] 126 approach Hale within 1.8 timeout 30 frame=123402
UnityEngine.DebugLogHandler:Internal_Log(LogType, LogOption, String, Object)
Hollowmere.Game.AutoplayRunner:Begin(AutoplayCommand)
Hollowmere.Game.AutoplayRunner:Update()

[autoplay] 126 reached Hale at (167.50, 2.70), 1.80 m, facing 0.00 after 1.07 s
UnityEngine.DebugLogHandler:Internal_Log(LogType, LogOption, String, Object)
Hollowmere.Game.AutoplayRunner:Approach(AutoplayCommand, Single)
Hollowmere.Game.AutoplayRunner:Step(AutoplayCommand)
Hollowmere.Game.AutoplayRunner:Update()

[autoplay] 127 waituntil prompt Hale timeout 15 frame=124067
UnityEngine.DebugLogHandler:Internal_Log(LogType, LogOption, String, Object)
Hollowmere.Game.AutoplayRunner:Begin(AutoplayCommand)
Hollowmere.Game.AutoplayRunner:Update()

[autoplay] 127 reached 'prompt Hale' after 0.00 s (prompt Talk to Hale)
UnityEngine.DebugLogHandler:Internal_Log(LogType, LogOption, String, Object)
Hollowmere.Game.AutoplayRunner:Step(AutoplayCommand)
Hollowmere.Game.AutoplayRunner:Update()

[autoplay] 128 interact frame=124067
UnityEngine.DebugLogHandler:Internal_Log(LogType, LogOption, String, Object)
Hollowmere.Game.AutoplayRunner:Begin(AutoplayCommand)
Hollowmere.Game.AutoplayRunner:Update()

[autoplay] 129 waituntil dialogue active timeout 10 frame=124067
UnityEngine.DebugLogHandler:Internal_Log(LogType, LogOption, String, Object)
Hollowmere.Game.AutoplayRunner:Begin(AutoplayCommand)
Hollowmere.Game.AutoplayRunner:Update()

[autoplay] 129 reached 'dialogue active' after 0.00 s (dialogue active)
UnityEngine.DebugLogHandler:Internal_Log(LogType, LogOption, String, Object)
Hollowmere.Game.AutoplayRunner:Step(AutoplayCommand)
Hollowmere.Game.AutoplayRunner:Update()

[autoplay] 130 wait 4 frame=124069
UnityEngine.DebugLogHandler:Internal_Log(LogType, LogOption, String, Object)
Hollowmere.Game.AutoplayRunner:Begin(AutoplayCommand)
Hollowmere.Game.AutoplayRunner:Update()

[autoplay] 131 advance frame=126418
UnityEngine.DebugLogHandler:Internal_Log(LogType, LogOption, String, Object)
Hollowmere.Game.AutoplayRunner:Begin(AutoplayCommand)
Hollowmere.Game.AutoplayRunner:Update()

[autoplay] 132 waituntil dialogue none timeout 10 frame=126418
UnityEngine.DebugLogHandler:Internal_Log(LogType, LogOption, String, Object)
Hollowmere.Game.AutoplayRunner:Begin(AutoplayCommand)
Hollowmere.Game.AutoplayRunner:Update()

[autoplay] 132 reached 'dialogue none' after 0.00 s (dialogue none)
UnityEngine.DebugLogHandler:Internal_Log(LogType, LogOption, String, Object)
Hollowmere.Game.AutoplayRunner:Step(AutoplayCommand)
Hollowmere.Game.AutoplayRunner:Update()

[autoplay] 133 waituntil fact gate_open >= 1 timeout 10 frame=126419
UnityEngine.DebugLogHandler:Internal_Log(LogType, LogOption, String, Object)
Hollowmere.Game.AutoplayRunner:Begin(AutoplayCommand)
Hollowmere.Game.AutoplayRunner:Update()

[autoplay] 133 reached 'fact gate_open >= 1' after 0.00 s (fact gate_open=1)
UnityEngine.DebugLogHandler:Internal_Log(LogType, LogOption, String, Object)
Hollowmere.Game.AutoplayRunner:Step(AutoplayCommand)
Hollowmere.Game.AutoplayRunner:Update()

[autoplay] 134 wait 4 frame=126419
UnityEngine.DebugLogHandler:Internal_Log(LogType, LogOption, String, Object)
Hollowmere.Game.AutoplayRunner:Begin(AutoplayCommand)
Hollowmere.Game.AutoplayRunner:Update()

[autoplay] 135 face 0 frame=128736
UnityEngine.DebugLogHandler:Internal_Log(LogType, LogOption, String, Object)
Hollowmere.Game.AutoplayRunner:Begin(AutoplayCommand)
Hollowmere.Game.AutoplayRunner:Update()

[autoplay] 136 wait 6 frame=128736
UnityEngine.DebugLogHandler:Internal_Log(LogType, LogOption, String, Object)
Hollowmere.Game.AutoplayRunner:Begin(AutoplayCommand)
Hollowmere.Game.AutoplayRunner:Update()

[autoplay] 137 face 90 frame=132395
UnityEngine.DebugLogHandler:Internal_Log(LogType, LogOption, String, Object)
Hollowmere.Game.AutoplayRunner:Begin(AutoplayCommand)
Hollowmere.Game.AutoplayRunner:Update()

[autoplay] 138 wait 3 frame=132395
UnityEngine.DebugLogHandler:Internal_Log(LogType, LogOption, String, Object)
Hollowmere.Game.AutoplayRunner:Begin(AutoplayCommand)
Hollowmere.Game.AutoplayRunner:Update()

[autoplay] 139 approach "Causeway Gate" within 1.6 timeout 20 frame=134115
UnityEngine.DebugLogHandler:Internal_Log(LogType, LogOption, String, Object)
Hollowmere.Game.AutoplayRunner:Begin(AutoplayCommand)
Hollowmere.Game.AutoplayRunner:Update()

[autoplay] 139 reached Causeway Gate at (168.00, 2.54), 1.60 m, facing 109.69 after 0.21 s
UnityEngine.DebugLogHandler:Internal_Log(LogType, LogOption, String, Object)
Hollowmere.Game.AutoplayRunner:Approach(AutoplayCommand, Single)
Hollowmere.Game.AutoplayRunner:Step(AutoplayCommand)
Hollowmere.Game.AutoplayRunner:Update()

[autoplay] 140 waituntil prompt gate timeout 10 frame=134221
UnityEngine.DebugLogHandler:Internal_Log(LogType, LogOption, String, Object)
Hollowmere.Game.AutoplayRunner:Begin(AutoplayCommand)
Hollowmere.Game.AutoplayRunner:Update()

[autoplay] 140 reached 'prompt gate' after 0.00 s (prompt The gate is barred)
UnityEngine.DebugLogHandler:Internal_Log(LogType, LogOption, String, Object)
Hollowmere.Game.AutoplayRunner:Step(AutoplayCommand)
Hollowmere.Game.AutoplayRunner:Update()

[autoplay] 141 interact frame=134221
UnityEngine.DebugLogHandler:Internal_Log(LogType, LogOption, String, Object)
Hollowmere.Game.AutoplayRunner:Begin(AutoplayCommand)
Hollowmere.Game.AutoplayRunner:Update()

[autoplay] 142 wait 3 frame=134221
UnityEngine.DebugLogHandler:Internal_Log(LogType, LogOption, String, Object)
Hollowmere.Game.AutoplayRunner:Begin(AutoplayCommand)
Hollowmere.Game.AutoplayRunner:Update()

[autoplay] 143 walk 172 2 frame=136045
UnityEngine.DebugLogHandler:Internal_Log(LogType, LogOption, String, Object)
Hollowmere.Game.AutoplayRunner:Begin(AutoplayCommand)
Hollowmere.Game.AutoplayRunner:Update()

[autoplay] 143 arrived at (171.01, 2.12) after 1.21 s
UnityEngine.DebugLogHandler:Internal_Log(LogType, LogOption, String, Object)
Hollowmere.Game.AutoplayRunner:Walk(AutoplayCommand, Single)
Hollowmere.Game.AutoplayRunner:Step(AutoplayCommand)
Hollowmere.Game.AutoplayRunner:Update()

[autoplay] 144 walk 180 2 frame=136748
UnityEngine.DebugLogHandler:Internal_Log(LogType, LogOption, String, Object)
Hollowmere.Game.AutoplayRunner:Begin(AutoplayCommand)
Hollowmere.Game.AutoplayRunner:Update()

[autoplay] 144 arrived at (179.01, 2.10) after 3.21 s
UnityEngine.DebugLogHandler:Internal_Log(LogType, LogOption, String, Object)
Hollowmere.Game.AutoplayRunner:Walk(AutoplayCommand, Single)
Hollowmere.Game.AutoplayRunner:Step(AutoplayCommand)
Hollowmere.Game.AutoplayRunner:Update()

[autoplay] 145 mark shrine frame=138479
UnityEngine.DebugLogHandler:Internal_Log(LogType, LogOption, String, Object)
Hollowmere.Game.AutoplayRunner:Begin(AutoplayCommand)
Hollowmere.Game.AutoplayRunner:Update()

[autoplay] 146 walk 192 -1 frame=138479
UnityEngine.DebugLogHandler:Internal_Log(LogType, LogOption, String, Object)
Hollowmere.Game.AutoplayRunner:Begin(AutoplayCommand)
Hollowmere.Game.AutoplayRunner:Update()

[autoplay] 146 arrived at (191.01, -0.86) after 4.89 s
UnityEngine.DebugLogHandler:Internal_Log(LogType, LogOption, String, Object)
Hollowmere.Game.AutoplayRunner:Walk(AutoplayCommand, Single)
Hollowmere.Game.AutoplayRunner:Step(AutoplayCommand)
Hollowmere.Game.AutoplayRunner:Update()

[autoplay] 147 approach "Shrine Lantern West" within 1.6 timeout 30 frame=141274
UnityEngine.DebugLogHandler:Internal_Log(LogType, LogOption, String, Object)
Hollowmere.Game.AutoplayRunner:Begin(AutoplayCommand)
Hollowmere.Game.AutoplayRunner:Update()

[autoplay] 147 reached Shrine Lantern West at (197.61, 3.22), 1.60 m, facing 60.73 after 3.13 s
UnityEngine.DebugLogHandler:Internal_Log(LogType, LogOption, String, Object)
Hollowmere.Game.AutoplayRunner:Approach(AutoplayCommand, Single)
Hollowmere.Game.AutoplayRunner:Step(AutoplayCommand)
Hollowmere.Game.AutoplayRunner:Update()

[autoplay] 148 waituntil prompt west timeout 10 frame=143148
UnityEngine.DebugLogHandler:Internal_Log(LogType, LogOption, String, Object)
Hollowmere.Game.AutoplayRunner:Begin(AutoplayCommand)
Hollowmere.Game.AutoplayRunner:Update()

[autoplay] 148 reached 'prompt west' after 0.00 s (prompt Light the west shrine lantern)
UnityEngine.DebugLogHandler:Internal_Log(LogType, LogOption, String, Object)
Hollowmere.Game.AutoplayRunner:Step(AutoplayCommand)
Hollowmere.Game.AutoplayRunner:Update()

[autoplay] 149 interact frame=143148
UnityEngine.DebugLogHandler:Internal_Log(LogType, LogOption, String, Object)
Hollowmere.Game.AutoplayRunner:Begin(AutoplayCommand)
Hollowmere.Game.AutoplayRunner:Update()

[autoplay] 150 waituntil fact shrine_post_1 >= 1 timeout 10 frame=143148
UnityEngine.DebugLogHandler:Internal_Log(LogType, LogOption, String, Object)
Hollowmere.Game.AutoplayRunner:Begin(AutoplayCommand)
Hollowmere.Game.AutoplayRunner:Update()

[autoplay] 150 reached 'fact shrine_post_1 >= 1' after 0.01 s (fact shrine_post_1=1)
UnityEngine.DebugLogHandler:Internal_Log(LogType, LogOption, String, Object)
Hollowmere.Game.AutoplayRunner:Step(AutoplayCommand)
Hollowmere.Game.AutoplayRunner:Update()

[autoplay] 151 wait 3 frame=143152
UnityEngine.DebugLogHandler:Internal_Log(LogType, LogOption, String, Object)
Hollowmere.Game.AutoplayRunner:Begin(AutoplayCommand)
Hollowmere.Game.AutoplayRunner:Update()

[autoplay] 152 approach "Shrine Lantern Middle" within 1.6 timeout 30 frame=144844
UnityEngine.DebugLogHandler:Internal_Log(LogType, LogOption, String, Object)
Hollowmere.Game.AutoplayRunner:Begin(AutoplayCommand)
Hollowmere.Game.AutoplayRunner:Update()

[autoplay] 152 reached Shrine Lantern Middle at (204.42, 2.22), 1.60 m, facing 97.73 after 2.74 s
UnityEngine.DebugLogHandler:Internal_Log(LogType, LogOption, String, Object)
Hollowmere.Game.AutoplayRunner:Approach(AutoplayCommand, Single)
Hollowmere.Game.AutoplayRunner:Step(AutoplayCommand)
Hollowmere.Game.AutoplayRunner:Update()

[autoplay] 153 waituntil prompt middle timeout 10 frame=146365
UnityEngine.DebugLogHandler:Internal_Log(LogType, LogOption, String, Object)
Hollowmere.Game.AutoplayRunner:Begin(AutoplayCommand)
Hollowmere.Game.AutoplayRunner:Update()

[autoplay] 153 reached 'prompt middle' after 0.00 s (prompt Light the middle shrine lantern)
UnityEngine.DebugLogHandler:Internal_Log(LogType, LogOption, String, Object)
Hollowmere.Game.AutoplayRunner:Step(AutoplayCommand)
Hollowmere.Game.AutoplayRunner:Update()

[autoplay] 154 interact frame=146365
UnityEngine.DebugLogHandler:Internal_Log(LogType, LogOption, String, Object)
Hollowmere.Game.AutoplayRunner:Begin(AutoplayCommand)
Hollowmere.Game.AutoplayRunner:Update()

[autoplay] 155 waituntil fact shrine_post_2 >= 1 timeout 10 frame=146365
UnityEngine.DebugLogHandler:Internal_Log(LogType, LogOption, String, Object)
Hollowmere.Game.AutoplayRunner:Begin(AutoplayCommand)
Hollowmere.Game.AutoplayRunner:Update()

[autoplay] 155 reached 'fact shrine_post_2 >= 1' after 0.01 s (fact shrine_post_2=1)
UnityEngine.DebugLogHandler:Internal_Log(LogType, LogOption, String, Object)
Hollowmere.Game.AutoplayRunner:Step(AutoplayCommand)
Hollowmere.Game.AutoplayRunner:Update()

[autoplay] 156 wait 3 frame=146369
UnityEngine.DebugLogHandler:Internal_Log(LogType, LogOption, String, Object)
Hollowmere.Game.AutoplayRunner:Begin(AutoplayCommand)
Hollowmere.Game.AutoplayRunner:Update()

[autoplay] 157 approach "Shrine Lantern East" within 1.6 timeout 30 frame=148171
UnityEngine.DebugLogHandler:Internal_Log(LogType, LogOption, String, Object)
Hollowmere.Game.AutoplayRunner:Begin(AutoplayCommand)
Hollowmere.Game.AutoplayRunner:Update()

[autoplay] 157 reached Shrine Lantern East at (211.41, 3.83), 1.60 m, facing 83.74 after 2.86 s
UnityEngine.DebugLogHandler:Internal_Log(LogType, LogOption, String, Object)
Hollowmere.Game.AutoplayRunner:Approach(AutoplayCommand, Single)
Hollowmere.Game.AutoplayRunner:Step(AutoplayCommand)
Hollowmere.Game.AutoplayRunner:Update()

[autoplay] 158 waituntil prompt east timeout 10 frame=149718
UnityEngine.DebugLogHandler:Internal_Log(LogType, LogOption, String, Object)
Hollowmere.Game.AutoplayRunner:Begin(AutoplayCommand)
Hollowmere.Game.AutoplayRunner:Update()

[autoplay] 158 reached 'prompt east' after 0.00 s (prompt Light the east shrine lantern)
UnityEngine.DebugLogHandler:Internal_Log(LogType, LogOption, String, Object)
Hollowmere.Game.AutoplayRunner:Step(AutoplayCommand)
Hollowmere.Game.AutoplayRunner:Update()

[autoplay] 159 interact frame=149718
UnityEngine.DebugLogHandler:Internal_Log(LogType, LogOption, String, Object)
Hollowmere.Game.AutoplayRunner:Begin(AutoplayCommand)
Hollowmere.Game.AutoplayRunner:Update()

[autoplay] 160 waituntil fact shrine_lit >= 1 timeout 10 frame=149718
UnityEngine.DebugLogHandler:Internal_Log(LogType, LogOption, String, Object)
Hollowmere.Game.AutoplayRunner:Begin(AutoplayCommand)
Hollowmere.Game.AutoplayRunner:Update()

[autoplay] 160 reached 'fact shrine_lit >= 1' after 0.02 s (fact shrine_lit=1)
UnityEngine.DebugLogHandler:Internal_Log(LogType, LogOption, String, Object)
Hollowmere.Game.AutoplayRunner:Step(AutoplayCommand)
Hollowmere.Game.AutoplayRunner:Update()

[autoplay] 161 mark shrine-lit frame=149724
UnityEngine.DebugLogHandler:Internal_Log(LogType, LogOption, String, Object)
Hollowmere.Game.AutoplayRunner:Begin(AutoplayCommand)
Hollowmere.Game.AutoplayRunner:Update()

[autoplay] 162 wait 12 frame=149724
UnityEngine.DebugLogHandler:Internal_Log(LogType, LogOption, String, Object)
Hollowmere.Game.AutoplayRunner:Begin(AutoplayCommand)
Hollowmere.Game.AutoplayRunner:Update()

Received signal SIGTERM (15) - code:0 errno:0 addr:0x3e80002c2b5
[Physics::Module] Cleanup current backned.
[Physics::Module] Id: 0xf2b8ea05
Input System module state changed to: ShutdownInProgress.
Input System polling thread exited.
Input System module state changed to: Shutdown.
