disk I/O error
[CoreBusinessMetrics] Unable to lock db rows in cache. SQLite returned error message "disk I/O error"
Unity Editor version:    6000.0.75f1 (26349cd2a5c8)
Branch:                  6000.0/staging
Build type:              Release
Batch mode:              YES
System name:             Linux
Distro version:          #31~24.04.1-Ubuntu SMP PREEMPT_DYNAMIC Mon Aug 10 09:38:02 UTC 2
Kernel version:          7.0.0-31-generic
Architecture:            x86_64
Available memory:        31897 MB
[Licensing::Module] Trying to connect to existing licensing client channel...
Initialize udev device monitor.
[Licensing::IpcConnector] Successfully connected to: "LicenseClient-worlesenric" at "2026-10-05T07:42:24.858922Z"
[SignatureVerifier] Application signature verification not supported on this platform.
[Licensing::Client] Handshaking with LicensingClient:
  Version:                 1.17.4+4293ba1
  Session Id:              28356f826130463bb04bc633c0916ef8
  Correlation Id:          70dec6492dd8776ac9455dd9efce7e71
  External correlation Id: 9166094939718570284
  Machine Id:              jd93gYTNlAg1qIhTY9iII/nAhSo=

COMMAND LINE ARGUMENTS:
/home/worlesenric/Unity/Hub/Editor/6000.0.75f1/Editor/Unity
-batchmode
-nographics
-projectPath
/home/worlesenric/wkspace/gc-studio/p4.1/games/cleanproof
-logFile
-
-testResults
[Licensing::Module] Successfully connected to LicensingClient on channel: "LicenseClient-worlesenric" (connect: 0.00s, validation: 0.00s, handshake: 0.00s)
/home/worlesenric/wkspace/gc-studio/p4.1/artifacts/studio/cleanproof/playmode/results.xml
-runTests
-testPlatform
PlayMode
-testFilter
Saltmarsh.Tests
Successfully changed project path to: /home/worlesenric/wkspace/gc-studio/p4.1/games/cleanproof
[Licensing::IpcConnector] Successfully connected to: "LicenseClient-worlesenric-notifications" at "2026-10-05T07:42:24.863525Z"
[Licensing::Module] Error: Access token is unavailable; failed to update
[Licensing::Client] Successfully resolved entitlement details
[Licensing::Module] License group:
  Id: 1375999166540-UnityPersXXXX
  Product: Unity Personal
  Type: Assigned
  Expiration: Unlimited

(process:873013): Gtk-CRITICAL **: 15:42:24.865: gtk_label_set_text: assertion 'GTK_IS_LABEL (label)' failed
[Licensing::Client] Successfully updated license, isAsync: True, time: 0.00
[Licensing::Module] Licensing Background thread has ended after 0.01s

(process:873013): Gtk-CRITICAL **: 15:42:24.866: gtk_label_set_text: assertion 'GTK_IS_LABEL (label)' failed
/home/worlesenric/wkspace/gc-studio/p4.1/games/cleanproof
[UnityMemory] Configuration Parameters - Can be set up in boot.config
"memorysetup-bucket-allocator-granularity=16"
"memorysetup-bucket-allocator-bucket-count=8"
"memorysetup-bucket-allocator-block-size=33554432"
"memorysetup-bucket-allocator-block-count=8"
"memorysetup-main-allocator-block-size=16777216"
"memorysetup-thread-allocator-block-size=16777216"
"memorysetup-gfx-main-allocator-block-size=16777216"
"memorysetup-gfx-thread-allocator-block-size=16777216"
"memorysetup-cache-allocator-block-size=4194304"
"memorysetup-typetree-allocator-block-size=2097152"
"memorysetup-profiler-bucket-allocator-granularity=16"
"memorysetup-profiler-bucket-allocator-bucket-count=8"
"memorysetup-profiler-bucket-allocator-block-size=33554432"
"memorysetup-profiler-bucket-allocator-block-count=8"
"memorysetup-profiler-allocator-block-size=16777216"
"memorysetup-profiler-editor-allocator-block-size=1048576"
"memorysetup-temp-allocator-size-main=16777216"
"memorysetup-job-temp-allocator-block-size=2097152"
"memorysetup-job-temp-allocator-block-size-background=1048576"
"memorysetup-job-temp-allocator-reduction-small-platforms=262144"
"memorysetup-allocator-temp-initial-block-size-main=262144"
"memorysetup-allocator-temp-initial-block-size-worker=262144"
"memorysetup-temp-allocator-size-background-worker=32768"
"memorysetup-temp-allocator-size-job-worker=262144"
"memorysetup-temp-allocator-size-preload-manager=33554432"
"memorysetup-temp-allocator-size-nav-mesh-worker=65536"
"memorysetup-temp-allocator-size-audio-worker=65536"
"memorysetup-temp-allocator-size-cloud-worker=32768"
"memorysetup-temp-allocator-size-gi-baking-worker=262144"
"memorysetup-temp-allocator-size-gi-baking-worker=262144"
"memorysetup-temp-allocator-size-gi-baking-worker=262144"
"memorysetup-temp-allocator-size-gi-baking-worker=262144"
"memorysetup-temp-allocator-size-gi-baking-worker=262144"
"memorysetup-temp-allocator-size-gfx=262144"
Player connection [132896093898048]  Target information:

Player connection [132896093898048]  * "[IP] 192.168.0.21 [Port] 55504 [Flags] 2 [Guid] 789473228 [EditorId] 789473228 [Version] 1048832 [Id] LinuxEditor(16,192.168.0.21) [Debug] 1 [PackageName] LinuxEditor [ProjectName] Editor" 

Player connection [132896093898048]  * "[IP] 172.18.0.1 [Port] 55504 [Flags] 2 [Guid] 789473228 [EditorId] 789473228 [Version] 1048832 [Id] LinuxEditor(16,192.168.0.21) [Debug] 1 [PackageName] LinuxEditor [ProjectName] Editor" 

Player connection [132896093898048]  * "[IP] 172.17.0.1 [Port] 55504 [Flags] 2 [Guid] 789473228 [EditorId] 789473228 [Version] 1048832 [Id] LinuxEditor(16,192.168.0.21) [Debug] 1 [PackageName] LinuxEditor [ProjectName] Editor" 

Player connection [132896093898048]  * "[IP] 10.42.0.0 [Port] 55504 [Flags] 2 [Guid] 789473228 [EditorId] 789473228 [Version] 1048832 [Id] LinuxEditor(16,192.168.0.21) [Debug] 1 [PackageName] LinuxEditor [ProjectName] Editor" 

Player connection [132896093898048]  * "[IP] 10.42.0.1 [Port] 55504 [Flags] 2 [Guid] 789473228 [EditorId] 789473228 [Version] 1048832 [Id] LinuxEditor(16,192.168.0.21) [Debug] 1 [PackageName] LinuxEditor [ProjectName] Editor" 

Player connection [132896093898048]  * "[IP] 100.66.195.58 [Port] 55504 [Flags] 2 [Guid] 789473228 [EditorId] 789473228 [Version] 1048832 [Id] LinuxEditor(16,192.168.0.21) [Debug] 1 [PackageName] LinuxEditor [ProjectName] Editor" 

Player connection [132896093898048]  * "[IP] 172.19.0.1 [Port] 55504 [Flags] 2 [Guid] 789473228 [EditorId] 789473228 [Version] 1048832 [Id] LinuxEditor(16,192.168.0.21) [Debug] 1 [PackageName] LinuxEditor [ProjectName] Editor" 

Player connection [132896093898048]  * "[IP] 172.20.0.1 [Port] 55504 [Flags] 2 [Guid] 789473228 [EditorId] 789473228 [Version] 1048832 [Id] LinuxEditor(16,192.168.0.21) [Debug] 1 [PackageName] LinuxEditor [ProjectName] Editor" 

Player connection [132896093898048] Host joined multi-casting on [225.0.0.222:54997]...
Player connection [132896093898048] Host joined alternative multi-casting on [225.0.0.222:34997]...
Input System module state changed to: Initialized.
[Physics::Module] Initialized fallback backend.
[Physics::Module] Id: 0xdecafbad
[Package Manager] Connected to IPC stream "Upm-873013" after 0.1 seconds.
Library Redirect Path: Library/
Unable to parse file ProjectSettings/TagManager.asset: [Parser Failure at line 41: Expect ':' between key and value within mapping]
[Physics::Module] Selected backend.
[Physics::Module] Name: PhysX
[Physics::Module] Id: 0xf2b8ea05
[Physics::Module] SDK Version: 4.1.2
[Physics::Module] Integration Version: 1.0.0
[Physics::Module] Threading Mode: Multi-Threaded
Refreshing native plugins compatible for Editor in 0.08 ms, found 0 plugins.
Preloading 0 native plugins for Editor in 0.00 ms.
Initialize engine version: 6000.0.75f1 (26349cd2a5c8)
[Subsystems] Discovering subsystems at path /home/worlesenric/Unity/Hub/Editor/6000.0.75f1/Editor/Data/Resources/UnitySubsystems
[Subsystems] Discovering subsystems at path /home/worlesenric/wkspace/gc-studio/p4.1/games/cleanproof/Assets
Forcing GfxDevice: Null
GfxDevice: creating device client; kGfxThreadingModeNonThreaded
NullGfxDevice:
    Version:  NULL 1.0 [1.0]
    Renderer: Null Device
    Vendor:   Unity Technologies
Initialize mono
Mono path[0] = '/home/worlesenric/Unity/Hub/Editor/6000.0.75f1/Editor/Data/Managed'
Mono path[1] = '/home/worlesenric/Unity/Hub/Editor/6000.0.75f1/Editor/Data/MonoBleedingEdge/lib/mono/unityjit-linux'
Mono config path = '/home/worlesenric/Unity/Hub/Editor/6000.0.75f1/Editor/Data/MonoBleedingEdge/etc'
Using monoOptions --debugger-agent=transport=dt_socket,embedding=1,server=y,suspend=n,address=127.0.0.1:56013
Using cacheserver namespaces - metadata:defaultmetadata, artifacts:defaultartifacts
Using cacheserver namespaces - metadata:defaultmetadata, artifacts:defaultartifacts
ImportWorker Server TCP listen port: 0
AcceleratorClientConnectionCallback - disconnected - :0
Begin MonoManager ReloadAssembly
Registering precompiled unity dll's ...
Register platform support module: /home/worlesenric/Unity/Hub/Editor/6000.0.75f1/Editor/Data/PlaybackEngines/MacStandaloneSupport/UnityEditor.OSXStandalone.Extensions.dll
Register platform support module: /home/worlesenric/Unity/Hub/Editor/6000.0.75f1/Editor/Data/PlaybackEngines/LinuxStandaloneSupport/UnityEditor.LinuxStandalone.Extensions.dll
Registered in 0.000996 seconds.
- Loaded All Assemblies, in  0.227 seconds
Native extension for LinuxStandalone target not found
Package Manager log level set to [2]
[Licensing::Client] Successfully resolved entitlement details
Native extension for OSXStandalone target not found
Mono: successfully reloaded assembly
- Finished resetting the current domain, in 22.886 seconds
Domain Reload Profiling: 23113ms
	BeginReloadAssembly (55ms)
		ExecutionOrderSort (0ms)
		DisableScriptedObjects (0ms)
		BackupInstance (0ms)
		ReleaseScriptingObjects (0ms)
		CreateAndSetChildDomain (1ms)
	RebuildCommonClasses (25ms)
	RebuildNativeTypeToScriptingClass (6ms)
	initialDomainReloadingComplete (37ms)
	LoadAllAssembliesAndSetupDomain (103ms)
		LoadAssemblies (55ms)
		RebuildTransferFunctionScriptingTraits (0ms)
		AnalyzeDomain (101ms)
			TypeCache.Refresh (100ms)
				TypeCache.ScanAssembly (91ms)
			BuildScriptInfoCaches (0ms)
			ResolveRequiredComponents (0ms)
	FinalizeReload (22887ms)
		ReleaseScriptCaches (0ms)
		RebuildScriptCaches (0ms)
		SetupLoadedEditorAssemblies (22860ms)
			LogAssemblyErrors (0ms)
			InitializePlatformSupportModulesInManaged (22670ms)
			SetLoadedEditorAssemblies (4ms)
			BeforeProcessingInitializeOnLoad (46ms)
			ProcessInitializeOnLoadAttributes (101ms)
			ProcessInitializeOnLoadMethodAttributes (38ms)
			AfterProcessingInitializeOnLoad (0ms)
			EditorAssembliesLoaded (0ms)
		ExecutionOrderSort2 (0ms)
		AwakeInstancesAfterBackupRestoration (0ms)
[Licensing::Client] Successfully resolved entitlement details
Application.AssetDatabase Initial Refresh Start
[Package Manager] Restoring resolved packages state from cache
[Licensing::Client] Successfully resolved entitlement details
[Package Manager] Registered 77 packages:
  Packages from [https://packages.unity.com]:
    com.unity.ai.navigation@2.0.12 (location: /home/worlesenric/wkspace/gc-studio/p4.1/games/cleanproof/Library/PackageCache/com.unity.ai.navigation@734c2c4c5591)
    com.unity.burst@1.8.28 (location: /home/worlesenric/wkspace/gc-studio/p4.1/games/cleanproof/Library/PackageCache/com.unity.burst@07790c2d06d9)
    com.unity.collections@2.6.6 (location: /home/worlesenric/wkspace/gc-studio/p4.1/games/cleanproof/Library/PackageCache/com.unity.collections@9796e5ee0d9e)
    com.unity.entities@1.4.6 (location: /home/worlesenric/wkspace/gc-studio/p4.1/games/cleanproof/Library/PackageCache/com.unity.entities@e90944159b94)
    com.unity.inputsystem@1.19.0 (location: /home/worlesenric/wkspace/gc-studio/p4.1/games/cleanproof/Library/PackageCache/com.unity.inputsystem@21a28c3a6c83)
    com.unity.mathematics@1.3.2 (location: /home/worlesenric/wkspace/gc-studio/p4.1/games/cleanproof/Library/PackageCache/com.unity.mathematics@8017b507cc74)
    com.unity.nuget.newtonsoft-json@3.2.1 (location: /home/worlesenric/wkspace/gc-studio/p4.1/games/cleanproof/Library/PackageCache/com.unity.nuget.newtonsoft-json@74deb55db2a0)
    com.unity.toolchain.linux-x86_64@2.0.11 (location: /home/worlesenric/wkspace/gc-studio/p4.1/games/cleanproof/Library/PackageCache/com.unity.toolchain.linux-x86_64@53b88ff74b51)
    com.unity.sysroot@2.0.10 (location: /home/worlesenric/wkspace/gc-studio/p4.1/games/cleanproof/Library/PackageCache/com.unity.sysroot@7bbbb9339c14)
    com.unity.sysroot.linux-x86_64@2.0.9 (location: /home/worlesenric/wkspace/gc-studio/p4.1/games/cleanproof/Library/PackageCache/com.unity.sysroot.linux-x86_64@1998d1c7730e)
    com.unity.serialization@3.1.5 (location: /home/worlesenric/wkspace/gc-studio/p4.1/games/cleanproof/Library/PackageCache/com.unity.serialization@c463b52e88d7)
    com.unity.profiling.core@1.0.3 (location: /home/worlesenric/wkspace/gc-studio/p4.1/games/cleanproof/Library/PackageCache/com.unity.profiling.core@8a49f7027d06)
    com.unity.nuget.mono-cecil@1.11.6 (location: /home/worlesenric/wkspace/gc-studio/p4.1/games/cleanproof/Library/PackageCache/com.unity.nuget.mono-cecil@ecb9724e46ff)
    com.unity.scriptablebuildpipeline@2.6.1 (location: /home/worlesenric/wkspace/gc-studio/p4.1/games/cleanproof/Library/PackageCache/com.unity.scriptablebuildpipeline@36e3b5898ee2)
    com.unity.test-framework.performance@3.4.0 (location: /home/worlesenric/wkspace/gc-studio/p4.1/games/cleanproof/Library/PackageCache/com.unity.test-framework.performance@aa81a99c4a75)
    com.unity.searcher@4.9.3 (location: /home/worlesenric/wkspace/gc-studio/p4.1/games/cleanproof/Library/PackageCache/com.unity.searcher@1e17ce91558d)
  Built-in packages:
    com.unity.modules.ai@1.0.0 (location: /home/worlesenric/wkspace/gc-studio/p4.1/games/cleanproof/Library/PackageCache/com.unity.modules.ai)
    com.unity.modules.animation@1.0.0 (location: /home/worlesenric/wkspace/gc-studio/p4.1/games/cleanproof/Library/PackageCache/com.unity.modules.animation)
    com.unity.modules.audio@1.0.0 (location: /home/worlesenric/wkspace/gc-studio/p4.1/games/cleanproof/Library/PackageCache/com.unity.modules.audio)
    com.unity.modules.imageconversion@1.0.0 (location: /home/worlesenric/wkspace/gc-studio/p4.1/games/cleanproof/Library/PackageCache/com.unity.modules.imageconversion)
    com.unity.modules.imgui@1.0.0 (location: /home/worlesenric/wkspace/gc-studio/p4.1/games/cleanproof/Library/PackageCache/com.unity.modules.imgui)
    com.unity.modules.jsonserialize@1.0.0 (location: /home/worlesenric/wkspace/gc-studio/p4.1/games/cleanproof/Library/PackageCache/com.unity.modules.jsonserialize)
    com.unity.modules.physics@1.0.0 (location: /home/worlesenric/wkspace/gc-studio/p4.1/games/cleanproof/Library/PackageCache/com.unity.modules.physics)
    com.unity.modules.screencapture@1.0.0 (location: /home/worlesenric/wkspace/gc-studio/p4.1/games/cleanproof/Library/PackageCache/com.unity.modules.screencapture)
    com.unity.modules.ui@1.0.0 (location: /home/worlesenric/wkspace/gc-studio/p4.1/games/cleanproof/Library/PackageCache/com.unity.modules.ui)
    com.unity.modules.uielements@1.0.0 (location: /home/worlesenric/wkspace/gc-studio/p4.1/games/cleanproof/Library/PackageCache/com.unity.modules.uielements)
    com.unity.modules.unitywebrequest@1.0.0 (location: /home/worlesenric/wkspace/gc-studio/p4.1/games/cleanproof/Library/PackageCache/com.unity.modules.unitywebrequest)
    com.unity.modules.video@1.0.0 (location: /home/worlesenric/wkspace/gc-studio/p4.1/games/cleanproof/Library/PackageCache/com.unity.modules.video)
    com.unity.render-pipelines.universal@17.0.4 (location: /home/worlesenric/wkspace/gc-studio/p4.1/games/cleanproof/Library/PackageCache/com.unity.render-pipelines.universal@a1a2df1d8dcb)
    com.unity.test-framework@1.6.0 (location: /home/worlesenric/wkspace/gc-studio/p4.1/games/cleanproof/Library/PackageCache/com.unity.test-framework@bd52b1c23814)
    com.unity.ext.nunit@2.0.5 (location: /home/worlesenric/wkspace/gc-studio/p4.1/games/cleanproof/Library/PackageCache/com.unity.ext.nunit@b16e6d09cd93)
    com.unity.render-pipelines.core@17.0.4 (location: /home/worlesenric/wkspace/gc-studio/p4.1/games/cleanproof/Library/PackageCache/com.unity.render-pipelines.core@2fecbe5ecc80)
    com.unity.shadergraph@17.0.4 (location: /home/worlesenric/wkspace/gc-studio/p4.1/games/cleanproof/Library/PackageCache/com.unity.shadergraph@029994c473dc)
    com.unity.render-pipelines.universal-config@17.0.3 (location: /home/worlesenric/wkspace/gc-studio/p4.1/games/cleanproof/Library/PackageCache/com.unity.render-pipelines.universal-config@e48fefd716b5)
    com.unity.modules.hierarchycore@1.0.0 (location: /home/worlesenric/wkspace/gc-studio/p4.1/games/cleanproof/Library/PackageCache/com.unity.modules.hierarchycore)
    com.unity.modules.assetbundle@1.0.0 (location: /home/worlesenric/wkspace/gc-studio/p4.1/games/cleanproof/Library/PackageCache/com.unity.modules.assetbundle)
    com.unity.modules.unityanalytics@1.0.0 (location: /home/worlesenric/wkspace/gc-studio/p4.1/games/cleanproof/Library/PackageCache/com.unity.modules.unityanalytics)
    com.unity.ugui@2.0.0 (location: /home/worlesenric/wkspace/gc-studio/p4.1/games/cleanproof/Library/PackageCache/com.unity.ugui@a477a4a18974)
    com.unity.modules.terrain@1.0.0 (location: /home/worlesenric/wkspace/gc-studio/p4.1/games/cleanproof/Library/PackageCache/com.unity.modules.terrain)
    com.unity.rendering.light-transport@1.0.1 (location: /home/worlesenric/wkspace/gc-studio/p4.1/games/cleanproof/Library/PackageCache/com.unity.rendering.light-transport@fd597d1a9e15)
  Local packages:
    com.gamecore.composition@file:/home/worlesenric/wkspace/gc-studio/p4.1/Packages/com.gamecore.composition (location: /home/worlesenric/wkspace/gc-studio/p4.1/Packages/com.gamecore.composition)
    com.gamecore.content.compiler@file:/home/worlesenric/wkspace/gc-studio/p4.1/Packages/com.gamecore.content.compiler (location: /home/worlesenric/wkspace/gc-studio/p4.1/Packages/com.gamecore.content.compiler)
    com.gamecore.contracts@file:/home/worlesenric/wkspace/gc-studio/p4.1/Packages/com.gamecore.contracts (location: /home/worlesenric/wkspace/gc-studio/p4.1/Packages/com.gamecore.contracts)
    com.gamecore.derivation@file:/home/worlesenric/wkspace/gc-studio/p4.1/Packages/com.gamecore.derivation (location: /home/worlesenric/wkspace/gc-studio/p4.1/Packages/com.gamecore.derivation)
    com.gamecore.fault-qualification@file:/home/worlesenric/wkspace/gc-studio/p4.1/Packages/com.gamecore.fault-qualification (location: /home/worlesenric/wkspace/gc-studio/p4.1/Packages/com.gamecore.fault-qualification)
    com.gamecore.gameplay.audio@file:/home/worlesenric/wkspace/gc-studio/p4.1/Packages/com.gamecore.gameplay.audio (location: /home/worlesenric/wkspace/gc-studio/p4.1/Packages/com.gamecore.gameplay.audio)
    com.gamecore.gameplay.cards@file:/home/worlesenric/wkspace/gc-studio/p4.1/Packages/com.gamecore.gameplay.cards (location: /home/worlesenric/wkspace/gc-studio/p4.1/Packages/com.gamecore.gameplay.cards)
    com.gamecore.gameplay.compile@file:/home/worlesenric/wkspace/gc-studio/p4.1/Packages/com.gamecore.gameplay.compile (location: /home/worlesenric/wkspace/gc-studio/p4.1/Packages/com.gamecore.gameplay.compile)
    com.gamecore.gameplay.contracts@file:/home/worlesenric/wkspace/gc-studio/p4.1/Packages/com.gamecore.gameplay.contracts (location: /home/worlesenric/wkspace/gc-studio/p4.1/Packages/com.gamecore.gameplay.contracts)
    com.gamecore.gameplay.dialogue@file:/home/worlesenric/wkspace/gc-studio/p4.1/Packages/com.gamecore.gameplay.dialogue (location: /home/worlesenric/wkspace/gc-studio/p4.1/Packages/com.gamecore.gameplay.dialogue)
    com.gamecore.gameplay.entities@file:/home/worlesenric/wkspace/gc-studio/p4.1/Packages/com.gamecore.gameplay.entities (location: /home/worlesenric/wkspace/gc-studio/p4.1/Packages/com.gamecore.gameplay.entities)
    com.gamecore.gameplay.integration@file:/home/worlesenric/wkspace/gc-studio/p4.1/Packages/com.gamecore.gameplay.integration (location: /home/worlesenric/wkspace/gc-studio/p4.1/Packages/com.gamecore.gameplay.integration)
    com.gamecore.gameplay.interaction@file:/home/worlesenric/wkspace/gc-studio/p4.1/Packages/com.gamecore.gameplay.interaction (location: /home/worlesenric/wkspace/gc-studio/p4.1/Packages/com.gamecore.gameplay.interaction)
    com.gamecore.gameplay.inventory@file:/home/worlesenric/wkspace/gc-studio/p4.1/Packages/com.gamecore.gameplay.inventory (location: /home/worlesenric/wkspace/gc-studio/p4.1/Packages/com.gamecore.gameplay.inventory)
    com.gamecore.gameplay.logic@file:/home/worlesenric/wkspace/gc-studio/p4.1/Packages/com.gamecore.gameplay.logic (location: /home/worlesenric/wkspace/gc-studio/p4.1/Packages/com.gamecore.gameplay.logic)
    com.gamecore.gameplay.narrative@file:/home/worlesenric/wkspace/gc-studio/p4.1/Packages/com.gamecore.gameplay.narrative (location: /home/worlesenric/wkspace/gc-studio/p4.1/Packages/com.gamecore.gameplay.narrative)
    com.gamecore.gameplay.npc@file:/home/worlesenric/wkspace/gc-studio/p4.1/Packages/com.gamecore.gameplay.npc (location: /home/worlesenric/wkspace/gc-studio/p4.1/Packages/com.gamecore.gameplay.npc)
    com.gamecore.gameplay.player@file:/home/worlesenric/wkspace/gc-studio/p4.1/Packages/com.gamecore.gameplay.player (location: /home/worlesenric/wkspace/gc-studio/p4.1/Packages/com.gamecore.gameplay.player)
    com.gamecore.gameplay.quest@file:/home/worlesenric/wkspace/gc-studio/p4.1/Packages/com.gamecore.gameplay.quest (location: /home/worlesenric/wkspace/gc-studio/p4.1/Packages/com.gamecore.gameplay.quest)
    com.gamecore.gameplay.rewards@file:/home/worlesenric/wkspace/gc-studio/p4.1/Packages/com.gamecore.gameplay.rewards (location: /home/worlesenric/wkspace/gc-studio/p4.1/Packages/com.gamecore.gameplay.rewards)
    com.gamecore.gameplay.save@file:/home/worlesenric/wkspace/gc-studio/p4.1/Packages/com.gamecore.gameplay.save (location: /home/worlesenric/wkspace/gc-studio/p4.1/Packages/com.gamecore.gameplay.save)
    com.gamecore.gameplay.traversal@file:/home/worlesenric/wkspace/gc-studio/p4.1/Packages/com.gamecore.gameplay.traversal (location: /home/worlesenric/wkspace/gc-studio/p4.1/Packages/com.gamecore.gameplay.traversal)
    com.gamecore.gameplay.ui@file:/home/worlesenric/wkspace/gc-studio/p4.1/Packages/com.gamecore.gameplay.ui (location: /home/worlesenric/wkspace/gc-studio/p4.1/Packages/com.gamecore.gameplay.ui)
    com.gamecore.gameplay.world@file:/home/worlesenric/wkspace/gc-studio/p4.1/Packages/com.gamecore.gameplay.world (location: /home/worlesenric/wkspace/gc-studio/p4.1/Packages/com.gamecore.gameplay.world)
    com.gamecore.planning@file:/home/worlesenric/wkspace/gc-studio/p4.1/Packages/com.gamecore.planning (location: /home/worlesenric/wkspace/gc-studio/p4.1/Packages/com.gamecore.planning)
    com.gamecore.rules.cards@file:/home/worlesenric/wkspace/gc-studio/p4.1/Packages/com.gamecore.rules.cards (location: /home/worlesenric/wkspace/gc-studio/p4.1/Packages/com.gamecore.rules.cards)
    com.gamecore.rules.gameplay@file:/home/worlesenric/wkspace/gc-studio/p4.1/Packages/com.gamecore.rules.gameplay (location: /home/worlesenric/wkspace/gc-studio/p4.1/Packages/com.gamecore.rules.gameplay)
    com.gamecore.rules.narrative@file:/home/worlesenric/wkspace/gc-studio/p4.1/Packages/com.gamecore.rules.narrative (location: /home/worlesenric/wkspace/gc-studio/p4.1/Packages/com.gamecore.rules.narrative)
    com.gamecore.rules.traversal@file:/home/worlesenric/wkspace/gc-studio/p4.1/Packages/com.gamecore.rules.traversal (location: /home/worlesenric/wkspace/gc-studio/p4.1/Packages/com.gamecore.rules.traversal)
    com.gamecore.studio.core@file:/home/worlesenric/wkspace/gc-studio/p4.1/Packages/com.gamecore.studio.core (location: /home/worlesenric/wkspace/gc-studio/p4.1/Packages/com.gamecore.studio.core)
    com.gamecore.studio.etos@file:/home/worlesenric/wkspace/gc-studio/p4.1/Packages/com.gamecore.studio.etos (location: /home/worlesenric/wkspace/gc-studio/p4.1/Packages/com.gamecore.studio.etos)
    com.gamecore.studio.ui@file:/home/worlesenric/wkspace/gc-studio/p4.1/Packages/com.gamecore.studio.ui (location: /home/worlesenric/wkspace/gc-studio/p4.1/Packages/com.gamecore.studio.ui)
    com.gamecore.studio.views@file:/home/worlesenric/wkspace/gc-studio/p4.1/Packages/com.gamecore.studio.views (location: /home/worlesenric/wkspace/gc-studio/p4.1/Packages/com.gamecore.studio.views)
    com.gamecore.telemetry-qualification@file:/home/worlesenric/wkspace/gc-studio/p4.1/Packages/com.gamecore.telemetry-qualification (location: /home/worlesenric/wkspace/gc-studio/p4.1/Packages/com.gamecore.telemetry-qualification)
    com.gamecore.unity.adapters@file:/home/worlesenric/wkspace/gc-studio/p4.1/Packages/com.gamecore.unity.adapters (location: /home/worlesenric/wkspace/gc-studio/p4.1/Packages/com.gamecore.unity.adapters)
    com.gamecore.unity.app@file:/home/worlesenric/wkspace/gc-studio/p4.1/Packages/com.gamecore.unity.app (location: /home/worlesenric/wkspace/gc-studio/p4.1/Packages/com.gamecore.unity.app)
    com.gamecore.unity.runtime@file:/home/worlesenric/wkspace/gc-studio/p4.1/Packages/com.gamecore.unity.runtime (location: /home/worlesenric/wkspace/gc-studio/p4.1/Packages/com.gamecore.unity.runtime)
[Subsystems] No new subsystems found in resolved package list.
[Package Manager] Done registering packages in 0.00 seconds
Assembly reference Packages/com.unity.entities/Unity.Scenes.Editor/Internals/Properties/Unity.Properties.Internals.asmref has no target assembly definition
Assembly reference Packages/com.unity.entities/Unity.Scenes.Editor/Internals/Properties/Unity.Properties.Internals.asmref has no target assembly definition
[ScriptCompilation] Requested script compilation because: Assembly Definition File(s) changed
[ScriptCompilation] Requested script compilation because: Assetdatabase observed changes in script compilation related files
[40m[32minfo[39m[22m[49m: Microsoft.Hosting.Lifetime[14]
      Now listening on: http://unix:/tmp/ilpp.sock-909f95d3024507c4ee86a851a5619488
[40m[32minfo[39m[22m[49m: Microsoft.Hosting.Lifetime[0]
      Application started. Press Ctrl+C to shut down.
[40m[32minfo[39m[22m[49m: Microsoft.Hosting.Lifetime[0]
      Hosting environment: Production
[40m[32minfo[39m[22m[49m: Microsoft.Hosting.Lifetime[0]
      Content root path: /home/worlesenric/wkspace/gc-studio/p4.1/games/cleanproof/
[40m[32minfo[39m[22m[49m: Microsoft.AspNetCore.Hosting.Diagnostics[1]
      Request starting HTTP/2 POST http://ilpp/UnityILPP.PostProcessing/Ping application/grpc -
[40m[32minfo[39m[22m[49m: Microsoft.AspNetCore.Routing.EndpointMiddleware[0]
      Executing endpoint 'gRPC - /UnityILPP.PostProcessing/Ping'
[40m[32minfo[39m[22m[49m: Microsoft.AspNetCore.Routing.EndpointMiddleware[1]
      Executed endpoint 'gRPC - /UnityILPP.PostProcessing/Ping'
[40m[32minfo[39m[22m[49m: Microsoft.AspNetCore.Hosting.Diagnostics[2]
      Request finished HTTP/2 POST http://ilpp/UnityILPP.PostProcessing/Ping application/grpc - - 200 - application/grpc 30.6700ms
Starting: /home/worlesenric/Unity/Hub/Editor/6000.0.75f1/Editor/Data/bee_backend --ipc --defer-dag-verification --dagfile="Library/Bee/2400b0aE.dag" --continue-on-failure --profile="Library/Bee/backend1.traceevents" ScriptAssemblies
WorkingDir: /home/worlesenric/wkspace/gc-studio/p4.1/games/cleanproof
[40m[32minfo[39m[22m[49m: Microsoft.AspNetCore.Hosting.Diagnostics[1]
      Request starting HTTP/2 POST http://ilpp/UnityILPP.PostProcessing/ConfigurePostProcessors application/grpc -
[40m[32minfo[39m[22m[49m: Microsoft.AspNetCore.Routing.EndpointMiddleware[0]
      Executing endpoint 'gRPC - /UnityILPP.PostProcessing/ConfigurePostProcessors'
[40m[1m[33mwarn[39m[22m[49m: Unity.ILPP.Runner.PostProcessingAssemblyLoadContext[0]
      Assembly system.runtime.interopservices.windowsruntime has duplicate hint path. Ignoring "/home/worlesenric/Unity/Hub/Editor/6000.0.75f1/Editor/Data/UnityReferenceAssemblies/unity-4.8-api/Facades/System.Runtime.InteropServices.WindowsRuntime.dll" in favor of "/home/worlesenric/Unity/Hub/Editor/6000.0.75f1/Editor/Data/NetStandard/Extensions/2.0.0/System.Runtime.InteropServices.WindowsRuntime.dll"
[40m[1m[33mwarn[39m[22m[49m: Unity.ILPP.Runner.PostProcessingAssemblyLoadContext[0]
      Assembly system.componentmodel.composition has duplicate hint path. Ignoring "/home/worlesenric/Unity/Hub/Editor/6000.0.75f1/Editor/Data/UnityReferenceAssemblies/unity-4.8-api/System.ComponentModel.Composition.dll" in favor of "/home/worlesenric/Unity/Hub/Editor/6000.0.75f1/Editor/Data/NetStandard/compat/2.1.0/shims/netfx/System.ComponentModel.Composition.dll"
[40m[32minfo[39m[22m[49m: Unity.ILPP.Runner.PostProcessingAssemblyLoadContext[0]
      Resolved Unity.Burst.Cecil, Version=0.11.4.0, Culture=neutral, PublicKeyToken=50cebf1cceb9d05e with Library/PackageCache/com.unity.burst@07790c2d06d9/Unity.Burst.CodeGen/Unity.Burst.Cecil.dll
[40m[32minfo[39m[22m[49m: Unity.ILPP.Runner.PostProcessingAssemblyLoadContext[0]
      Resolved Mono.Cecil, Version=0.11.5.0, Culture=neutral, PublicKeyToken=50cebf1cceb9d05e with Library/PackageCache/com.unity.nuget.mono-cecil@ecb9724e46ff/Mono.Cecil.dll
[40m[32minfo[39m[22m[49m: Unity.ILPP.Runner.PostProcessingAssemblyLoadContext[0]
      Resolved Unity.Entities, Version=0.0.0.0, Culture=neutral, PublicKeyToken=null with Library/Bee/artifacts/2400b0aE.dag/Unity.Entities.dll
[40m[32minfo[39m[22m[49m: Microsoft.AspNetCore.Routing.EndpointMiddleware[1]
      Executed endpoint 'gRPC - /UnityILPP.PostProcessing/ConfigurePostProcessors'
[40m[32minfo[39m[22m[49m: Microsoft.AspNetCore.Hosting.Diagnostics[2]
      Request finished HTTP/2 POST http://ilpp/UnityILPP.PostProcessing/ConfigurePostProcessors application/grpc - - 200 - application/grpc 33.3816ms
DisplayProgressbar: Compiling Scripts
ExitCode: 4 Duration: 0s161ms
[ 998/1386  0s] ILPP-Configuration Library/ilpp-configuration.nevergeneratedoutput
Rebuilding DAG because FileSignature timestamp changed: Library/Bee/2400b0aE-inputdata.json
*** Tundra requires additional run (0.14 seconds), 1 items updated, 1386 evaluated
Starting: /home/worlesenric/Unity/Hub/Editor/6000.0.75f1/Editor/Data/Tools/netcorerun/netcorerun "/home/worlesenric/Unity/Hub/Editor/6000.0.75f1/Editor/Data/Tools/BuildPipeline/ScriptCompilationBuildProgram.exe" "Library/Bee/2400b0aE.dag.json" "Library/Bee/2400b0aE-inputdata.json" "Library/Bee/buildprogram0.traceevents"
WorkingDir: /home/worlesenric/wkspace/gc-studio/p4.1/games/cleanproof
ExitCode: 0 Duration: 4s473ms
Starting: /home/worlesenric/Unity/Hub/Editor/6000.0.75f1/Editor/Data/bee_backend --ipc --defer-dag-verification --dagfile="Library/Bee/2400b0aE.dag" --continue-on-failure --dagfilejson="Library/Bee/2400b0aE.dag.json" --profile="Library/Bee/backend2.traceevents" ScriptAssemblies
WorkingDir: /home/worlesenric/wkspace/gc-studio/p4.1/games/cleanproof
[40m[32minfo[39m[22m[49m: Microsoft.AspNetCore.Hosting.Diagnostics[1]
      Request starting HTTP/2 POST http://ilpp/UnityILPP.PostProcessing/ConfigurePostProcessors application/grpc -
[40m[32minfo[39m[22m[49m: Microsoft.AspNetCore.Routing.EndpointMiddleware[0]
      Executing endpoint 'gRPC - /UnityILPP.PostProcessing/ConfigurePostProcessors'
[40m[32minfo[39m[22m[49m: Unity.ILPP.Runner.PostProcessingAssemblyLoadContext[0]
      Current configuration matches the requested one, skipping
[40m[32minfo[39m[22m[49m: Microsoft.AspNetCore.Routing.EndpointMiddleware[1]
      Executed endpoint 'gRPC - /UnityILPP.PostProcessing/ConfigurePostProcessors'
[40m[32minfo[39m[22m[49m: Microsoft.AspNetCore.Hosting.Diagnostics[2]
      Request finished HTTP/2 POST http://ilpp/UnityILPP.PostProcessing/ConfigurePostProcessors application/grpc - - 200 - application/grpc 0.8548ms
[40m[32minfo[39m[22m[49m: Microsoft.AspNetCore.Hosting.Diagnostics[1]
      Request starting HTTP/2 POST http://ilpp/UnityILPP.PostProcessing/PostProcessAssembly application/grpc -
[40m[32minfo[39m[22m[49m: Microsoft.AspNetCore.Routing.EndpointMiddleware[0]
      Executing endpoint 'gRPC - /UnityILPP.PostProcessing/PostProcessAssembly'
[40m[32minfo[39m[22m[49m: Unity.ILPP.Runner.PostProcessingPipeline[0]
      Processing assembly Library/Bee/artifacts/2400b0aE.dag/Saltmarsh.PlayMode.Tests.dll, with 124 defines and 249 references
[40m[32minfo[39m[22m[49m: Unity.ILPP.Runner.PostProcessingPipeline[0]
      processors: Unity.Entities.CodeGen.EntitiesILPostProcessors, Unity.Jobs.CodeGen.JobsILPostProcessor, zzzUnity.Burst.CodeGen.BurstILPostProcessor
[40m[32minfo[39m[22m[49m: Unity.ILPP.Runner.PostProcessingPipeline[0]
      running Unity.Entities.CodeGen.EntitiesILPostProcessors
[40m[32minfo[39m[22m[49m: Unity.ILPP.Runner.PostProcessingAssemblyLoadContext[0]
      Resolved Mono.Cecil.Rocks, Version=0.11.5.0, Culture=neutral, PublicKeyToken=50cebf1cceb9d05e with Library/PackageCache/com.unity.nuget.mono-cecil@ecb9724e46ff/Mono.Cecil.Rocks.dll
[40m[32minfo[39m[22m[49m: Unity.ILPP.Runner.PostProcessingAssemblyLoadContext[0]
      Resolved UnityEngine.CoreModule, Version=0.0.0.0, Culture=neutral, PublicKeyToken=null with /home/worlesenric/Unity/Hub/Editor/6000.0.75f1/Editor/Data/Managed/UnityEngine/UnityEngine.CoreModule.dll
[40m[32minfo[39m[22m[49m: Unity.ILPP.Runner.PostProcessingAssemblyLoadContext[0]
      Resolved Unity.Collections, Version=0.0.0.0, Culture=neutral, PublicKeyToken=null with Library/Bee/artifacts/2400b0aE.dag/Unity.Collections.dll
[40m[32minfo[39m[22m[49m: Unity.ILPP.Runner.PostProcessingAssemblyLoadContext[0]
      Resolved Unity.Burst, Version=0.0.0.0, Culture=neutral, PublicKeyToken=null with Library/Bee/artifacts/2400b0aE.dag/Unity.Burst.dll
[40m[32minfo[39m[22m[49m: Unity.ILPP.Runner.PostProcessingAssemblyLoadContext[0]
      Resolved Unity.Cecil.Awesome, Version=1.0.0.0, Culture=neutral, PublicKeyToken=null with Library/PackageCache/com.unity.entities@e90944159b94/Unity.Entities.CodeGen/Unity.Cecil.Awesome.dll
  - EILPP : Saltmarsh.PlayMode.Tests : : 203ms (~178ms)
    - EILPP : Saltmarsh.PlayMode.Tests : GetAllComponentTypes: 1ms 
    - EILPP : Saltmarsh.PlayMode.Tests : Cloner: 1ms 
    - EILPP : Saltmarsh.PlayMode.Tests : ComponentDataPP: 17ms 
    - EILPP : Saltmarsh.PlayMode.Tests : StaticTypeRegistryPostProcessor: 6ms 
[40m[32minfo[39m[22m[49m: Unity.ILPP.Runner.PostProcessingPipeline[0]
      running Unity.Jobs.CodeGen.JobsILPostProcessor
[40m[32minfo[39m[22m[49m: Unity.ILPP.Runner.PostProcessingAssemblyLoadContext[0]
      Resolved UnityEditor.CoreModule, Version=0.0.0.0, Culture=neutral, PublicKeyToken=null with /home/worlesenric/Unity/Hub/Editor/6000.0.75f1/Editor/Data/Managed/UnityEngine/UnityEditor.CoreModule.dll
[40m[32minfo[39m[22m[49m: Unity.ILPP.Runner.PostProcessingPipeline[0]
      running zzzUnity.Burst.CodeGen.BurstILPostProcessor
[40m[32minfo[39m[22m[49m: Microsoft.AspNetCore.Routing.EndpointMiddleware[1]
      Executed endpoint 'gRPC - /UnityILPP.PostProcessing/PostProcessAssembly'
[40m[32minfo[39m[22m[49m: Microsoft.AspNetCore.Hosting.Diagnostics[2]
      Request finished HTTP/2 POST http://ilpp/UnityILPP.PostProcessing/PostProcessAssembly application/grpc - - 200 - application/grpc 253.2186ms
ExitCode: 0 Duration: 4s965ms
Finished compiling graph: 1389 nodes, 28562 flattened edges (21130 ToBuild, 268 ToUse), maximum node priority 2121
[ 994/1386  0s] WriteText Library/Bee/artifacts/2400b0aE.dag/Saltmarsh.PlayMode.Tests.dll.mvfrm.rsp
[ 995/1386  0s] WriteText Library/Bee/artifacts/2400b0aE.dag/Saltmarsh.PlayMode.Tests.rsp
[ 996/1386  0s] MovedFromExtractor-Combine Library/Bee/artifacts/2400b0aE.dag/Saltmarsh.PlayMode.Tests.dll.mvfrm
[ 997/1386  0s] ILPP-Configuration Library/ilpp-configuration.nevergeneratedoutput
[1382/1386  1s] Csc Library/Bee/artifacts/2400b0aE.dag/Saltmarsh.PlayMode.Tests.dll (+2 others)
[1383/1386  0s] ILPostProcess Library/Bee/artifacts/2400b0aE.dag/post-processed/Saltmarsh.PlayMode.Tests.dll (+pdb)
Processing assembly Library/Bee/artifacts/2400b0aE.dag/Saltmarsh.PlayMode.Tests.dll, with 124 defines and 249 references
processors: Unity.Entities.CodeGen.EntitiesILPostProcessors, Unity.Jobs.CodeGen.JobsILPostProcessor, zzzUnity.Burst.CodeGen.BurstILPostProcessor
running Unity.Entities.CodeGen.EntitiesILPostProcessors
running Unity.Jobs.CodeGen.JobsILPostProcessor
running zzzUnity.Burst.CodeGen.BurstILPostProcessor
[1384/1386  0s] CopyFiles Library/ScriptAssemblies/Saltmarsh.PlayMode.Tests.dll
[1385/1386  0s] CopyFiles Library/ScriptAssemblies/Saltmarsh.PlayMode.Tests.pdb
*** Tundra build success (4.93 seconds), 8 items updated, 1386 evaluated
AssetDatabase: script compilation time: 9.977014s
Begin MonoManager ReloadAssembly
Total cache size 268395683
Total cache size after purge 268395683, took 00:00:00.1344211
Symbol file LoadedFromMemory is not a mono symbol file
- Loaded All Assemblies, in  0.521 seconds
Start importing Assets/Saltmarsh/Tests/PlayMode/Saltmarsh.PlayMode.Tests.asmdef using Guid(377130b915574c5dcb4ece2d89a89cf4) (AssemblyDefinitionImporter) -> (artifact id: '5973f339c2a451b3e44cad47279ab8d3') in 0.018152072 seconds
Refreshing native plugins compatible for Editor in 0.19 ms, found 1 plugins.
Native extension for LinuxStandalone target not found
Native extension for OSXStandalone target not found
Assembly reference Packages/com.unity.entities/Unity.Scenes.Editor/Internals/Properties/Unity.Properties.Internals.asmref has no target assembly definition
TypeManager.Initialize took: 123ms
Shader Hidden/ProbeVolume/VoxelizeScene is not supported: GPU does not support conservative rasterization
Mono: successfully reloaded assembly
- Finished resetting the current domain, in  2.961 seconds
Domain Reload Profiling: 3477ms
	BeginReloadAssembly (112ms)
		ExecutionOrderSort (0ms)
		DisableScriptedObjects (5ms)
		BackupInstance (0ms)
		ReleaseScriptingObjects (0ms)
		CreateAndSetChildDomain (31ms)
	RebuildCommonClasses (30ms)
	RebuildNativeTypeToScriptingClass (7ms)
	initialDomainReloadingComplete (22ms)
	LoadAllAssembliesAndSetupDomain (345ms)
		LoadAssemblies (203ms)
		RebuildTransferFunctionScriptingTraits (0ms)
		AnalyzeDomain (187ms)
			TypeCache.Refresh (125ms)
				TypeCache.ScanAssembly (114ms)
			BuildScriptInfoCaches (55ms)
			ResolveRequiredComponents (6ms)
	FinalizeReload (2961ms)
		ReleaseScriptCaches (0ms)
		RebuildScriptCaches (0ms)
		SetupLoadedEditorAssemblies (2848ms)
			LogAssemblyErrors (0ms)
			InitializePlatformSupportModulesInManaged (43ms)
			SetLoadedEditorAssemblies (4ms)
			BeforeProcessingInitializeOnLoad (108ms)
			ProcessInitializeOnLoadAttributes (2507ms)
			ProcessInitializeOnLoadMethodAttributes (184ms)
			AfterProcessingInitializeOnLoad (2ms)
			EditorAssembliesLoaded (0ms)
		ExecutionOrderSort2 (0ms)
		AwakeInstancesAfterBackupRestoration (5ms)
Refreshing native plugins compatible for Editor in 0.38 ms, found 1 plugins.
Preloading 0 native plugins for Editor in 0.00 ms.
Asset Pipeline Refresh (id=caadd2ee559852a27b7b6afbcae161df): Total: 14.820 seconds - Initiated by InitialRefreshV2(ForceSynchronousImport)
	Summary:
		Imports: total=1 (actual=1, local cache=0, cache server=0)
		Asset DB Process Time: managed=2 ms, native=3787 ms
		Asset DB Callback time: managed=450 ms, native=31 ms
		Scripting: domain reloads=1, domain reload time=521 ms, compile time=9978 ms, other=48 ms
		Project Asset Count: scripts=1607, non-scripts=2279
		Asset File Changes: new=0, changed=1, moved=0, deleted=0
		Scan Filter Count: 1
	InvokeCustomDependenciesCallbacks: 0.003ms
	InvokePackagesCallback: 7.974ms
	ApplyChangesToAssetFolders: 0.366ms
	Scan: 526.040ms
	OnSourceAssetsModified: 0.691ms
	CategorizeAssetsWithTransientArtifact: 29.848ms
	ProcessAssetsWithTransientArtifactChanges: 47.001ms
	CategorizeAssets: 37.253ms
	ImportOutOfDateAssets: 2989.217ms (-7013.337ms without children)
		ImportManagerImport: 21.710ms (3.417ms without children)
			ImportInProcess: 18.281ms
			UpdateCategorizedAssets: 0.012ms
		CompileScripts: 9978.198ms
		ReloadNativeAssets: 0.021ms
		UnloadImportedAssets: 1.200ms
		ReloadImportedAssets: 0.000ms
		EnsureUptoDateAssetsAreRegisteredWithGuidPM: 0.774ms
		InitializingProgressBar: 0.000ms
		PostProcessAllAssetNotificationsAddChangedAssets: 0.000ms
		OnDemandSchedulerStart: 0.651ms
	PostProcessAllAssets: 472.823ms
	Hotreload: 2.154ms
	GatherAllCurrentPrimaryArtifactRevisions: 0.000ms
	UnloadStreamsBegin: 0.192ms
	PersistCurrentRevisions: 0.170ms
	UnloadStreamsEnd: 0.001ms
	GenerateScriptTypeHashes: 2.331ms
	Untracked: 10706.642ms

Application.AssetDatabase Initial Refresh End
Scanning for USB devices : 0.893ms
Initializing Unity extensions:
UpdateMenuTitleForLanguage: 10
[MODES] ModeService[none].Initialize
[MODES] ModeService[none].LoadModes
[MODES] Loading mode Default (0) for mode-current-id-Saltmarsh
Unloading 48 Unused Serialized files (Serialized files now loaded: 0)
Unloading 5982 unused Assets / (8.2 MB). Loaded Objects now: 6590.
Memory consumption went from 183.4 MB to 175.2 MB.
Total: 17.052274 ms (FindLiveObjects: 0.562175 ms CreateObjectMapping: 0.652819 ms MarkObjects: 8.931371 ms  DeleteObjects: 6.904626 ms)

[CoreBusinessMetrics] Unable to add a message to the core business metrics cache. SQLite returned error message "disk I/O error"

(process:873013): GLib-GObject-CRITICAL **: 15:43:03.551: g_object_unref: assertion 'G_IS_OBJECT (object)' failed

(process:873013): GLib-GObject-CRITICAL **: 15:43:03.551: g_object_unref: assertion 'G_IS_OBJECT (object)' failed

(process:873013): GLib-GObject-CRITICAL **: 15:43:03.551: g_object_unref: assertion 'G_IS_OBJECT (object)' failed

(process:873013): Gtk-CRITICAL **: 15:43:03.551: gtk_widget_destroy: assertion 'GTK_IS_WIDGET (widget)' failed
Disable old input system
[CoreBusinessMetrics] Unable to add a message to the core business metrics cache. SQLite returned error message "disk I/O error"
[Project] Loading completed in 38.890 seconds
	Project init time: 				38.521 seconds
		Template init time: 		0.000 seconds
		Package Manager init time: 		0.130 seconds
		Asset Database init time: 		0.251 seconds
		Global illumination init time: 	0.003 seconds
		Assemblies load time: 			23.125 seconds
		Unity extensions init time: 	0.006 seconds
		Asset Database refresh time: 	14.820 seconds
	Scene opening time: 			0.172 seconds
##utp:{"type": "ProjectInfo", "version": 2, "phase": "Immediate", "time": 1791186183552, "processId": 873013, "projectLoad": 38.890044973, "projectInit": 38.521102141, "templateInit": 0.0, "packageManagerInit": 0.130186316, "assetDatabaseInit": 0.250554713, "globalIlluminationInit": 0.002951001, "assembliesLoad": 23.124749485, "unityExtensionsInit": 0.006242465, "assetDatabaseRefresh": 14.820438502, "sceneOpening": 0.171556886}
##utp:{"type": "EditorInfo", "version": 2, "phase": "Immediate", "time": 1791186183552, "processId": 873013, "editorVersion": "6000.0.75f1 (26349cd2a5c8)", "branch": "6000.0/staging", "buildType": "Release", "platform": "Linux"}
[CoreBusinessMetrics] Failed to get row count. SQLite returned error message "disk I/O error"Asset Pipeline Refresh (id=d86de692256ae3ef7a4e68974beed69c): Total: 0.372 seconds - Initiated by RefreshV2(ForceSynchronousImport)
	Summary:
		Imports: total=0 (actual=0, local cache=0, cache server=0)
		Asset DB Process Time: managed=0 ms, native=371 ms
		Asset DB Callback time: managed=0 ms, native=0 ms
		Scripting: domain reloads=0, domain reload time=0 ms, compile time=0 ms, other=0 ms
		Project Asset Count: scripts=1607, non-scripts=2279
		Asset File Changes: new=0, changed=0, moved=0, deleted=0
		Scan Filter Count: 1
	InvokeCustomDependenciesCallbacks: 0.001ms
	InvokePackagesCallback: 1.804ms
	ApplyChangesToAssetFolders: 0.208ms
	Scan: 340.496ms
	OnSourceAssetsModified: 0.001ms
	CategorizeAssetsWithTransientArtifact: 0.002ms
	ProcessAssetsWithTransientArtifactChanges: 0.126ms
	CategorizeAssets: 22.684ms
	ImportOutOfDateAssets: 1.062ms (0.151ms without children)
		CompileScripts: 0.095ms
		ReloadNativeAssets: 0.022ms
		UnloadImportedAssets: 0.093ms
		EnsureUptoDateAssetsAreRegisteredWithGuidPM: 0.345ms
		InitializingProgressBar: 0.000ms
		PostProcessAllAssetNotificationsAddChangedAssets: 0.000ms
		OnDemandSchedulerStart: 0.356ms
	GatherAllCurrentPrimaryArtifactRevisions: 0.173ms
	UnloadStreamsBegin: 0.056ms
	PersistCurrentRevisions: 0.145ms
	UnloadStreamsEnd: 0.001ms
	Untracked: 5.530ms

Asset Pipeline Refresh (id=cc42561ed4a77c37da1669431f1e0162): Total: 0.153 seconds - Initiated by RefreshV2(NoUpdateAssetOptions)
Shader Hidden/ProbeVolume/VoxelizeScene is not supported: GPU does not support conservative rasterization
Running tests for ExecutionSettings with details:
targetPlatform = 
playerHeartbeatTimeout = 600
filters[0] = 
   Filter with settings:
   testMode = PlayMode
   targetPlatform = 
   testNames = null
   groupNames = Saltmarsh.Tests
   categoryNames = null
   assemblyNames = null
ignoreTests = {}
featureFlags = null

UnityEngine.Debug:ExtractStackTraceNoAlloc (byte*,int,string)
UnityEngine.StackTraceUtility:ExtractStackTrace () (at /home/bokken/build/output/unity/unity/Runtime/Export/Scripting/StackTrace.cs:35)
UnityEngine.DebugLogHandler:Internal_Log (UnityEngine.LogType,UnityEngine.LogOption,string,UnityEngine.Object)
UnityEngine.DebugLogHandler:LogFormat (UnityEngine.LogType,UnityEngine.Object,string,object[])
UnityEngine.Logger:Log (UnityEngine.LogType,object)
UnityEngine.Debug:Log (object)
UnityEditor.TestTools.TestRunner.CommandLineTest.Executer:InitializeAndExecuteRun (string[]) (at ./Library/PackageCache/com.unity.test-framework@bd52b1c23814/UnityEditor.TestRunner/CommandLineTest/Executer.cs:53)
UnityEditor.TestTools.TestRunner.CommandLineTest.TestStarter:InitializeAndExecuteRun () (at ./Library/PackageCache/com.unity.test-framework@bd52b1c23814/UnityEditor.TestRunner/CommandLineTest/TestStarter.cs:64)
UnityEditor.EditorApplication:Internal_CallUpdateFunctions () (at /home/bokken/build/output/unity/unity/Editor/Mono/EditorApplication.cs:384)

(Filename: ./Library/PackageCache/com.unity.test-framework@bd52b1c23814/UnityEditor.TestRunner/CommandLineTest/Executer.cs Line: 53)

DisplayProgressbar: Material Upgrader re-import
Start importing Packages/com.unity.render-pipelines.universal/Runtime/Materials/Decal.mat using Guid(31d0dcc6f2dd4e4408d18036a2c93862) (NativeFormatImporter) -> (artifact id: '8f3d32c29394a79b41f28a25b53defe8') in 0.001067279 seconds
Start importing Packages/com.unity.render-pipelines.universal/Runtime/Materials/Lit.mat using Guid(31321ba15b8f8eb4c954353edc038b1d) (NativeFormatImporter) -> (artifact id: '960643f9fe6857c5d72b0d2fd2085c0e') in 0.000555067 seconds
Start importing Assets/Saltmarsh/World/Courier.mat using Guid(22fb12f0913ff0b54b0373821f5067cf) (NativeFormatImporter) -> (artifact id: '24ccb35764b4f45509117ddbe17c644c') in 0.000546359 seconds
Start importing Packages/com.unity.render-pipelines.universal/Editor/SceneTemplates/Standard/Materials/Gold.mat using Guid(c2e40fa84d53ccd428f640eac126b1fb) (NativeFormatImporter) -> (artifact id: '9a75d51d1e747d94c5fd36e74b0d88c1') in 0.000554528 seconds
Start importing Packages/com.unity.render-pipelines.universal/Runtime/Materials/SpriteMask-Default.mat using Guid(15d0c3709176029428a0da2f8cecf0b5) (NativeFormatImporter) -> (artifact id: '9b9123c1145efbdb38e316f85cad951e') in 0.000412621 seconds
Start importing Packages/com.unity.render-pipelines.universal/Runtime/Materials/SpatialMappingOcclusion.mat using Guid(b51db210fe78df745a372851b3db949e) (NativeFormatImporter) -> (artifact id: 'e725b235a682e6bf286c10ab07552b74') in 0.000861555 seconds
Start importing Packages/com.unity.render-pipelines.universal/Editor/SceneTemplates/Standard/Materials/Ground.mat using Guid(761d8e1f988ed2345a28312145c79c6e) (NativeFormatImporter) -> (artifact id: '97be10e07c1f855859a62635d45b8539') in 0.000532282 seconds
Start importing Packages/com.unity.render-pipelines.universal/Runtime/Materials/FullscreenInvertColors.mat using Guid(78a08787ca30045abb69f6f7dd878e09) (NativeFormatImporter) -> (artifact id: 'ee24d1240c4d3093a35a8ce9cd6a6123') in 0.000858016 seconds
Start importing Packages/com.unity.render-pipelines.universal/Runtime/Materials/SpatialMappingWireframe.mat using Guid(9875a245ac49007498213638a307faa1) (NativeFormatImporter) -> (artifact id: '40a3a03ad30c23572795ee7951b74454') in 0.000856824 seconds
Start importing Packages/com.unity.render-pipelines.universal/Runtime/Materials/ParticlesUnlit.mat using Guid(e823cd5b5d27c0f4b8256e7c12ee3e6d) (NativeFormatImporter) -> (artifact id: 'aa862bff269d59d834f13819255630e6') in 0.000491395 seconds
Start importing Assets/Saltmarsh/World/Neri.mat using Guid(094208df5833ab8e4a7a16f0892763d0) (NativeFormatImporter) -> (artifact id: '346a6bb3b98982dfb50a374237669a96') in 0.000502974 seconds
Start importing Packages/com.unity.render-pipelines.universal/Runtime/Materials/TerrainLit.mat using Guid(594ea882c5a793440b60ff72d896021e) (NativeFormatImporter) -> (artifact id: '32c0756065a4c99773d8b19abfdb7370') in 0.000462194 seconds
Start importing Packages/com.unity.render-pipelines.universal/Runtime/Materials/Sprite-Lit-Default.mat using Guid(a97c105638bdf8b4a8650670310a4cd3) (NativeFormatImporter) -> (artifact id: 'b2cd4e4a5173cb188e255112e4a6b285') in 0.000406958 seconds
Start importing Packages/com.unity.render-pipelines.universal/Editor/SceneTemplates/Standard/Materials/White.mat using Guid(f96821bbefeea864b9b418af4b8615ac) (NativeFormatImporter) -> (artifact id: 'b0a10ce88eba78cadb227317064359ad') in 0.000503201 seconds
Start importing Assets/Saltmarsh/World/Beacon.mat using Guid(4aa6c29d710aec2a8bf599065f3732d2) (NativeFormatImporter) -> (artifact id: '80b06736baeaaa97a8f474706dcef0b0') in 0.000498163 seconds
Start importing Packages/com.unity.render-pipelines.universal/Runtime/Materials/SimpleLit.mat using Guid(6a1143ee683302f4aa628c052723efc1) (NativeFormatImporter) -> (artifact id: '4e947c4ad6c49ec8c3dbccd89f2ba9c5') in 0.001108871 seconds
Start importing Assets/Saltmarsh/World/Ada.mat using Guid(5d33551d73d44ead6b35be305d8cbf66) (NativeFormatImporter) -> (artifact id: '445738fc113d2ad682ba0145e9300824') in 0.000507773 seconds
Start importing Packages/com.unity.render-pipelines.universal/Runtime/Materials/Sprite-Unlit-Default.mat using Guid(9dfc825aed78fcd4ba02077103263b40) (NativeFormatImporter) -> (artifact id: '3535407266e63a704ebed07394e8e29d') in 0.000437056 seconds
Start importing Assets/Saltmarsh/World/Sol.mat using Guid(2f54002195eb9ab57b9b80bf3f8adb8d) (NativeFormatImporter) -> (artifact id: '66df849bb96344c40392cc5c161af9f0') in 0.000488499 seconds
Start importing Packages/com.unity.render-pipelines.universal/Editor/SceneTemplates/Standard/Materials/Black.mat using Guid(4f1ef37ae953c484bbc5d5e4049147e5) (NativeFormatImporter) -> (artifact id: 'c073248664ba5268b69bc9cf80293393') in 0.000508842 seconds
Start importing Packages/com.unity.searcher/Editor/Resources/FlatSkin/Font/Roboto-Black.ttf using Guid(1062c701058745940ae5dca6219c64c8) (TrueTypeFontImporter) -> (artifact id: '3d2ca9ae18e896f9e515bb462bac0909') in 0.00253244 seconds
Start importing Packages/com.unity.searcher/Editor/Resources/FlatSkin/Font/Roboto-Regular.ttf using Guid(30dc370b164eefc43b95744fc796dad0) (TrueTypeFontImporter) -> (artifact id: '7832638d633eff303fcf3ed8f8c85e78') in 0.000733335 seconds
Start importing Packages/com.unity.searcher/Editor/Resources/FlatSkin/Font/Roboto-ThinItalic.ttf using Guid(b2ea3b3f1765e544b9eb5bd1a93a91ce) (TrueTypeFontImporter) -> (artifact id: '4f6c2aa7215fb21f189270f0bbe3b50e') in 0.000702131 seconds
Start importing Packages/com.unity.render-pipelines.core/Runtime/Debugging/Prefabs/Fonts/PerfectDOSVGA437.ttf using Guid(74a5091d8707f334b9a5c31ef71a64ba) (TrueTypeFontImporter) -> (artifact id: 'b1e2b4726236af250e8a9e0edefa19ad') in 0.000616686 seconds
Start importing Packages/com.unity.searcher/Editor/Resources/FlatSkin/Font/Roboto-Medium.ttf using Guid(a51a3aebb43ac044989270407476b208) (TrueTypeFontImporter) -> (artifact id: 'e7322fcc653770ceff992dbaffdc342c') in 0.00069678 seconds
Start importing Packages/com.unity.searcher/Editor/Resources/FlatSkin/Font/Roboto-Bold.ttf using Guid(3750c318f40cab44a97d3a81beaefeb3) (TrueTypeFontImporter) -> (artifact id: '111caa903ed7225ec6078e61ef9fb671') in 0.000678359 seconds
Start importing Packages/com.unity.searcher/Editor/Resources/FlatSkin/Font/Roboto-Italic.ttf using Guid(c839255fc8f6b4b4d90bf8c1af9f9bd1) (TrueTypeFontImporter) -> (artifact id: '8fb74d7c7a155d1ca255c69a209f86ab') in 0.00072763 seconds
Start importing Packages/com.unity.searcher/Editor/Resources/FlatSkin/Font/Roboto-Thin.ttf using Guid(19a9abb883540be48b75b951a927ae03) (TrueTypeFontImporter) -> (artifact id: 'b0f726bd0974874e2c0598b808b85eed') in 0.000664003 seconds
Start importing Packages/com.unity.searcher/Editor/Resources/FlatSkin/Font/Roboto-MediumItalic.ttf using Guid(d93c1bc57fdf1ac4dad1bf04fac05464) (TrueTypeFontImporter) -> (artifact id: 'e37e57e9981fdfe39977ebf001f95a35') in 0.000704426 seconds
Start importing Packages/com.unity.searcher/Editor/Resources/FlatSkin/Font/Roboto-BlackItalic.ttf using Guid(f95147a9bab9fe649b8070170fa7ebd2) (TrueTypeFontImporter) -> (artifact id: '7352c0e7207c5b52e94f2677e4fad37a') in 0.001005361 seconds
Start importing Packages/com.unity.searcher/Editor/Resources/FlatSkin/Font/Roboto-Light.ttf using Guid(2a29e27936eb547458f646f71125b264) (TrueTypeFontImporter) -> (artifact id: '030c3049eebc0c442f157756287951d7') in 0.000898339 seconds
Start importing Packages/com.unity.searcher/Editor/Resources/FlatSkin/Font/Roboto-LightItalic.ttf using Guid(5e63515167650a541b309ba3bfd4db3d) (TrueTypeFontImporter) -> (artifact id: '2acb95d6e05d7756b0e095214c4bf8e6') in 0.000741118 seconds
Start importing Packages/com.unity.searcher/Editor/Resources/FlatSkin/Font/Roboto-BoldItalic.ttf using Guid(dfb97a9307a577a41bcacba34b9a7e32) (TrueTypeFontImporter) -> (artifact id: '51a36f17beac0bd54da540106340b9d8') in 0.000722909 seconds
Start importing Packages/com.unity.render-pipelines.universal/Runtime/Materials/ArnoldStandardSurface/ArnoldStandardSurfaceTransparent.shadergraph using Guid(30fa68ce467463643a86b839ca0eb195) (ScriptedImporter)Launched and connected shader compiler UnityShaderCompiler after 0.03 seconds
 -> (artifact id: '8fc0ff3f85a90c5130bf3270e7243190') in 0.350212218 seconds
Start importing Packages/com.unity.render-pipelines.universal/Shaders/AutodeskInteractive/AutodeskInteractiveMasked.shadergraph using Guid(80aa867ac363ac043847b06ad71604cd) (ScriptedImporter) -> (artifact id: '1710ad3feff674f0fdd404dca67d30af') in 0.10598727 seconds
Start importing Packages/com.unity.render-pipelines.universal/Shaders/2D/VFXSpriteLit.shadergraph using Guid(24a73dccd7b6fad4798be282f96a21f4) (ScriptedImporter) -> (artifact id: '5c800554f4918d2481e16be201c8c76e') in 0.047828886 seconds
Start importing Packages/com.unity.render-pipelines.universal/Runtime/Materials/PhysicalMaterial3DsMax/PhysicalMaterial3DsMax.shadergraph using Guid(44245ab89240f51459a5077d7145c452) (ScriptedImporter) -> (artifact id: '07436cb67b88c78c816edac04e26a215') in 0.072955089 seconds
Start importing Packages/com.unity.render-pipelines.universal/Runtime/Materials/ArnoldStandardSurface/ArnoldStandardSurface.shadergraph using Guid(3739e562a03fc0b4982d8aa66cc50865) (ScriptedImporter) -> (artifact id: '2da4cada6b181800187a91f1f3d6c72a') in 0.069936356 seconds
Start importing Packages/com.unity.render-pipelines.universal/Shaders/2D/VFXSpriteUnlit.shadergraph using Guid(d7288f66e4fb0634c9afef98c31b722a) (ScriptedImporter) -> (artifact id: 'f857dd8b113cb04ea68882fc5378ac39') in 0.038361504 seconds
Start importing Packages/com.unity.render-pipelines.universal/Shaders/Nature/SpeedTree8_PBRLit.shadergraph using Guid(9920c1f1781549a46ba081a2a15a16ec) (ScriptedImporter) -> (artifact id: '0e262520feb8c53edda491304a51ecd9') in 0.711782269 seconds
Start importing Packages/com.unity.render-pipelines.universal/Runtime/Materials/PhysicalMaterial3DsMax/PhysicalMaterial3DsMaxTransparent.shadergraph using Guid(1a207e3bee00db44b940e6f362a8e148) (ScriptedImporter) -> (artifact id: '324b0866b974ffc32393ff8c001a69ec') in 0.068230947 seconds
Start importing Packages/com.unity.render-pipelines.universal/Shaders/Decal.shadergraph using Guid(9b4e681081e2b4c469111bb649e2f7ee) (ScriptedImporter) -> (artifact id: '6acad91e000775ea9efb37a2bfba7973') in 0.058326894 seconds
Start importing Packages/com.unity.render-pipelines.universal/Shaders/Nature/SpeedTree9_URP.shadergraph using Guid(cbd3e1cc4ae141c42a30e33b4d666a61) (ScriptedImporter) -> (artifact id: 'b7b91e002f57a0067e0e06cdcce3ba6e') in 0.518972233 seconds
Start importing Packages/com.unity.render-pipelines.universal/Shaders/FullscreenInvertColors.shadergraph using Guid(fb6390f650ca44a5ba3246d8dda47927) (ScriptedImporter) -> (artifact id: '7a53917a475e82f1e66f413fdc68f9d8') in 0.034965594 seconds
Start importing Packages/com.unity.render-pipelines.universal/Shaders/AutodeskInteractive/AutodeskInteractiveTransparent.shadergraph using Guid(5c81372d981403744adbdda4433c9c11) (ScriptedImporter) -> (artifact id: '96d27a6638f6898a0494ad4dd56ac7b8') in 0.063243324 seconds
Start importing Packages/com.unity.render-pipelines.universal/Shaders/AutodeskInteractive/AutodeskInteractive.shadergraph using Guid(0e9d5a909a1f7e84882a534d0d11e49f) (ScriptedImporter) -> (artifact id: 'bb1d157d4f06a2a75f92ef82e7b2fd4c') in 0.097037544 seconds
Start importing Assets/Saltmarsh/Presentation/Saltmarsh.tss using Guid(a88ad33f0057eda2faef53d6c2df627a) (ScriptedImporter) -> (artifact id: 'dd61ea1da20e98b4809975a613a36428') in 0.037564489 seconds
Shader Hidden/ProbeVolume/VoxelizeScene is not supported: GPU does not support conservative rasterization
Refreshing native plugins compatible for Editor in 0.18 ms, found 1 plugins.
Preloading 0 native plugins for Editor in 0.00 ms.
Asset Pipeline Refresh (id=810b0ce18568b015faa1b6c37e26dbbe): Total: 2.392 seconds - Initiated by StopAssetImportingV2(NoUpdateAssetOptions)
	Summary:
		Imports: total=47 (actual=47, local cache=0, cache server=0)
		Asset DB Process Time: managed=1 ms, native=2360 ms
		Asset DB Callback time: managed=12 ms, native=17 ms
		Scripting: domain reloads=0, domain reload time=0 ms, compile time=0 ms, other=0 ms
		Project Asset Count: scripts=1607, non-scripts=2279
		Asset File Changes: new=0, changed=0, moved=0, deleted=0
		Scan Filter Count: 74
	InvokeCustomDependenciesCallbacks: 0.000ms
	InvokePackagesCallback: 0.000ms
	ApplyChangesToAssetFolders: 0.106ms
	Scan: 4.998ms
	OnSourceAssetsModified: 0.000ms
	CategorizeAssetsWithTransientArtifact: 0.035ms
	ProcessAssetsWithTransientArtifactChanges: 0.055ms
	CategorizeAssets: 0.921ms
	ImportOutOfDateAssets: 2354.063ms (-4.263ms without children)
		ImportManagerImport: 2352.468ms (46.277ms without children)
			ImportInProcess: 2304.153ms
			UpdateCategorizedAssets: 2.039ms
		ReloadNativeAssets: 0.017ms
		UnloadImportedAssets: 0.461ms
		ReloadImportedAssets: 4.516ms
		EnsureUptoDateAssetsAreRegisteredWithGuidPM: 0.361ms
		InitializingProgressBar: 0.003ms
		PostProcessAllAssetNotificationsAddChangedAssets: 0.001ms
		OnDemandSchedulerStart: 0.498ms
	PostProcessAllAssets: 29.740ms
	Hotreload: 0.292ms
	GatherAllCurrentPrimaryArtifactRevisions: 0.187ms
	UnloadStreamsBegin: 0.001ms
	PersistCurrentRevisions: 0.120ms
	UnloadStreamsEnd: 0.033ms
	Untracked: 1.654ms

[UnityConnectServicesConfig] config is NOT valid, switching to default
Created GICache directory at /home/worlesenric/.cache/unity3d/GiCache. Took: 0.001s, timestamps: [38.904 - 38.905]
Unloading 66 Unused Serialized files (Serialized files now loaded: 0)
Unloading 120 unused Assets / (3.6 MB). Loaded Objects now: 6653.
Memory consumption went from 258.0 MB to 254.4 MB.
Total: 10.520779 ms (FindLiveObjects: 0.200989 ms CreateObjectMapping: 0.125349 ms MarkObjects: 9.501761 ms  DeleteObjects: 0.692168 ms)

Start importing Assets/InitTestScene877a2b7e-797f-4298-aa6d-723863a0540a.unity using Guid(a16d0e1bac880f1628b080d1b018f756) (DefaultImporter) -> (artifact id: '3f448afb4df6feb214ef3ca4aa02812d') in 0.000591287 seconds
Refreshing native plugins compatible for Editor in 0.14 ms, found 1 plugins.
Preloading 0 native plugins for Editor in 0.00 ms.
Asset Pipeline Refresh (id=32631ee61b7248dfd96310d45f50012c): Total: 0.017 seconds - Initiated by StopAssetImportingV2(NoUpdateAssetOptions)
Executing IPrebuildSetup for: Unity.PerformanceTesting.Editor.TestRunBuilder.
UnityEngine.Debug:ExtractStackTraceNoAlloc (byte*,int,string)
UnityEngine.StackTraceUtility:ExtractStackTrace () (at /home/bokken/build/output/unity/unity/Runtime/Export/Scripting/StackTrace.cs:35)
UnityEngine.DebugLogHandler:Internal_Log (UnityEngine.LogType,UnityEngine.LogOption,string,UnityEngine.Object)
UnityEngine.DebugLogHandler:LogFormat (UnityEngine.LogType,UnityEngine.Object,string,object[])
UnityEngine.Logger:Log (UnityEngine.LogType,object)
UnityEngine.Debug:Log (object)
UnityEditor.TestTools.TestRunner.TestRun.Tasks.BuildActionTaskBase`1/<ExecuteMethods>d__8<UnityEngine.TestTools.IPrebuildSetup>:MoveNext () (at ./Library/PackageCache/com.unity.test-framework@bd52b1c23814/UnityEditor.TestRunner/TestRun/Tasks/BuildActionTaskBase.cs:48)
UnityEditor.TestTools.TestRunner.TestRun.Tasks.BuildActionTaskBase`1/<Execute>d__7<UnityEngine.TestTools.IPrebuildSetup>:MoveNext () (at ./Library/PackageCache/com.unity.test-framework@bd52b1c23814/UnityEditor.TestRunner/TestRun/Tasks/BuildActionTaskBase.cs:34)
UnityEditor.TestTools.TestRunner.TestRun.TestJobRunner:ExecuteStep () (at ./Library/PackageCache/com.unity.test-framework@bd52b1c23814/UnityEditor.TestRunner/TestRun/TestJobRunner.cs:173)
UnityEditor.TestTools.TestRunner.TestRun.TestJobRunner:ExecuteCallback () (at ./Library/PackageCache/com.unity.test-framework@bd52b1c23814/UnityEditor.TestRunner/TestRun/TestJobRunner.cs:108)
UnityEditor.EditorApplication:Internal_CallUpdateFunctions () (at /home/bokken/build/output/unity/unity/Editor/Mono/EditorApplication.cs:384)

(Filename: ./Library/PackageCache/com.unity.test-framework@bd52b1c23814/UnityEditor.TestRunner/TestRun/Tasks/BuildActionTaskBase.cs Line: 48)

Reloading assemblies for play mode.
Reloading assemblies after forced synchronous recompile.
Begin MonoManager ReloadAssembly
Symbol file LoadedFromMemory is not a mono symbol file
- Loaded All Assemblies, in  0.574 seconds
Refreshing native plugins compatible for Editor in 0.20 ms, found 1 plugins.
Native extension for LinuxStandalone target not found
Native extension for OSXStandalone target not found
Assembly reference Packages/com.unity.entities/Unity.Scenes.Editor/Internals/Properties/Unity.Properties.Internals.asmref has no target assembly definition
TypeManager.Initialize took: 91ms
Mono: successfully reloaded assembly
[MODES] ModeService[none].Initialize
[MODES] ModeService[none].LoadModes
- Finished resetting the current domain, in  1.058 seconds
Domain Reload Profiling: 1631ms
	BeginReloadAssembly (362ms)
		ExecutionOrderSort (0ms)
		DisableScriptedObjects (60ms)
		BackupInstance (0ms)
		ReleaseScriptingObjects (0ms)
		CreateAndSetChildDomain (226ms)
	RebuildCommonClasses (26ms)
	RebuildNativeTypeToScriptingClass (7ms)
	initialDomainReloadingComplete (21ms)
	LoadAllAssembliesAndSetupDomain (157ms)
		LoadAssemblies (70ms)
		RebuildTransferFunctionScriptingTraits (0ms)
		AnalyzeDomain (127ms)
			TypeCache.Refresh (5ms)
				TypeCache.ScanAssembly (0ms)
			BuildScriptInfoCaches (113ms)
			ResolveRequiredComponents (8ms)
	FinalizeReload (1058ms)
		ReleaseScriptCaches (0ms)
		RebuildScriptCaches (0ms)
		SetupLoadedEditorAssemblies (762ms)
			LogAssemblyErrors (0ms)
			InitializePlatformSupportModulesInManaged (80ms)
			SetLoadedEditorAssemblies (6ms)
			BeforeProcessingInitializeOnLoad (124ms)
			ProcessInitializeOnLoadAttributes (379ms)
			ProcessInitializeOnLoadMethodAttributes (170ms)
			AfterProcessingInitializeOnLoad (2ms)
			EditorAssembliesLoaded (0ms)
		ExecutionOrderSort2 (0ms)
		AwakeInstancesAfterBackupRestoration (20ms)
Asset Pipeline Refresh (id=803ab0d2bcd617d54bbac34dfc6b1747): Total: 1.728 seconds - Initiated by StopAssetImportingV2(ForceSynchronousImport | ForceDomainReload)
	Summary:
		Imports: total=0 (actual=0, local cache=0, cache server=0)
		Asset DB Process Time: managed=0 ms, native=1127 ms
		Asset DB Callback time: managed=16 ms, native=0 ms
		Scripting: domain reloads=1, domain reload time=582 ms, compile time=1 ms, other=0 ms
		Project Asset Count: scripts=1607, non-scripts=2280
		Asset File Changes: new=0, changed=0, moved=0, deleted=0
		Scan Filter Count: 0
	InvokeCustomDependenciesCallbacks: 0.001ms
	InvokePackagesCallback: 2.064ms
	ApplyChangesToAssetFolders: 0.336ms
	Scan: 0.000ms
	OnSourceAssetsModified: 0.001ms
	CategorizeAssetsWithTransientArtifact: 0.003ms
	ProcessAssetsWithTransientArtifactChanges: 2.809ms
	CategorizeAssets: 35.810ms
	ImportOutOfDateAssets: 1062.595ms (1057.893ms without children)
		CompileScripts: 0.924ms
		CollectScriptTypesHashes: 2.333ms
		ReloadNativeAssets: 0.600ms
		UnloadImportedAssets: 0.041ms
		EnsureUptoDateAssetsAreRegisteredWithGuidPM: 0.481ms
		InitializingProgressBar: 0.000ms
		PostProcessAllAssetNotificationsAddChangedAssets: 0.000ms
		OnDemandSchedulerStart: 0.324ms
	PostProcessAllAssets: 16.690ms
	GatherAllCurrentPrimaryArtifactRevisions: 0.146ms
	UnloadStreamsBegin: 0.050ms
	PersistCurrentRevisions: 0.120ms
	UnloadStreamsEnd: 0.001ms
	GenerateScriptTypeHashes: 3.198ms
	Untracked: 607.620ms

Loaded scene 'Temp/__Backupscenes/0.backup'
	Deserialize:            0.997 ms
	Integration:            325.676 ms
	Integration of assets:  0.001 ms
	Thread Wait Time:       0.003 ms
	Total Operation Time:   326.676 ms
Unloading 47 Unused Serialized files (Serialized files now loaded: 0)
UnloadTime: 0.035715 ms
Loaded scene 'Assets/Boot/Boot.unity'
	Deserialize:            14.355 ms
	Integration:            157.290 ms
	Integration of assets:  0.559 ms
	Thread Wait Time:       0.175 ms
	Total Operation Time:   172.379 ms
Unloading 25 unused Assets / (317.7 KB). Loaded Objects now: 6845.
Memory consumption went from 260.3 MB to 260.0 MB.
Total: 9.233653 ms (FindLiveObjects: 0.228226 ms CreateObjectMapping: 0.180551 ms MarkObjects: 7.920236 ms  DeleteObjects: 0.903849 ms)

Loaded scene 'Assets/Saltmarsh/Regions/Harbour.unity'
	Deserialize:            1.669 ms
	Integration:            4.715 ms
	Integration of assets:  0.068 ms
	Thread Wait Time:       9.130 ms
	Total Operation Time:   15.583 ms
Loaded scene 'Assets/Saltmarsh/Regions/Dunes.unity'
	Deserialize:            0.860 ms
	Integration:            0.334 ms
	Integration of assets:  0.011 ms
	Thread Wait Time:       1.084 ms
	Total Operation Time:   2.289 ms
[Saltmarsh] branch=0 captured/restored slot hash=be20781c486afea53e831e9701dd00c8f643e0218a22a681e0f2d76462e45023
UnityEngine.Debug:ExtractStackTraceNoAlloc (byte*,int,string)
UnityEngine.StackTraceUtility:ExtractStackTrace () (at /home/bokken/build/output/unity/unity/Runtime/Export/Scripting/StackTrace.cs:35)
UnityEngine.DebugLogHandler:Internal_Log (UnityEngine.LogType,UnityEngine.LogOption,string,UnityEngine.Object)
UnityEngine.DebugLogHandler:LogFormat (UnityEngine.LogType,UnityEngine.Object,string,object[])
UnityEngine.Logger:Log (UnityEngine.LogType,object)
UnityEngine.Debug:Log (object)
Saltmarsh.SaltmarshScenario/<Play>d__7:MoveNext () (at Assets/Saltmarsh/SaltmarshAutoplay.cs:111)
UnityEngine.TestTools.TestEnumerator/<Execute>d__7:MoveNext () (at ./Library/PackageCache/com.unity.test-framework@bd52b1c23814/UnityEngine.TestRunner/NUnitExtensions/Attributes/TestEnumerator.cs:44)
UnityEngine.TestTools.EnumerableTestMethodCommand/<ExecuteEnumerableAndRecordExceptions>d__4:MoveNext () (at ./Library/PackageCache/com.unity.test-framework@bd52b1c23814/UnityEngine.TestRunner/NUnitExtensions/Commands/EnumerableTestMethodCommand.cs:79)
UnityEngine.SetupCoroutine:InvokeMoveNext (System.Collections.IEnumerator,intptr) (at /home/bokken/build/output/unity/unity/Runtime/Export/Scripting/Coroutines.cs:17)

(Filename: Assets/Saltmarsh/SaltmarshAutoplay.cs Line: 111)

Loaded scene 'Assets/Saltmarsh/Regions/Lighthouse.unity'
	Deserialize:            0.675 ms
	Integration:            0.386 ms
	Integration of assets:  0.015 ms
	Thread Wait Time:       0.619 ms
	Total Operation Time:   1.695 ms
UnloadTime: 0.130512 ms
Unloading 48 Unused Serialized files (Serialized files now loaded: 0)
Loaded scene 'Assets/Boot/Boot.unity'
	Deserialize:            0.425 ms
	Integration:            162.239 ms
	Integration of assets:  0.002 ms
	Thread Wait Time:       0.136 ms
	Total Operation Time:   162.803 ms
Unloading 5 unused Assets / (2.6 KB). Loaded Objects now: 6849.
Memory consumption went from 255.6 MB to 255.6 MB.
Total: 7.159030 ms (FindLiveObjects: 0.217129 ms CreateObjectMapping: 0.172627 ms MarkObjects: 6.745702 ms  DeleteObjects: 0.023081 ms)

Loaded scene 'Assets/Saltmarsh/Regions/Harbour.unity'
	Deserialize:            0.665 ms
	Integration:            0.378 ms
	Integration of assets:  0.010 ms
	Thread Wait Time:       1.307 ms
	Total Operation Time:   2.360 ms
Loaded scene 'Assets/Saltmarsh/Regions/Dunes.unity'
	Deserialize:            0.434 ms
	Integration:            0.286 ms
	Integration of assets:  0.002 ms
	Thread Wait Time:       0.978 ms
	Total Operation Time:   1.699 ms
[Saltmarsh] branch=1 captured/restored slot hash=12ebc02487705bf44be965a071d1422fdc2a8a19879430de3931e03182a94b8c
UnityEngine.Debug:ExtractStackTraceNoAlloc (byte*,int,string)
UnityEngine.StackTraceUtility:ExtractStackTrace () (at /home/bokken/build/output/unity/unity/Runtime/Export/Scripting/StackTrace.cs:35)
UnityEngine.DebugLogHandler:Internal_Log (UnityEngine.LogType,UnityEngine.LogOption,string,UnityEngine.Object)
UnityEngine.DebugLogHandler:LogFormat (UnityEngine.LogType,UnityEngine.Object,string,object[])
UnityEngine.Logger:Log (UnityEngine.LogType,object)
UnityEngine.Debug:Log (object)
Saltmarsh.SaltmarshScenario/<Play>d__7:MoveNext () (at Assets/Saltmarsh/SaltmarshAutoplay.cs:111)
UnityEngine.TestTools.TestEnumerator/<Execute>d__7:MoveNext () (at ./Library/PackageCache/com.unity.test-framework@bd52b1c23814/UnityEngine.TestRunner/NUnitExtensions/Attributes/TestEnumerator.cs:44)
UnityEngine.TestTools.EnumerableTestMethodCommand/<ExecuteEnumerableAndRecordExceptions>d__4:MoveNext () (at ./Library/PackageCache/com.unity.test-framework@bd52b1c23814/UnityEngine.TestRunner/NUnitExtensions/Commands/EnumerableTestMethodCommand.cs:79)
UnityEngine.SetupCoroutine:InvokeMoveNext (System.Collections.IEnumerator,intptr) (at /home/bokken/build/output/unity/unity/Runtime/Export/Scripting/Coroutines.cs:17)

(Filename: Assets/Saltmarsh/SaltmarshAutoplay.cs Line: 111)

Loaded scene 'Assets/Saltmarsh/Regions/Lighthouse.unity'
	Deserialize:            0.634 ms
	Integration:            0.361 ms
	Integration of assets:  0.002 ms
	Thread Wait Time:       0.616 ms
	Total Operation Time:   1.612 ms
Unloading 5 Unused Serialized files (Serialized files now loaded: 0)
UnloadTime: 0.102270 ms
Loaded scene 'Assets/Boot/Boot.unity'
	Deserialize:            0.486 ms
	Integration:            156.851 ms
	Integration of assets:  0.003 ms
	Thread Wait Time:       0.103 ms
	Total Operation Time:   157.442 ms
Unloading 5 unused Assets / (2.6 KB). Loaded Objects now: 6849.
Memory consumption went from 255.6 MB to 255.6 MB.
Total: 6.612657 ms (FindLiveObjects: 0.212657 ms CreateObjectMapping: 0.167024 ms MarkObjects: 6.208758 ms  DeleteObjects: 0.023510 ms)

Loaded scene 'Assets/Saltmarsh/Regions/Harbour.unity'
	Deserialize:            1.298 ms
	Integration:            0.365 ms
	Integration of assets:  0.010 ms
	Thread Wait Time:       1.286 ms
	Total Operation Time:   2.959 ms
Loaded scene 'Assets/Saltmarsh/Regions/Dunes.unity'
	Deserialize:            0.382 ms
	Integration:            0.247 ms
	Integration of assets:  0.001 ms
	Thread Wait Time:       0.882 ms
	Total Operation Time:   1.513 ms
Loaded scene 'Assets/Saltmarsh/Regions/Lighthouse.unity'
	Deserialize:            0.457 ms
	Integration:            0.338 ms
	Integration of assets:  0.002 ms
	Thread Wait Time:       0.772 ms
	Total Operation Time:   1.568 ms
Loaded scene 'Assets/Saltmarsh/Regions/Harbour.unity'
	Deserialize:            0.466 ms
	Integration:            0.225 ms
	Integration of assets:  0.001 ms
	Thread Wait Time:       0.791 ms
	Total Operation Time:   1.483 ms
Loaded scene 'Assets/Saltmarsh/Regions/Dunes.unity'
	Deserialize:            0.362 ms
	Integration:            0.184 ms
	Integration of assets:  0.001 ms
	Thread Wait Time:       1.047 ms
	Total Operation Time:   1.594 ms
Loaded scene 'Assets/Saltmarsh/Regions/Lighthouse.unity'
	Deserialize:            0.433 ms
	Integration:            0.228 ms
	Integration of assets:  0.002 ms
	Thread Wait Time:       0.721 ms
	Total Operation Time:   1.383 ms
Loaded scene 'Assets/Saltmarsh/Regions/Harbour.unity'
	Deserialize:            0.398 ms
	Integration:            0.200 ms
	Integration of assets:  0.001 ms
	Thread Wait Time:       0.854 ms
	Total Operation Time:   1.453 ms
Saving results to: /home/worlesenric/.config/unity3d/GameCore/Saltmarsh/TestResults.xml
Saving results to: /home/worlesenric/wkspace/gc-studio/p4.1/artifacts/studio/cleanproof/playmode/results.xml
Unloading 5 Unused Serialized files (Serialized files now loaded: 0)
Loaded scene 'Temp/__Backupscenes/0.backup'
	Deserialize:            0.478 ms
	Integration:            149.957 ms
	Integration of assets:  0.001 ms
	Thread Wait Time:       0.003 ms
	Total Operation Time:   150.439 ms
Unloading 73 unused Assets / (0.6 MB). Loaded Objects now: 6750.
Memory consumption went from 181.1 MB to 180.5 MB.
Total: 7.991204 ms (FindLiveObjects: 0.209971 ms CreateObjectMapping: 0.167787 ms MarkObjects: 7.321872 ms  DeleteObjects: 0.290981 ms)

Executing IPostBuildCleanup for: Unity.PerformanceTesting.Editor.TestRunBuilder.
UnityEngine.Debug:ExtractStackTraceNoAlloc (byte*,int,string)
UnityEngine.StackTraceUtility:ExtractStackTrace () (at /home/bokken/build/output/unity/unity/Runtime/Export/Scripting/StackTrace.cs:35)
UnityEngine.DebugLogHandler:Internal_Log (UnityEngine.LogType,UnityEngine.LogOption,string,UnityEngine.Object)
UnityEngine.DebugLogHandler:LogFormat (UnityEngine.LogType,UnityEngine.Object,string,object[])
UnityEngine.Logger:Log (UnityEngine.LogType,object)
UnityEngine.Debug:Log (object)
UnityEditor.TestTools.TestRunner.TestRun.Tasks.BuildActionTaskBase`1/<ExecuteMethods>d__8<UnityEngine.TestTools.IPostBuildCleanup>:MoveNext () (at ./Library/PackageCache/com.unity.test-framework@bd52b1c23814/UnityEditor.TestRunner/TestRun/Tasks/BuildActionTaskBase.cs:48)
UnityEditor.TestTools.TestRunner.TestRun.Tasks.BuildActionTaskBase`1/<Execute>d__7<UnityEngine.TestTools.IPostBuildCleanup>:MoveNext () (at ./Library/PackageCache/com.unity.test-framework@bd52b1c23814/UnityEditor.TestRunner/TestRun/Tasks/BuildActionTaskBase.cs:34)
UnityEditor.TestTools.TestRunner.TestRun.TestJobRunner:ExecuteStep () (at ./Library/PackageCache/com.unity.test-framework@bd52b1c23814/UnityEditor.TestRunner/TestRun/TestJobRunner.cs:173)
UnityEditor.TestTools.TestRunner.TestRun.TestJobRunner:ExecuteCallback () (at ./Library/PackageCache/com.unity.test-framework@bd52b1c23814/UnityEditor.TestRunner/TestRun/TestJobRunner.cs:108)
UnityEditor.EditorApplication:Internal_CallUpdateFunctions () (at /home/bokken/build/output/unity/unity/Editor/Mono/EditorApplication.cs:384)

(Filename: ./Library/PackageCache/com.unity.test-framework@bd52b1c23814/UnityEditor.TestRunner/TestRun/Tasks/BuildActionTaskBase.cs Line: 48)

Unloading 0 Unused Serialized files (Serialized files now loaded: 0)
Unloading 0 unused Assets / (0 B). Loaded Objects now: 6755.
Memory consumption went from 180.3 MB to 180.3 MB.
Total: 7.712003 ms (FindLiveObjects: 0.198110 ms CreateObjectMapping: 0.126530 ms MarkObjects: 7.377637 ms  DeleteObjects: 0.009097 ms)

Refreshing native plugins compatible for Editor in 0.21 ms, found 1 plugins.
Preloading 0 native plugins for Editor in 0.00 ms.
Asset Pipeline Refresh (id=c9b46693473566359af87fb5488c438b): Total: 0.060 seconds - Initiated by StopAssetImportingV2(NoUpdateAssetOptions)
DisplayProgressbar: Undo
Test run completed. Exiting with code 0 (Ok). Run completed.
UnityEngine.Debug:ExtractStackTraceNoAlloc (byte*,int,string)
UnityEngine.StackTraceUtility:ExtractStackTrace () (at /home/bokken/build/output/unity/unity/Runtime/Export/Scripting/StackTrace.cs:35)
UnityEngine.DebugLogHandler:Internal_Log (UnityEngine.LogType,UnityEngine.LogOption,string,UnityEngine.Object)
UnityEngine.DebugLogHandler:LogFormat (UnityEngine.LogType,UnityEngine.Object,string,object[])
UnityEngine.Logger:Log (UnityEngine.LogType,object)
UnityEngine.Debug:Log (object)
UnityEditor.TestTools.TestRunner.CommandLineTest.Executer:ExitApplication (UnityEditor.TestTools.TestRunner.CommandLineTest.Executer/ReturnCodes,string) (at ./Library/PackageCache/com.unity.test-framework@bd52b1c23814/UnityEditor.TestRunner/CommandLineTest/Executer.cs:81)
UnityEditor.TestTools.TestRunner.CommandLineTest.Executer:ExitIfRunIsCompleted () (at ./Library/PackageCache/com.unity.test-framework@bd52b1c23814/UnityEditor.TestRunner/CommandLineTest/Executer.cs:74)
UnityEditor.EditorApplication:Internal_CallUpdateFunctions () (at /home/bokken/build/output/unity/unity/Editor/Mono/EditorApplication.cs:384)

(Filename: ./Library/PackageCache/com.unity.test-framework@bd52b1c23814/UnityEditor.TestRunner/CommandLineTest/Executer.cs Line: 81)

[CoreBusinessMetrics] Unable to add a message to the core business metrics cache. SQLite returned error message "disk I/O error"
Unloading 0 Unused Serialized files (Serialized files now loaded: 0)
Unloading 4 unused Assets / (0 B). Loaded Objects now: 6755.
Memory consumption went from 192.8 MB to 192.8 MB.
Total: 7.657353 ms (FindLiveObjects: 0.201610 ms CreateObjectMapping: 0.111827 ms MarkObjects: 7.324293 ms  DeleteObjects: 0.018783 ms)

[Physics::Module] Cleanup current backned.
[Physics::Module] Id: 0xf2b8ea05
Input System module state changed to: ShutdownInProgress.
Input System polling thread exited.
Input System module state changed to: Shutdown.
[Licensing::IpcConnector] LicenseClient-worlesenric-notifications channel disconnected successfully.
[Licensing::IpcConnector] LicenseClient-worlesenric channel disconnected successfully.
AcceleratorClientConnectionCallback - disconnected - :0
[40m[32minfo[39m[22m[49m: Microsoft.Hosting.Lifetime[0]
      Application is shutting down...
[40m[32minfo[39m[22m[49m: Unity.ILPP.Runner.PostProcessingAssemblyLoadContext[0]
      ALC ILPP context 1 is unloading
Cleanup mono
debugger-agent: Unable to listen on 41
[Package Manager] Server process was shutdown
Checking for leaked weakptr:
  Found no leaked weakptrs.
##utp:{"type": "MemoryLeaks", "version": 2, "phase": "Immediate", "time": 1791186194271, "processId": 873013, "allocatedMemory": 16189704, "memoryLabels": [{"Default": 13965}, {"Permanent": 16147}, {"Thread": 1084616}, {"Manager": 3081329}, {"VertexData": 8}, {"Geometry": 408}, {"VFX": -104}, {"Texture": 296}, {"Shader": 79299}, {"Material": 24}, {"GfxDevice": 35976}, {"Animation": 456}, {"Audio": 4032}, {"Font": 1782565}, {"FreeType": 63500}, {"FontEngine": 320}, {"Physics": 2081}, {"Serialization": 376}, {"Input": 26752}, {"JobScheduler": 33024}, {"TextLib": 160}, {"Mono": 32}, {"MonoCode": 96}, {"ScriptingNativeRuntime": 155096}, {"BaseObject": 1622832}, {"Resource": 1032}, {"Renderer": 2928}, {"Transform": 4678}, {"File": 18354}, {"WebCam": 80}, {"Culling": 32}, {"Terrain": 11298}, {"Wind": 24}, {"String": 12918}, {"DynamicArray": 103486}, {"HashMap": 124940}, {"Utility": 2665104}, {"PoolAlloc": 4112}, {"AI": 72}, {"TypeTree": 5005}, {"ScriptManager": 512}, {"RuntimeInitializeOnLoadManager": 64}, {"SpriteAtlas": 112}, {"GI": 7448}, {"Director": 8208}, {"WebRequest": 808}, {"VR": 45689}, {"SceneManager": 528}, {"Video": 64}, {"LazyScriptCache": 32}, {"NativeArray": 1080}, {"Camera": 17}, {"Secure": 265}, {"SerializationCache": 1576}, {"APIUpdating": 10320}, {"Subsystems": 336}, {"VirtualTexturing": 57552}, {"StaticSafetyDebugInfo": 278528}, {"Analytics": 256}, {"Hierarchy": 832}, {"CoreStats": 12456}, {"Identifiers": 12384}, {"Gui": 112}, {"EditorUtility": 36164}, {"VersionControl": 4}, {"Undo": 979}, {"AssetDatabase": 4715864}, {"EditorGi": 328}, {"UnityConnect": 24816}, {"Upm": 1852}, {"DrivenProperties": 72}, {"LocalIPC": 210}, {"ProfilerEditor": 9746}, {"CoreBusinessMetrics": 2389}, {"Licensing": 688}, {"AssetReference": 32}, {"IPCStream": 32}]}
