[2026-10-07T23:22:01.756Z][INFO] Command-line: ~/Unity/Hub/Editor/6000.0.75f1/Editor/Data/Resources/PackageManager/Server/UnityPackageManager -s 492343 -ipc -ipc-path /tmp/Unity-Upm-492343.sock -l 2 --log-file ~/wkspace/gc-studio/p4.2l/artifacts/studio/verification/W-PERSIST-02/p42l-prefab-reopen-20261007T232201.030263Z/upm.log
[2026-10-07T23:22:01.764Z][INFO] IPC server started (IPC path=/tmp/Unity-Upm-492343.sock).
[2026-10-07T23:22:01.764Z][INFO] Hint: To connect to this UPM instance, launch Unity with the command-line parameter -upmIpcPath Upm-492343.
[2026-10-07T23:22:02.570Z][INFO] project:add-dependency <-- Request received
params: {
  "packageId": "com.unity.toolchain.linux-x86_64"
}
[2026-10-07T23:22:21.291Z][INFO] project:add-dependency --> 200 (18721 ms)
[2026-10-07T23:22:21.633Z][INFO] project:list-packages <-- Request received
params: {}
[2026-10-07T23:22:21.710Z][INFO] project:list-packages <-- Request received
params: {}
[2026-10-07T23:22:21.717Z][INFO] project:list-packages <-- Request received
params: {}
[2026-10-07T23:22:21.749Z][INFO] config:project:get-registries <-- Request received
params: {}
[2026-10-07T23:22:21.781Z][INFO] config:project:get-registries --> 200 (32 ms)
[2026-10-07T23:22:23.060Z][INFO] project:list-packages --> 200 (1427 ms)
[2026-10-07T23:22:23.369Z][INFO] project:list-packages --> 200 (1659 ms)
[2026-10-07T23:22:24.499Z][INFO] project:list-packages --> 200 (2783 ms)
[2026-10-07T23:22:25.135Z][INFO] project:list-packages <-- Request received
params: {}
[2026-10-07T23:22:25.532Z][INFO] project:list-packages --> 200 (397 ms)
[2026-10-07T23:22:28.740Z][INFO] project:list-packages <-- Request received
params: {}
[2026-10-07T23:22:28.751Z][INFO] project:list-packages <-- Request received
params: {}
[2026-10-07T23:22:28.762Z][INFO] config:project:get-registries <-- Request received
params: {}
[2026-10-07T23:22:28.789Z][INFO] config:project:get-registries --> 200 (27 ms)
[2026-10-07T23:22:29.934Z][INFO] project:list-packages --> 200 (1194 ms)
[2026-10-07T23:22:29.936Z][INFO] project:list-packages --> 200 (1185 ms)
[2026-10-07T23:22:31.995Z][INFO] project:list-packages <-- Request received
params: {}
[2026-10-07T23:22:32.006Z][INFO] project:list-packages <-- Request received
params: {}
[2026-10-07T23:22:33.323Z][INFO] project:list-packages --> 200 (1329 ms)
[2026-10-07T23:22:33.325Z][INFO] project:list-packages --> 200 (1319 ms)
[2026-10-07T23:22:36.072Z][INFO] project:list-packages <-- Request received
params: {}
[2026-10-07T23:22:36.408Z][INFO] project:list-packages --> 200 (336 ms)
[2026-10-07T23:22:36.568Z][INFO] project:list-packages <-- Request received
params: {}
[2026-10-07T23:22:36.578Z][INFO] project:list-packages <-- Request received
params: {}
[2026-10-07T23:22:36.589Z][INFO] config:project:get-registries <-- Request received
params: {}
[2026-10-07T23:22:36.593Z][INFO] config:project:get-registries --> 200 (4 ms)
[2026-10-07T23:22:36.919Z][INFO] project:list-packages --> 200 (340 ms)
[2026-10-07T23:22:47.858Z][INFO] Received shutdown request (SIGINT), shutting down Unity Package Manager
