[2026-10-07T12:56:27.959Z][INFO] Command-line: ~/Unity/Hub/Editor/6000.0.75f1/Editor/Data/Resources/PackageManager/Server/UnityPackageManager -s 2737242 -ipc -ipc-path /tmp/Unity-Upm-2737242.sock -l 2 --log-file ~/wkspace/gc-studio/p4.2j/artifacts/studio/verification/W-AI-02/p42j-npc-20261007T125627.367021Z/upm.log
[2026-10-07T12:56:27.965Z][INFO] IPC server started (IPC path=/tmp/Unity-Upm-2737242.sock).
[2026-10-07T12:56:27.965Z][INFO] Hint: To connect to this UPM instance, launch Unity with the command-line parameter -upmIpcPath Upm-2737242.
[2026-10-07T12:56:28.805Z][INFO] project:add-dependency <-- Request received
params: {
  "packageId": "com.unity.toolchain.linux-x86_64"
}
[2026-10-07T12:56:55.468Z][INFO] project:add-dependency --> 200 (26664 ms)
[2026-10-07T12:56:55.750Z][INFO] project:list-packages <-- Request received
params: {}
[2026-10-07T12:56:55.801Z][INFO] project:list-packages <-- Request received
params: {}
[2026-10-07T12:56:55.811Z][INFO] project:list-packages <-- Request received
params: {}
[2026-10-07T12:56:55.824Z][INFO] config:project:get-registries <-- Request received
params: {}
[2026-10-07T12:56:55.857Z][INFO] config:project:get-registries --> 200 (33 ms)
[2026-10-07T12:56:56.615Z][INFO] project:list-packages --> 200 (865 ms)
[2026-10-07T12:56:56.801Z][INFO] project:list-packages --> 200 (1000 ms)
[2026-10-07T12:56:58.443Z][INFO] project:list-packages <-- Request received
params: {}
[2026-10-07T12:56:58.767Z][INFO] project:list-packages --> 200 (2956 ms)
[2026-10-07T12:56:58.786Z][INFO] project:list-packages --> 200 (343 ms)
[2026-10-07T12:57:01.306Z][INFO] project:list-packages <-- Request received
params: {}
[2026-10-07T12:57:01.316Z][INFO] project:list-packages <-- Request received
params: {}
[2026-10-07T12:57:01.327Z][INFO] config:project:get-registries <-- Request received
params: {}
[2026-10-07T12:57:01.343Z][INFO] config:project:get-registries --> 200 (16 ms)
[2026-10-07T12:57:01.829Z][INFO] project:list-packages --> 200 (513 ms)
[2026-10-07T12:57:05.783Z][INFO] project:list-packages <-- Request received
params: {}
[2026-10-07T12:57:05.793Z][INFO] project:list-packages <-- Request received
params: {}
[2026-10-07T12:57:06.077Z][INFO] project:list-packages --> 200 (294 ms)
[2026-10-07T12:57:14.180Z][INFO] project:list-packages --> 200 (12874 ms)
[2026-10-07T12:57:42.711Z][INFO] project:list-packages --> 200 (36918 ms)
[2026-10-07T13:01:18.454Z][INFO] project:list-packages <-- Request received
params: {}
[2026-10-07T13:01:18.799Z][INFO] project:list-packages --> 200 (345 ms)
[2026-10-07T13:01:18.950Z][INFO] config:project:get-registries <-- Request received
params: {}
[2026-10-07T13:01:18.953Z][INFO] config:project:get-registries --> 200 (3 ms)
[2026-10-07T13:01:24.833Z][INFO] project:list-packages <-- Request received
params: {}
[2026-10-07T13:01:25.156Z][INFO] project:list-packages --> 200 (323 ms)
[2026-10-07T13:01:25.309Z][INFO] config:project:get-registries <-- Request received
params: {}
[2026-10-07T13:01:25.311Z][INFO] config:project:get-registries --> 200 (2 ms)
[2026-10-07T13:02:06.798Z][INFO] Received shutdown request (SIGINT), shutting down Unity Package Manager
