[2026-10-07T19:45:17.581Z][INFO] Command-line: ~/Unity/Hub/Editor/6000.0.75f1/Editor/Data/Resources/PackageManager/Server/UnityPackageManager -s 4014490 -ipc -ipc-path /tmp/Unity-Upm-4014490.sock -l 2 --log-file ~/wkspace/gc-studio/p4.2k/artifacts/studio/verification/W-MECH-01/p42k-stage-submit-negative-20261007T194516.829080Z/upm.log
[2026-10-07T19:45:17.589Z][INFO] IPC server started (IPC path=/tmp/Unity-Upm-4014490.sock).
[2026-10-07T19:45:17.589Z][INFO] Hint: To connect to this UPM instance, launch Unity with the command-line parameter -upmIpcPath Upm-4014490.
[2026-10-07T19:45:18.540Z][INFO] project:add-dependency <-- Request received
params: {
  "packageId": "com.unity.toolchain.linux-x86_64"
}
[2026-10-07T19:45:38.094Z][INFO] project:add-dependency --> 200 (19555 ms)
[2026-10-07T19:45:38.462Z][INFO] project:list-packages <-- Request received
params: {}
[2026-10-07T19:45:38.554Z][INFO] project:list-packages <-- Request received
params: {}
[2026-10-07T19:45:38.565Z][INFO] project:list-packages <-- Request received
params: {}
[2026-10-07T19:45:38.587Z][INFO] config:project:get-registries <-- Request received
params: {}
[2026-10-07T19:45:38.613Z][INFO] config:project:get-registries --> 200 (26 ms)
[2026-10-07T19:45:40.069Z][INFO] project:list-packages --> 200 (1607 ms)
[2026-10-07T19:45:40.417Z][INFO] project:list-packages --> 200 (1863 ms)
[2026-10-07T19:45:41.714Z][INFO] project:list-packages --> 200 (3149 ms)
[2026-10-07T19:45:42.561Z][INFO] project:list-packages <-- Request received
params: {}
[2026-10-07T19:45:43.016Z][INFO] project:list-packages --> 200 (455 ms)
[2026-10-07T19:45:46.365Z][INFO] project:list-packages <-- Request received
params: {}
[2026-10-07T19:45:46.377Z][INFO] project:list-packages <-- Request received
params: {}
[2026-10-07T19:45:46.387Z][INFO] config:project:get-registries <-- Request received
params: {}
[2026-10-07T19:45:46.408Z][INFO] config:project:get-registries --> 200 (21 ms)
[2026-10-07T19:45:47.305Z][INFO] project:list-packages --> 200 (940 ms)
[2026-10-07T19:45:47.377Z][INFO] project:list-packages --> 200 (1000 ms)
[2026-10-07T19:45:50.799Z][INFO] project:list-packages <-- Request received
params: {}
[2026-10-07T19:45:50.810Z][INFO] project:list-packages <-- Request received
params: {}
[2026-10-07T19:45:51.479Z][INFO] project:list-packages --> 200 (680 ms)
[2026-10-07T19:45:56.308Z][INFO] project:list-packages --> 200 (5498 ms)
[2026-10-07T19:46:04.941Z][INFO] Received shutdown request (SIGINT), shutting down Unity Package Manager
