# gamecore.benchmark.trace/1
# label=gc023-world-observations
# frames=67
frame ordinal=0 epoch=1 step=0 sections=5 live-leases=9
frame ordinal=0 epoch=1 step=0 sections=5 stage-us=87;stage-samples=2;live-leases=9
frame ordinal=0 epoch=1 step=0 sections=5 stage-us=89;stage-samples=4;live-leases=9
frame ordinal=0 epoch=1 step=0 sections=5 stage-us=90;stage-samples=6;live-leases=9
frame ordinal=0 epoch=1 step=0 sections=5 stage-us=92;stage-samples=8;live-leases=9
frame ordinal=0 epoch=1 step=0 sections=5 stage-us=93;stage-samples=10;live-leases=9
frame ordinal=0 epoch=1 step=0 sections=5 stage-us=95;stage-samples=12;live-leases=9
frame ordinal=0 epoch=1 step=0 sections=5 stage-us=97;stage-samples=14;live-leases=9
frame ordinal=0 epoch=1 step=0 sections=5 stage-us=97;stage-samples=16;live-leases=9
frame ordinal=0 epoch=1 step=0 sections=5 stage-us=97;stage-samples=18;live-leases=9
frame ordinal=0 epoch=1 step=0 sections=5 stage-us=98;stage-samples=20;live-leases=9
frame ordinal=0 epoch=1 step=0 sections=5 stage-us=99;stage-samples=22;live-leases=9
frame ordinal=0 epoch=1 step=0 sections=5 stage-us=100;stage-samples=24;live-leases=9
frame ordinal=0 epoch=1 step=0 sections=5 stage-us=101;stage-samples=26;live-leases=9
frame ordinal=0 epoch=1 step=0 sections=5 stage-us=102;stage-samples=28;live-leases=9
frame ordinal=0 epoch=1 step=0 sections=5 stage-us=102;stage-samples=30;live-leases=9
frame ordinal=0 epoch=1 step=0 sections=5 stage-us=102;stage-samples=32;live-leases=9
frame ordinal=0 epoch=1 step=0 sections=5 stage-us=104;stage-samples=34;live-leases=9
frame ordinal=0 epoch=1 step=0 sections=5 stage-us=104;stage-samples=36;live-leases=9
frame ordinal=0 epoch=1 step=0 sections=5 stage-us=105;stage-samples=38;live-leases=9
frame ordinal=0 epoch=1 step=0 sections=5 stage-us=107;stage-samples=40;live-leases=9
frame ordinal=0 epoch=1 step=0 sections=5 stage-us=107;stage-samples=42;live-leases=9
frame ordinal=0 epoch=1 step=0 sections=5 stage-us=107;stage-samples=44;live-leases=9
frame ordinal=0 epoch=1 step=0 sections=5 stage-us=109;stage-samples=46;live-leases=9
frame ordinal=0 epoch=1 step=0 sections=5 stage-us=111;stage-samples=48;live-leases=9
frame ordinal=0 epoch=1 step=0 sections=5 stage-us=111;stage-samples=50;live-leases=9
frame ordinal=0 epoch=1 step=0 sections=5 stage-us=111;stage-samples=52;live-leases=9
frame ordinal=0 epoch=1 step=0 sections=5 stage-us=113;stage-samples=54;live-leases=9
frame ordinal=0 epoch=1 step=0 sections=5 stage-us=113;stage-samples=56;live-leases=9
frame ordinal=0 epoch=1 step=0 sections=5 stage-us=113;stage-samples=58;live-leases=9
frame ordinal=0 epoch=1 step=0 sections=5 stage-us=113;stage-samples=60;live-leases=9
frame ordinal=0 epoch=1 step=0 sections=5 stage-us=114;stage-samples=62;live-leases=9
frame ordinal=0 epoch=1 step=0 sections=5 stage-us=116;stage-samples=64;live-leases=9
frame ordinal=0 epoch=1 step=0 sections=5 stage-us=116;stage-samples=66;live-leases=9
frame ordinal=0 epoch=1 step=0 sections=5 stage-us=117;stage-samples=68;live-leases=9
frame ordinal=0 epoch=1 step=0 sections=5 stage-us=119;stage-samples=70;live-leases=9
frame ordinal=0 epoch=1 step=0 sections=5 stage-us=119;stage-samples=72;live-leases=9
frame ordinal=0 epoch=1 step=0 sections=5 stage-us=119;stage-samples=74;live-leases=9
frame ordinal=0 epoch=1 step=0 sections=5 stage-us=119;stage-samples=76;live-leases=9
frame ordinal=0 epoch=1 step=0 sections=5 stage-us=121;stage-samples=78;live-leases=9
frame ordinal=0 epoch=1 step=0 sections=5 stage-us=123;stage-samples=80;live-leases=9
frame ordinal=0 epoch=1 step=0 sections=5 stage-us=123;stage-samples=82;live-leases=9
frame ordinal=0 epoch=1 step=0 sections=5 stage-us=124;stage-samples=84;live-leases=9
frame ordinal=0 epoch=1 step=0 sections=5 stage-us=124;stage-samples=86;live-leases=9
frame ordinal=0 epoch=1 step=0 sections=5 stage-us=126;stage-samples=88;live-leases=9
frame ordinal=0 epoch=1 step=0 sections=5 stage-us=127;stage-samples=90;live-leases=9
frame ordinal=0 epoch=1 step=0 sections=5 stage-us=127;stage-samples=92;live-leases=9
frame ordinal=0 epoch=1 step=0 sections=5 stage-us=127;stage-samples=94;live-leases=9
frame ordinal=0 epoch=1 step=0 sections=5 stage-us=127;stage-samples=96;live-leases=9
frame ordinal=0 epoch=1 step=0 sections=5 stage-us=128;stage-samples=98;live-leases=9
frame ordinal=0 epoch=1 step=0 sections=5 stage-us=129;stage-samples=100;live-leases=9
frame ordinal=0 epoch=1 step=0 sections=5 stage-us=129;stage-samples=102;live-leases=9
frame ordinal=0 epoch=1 step=0 sections=5 stage-us=129;stage-samples=104;live-leases=9
frame ordinal=0 epoch=1 step=0 sections=5 stage-us=131;stage-samples=106;live-leases=9
frame ordinal=0 epoch=1 step=0 sections=5 stage-us=132;stage-samples=108;live-leases=9
frame ordinal=0 epoch=1 step=0 sections=5 stage-us=132;stage-samples=110;live-leases=9
frame ordinal=0 epoch=1 step=0 sections=5 stage-us=132;stage-samples=112;live-leases=9
frame ordinal=0 epoch=1 step=0 sections=5 stage-us=132;stage-samples=114;live-leases=9
frame ordinal=0 epoch=1 step=0 sections=5 stage-us=134;stage-samples=116;live-leases=9
frame ordinal=0 epoch=1 step=0 sections=5 stage-us=134;stage-samples=118;live-leases=9
frame ordinal=0 epoch=1 step=0 sections=5 stage-us=134;stage-samples=120;live-leases=9
frame ordinal=0 epoch=1 step=0 sections=5 stage-us=134;stage-samples=122;live-leases=9
frame ordinal=0 epoch=1 step=0 sections=5 stage-us=135;stage-samples=124;live-leases=9
frame ordinal=0 epoch=1 step=0 sections=5 stage-us=135;stage-samples=126;live-leases=9
frame ordinal=0 epoch=1 step=0 sections=5 stage-us=135;stage-samples=128;live-leases=9
frame ordinal=0 epoch=1 step=0 sections=5 stage-us=135;stage-samples=128;live-leases=9
frame ordinal=0 epoch=1 step=1 sections=5 steps-advanced=1;stage-us=221;stage-samples=133;job-wait-samples=1;live-leases=9
summary frames=67 chain=a032410ec75bdff355bf1381adc7cf8a9e9396365aa6f62b8631c2da52e244cd
