  Determining projects to restore...
  Restored /home/worlesenric/wkspace/gc-wt/gc-004/dotnet/src/GameCore.Composition/GameCore.Composition.csproj (in 46 ms).
  Restored /home/worlesenric/wkspace/gc-wt/gc-004/dotnet/tools/GameCore.ApiSnapshot/GameCore.ApiSnapshot.csproj (in 46 ms).
  Restored /home/worlesenric/wkspace/gc-wt/gc-004/dotnet/src/GameCore.ReferenceSeams/GameCore.ReferenceSeams.csproj (in 45 ms).
  Restored /home/worlesenric/wkspace/gc-wt/gc-004/dotnet/tests/GameCore.Composition.Tests/GameCore.Composition.Tests.csproj (in 1.32 sec).
  Restored /home/worlesenric/wkspace/gc-wt/gc-004/dotnet/src/GameCore.ProtocolFixtures/GameCore.ProtocolFixtures.csproj (in 1.32 sec).
  Restored /home/worlesenric/wkspace/gc-wt/gc-004/dotnet/tests/GameCore.ProtocolFixtures.Tests/GameCore.ProtocolFixtures.Tests.csproj (in 1.32 sec).
  Restored /home/worlesenric/wkspace/gc-wt/gc-004/dotnet/tests/GameCore.ReferenceSeams.Tests/GameCore.ReferenceSeams.Tests.csproj (in 1.32 sec).
  GameCore.ReferenceSeams -> /home/worlesenric/wkspace/gc-wt/gc-004/dotnet/src/GameCore.ReferenceSeams/bin/Release/netstandard2.1/GameCore.ReferenceSeams.dll
/home/worlesenric/wkspace/gc-wt/gc-004/Packages/com.gamecore.composition/Runtime/Configuration.cs(476,75): error CS8625: Cannot convert null literal to non-nullable reference type. [/home/worlesenric/wkspace/gc-wt/gc-004/dotnet/src/GameCore.Composition/GameCore.Composition.csproj]
/home/worlesenric/wkspace/gc-wt/gc-004/Packages/com.gamecore.composition/Runtime/Services/ServiceResolver.cs(325,36): error CS1503: Argument 1: cannot convert from 'GameCore.Contracts.PluginInstanceId' to 'GameCore.Contracts.ProviderInstallationId' [/home/worlesenric/wkspace/gc-wt/gc-004/dotnet/src/GameCore.Composition/GameCore.Composition.csproj]
/home/worlesenric/wkspace/gc-wt/gc-004/Packages/com.gamecore.composition/Runtime/Services/ServiceResolver.cs(333,25): error CS1503: Argument 2: cannot convert from 'GameCore.Contracts.PluginInstanceId' to 'GameCore.Contracts.ProviderInstallationId' [/home/worlesenric/wkspace/gc-wt/gc-004/dotnet/src/GameCore.Composition/GameCore.Composition.csproj]
/home/worlesenric/wkspace/gc-wt/gc-004/Packages/com.gamecore.composition/Runtime/Operations/CompositionHost.cs(382,37): error CS0029: Cannot implicitly convert type 'GameCore.Contracts.AssemblyEpoch' to 'GameCore.Contracts.ActivationEpoch' [/home/worlesenric/wkspace/gc-wt/gc-004/dotnet/src/GameCore.Composition/GameCore.Composition.csproj]
/home/worlesenric/wkspace/gc-wt/gc-004/Packages/com.gamecore.composition/Runtime/Operations/CompositionState.cs(328,59): error CS1503: Argument 2: cannot convert from 'int' to 'uint' [/home/worlesenric/wkspace/gc-wt/gc-004/dotnet/src/GameCore.Composition/GameCore.Composition.csproj]
/home/worlesenric/wkspace/gc-wt/gc-004/Packages/com.gamecore.composition/Runtime/Operations/CompositionState.cs(329,59): error CS1503: Argument 2: cannot convert from 'int' to 'uint' [/home/worlesenric/wkspace/gc-wt/gc-004/dotnet/src/GameCore.Composition/GameCore.Composition.csproj]
/home/worlesenric/wkspace/gc-wt/gc-004/Packages/com.gamecore.composition/Runtime/Operations/CompositionEditApplier.cs(961,44): error CS1503: Argument 1: cannot convert from 'GameCore.Contracts.ProviderInstallationId' to 'GameCore.Contracts.PluginInstanceId' [/home/worlesenric/wkspace/gc-wt/gc-004/dotnet/src/GameCore.Composition/GameCore.Composition.csproj]
  GameCore.ProtocolFixtures -> /home/worlesenric/wkspace/gc-wt/gc-004/dotnet/src/GameCore.ProtocolFixtures/bin/Release/netstandard2.1/GameCore.ProtocolFixtures.dll
  GameCore.ProtocolFixtures.Tests -> /home/worlesenric/wkspace/gc-wt/gc-004/dotnet/tests/GameCore.ProtocolFixtures.Tests/bin/Release/net8.0/GameCore.ProtocolFixtures.Tests.dll
  GameCore.ApiSnapshot -> /home/worlesenric/wkspace/gc-wt/gc-004/dotnet/tools/GameCore.ApiSnapshot/bin/Release/net8.0/GameCore.ApiSnapshot.dll
  GameCore.ReferenceSeams.Tests -> /home/worlesenric/wkspace/gc-wt/gc-004/dotnet/tests/GameCore.ReferenceSeams.Tests/bin/Release/net8.0/GameCore.ReferenceSeams.Tests.dll

Build FAILED.

/home/worlesenric/wkspace/gc-wt/gc-004/Packages/com.gamecore.composition/Runtime/Configuration.cs(476,75): error CS8625: Cannot convert null literal to non-nullable reference type. [/home/worlesenric/wkspace/gc-wt/gc-004/dotnet/src/GameCore.Composition/GameCore.Composition.csproj]
/home/worlesenric/wkspace/gc-wt/gc-004/Packages/com.gamecore.composition/Runtime/Services/ServiceResolver.cs(325,36): error CS1503: Argument 1: cannot convert from 'GameCore.Contracts.PluginInstanceId' to 'GameCore.Contracts.ProviderInstallationId' [/home/worlesenric/wkspace/gc-wt/gc-004/dotnet/src/GameCore.Composition/GameCore.Composition.csproj]
/home/worlesenric/wkspace/gc-wt/gc-004/Packages/com.gamecore.composition/Runtime/Services/ServiceResolver.cs(333,25): error CS1503: Argument 2: cannot convert from 'GameCore.Contracts.PluginInstanceId' to 'GameCore.Contracts.ProviderInstallationId' [/home/worlesenric/wkspace/gc-wt/gc-004/dotnet/src/GameCore.Composition/GameCore.Composition.csproj]
/home/worlesenric/wkspace/gc-wt/gc-004/Packages/com.gamecore.composition/Runtime/Operations/CompositionHost.cs(382,37): error CS0029: Cannot implicitly convert type 'GameCore.Contracts.AssemblyEpoch' to 'GameCore.Contracts.ActivationEpoch' [/home/worlesenric/wkspace/gc-wt/gc-004/dotnet/src/GameCore.Composition/GameCore.Composition.csproj]
/home/worlesenric/wkspace/gc-wt/gc-004/Packages/com.gamecore.composition/Runtime/Operations/CompositionState.cs(328,59): error CS1503: Argument 2: cannot convert from 'int' to 'uint' [/home/worlesenric/wkspace/gc-wt/gc-004/dotnet/src/GameCore.Composition/GameCore.Composition.csproj]
/home/worlesenric/wkspace/gc-wt/gc-004/Packages/com.gamecore.composition/Runtime/Operations/CompositionState.cs(329,59): error CS1503: Argument 2: cannot convert from 'int' to 'uint' [/home/worlesenric/wkspace/gc-wt/gc-004/dotnet/src/GameCore.Composition/GameCore.Composition.csproj]
/home/worlesenric/wkspace/gc-wt/gc-004/Packages/com.gamecore.composition/Runtime/Operations/CompositionEditApplier.cs(961,44): error CS1503: Argument 1: cannot convert from 'GameCore.Contracts.ProviderInstallationId' to 'GameCore.Contracts.PluginInstanceId' [/home/worlesenric/wkspace/gc-wt/gc-004/dotnet/src/GameCore.Composition/GameCore.Composition.csproj]
    0 Warning(s)
    7 Error(s)

Time Elapsed 00:00:03.77
