  Determining projects to restore...
  All projects are up-to-date for restore.
  GameCore.ReferenceSeams -> /home/worlesenric/wkspace/gc-wt/gc-004/dotnet/src/GameCore.ReferenceSeams/bin/Release/netstandard2.1/GameCore.ReferenceSeams.dll
  GameCore.ProtocolFixtures -> /home/worlesenric/wkspace/gc-wt/gc-004/dotnet/src/GameCore.ProtocolFixtures/bin/Release/netstandard2.1/GameCore.ProtocolFixtures.dll
  GameCore.ApiSnapshot -> /home/worlesenric/wkspace/gc-wt/gc-004/dotnet/tools/GameCore.ApiSnapshot/bin/Release/net8.0/GameCore.ApiSnapshot.dll
  GameCore.ProtocolFixtures.Tests -> /home/worlesenric/wkspace/gc-wt/gc-004/dotnet/tests/GameCore.ProtocolFixtures.Tests/bin/Release/net8.0/GameCore.ProtocolFixtures.Tests.dll
  GameCore.ReferenceSeams.Tests -> /home/worlesenric/wkspace/gc-wt/gc-004/dotnet/tests/GameCore.ReferenceSeams.Tests/bin/Release/net8.0/GameCore.ReferenceSeams.Tests.dll
  GameCore.Composition -> /home/worlesenric/wkspace/gc-wt/gc-004/dotnet/src/GameCore.Composition/bin/Release/netstandard2.1/GameCore.Composition.dll
/home/worlesenric/wkspace/gc-wt/gc-004/Packages/com.gamecore.composition/Tests/ServiceResolutionTests.cs(120,26): error CS7036: There is no argument given that corresponds to the required parameter 'config' of 'Payloads.Mount(PluginManifest, PluginInstanceId, ScopeId, ConfigDocument?, int, IReadOnlyList<ServiceSelection>?, DefinitionRevision, ConfigDocument?)' [/home/worlesenric/wkspace/gc-wt/gc-004/dotnet/tests/GameCore.Composition.Tests/GameCore.Composition.Tests.csproj]
/home/worlesenric/wkspace/gc-wt/gc-004/Packages/com.gamecore.composition/Tests/ServiceResolutionTests.cs(219,68): error CS7036: There is no argument given that corresponds to the required parameter 'config' of 'Payloads.Mount(PluginManifest, PluginInstanceId, ScopeId, ConfigDocument?, int, IReadOnlyList<ServiceSelection>?, DefinitionRevision, ConfigDocument?)' [/home/worlesenric/wkspace/gc-wt/gc-004/dotnet/tests/GameCore.Composition.Tests/GameCore.Composition.Tests.csproj]
/home/worlesenric/wkspace/gc-wt/gc-004/Packages/com.gamecore.composition/Tests/ControlLaneTests.cs(179,53): error CS1061: 'ModeEdit?' does not contain a definition for 'NewMode' and no accessible extension method 'NewMode' accepting a first argument of type 'ModeEdit?' could be found (are you missing a using directive or an assembly reference?) [/home/worlesenric/wkspace/gc-wt/gc-004/dotnet/tests/GameCore.Composition.Tests/GameCore.Composition.Tests.csproj]
/home/worlesenric/wkspace/gc-wt/gc-004/Packages/com.gamecore.composition/Tests/ServiceResolutionTests.cs(468,68): error CS7036: There is no argument given that corresponds to the required parameter 'config' of 'Payloads.Mount(PluginManifest, PluginInstanceId, ScopeId, ConfigDocument?, int, IReadOnlyList<ServiceSelection>?, DefinitionRevision, ConfigDocument?)' [/home/worlesenric/wkspace/gc-wt/gc-004/dotnet/tests/GameCore.Composition.Tests/GameCore.Composition.Tests.csproj]
/home/worlesenric/wkspace/gc-wt/gc-004/Packages/com.gamecore.composition/Tests/ServiceResolutionTests.cs(551,38): error CS7036: There is no argument given that corresponds to the required parameter 'config' of 'Payloads.Mount(PluginManifest, PluginInstanceId, ScopeId, ConfigDocument?, int, IReadOnlyList<ServiceSelection>?, DefinitionRevision, ConfigDocument?)' [/home/worlesenric/wkspace/gc-wt/gc-004/dotnet/tests/GameCore.Composition.Tests/GameCore.Composition.Tests.csproj]
/home/worlesenric/wkspace/gc-wt/gc-004/Packages/com.gamecore.composition/Tests/ServiceResolutionTests.cs(553,38): error CS7036: There is no argument given that corresponds to the required parameter 'config' of 'Payloads.Mount(PluginManifest, PluginInstanceId, ScopeId, ConfigDocument?, int, IReadOnlyList<ServiceSelection>?, DefinitionRevision, ConfigDocument?)' [/home/worlesenric/wkspace/gc-wt/gc-004/dotnet/tests/GameCore.Composition.Tests/GameCore.Composition.Tests.csproj]

Build FAILED.

/home/worlesenric/wkspace/gc-wt/gc-004/Packages/com.gamecore.composition/Tests/ServiceResolutionTests.cs(120,26): error CS7036: There is no argument given that corresponds to the required parameter 'config' of 'Payloads.Mount(PluginManifest, PluginInstanceId, ScopeId, ConfigDocument?, int, IReadOnlyList<ServiceSelection>?, DefinitionRevision, ConfigDocument?)' [/home/worlesenric/wkspace/gc-wt/gc-004/dotnet/tests/GameCore.Composition.Tests/GameCore.Composition.Tests.csproj]
/home/worlesenric/wkspace/gc-wt/gc-004/Packages/com.gamecore.composition/Tests/ServiceResolutionTests.cs(219,68): error CS7036: There is no argument given that corresponds to the required parameter 'config' of 'Payloads.Mount(PluginManifest, PluginInstanceId, ScopeId, ConfigDocument?, int, IReadOnlyList<ServiceSelection>?, DefinitionRevision, ConfigDocument?)' [/home/worlesenric/wkspace/gc-wt/gc-004/dotnet/tests/GameCore.Composition.Tests/GameCore.Composition.Tests.csproj]
/home/worlesenric/wkspace/gc-wt/gc-004/Packages/com.gamecore.composition/Tests/ControlLaneTests.cs(179,53): error CS1061: 'ModeEdit?' does not contain a definition for 'NewMode' and no accessible extension method 'NewMode' accepting a first argument of type 'ModeEdit?' could be found (are you missing a using directive or an assembly reference?) [/home/worlesenric/wkspace/gc-wt/gc-004/dotnet/tests/GameCore.Composition.Tests/GameCore.Composition.Tests.csproj]
/home/worlesenric/wkspace/gc-wt/gc-004/Packages/com.gamecore.composition/Tests/ServiceResolutionTests.cs(468,68): error CS7036: There is no argument given that corresponds to the required parameter 'config' of 'Payloads.Mount(PluginManifest, PluginInstanceId, ScopeId, ConfigDocument?, int, IReadOnlyList<ServiceSelection>?, DefinitionRevision, ConfigDocument?)' [/home/worlesenric/wkspace/gc-wt/gc-004/dotnet/tests/GameCore.Composition.Tests/GameCore.Composition.Tests.csproj]
/home/worlesenric/wkspace/gc-wt/gc-004/Packages/com.gamecore.composition/Tests/ServiceResolutionTests.cs(551,38): error CS7036: There is no argument given that corresponds to the required parameter 'config' of 'Payloads.Mount(PluginManifest, PluginInstanceId, ScopeId, ConfigDocument?, int, IReadOnlyList<ServiceSelection>?, DefinitionRevision, ConfigDocument?)' [/home/worlesenric/wkspace/gc-wt/gc-004/dotnet/tests/GameCore.Composition.Tests/GameCore.Composition.Tests.csproj]
/home/worlesenric/wkspace/gc-wt/gc-004/Packages/com.gamecore.composition/Tests/ServiceResolutionTests.cs(553,38): error CS7036: There is no argument given that corresponds to the required parameter 'config' of 'Payloads.Mount(PluginManifest, PluginInstanceId, ScopeId, ConfigDocument?, int, IReadOnlyList<ServiceSelection>?, DefinitionRevision, ConfigDocument?)' [/home/worlesenric/wkspace/gc-wt/gc-004/dotnet/tests/GameCore.Composition.Tests/GameCore.Composition.Tests.csproj]
    0 Warning(s)
    6 Error(s)

Time Elapsed 00:00:01.08
