  Determining projects to restore...
  All projects are up-to-date for restore.
  GameCore.ReferenceSeams -> /home/worlesenric/wkspace/gc-wt/gc-004/dotnet/src/GameCore.ReferenceSeams/bin/Release/netstandard2.1/GameCore.ReferenceSeams.dll
  GameCore.Composition -> /home/worlesenric/wkspace/gc-wt/gc-004/dotnet/src/GameCore.Composition/bin/Release/netstandard2.1/GameCore.Composition.dll
  GameCore.Composition.Tests -> /home/worlesenric/wkspace/gc-wt/gc-004/dotnet/tests/GameCore.Composition.Tests/bin/Release/net8.0/GameCore.Composition.Tests.dll
Test run for /home/worlesenric/wkspace/gc-wt/gc-004/dotnet/tests/GameCore.Composition.Tests/bin/Release/net8.0/GameCore.Composition.Tests.dll (.NETCoreApp,Version=v8.0)
VSTest version 17.11.1 (x64)

Starting test execution, please wait...
A total of 1 test files matched the specified pattern.
  Failed UnrelatedCleanupCannotChangeAnEarlierOperationResult [16 ms]
  Error Message:
     P-050 terminal results belong to their own attempt, not the current resource ledger.
  Expected: <empty>
  But was:  < 00726567726573730000000000000007 >

  Stack Trace:
     at GameCore.Composition.Tests.BuildHostRegressionTests.UnrelatedCleanupCannotChangeAnEarlierOperationResult() in /home/worlesenric/wkspace/gc-wt/gc-004/Packages/com.gamecore.composition/Tests/BuildHostRegressionTests.cs:line 176

1)    at GameCore.Composition.Tests.BuildHostRegressionTests.UnrelatedCleanupCannotChangeAnEarlierOperationResult() in /home/worlesenric/wkspace/gc-wt/gc-004/Packages/com.gamecore.composition/Tests/BuildHostRegressionTests.cs:line 176


  Failed UnmountPublishesCleanupErrorsWithRetainedReferences [2 ms]
  Error Message:
     Cleanup has not settled every resource (P-048; 06 §1).
  Expected: Retiring
  But was:  Disposed

  Stack Trace:
     at GameCore.Composition.Tests.ResourceGateTests.UnmountPublishesCleanupErrorsWithRetainedReferences() in /home/worlesenric/wkspace/gc-wt/gc-004/Packages/com.gamecore.composition/Tests/ResourceGateTests.cs:line 258

1)    at GameCore.Composition.Tests.ResourceGateTests.UnmountPublishesCleanupErrorsWithRetainedReferences() in /home/worlesenric/wkspace/gc-wt/gc-004/Packages/com.gamecore.composition/Tests/ResourceGateTests.cs:line 258


Results File: /home/worlesenric/wkspace/gc-wt/gc-004/artifacts/gc-004/cleanup-before/_worlesenric_2026-09-25_05_50_01.trx

Failed!  - Failed:     2, Passed:     1, Skipped:     0, Total:     3, Duration: 62 ms - GameCore.Composition.Tests.dll (net8.0)
