[2026-10-06T17:41:14.013Z][INFO] Command-line: ~/Unity/Hub/Editor/6000.0.75f1/Editor/Data/Resources/PackageManager/Server/UnityPackageManager -s 3312039 -ipc -ipc-path /tmp/Unity-Upm-3312039.sock -l 2 --log-file ~/wkspace/gc-studio/p4.2f/artifacts/studio/verification/W-AI-02/p42f-npc-20261006T174113.356793Z/upm.log
[2026-10-06T17:41:14.023Z][INFO] IPC server started (IPC path=/tmp/Unity-Upm-3312039.sock).
[2026-10-06T17:41:14.023Z][INFO] Hint: To connect to this UPM instance, launch Unity with the command-line parameter -upmIpcPath Upm-3312039.
[2026-10-06T17:41:14.977Z][INFO] project:add-dependency <-- Request received
params: {
  "packageId": "com.unity.toolchain.linux-x86_64"
}
[2026-10-06T17:41:35.465Z][INFO] project:add-dependency --> 200 (20488 ms)
[2026-10-06T17:41:35.904Z][INFO] project:list-packages <-- Request received
params: {}
[2026-10-06T17:41:36.006Z][INFO] project:list-packages <-- Request received
params: {}
[2026-10-06T17:41:36.024Z][INFO] project:list-packages <-- Request received
params: {}
[2026-10-06T17:41:36.032Z][INFO] config:project:get-registries <-- Request received
params: {}
[2026-10-06T17:41:36.077Z][INFO] config:project:get-registries --> 200 (45 ms)
[2026-10-06T17:41:37.720Z][INFO] project:list-packages --> 200 (1816 ms)
[2026-10-06T17:41:38.197Z][INFO] project:list-packages --> 200 (2191 ms)
[2026-10-06T17:41:40.050Z][INFO] project:list-packages --> 200 (4026 ms)
[2026-10-06T17:41:43.607Z][INFO] project:list-packages <-- Request received
params: {}
[2026-10-06T17:41:44.166Z][INFO] project:list-packages --> 200 (559 ms)
[2026-10-06T17:41:47.889Z][INFO] project:list-packages <-- Request received
params: {}
[2026-10-06T17:41:47.901Z][INFO] project:list-packages <-- Request received
params: {}
[2026-10-06T17:41:47.909Z][INFO] config:project:get-registries <-- Request received
params: {}
[2026-10-06T17:41:47.930Z][INFO] config:project:get-registries --> 200 (21 ms)
[2026-10-06T17:41:48.535Z][INFO] project:list-packages --> 200 (634 ms)
[2026-10-06T17:41:51.952Z][INFO] project:list-packages <-- Request received
params: {}
[2026-10-06T17:41:51.963Z][INFO] project:list-packages <-- Request received
params: {}
[2026-10-06T17:41:52.596Z][INFO] project:list-packages --> 200 (644 ms)
[2026-10-06T17:42:03.578Z][INFO] project:list-packages --> 200 (15689 ms)
[2026-10-06T17:42:03.580Z][INFO] project:list-packages --> 200 (11617 ms)
[2026-10-06T17:47:05.875Z][INFO] project:list-packages <-- Request received
params: {}
[2026-10-06T17:47:06.368Z][INFO] project:list-packages --> 200 (493 ms)
[2026-10-06T17:47:06.514Z][INFO] config:project:get-registries <-- Request received
params: {}
[2026-10-06T17:47:06.520Z][INFO] config:project:get-registries --> 200 (7 ms)
[2026-10-06T17:47:12.930Z][INFO] project:list-packages <-- Request received
params: {}
[2026-10-06T17:47:13.336Z][INFO] project:list-packages --> 200 (405 ms)
[2026-10-06T17:47:13.518Z][INFO] config:project:get-registries <-- Request received
params: {}
[2026-10-06T17:47:13.521Z][INFO] config:project:get-registries --> 200 (3 ms)
[2026-10-06T17:47:47.606Z][INFO] Received shutdown request (SIGINT), shutting down Unity Package Manager
