[2026-10-06T23:36:22.279Z][INFO] Command-line: ~/Unity/Hub/Editor/6000.0.75f1/Editor/Data/Resources/PackageManager/Server/UnityPackageManager -s 300493 -ipc -ipc-path /tmp/Unity-Upm-300493.sock -l 2 --log-file ~/wkspace/gc-studio/p4.2h/artifacts/studio/verification/W-EDIT-03/p42h-portrait-history-20261006T233621.554895Z/upm.log
[2026-10-06T23:36:22.286Z][INFO] IPC server started (IPC path=/tmp/Unity-Upm-300493.sock).
[2026-10-06T23:36:22.287Z][INFO] Hint: To connect to this UPM instance, launch Unity with the command-line parameter -upmIpcPath Upm-300493.
[2026-10-06T23:36:23.255Z][INFO] project:add-dependency <-- Request received
params: {
  "packageId": "com.unity.toolchain.linux-x86_64"
}
[2026-10-06T23:36:41.566Z][INFO] project:add-dependency --> 200 (18312 ms)
[2026-10-06T23:36:41.912Z][INFO] project:list-packages <-- Request received
params: {}
[2026-10-06T23:36:41.993Z][INFO] project:list-packages <-- Request received
params: {}
[2026-10-06T23:36:42.006Z][INFO] project:list-packages <-- Request received
params: {}
[2026-10-06T23:36:42.019Z][INFO] config:project:get-registries <-- Request received
params: {}
[2026-10-06T23:36:42.048Z][INFO] config:project:get-registries --> 200 (28 ms)
[2026-10-06T23:36:43.189Z][INFO] project:list-packages --> 200 (1277 ms)
[2026-10-06T23:36:43.512Z][INFO] project:list-packages --> 200 (1519 ms)
[2026-10-06T23:36:44.653Z][INFO] project:list-packages --> 200 (2647 ms)
[2026-10-06T23:36:46.942Z][INFO] project:list-packages <-- Request received
params: {}
[2026-10-06T23:36:47.324Z][INFO] project:list-packages --> 200 (383 ms)
[2026-10-06T23:36:50.371Z][INFO] project:list-packages <-- Request received
params: {}
[2026-10-06T23:36:50.382Z][INFO] project:list-packages <-- Request received
params: {}
[2026-10-06T23:36:50.392Z][INFO] config:project:get-registries <-- Request received
params: {}
[2026-10-06T23:36:50.419Z][INFO] config:project:get-registries --> 200 (26 ms)
[2026-10-06T23:36:51.442Z][INFO] project:list-packages --> 200 (1071 ms)
[2026-10-06T23:36:51.479Z][INFO] project:list-packages --> 200 (1097 ms)
[2026-10-06T23:36:54.318Z][INFO] project:list-packages <-- Request received
params: {}
[2026-10-06T23:36:54.328Z][INFO] project:list-packages <-- Request received
params: {}
[2026-10-06T23:36:54.882Z][INFO] project:list-packages --> 200 (565 ms)
[2026-10-06T23:37:08.365Z][INFO] Received shutdown request (SIGINT), shutting down Unity Package Manager
