[2026-10-06T23:58:32.260Z][INFO] Command-line: ~/Unity/Hub/Editor/6000.0.75f1/Editor/Data/Resources/PackageManager/Server/UnityPackageManager -s 359917 -ipc -ipc-path /tmp/Unity-Upm-359917.sock -l 2 --log-file ~/wkspace/gc-studio/p4.2h/artifacts/studio/verification/W-EDIT-01/p42h-history-capture-fixed-20261006T235831.511301Z/upm.log
[2026-10-06T23:58:32.268Z][INFO] IPC server started (IPC path=/tmp/Unity-Upm-359917.sock).
[2026-10-06T23:58:32.268Z][INFO] Hint: To connect to this UPM instance, launch Unity with the command-line parameter -upmIpcPath Upm-359917.
[2026-10-06T23:58:33.337Z][INFO] project:add-dependency <-- Request received
params: {
  "packageId": "com.unity.toolchain.linux-x86_64"
}
[2026-10-06T23:58:53.525Z][INFO] project:add-dependency --> 200 (20188 ms)
[2026-10-06T23:58:53.819Z][INFO] project:list-packages <-- Request received
params: {}
[2026-10-06T23:58:53.880Z][INFO] project:list-packages <-- Request received
params: {}
[2026-10-06T23:58:53.892Z][INFO] project:list-packages <-- Request received
params: {}
[2026-10-06T23:58:53.902Z][INFO] config:project:get-registries <-- Request received
params: {}
[2026-10-06T23:58:53.927Z][INFO] config:project:get-registries --> 200 (25 ms)
[2026-10-06T23:58:54.975Z][INFO] project:list-packages --> 200 (1156 ms)
[2026-10-06T23:58:55.248Z][INFO] project:list-packages --> 200 (1368 ms)
[2026-10-06T23:58:56.379Z][INFO] project:list-packages --> 200 (2487 ms)
[2026-10-06T23:58:58.979Z][INFO] project:list-packages <-- Request received
params: {}
[2026-10-06T23:58:59.378Z][INFO] project:list-packages --> 200 (399 ms)
[2026-10-06T23:59:02.276Z][INFO] project:list-packages <-- Request received
params: {}
[2026-10-06T23:59:02.287Z][INFO] project:list-packages <-- Request received
params: {}
[2026-10-06T23:59:02.296Z][INFO] config:project:get-registries <-- Request received
params: {}
[2026-10-06T23:59:02.320Z][INFO] config:project:get-registries --> 200 (24 ms)
[2026-10-06T23:59:03.319Z][INFO] project:list-packages --> 200 (1043 ms)
[2026-10-06T23:59:03.376Z][INFO] project:list-packages --> 200 (1089 ms)
[2026-10-06T23:59:06.922Z][INFO] project:list-packages <-- Request received
params: {}
[2026-10-06T23:59:06.932Z][INFO] project:list-packages <-- Request received
params: {}
[2026-10-06T23:59:07.204Z][INFO] project:list-packages --> 200 (282 ms)
[2026-10-06T23:59:24.686Z][INFO] project:list-packages --> 200 (17754 ms)
[2026-10-07T00:03:01.146Z][INFO] Received shutdown request (SIGTERM), shutting down Unity Package Manager
