[2026-10-07T23:13:01.820Z][INFO] Command-line: ~/Unity/Hub/Editor/6000.0.75f1/Editor/Data/Resources/PackageManager/Server/UnityPackageManager -s 466360 -ipc -ipc-path /tmp/Unity-Upm-466360.sock -l 2 --log-file ~/wkspace/gc-studio/p4.2l/artifacts/studio/verification/W-UI-02/p42l-fence-20261007T231301.110316Z/upm.log
[2026-10-07T23:13:01.827Z][INFO] IPC server started (IPC path=/tmp/Unity-Upm-466360.sock).
[2026-10-07T23:13:01.827Z][INFO] Hint: To connect to this UPM instance, launch Unity with the command-line parameter -upmIpcPath Upm-466360.
[2026-10-07T23:13:02.652Z][INFO] project:add-dependency <-- Request received
params: {
  "packageId": "com.unity.toolchain.linux-x86_64"
}
[2026-10-07T23:13:21.715Z][INFO] project:add-dependency --> 200 (19063 ms)
[2026-10-07T23:13:22.068Z][INFO] project:list-packages <-- Request received
params: {}
[2026-10-07T23:13:22.160Z][INFO] project:list-packages <-- Request received
params: {}
[2026-10-07T23:13:22.171Z][INFO] project:list-packages <-- Request received
params: {}
[2026-10-07T23:13:22.192Z][INFO] config:project:get-registries <-- Request received
params: {}
[2026-10-07T23:13:22.224Z][INFO] config:project:get-registries --> 200 (32 ms)
[2026-10-07T23:13:23.568Z][INFO] project:list-packages --> 200 (1500 ms)
[2026-10-07T23:13:23.960Z][INFO] project:list-packages --> 200 (1800 ms)
[2026-10-07T23:13:25.204Z][INFO] project:list-packages --> 200 (3033 ms)
[2026-10-07T23:13:25.825Z][INFO] project:list-packages <-- Request received
params: {}
[2026-10-07T23:13:26.236Z][INFO] project:list-packages --> 200 (411 ms)
[2026-10-07T23:13:29.428Z][INFO] project:list-packages <-- Request received
params: {}
[2026-10-07T23:13:29.438Z][INFO] project:list-packages <-- Request received
params: {}
[2026-10-07T23:13:29.452Z][INFO] config:project:get-registries <-- Request received
params: {}
[2026-10-07T23:13:29.478Z][INFO] config:project:get-registries --> 200 (26 ms)
[2026-10-07T23:13:30.515Z][INFO] project:list-packages --> 200 (1087 ms)
[2026-10-07T23:13:30.565Z][INFO] project:list-packages --> 200 (1127 ms)
[2026-10-07T23:13:33.280Z][INFO] project:list-packages <-- Request received
params: {}
[2026-10-07T23:13:33.292Z][INFO] project:list-packages <-- Request received
params: {}
[2026-10-07T23:13:34.381Z][INFO] project:list-packages --> 200 (1101 ms)
[2026-10-07T23:13:34.484Z][INFO] project:list-packages --> 200 (1192 ms)
[2026-10-07T23:13:48.524Z][INFO] Received shutdown request (SIGINT), shutting down Unity Package Manager
