Unity Editor version:    6000.0.75f1 (26349cd2a5c8)
Branch:                  6000.0/staging
Build type:              Release
Batch mode:              YES
System name:             Linux
Distro version:          #31~24.04.1-Ubuntu SMP PREEMPT_DYNAMIC Mon Aug 10 09:38:02 UTC 2
Kernel version:          7.0.0-31-generic
Architecture:            x86_64
Available memory:        31897 MB
[Licensing::Module] Trying to connect to existing licensing client channel...
Initialize udev device monitor.
[Licensing::IpcConnector] Channel LicenseClient-ubuntu doesn't exist
[Licensing::Module] Successfully launched the LicensingClient (PId: 29)

COMMAND LINE ARGUMENTS:
/u/Unity
-job-worker-count
4
-diag-debug-shader-compiler
-batchmode
-nographics
-projectPath
/w/p
-testResults
/w/s/out/editmode.xml
-runTests
-testPlatform
EditMode
-logFile
-
Successfully changed project path to: /w/p

(process:1): Gtk-CRITICAL **: 07:53:55.474: gtk_label_set_text: assertion 'GTK_IS_LABEL (label)' failed

(process:1): Gtk-CRITICAL **: 07:53:55.474: gtk_label_set_text: assertion 'GTK_IS_LABEL (label)' failed
/w/p
[UnityMemory] Configuration Parameters - Can be set up in boot.config
"memorysetup-bucket-allocator-granularity=16"
"memorysetup-bucket-allocator-bucket-count=8"
"memorysetup-bucket-allocator-block-size=33554432"
"memorysetup-bucket-allocator-block-count=8"
"memorysetup-main-allocator-block-size=16777216"
"memorysetup-thread-allocator-block-size=16777216"
"memorysetup-gfx-main-allocator-block-size=16777216"
"memorysetup-gfx-thread-allocator-block-size=16777216"
"memorysetup-cache-allocator-block-size=4194304"
"memorysetup-typetree-allocator-block-size=2097152"
"memorysetup-profiler-bucket-allocator-granularity=16"
"memorysetup-profiler-bucket-allocator-bucket-count=8"
"memorysetup-profiler-bucket-allocator-block-size=33554432"
"memorysetup-profiler-bucket-allocator-block-count=8"
"memorysetup-profiler-allocator-block-size=16777216"
"memorysetup-profiler-editor-allocator-block-size=1048576"
"memorysetup-temp-allocator-size-main=16777216"
"memorysetup-job-temp-allocator-block-size=2097152"
"memorysetup-job-temp-allocator-block-size-background=1048576"
"memorysetup-job-temp-allocator-reduction-small-platforms=262144"
"memorysetup-allocator-temp-initial-block-size-main=262144"
"memorysetup-allocator-temp-initial-block-size-worker=262144"
"memorysetup-temp-allocator-size-background-worker=32768"
"memorysetup-temp-allocator-size-job-worker=262144"
"memorysetup-temp-allocator-size-preload-manager=33554432"
"memorysetup-temp-allocator-size-nav-mesh-worker=65536"
"memorysetup-temp-allocator-size-audio-worker=65536"
"memorysetup-temp-allocator-size-cloud-worker=32768"
"memorysetup-temp-allocator-size-gi-baking-worker=262144"
"memorysetup-temp-allocator-size-gi-baking-worker=262144"
"memorysetup-temp-allocator-size-gi-baking-worker=262144"
"memorysetup-temp-allocator-size-gi-baking-worker=262144"
"memorysetup-temp-allocator-size-gi-baking-worker=262144"
"memorysetup-temp-allocator-size-gfx=262144"
GetLocalIP: Error during connect: Network is unreachable
Player connection [129524096591168]  Target information:

Player connection [129524096591168] Host joined multi-casting on [225.0.0.222:54997]...
Player connection [129524096591168] Host joined alternative multi-casting on [225.0.0.222:34997]...
JobSystem: Creating JobQueue using job-worker-count value 4
Input System module state changed to: Initialized.
[Physics::Module] Initialized fallback backend.
[Physics::Module] Id: 0xdecafbad
[Package Manager] Connected to IPC stream "Upm-1" after 0.2 seconds.
Library Redirect Path: Library/
Rebuilding Library because the asset database could not be found!
ALSA lib confmisc.c:855:(parse_card) cannot find card '0'
ALSA lib conf.c:5208:(_snd_config_evaluate) function snd_func_card_inum returned error: No such file or directory
FMOD failed to initialize the output device.: "Error initializing output device. " (60)
ALSA lib confmisc.c:422:(snd_func_concat) error evaluating strings
ALSA lib conf.c:5208:(_snd_config_evaluate) function snd_func_concat returned error: No such file or directory
ALSA lib confmisc.c:1342:(snd_func_refer) error evaluating name
ALSA lib conf.c:5208:(_snd_config_evaluate) function snd_func_refer returned error: No such file or directory
ALSA lib conf.c:5731:(snd_config_expand) Evaluate error: No such file or directory
ALSA lib pcm.c:2721:(snd_pcm_open_noupdate) Unknown PCM default
Forced to initialize FMOD to to the device driver's system output rate 48000, this may impact performance and/or give inconsistent experiences compared to selected sample rate 48000
ALSA lib confmisc.c:855:(parse_card) cannot find card '0'
ALSA lib conf.c:5208:(_snd_config_evaluate) function snd_func_card_inum returned error: No such file or directory
ALSA lib confmisc.c:422:(snd_func_concat) error evaluating strings
FMOD failed to initialize the output device.: "Error initializing output device. " (60)ALSA lib conf.c:5208:(_snd_config_evaluate) function snd_func_concat returned error: No such file or directory

ALSA lib confmisc.c:1342:(snd_func_refer) error evaluating name
ALSA lib conf.c:5208:(_snd_config_evaluate) function snd_func_refer returned error: No such file or directory
ALSA lib conf.c:5731:(snd_config_expand) Evaluate error: No such file or directory
ALSA lib pcm.c:2721:(snd_pcm_open_noupdate) Unknown PCM default
FMOD initialized on nosound output
[Physics::Module] Selected backend.
[Physics::Module] Name: PhysX
[Physics::Module] Id: 0xf2b8ea05
[Physics::Module] SDK Version: 4.1.2
[Physics::Module] Integration Version: 1.0.0
[Physics::Module] Threading Mode: Multi-Threaded
PlayerPrefs - Creating folder: ~/.config/unity3d/GameCore
PlayerPrefs - Creating folder: ~/.config/unity3d/GameCore/Hollowmere
Unable to load player prefs
Refreshing native plugins compatible for Editor in 0.00 ms, found 0 plugins.
Preloading 0 native plugins for Editor in 0.00 ms.
Initialize engine version: 6000.0.75f1 (26349cd2a5c8)
[Subsystems] Discovering subsystems at path /u/Data/Resources/UnitySubsystems
[Subsystems] Discovering subsystems at path /w/p/Assets
Forcing GfxDevice: Null
GfxDevice: creating device client; kGfxThreadingModeNonThreaded
NullGfxDevice:
    Version:  NULL 1.0 [1.0]
    Renderer: Null Device
    Vendor:   Unity Technologies
Initialize mono
Mono path[0] = '/u/Data/Managed'
Mono path[1] = '/u/Data/MonoBleedingEdge/lib/mono/unityjit-linux'
Mono config path = '/u/Data/MonoBleedingEdge/etc'
Using monoOptions --debugger-agent=transport=dt_socket,embedding=1,server=y,suspend=n,address=127.0.0.1:56001
Using cacheserver namespaces - metadata:defaultmetadata, artifacts:defaultartifacts
Using cacheserver namespaces - metadata:defaultmetadata, artifacts:defaultartifacts
ImportWorker Server TCP listen port: 0
AcceleratorClientConnectionCallback - disconnected - :0
Begin MonoManager ReloadAssembly
[Licensing::IpcConnector] Successfully connected to: "LicenseClient-ubuntu" at "2026-10-06T07:53:55.847621Z"
[SignatureVerifier] Application signature verification not supported on this platform.
[Licensing::Client] Handshaking with LicensingClient:
  Version:                 1.17.4+4293ba1
  Session Id:              9ece5a9380604614a33302305e5cdade
  Correlation Id:          8ee48896319c43c85d90c9ece043ad83
  External correlation Id: 1117708600149456378
  Machine Id:              jd93gYTNlAg1qIhTY9iII/nAhSo=
[Licensing::Module] Successfully connected to LicensingClient on channel: "LicenseClient-ubuntu" (connect: 0.38s, validation: 0.05s, handshake: 0.00s)
[Licensing::IpcConnector] Successfully connected to: "LicenseClient-ubuntu-notifications" at "2026-10-06T07:53:55.90118Z"
[Licensing::Module] Connected to LicensingClient (PId: 29, launch time: 0.00, total connection time: 0.43s)
[Licensing::Module] Error: Access token is unavailable; failed to update
[Licensing::Client] Successfully resolved entitlement details
[Licensing::Module] License group:
  Id: 1375999166540-UnityPersXXXX
  Product: Unity Personal
  Type: Assigned
  Expiration: Unlimited
[Licensing::Client] Successfully updated license, isAsync: True, time: 0.01
[Licensing::Module] Licensing Background thread has ended after 0.46s
Registering precompiled unity dll's ...
Register platform support module: /u/Data/PlaybackEngines/MacStandaloneSupport/UnityEditor.OSXStandalone.Extensions.dll
Register platform support module: /u/Data/PlaybackEngines/LinuxStandaloneSupport/UnityEditor.LinuxStandalone.Extensions.dll
Registered in 0.001148 seconds.
- Loaded All Assemblies, in  0.331 seconds
Native extension for LinuxStandalone target not found
Package Manager log level set to [2]
[Licensing::Client] Successfully resolved entitlement details
Native extension for OSXStandalone target not found
Mono: successfully reloaded assembly
- Finished resetting the current domain, in  0.844 seconds
Domain Reload Profiling: 1176ms
	BeginReloadAssembly (86ms)
		ExecutionOrderSort (0ms)
		DisableScriptedObjects (0ms)
		BackupInstance (0ms)
		ReleaseScriptingObjects (0ms)
		CreateAndSetChildDomain (1ms)
	RebuildCommonClasses (39ms)
	RebuildNativeTypeToScriptingClass (8ms)
	initialDomainReloadingComplete (59ms)
	LoadAllAssembliesAndSetupDomain (139ms)
		LoadAssemblies (84ms)
		RebuildTransferFunctionScriptingTraits (0ms)
		AnalyzeDomain (137ms)
			TypeCache.Refresh (136ms)
				TypeCache.ScanAssembly (124ms)
			BuildScriptInfoCaches (0ms)
			ResolveRequiredComponents (0ms)
	FinalizeReload (845ms)
		ReleaseScriptCaches (0ms)
		RebuildScriptCaches (0ms)
		SetupLoadedEditorAssemblies (804ms)
			LogAssemblyErrors (0ms)
			InitializePlatformSupportModulesInManaged (581ms)
			SetLoadedEditorAssemblies (4ms)
			BeforeProcessingInitializeOnLoad (46ms)
			ProcessInitializeOnLoadAttributes (115ms)
			ProcessInitializeOnLoadMethodAttributes (58ms)
			AfterProcessingInitializeOnLoad (0ms)
			EditorAssembliesLoaded (0ms)
		ExecutionOrderSort2 (0ms)
		AwakeInstancesAfterBackupRestoration (0ms)
[Licensing::Client] Successfully resolved entitlement details
Application.AssetDatabase Initial Refresh Start
[Package Manager] Done resolving packages in 0.39 seconds
[Licensing::Client] Successfully resolved entitlement details
An error occurred while resolving packages:
  Project has invalid dependencies:
    com.gamecore.composition: The file [~/wkspace/gc-studio/p4.2c/.evidence/live/Packages/com.gamecore.composition/package.json] cannot be found
    com.gamecore.content.compiler: The file [~/wkspace/gc-studio/p4.2c/.evidence/live/Packages/com.gamecore.content.compiler/package.json] cannot be found
    com.gamecore.contracts: The file [~/wkspace/gc-studio/p4.2c/.evidence/live/Packages/com.gamecore.contracts/package.json] cannot be found
    com.gamecore.derivation: The file [~/wkspace/gc-studio/p4.2c/.evidence/live/Packages/com.gamecore.derivation/package.json] cannot be found
    com.gamecore.gameplay.audio: The file [~/wkspace/gc-studio/p4.2c/.evidence/live/Packages/com.gamecore.gameplay.audio/package.json] cannot be found
    com.gamecore.gameplay.cards: The file [~/wkspace/gc-studio/p4.2c/.evidence/live/Packages/com.gamecore.gameplay.cards/package.json] cannot be found
    com.gamecore.gameplay.compile: The file [~/wkspace/gc-studio/p4.2c/.evidence/live/Packages/com.gamecore.gameplay.compile/package.json] cannot be found
    com.gamecore.gameplay.contracts: The file [~/wkspace/gc-studio/p4.2c/.evidence/live/Packages/com.gamecore.gameplay.contracts/package.json] cannot be found
    com.gamecore.gameplay.dialogue: The file [~/wkspace/gc-studio/p4.2c/.evidence/live/Packages/com.gamecore.gameplay.dialogue/package.json] cannot be found
    com.gamecore.gameplay.entities: The file [~/wkspace/gc-studio/p4.2c/.evidence/live/Packages/com.gamecore.gameplay.entities/package.json] cannot be found
    com.gamecore.gameplay.integration: The file [~/wkspace/gc-studio/p4.2c/.evidence/live/Packages/com.gamecore.gameplay.integration/package.json] cannot be found
    com.gamecore.gameplay.interaction: The file [~/wkspace/gc-studio/p4.2c/.evidence/live/Packages/com.gamecore.gameplay.interaction/package.json] cannot be found
    com.gamecore.gameplay.inventory: The file [~/wkspace/gc-studio/p4.2c/.evidence/live/Packages/com.gamecore.gameplay.inventory/package.json] cannot be found
    com.gamecore.gameplay.logic: The file [~/wkspace/gc-studio/p4.2c/.evidence/live/Packages/com.gamecore.gameplay.logic/package.json] cannot be found
    com.gamecore.gameplay.narrative: The file [~/wkspace/gc-studio/p4.2c/.evidence/live/Packages/com.gamecore.gameplay.narrative/package.json] cannot be found
    com.gamecore.gameplay.npc: The file [~/wkspace/gc-studio/p4.2c/.evidence/live/Packages/com.gamecore.gameplay.npc/package.json] cannot be found
    com.gamecore.gameplay.player: The file [~/wkspace/gc-studio/p4.2c/.evidence/live/Packages/com.gamecore.gameplay.player/package.json] cannot be found
    com.gamecore.gameplay.quest: The file [~/wkspace/gc-studio/p4.2c/.evidence/live/Packages/com.gamecore.gameplay.quest/package.json] cannot be found
    com.gamecore.gameplay.rewards: The file [~/wkspace/gc-studio/p4.2c/.evidence/live/Packages/com.gamecore.gameplay.rewards/package.json] cannot be found
    com.gamecore.gameplay.save: The file [~/wkspace/gc-studio/p4.2c/.evidence/live/Packages/com.gamecore.gameplay.save/package.json] cannot be found
    com.gamecore.gameplay.traversal: The file [~/wkspace/gc-studio/p4.2c/.evidence/live/Packages/com.gamecore.gameplay.traversal/package.json] cannot be found
    com.gamecore.gameplay.ui: The file [~/wkspace/gc-studio/p4.2c/.evidence/live/Packages/com.gamecore.gameplay.ui/package.json] cannot be found
    com.gamecore.gameplay.world: The file [~/wkspace/gc-studio/p4.2c/.evidence/live/Packages/com.gamecore.gameplay.world/package.json] cannot be found
    com.gamecore.planning: The file [~/wkspace/gc-studio/p4.2c/.evidence/live/Packages/com.gamecore.planning/package.json] cannot be found
    com.gamecore.rules.cards: The file [~/wkspace/gc-studio/p4.2c/.evidence/live/Packages/com.gamecore.rules.cards/package.json] cannot be found
    com.gamecore.rules.gameplay: The file [~/wkspace/gc-studio/p4.2c/.evidence/live/Packages/com.gamecore.rules.gameplay/package.json] cannot be found
    com.gamecore.rules.narrative: The file [~/wkspace/gc-studio/p4.2c/.evidence/live/Packages/com.gamecore.rules.narrative/package.json] cannot be found
    com.gamecore.rules.traversal: The file [~/wkspace/gc-studio/p4.2c/.evidence/live/Packages/com.gamecore.rules.traversal/package.json] cannot be found
    com.gamecore.unity.adapters: The file [~/wkspace/gc-studio/p4.2c/.evidence/live/Packages/com.gamecore.unity.adapters/package.json] cannot be found
    com.gamecore.unity.app: The file [~/wkspace/gc-studio/p4.2c/.evidence/live/Packages/com.gamecore.unity.app/package.json] cannot be found
    com.gamecore.unity.runtime: The file [~/wkspace/gc-studio/p4.2c/.evidence/live/Packages/com.gamecore.unity.runtime/package.json] cannot be found
