[2026-10-06T19:36:21.770Z][INFO] Command-line: ~/Unity/Hub/Editor/6000.0.75f1/Editor/Data/Resources/PackageManager/Server/UnityPackageManager -s 3724533 -ipc -ipc-path /tmp/Unity-Upm-3724533.sock -l 2 --log-file ~/wkspace/gc-studio/p4.2g/artifacts/studio/verification/W-AI-02/p42g-npc-view-20261006T193621.206649Z/upm.log
[2026-10-06T19:36:21.776Z][INFO] IPC server started (IPC path=/tmp/Unity-Upm-3724533.sock).
[2026-10-06T19:36:21.776Z][INFO] Hint: To connect to this UPM instance, launch Unity with the command-line parameter -upmIpcPath Upm-3724533.
[2026-10-06T19:36:22.615Z][INFO] project:add-dependency <-- Request received
params: {
  "packageId": "com.unity.toolchain.linux-x86_64"
}
[2026-10-06T19:36:41.827Z][INFO] project:add-dependency --> 200 (19212 ms)
[2026-10-06T19:36:42.160Z][INFO] project:list-packages <-- Request received
params: {}
[2026-10-06T19:36:42.231Z][INFO] project:list-packages <-- Request received
params: {}
[2026-10-06T19:36:42.246Z][INFO] project:list-packages <-- Request received
params: {}
[2026-10-06T19:36:42.258Z][INFO] config:project:get-registries <-- Request received
params: {}
[2026-10-06T19:36:42.277Z][INFO] config:project:get-registries --> 200 (20 ms)
[2026-10-06T19:36:43.403Z][INFO] project:list-packages --> 200 (1243 ms)
[2026-10-06T19:36:43.706Z][INFO] project:list-packages --> 200 (1475 ms)
[2026-10-06T19:36:45.007Z][INFO] project:list-packages --> 200 (2761 ms)
[2026-10-06T19:36:50.770Z][INFO] project:list-packages <-- Request received
params: {}
[2026-10-06T19:36:50.822Z][INFO] project:list-packages <-- Request received
params: {}
[2026-10-06T19:36:50.832Z][INFO] project:list-packages <-- Request received
params: {}
[2026-10-06T19:36:50.844Z][INFO] project:list-packages <-- Request received
params: {}
[2026-10-06T19:36:50.853Z][INFO] project:list-packages <-- Request received
params: {}
[2026-10-06T19:36:50.864Z][INFO] config:project:get-registries <-- Request received
params: {}
[2026-10-06T19:36:51.063Z][INFO] config:project:get-registries --> 200 (199 ms)
[2026-10-06T19:36:52.827Z][INFO] project:list-packages --> 200 (2057 ms)
[2026-10-06T19:36:53.062Z][INFO] Received shutdown request (SIGINT), shutting down Unity Package Manager
