Cloning into '~/wkspace/gc-studio/p4.2b/.evidence/p42b-timing'...
done.
Updating files:  46% (6880/14710)
Updating files:  47% (6914/14710)
Updating files:  48% (7061/14710)
Updating files:  49% (7208/14710)
Updating files:  50% (7355/14710)
Updating files:  51% (7503/14710)
Updating files:  52% (7650/14710)
Updating files:  53% (7797/14710)
Updating files:  54% (7944/14710)
Updating files:  55% (8091/14710)
Updating files:  56% (8238/14710)
Updating files:  57% (8385/14710)
Updating files:  58% (8532/14710)
Updating files:  59% (8679/14710)
Updating files:  60% (8826/14710)
Updating files:  61% (8974/14710)
Updating files:  62% (9121/14710)
Updating files:  62% (9136/14710)
Updating files:  63% (9268/14710)
Updating files:  64% (9415/14710)
Updating files:  65% (9562/14710)
Updating files:  66% (9709/14710)
Updating files:  67% (9856/14710)
Updating files:  68% (10003/14710)
Updating files:  69% (10150/14710)
Updating files:  70% (10297/14710)
Updating files:  71% (10445/14710)
Updating files:  72% (10592/14710)
Updating files:  73% (10739/14710)
Updating files:  74% (10886/14710)
Updating files:  75% (11033/14710)
Updating files:  76% (11180/14710)
Updating files:  77% (11327/14710)
Updating files:  78% (11474/14710)
Updating files:  79% (11621/14710)
Updating files:  80% (11768/14710)
Updating files:  81% (11916/14710)
Updating files:  82% (12063/14710)
Updating files:  83% (12210/14710)
Updating files:  84% (12357/14710)
Updating files:  85% (12504/14710)
Updating files:  86% (12651/14710)
Updating files:  87% (12798/14710)
Updating files:  88% (12945/14710)
Updating files:  89% (13092/14710)
Updating files:  90% (13239/14710)
Updating files:  91% (13387/14710)
Updating files:  92% (13534/14710)
Updating files:  93% (13681/14710)
Updating files:  93% (13766/14710)
Updating files:  94% (13828/14710)
Updating files:  95% (13975/14710)
Updating files:  96% (14122/14710)
Updating files:  97% (14269/14710)
Updating files:  98% (14416/14710)
Updating files:  99% (14563/14710)
Updating files: 100% (14710/14710)
Updating files: 100% (14710/14710), done.
-- attempt 1/2: Unity (arguments withheld from logs)
-- test XML: Passed=3, Failed=1, Skipped=0, Inconclusive=0
RESULT p42b-timing-1: FAIL (unity exit 2, 130s, attempts 1, log ~/wkspace/gc-studio/p4.2b/artifacts/studio/verification/B-EDIT/p42b-dataset-1-20261006T043035.329811Z/logs/p42b-timing-1-20261006T123102-801523-a1.log)
