[2026-10-07T06:09:34.295Z][INFO] Command-line: ~/Unity/Hub/Editor/6000.0.75f1/Editor/Data/Resources/PackageManager/Server/UnityPackageManager -s 1525296 -ipc -ipc-path /tmp/Unity-Upm-1525296.sock -l 2 --log-file ~/wkspace/gc-studio/p4.2i/artifacts/studio/verification/W-REC-03/p42i-region-cancel-20261007T060933.249658Z/upm.log
[2026-10-07T06:09:34.306Z][INFO] IPC server started (IPC path=/tmp/Unity-Upm-1525296.sock).
[2026-10-07T06:09:34.306Z][INFO] Hint: To connect to this UPM instance, launch Unity with the command-line parameter -upmIpcPath Upm-1525296.
[2026-10-07T06:09:35.469Z][INFO] project:add-dependency <-- Request received
params: {
  "packageId": "com.unity.toolchain.linux-x86_64"
}
[2026-10-07T06:10:04.208Z][INFO] project:add-dependency --> 200 (28739 ms)
[2026-10-07T06:10:04.545Z][INFO] project:list-packages <-- Request received
params: {}
[2026-10-07T06:10:04.627Z][INFO] project:list-packages <-- Request received
params: {}
[2026-10-07T06:10:04.637Z][INFO] project:list-packages <-- Request received
params: {}
[2026-10-07T06:10:04.655Z][INFO] config:project:get-registries <-- Request received
params: {}
[2026-10-07T06:10:04.680Z][INFO] config:project:get-registries --> 200 (25 ms)
[2026-10-07T06:10:05.752Z][INFO] project:list-packages --> 200 (1207 ms)
[2026-10-07T06:10:06.079Z][INFO] project:list-packages --> 200 (1452 ms)
[2026-10-07T06:10:08.024Z][INFO] project:list-packages <-- Request received
params: {}
[2026-10-07T06:10:08.437Z][INFO] project:list-packages --> 200 (413 ms)
[2026-10-07T06:10:10.131Z][INFO] project:list-packages --> 200 (5494 ms)
[2026-10-07T06:10:11.668Z][INFO] project:list-packages <-- Request received
params: {}
[2026-10-07T06:10:11.686Z][INFO] project:list-packages <-- Request received
params: {}
[2026-10-07T06:10:11.692Z][INFO] config:project:get-registries <-- Request received
params: {}
[2026-10-07T06:10:11.711Z][INFO] config:project:get-registries --> 200 (19 ms)
[2026-10-07T06:10:12.351Z][INFO] project:list-packages --> 200 (666 ms)
[2026-10-07T06:10:15.904Z][INFO] project:list-packages <-- Request received
params: {}
[2026-10-07T06:10:15.915Z][INFO] project:list-packages <-- Request received
params: {}
[2026-10-07T06:10:16.176Z][INFO] project:list-packages --> 200 (272 ms)
[2026-10-07T06:10:18.833Z][INFO] project:list-packages <-- Request received
params: {}
[2026-10-07T06:10:19.246Z][INFO] project:list-packages --> 200 (413 ms)
[2026-10-07T06:10:19.400Z][INFO] project:list-packages <-- Request received
params: {}
[2026-10-07T06:10:19.411Z][INFO] project:list-packages <-- Request received
params: {}
[2026-10-07T06:10:19.421Z][INFO] config:project:get-registries <-- Request received
params: {}
[2026-10-07T06:10:19.440Z][INFO] config:project:get-registries --> 200 (19 ms)
[2026-10-07T06:10:19.827Z][INFO] project:list-packages --> 200 (416 ms)
[2026-10-07T06:10:25.793Z][INFO] project:list-packages --> 200 (9878 ms)
[2026-10-07T06:10:25.795Z][INFO] project:list-packages --> 200 (14127 ms)
[2026-10-07T06:10:26.005Z][INFO] project:list-packages --> 200 (6605 ms)
[2026-10-07T06:10:30.784Z][INFO] Received shutdown request (SIGINT), shutting down Unity Package Manager
