  Determining projects to restore...
  All projects are up-to-date for restore.
  GameCore.Contracts -> ~/wkspace/gc-studio/p4.2k/dotnet/src/GameCore.Contracts/bin/Debug/netstandard2.1/GameCore.Contracts.dll
  GameCore.Studio.Model -> ~/wkspace/gc-studio/p4.2k/dotnet/src/GameCore.Studio.Model/bin/Debug/netstandard2.1/GameCore.Studio.Model.dll
  GameCore.Studio.Etos.Client -> ~/wkspace/gc-studio/p4.2k/dotnet/src/GameCore.Studio.Etos.Client/bin/Debug/netstandard2.1/GameCore.Studio.Etos.Client.dll
  P42jReceipt -> ~/wkspace/gc-studio/p4.2k/artifacts/studio/verification/TOOLS/P42jReceipt/bin/Debug/net8.0/GameCore.Studio.Etos.Client.Tests.dll
Test run for ~/wkspace/gc-studio/p4.2k/artifacts/studio/verification/TOOLS/P42jReceipt/bin/Debug/net8.0/GameCore.Studio.Etos.Client.Tests.dll (.NETCoreApp,Version=v8.0)
VSTest version 17.11.1 (x64)

Starting test execution, please wait...
A total of 1 test files matched the specified pattern.
  Failed R2_09_13_P42i_InstalledSignedRecordBindsCurrentMain [67 ms]
  Error Message:
   GameCore.Studio.Etos.Client.EtosException : not_found: no issued verdict [HTTP 404]
  Stack Trace:
     at GameCore.Studio.Etos.Client.CompanionClient.SendObjectAsync(HttpMethod method, String path, JObject body, TimeSpan timeout, CancellationToken ct, Boolean absolute, Boolean stageKey) in ~/wkspace/gc-studio/p4.2k/Packages/com.gamecore.studio.etos/Client/CompanionClient.cs:line 489
   at P42i.Receipt.ReceiptTests.R2_09_13_P42i_InstalledSignedRecordBindsCurrentMain() in ~/wkspace/gc-studio/p4.2k/artifacts/studio/verification/TOOLS/P42jReceipt/StageReceiptTests.cs:line 21
   at NUnit.Framework.Internal.TaskAwaitAdapter.GenericAdapter`1.BlockUntilCompleted()
   at NUnit.Framework.Internal.MessagePumpStrategy.NoMessagePumpStrategy.WaitForCompletion(AwaitAdapter awaiter)
   at NUnit.Framework.Internal.AsyncToSyncAdapter.Await(Func`1 invoke)
   at NUnit.Framework.Internal.Commands.TestMethodCommand.RunTestMethod(TestExecutionContext context)
   at NUnit.Framework.Internal.Commands.TestMethodCommand.Execute(TestExecutionContext context)
   at NUnit.Framework.Internal.Execution.SimpleWorkItem.<>c__DisplayClass4_0.<PerformWork>b__0()
   at NUnit.Framework.Internal.ContextUtils.<>c__DisplayClass1_0`1.<DoIsolated>b__0(Object _)
   at System.Threading.ExecutionContext.RunInternal(ExecutionContext executionContext, ContextCallback callback, Object state)
--- End of stack trace from previous location ---
   at System.Threading.ExecutionContext.RunInternal(ExecutionContext executionContext, ContextCallback callback, Object state)
   at NUnit.Framework.Internal.ContextUtils.DoIsolated(ContextCallback callback, Object state)
   at NUnit.Framework.Internal.ContextUtils.DoIsolated[T](Func`1 func)
   at NUnit.Framework.Internal.Execution.SimpleWorkItem.PerformWork()

Results File: ~/wkspace/gc-studio/p4.2k/artifacts/studio/verification/W-MECH-01/p42k-signed-record-20261007T192928.443388Z/trx/_worlesenric_2026-10-08_03_29_31.trx

Failed!  - Failed:     1, Passed:     0, Skipped:     0, Total:     1, Duration: 67 ms - GameCore.Studio.Etos.Client.Tests.dll (net8.0)
