The selected window backend is x11
Input System module state changed to: Initialized.
[Physics::Module] Initialized fallback backend.
[Physics::Module] Id: 0xdecafbad
PlayerPrefs - Creating folder: ~/wkspace/gc-studio/p4.2j/artifacts/studio/verification/W-CLEAN-01/p42j-clean-player-20261007T145428.743794Z/player-state/unity3d/GameCore
PlayerPrefs - Creating folder: ~/wkspace/gc-studio/p4.2j/artifacts/studio/verification/W-CLEAN-01/p42j-clean-player-20261007T145428.743794Z/player-state/unity3d/GameCore/Saltmarsh
Unable to load player prefs
Initialize engine version: 6000.0.75f1 (26349cd2a5c8)
[Subsystems] Discovering subsystems at path ~/wkspace/gc-studio/p4.2j/games/cleanproof/Builds/Linux/Saltmarsh_Data/UnitySubsystems
Forcing GfxDevice: Null
GfxDevice: creating device client; kGfxThreadingModeNonThreaded
NullGfxDevice:
    Version:  NULL 1.0 [1.0]
    Renderer: Null Device
    Vendor:   Unity Technologies
[Physics::Module] Selected backend.
[Physics::Module] Name: PhysX
[Physics::Module] Id: 0xf2b8ea05
[Physics::Module] SDK Version: 4.1.2
[Physics::Module] Integration Version: 1.0.0
[Physics::Module] Threading Mode: Multi-Threaded
Disable old input system
UnloadTime: 0.191302 ms
Unloading 7 Unused Serialized files (Serialized files now loaded: 0)
Unloading 5 unused Assets to reduce memory usage. Loaded Objects now: 2424.
Total: 3.256196 ms (FindLiveObjects: 0.068657 ms CreateObjectMapping: 0.084816 ms MarkObjects: 3.080699 ms  DeleteObjects: 0.021769 ms)

[Saltmarsh] branch=0 captured/restored slot hash=e472dda426efcdfd5e082062e180336b487f37e0ee6ccfb51fcc93c1dedc1911
UnityEngine.DebugLogHandler:Internal_Log(LogType, LogOption, String, Object)
Saltmarsh.<Play>d__7:MoveNext()
Saltmarsh.<Start>d__2:MoveNext()
UnityEngine.SetupCoroutine:InvokeMoveNext(IEnumerator, IntPtr)

Unloading 6 Unused Serialized files (Serialized files now loaded: 0)
Unloading 1 unused Assets to reduce memory usage. Loaded Objects now: 2437.
Total: 2.781425 ms (FindLiveObjects: 0.073193 ms CreateObjectMapping: 0.041655 ms MarkObjects: 2.658747 ms  DeleteObjects: 0.007440 ms)

[Saltmarsh] AUTOPLAY PASS frames=600 pumps=587 violations=0
UnityEngine.DebugLogHandler:Internal_Log(LogType, LogOption, String, Object)
Saltmarsh.<Start>d__2:MoveNext()
UnityEngine.SetupCoroutine:InvokeMoveNext(IEnumerator, IntPtr)

[Physics::Module] Cleanup current backned.
[Physics::Module] Id: 0xf2b8ea05
Input System module state changed to: ShutdownInProgress.
Input System polling thread exited.
Input System module state changed to: Shutdown.
