[2026-10-07T19:34:52.535Z][INFO] Command-line: ~/Unity/Hub/Editor/6000.0.75f1/Editor/Data/Resources/PackageManager/Server/UnityPackageManager -s 3972552 -ipc -ipc-path /tmp/Unity-Upm-3972552.sock -l 2 --log-file ~/wkspace/gc-studio/p4.2k/artifacts/studio/verification/W-MECH-01/p42k-stage-submit-cold-20261007T193451.830925Z/upm.log
[2026-10-07T19:34:52.540Z][INFO] IPC server started (IPC path=/tmp/Unity-Upm-3972552.sock).
[2026-10-07T19:34:52.541Z][INFO] Hint: To connect to this UPM instance, launch Unity with the command-line parameter -upmIpcPath Upm-3972552.
[2026-10-07T19:34:53.470Z][INFO] project:add-dependency <-- Request received
params: {
  "packageId": "com.unity.toolchain.linux-x86_64"
}
[2026-10-07T19:35:12.677Z][INFO] project:add-dependency --> 200 (19207 ms)
[2026-10-07T19:35:13.023Z][INFO] project:list-packages <-- Request received
params: {}
[2026-10-07T19:35:13.094Z][INFO] project:list-packages <-- Request received
params: {}
[2026-10-07T19:35:13.107Z][INFO] project:list-packages <-- Request received
params: {}
[2026-10-07T19:35:13.121Z][INFO] config:project:get-registries <-- Request received
params: {}
[2026-10-07T19:35:13.154Z][INFO] config:project:get-registries --> 200 (34 ms)
[2026-10-07T19:35:14.358Z][INFO] project:list-packages --> 200 (1335 ms)
[2026-10-07T19:35:14.629Z][INFO] project:list-packages --> 200 (1535 ms)
[2026-10-07T19:35:15.781Z][INFO] project:list-packages --> 200 (2674 ms)
[2026-10-07T19:35:16.828Z][INFO] project:list-packages <-- Request received
params: {}
[2026-10-07T19:35:17.239Z][INFO] project:list-packages --> 200 (411 ms)
[2026-10-07T19:35:20.410Z][INFO] project:list-packages <-- Request received
params: {}
[2026-10-07T19:35:20.423Z][INFO] project:list-packages <-- Request received
params: {}
[2026-10-07T19:35:20.452Z][INFO] config:project:get-registries <-- Request received
params: {}
[2026-10-07T19:35:20.473Z][INFO] config:project:get-registries --> 200 (21 ms)
[2026-10-07T19:35:21.452Z][INFO] project:list-packages --> 200 (1042 ms)
[2026-10-07T19:35:21.529Z][INFO] project:list-packages --> 200 (1106 ms)
[2026-10-07T19:35:25.182Z][INFO] project:list-packages <-- Request received
params: {}
[2026-10-07T19:35:25.196Z][INFO] project:list-packages <-- Request received
params: {}
[2026-10-07T19:35:25.698Z][INFO] project:list-packages --> 200 (515 ms)
[2026-10-07T19:35:39.536Z][INFO] Received shutdown request (SIGINT), shutting down Unity Package Manager
